ESP-ROM:esp32c6-20220919
Build:Sep 19 2022
rst:0x1 (POWERON),boot:0xc (SPI_FAST_FLASH_BOOT)
SPIWP:0xee
mode:DIO, clock div:2
load:0x40800000,len:0xad74
SHA-256 comparison failed:
Calculated: 1f051c11f03d96a81f36b05fa6ee3d4601cf94f31b01661f80becfb0cf27068e
Expected: ffffffffffffffffffffffffffffffffffffffffffffffffffffffffffffffff
Attempting to boot anyway...
entry 0x40800000

  ==============================================
   KickOS 0.5.1  -  microkernel RTOS
  ==============================================
   board   esp32c6-wroom
   arch    rv32imac
   cpu     rv32imac_zicsr
   mpu     off
   sched   tickless
   build   2026-09-27 16:10:48 +0200
   app     Sep 27 2026 16:10:49 +0200
   commit  3a6e4caa-dirty
   heap    16 KiB available
   kstack  1184 B x 17 = 20128 B

c6lpprobe: LP executed HP SRAM payload
