ESP-ROM:esp32c6-20220919
Build:Sep 19 2022
rst:0x1 (POWERON),boot:0xc (SPI_FAST_FLASH_BOOT)
SPIWP:0xee
mode:DIO, clock div:2
load:0x40800000,len:0xad5c
SHA-256 comparison failed:
Calculated: 037b9a90bd4aa9359e329d3e0305b1d8aec5a7f27d6f5f04548e50616b6fd2cc
Expected: ffffffffffffffffffffffffffffffffffffffffffffffffffffffffffffffff
Attempting to boot anyway...
entry 0x40800000

  ==============================================
   KickOS 0.5.1  -  microkernel RTOS
  ==============================================
   board   esp32c6-wroom
   arch    rv32imac
   cpu     rv32imac_zicsr
   mpu     off
   sched   tickless
   build   2026-09-27 16:00:45 +0200
   app     Sep 27 2026 16:00:45 +0200
   commit  359a92fe-dirty
   heap    16 KiB available
   kstack  1184 B x 17 = 20128 B

c6lpprobe: LP wrote HP SRAM
