ESP-ROM:esp32c6-20220919
Build:Sep 19 2022
rst:0x1 (POWERON),boot:0xc (SPI_FAST_FLASH_BOOT)
SPIWP:0xee
mode:DIO, clock div:2
load:0x40800000,len:0xad44
SHA-256 comparison failed:
Calculated: c90065f6ec38aef8a8f3cc8536d958c7cde34179820bf7eeb7d2981264a9eedb
Expected: ffffffffffffffffffffffffffffffffffffffffffffffffffffffffffffffff
Attempting to boot anyway...
entry 0x40800000

  ==============================================
   KickOS 0.5.1  -  microkernel RTOS
  ==============================================
   board   esp32c6-wroom
   arch    rv32imac
   cpu     rv32imac_zicsr
   mpu     off
   sched   tickless
   build   2026-09-27 15:59:50 +0200
   app     Sep 27 2026 15:59:51 +0200
   commit  359a92fe-dirty
   heap    16 KiB available
   kstack  1184 B x 17 = 20128 B

c6lpprobe: timeout marker 0 code 4c504337 pwr1 1 mux 10200000 pwr0 dff00001 local 4c503939
c6lpprobe: lp-apm 0/0/0 hp-apm 0/0/0
c6lpprobe: mcause 0 mepc 0 mtval 0
c6lpprobe: pmuraw 0 lpraw 80100000 main 8100800 power 802000 apm 7/3
