ESP-ROM:esp32c6-20220919
Build:Sep 19 2022
rst:0x1 (POWERON),boot:0xc (SPI_FAST_FLASH_BOOT)
SPIWP:0xee
mode:DIO, clock div:2
load:0x40800000,len:0xad64
SHA-256 comparison failed:
Calculated: 7626cf9f0cb2de9388cfe724c557ecfaac949a3b265e6c0a58fd9c4c09301235
Expected: ffffffffffffffffffffffffffffffffffffffffffffffffffffffffffffffff
Attempting to boot anyway...
entry 0x40800000

  ==============================================
   KickOS 0.5.1  -  microkernel RTOS
  ==============================================
   board   esp32c6-wroom
   arch    rv32imac
   cpu     rv32imac_zicsr
   mpu     off
   sched   tickless
   build   2026-09-27 16:07:27 +0200
   app     Sep 27 2026 16:07:28 +0200
   commit  b9444ae0
   heap    16 KiB available
   kstack  1184 B x 17 = 20128 B

c6lpprobe: LP wrote HP SRAM
