yway...
entry 0x40800000

  ==============================================
   KickOS 0.5.1  -  microkernel RTOS
  ======?ESP-ROM:esp32c6-20220919
Build:Sep 19 2022
rst:0x1 (POWERON),boot:0xc (SPI_FAST_FLASH_BOOT)
SPIWP:0xee
mode:DIO, clock div:2
load:0x40800000,len:0x11460
load:0x40820000,len:0x40
load:0x40830000,len:0x138
SHA-256 comparison failed:
Calculated: c18a8f1a86b1ed71634a13eabd2ef18580aab8af447f7bd5d1419d5f11bbc449
Expected: ffffffffffffffffffffffffffffffffffffffffffffffffffffffffffffffff
Attempting to boot anyway...
entry 0x40800000

  ==============================================
   KickOS 0.5.1  -  microkernel RTOS
  ==============================================
   board   esp32c6-wroom
   arch    rv32imac
   cpu     rv32imac_zicsr
   mpu     enforce
   sched   tickless
   build   2026-09-29 08:20:45 +0200
   app     Sep 29 2026 08:20:46 +0200
   commit  136d9041-dirty
   heap    26 KiB available
   kstack  1184 B x 17 = 20128 B

microbenchmark: context-switch throughput (all arches) + per-switch cost
+ IRQ-entry latency where a cycle counter exists. Reporter woken by the
workload, not a timer. Telemetry OFF for clean numbers.
cycle counter: 160000000 Hz (0 = no rate converts a reading; cycles only)

  lock-probe: hold+1 core=0 depth=0  (three nested, one outermost)
  call/reply: 8 B  37888 ns/round-trip  (26393 round-trips/s over 20000 calls / 757 ms)
  call/reply: 16 B  38507 ns/round-trip  (25969 round-trips/s over 20000 calls / 770 ms)
  call/reply: 32 B  49219 ns/round-trip  (20317 round-trips/s over 20000 calls / 984 ms)
  call/reply: 64 B  50319 ns/round-trip  (19872 round-trips/s over 20000 calls / 1006 ms)
  call/reply: 128 B  52519 ns/round-trip  (19040 round-trips/s over 20000 calls / 1050 ms)
  call/reply: 256 B  56925 ns/round-trip  (17566 round-trips/s over 20000 calls / 1138 ms)
  call/reply: 8 B  48282 ns/round-trip  (20711 round-trips/s over 20000 calls / 965 ms) [generic path]
  call/reply: 16 B  48557 ns/round-trip  (20594 round-trips/s over 20000 calls / 971 ms) [generic path]
  call/reply: 32 B  49107 ns/round-trip  (20363 round-trips/s over 20000 calls / 982 ms) [generic path]
  call/reply: 64 B  50207 ns/round-trip  (19917 round-trips/s over 20000 calls / 1004 ms) [generic path]
  call/reply: 128 B  52407 ns/round-trip  (19081 round-trips/s over 20000 calls / 1048 ms) [generic path]
  call/reply: 256 B  56813 ns/round-trip  (17601 round-trips/s over 20000 calls / 1136 ms) [generic path]
  call/reply: 32 B  50381 ns/round-trip  (19848 round-trips/s over 20000 calls / 1007 ms) [caller outranks server, D1 donates]
  phase table (44 rows; cyc avg/max, min last and a floor; leaf -= NULL, composite -= NULL + k*(NEST-NULL)):
    NULL             2/2  min=2  n=220000
    NEST             54/55  min=54  n=220000
    NEST_LOCK        30/30  min=30  n=220000
    CALL_TOTAL       2936/3381  min=2698  n=219999
    CALL_VALIDATE    170/170  min=170  n=220000
    CALL_LOCKED      2618/3063  min=2380  n=219999
    CALL_RESOLVE     143/143  min=143  n=220000
    CALL_PEEK        19/20  min=19  n=220000
    CALL_PROBE       20/20  min=20  n=219999
    CALL_POP         51/51  min=51  n=219999
    CALL_COPY        326/776  min=94  n=219999
    CALL_MINT        456/457  min=455  n=219999
    CALL_MINT_CAP    254/254  min=254  n=219999
    CALL_MINT_INFO   91/91  min=91  n=219999
    CALL_DONATE      23/23  min=23  n=19999
    CALL_PARK        127/127  min=127  n=219999
    CALL_WAKE        816/816  min=816  n=219999
    CALL_RESUME      27/27  min=27  n=220000
    CALL_SLOW_TOTAL  2496/2496  min=2496  n=1
    CALL_SLOW_LOCKED 2179/2179  min=2179  n=1
    CALL_SLOW_DONATE 0/0  min=0  n=0
    CALL_SLOW_PARK   1635/1635  min=1635  n=1
    RECV_LOCKED      1149/2062  min=1147  n=259999
    RECV_RESOLVE     159/233  min=159  n=260000
    RECV_SCAN        35/35  min=35  n=259999
    RECV_PARK        797/1636  min=795  n=259999
    REPLY_TOTAL      1457/1901  min=1210  n=13
    REPLY_VALIDATE   134/134  min=134  n=13
    REPLY_LOCKED     942/1419  min=734  n=260000
    REPLY_LOOKUP     226/226  min=226  n=260000
    REPLY_COPY       289/774  min=91  n=260000
    REPLY_FUNNEL     60/152  min=53  n=260000
    REPLY_WAKE       137/140  min=137  n=260000
    REPLY_RECV_TOTAL 2905/3379  min=1685  n=260000
    REPLY_RECV_TAIL  169/5357  min=169  n=259999
    WAKE_UNPARK      53/55  min=51  n=520012
    PICK_NEXT        60/60  min=60  n=480064
    SWITCH_TO        476/1317  min=476  n=480039
    SWITCH_BOOK      63/68  min=63  n=520039
    MPU_APPLY        19/20  min=19  n=520039
    MPU_COMMIT       75/75  min=75  n=520039
    REENT_SEAT       23/865  min=23  n=520039
    KTIME_REARM      56/56  min=56  n=520039
    ARCH_SWITCH      22/22  min=22  n=480039
  ns-probe: cyc=4294967295 ns=4294967295 capped=1
  sat-probe: width=32 (no delta this counter forms is too wide)

  throughput: 55761 ctx-sw/s  (17933 ns/sw avg over 40000 switches / 717 ms)
  switch-probe: fastpath-swaps=0  (swapped inside the trap, so not in the switch row)
  switch:    144/144/156 cyc  900/900/975 ns  (p50/p99/max, n=40001)
  lock-hold: 512/960/2241 cyc  3200/6000/14006 ns  (p50/p99/max, n=80018)
  lock-site: core=0 site=0x40804e94 max=2241
  irq-probe: line=6 raise=inject on=0 raised=100 hcore=0 foreign=0 win=344
  irq:       192/197/197 cyc  1200/1231/1231 ns  (p50/max/max, n=100)
  wcase-probe: line=6 raise=inject on=0 raised=100 hcore=0 foreign=0 win=350
  wcase-irq[0B]:    208/210/210 cyc  1300/1312/1312 ns  (p50/max/max, n=100)
  wcase-probe: line=6 raise=inject on=0 raised=100 hcore=0 foreign=0 win=991
  wcase-irq[64B]:   832/851/851 cyc  5200/5318/5318 ns  (p50/max/max, n=100)
  wcase-probe: line=6 raise=inject on=0 raised=100 hcore=0 foreign=0 win=4932
  wcase-irq[256B]:  2560/4792/4792 cyc  16000/29950/29950 ns  (p50/max/max, n=100)
  wcase-probe: line=6 raise=inject on=0 raised=100 hcore=0 foreign=0 win=15931
  wcase-irq[1024B]: 10240/15791/15791 cyc  64000/98693/98693 ns  (p50/max/max, n=100)
  e2e-settle: settled=2/2
  e2e-probe: line=7 closed=1000 dropped=0 tare=2393/2393 ns  (min/avg, n=64)
  e2e-passes: asked=1000 raised=1000
  e2e-local: 15360/15360/47900 ns  (p50/p99/max, n=1000)
  throughput: 55773 ctx-sw/s  (17929 ns/sw avg over 40000 switches / 717 ms)
  switch-probe: fastpath-swaps=0  (swapped inside the trap, so not in the switch row)
  switch:    144/144/156 cyc  900/900/975 ns  (p50/p99/max, n=40001)
  lock-hold: 512/960/2241 cyc  3200/6000/14006 ns  (p50/p99/max, n=80018)
  lock-site: core=0 site=0x40804e94 max=2241
  irq-probe: line=6 raise=inject on=0 raised=100 hcore=0 foreign=0 win=344
  irq:       192/197/197 cyc  1200/1231/1231 ns  (p50/max/max, n=100)
  wcase-probe: line=6 raise=inject on=0 raised=100 hcore=0 foreign=0 win=350
  wcase-irq[0B]:    208/210/210 cyc  1300/1312/1312 ns  (p50/max/max, n=100)
  wcase-probe: line=6 raise=inject on=0 raised=100 hcore=0 foreign=0 win=991
  wcase-irq[64B]:   832/851/851 cyc  5200/5318/5318 ns  (p50/max/max, n=100)
  wcase-probe: line=6 raise=inject on=0 raised=100 hcore=0 foreign=0 win=4932
  wcase-irq[256B]:  2560/4792/4792 cyc  16000/29950/29950 ns  (p50/max/max, n=100)
  wcase-probe: line=6 raise=inject on=0 raised=100 hcore=0 foreign=0 win=15931
  wcase-irq[1024B]: 10240/15791/15791 cyc  64000/98693/98693 ns  (p50/max/max, n=100)
  e2e-settle: settled=2/2
  e2e-probe: line=7 closed=1000 dropped=0 tare=2393/2393 ns  (min/avg, n=64)
  e2e-passes: asked=1000 raised=1000
  e2e-local: 15360/15360/47900 ns  (p50/p99/max, n=1000)
  throughput: 55773 ctx-sw/s  (17929 ns/sw avg over 40000 switches / 717 ms)
  switch-probe: fastpath-swaps=0  (swapped inside the trap, so not in the switch row)
  switch:    144/144/156 cyc  900/900/975 ns  (p50/p99/max, n=40001)
  lock-hold: 512/960/2241 cyc  3200/6000/14006 ns  (p50/p99/max, n=80018)
  lock-site: core=0 site=0x40804e94 max=2241
  irq-probe: line=6 raise=inject on=0 raised=100 hcore=0 foreign=0 win=344
  irq:       192/197/197 cyc  1200/1231/1231 ns  (p50/max/max, n=100)
  wcase-probe: line=6 raise=inject on=0 raised=100 hcore=0 foreign=0 win=350
  wcase-irq[0B]:    208/210/210 cyc  1300/1312/1312 ns  (p50/max/max, n=100)
  wcase-probe: line=6 raise=inject on=0 raised=100 hcore=0 foreign=0 win=991
  wcase-irq[64B]:   832/851/851 cyc  5200/5318/5318 ns  (p50/max/max, n=100)
  wcase-probe: line=6 raise=inject on=0 raised=100 hcore=0 foreign=0 win=4932
  wcase-irq[256B]:  2560/4792/4792 cyc  16000/29950/29950 ns  (p50/max/max, n=100)
  wcase-probe: line=6 raise=inject on=0 raised=100 hcore=0 foreign=0 win=15931
  wcase-irq[1024B]: 10240/15791/15791 cyc  64000/98693/98693 ns  (p50/max/max, n=100)
  e2e-settle: settled=2/2
  e2e-probe: line=7 closed=1000 dropped=0 tare=2393/2393 ns  (min/avg, n=64)
  e2e-passes: asked=1000 raised=1000
  e2e-local: 15360/15360/47900 ns  (p50/p99/max, n=1000)
  xtask ping-pong: 17920 ns/switch  (40000 switches / 716 ms)
  xtask call/reply: 16 B  38507 ns/round-trip  (25969 round-trips/s over 20000 calls / 770 ms)
  spawn/exit: thread 160985 ns  (200 reps / 32 ms)
  spawn/exit: task 173498 ns  (200 reps / 34 ms)
bench: done
