
  ==============================================
   KickOS 0.5.1  -  microkernel RTOS
  ==============================================
   board   qemu-arm64
   arch    armv8a
   cpu     cortex-a53
   mpu     off
   sched   tickless
   build   2026-09-29 07:39:58 +0200
   app     Sep 29 2026 07:39:59 +0200
   commit  15947db7-dirty
   heap    64 KiB available
   kstack  4096 B x 17 = 69632 B

microbenchmark: context-switch throughput (all arches) + per-switch cost
+ IRQ-entry latency where a cycle counter exists. Reporter woken by the
workload, not a timer. Telemetry OFF for clean numbers.
cycle counter: 0 Hz (0 = no rate converts a reading; cycles only)

  lock-probe: hold+1 core=0 depth=0  (three nested, one outermost)
  call/reply: 8 B  18841 ns/round-trip  (53073 round-trips/s over 20000 calls / 376 ms)
  call/reply: 16 B  18705 ns/round-trip  (53459 round-trips/s over 20000 calls / 374 ms)
  call/reply: 32 B  18705 ns/round-trip  (53459 round-trips/s over 20000 calls / 374 ms)
  call/reply: 64 B  19020 ns/round-trip  (52573 round-trips/s over 20000 calls / 380 ms)
  call/reply: 128 B  18885 ns/round-trip  (52950 round-trips/s over 20000 calls / 377 ms)
  call/reply: 256 B  19283 ns/round-trip  (51857 round-trips/s over 20000 calls / 385 ms)
  call/reply: 8 B  19134 ns/round-trip  (52260 round-trips/s over 20000 calls / 382 ms) [generic path]
  call/reply: 16 B  19213 ns/round-trip  (52047 round-trips/s over 20000 calls / 384 ms) [generic path]
  call/reply: 32 B  19045 ns/round-trip  (52506 round-trips/s over 20000 calls / 380 ms) [generic path]
  call/reply: 64 B  19060 ns/round-trip  (52465 round-trips/s over 20000 calls / 381 ms) [generic path]
  call/reply: 128 B  19263 ns/round-trip  (51911 round-trips/s over 20000 calls / 385 ms) [generic path]
  call/reply: 256 B  19331 ns/round-trip  (51729 round-trips/s over 20000 calls / 386 ms) [generic path]
  call/reply: 32 B  19536 ns/round-trip  (51186 round-trips/s over 20000 calls / 390 ms) [caller outranks server, D1 donates]
  phase table (44 rows; cyc avg/max, min last and a floor; leaf -= NULL, composite -= NULL + k*(NEST-NULL)):
    NULL             115/20298  min=100  n=260000
    NEST             331/21701  min=310  n=260000
    NEST_LOCK        235/25488  min=210  n=260000
    CALL_TOTAL       17445/1061802  min=16651  n=259999
    CALL_VALIDATE    157/9448  min=140  n=260000
    CALL_LOCKED      16672/1060590  min=15930  n=259999
    CALL_RESOLVE     228/6612  min=190  n=260000
    CALL_PEEK        184/9758  min=150  n=260000
    CALL_PROBE       137/10700  min=120  n=259999
    CALL_POP         166/17984  min=150  n=259999
    CALL_COPY        618/24717  min=531  n=259999
    CALL_MINT        1123/69491  min=1032  n=259999
    CALL_MINT_CAP    275/41939  min=230  n=259999
    CALL_MINT_INFO   439/16231  min=400  n=259999
    CALL_DONATE      178/9298  min=160  n=19999
    CALL_PARK        276/33793  min=260  n=259999
    CALL_WAKE        11679/1055741  min=11111  n=259999
    CALL_RESUME      156/35547  min=140  n=260000
    CALL_SLOW_TOTAL  225846/225846  min=225846  n=1
    CALL_SLOW_LOCKED 219093/219093  min=219093  n=1
    CALL_SLOW_DONATE 0/0  min=0  n=0
    CALL_SLOW_PARK   159922/159922  min=159922  n=1
    RECV_LOCKED      13934/498570  min=13245  n=259999
    RECV_RESOLVE     282/43492  min=211  n=260000
    RECV_SCAN        193/81403  min=180  n=259999
    RECV_PARK        13013/422977  min=12373  n=259999
    REPLY_TOTAL      44208/364798  min=8276  n=13
    REPLY_VALIDATE   5159/14207  min=2965  n=13
    REPLY_LOCKED     1999/167005  min=1853  n=260000
    REPLY_LOOKUP     362/92033  min=320  n=260000
    REPLY_COPY       527/17322  min=450  n=260000
    REPLY_FUNNEL     170/27753  min=140  n=260000
    REPLY_WAKE       371/11703  min=310  n=260000
    REPLY_RECV_TOTAL 17196/676636  min=16401  n=260000
    REPLY_RECV_TAIL  435/40937  min=390  n=259999
    WAKE_UNPARK      137/11472  min=90  n=520012
    PICK_NEXT        102/10490  min=80  n=520064
    SWITCH_TO        21230/391052380  min=10430  n=520013
    SWITCH_BOOK      119/55164  min=90  n=520039
    MPU_APPLY        169/37961  min=130  n=520039
    MPU_COMMIT       0/0  min=0  n=0
    REENT_SEAT       111/33644  min=80  n=520039
    KTIME_REARM      110/17693  min=90  n=520039
    ARCH_SWITCH      20050/391045386  min=9287  n=520013
  ns-probe: rate=0 (nothing converts, so no ns column is printed)
  sat-probe: width=64 fits+1/0 wide+0/1 max=1000

  throughput: 169965 ctx-sw/s  (5883 ns/sw avg over 40000 switches / 235 ms)
  switch-probe: fastpath-swaps=0  (swapped inside the trap, so not in the switch row)
  switch:    160/176/3487 cyc  (p50/p99/max, n=40002)
  lock-hold: 1280/2560/39885 cyc  (p50/p99/max, n=80235)
  lock-site: core=0 site=0xffffff8040006f20 max=39885
  irq-probe: line=200 raise=inject on=0 raised=100 hcore=none foreign=0 win=0
  irq:       0/0/0 cyc  (p50/max/max, n=0)
  wcase-probe: line=200 raise=inject on=0 raised=100 hcore=none foreign=0 win=0
  wcase-irq[0B]:    0/0/0 cyc  (p50/max/max, n=0)
  wcase-probe: line=200 raise=inject on=0 raised=100 hcore=none foreign=0 win=0
  wcase-irq[64B]:   0/0/0 cyc  (p50/max/max, n=0)
  wcase-probe: line=200 raise=inject on=0 raised=100 hcore=none foreign=0 win=0
  wcase-irq[256B]:  0/0/0 cyc  (p50/max/max, n=0)
  wcase-probe: line=200 raise=inject on=0 raised=100 hcore=none foreign=0 win=0
  wcase-irq[1024B]: 0/0/0 cyc  (p50/max/max, n=0)
  e2e-settle: settled=2/2
  e2e-probe: line=201 closed=1000 dropped=0 tare=960/1232 ns  (min/avg, n=64)
  e2e-passes: asked=1000 raised=1000
  e2e-local: 8192/12288/227472 ns  (p50/p99/max, n=1000)
  throughput: 169885 ctx-sw/s  (5886 ns/sw avg over 40000 switches / 235 ms)
  switch-probe: fastpath-swaps=0  (swapped inside the trap, so not in the switch row)
  switch:    160/224/7544 cyc  (p50/p99/max, n=40002)
  lock-hold: 2560/2816/53471 cyc  (p50/p99/max, n=80238)
  lock-site: core=0 site=0xffffff8040006f20 max=53471
  irq-probe: line=200 raise=inject on=0 raised=100 hcore=none foreign=0 win=0
  irq:       0/0/0 cyc  (p50/max/max, n=0)
  wcase-probe: line=200 raise=inject on=0 raised=100 hcore=none foreign=0 win=0
  wcase-irq[0B]:    0/0/0 cyc  (p50/max/max, n=0)
  wcase-probe: line=200 raise=inject on=0 raised=100 hcore=none foreign=0 win=0
  wcase-irq[64B]:   0/0/0 cyc  (p50/max/max, n=0)
  wcase-probe: line=200 raise=inject on=0 raised=100 hcore=none foreign=0 win=0
  wcase-irq[256B]:  0/0/0 cyc  (p50/max/max, n=0)
  wcase-probe: line=200 raise=inject on=0 raised=100 hcore=none foreign=0 win=0
  wcase-irq[1024B]: 0/0/0 cyc  (p50/max/max, n=0)
  e2e-settle: settled=2/2
  e2e-probe: line=201 closed=1000 dropped=0 tare=960/1232 ns  (min/avg, n=64)
  e2e-passes: asked=1000 raised=1000
  e2e-local: 8192/11264/43712 ns  (p50/p99/max, n=1000)
  throughput: 172047 ctx-sw/s  (5812 ns/sw avg over 40000 switches / 232 ms)
  switch-probe: fastpath-swaps=0  (swapped inside the trap, so not in the switch row)
  switch:    160/208/9968 cyc  (p50/p99/max, n=40002)
  lock-hold: 1280/2816/33203 cyc  (p50/p99/max, n=80238)
  lock-site: core=0 site=0xffffff80400191dc max=33203
  irq-probe: line=200 raise=inject on=0 raised=100 hcore=none foreign=0 win=0
  irq:       0/0/0 cyc  (p50/max/max, n=0)
  wcase-probe: line=200 raise=inject on=0 raised=100 hcore=none foreign=0 win=0
  wcase-irq[0B]:    0/0/0 cyc  (p50/max/max, n=0)
  wcase-probe: line=200 raise=inject on=0 raised=100 hcore=none foreign=0 win=0
  wcase-irq[64B]:   0/0/0 cyc  (p50/max/max, n=0)
  wcase-probe: line=200 raise=inject on=0 raised=100 hcore=none foreign=0 win=0
  wcase-irq[256B]:  0/0/0 cyc  (p50/max/max, n=0)
  wcase-probe: line=200 raise=inject on=0 raised=100 hcore=none foreign=0 win=0
  wcase-irq[1024B]: 0/0/0 cyc  (p50/max/max, n=0)
  e2e-settle: settled=2/2
  e2e-probe: line=201 closed=1000 dropped=0 tare=960/1232 ns  (min/avg, n=64)
  e2e-passes: asked=1000 raised=1000
  e2e-local: 8192/12288/42688 ns  (p50/p99/max, n=1000)
  xtask ping-pong: 13321 ns/switch  (40000 switches / 532 ms)
  xtask call/reply: 16 B  40250 ns/round-trip  (24844 round-trips/s over 20000 calls / 805 ms)
  spawn/exit: thread 26223 ns  (200 reps / 5 ms)
  spawn/exit: task 108863 ns  (200 reps / 21 ms)
bench: done
POLL_OK=1 POLL_MS=8000
