
  ==============================================
   KickOS 0.5.1  -  microkernel RTOS
  ==============================================
   board   qemu-riscv64
   arch    rv64imac
   cpu     rv64imac_zicsr_zmmul_zaamo_zalrsc_zca
   mpu     off
   sched   tickless
   build   2026-09-29 07:39:58 +0200
   app     Sep 29 2026 07:40:00 +0200
   commit  15947db7-dirty
   heap    64 KiB available
   kstack  4096 B x 17 = 69632 B

microbenchmark: context-switch throughput (all arches) + per-switch cost
+ IRQ-entry latency where a cycle counter exists. Reporter woken by the
workload, not a timer. Telemetry OFF for clean numbers.
cycle counter: 0 Hz (0 = no rate converts a reading; cycles only)

  lock-probe: hold+1 core=0 depth=0  (three nested, one outermost)
  call/reply: 8 B  32080 ns/round-trip  (31171 round-trips/s over 20000 calls / 641 ms)
  call/reply: 16 B  32010 ns/round-trip  (31240 round-trips/s over 20000 calls / 640 ms)
  call/reply: 32 B  31970 ns/round-trip  (31279 round-trips/s over 20000 calls / 639 ms)
  call/reply: 64 B  32001 ns/round-trip  (31248 round-trips/s over 20000 calls / 640 ms)
  call/reply: 128 B  32070 ns/round-trip  (31181 round-trips/s over 20000 calls / 641 ms)
  call/reply: 256 B  32218 ns/round-trip  (31038 round-trips/s over 20000 calls / 644 ms)
  call/reply: 8 B  32045 ns/round-trip  (31205 round-trips/s over 20000 calls / 640 ms) [generic path]
  call/reply: 16 B  31944 ns/round-trip  (31304 round-trips/s over 20000 calls / 638 ms) [generic path]
  call/reply: 32 B  31872 ns/round-trip  (31374 round-trips/s over 20000 calls / 637 ms) [generic path]
  call/reply: 64 B  31955 ns/round-trip  (31293 round-trips/s over 20000 calls / 639 ms) [generic path]
  call/reply: 128 B  31973 ns/round-trip  (31276 round-trips/s over 20000 calls / 639 ms) [generic path]
  call/reply: 256 B  32122 ns/round-trip  (31131 round-trips/s over 20000 calls / 642 ms) [generic path]
  call/reply: 32 B  32366 ns/round-trip  (30895 round-trips/s over 20000 calls / 647 ms) [caller outranks server, D1 donates]
  phase table (44 rows; cyc avg/max, min last and a floor; leaf -= NULL, composite -= NULL + k*(NEST-NULL)):
    NULL             199/18960  min=160  n=260000
    NEST             826/20440  min=760  n=260000
    NEST_LOCK        989/44760  min=880  n=260000
    CALL_TOTAL       59387/2767960  min=58100  n=259999
    CALL_VALIDATE    500/22820  min=480  n=260000
    CALL_LOCKED      56959/2765320  min=55680  n=259999
    CALL_RESOLVE     779/25940  min=680  n=260000
    CALL_PEEK        298/25420  min=260  n=260000
    CALL_PROBE       398/32500  min=360  n=259999
    CALL_POP         562/59040  min=520  n=259999
    CALL_COPY        4242/57340  min=3980  n=259999
    CALL_MINT        4539/225000  min=4300  n=259999
    CALL_MINT_CAP    819/136800  min=720  n=259999
    CALL_MINT_INFO   2403/53900  min=2220  n=259999
    CALL_DONATE      439/20740  min=400  n=19999
    CALL_PARK        860/85560  min=780  n=259999
    CALL_WAKE        38329/2746600  min=37460  n=259999
    CALL_RESUME      348/19840  min=300  n=260000
    CALL_SLOW_TOTAL  523700/523700  min=523700  n=1
    CALL_SLOW_LOCKED 506680/506680  min=506680  n=1
    CALL_SLOW_DONATE 0/0  min=0  n=0
    CALL_SLOW_PARK   393320/393320  min=393320  n=1
    RECV_LOCKED      43797/1499400  min=42860  n=259999
    RECV_RESOLVE     869/112020  min=800  n=260000
    RECV_SCAN        539/53920  min=440  n=259999
    RECV_PARK        40680/1294060  min=39760  n=259999
    REPLY_TOTAL      133004/1234280  min=20600  n=13
    REPLY_VALIDATE   7358/27000  min=2340  n=13
    REPLY_LOCKED     8635/496040  min=8260  n=260000
    REPLY_LOOKUP     938/264320  min=840  n=260000
    REPLY_COPY       4012/111240  min=3740  n=260000
    REPLY_FUNNEL     476/82300  min=380  n=260000
    REPLY_WAKE       1199/37960  min=1100  n=260000
    REPLY_RECV_TOTAL 57752/1968700  min=56520  n=260000
    REPLY_RECV_TAIL  1726/119340  min=1600  n=259999
    WAKE_UNPARK      375/34800  min=300  n=520012
    PICK_NEXT        584/18380  min=500  n=520064
    SWITCH_TO        69212/1293457400  min=35160  n=520013
    SWITCH_BOOK      322/78900  min=300  n=520039
    MPU_APPLY        553/29000  min=500  n=520039
    MPU_COMMIT       0/0  min=0  n=0
    REENT_SEAT       207/47820  min=160  n=520039
    KTIME_REARM      474/18440  min=320  n=520039
    ARCH_SWITCH      65680/1293435900  min=31640  n=520013
  ns-probe: rate=0 (nothing converts, so no ns column is printed)
  sat-probe: width=64 fits+1/0 wide+0/1 max=1000

  throughput: 107465 ctx-sw/s  (9305 ns/sw avg over 40000 switches / 372 ms)
  switch-probe: fastpath-swaps=0  (swapped inside the trap, so not in the switch row)
  switch:    352/352/12180 cyc  (p50/p99/max, n=40002)
  lock-hold: 3584/7680/70020 cyc  (p50/p99/max, n=80236)
  lock-site: core=0 site=0xffffffff80002ae2 max=70020
  irq-probe: line=6 raise=inject on=0 raised=100 hcore=none foreign=0 win=0
  irq:       0/0/0 cyc  (p50/max/max, n=0)
  wcase-probe: line=6 raise=inject on=0 raised=100 hcore=none foreign=0 win=0
  wcase-irq[0B]:    0/0/0 cyc  (p50/max/max, n=0)
  wcase-probe: line=6 raise=inject on=0 raised=100 hcore=none foreign=0 win=0
  wcase-irq[64B]:   0/0/0 cyc  (p50/max/max, n=0)
  wcase-probe: line=6 raise=inject on=0 raised=100 hcore=none foreign=0 win=0
  wcase-irq[256B]:  0/0/0 cyc  (p50/max/max, n=0)
  wcase-probe: line=6 raise=inject on=0 raised=100 hcore=none foreign=0 win=0
  wcase-irq[1024B]: 0/0/0 cyc  (p50/max/max, n=0)
  e2e-settle: settled=2/2
  e2e-probe: line=7 closed=1000 dropped=0 tare=1400/1898 ns  (min/avg, n=64)
  e2e-passes: asked=1000 raised=1000
  e2e-local: 9216/14336/295600 ns  (p50/p99/max, n=1000)
  throughput: 107395 ctx-sw/s  (9311 ns/sw avg over 40000 switches / 372 ms)
  switch-probe: fastpath-swaps=0  (swapped inside the trap, so not in the switch row)
  switch:    352/384/11700 cyc  (p50/p99/max, n=40002)
  lock-hold: 3584/7680/77580 cyc  (p50/p99/max, n=80239)
  lock-site: core=0 site=0xffffffff80002ae2 max=77580
  irq-probe: line=6 raise=inject on=0 raised=100 hcore=none foreign=0 win=0
  irq:       0/0/0 cyc  (p50/max/max, n=0)
  wcase-probe: line=6 raise=inject on=0 raised=100 hcore=none foreign=0 win=0
  wcase-irq[0B]:    0/0/0 cyc  (p50/max/max, n=0)
  wcase-probe: line=6 raise=inject on=0 raised=100 hcore=none foreign=0 win=0
  wcase-irq[64B]:   0/0/0 cyc  (p50/max/max, n=0)
  wcase-probe: line=6 raise=inject on=0 raised=100 hcore=none foreign=0 win=0
  wcase-irq[256B]:  0/0/0 cyc  (p50/max/max, n=0)
  wcase-probe: line=6 raise=inject on=0 raised=100 hcore=none foreign=0 win=0
  wcase-irq[1024B]: 0/0/0 cyc  (p50/max/max, n=0)
  e2e-settle: settled=2/2
  e2e-probe: line=7 closed=1000 dropped=0 tare=1400/1898 ns  (min/avg, n=64)
  e2e-passes: asked=1000 raised=1000
  e2e-local: 9216/9216/48700 ns  (p50/p99/max, n=1000)
  throughput: 107175 ctx-sw/s  (9330 ns/sw avg over 40000 switches / 373 ms)
  switch-probe: fastpath-swaps=0  (swapped inside the trap, so not in the switch row)
  switch:    352/352/11160 cyc  (p50/p99/max, n=40002)
  lock-hold: 3584/7680/80640 cyc  (p50/p99/max, n=80239)
  lock-site: core=0 site=0xffffffff800014a2 max=80640
  irq-probe: line=6 raise=inject on=0 raised=100 hcore=none foreign=0 win=0
  irq:       0/0/0 cyc  (p50/max/max, n=0)
  wcase-probe: line=6 raise=inject on=0 raised=100 hcore=none foreign=0 win=0
  wcase-irq[0B]:    0/0/0 cyc  (p50/max/max, n=0)
  wcase-probe: line=6 raise=inject on=0 raised=100 hcore=none foreign=0 win=0
  wcase-irq[64B]:   0/0/0 cyc  (p50/max/max, n=0)
  wcase-probe: line=6 raise=inject on=0 raised=100 hcore=none foreign=0 win=0
  wcase-irq[256B]:  0/0/0 cyc  (p50/max/max, n=0)
  wcase-probe: line=6 raise=inject on=0 raised=100 hcore=none foreign=0 win=0
  wcase-irq[1024B]: 0/0/0 cyc  (p50/max/max, n=0)
  e2e-settle: settled=2/2
  e2e-probe: line=7 closed=1000 dropped=0 tare=1400/1898 ns  (min/avg, n=64)
  e2e-passes: asked=1000 raised=1000
  e2e-local: 9216/9216/40400 ns  (p50/p99/max, n=1000)
  xtask ping-pong: 18284 ns/switch  (40000 switches / 731 ms)
  xtask call/reply: 16 B  56357 ns/round-trip  (17743 round-trips/s over 20000 calls / 1127 ms)
  spawn/exit: thread 79914 ns  (200 reps / 15 ms)
  spawn/exit: task 193713 ns  (200 reps / 38 ms)
bench: done
POLL_OK=1 POLL_MS=12600
