[2J[001;001H[=3h[2J[001;001H[2J[001;001H[8;042;160t[2J[001;001H[2J[001;001H[8;056;240t[2J[001;001HBdsDxe: loading Boot0002 "UEFI QEMU HARDDISK QM00001 " from PciRoot(0x0)/Pci(0x1F,0x2)/Sata(0x0,0xFFFF,0x0)
BdsDxe: starting Boot0002 "UEFI QEMU HARDDISK QM00001 " from PciRoot(0x0)/Pci(0x1F,0x2)/Sata(0x0,0xFFFF,0x0)

KICKOS-X1 8c41d7a2 x86_64/q35 uefi-handover entry
KICKOS-X1 8c41d7a2 x86_64/q35 uefi-handover handover if=1 paging=1 longmode=1 root=1 wp=1 nx=1 nxcap=1
KICKOS-X1 8c41d7a2 x86_64/q35 uefi-handover if_after_cli=0
KICKOS-X1 8c41d7a2 x86_64/q35 uefi-handover firmware=Debian distribution of EDK II
KICKOS-X1 8c41d7a2 x86_64/q35 uefi-handover revision=0x0000000000020046
KICKOS-X1 8c41d7a2 x86_64/q35 uefi-handover map descriptors=109 stride=48 version=1 conventional_pages=117679 arena=0x0000000001800000 arena_pages=107372
KICKOS-X1 8c41d7a2 x86_64/q35 uefi-handover fp found em=0 ts=0 mp=1 osfxsr=1 osxmmexcpt=1 osxsave=0
KICKOS-X1 8c41d7a2 x86_64/q35 uefi-handover fp trapped em=1 ts=1 mp=1 osfxsr=0 osxmmexcpt=0 osxsave=0
KICKOS-X1 8c41d7a2 x86_64/q35 uefi-handover boot services left
KICKOS-X1 8c41d7a2 x86_64/q35 uefi-handover if_after_exit=0
x86_64 app relocation: base=0x0000000000400000 load_delta=0x0000000000000000 app_words=0

  ==============================================
   KickOS 0.5.1  -  microkernel RTOS
  ==============================================
   board   qemu-x86_64
   arch    x86_64
   cpu     x86-64
   mpu     off
   sched   tickless
   build   2026-09-29 07:40:25 +0200
   app     Sep 29 2026 00:56:20 +0200
   commit  15947db7-dirty
   heap    none
   kstack  4096 B x 33 = 135168 B

microbenchmark: context-switch throughput (all arches) + per-switch cost
+ IRQ-entry latency where a cycle counter exists. Reporter woken by the
workload, not a timer. Telemetry OFF for clean numbers.
cycle counter: 2000006299 Hz (0 = no rate converts a reading; cycles only)

  lock-probe: hold+1 core=0 depth=0  (three nested, one outermost)
  call/reply: 8 B  11686 ns/round-trip  (85569 round-trips/s over 20000 calls / 233 ms)
  call/reply: 16 B  11559 ns/round-trip  (86507 round-trips/s over 20000 calls / 231 ms)
  call/reply: 32 B  11580 ns/round-trip  (86350 round-trips/s over 20000 calls / 231 ms)
  call/reply: 64 B  11625 ns/round-trip  (86016 round-trips/s over 20000 calls / 232 ms)
  call/reply: 128 B  11706 ns/round-trip  (85425 round-trips/s over 20000 calls / 234 ms)
  call/reply: 256 B  11803 ns/round-trip  (84719 round-trips/s over 20000 calls / 236 ms)
  call/reply: 8 B  11526 ns/round-trip  (86758 round-trips/s over 20000 calls / 230 ms) [generic path]
  call/reply: 16 B  11657 ns/round-trip  (85783 round-trips/s over 20000 calls / 233 ms) [generic path]
  call/reply: 32 B  11793 ns/round-trip  (84792 round-trips/s over 20000 calls / 235 ms) [generic path]
  call/reply: 64 B  11540 ns/round-trip  (86649 round-trips/s over 20000 calls / 230 ms) [generic path]
  call/reply: 128 B  11543 ns/round-trip  (86625 round-trips/s over 20000 calls / 230 ms) [generic path]
  call/reply: 256 B  11701 ns/round-trip  (85459 round-trips/s over 20000 calls / 234 ms) [generic path]
  call/reply: 32 B  11953 ns/round-trip  (83657 round-trips/s over 20000 calls / 239 ms) [caller outranks server, D1 donates]
  phase table (44 rows; cyc avg/max, min last and a floor; leaf -= NULL, composite -= NULL + k*(NEST-NULL)):
    NULL             23/11960  min=20  n=260000
    NEST             127/37860  min=100  n=260000
    NEST_LOCK        69/59020  min=60  n=260000
    CALL_TOTAL       21703/2999280  min=20900  n=259999
    CALL_VALIDATE    254/21040  min=220  n=260000
    CALL_LOCKED      20956/2998400  min=20140  n=259999
    CALL_RESOLVE     324/51860  min=280  n=260000
    CALL_PEEK        73/32200  min=40  n=260000
    CALL_PROBE       122/40940  min=100  n=259999
    CALL_POP         188/55580  min=140  n=259999
    CALL_COPY        2130/181080  min=1960  n=259999
    CALL_MINT        1998/280440  min=1840  n=259999
    CALL_MINT_CAP    556/144960  min=480  n=259999
    CALL_MINT_INFO   1234/94360  min=1140  n=259999
    CALL_DONATE      187/30240  min=140  n=19999
    CALL_PARK        351/92660  min=320  n=259999
    CALL_WAKE        14297/2990300  min=13720  n=259999
    CALL_RESUME      227/20240  min=200  n=260000
    CALL_SLOW_TOTAL  602860/602860  min=602860  n=1
    CALL_SLOW_LOCKED 579520/579520  min=579520  n=1
    CALL_SLOW_DONATE 0/0  min=0  n=0
    CALL_SLOW_PARK   443700/443700  min=443700  n=1
    RECV_LOCKED      14750/1881480  min=14080  n=259999
    RECV_RESOLVE     384/132680  min=340  n=260000
    RECV_SCAN        206/58000  min=160  n=259999
    RECV_PARK        13807/1625000  min=13180  n=259999
    REPLY_TOTAL      91533/746080  min=13260  n=13
    REPLY_VALIDATE   10430/35620  min=2340  n=13
    REPLY_LOCKED     3646/597060  min=3420  n=260000
    REPLY_LOOKUP     477/299200  min=420  n=260000
    REPLY_COPY       2141/105100  min=1980  n=260000
    REPLY_FUNNEL     285/95020  min=220  n=260000
    REPLY_WAKE       331/43820  min=300  n=260000
    REPLY_RECV_TOTAL 21143/2441460  min=20240  n=260000
    REPLY_RECV_TAIL  645/147520  min=600  n=259999
    WAKE_UNPARK      95/40520  min=60  n=520012
    PICK_NEXT        69/24960  min=40  n=520064
    SWITCH_TO        25062/478806660  min=12500  n=520013
    SWITCH_BOOK      101/145060  min=80  n=520039
    MPU_APPLY        158/23480  min=140  n=520039
    MPU_COMMIT       0/0  min=0  n=0
    REENT_SEAT       0/0  min=0  n=0
    KTIME_REARM      90/19560  min=60  n=520039
    ARCH_SWITCH      24268/478803080  min=11660  n=520013
  ns-probe: cyc=4294967295 ns=2147476884 capped=0
  sat-probe: width=64 fits+1/0 wide+0/1 max=1000

  throughput: 349143 ctx-sw/s  (2864 ns/sw avg over 40000 switches / 114 ms)
  switch-probe: fastpath-swaps=0  (swapped inside the trap, so not in the switch row)
  switch:    96/96/120 cyc  47/47/59 ns  (p50/p99/max, n=40002)
  lock-hold: 1024/2560/40120 cyc  511/1279/20059 ns  (p50/p99/max, n=80245)
  lock-site: core=0 site=0x409dac max=40120
  irq-probe: line=6 raise=inject on=0 raised=100 hcore=none foreign=0 win=0
  irq:       0/0/0 cyc  0/0/0 ns  (p50/max/max, n=0)
  wcase-probe: line=6 raise=inject on=0 raised=100 hcore=none foreign=0 win=0
  wcase-irq[0B]:    0/0/0 cyc  0/0/0 ns  (p50/max/max, n=0)
  wcase-probe: line=6 raise=inject on=0 raised=100 hcore=none foreign=0 win=0
  wcase-irq[64B]:   0/0/0 cyc  0/0/0 ns  (p50/max/max, n=0)
  wcase-probe: line=6 raise=inject on=0 raised=100 hcore=none foreign=0 win=0
  wcase-irq[256B]:  0/0/0 cyc  0/0/0 ns  (p50/max/max, n=0)
  wcase-probe: line=6 raise=inject on=0 raised=100 hcore=none foreign=0 win=0
  wcase-irq[1024B]: 0/0/0 cyc  0/0/0 ns  (p50/max/max, n=0)
  e2e-settle: settled=2/2
  e2e-probe: line=7 closed=1000 dropped=0 tare=420/825 ns  (min/avg, n=64)
  e2e-passes: asked=1000 raised=1000
  e2e-local: 6144/6144/851917 ns  (p50/p99/max, n=1000)
  throughput: 346568 ctx-sw/s  (2885 ns/sw avg over 40000 switches / 115 ms)
  switch-probe: fastpath-swaps=0  (swapped inside the trap, so not in the switch row)
  switch:    96/96/120 cyc  47/47/59 ns  (p50/p99/max, n=40002)
  lock-hold: 1024/2560/19920 cyc  511/1279/9959 ns  (p50/p99/max, n=80248)
  lock-site: core=0 site=0x416918 max=19920
  irq-probe: line=6 raise=inject on=0 raised=100 hcore=none foreign=0 win=0
  irq:       0/0/0 cyc  0/0/0 ns  (p50/max/max, n=0)
  wcase-probe: line=6 raise=inject on=0 raised=100 hcore=none foreign=0 win=0
  wcase-irq[0B]:    0/0/0 cyc  0/0/0 ns  (p50/max/max, n=0)
  wcase-probe: line=6 raise=inject on=0 raised=100 hcore=none foreign=0 win=0
  wcase-irq[64B]:   0/0/0 cyc  0/0/0 ns  (p50/max/max, n=0)
  wcase-probe: line=6 raise=inject on=0 raised=100 hcore=none foreign=0 win=0
  wcase-irq[256B]:  0/0/0 cyc  0/0/0 ns  (p50/max/max, n=0)
  wcase-probe: line=6 raise=inject on=0 raised=100 hcore=none foreign=0 win=0
  wcase-irq[1024B]: 0/0/0 cyc  0/0/0 ns  (p50/max/max, n=0)
  e2e-settle: settled=2/2
  e2e-probe: line=7 closed=1000 dropped=0 tare=420/825 ns  (min/avg, n=64)
  e2e-passes: asked=1000 raised=1000
  e2e-local: 6144/6144/44160 ns  (p50/p99/max, n=1000)
  throughput: 350049 ctx-sw/s  (2856 ns/sw avg over 40000 switches / 114 ms)
  switch-probe: fastpath-swaps=0  (swapped inside the trap, so not in the switch row)
  switch:    96/96/120 cyc  47/47/59 ns  (p50/p99/max, n=40002)
  lock-hold: 1024/2560/21100 cyc  511/1279/10549 ns  (p50/p99/max, n=80248)
  lock-site: core=0 site=0x416918 max=21100
  irq-probe: line=6 raise=inject on=0 raised=100 hcore=none foreign=0 win=0
  irq:       0/0/0 cyc  0/0/0 ns  (p50/max/max, n=0)
  wcase-probe: line=6 raise=inject on=0 raised=100 hcore=none foreign=0 win=0
  wcase-irq[0B]:    0/0/0 cyc  0/0/0 ns  (p50/max/max, n=0)
  wcase-probe: line=6 raise=inject on=0 raised=100 hcore=none foreign=0 win=0
  wcase-irq[64B]:   0/0/0 cyc  0/0/0 ns  (p50/max/max, n=0)
  wcase-probe: line=6 raise=inject on=0 raised=100 hcore=none foreign=0 win=0
  wcase-irq[256B]:  0/0/0 cyc  0/0/0 ns  (p50/max/max, n=0)
  wcase-probe: line=6 raise=inject on=0 raised=100 hcore=none foreign=0 win=0
  wcase-irq[1024B]: 0/0/0 cyc  0/0/0 ns  (p50/max/max, n=0)
  e2e-settle: settled=2/2
  e2e-probe: line=7 closed=1000 dropped=0 tare=420/825 ns  (min/avg, n=64)
  e2e-passes: asked=1000 raised=1000
  e2e-local: 6144/6144/49470 ns  (p50/p99/max, n=1000)
  xtask ping-pong: 11030 ns/switch  (40000 switches / 441 ms)
  xtask call/reply: 16 B  36020 ns/round-trip  (27761 round-trips/s over 20000 calls / 720 ms)
  spawn/exit: thread 56961 ns  (200 reps / 11 ms)
  spawn/exit: task 125544 ns  (200 reps / 25 ms)
bench: done

KICKOS-EXIT status 0
POLL_OK=1 POLL_MS=6600
