
  ==============================================
   KickOS 0.5.1  -  microkernel RTOS
  ==============================================
   board   qemu-riscv
   arch    rv32imac
   cpu     rv32imac_zicsr
   mpu     off
   sched   tickless
   build   2026-09-29 07:39:58 +0200
   app     Sep 29 2026 07:40:00 +0200
   commit  15947db7-dirty
   heap    16 KiB available
   kstack  1184 B x 17 = 20128 B

microbenchmark: context-switch throughput (all arches) + per-switch cost
+ IRQ-entry latency where a cycle counter exists. Reporter woken by the
workload, not a timer. Telemetry OFF for clean numbers.
cycle counter: 0 Hz (0 = no rate converts a reading; cycles only)

  lock-probe: hold+1 core=0 depth=0  (three nested, one outermost)
  call/reply: 8 B  10207 ns/round-trip  (97965 round-trips/s over 20000 calls / 204 ms)
  call/reply: 16 B  10223 ns/round-trip  (97809 round-trips/s over 20000 calls / 204 ms)
  call/reply: 32 B  16470 ns/round-trip  (60713 round-trips/s over 20000 calls / 329 ms)
  call/reply: 64 B  16384 ns/round-trip  (61033 round-trips/s over 20000 calls / 327 ms)
  call/reply: 128 B  16563 ns/round-trip  (60374 round-trips/s over 20000 calls / 331 ms)
  call/reply: 256 B  16874 ns/round-trip  (59260 round-trips/s over 20000 calls / 337 ms)
  call/reply: 8 B  16590 ns/round-trip  (60273 round-trips/s over 20000 calls / 331 ms) [generic path]
  call/reply: 16 B  16634 ns/round-trip  (60117 round-trips/s over 20000 calls / 332 ms) [generic path]
  call/reply: 32 B  16734 ns/round-trip  (59756 round-trips/s over 20000 calls / 334 ms) [generic path]
  call/reply: 64 B  16656 ns/round-trip  (60035 round-trips/s over 20000 calls / 333 ms) [generic path]
  call/reply: 128 B  16700 ns/round-trip  (59877 round-trips/s over 20000 calls / 334 ms) [generic path]
  call/reply: 256 B  16959 ns/round-trip  (58963 round-trips/s over 20000 calls / 339 ms) [generic path]
  call/reply: 32 B  16940 ns/round-trip  (59030 round-trips/s over 20000 calls / 338 ms) [caller outranks server, D1 donates]
  phase table (44 rows; cyc avg/max, min last and a floor; leaf -= NULL, composite -= NULL + k*(NEST-NULL)):
    NULL             70/3980  min=40  n=220000
    NEST             449/60240  min=400  n=220000
    NEST_LOCK        380/136500  min=340  n=220000
    CALL_TOTAL       12135/758440  min=11460  n=219999
    CALL_VALIDATE    277/27840  min=240  n=220000
    CALL_LOCKED      11035/565480  min=10420  n=219999
    CALL_RESOLVE     438/18980  min=380  n=220000
    CALL_PEEK        239/19080  min=200  n=220000
    CALL_PROBE       213/20980  min=180  n=219999
    CALL_POP         286/32600  min=220  n=219999
    CALL_COPY        402/47060  min=260  n=219999
    CALL_MINT        1360/95940  min=1260  n=219999
    CALL_MINT_CAP    446/51900  min=400  n=219999
    CALL_MINT_INFO   352/35420  min=300  n=219999
    CALL_DONATE      171/22200  min=140  n=19999
    CALL_PARK        545/27780  min=480  n=219999
    CALL_WAKE        3607/65160  min=3300  n=219999
    CALL_RESUME      326/46080  min=300  n=220000
    CALL_SLOW_TOTAL  203480/203480  min=203480  n=1
    CALL_SLOW_LOCKED 183440/183440  min=183440  n=1
    CALL_SLOW_DONATE 0/0  min=0  n=0
    CALL_SLOW_PARK   67120/67120  min=67120  n=1
    RECV_LOCKED      4849/246880  min=4500  n=259999
    RECV_RESOLVE     514/87060  min=440  n=260000
    RECV_SCAN        204/45400  min=160  n=259999
    RECV_PARK        3365/69420  min=3020  n=259999
    REPLY_TOTAL      44550/184960  min=15840  n=13
    REPLY_VALIDATE   9396/28740  min=4560  n=13
    REPLY_LOCKED     3079/381520  min=2240  n=260000
    REPLY_LOOKUP     611/184380  min=480  n=260000
    REPLY_COPY       414/23160  min=220  n=260000
    REPLY_FUNNEL     262/63200  min=160  n=260000
    REPLY_WAKE       615/67280  min=560  n=260000
    REPLY_RECV_TOTAL 9953/584380  min=8900  n=260000
    REPLY_RECV_TAIL  840/103520  min=760  n=259999
    WAKE_UNPARK      156/51300  min=120  n=520012
    PICK_NEXT        189/20400  min=160  n=480064
    SWITCH_TO        2310/190160  min=2020  n=480039
    SWITCH_BOOK      143/158440  min=120  n=520039
    MPU_APPLY        114/43860  min=40  n=520039
    MPU_COMMIT       0/0  min=0  n=0
    REENT_SEAT       181/49480  min=160  n=520039
    KTIME_REARM      198/47400  min=140  n=520039
    ARCH_SWITCH      713/65820  min=580  n=480039
  ns-probe: rate=0 (nothing converts, so no ns column is printed)
  sat-probe: width=32 (no delta this counter forms is too wide)

  throughput: 167730 ctx-sw/s  (5961 ns/sw avg over 40000 switches / 238 ms)
  switch-probe: fastpath-swaps=0  (swapped inside the trap, so not in the switch row)
  switch:    1408/2048/34200 cyc  (p50/p99/max, n=40001)
  lock-hold: 2560/5120/841200 cyc  (p50/p99/max, n=80241)
  lock-site: core=0 site=0x80001e50 max=841200
  irq-probe: line=6 raise=inject on=0 raised=100 hcore=0 foreign=0 win=228180
  irq:       1408/166500/166500 cyc  (p50/max/max, n=100)
  wcase-probe: line=6 raise=inject on=0 raised=100 hcore=0 foreign=0 win=25220
  wcase-irq[0B]:    1536/20540/20540 cyc  (p50/max/max, n=100)
  wcase-probe: line=6 raise=inject on=0 raised=100 hcore=0 foreign=0 win=15180
  wcase-irq[64B]:   1792/14540/14540 cyc  (p50/max/max, n=100)
  wcase-probe: line=6 raise=inject on=0 raised=100 hcore=0 foreign=0 win=3480
  wcase-irq[256B]:  2304/2980/2980 cyc  (p50/max/max, n=100)
  wcase-probe: line=6 raise=inject on=0 raised=100 hcore=0 foreign=0 win=5460
  wcase-irq[1024B]: 4608/5000/5000 cyc  (p50/max/max, n=100)
  e2e-settle: settled=2/2
  e2e-probe: line=7 closed=1000 dropped=0 tare=1400/1776 ns  (min/avg, n=64)
  e2e-passes: asked=1000 raised=1000
  e2e-local: 6656/7680/190500 ns  (p50/p99/max, n=1000)
  throughput: 169153 ctx-sw/s  (5911 ns/sw avg over 40000 switches / 236 ms)
  switch-probe: fastpath-swaps=0  (swapped inside the trap, so not in the switch row)
  switch:    1408/2048/29060 cyc  (p50/p99/max, n=40001)
  lock-hold: 2560/4608/58200 cyc  (p50/p99/max, n=80241)
  lock-site: core=0 site=0x80004372 max=58200
  irq-probe: line=6 raise=inject on=0 raised=100 hcore=0 foreign=0 win=21300
  irq:       1408/16380/16380 cyc  (p50/max/max, n=100)
  wcase-probe: line=6 raise=inject on=0 raised=100 hcore=0 foreign=0 win=4980
  wcase-irq[0B]:    1536/4380/4380 cyc  (p50/max/max, n=100)
  wcase-probe: line=6 raise=inject on=0 raised=100 hcore=0 foreign=0 win=3720
  wcase-irq[64B]:   1664/3220/3220 cyc  (p50/max/max, n=100)
  wcase-probe: line=6 raise=inject on=0 raised=100 hcore=0 foreign=0 win=4420
  wcase-irq[256B]:  2304/3720/3720 cyc  (p50/max/max, n=100)
  wcase-probe: line=6 raise=inject on=0 raised=100 hcore=0 foreign=0 win=8740
  wcase-irq[1024B]: 4608/7580/7580 cyc  (p50/max/max, n=100)
  e2e-settle: settled=2/2
  e2e-probe: line=7 closed=1000 dropped=0 tare=1400/1776 ns  (min/avg, n=64)
  e2e-passes: asked=1000 raised=1000
  e2e-local: 6144/9216/28700 ns  (p50/p99/max, n=1000)
  throughput: 170391 ctx-sw/s  (5868 ns/sw avg over 40000 switches / 234 ms)
  switch-probe: fastpath-swaps=0  (swapped inside the trap, so not in the switch row)
  switch:    1408/1920/31880 cyc  (p50/p99/max, n=40001)
  lock-hold: 2560/3840/63140 cyc  (p50/p99/max, n=80241)
  lock-site: core=0 site=0x80001e50 max=63140
  irq-probe: line=6 raise=inject on=0 raised=100 hcore=0 foreign=0 win=19780
  irq:       1408/15340/15340 cyc  (p50/max/max, n=100)
  wcase-probe: line=6 raise=inject on=0 raised=100 hcore=0 foreign=0 win=4380
  wcase-irq[0B]:    1536/3780/3780 cyc  (p50/max/max, n=100)
  wcase-probe: line=6 raise=inject on=0 raised=100 hcore=0 foreign=0 win=3900
  wcase-irq[64B]:   1792/3440/3440 cyc  (p50/max/max, n=100)
  wcase-probe: line=6 raise=inject on=0 raised=100 hcore=0 foreign=0 win=14860
  wcase-irq[256B]:  2304/14200/14200 cyc  (p50/max/max, n=100)
  wcase-probe: line=6 raise=inject on=0 raised=100 hcore=0 foreign=0 win=9220
  wcase-irq[1024B]: 4608/8500/8500 cyc  (p50/max/max, n=100)
  e2e-settle: settled=2/2
  e2e-probe: line=7 closed=1000 dropped=0 tare=1400/1776 ns  (min/avg, n=64)
  e2e-passes: asked=1000 raised=1000
  e2e-local: 6144/6656/29400 ns  (p50/p99/max, n=1000)
  xtask ping-pong: 5905 ns/switch  (40000 switches / 236 ms)
  xtask call/reply: 16 B  10197 ns/round-trip  (98063 round-trips/s over 20000 calls / 203 ms)
  spawn/exit: thread 18288 ns  (200 reps / 3 ms)
  spawn/exit: task 21199 ns  (200 reps / 4 ms)
bench: done
POLL_OK=1 POLL_MS=5400
