[2J[001;001H[=3h[2J[001;001H[2J[001;001H[8;042;160t[2J[001;001H[2J[001;001H[8;056;240t[2J[001;001HBdsDxe: loading Boot0002 "UEFI QEMU HARDDISK QM00001 " from PciRoot(0x0)/Pci(0x1F,0x2)/Sata(0x0,0xFFFF,0x0)
BdsDxe: starting Boot0002 "UEFI QEMU HARDDISK QM00001 " from PciRoot(0x0)/Pci(0x1F,0x2)/Sata(0x0,0xFFFF,0x0)

KICKOS-X1 8c41d7a2 x86_64/q35 uefi-handover entry
KICKOS-X1 8c41d7a2 x86_64/q35 uefi-handover handover if=1 paging=1 longmode=1 root=1 wp=1 nx=1 nxcap=1
KICKOS-X1 8c41d7a2 x86_64/q35 uefi-handover if_after_cli=0
KICKOS-X1 8c41d7a2 x86_64/q35 uefi-handover firmware=Debian distribution of EDK II
KICKOS-X1 8c41d7a2 x86_64/q35 uefi-handover revision=0x0000000000020046
KICKOS-X1 8c41d7a2 x86_64/q35 uefi-handover map descriptors=109 stride=48 version=1 conventional_pages=117679 arena=0x0000000001800000 arena_pages=107372
KICKOS-X1 8c41d7a2 x86_64/q35 uefi-handover fp found em=0 ts=0 mp=1 osfxsr=1 osxmmexcpt=1 osxsave=0
KICKOS-X1 8c41d7a2 x86_64/q35 uefi-handover fp trapped em=1 ts=1 mp=1 osfxsr=0 osxmmexcpt=0 osxsave=0
KICKOS-X1 8c41d7a2 x86_64/q35 uefi-handover boot services left
KICKOS-X1 8c41d7a2 x86_64/q35 uefi-handover if_after_exit=0
x86_64 app relocation: base=0x0000000000400000 load_delta=0x0000000000000000 app_words=0

  ==============================================
   KickOS 0.5.1  -  microkernel RTOS
  ==============================================
   board   qemu-x86_64
   arch    x86_64
   cpu     x86-64
   mpu     off
   sched   tickless
   build   2026-09-29 07:40:25 +0200
   app     Sep 29 2026 00:56:20 +0200
   commit  15947db7-dirty
   heap    none
   kstack  4096 B x 33 = 135168 B

microbenchmark: context-switch throughput (all arches) + per-switch cost
+ IRQ-entry latency where a cycle counter exists. Reporter woken by the
workload, not a timer. Telemetry OFF for clean numbers.
cycle counter: 1999688912 Hz (0 = no rate converts a reading; cycles only)

  lock-probe: hold+1 core=0 depth=0  (three nested, one outermost)
  call/reply: 8 B  11819 ns/round-trip  (84607 round-trips/s over 20000 calls / 236 ms)
  call/reply: 16 B  11723 ns/round-trip  (85297 round-trips/s over 20000 calls / 234 ms)
  call/reply: 32 B  8556 ns/round-trip  (116870 round-trips/s over 20000 calls / 171 ms)
  call/reply: 64 B  7742 ns/round-trip  (129165 round-trips/s over 20000 calls / 154 ms)
  call/reply: 128 B  7812 ns/round-trip  (128005 round-trips/s over 20000 calls / 156 ms)
  call/reply: 256 B  7835 ns/round-trip  (127626 round-trips/s over 20000 calls / 156 ms)
  call/reply: 8 B  7699 ns/round-trip  (129871 round-trips/s over 20000 calls / 153 ms) [generic path]
  call/reply: 16 B  7832 ns/round-trip  (127671 round-trips/s over 20000 calls / 156 ms) [generic path]
  call/reply: 32 B  7711 ns/round-trip  (129681 round-trips/s over 20000 calls / 154 ms) [generic path]
  call/reply: 64 B  7791 ns/round-trip  (128351 round-trips/s over 20000 calls / 155 ms) [generic path]
  call/reply: 128 B  7719 ns/round-trip  (129536 round-trips/s over 20000 calls / 154 ms) [generic path]
  call/reply: 256 B  7743 ns/round-trip  (129133 round-trips/s over 20000 calls / 154 ms) [generic path]
  call/reply: 32 B  8111 ns/round-trip  (123279 round-trips/s over 20000 calls / 162 ms) [caller outranks server, D1 donates]
  phase table (44 rows; cyc avg/max, min last and a floor; leaf -= NULL, composite -= NULL + k*(NEST-NULL)):
    NULL             16/9440  min=1  n=260000
    NEST             91/37960  min=60  n=260000
    NEST_LOCK        52/60180  min=40  n=260000
    CALL_TOTAL       15773/2826980  min=13660  n=259999
    CALL_VALIDATE    191/155380  min=140  n=260000
    CALL_LOCKED      15223/2826060  min=13180  n=259999
    CALL_RESOLVE     230/23140  min=180  n=260000
    CALL_PEEK        51/32520  min=20  n=260000
    CALL_PROBE       88/40740  min=60  n=259999
    CALL_POP         136/55360  min=100  n=259999
    CALL_COPY        1527/134540  min=1300  n=259999
    CALL_MINT        1492/281740  min=1260  n=259999
    CALL_MINT_CAP    430/145360  min=339  n=259999
    CALL_MINT_INFO   908/178780  min=760  n=259999
    CALL_DONATE      113/21400  min=80  n=19999
    CALL_PARK        265/105260  min=200  n=259999
    CALL_WAKE        10391/2819140  min=8980  n=259999
    CALL_RESUME      162/44460  min=120  n=260000
    CALL_SLOW_TOTAL  429520/429520  min=429520  n=1
    CALL_SLOW_LOCKED 411780/411780  min=411780  n=1
    CALL_SLOW_DONATE 0/0  min=0  n=0
    CALL_SLOW_PARK   314520/314520  min=314520  n=1
    RECV_LOCKED      10725/1872440  min=9320  n=259999
    RECV_RESOLVE     272/130340  min=219  n=260000
    RECV_SCAN        154/57820  min=100  n=259999
    RECV_PARK        10034/1617100  min=8720  n=259999
    REPLY_TOTAL      85541/717760  min=13600  n=13
    REPLY_VALIDATE   9852/30520  min=4040  n=13
    REPLY_LOCKED     2630/752380  min=2220  n=260000
    REPLY_LOOKUP     345/310100  min=280  n=260000
    REPLY_COPY       1533/750820  min=1280  n=260000
    REPLY_FUNNEL     209/94900  min=160  n=260000
    REPLY_WAKE       241/44140  min=200  n=260000
    REPLY_RECV_TOTAL 15339/2428900  min=13300  n=260000
    REPLY_RECV_TAIL  464/148240  min=380  n=259999
    WAKE_UNPARK      72/39960  min=40  n=520012
    PICK_NEXT        52/22340  min=20  n=520064
    SWITCH_TO        18210/474870860  min=8280  n=520013
    SWITCH_BOOK      73/179239  min=40  n=520039
    MPU_APPLY        121/104480  min=80  n=520039
    MPU_COMMIT       0/0  min=0  n=0
    REENT_SEAT       0/0  min=0  n=0
    KTIME_REARM      68/13920  min=40  n=520039
    ARCH_SWITCH      17625/474734940  min=7740  n=520013
  ns-probe: cyc=4294967295 ns=2147817727 capped=0
  sat-probe: width=64 fits+1/0 wide+0/1 max=1000

  throughput: 531508 ctx-sw/s  (1881 ns/sw avg over 40000 switches / 75 ms)
  switch-probe: fastpath-swaps=0  (swapped inside the trap, so not in the switch row)
  switch:    60/80/340 cyc  30/40/170 ns  (p50/p99/max, n=40002)
  lock-hold: 1024/1920/59300 cyc  512/960/29654 ns  (p50/p99/max, n=80245)
  lock-site: core=0 site=0x409dac max=59300
  irq-probe: line=6 raise=inject on=0 raised=100 hcore=none foreign=0 win=0
  irq:       0/0/0 cyc  0/0/0 ns  (p50/max/max, n=0)
  wcase-probe: line=6 raise=inject on=0 raised=100 hcore=none foreign=0 win=0
  wcase-irq[0B]:    0/0/0 cyc  0/0/0 ns  (p50/max/max, n=0)
  wcase-probe: line=6 raise=inject on=0 raised=100 hcore=none foreign=0 win=0
  wcase-irq[64B]:   0/0/0 cyc  0/0/0 ns  (p50/max/max, n=0)
  wcase-probe: line=6 raise=inject on=0 raised=100 hcore=none foreign=0 win=0
  wcase-irq[256B]:  0/0/0 cyc  0/0/0 ns  (p50/max/max, n=0)
  wcase-probe: line=6 raise=inject on=0 raised=100 hcore=none foreign=0 win=0
  wcase-irq[1024B]: 0/0/0 cyc  0/0/0 ns  (p50/max/max, n=0)
  e2e-settle: settled=2/2
  e2e-probe: line=7 closed=1000 dropped=0 tare=290/563 ns  (min/avg, n=64)
  e2e-passes: asked=1000 raised=1000
  e2e-local: 3840/6144/575610 ns  (p50/p99/max, n=1000)
  throughput: 529185 ctx-sw/s  (1889 ns/sw avg over 40000 switches / 75 ms)
  switch-probe: fastpath-swaps=0  (swapped inside the trap, so not in the switch row)
  switch:    60/80/8320 cyc  30/40/4160 ns  (p50/p99/max, n=40002)
  lock-hold: 960/1792/42160 cyc  480/896/21083 ns  (p50/p99/max, n=80250)
  lock-site: core=0 site=0x416918 max=42160
  irq-probe: line=6 raise=inject on=0 raised=100 hcore=none foreign=0 win=0
  irq:       0/0/0 cyc  0/0/0 ns  (p50/max/max, n=0)
  wcase-probe: line=6 raise=inject on=0 raised=100 hcore=none foreign=0 win=0
  wcase-irq[0B]:    0/0/0 cyc  0/0/0 ns  (p50/max/max, n=0)
  wcase-probe: line=6 raise=inject on=0 raised=100 hcore=none foreign=0 win=0
  wcase-irq[64B]:   0/0/0 cyc  0/0/0 ns  (p50/max/max, n=0)
  wcase-probe: line=6 raise=inject on=0 raised=100 hcore=none foreign=0 win=0
  wcase-irq[256B]:  0/0/0 cyc  0/0/0 ns  (p50/max/max, n=0)
  wcase-probe: line=6 raise=inject on=0 raised=100 hcore=none foreign=0 win=0
  wcase-irq[1024B]: 0/0/0 cyc  0/0/0 ns  (p50/max/max, n=0)
  e2e-settle: settled=2/2
  e2e-probe: line=7 closed=1000 dropped=0 tare=290/563 ns  (min/avg, n=64)
  e2e-passes: asked=1000 raised=1000
  e2e-local: 4096/5120/68371 ns  (p50/p99/max, n=1000)
  throughput: 525987 ctx-sw/s  (1901 ns/sw avg over 40000 switches / 76 ms)
  switch-probe: fastpath-swaps=0  (swapped inside the trap, so not in the switch row)
  switch:    60/80/220 cyc  30/40/110 ns  (p50/p99/max, n=40002)
  lock-hold: 896/1792/12000 cyc  448/896/6000 ns  (p50/p99/max, n=80248)
  lock-site: core=0 site=0x416918 max=12000
  irq-probe: line=6 raise=inject on=0 raised=100 hcore=none foreign=0 win=0
  irq:       0/0/0 cyc  0/0/0 ns  (p50/max/max, n=0)
  wcase-probe: line=6 raise=inject on=0 raised=100 hcore=none foreign=0 win=0
  wcase-irq[0B]:    0/0/0 cyc  0/0/0 ns  (p50/max/max, n=0)
  wcase-probe: line=6 raise=inject on=0 raised=100 hcore=none foreign=0 win=0
  wcase-irq[64B]:   0/0/0 cyc  0/0/0 ns  (p50/max/max, n=0)
  wcase-probe: line=6 raise=inject on=0 raised=100 hcore=none foreign=0 win=0
  wcase-irq[256B]:  0/0/0 cyc  0/0/0 ns  (p50/max/max, n=0)
  wcase-probe: line=6 raise=inject on=0 raised=100 hcore=none foreign=0 win=0
  wcase-irq[1024B]: 0/0/0 cyc  0/0/0 ns  (p50/max/max, n=0)
  e2e-settle: settled=2/2
  e2e-probe: line=7 closed=1000 dropped=0 tare=290/563 ns  (min/avg, n=64)
  e2e-passes: asked=1000 raised=1000
  e2e-local: 4096/4096/54419 ns  (p50/p99/max, n=1000)
  xtask ping-pong: 7592 ns/switch  (40000 switches / 303 ms)
  xtask call/reply: 16 B  24486 ns/round-trip  (40839 round-trips/s over 20000 calls / 489 ms)
  spawn/exit: thread 37922 ns  (200 reps / 7 ms)
  spawn/exit: task 86467 ns  (200 reps / 17 ms)
bench: done

KICKOS-EXIT status 0
POLL_OK=1 POLL_MS=5200
