
  ==============================================
   KickOS 0.5.1  -  microkernel RTOS
  ==============================================
   board   qemu-riscv64
   arch    rv64imac
   cpu     rv64imac_zicsr_zmmul_zaamo_zalrsc_zca
   mpu     off
   sched   tickless
   build   2026-09-29 07:39:58 +0200
   app     Sep 29 2026 07:40:00 +0200
   commit  15947db7-dirty
   heap    64 KiB available
   kstack  4096 B x 17 = 69632 B

microbenchmark: context-switch throughput (all arches) + per-switch cost
+ IRQ-entry latency where a cycle counter exists. Reporter woken by the
workload, not a timer. Telemetry OFF for clean numbers.
cycle counter: 0 Hz (0 = no rate converts a reading; cycles only)

  lock-probe: hold+1 core=0 depth=0  (three nested, one outermost)
  call/reply: 8 B  21609 ns/round-trip  (46275 round-trips/s over 20000 calls / 432 ms)
  call/reply: 16 B  20957 ns/round-trip  (47714 round-trips/s over 20000 calls / 419 ms)
  call/reply: 32 B  21014 ns/round-trip  (47586 round-trips/s over 20000 calls / 420 ms)
  call/reply: 64 B  20924 ns/round-trip  (47791 round-trips/s over 20000 calls / 418 ms)
  call/reply: 128 B  21064 ns/round-trip  (47473 round-trips/s over 20000 calls / 421 ms)
  call/reply: 256 B  21114 ns/round-trip  (47360 round-trips/s over 20000 calls / 422 ms)
  call/reply: 8 B  20988 ns/round-trip  (47644 round-trips/s over 20000 calls / 419 ms) [generic path]
  call/reply: 16 B  21026 ns/round-trip  (47559 round-trips/s over 20000 calls / 420 ms) [generic path]
  call/reply: 32 B  21295 ns/round-trip  (46958 round-trips/s over 20000 calls / 425 ms) [generic path]
  call/reply: 64 B  21198 ns/round-trip  (47173 round-trips/s over 20000 calls / 423 ms) [generic path]
  call/reply: 128 B  21599 ns/round-trip  (46296 round-trips/s over 20000 calls / 431 ms) [generic path]
  call/reply: 256 B  21365 ns/round-trip  (46805 round-trips/s over 20000 calls / 427 ms) [generic path]
  call/reply: 32 B  21489 ns/round-trip  (46535 round-trips/s over 20000 calls / 429 ms) [caller outranks server, D1 donates]
  phase table (44 rows; cyc avg/max, min last and a floor; leaf -= NULL, composite -= NULL + k*(NEST-NULL)):
    NULL             125/10520  min=100  n=260000
    NEST             532/58780  min=480  n=260000
    NEST_LOCK        612/52140  min=540  n=260000
    CALL_TOTAL       39285/2123040  min=37300  n=259999
    CALL_VALIDATE    336/61040  min=300  n=260000
    CALL_LOCKED      37682/2121380  min=35780  n=259999
    CALL_RESOLVE     508/23280  min=440  n=260000
    CALL_PEEK        197/104400  min=160  n=260000
    CALL_PROBE       263/33160  min=240  n=259999
    CALL_POP         385/59260  min=340  n=259999
    CALL_COPY        2788/181640  min=2560  n=259999
    CALL_MINT        2993/229140  min=2800  n=259999
    CALL_MINT_CAP    548/139560  min=500  n=259999
    CALL_MINT_INFO   1568/70800  min=1400  n=259999
    CALL_DONATE      294/19420  min=260  n=19999
    CALL_PARK        576/104500  min=500  n=259999
    CALL_WAKE        25414/2109340  min=24160  n=259999
    CALL_RESUME      223/21520  min=200  n=260000
    CALL_SLOW_TOTAL  384300/384300  min=384300  n=1
    CALL_SLOW_LOCKED 372360/372360  min=372360  n=1
    CALL_SLOW_DONATE 0/0  min=0  n=0
    CALL_SLOW_PARK   273500/273500  min=273500  n=1
    RECV_LOCKED      28978/1501420  min=27420  n=259999
    RECV_RESOLVE     599/113200  min=520  n=260000
    RECV_SCAN        361/53320  min=320  n=259999
    RECV_PARK        26883/1295460  min=25400  n=259999
    REPLY_TOTAL      119270/1122840  min=19240  n=13
    REPLY_VALIDATE   10363/24200  min=5440  n=13
    REPLY_LOCKED     5704/500740  min=5320  n=260000
    REPLY_LOOKUP     597/268560  min=540  n=260000
    REPLY_COPY       2635/127620  min=2380  n=260000
    REPLY_FUNNEL     345/166320  min=280  n=260000
    REPLY_WAKE       795/91180  min=700  n=260000
    REPLY_RECV_TOTAL 38191/1976140  min=36160  n=260000
    REPLY_RECV_TAIL  1122/140720  min=1020  n=259999
    WAKE_UNPARK      254/35300  min=180  n=520012
    PICK_NEXT        375/158860  min=340  n=520064
    SWITCH_TO        45815/864769240  min=22700  n=520013
    SWITCH_BOOK      206/159220  min=180  n=520039
    MPU_APPLY        369/32640  min=320  n=520039
    MPU_COMMIT       0/0  min=0  n=0
    REENT_SEAT       137/43760  min=100  n=520039
    KTIME_REARM      310/158280  min=220  n=520039
    ARCH_SWITCH      43440/864612780  min=20400  n=520013
  ns-probe: rate=0 (nothing converts, so no ns column is printed)
  sat-probe: width=64 fits+1/0 wide+0/1 max=1000

  throughput: 164074 ctx-sw/s  (6094 ns/sw avg over 40000 switches / 243 ms)
  switch-probe: fastpath-swaps=0  (swapped inside the trap, so not in the switch row)
  switch:    240/320/15060 cyc  (p50/p99/max, n=40002)
  lock-hold: 3328/4608/69640 cyc  (p50/p99/max, n=80236)
  lock-site: core=0 site=0xffffffff80002ae2 max=69640
  irq-probe: line=6 raise=inject on=0 raised=100 hcore=none foreign=0 win=0
  irq:       0/0/0 cyc  (p50/max/max, n=0)
  wcase-probe: line=6 raise=inject on=0 raised=100 hcore=none foreign=0 win=0
  wcase-irq[0B]:    0/0/0 cyc  (p50/max/max, n=0)
  wcase-probe: line=6 raise=inject on=0 raised=100 hcore=none foreign=0 win=0
  wcase-irq[64B]:   0/0/0 cyc  (p50/max/max, n=0)
  wcase-probe: line=6 raise=inject on=0 raised=100 hcore=none foreign=0 win=0
  wcase-irq[256B]:  0/0/0 cyc  (p50/max/max, n=0)
  wcase-probe: line=6 raise=inject on=0 raised=100 hcore=none foreign=0 win=0
  wcase-irq[1024B]: 0/0/0 cyc  (p50/max/max, n=0)
  e2e-settle: settled=2/2
  e2e-probe: line=7 closed=1000 dropped=0 tare=900/1226 ns  (min/avg, n=64)
  e2e-passes: asked=1000 raised=1000
  e2e-local: 6144/6144/231400 ns  (p50/p99/max, n=1000)
  throughput: 165255 ctx-sw/s  (6051 ns/sw avg over 40000 switches / 242 ms)
  switch-probe: fastpath-swaps=0  (swapped inside the trap, so not in the switch row)
  switch:    240/320/73920 cyc  (p50/p99/max, n=40002)
  lock-hold: 4096/4608/109660 cyc  (p50/p99/max, n=80239)
  lock-site: core=0 site=0xffffffff800014a2 max=109660
  irq-probe: line=6 raise=inject on=0 raised=100 hcore=none foreign=0 win=0
  irq:       0/0/0 cyc  (p50/max/max, n=0)
  wcase-probe: line=6 raise=inject on=0 raised=100 hcore=none foreign=0 win=0
  wcase-irq[0B]:    0/0/0 cyc  (p50/max/max, n=0)
  wcase-probe: line=6 raise=inject on=0 raised=100 hcore=none foreign=0 win=0
  wcase-irq[64B]:   0/0/0 cyc  (p50/max/max, n=0)
  wcase-probe: line=6 raise=inject on=0 raised=100 hcore=none foreign=0 win=0
  wcase-irq[256B]:  0/0/0 cyc  (p50/max/max, n=0)
  wcase-probe: line=6 raise=inject on=0 raised=100 hcore=none foreign=0 win=0
  wcase-irq[1024B]: 0/0/0 cyc  (p50/max/max, n=0)
  e2e-settle: settled=2/2
  e2e-probe: line=7 closed=1000 dropped=0 tare=900/1226 ns  (min/avg, n=64)
  e2e-passes: asked=1000 raised=1000
  e2e-local: 5632/8192/27100 ns  (p50/p99/max, n=1000)
  throughput: 167361 ctx-sw/s  (5975 ns/sw avg over 40000 switches / 239 ms)
  switch-probe: fastpath-swaps=0  (swapped inside the trap, so not in the switch row)
  switch:    240/320/7160 cyc  (p50/p99/max, n=40002)
  lock-hold: 3584/6144/112680 cyc  (p50/p99/max, n=80238)
  lock-site: core=0 site=0xffffffff80002ae2 max=112680
  irq-probe: line=6 raise=inject on=0 raised=100 hcore=none foreign=0 win=0
  irq:       0/0/0 cyc  (p50/max/max, n=0)
  wcase-probe: line=6 raise=inject on=0 raised=100 hcore=none foreign=0 win=0
  wcase-irq[0B]:    0/0/0 cyc  (p50/max/max, n=0)
  wcase-probe: line=6 raise=inject on=0 raised=100 hcore=none foreign=0 win=0
  wcase-irq[64B]:   0/0/0 cyc  (p50/max/max, n=0)
  wcase-probe: line=6 raise=inject on=0 raised=100 hcore=none foreign=0 win=0
  wcase-irq[256B]:  0/0/0 cyc  (p50/max/max, n=0)
  wcase-probe: line=6 raise=inject on=0 raised=100 hcore=none foreign=0 win=0
  wcase-irq[1024B]: 0/0/0 cyc  (p50/max/max, n=0)
  e2e-settle: settled=2/2
  e2e-probe: line=7 closed=1000 dropped=0 tare=900/1226 ns  (min/avg, n=64)
  e2e-passes: asked=1000 raised=1000
  e2e-local: 5632/9216/28200 ns  (p50/p99/max, n=1000)
  xtask ping-pong: 12318 ns/switch  (40000 switches / 492 ms)
  xtask call/reply: 16 B  37982 ns/round-trip  (26327 round-trips/s over 20000 calls / 759 ms)
  spawn/exit: thread 54129 ns  (200 reps / 10 ms)
  spawn/exit: task 135762 ns  (200 reps / 27 ms)
bench: done
POLL_OK=1 POLL_MS=8400
