
  ==============================================
   KickOS 0.5.1  -  microkernel RTOS
  ==============================================
   board   qemu-arm64
   arch    armv8a
   cpu     cortex-a53
   mpu     off
   sched   tickless
   build   2026-09-29 07:39:58 +0200
   app     Sep 29 2026 07:39:59 +0200
   commit  15947db7-dirty
   heap    64 KiB available
   kstack  4096 B x 17 = 69632 B

microbenchmark: context-switch throughput (all arches) + per-switch cost
+ IRQ-entry latency where a cycle counter exists. Reporter woken by the
workload, not a timer. Telemetry OFF for clean numbers.
cycle counter: 0 Hz (0 = no rate converts a reading; cycles only)

  lock-probe: hold+1 core=0 depth=0  (three nested, one outermost)
  call/reply: 8 B  20288 ns/round-trip  (49289 round-trips/s over 20000 calls / 405 ms)
  call/reply: 16 B  19980 ns/round-trip  (50048 round-trips/s over 20000 calls / 399 ms)
  call/reply: 32 B  19933 ns/round-trip  (50165 round-trips/s over 20000 calls / 398 ms)
  call/reply: 64 B  19938 ns/round-trip  (50153 round-trips/s over 20000 calls / 398 ms)
  call/reply: 128 B  20053 ns/round-trip  (49866 round-trips/s over 20000 calls / 401 ms)
  call/reply: 256 B  20000 ns/round-trip  (49998 round-trips/s over 20000 calls / 400 ms)
  call/reply: 8 B  19932 ns/round-trip  (50169 round-trips/s over 20000 calls / 398 ms) [generic path]
  call/reply: 16 B  19843 ns/round-trip  (50394 round-trips/s over 20000 calls / 396 ms) [generic path]
  call/reply: 32 B  19871 ns/round-trip  (50323 round-trips/s over 20000 calls / 397 ms) [generic path]
  call/reply: 64 B  20024 ns/round-trip  (49938 round-trips/s over 20000 calls / 400 ms) [generic path]
  call/reply: 128 B  19936 ns/round-trip  (50158 round-trips/s over 20000 calls / 398 ms) [generic path]
  call/reply: 256 B  20164 ns/round-trip  (49591 round-trips/s over 20000 calls / 403 ms) [generic path]
  call/reply: 32 B  20187 ns/round-trip  (49535 round-trips/s over 20000 calls / 403 ms) [caller outranks server, D1 donates]
  phase table (44 rows; cyc avg/max, min last and a floor; leaf -= NULL, composite -= NULL + k*(NEST-NULL)):
    NULL             119/27692  min=100  n=260000
    NEST             340/46077  min=310  n=260000
    NEST_LOCK        251/28233  min=230  n=260000
    CALL_TOTAL       18290/1093852  min=17312  n=259999
    CALL_VALIDATE    167/42490  min=150  n=260000
    CALL_LOCKED      17478/1092530  min=16531  n=259999
    CALL_RESOLVE     227/16150  min=190  n=260000
    CALL_PEEK        183/15389  min=160  n=260000
    CALL_PROBE       141/56606  min=120  n=259999
    CALL_POP         174/25097  min=150  n=259999
    CALL_COPY        639/57308  min=551  n=259999
    CALL_MINT        1151/89228  min=1032  n=259999
    CALL_MINT_CAP    266/57950  min=230  n=259999
    CALL_MINT_INFO   459/30408  min=400  n=259999
    CALL_DONATE      183/9127  min=170  n=19999
    CALL_PARK        315/27652  min=290  n=259999
    CALL_WAKE        12306/1087461  min=11622  n=259999
    CALL_RESUME      160/23594  min=140  n=260000
    CALL_SLOW_TOTAL  225716/225716  min=225716  n=1
    CALL_SLOW_LOCKED 218792/218792  min=218792  n=1
    CALL_SLOW_DONATE 0/0  min=0  n=0
    CALL_SLOW_PARK   160543/160543  min=160543  n=1
    RECV_LOCKED      14625/608407  min=13876  n=259999
    RECV_RESOLVE     279/44985  min=250  n=260000
    RECV_SCAN        199/27361  min=180  n=259999
    RECV_PARK        13664/530921  min=12954  n=259999
    REPLY_TOTAL      53921/472351  min=11542  n=13
    REPLY_VALIDATE   6129/13836  min=4789  n=13
    REPLY_LOCKED     2103/207381  min=1874  n=260000
    REPLY_LOOKUP     371/93236  min=320  n=260000
    REPLY_COPY       555/30768  min=461  n=260000
    REPLY_FUNNEL     173/28353  min=140  n=260000
    REPLY_WAKE       400/54383  min=340  n=260000
    REPLY_RECV_TOTAL 18038/791282  min=17102  n=260000
    REPLY_RECV_TAIL  450/66084  min=410  n=259999
    WAKE_UNPARK      142/24095  min=100  n=520012
    PICK_NEXT        109/27431  min=80  n=520064
    SWITCH_TO        22278/406681383  min=10841  n=520013
    SWITCH_BOOK      138/78017  min=100  n=520039
    MPU_APPLY        179/22482  min=140  n=520039
    MPU_COMMIT       0/0  min=0  n=0
    REENT_SEAT       115/25358  min=90  n=520039
    KTIME_REARM      113/13255  min=100  n=520039
    ARCH_SWITCH      21026/406628313  min=9609  n=520013
  ns-probe: rate=0 (nothing converts, so no ns column is printed)
  sat-probe: width=64 fits+1/0 wide+0/1 max=1000

  throughput: 160213 ctx-sw/s  (6241 ns/sw avg over 40000 switches / 249 ms)
  switch-probe: fastpath-swaps=0  (swapped inside the trap, so not in the switch row)
  switch:    160/240/10710 cyc  (p50/p99/max, n=40002)
  lock-hold: 2560/3328/85562 cyc  (p50/p99/max, n=80236)
  lock-site: core=0 site=0xffffff80400191dc max=85562
  irq-probe: line=200 raise=inject on=0 raised=100 hcore=none foreign=0 win=0
  irq:       0/0/0 cyc  (p50/max/max, n=0)
  wcase-probe: line=200 raise=inject on=0 raised=100 hcore=none foreign=0 win=0
  wcase-irq[0B]:    0/0/0 cyc  (p50/max/max, n=0)
  wcase-probe: line=200 raise=inject on=0 raised=100 hcore=none foreign=0 win=0
  wcase-irq[64B]:   0/0/0 cyc  (p50/max/max, n=0)
  wcase-probe: line=200 raise=inject on=0 raised=100 hcore=none foreign=0 win=0
  wcase-irq[256B]:  0/0/0 cyc  (p50/max/max, n=0)
  wcase-probe: line=200 raise=inject on=0 raised=100 hcore=none foreign=0 win=0
  wcase-irq[1024B]: 0/0/0 cyc  (p50/max/max, n=0)
  e2e-settle: settled=2/2
  e2e-probe: line=201 closed=1000 dropped=0 tare=992/1276 ns  (min/avg, n=64)
  e2e-passes: asked=1000 raised=1000
  e2e-local: 8192/9216/246288 ns  (p50/p99/max, n=1000)
  throughput: 155274 ctx-sw/s  (6440 ns/sw avg over 40000 switches / 257 ms)
  switch-probe: fastpath-swaps=0  (swapped inside the trap, so not in the switch row)
  switch:    160/288/21641 cyc  (p50/p99/max, n=40002)
  lock-hold: 2560/4096/61215 cyc  (p50/p99/max, n=80239)
  lock-site: core=0 site=0xffffff80400191dc max=61215
  irq-probe: line=200 raise=inject on=0 raised=100 hcore=none foreign=0 win=0
  irq:       0/0/0 cyc  (p50/max/max, n=0)
  wcase-probe: line=200 raise=inject on=0 raised=100 hcore=none foreign=0 win=0
  wcase-irq[0B]:    0/0/0 cyc  (p50/max/max, n=0)
  wcase-probe: line=200 raise=inject on=0 raised=100 hcore=none foreign=0 win=0
  wcase-irq[64B]:   0/0/0 cyc  (p50/max/max, n=0)
  wcase-probe: line=200 raise=inject on=0 raised=100 hcore=none foreign=0 win=0
  wcase-irq[256B]:  0/0/0 cyc  (p50/max/max, n=0)
  wcase-probe: line=200 raise=inject on=0 raised=100 hcore=none foreign=0 win=0
  wcase-irq[1024B]: 0/0/0 cyc  (p50/max/max, n=0)
  e2e-settle: settled=2/2
  e2e-probe: line=201 closed=1000 dropped=0 tare=992/1276 ns  (min/avg, n=64)
  e2e-passes: asked=1000 raised=1000
  e2e-local: 8192/9216/46896 ns  (p50/p99/max, n=1000)
  throughput: 162914 ctx-sw/s  (6138 ns/sw avg over 40000 switches / 245 ms)
  switch-probe: fastpath-swaps=0  (swapped inside the trap, so not in the switch row)
  switch:    160/240/1142 cyc  (p50/p99/max, n=40002)
  lock-hold: 2560/2816/40196 cyc  (p50/p99/max, n=80238)
  lock-site: core=0 site=0xffffff8040006f20 max=40196
  irq-probe: line=200 raise=inject on=0 raised=100 hcore=none foreign=0 win=0
  irq:       0/0/0 cyc  (p50/max/max, n=0)
  wcase-probe: line=200 raise=inject on=0 raised=100 hcore=none foreign=0 win=0
  wcase-irq[0B]:    0/0/0 cyc  (p50/max/max, n=0)
  wcase-probe: line=200 raise=inject on=0 raised=100 hcore=none foreign=0 win=0
  wcase-irq[64B]:   0/0/0 cyc  (p50/max/max, n=0)
  wcase-probe: line=200 raise=inject on=0 raised=100 hcore=none foreign=0 win=0
  wcase-irq[256B]:  0/0/0 cyc  (p50/max/max, n=0)
  wcase-probe: line=200 raise=inject on=0 raised=100 hcore=none foreign=0 win=0
  wcase-irq[1024B]: 0/0/0 cyc  (p50/max/max, n=0)
  e2e-settle: settled=2/2
  e2e-probe: line=201 closed=1000 dropped=0 tare=992/1276 ns  (min/avg, n=64)
  e2e-passes: asked=1000 raised=1000
  e2e-local: 8192/12288/33680 ns  (p50/p99/max, n=1000)
  xtask ping-pong: 13859 ns/switch  (40000 switches / 554 ms)
  xtask call/reply: 16 B  41846 ns/round-trip  (23896 round-trips/s over 20000 calls / 836 ms)
  spawn/exit: thread 26803 ns  (200 reps / 5 ms)
  spawn/exit: task 111457 ns  (200 reps / 22 ms)
bench: done
POLL_OK=1 POLL_MS=8200
