
  ==============================================
   KickOS 0.5.1  -  microkernel RTOS
  ==============================================
   board   qemu-riscv64
   arch    rv64imac
   cpu     rv64imac_zicsr_zmmul_zaamo_zalrsc_zca
   mpu     off
   sched   tickless
   build   2026-09-29 07:39:58 +0200
   app     Sep 29 2026 07:40:00 +0200
   commit  15947db7-dirty
   heap    64 KiB available
   kstack  4096 B x 17 = 69632 B

microbenchmark: context-switch throughput (all arches) + per-switch cost
+ IRQ-entry latency where a cycle counter exists. Reporter woken by the
workload, not a timer. Telemetry OFF for clean numbers.
cycle counter: 0 Hz (0 = no rate converts a reading; cycles only)

  lock-probe: hold+1 core=0 depth=0  (three nested, one outermost)
  call/reply: 8 B  31917 ns/round-trip  (31330 round-trips/s over 20000 calls / 638 ms)
  call/reply: 16 B  31664 ns/round-trip  (31581 round-trips/s over 20000 calls / 633 ms)
  call/reply: 32 B  31666 ns/round-trip  (31578 round-trips/s over 20000 calls / 633 ms)
  call/reply: 64 B  31884 ns/round-trip  (31362 round-trips/s over 20000 calls / 637 ms)
  call/reply: 128 B  31939 ns/round-trip  (31308 round-trips/s over 20000 calls / 638 ms)
  call/reply: 256 B  31876 ns/round-trip  (31370 round-trips/s over 20000 calls / 637 ms)
  call/reply: 8 B  31490 ns/round-trip  (31755 round-trips/s over 20000 calls / 629 ms) [generic path]
  call/reply: 16 B  31405 ns/round-trip  (31841 round-trips/s over 20000 calls / 628 ms) [generic path]
  call/reply: 32 B  31466 ns/round-trip  (31780 round-trips/s over 20000 calls / 629 ms) [generic path]
  call/reply: 64 B  31477 ns/round-trip  (31768 round-trips/s over 20000 calls / 629 ms) [generic path]
  call/reply: 128 B  31543 ns/round-trip  (31702 round-trips/s over 20000 calls / 630 ms) [generic path]
  call/reply: 256 B  31691 ns/round-trip  (31553 round-trips/s over 20000 calls / 633 ms) [generic path]
  call/reply: 32 B  31798 ns/round-trip  (31448 round-trips/s over 20000 calls / 635 ms) [caller outranks server, D1 donates]
  phase table (44 rows; cyc avg/max, min last and a floor; leaf -= NULL, composite -= NULL + k*(NEST-NULL)):
    NULL             197/20680  min=100  n=260000
    NEST             815/21720  min=480  n=260000
    NEST_LOCK        928/43940  min=560  n=260000
    CALL_TOTAL       58687/2905060  min=37720  n=259999
    CALL_VALIDATE    497/75000  min=300  n=260000
    CALL_LOCKED      56275/2902480  min=36200  n=259999
    CALL_RESOLVE     776/28380  min=480  n=260000
    CALL_PEEK        293/24180  min=160  n=260000
    CALL_PROBE       393/33020  min=240  n=259999
    CALL_POP         532/59720  min=340  n=259999
    CALL_COPY        4156/58080  min=2580  n=259999
    CALL_MINT        4513/226980  min=2820  n=259999
    CALL_MINT_CAP    836/139000  min=500  n=259999
    CALL_MINT_INFO   2359/103740  min=1460  n=259999
    CALL_DONATE      427/21480  min=260  n=19999
    CALL_PARK        887/85220  min=540  n=259999
    CALL_WAKE        37878/2884120  min=24080  n=259999
    CALL_RESUME      335/39860  min=200  n=260000
    CALL_SLOW_TOTAL  500720/500720  min=500720  n=1
    CALL_SLOW_LOCKED 484780/484780  min=484780  n=1
    CALL_SLOW_DONATE 0/0  min=0  n=0
    CALL_SLOW_PARK   367580/367580  min=367580  n=1
    RECV_LOCKED      43331/1523360  min=27920  n=259999
    RECV_RESOLVE     880/111980  min=560  n=260000
    RECV_SCAN        538/53220  min=340  n=259999
    RECV_PARK        40197/1318720  min=25900  n=259999
    REPLY_TOTAL      159204/1484460  min=25680  n=13
    REPLY_VALIDATE   10424/32040  min=2840  n=13
    REPLY_LOCKED     8536/496160  min=5420  n=260000
    REPLY_LOOKUP     915/264400  min=560  n=260000
    REPLY_COPY       3949/76940  min=2440  n=260000
    REPLY_FUNNEL     484/82400  min=420  n=260000
    REPLY_WAKE       1197/37820  min=700  n=260000
    REPLY_RECV_TOTAL 57069/1993000  min=36660  n=260000
    REPLY_RECV_TAIL  1662/119660  min=1020  n=259999
    WAKE_UNPARK      379/34880  min=180  n=520012
    PICK_NEXT        561/21640  min=340  n=520064
    SWITCH_TO        68402/1276562880  min=22620  n=520013
    SWITCH_BOOK      320/208200  min=180  n=520039
    MPU_APPLY        554/88280  min=320  n=520039
    MPU_COMMIT       0/0  min=0  n=0
    REENT_SEAT       204/41080  min=100  n=520039
    KTIME_REARM      452/19160  min=260  n=520039
    ARCH_SWITCH      64915/1276411680  min=20340  n=520013
  ns-probe: rate=0 (nothing converts, so no ns column is printed)
  sat-probe: width=64 fits+1/0 wide+0/1 max=1000

  throughput: 110531 ctx-sw/s  (9047 ns/sw avg over 40000 switches / 361 ms)
  switch-probe: fastpath-swaps=0  (swapped inside the trap, so not in the switch row)
  switch:    352/384/12900 cyc  (p50/p99/max, n=40002)
  lock-hold: 3328/7168/75880 cyc  (p50/p99/max, n=80236)
  lock-site: core=0 site=0xffffffff80002ae2 max=75880
  irq-probe: line=6 raise=inject on=0 raised=100 hcore=none foreign=0 win=0
  irq:       0/0/0 cyc  (p50/max/max, n=0)
  wcase-probe: line=6 raise=inject on=0 raised=100 hcore=none foreign=0 win=0
  wcase-irq[0B]:    0/0/0 cyc  (p50/max/max, n=0)
  wcase-probe: line=6 raise=inject on=0 raised=100 hcore=none foreign=0 win=0
  wcase-irq[64B]:   0/0/0 cyc  (p50/max/max, n=0)
  wcase-probe: line=6 raise=inject on=0 raised=100 hcore=none foreign=0 win=0
  wcase-irq[256B]:  0/0/0 cyc  (p50/max/max, n=0)
  wcase-probe: line=6 raise=inject on=0 raised=100 hcore=none foreign=0 win=0
  wcase-irq[1024B]: 0/0/0 cyc  (p50/max/max, n=0)
  e2e-settle: settled=2/2
  e2e-probe: line=7 closed=1000 dropped=0 tare=1300/1851 ns  (min/avg, n=64)
  e2e-passes: asked=1000 raised=1000
  e2e-local: 9216/9216/337500 ns  (p50/p99/max, n=1000)
  throughput: 109821 ctx-sw/s  (9105 ns/sw avg over 40000 switches / 364 ms)
  switch-probe: fastpath-swaps=0  (swapped inside the trap, so not in the switch row)
  switch:    352/384/11400 cyc  (p50/p99/max, n=40002)
  lock-hold: 3328/7168/86800 cyc  (p50/p99/max, n=80239)
  lock-site: core=0 site=0xffffffff80002ae2 max=86800
  irq-probe: line=6 raise=inject on=0 raised=100 hcore=none foreign=0 win=0
  irq:       0/0/0 cyc  (p50/max/max, n=0)
  wcase-probe: line=6 raise=inject on=0 raised=100 hcore=none foreign=0 win=0
  wcase-irq[0B]:    0/0/0 cyc  (p50/max/max, n=0)
  wcase-probe: line=6 raise=inject on=0 raised=100 hcore=none foreign=0 win=0
  wcase-irq[64B]:   0/0/0 cyc  (p50/max/max, n=0)
  wcase-probe: line=6 raise=inject on=0 raised=100 hcore=none foreign=0 win=0
  wcase-irq[256B]:  0/0/0 cyc  (p50/max/max, n=0)
  wcase-probe: line=6 raise=inject on=0 raised=100 hcore=none foreign=0 win=0
  wcase-irq[1024B]: 0/0/0 cyc  (p50/max/max, n=0)
  e2e-settle: settled=2/2
  e2e-probe: line=7 closed=1000 dropped=0 tare=1300/1851 ns  (min/avg, n=64)
  e2e-passes: asked=1000 raised=1000
  e2e-local: 9216/9216/39200 ns  (p50/p99/max, n=1000)
  throughput: 110387 ctx-sw/s  (9058 ns/sw avg over 40000 switches / 362 ms)
  switch-probe: fastpath-swaps=0  (swapped inside the trap, so not in the switch row)
  switch:    352/384/18480 cyc  (p50/p99/max, n=40002)
  lock-hold: 3328/7168/45460 cyc  (p50/p99/max, n=80239)
  lock-site: core=0 site=0xffffffff800014a2 max=45460
  irq-probe: line=6 raise=inject on=0 raised=100 hcore=none foreign=0 win=0
  irq:       0/0/0 cyc  (p50/max/max, n=0)
  wcase-probe: line=6 raise=inject on=0 raised=100 hcore=none foreign=0 win=0
  wcase-irq[0B]:    0/0/0 cyc  (p50/max/max, n=0)
  wcase-probe: line=6 raise=inject on=0 raised=100 hcore=none foreign=0 win=0
  wcase-irq[64B]:   0/0/0 cyc  (p50/max/max, n=0)
  wcase-probe: line=6 raise=inject on=0 raised=100 hcore=none foreign=0 win=0
  wcase-irq[256B]:  0/0/0 cyc  (p50/max/max, n=0)
  wcase-probe: line=6 raise=inject on=0 raised=100 hcore=none foreign=0 win=0
  wcase-irq[1024B]: 0/0/0 cyc  (p50/max/max, n=0)
  e2e-settle: settled=2/2
  e2e-probe: line=7 closed=1000 dropped=0 tare=1300/1851 ns  (min/avg, n=64)
  e2e-passes: asked=1000 raised=1000
  e2e-local: 9216/9216/49900 ns  (p50/p99/max, n=1000)
  xtask ping-pong: 17856 ns/switch  (40000 switches / 714 ms)
  xtask call/reply: 16 B  56035 ns/round-trip  (17845 round-trips/s over 20000 calls / 1120 ms)
  spawn/exit: thread 79075 ns  (200 reps / 15 ms)
  spawn/exit: task 191801 ns  (200 reps / 38 ms)
bench: done
POLL_OK=1 POLL_MS=12400
