
  ==============================================
   KickOS 0.5.1  -  microkernel RTOS
  ==============================================
   board   qemu-riscv64
   arch    rv64imac
   cpu     rv64imac_zicsr_zmmul_zaamo_zalrsc_zca
   mpu     off
   sched   tickless
   build   2026-09-29 07:39:58 +0200
   app     Sep 29 2026 07:40:00 +0200
   commit  15947db7-dirty
   heap    64 KiB available
   kstack  4096 B x 17 = 69632 B

microbenchmark: context-switch throughput (all arches) + per-switch cost
+ IRQ-entry latency where a cycle counter exists. Reporter woken by the
workload, not a timer. Telemetry OFF for clean numbers.
cycle counter: 0 Hz (0 = no rate converts a reading; cycles only)

  lock-probe: hold+1 core=0 depth=0  (three nested, one outermost)
  call/reply: 8 B  21209 ns/round-trip  (47149 round-trips/s over 20000 calls / 424 ms)
  call/reply: 16 B  21041 ns/round-trip  (47524 round-trips/s over 20000 calls / 420 ms)
  call/reply: 32 B  21163 ns/round-trip  (47252 round-trips/s over 20000 calls / 423 ms)
  call/reply: 64 B  21247 ns/round-trip  (47064 round-trips/s over 20000 calls / 424 ms)
  call/reply: 128 B  21084 ns/round-trip  (47427 round-trips/s over 20000 calls / 421 ms)
  call/reply: 256 B  21369 ns/round-trip  (46796 round-trips/s over 20000 calls / 427 ms)
  call/reply: 8 B  21179 ns/round-trip  (47215 round-trips/s over 20000 calls / 423 ms) [generic path]
  call/reply: 16 B  21025 ns/round-trip  (47560 round-trips/s over 20000 calls / 420 ms) [generic path]
  call/reply: 32 B  21496 ns/round-trip  (46520 round-trips/s over 20000 calls / 429 ms) [generic path]
  call/reply: 64 B  21280 ns/round-trip  (46991 round-trips/s over 20000 calls / 425 ms) [generic path]
  call/reply: 128 B  21326 ns/round-trip  (46889 round-trips/s over 20000 calls / 426 ms) [generic path]
  call/reply: 256 B  21454 ns/round-trip  (46610 round-trips/s over 20000 calls / 429 ms) [generic path]
  call/reply: 32 B  21416 ns/round-trip  (46692 round-trips/s over 20000 calls / 428 ms) [caller outranks server, D1 donates]
  phase table (44 rows; cyc avg/max, min last and a floor; leaf -= NULL, composite -= NULL + k*(NEST-NULL)):
    NULL             125/21120  min=100  n=260000
    NEST             535/52280  min=480  n=260000
    NEST_LOCK        612/35820  min=540  n=260000
    CALL_TOTAL       39378/2138220  min=37600  n=259999
    CALL_VALIDATE    338/252200  min=300  n=260000
    CALL_LOCKED      37762/2136560  min=36040  n=259999
    CALL_RESOLVE     514/21660  min=440  n=260000
    CALL_PEEK        197/46600  min=160  n=260000
    CALL_PROBE       268/72080  min=240  n=259999
    CALL_POP         396/128480  min=360  n=259999
    CALL_COPY        2766/289660  min=2520  n=259999
    CALL_MINT        3021/166160  min=2800  n=259999
    CALL_MINT_CAP    572/133920  min=520  n=259999
    CALL_MINT_INFO   1578/164180  min=1420  n=259999
    CALL_DONATE      289/13320  min=260  n=19999
    CALL_PARK        572/56680  min=500  n=259999
    CALL_WAKE        25450/2124580  min=24220  n=259999
    CALL_RESUME      224/29660  min=200  n=260000
    CALL_SLOW_TOTAL  339560/339560  min=339560  n=1
    CALL_SLOW_LOCKED 328800/328800  min=328800  n=1
    CALL_SLOW_DONATE 0/0  min=0  n=0
    CALL_SLOW_PARK   249120/249120  min=249120  n=1
    RECV_LOCKED      29095/1006280  min=27800  n=259999
    RECV_RESOLVE     598/76380  min=520  n=260000
    RECV_SCAN        357/82700  min=320  n=259999
    RECV_PARK        27009/867320  min=25780  n=259999
    REPLY_TOTAL      119587/1098520  min=20100  n=13
    REPLY_VALIDATE   11203/25940  min=6420  n=13
    REPLY_LOCKED     5710/1114560  min=5320  n=260000
    REPLY_LOOKUP     595/199560  min=540  n=260000
    REPLY_COPY       2635/1096640  min=2380  n=260000
    REPLY_FUNNEL     325/476460  min=280  n=260000
    REPLY_WAKE       803/99740  min=700  n=260000
    REPLY_RECV_TOTAL 38296/1412920  min=36540  n=260000
    REPLY_RECV_TAIL  1112/169900  min=1020  n=259999
    WAKE_UNPARK      256/129480  min=180  n=520012
    PICK_NEXT        374/59740  min=340  n=520064
    SWITCH_TO        45931/858848980  min=22720  n=520013
    SWITCH_BOOK      213/160940  min=180  n=520039
    MPU_APPLY        367/37720  min=320  n=520039
    MPU_COMMIT       0/0  min=0  n=0
    REENT_SEAT       136/31340  min=100  n=520039
    KTIME_REARM      309/72460  min=220  n=520039
    ARCH_SWITCH      43552/858832740  min=20400  n=520013
  ns-probe: rate=0 (nothing converts, so no ns column is printed)
  sat-probe: width=64 fits+1/0 wide+0/1 max=1000

  throughput: 166577 ctx-sw/s  (6003 ns/sw avg over 40000 switches / 240 ms)
  switch-probe: fastpath-swaps=0  (swapped inside the trap, so not in the switch row)
  switch:    240/320/21460 cyc  (p50/p99/max, n=40002)
  lock-hold: 3584/4608/82580 cyc  (p50/p99/max, n=80236)
  lock-site: core=0 site=0xffffffff80002ae2 max=82580
  irq-probe: line=6 raise=inject on=0 raised=100 hcore=none foreign=0 win=0
  irq:       0/0/0 cyc  (p50/max/max, n=0)
  wcase-probe: line=6 raise=inject on=0 raised=100 hcore=none foreign=0 win=0
  wcase-irq[0B]:    0/0/0 cyc  (p50/max/max, n=0)
  wcase-probe: line=6 raise=inject on=0 raised=100 hcore=none foreign=0 win=0
  wcase-irq[64B]:   0/0/0 cyc  (p50/max/max, n=0)
  wcase-probe: line=6 raise=inject on=0 raised=100 hcore=none foreign=0 win=0
  wcase-irq[256B]:  0/0/0 cyc  (p50/max/max, n=0)
  wcase-probe: line=6 raise=inject on=0 raised=100 hcore=none foreign=0 win=0
  wcase-irq[1024B]: 0/0/0 cyc  (p50/max/max, n=0)
  e2e-settle: settled=2/2
  e2e-probe: line=7 closed=1000 dropped=0 tare=900/1235 ns  (min/avg, n=64)
  e2e-passes: asked=1000 raised=1000
  e2e-local: 6144/9216/238400 ns  (p50/p99/max, n=1000)
  throughput: 165116 ctx-sw/s  (6056 ns/sw avg over 40000 switches / 242 ms)
  switch-probe: fastpath-swaps=0  (swapped inside the trap, so not in the switch row)
  switch:    240/352/1600 cyc  (p50/p99/max, n=40002)
  lock-hold: 3840/6656/105360 cyc  (p50/p99/max, n=80238)
  lock-site: core=0 site=0xffffffff80002ae2 max=105360
  irq-probe: line=6 raise=inject on=0 raised=100 hcore=none foreign=0 win=0
  irq:       0/0/0 cyc  (p50/max/max, n=0)
  wcase-probe: line=6 raise=inject on=0 raised=100 hcore=none foreign=0 win=0
  wcase-irq[0B]:    0/0/0 cyc  (p50/max/max, n=0)
  wcase-probe: line=6 raise=inject on=0 raised=100 hcore=none foreign=0 win=0
  wcase-irq[64B]:   0/0/0 cyc  (p50/max/max, n=0)
  wcase-probe: line=6 raise=inject on=0 raised=100 hcore=none foreign=0 win=0
  wcase-irq[256B]:  0/0/0 cyc  (p50/max/max, n=0)
  wcase-probe: line=6 raise=inject on=0 raised=100 hcore=none foreign=0 win=0
  wcase-irq[1024B]: 0/0/0 cyc  (p50/max/max, n=0)
  e2e-settle: settled=2/2
  e2e-probe: line=7 closed=1000 dropped=0 tare=900/1235 ns  (min/avg, n=64)
  e2e-passes: asked=1000 raised=1000
  e2e-local: 6144/8192/45300 ns  (p50/p99/max, n=1000)
  throughput: 164945 ctx-sw/s  (6062 ns/sw avg over 40000 switches / 242 ms)
  switch-probe: fastpath-swaps=0  (swapped inside the trap, so not in the switch row)
  switch:    240/256/11920 cyc  (p50/p99/max, n=40002)
  lock-hold: 3328/4608/947140 cyc  (p50/p99/max, n=80239)
  lock-site: core=0 site=0xffffffff800014a2 max=947140
  irq-probe: line=6 raise=inject on=0 raised=100 hcore=none foreign=0 win=0
  irq:       0/0/0 cyc  (p50/max/max, n=0)
  wcase-probe: line=6 raise=inject on=0 raised=100 hcore=none foreign=0 win=0
  wcase-irq[0B]:    0/0/0 cyc  (p50/max/max, n=0)
  wcase-probe: line=6 raise=inject on=0 raised=100 hcore=none foreign=0 win=0
  wcase-irq[64B]:   0/0/0 cyc  (p50/max/max, n=0)
  wcase-probe: line=6 raise=inject on=0 raised=100 hcore=none foreign=0 win=0
  wcase-irq[256B]:  0/0/0 cyc  (p50/max/max, n=0)
  wcase-probe: line=6 raise=inject on=0 raised=100 hcore=none foreign=0 win=0
  wcase-irq[1024B]: 0/0/0 cyc  (p50/max/max, n=0)
  e2e-settle: settled=2/2
  e2e-probe: line=7 closed=1000 dropped=0 tare=900/1235 ns  (min/avg, n=64)
  e2e-passes: asked=1000 raised=1000
  e2e-local: 5632/7680/42400 ns  (p50/p99/max, n=1000)
  xtask ping-pong: 11973 ns/switch  (40000 switches / 478 ms)
  xtask call/reply: 16 B  38069 ns/round-trip  (26267 round-trips/s over 20000 calls / 761 ms)
  spawn/exit: thread 52516 ns  (200 reps / 10 ms)
  spawn/exit: task 128782 ns  (200 reps / 25 ms)
bench: done
POLL_OK=1 POLL_MS=8400
