
  ==============================================
   KickOS 0.5.1  -  microkernel RTOS
  ==============================================
   board   qemu-riscv
   arch    rv32imac
   cpu     rv32imac_zicsr
   mpu     off
   sched   tickless
   build   2026-09-29 07:39:58 +0200
   app     Sep 29 2026 07:40:00 +0200
   commit  15947db7-dirty
   heap    16 KiB available
   kstack  1184 B x 17 = 20128 B

microbenchmark: context-switch throughput (all arches) + per-switch cost
+ IRQ-entry latency where a cycle counter exists. Reporter woken by the
workload, not a timer. Telemetry OFF for clean numbers.
cycle counter: 0 Hz (0 = no rate converts a reading; cycles only)

  lock-probe: hold+1 core=0 depth=0  (three nested, one outermost)
  call/reply: 8 B  15505 ns/round-trip  (64492 round-trips/s over 20000 calls / 310 ms)
  call/reply: 16 B  15390 ns/round-trip  (64974 round-trips/s over 20000 calls / 307 ms)
  call/reply: 32 B  25130 ns/round-trip  (39792 round-trips/s over 20000 calls / 502 ms)
  call/reply: 64 B  24983 ns/round-trip  (40026 round-trips/s over 20000 calls / 499 ms)
  call/reply: 128 B  25053 ns/round-trip  (39913 round-trips/s over 20000 calls / 501 ms)
  call/reply: 256 B  25299 ns/round-trip  (39526 round-trips/s over 20000 calls / 505 ms)
  call/reply: 8 B  24826 ns/round-trip  (40279 round-trips/s over 20000 calls / 496 ms) [generic path]
  call/reply: 16 B  24790 ns/round-trip  (40337 round-trips/s over 20000 calls / 495 ms) [generic path]
  call/reply: 32 B  24808 ns/round-trip  (40309 round-trips/s over 20000 calls / 496 ms) [generic path]
  call/reply: 64 B  24934 ns/round-trip  (40105 round-trips/s over 20000 calls / 498 ms) [generic path]
  call/reply: 128 B  22071 ns/round-trip  (45306 round-trips/s over 20000 calls / 441 ms) [generic path]
  call/reply: 256 B  25109 ns/round-trip  (39826 round-trips/s over 20000 calls / 502 ms) [generic path]
  call/reply: 32 B  25376 ns/round-trip  (39406 round-trips/s over 20000 calls / 507 ms) [caller outranks server, D1 donates]
  phase table (44 rows; cyc avg/max, min last and a floor; leaf -= NULL, composite -= NULL + k*(NEST-NULL)):
    NULL             126/14720  min=60  n=220000
    NEST             728/62940  min=420  n=220000
    NEST_LOCK        575/73060  min=360  n=220000
    CALL_TOTAL       17967/1005680  min=11580  n=219999
    CALL_VALIDATE    416/36320  min=240  n=220000
    CALL_LOCKED      16361/795100  min=10520  n=219999
    CALL_RESOLVE     644/27020  min=400  n=220000
    CALL_PEEK        345/27080  min=200  n=220000
    CALL_PROBE       311/30300  min=180  n=219999
    CALL_POP         413/25000  min=220  n=219999
    CALL_COPY        592/32880  min=360  n=219999
    CALL_MINT        2017/135500  min=1260  n=219999
    CALL_MINT_CAP    644/41600  min=400  n=219999
    CALL_MINT_INFO   499/39020  min=300  n=219999
    CALL_DONATE      255/32140  min=220  n=19999
    CALL_PARK        749/40340  min=460  n=219999
    CALL_WAKE        5422/80720  min=3460  n=219999
    CALL_RESUME      477/31020  min=280  n=220000
    CALL_SLOW_TOTAL  251440/251440  min=251440  n=1
    CALL_SLOW_LOCKED 223840/223840  min=223840  n=1
    CALL_SLOW_DONATE 0/0  min=0  n=0
    CALL_SLOW_PARK   53860/53860  min=53860  n=1
    RECV_LOCKED      7291/371340  min=4600  n=259999
    RECV_RESOLVE     762/129900  min=440  n=260000
    RECV_SCAN        309/67080  min=180  n=259999
    RECV_PARK        5065/128040  min=3120  n=259999
    REPLY_TOTAL      52184/215240  min=16540  n=13
    REPLY_VALIDATE   8756/38760  min=2780  n=13
    REPLY_LOCKED     4582/571980  min=3040  n=260000
    REPLY_LOOKUP     909/273540  min=580  n=260000
    REPLY_COPY       590/37620  min=340  n=260000
    REPLY_FUNNEL     430/95540  min=260  n=260000
    REPLY_WAKE       940/49400  min=560  n=260000
    REPLY_RECV_TOTAL 14836/882340  min=9660  n=260000
    REPLY_RECV_TAIL  1261/175560  min=760  n=259999
    WAKE_UNPARK      242/48100  min=120  n=520012
    PICK_NEXT        277/30780  min=160  n=480064
    SWITCH_TO        3464/284980  min=2140  n=480039
    SWITCH_BOOK      230/173400  min=120  n=520039
    MPU_APPLY        211/18060  min=80  n=520039
    MPU_COMMIT       0/0  min=0  n=0
    REENT_SEAT       266/46140  min=160  n=520039
    KTIME_REARM      284/19040  min=140  n=520039
    ARCH_SWITCH      1059/95260  min=580  n=480039
  ns-probe: rate=0 (nothing converts, so no ns column is printed)
  sat-probe: width=32 (no delta this counter forms is too wide)

  throughput: 113279 ctx-sw/s  (8827 ns/sw avg over 40000 switches / 353 ms)
  switch-probe: fastpath-swaps=0  (swapped inside the trap, so not in the switch row)
  switch:    2048/2304/19180 cyc  (p50/p99/max, n=40001)
  lock-hold: 2560/5632/42560 cyc  (p50/p99/max, n=80241)
  lock-site: core=0 site=0x80004372 max=42560
  irq-probe: line=6 raise=inject on=0 raised=100 hcore=0 foreign=0 win=332720
  irq:       2304/242080/242080 cyc  (p50/max/max, n=100)
  wcase-probe: line=6 raise=inject on=0 raised=100 hcore=0 foreign=0 win=37920
  wcase-irq[0B]:    2304/30300/30300 cyc  (p50/max/max, n=100)
  wcase-probe: line=6 raise=inject on=0 raised=100 hcore=0 foreign=0 win=22440
  wcase-irq[64B]:   2560/21420/21420 cyc  (p50/max/max, n=100)
  wcase-probe: line=6 raise=inject on=0 raised=100 hcore=0 foreign=0 win=5500
  wcase-irq[256B]:  3584/4760/4760 cyc  (p50/max/max, n=100)
  wcase-probe: line=6 raise=inject on=0 raised=100 hcore=0 foreign=0 win=21260
  wcase-irq[1024B]: 7168/20600/20600 cyc  (p50/max/max, n=100)
  e2e-settle: settled=2/2
  e2e-probe: line=7 closed=1000 dropped=0 tare=2200/2678 ns  (min/avg, n=64)
  e2e-passes: asked=1000 raised=1000
  e2e-local: 9216/9216/285500 ns  (p50/p99/max, n=1000)
  throughput: 114287 ctx-sw/s  (8749 ns/sw avg over 40000 switches / 349 ms)
  switch-probe: fastpath-swaps=0  (swapped inside the trap, so not in the switch row)
  switch:    2048/2304/21660 cyc  (p50/p99/max, n=40001)
  lock-hold: 2560/5632/38080 cyc  (p50/p99/max, n=80241)
  lock-site: core=0 site=0x80004372 max=38080
  irq-probe: line=6 raise=inject on=0 raised=100 hcore=0 foreign=0 win=23040
  irq:       2048/16660/16660 cyc  (p50/max/max, n=100)
  wcase-probe: line=6 raise=inject on=0 raised=100 hcore=0 foreign=0 win=7580
  wcase-irq[0B]:    2304/6120/6120 cyc  (p50/max/max, n=100)
  wcase-probe: line=6 raise=inject on=0 raised=100 hcore=0 foreign=0 win=4680
  wcase-irq[64B]:   2560/4000/4000 cyc  (p50/max/max, n=100)
  wcase-probe: line=6 raise=inject on=0 raised=100 hcore=0 foreign=0 win=4620
  wcase-irq[256B]:  3584/3960/3960 cyc  (p50/max/max, n=100)
  wcase-probe: line=6 raise=inject on=0 raised=100 hcore=0 foreign=0 win=8980
  wcase-irq[1024B]: 7168/8340/8340 cyc  (p50/max/max, n=100)
  e2e-settle: settled=2/2
  e2e-probe: line=7 closed=1000 dropped=0 tare=2200/2678 ns  (min/avg, n=64)
  e2e-passes: asked=1000 raised=1000
  e2e-local: 9216/9216/35200 ns  (p50/p99/max, n=1000)
  throughput: 113617 ctx-sw/s  (8801 ns/sw avg over 40000 switches / 352 ms)
  switch-probe: fastpath-swaps=0  (swapped inside the trap, so not in the switch row)
  switch:    2048/2304/19820 cyc  (p50/p99/max, n=40001)
  lock-hold: 2560/5632/85920 cyc  (p50/p99/max, n=80241)
  lock-site: core=0 site=0x80001e50 max=85920
  irq-probe: line=6 raise=inject on=0 raised=100 hcore=0 foreign=0 win=10360
  irq:       2048/6800/6800 cyc  (p50/max/max, n=100)
  wcase-probe: line=6 raise=inject on=0 raised=100 hcore=0 foreign=0 win=5300
  wcase-irq[0B]:    2304/4480/4480 cyc  (p50/max/max, n=100)
  wcase-probe: line=6 raise=inject on=0 raised=100 hcore=0 foreign=0 win=3680
  wcase-irq[64B]:   2560/3000/3000 cyc  (p50/max/max, n=100)
  wcase-probe: line=6 raise=inject on=0 raised=100 hcore=0 foreign=0 win=4400
  wcase-irq[256B]:  3584/3740/3740 cyc  (p50/max/max, n=100)
  wcase-probe: line=6 raise=inject on=0 raised=100 hcore=0 foreign=0 win=8080
  wcase-irq[1024B]: 7168/7420/7420 cyc  (p50/max/max, n=100)
  e2e-settle: settled=2/2
  e2e-probe: line=7 closed=1000 dropped=0 tare=2200/2678 ns  (min/avg, n=64)
  e2e-passes: asked=1000 raised=1000
  e2e-local: 9216/9216/18800 ns  (p50/p99/max, n=1000)
  xtask ping-pong: 8836 ns/switch  (40000 switches / 353 ms)
  xtask call/reply: 16 B  15366 ns/round-trip  (65076 round-trips/s over 20000 calls / 307 ms)
  spawn/exit: thread 26656 ns  (200 reps / 5 ms)
  spawn/exit: task 31997 ns  (200 reps / 6 ms)
bench: done
POLL_OK=1 POLL_MS=8000
