
  ==============================================
   KickOS 0.5.1  -  microkernel RTOS
  ==============================================
   board   qemu-riscv
   arch    rv32imac
   cpu     rv32imac_zicsr
   mpu     off
   sched   tickless
   build   2026-09-29 07:39:58 +0200
   app     Sep 29 2026 07:40:00 +0200
   commit  15947db7-dirty
   heap    16 KiB available
   kstack  1184 B x 17 = 20128 B

microbenchmark: context-switch throughput (all arches) + per-switch cost
+ IRQ-entry latency where a cycle counter exists. Reporter woken by the
workload, not a timer. Telemetry OFF for clean numbers.
cycle counter: 0 Hz (0 = no rate converts a reading; cycles only)

  lock-probe: hold+1 core=0 depth=0  (three nested, one outermost)
  call/reply: 8 B  10401 ns/round-trip  (96140 round-trips/s over 20000 calls / 208 ms)
  call/reply: 16 B  10122 ns/round-trip  (98790 round-trips/s over 20000 calls / 202 ms)
  call/reply: 32 B  16622 ns/round-trip  (60161 round-trips/s over 20000 calls / 332 ms)
  call/reply: 64 B  16718 ns/round-trip  (59812 round-trips/s over 20000 calls / 334 ms)
  call/reply: 128 B  16847 ns/round-trip  (59356 round-trips/s over 20000 calls / 336 ms)
  call/reply: 256 B  16930 ns/round-trip  (59064 round-trips/s over 20000 calls / 338 ms)
  call/reply: 8 B  16583 ns/round-trip  (60299 round-trips/s over 20000 calls / 331 ms) [generic path]
  call/reply: 16 B  16965 ns/round-trip  (58943 round-trips/s over 20000 calls / 339 ms) [generic path]
  call/reply: 32 B  16647 ns/round-trip  (60070 round-trips/s over 20000 calls / 332 ms) [generic path]
  call/reply: 64 B  16713 ns/round-trip  (59832 round-trips/s over 20000 calls / 334 ms) [generic path]
  call/reply: 128 B  16601 ns/round-trip  (60234 round-trips/s over 20000 calls / 332 ms) [generic path]
  call/reply: 256 B  16848 ns/round-trip  (59350 round-trips/s over 20000 calls / 336 ms) [generic path]
  call/reply: 32 B  17150 ns/round-trip  (58308 round-trips/s over 20000 calls / 343 ms) [caller outranks server, D1 donates]
  phase table (44 rows; cyc avg/max, min last and a floor; leaf -= NULL, composite -= NULL + k*(NEST-NULL)):
    NULL             84/56700  min=40  n=220000
    NEST             489/57280  min=420  n=220000
    NEST_LOCK        402/52680  min=360  n=220000
    CALL_TOTAL       12219/721400  min=11660  n=219999
    CALL_VALIDATE    284/194360  min=240  n=220000
    CALL_LOCKED      11085/557700  min=10560  n=219999
    CALL_RESOLVE     446/55180  min=400  n=220000
    CALL_PEEK        233/44300  min=200  n=220000
    CALL_PROBE       210/34660  min=180  n=219999
    CALL_POP         278/45220  min=220  n=219999
    CALL_COPY        390/22900  min=260  n=219999
    CALL_MINT        1351/95780  min=1260  n=219999
    CALL_MINT_CAP    448/24860  min=400  n=219999
    CALL_MINT_INFO   344/27120  min=300  n=219999
    CALL_DONATE      166/21400  min=160  n=19999
    CALL_PARK        518/28620  min=440  n=219999
    CALL_WAKE        3663/110100  min=3420  n=219999
    CALL_RESUME      324/21160  min=280  n=220000
    CALL_SLOW_TOTAL  206760/206760  min=206760  n=1
    CALL_SLOW_LOCKED 186520/186520  min=186520  n=1
    CALL_SLOW_DONATE 0/0  min=0  n=0
    CALL_SLOW_PARK   38240/38240  min=38240  n=1
    RECV_LOCKED      4937/367720  min=4560  n=259999
    RECV_RESOLVE     509/127640  min=440  n=260000
    RECV_SCAN        218/66420  min=180  n=259999
    RECV_PARK        3420/99900  min=3080  n=259999
    REPLY_TOTAL      46792/176860  min=18060  n=13
    REPLY_VALIDATE   10264/32360  min=5880  n=13
    REPLY_LOCKED     3105/571860  min=2240  n=260000
    REPLY_LOOKUP     612/275460  min=460  n=260000
    REPLY_COPY       400/37020  min=220  n=260000
    REPLY_FUNNEL     284/94820  min=160  n=260000
    REPLY_WAKE       620/49300  min=560  n=260000
    REPLY_RECV_TOTAL 10030/873300  min=8880  n=260000
    REPLY_RECV_TAIL  865/155800  min=760  n=259999
    WAKE_UNPARK      157/47460  min=120  n=520012
    PICK_NEXT        188/57720  min=160  n=480064
    SWITCH_TO        2347/281620  min=2060  n=480039
    SWITCH_BOOK      154/148300  min=120  n=520039
    MPU_APPLY        130/14760  min=40  n=520039
    MPU_COMMIT       0/0  min=0  n=0
    REENT_SEAT       180/83480  min=160  n=520039
    KTIME_REARM      193/40520  min=140  n=520039
    ARCH_SWITCH      701/104400  min=580  n=480039
  ns-probe: rate=0 (nothing converts, so no ns column is printed)
  sat-probe: width=32 (no delta this counter forms is too wide)

  throughput: 166778 ctx-sw/s  (5995 ns/sw avg over 40000 switches / 239 ms)
  switch-probe: fastpath-swaps=0  (swapped inside the trap, so not in the switch row)
  switch:    1408/1920/52600 cyc  (p50/p99/max, n=40001)
  lock-hold: 2560/3840/56400 cyc  (p50/p99/max, n=80241)
  lock-site: core=0 site=0x80004372 max=56400
  irq-probe: line=6 raise=inject on=0 raised=100 hcore=0 foreign=0 win=235060
  irq:       1408/172160/172160 cyc  (p50/max/max, n=100)
  wcase-probe: line=6 raise=inject on=0 raised=100 hcore=0 foreign=0 win=26300
  wcase-irq[0B]:    1536/21140/21140 cyc  (p50/max/max, n=100)
  wcase-probe: line=6 raise=inject on=0 raised=100 hcore=0 foreign=0 win=16140
  wcase-irq[64B]:   1664/15480/15480 cyc  (p50/max/max, n=100)
  wcase-probe: line=6 raise=inject on=0 raised=100 hcore=0 foreign=0 win=5000
  wcase-irq[256B]:  2304/4220/4220 cyc  (p50/max/max, n=100)
  wcase-probe: line=6 raise=inject on=0 raised=100 hcore=0 foreign=0 win=21720
  wcase-irq[1024B]: 4608/21060/21060 cyc  (p50/max/max, n=100)
  e2e-settle: settled=2/2
  e2e-probe: line=7 closed=1000 dropped=0 tare=1400/1853 ns  (min/avg, n=64)
  e2e-passes: asked=1000 raised=1000
  e2e-local: 6656/8192/199500 ns  (p50/p99/max, n=1000)
  throughput: 167499 ctx-sw/s  (5970 ns/sw avg over 40000 switches / 238 ms)
  switch-probe: fastpath-swaps=0  (swapped inside the trap, so not in the switch row)
  switch:    1408/1920/43140 cyc  (p50/p99/max, n=40001)
  lock-hold: 2560/3840/61340 cyc  (p50/p99/max, n=80241)
  lock-site: core=0 site=0x80004372 max=61340
  irq-probe: line=6 raise=inject on=0 raised=100 hcore=0 foreign=0 win=19680
  irq:       1408/15520/15520 cyc  (p50/max/max, n=100)
  wcase-probe: line=6 raise=inject on=0 raised=100 hcore=0 foreign=0 win=4800
  wcase-irq[0B]:    1536/4120/4120 cyc  (p50/max/max, n=100)
  wcase-probe: line=6 raise=inject on=0 raised=100 hcore=0 foreign=0 win=3900
  wcase-irq[64B]:   1792/3360/3360 cyc  (p50/max/max, n=100)
  wcase-probe: line=6 raise=inject on=0 raised=100 hcore=0 foreign=0 win=5000
  wcase-irq[256B]:  2304/4300/4300 cyc  (p50/max/max, n=100)
  wcase-probe: line=6 raise=inject on=0 raised=100 hcore=0 foreign=0 win=15780
  wcase-irq[1024B]: 4608/15080/15080 cyc  (p50/max/max, n=100)
  e2e-settle: settled=2/2
  e2e-probe: line=7 closed=1000 dropped=0 tare=1400/1853 ns  (min/avg, n=64)
  e2e-passes: asked=1000 raised=1000
  e2e-local: 6656/8192/28200 ns  (p50/p99/max, n=1000)
  throughput: 165935 ctx-sw/s  (6026 ns/sw avg over 40000 switches / 241 ms)
  switch-probe: fastpath-swaps=0  (swapped inside the trap, so not in the switch row)
  switch:    1408/2048/32780 cyc  (p50/p99/max, n=40001)
  lock-hold: 3584/5120/290760 cyc  (p50/p99/max, n=80241)
  lock-site: core=0 site=0x80001e50 max=290760
  irq-probe: line=6 raise=inject on=0 raised=100 hcore=0 foreign=0 win=18720
  irq:       1408/13200/13200 cyc  (p50/max/max, n=100)
  wcase-probe: line=6 raise=inject on=0 raised=100 hcore=0 foreign=0 win=52120
  wcase-irq[0B]:    1536/51540/51540 cyc  (p50/max/max, n=100)
  wcase-probe: line=6 raise=inject on=0 raised=100 hcore=0 foreign=0 win=4020
  wcase-irq[64B]:   1664/3520/3520 cyc  (p50/max/max, n=100)
  wcase-probe: line=6 raise=inject on=0 raised=100 hcore=0 foreign=0 win=3380
  wcase-irq[256B]:  2304/2920/2920 cyc  (p50/max/max, n=100)
  wcase-probe: line=6 raise=inject on=0 raised=100 hcore=0 foreign=0 win=5380
  wcase-irq[1024B]: 4608/4940/4940 cyc  (p50/max/max, n=100)
  e2e-settle: settled=2/2
  e2e-probe: line=7 closed=1000 dropped=0 tare=1400/1853 ns  (min/avg, n=64)
  e2e-passes: asked=1000 raised=1000
  e2e-local: 6144/9216/28700 ns  (p50/p99/max, n=1000)
  xtask ping-pong: 5929 ns/switch  (40000 switches / 237 ms)
  xtask call/reply: 16 B  10077 ns/round-trip  (99234 round-trips/s over 20000 calls / 201 ms)
  spawn/exit: thread 17966 ns  (200 reps / 3 ms)
  spawn/exit: task 21186 ns  (200 reps / 4 ms)
bench: done
POLL_OK=1 POLL_MS=5400
