[2J[001;001H[=3h[2J[001;001H[2J[001;001H[8;042;160t[2J[001;001H[2J[001;001H[8;056;240t[2J[001;001HBdsDxe: loading Boot0002 "UEFI QEMU HARDDISK QM00001 " from PciRoot(0x0)/Pci(0x1F,0x2)/Sata(0x0,0xFFFF,0x0)
BdsDxe: starting Boot0002 "UEFI QEMU HARDDISK QM00001 " from PciRoot(0x0)/Pci(0x1F,0x2)/Sata(0x0,0xFFFF,0x0)

KICKOS-X1 8c41d7a2 x86_64/q35 uefi-handover entry
KICKOS-X1 8c41d7a2 x86_64/q35 uefi-handover handover if=1 paging=1 longmode=1 root=1 wp=1 nx=1 nxcap=1
KICKOS-X1 8c41d7a2 x86_64/q35 uefi-handover if_after_cli=0
KICKOS-X1 8c41d7a2 x86_64/q35 uefi-handover firmware=Debian distribution of EDK II
KICKOS-X1 8c41d7a2 x86_64/q35 uefi-handover revision=0x0000000000020046
KICKOS-X1 8c41d7a2 x86_64/q35 uefi-handover map descriptors=109 stride=48 version=1 conventional_pages=117679 arena=0x0000000001800000 arena_pages=107372
KICKOS-X1 8c41d7a2 x86_64/q35 uefi-handover fp found em=0 ts=0 mp=1 osfxsr=1 osxmmexcpt=1 osxsave=0
KICKOS-X1 8c41d7a2 x86_64/q35 uefi-handover fp trapped em=1 ts=1 mp=1 osfxsr=0 osxmmexcpt=0 osxsave=0
KICKOS-X1 8c41d7a2 x86_64/q35 uefi-handover boot services left
KICKOS-X1 8c41d7a2 x86_64/q35 uefi-handover if_after_exit=0
x86_64 app relocation: base=0x0000000000400000 load_delta=0x0000000000000000 app_words=0

  ==============================================
   KickOS 0.5.1  -  microkernel RTOS
  ==============================================
   board   qemu-x86_64
   arch    x86_64
   cpu     x86-64
   mpu     off
   sched   tickless
   build   2026-09-29 07:40:25 +0200
   app     Sep 29 2026 00:56:20 +0200
   commit  15947db7-dirty
   heap    none
   kstack  4096 B x 33 = 135168 B

microbenchmark: context-switch throughput (all arches) + per-switch cost
+ IRQ-entry latency where a cycle counter exists. Reporter woken by the
workload, not a timer. Telemetry OFF for clean numbers.
cycle counter: 1999710389 Hz (0 = no rate converts a reading; cycles only)

  lock-probe: hold+1 core=0 depth=0  (three nested, one outermost)
  call/reply: 8 B  11782 ns/round-trip  (84874 round-trips/s over 20000 calls / 235 ms)
  call/reply: 16 B  11660 ns/round-trip  (85760 round-trips/s over 20000 calls / 233 ms)
  call/reply: 32 B  11697 ns/round-trip  (85486 round-trips/s over 20000 calls / 233 ms)
  call/reply: 64 B  11683 ns/round-trip  (85593 round-trips/s over 20000 calls / 233 ms)
  call/reply: 128 B  11085 ns/round-trip  (90211 round-trips/s over 20000 calls / 221 ms)
  call/reply: 256 B  11816 ns/round-trip  (84625 round-trips/s over 20000 calls / 236 ms)
  call/reply: 8 B  11440 ns/round-trip  (87410 round-trips/s over 20000 calls / 228 ms) [generic path]
  call/reply: 16 B  11464 ns/round-trip  (87225 round-trips/s over 20000 calls / 229 ms) [generic path]
  call/reply: 32 B  11551 ns/round-trip  (86566 round-trips/s over 20000 calls / 231 ms) [generic path]
  call/reply: 64 B  11517 ns/round-trip  (86820 round-trips/s over 20000 calls / 230 ms) [generic path]
  call/reply: 128 B  11579 ns/round-trip  (86358 round-trips/s over 20000 calls / 231 ms) [generic path]
  call/reply: 256 B  11677 ns/round-trip  (85633 round-trips/s over 20000 calls / 233 ms) [generic path]
  call/reply: 32 B  11806 ns/round-trip  (84696 round-trips/s over 20000 calls / 236 ms) [caller outranks server, D1 donates]
  phase table (44 rows; cyc avg/max, min last and a floor; leaf -= NULL, composite -= NULL + k*(NEST-NULL)):
    NULL             22/6700  min=1  n=260000
    NEST             125/38460  min=60  n=260000
    NEST_LOCK        68/60800  min=40  n=260000
    CALL_TOTAL       21606/2957540  min=13780  n=259999
    CALL_VALIDATE    274/21240  min=140  n=260000
    CALL_LOCKED      20838/2956680  min=13280  n=259999
    CALL_RESOLVE     331/24060  min=180  n=260000
    CALL_PEEK        69/33420  min=40  n=260000
    CALL_PROBE       122/42280  min=60  n=259999
    CALL_POP         178/57260  min=100  n=259999
    CALL_COPY        2104/181700  min=1320  n=259999
    CALL_MINT        1974/285960  min=1240  n=259999
    CALL_MINT_CAP    541/148340  min=340  n=259999
    CALL_MINT_INFO   1234/78280  min=740  n=259999
    CALL_DONATE      164/30340  min=80  n=19999
    CALL_PARK        365/94900  min=200  n=259999
    CALL_WAKE        14258/2948460  min=9040  n=259999
    CALL_RESUME      215/20820  min=120  n=260000
    CALL_SLOW_TOTAL  584920/584920  min=584920  n=1
    CALL_SLOW_LOCKED 559420/559420  min=559420  n=1
    CALL_SLOW_DONATE 0/0  min=0  n=0
    CALL_SLOW_PARK   434760/434760  min=434760  n=1
    RECV_LOCKED      14588/1909180  min=9300  n=259999
    RECV_RESOLVE     380/134780  min=220  n=260000
    RECV_SCAN        206/61000  min=120  n=259999
    RECV_PARK        13646/1645740  min=8700  n=259999
    REPLY_TOTAL      90240/781560  min=11920  n=13
    REPLY_VALIDATE   7315/35460  min=1280  n=13
    REPLY_LOCKED     3637/1003160  min=2300  n=260000
    REPLY_LOOKUP     472/975420  min=280  n=260000
    REPLY_COPY       2110/52300  min=1300  n=260000
    REPLY_FUNNEL     292/98280  min=160  n=260000
    REPLY_WAKE       335/45380  min=200  n=260000
    REPLY_RECV_TOTAL 20978/2481440  min=13400  n=260000
    REPLY_RECV_TAIL  643/150700  min=380  n=259999
    WAKE_UNPARK      97/41100  min=40  n=520012
    PICK_NEXT        67/24420  min=20  n=520064
    SWITCH_TO        24910/473470180  min=8240  n=520013
    SWITCH_BOOK      97/205179  min=40  n=520039
    MPU_APPLY        157/52460  min=80  n=520039
    MPU_COMMIT       0/0  min=0  n=0
    REENT_SEAT       0/0  min=0  n=0
    KTIME_REARM      90/16780  min=40  n=520039
    ARCH_SWITCH      24114/473322280  min=7720  n=520013
  ns-probe: cyc=4294967295 ns=2147794659 capped=0
  sat-probe: width=64 fits+1/0 wide+0/1 max=1000

  throughput: 512179 ctx-sw/s  (1952 ns/sw avg over 40000 switches / 78 ms)
  switch-probe: fastpath-swaps=0  (swapped inside the trap, so not in the switch row)
  switch:    60/80/10000 cyc  30/40/5000 ns  (p50/p99/max, n=40002)
  lock-hold: 1152/2304/153760 cyc  576/1152/76891 ns  (p50/p99/max, n=80248)
  lock-site: core=0 site=0x416918 max=153760
  irq-probe: line=6 raise=inject on=0 raised=100 hcore=none foreign=0 win=0
  irq:       0/0/0 cyc  0/0/0 ns  (p50/max/max, n=0)
  wcase-probe: line=6 raise=inject on=0 raised=100 hcore=none foreign=0 win=0
  wcase-irq[0B]:    0/0/0 cyc  0/0/0 ns  (p50/max/max, n=0)
  wcase-probe: line=6 raise=inject on=0 raised=100 hcore=none foreign=0 win=0
  wcase-irq[64B]:   0/0/0 cyc  0/0/0 ns  (p50/max/max, n=0)
  wcase-probe: line=6 raise=inject on=0 raised=100 hcore=none foreign=0 win=0
  wcase-irq[256B]:  0/0/0 cyc  0/0/0 ns  (p50/max/max, n=0)
  wcase-probe: line=6 raise=inject on=0 raised=100 hcore=none foreign=0 win=0
  wcase-irq[1024B]: 0/0/0 cyc  0/0/0 ns  (p50/max/max, n=0)
  e2e-settle: settled=2/2
  e2e-probe: line=7 closed=1000 dropped=0 tare=290/567 ns  (min/avg, n=64)
  e2e-passes: asked=1000 raised=1000
  e2e-local: 3840/5120/628521 ns  (p50/p99/max, n=1000)
  throughput: 513917 ctx-sw/s  (1945 ns/sw avg over 40000 switches / 77 ms)
  switch-probe: fastpath-swaps=0  (swapped inside the trap, so not in the switch row)
  switch:    60/96/960 cyc  30/48/480 ns  (p50/p99/max, n=40002)
  lock-hold: 1664/2560/59900 cyc  832/1280/29954 ns  (p50/p99/max, n=80248)
  lock-site: core=0 site=0x416918 max=59900
  irq-probe: line=6 raise=inject on=0 raised=100 hcore=none foreign=0 win=0
  irq:       0/0/0 cyc  0/0/0 ns  (p50/max/max, n=0)
  wcase-probe: line=6 raise=inject on=0 raised=100 hcore=none foreign=0 win=0
  wcase-irq[0B]:    0/0/0 cyc  0/0/0 ns  (p50/max/max, n=0)
  wcase-probe: line=6 raise=inject on=0 raised=100 hcore=none foreign=0 win=0
  wcase-irq[64B]:   0/0/0 cyc  0/0/0 ns  (p50/max/max, n=0)
  wcase-probe: line=6 raise=inject on=0 raised=100 hcore=none foreign=0 win=0
  wcase-irq[256B]:  0/0/0 cyc  0/0/0 ns  (p50/max/max, n=0)
  wcase-probe: line=6 raise=inject on=0 raised=100 hcore=none foreign=0 win=0
  wcase-irq[1024B]: 0/0/0 cyc  0/0/0 ns  (p50/max/max, n=0)
  e2e-settle: settled=2/2
  e2e-probe: line=7 closed=1000 dropped=0 tare=290/567 ns  (min/avg, n=64)
  e2e-passes: asked=1000 raised=1000
  e2e-local: 3840/5120/77351 ns  (p50/p99/max, n=1000)
  throughput: 527836 ctx-sw/s  (1894 ns/sw avg over 40000 switches / 75 ms)
  switch-probe: fastpath-swaps=0  (swapped inside the trap, so not in the switch row)
  switch:    60/80/12500 cyc  30/40/6250 ns  (p50/p99/max, n=40002)
  lock-hold: 960/1792/23140 cyc  480/896/11571 ns  (p50/p99/max, n=80251)
  lock-site: core=0 site=0x416918 max=23140
  irq-probe: line=6 raise=inject on=0 raised=100 hcore=none foreign=0 win=0
  irq:       0/0/0 cyc  0/0/0 ns  (p50/max/max, n=0)
  wcase-probe: line=6 raise=inject on=0 raised=100 hcore=none foreign=0 win=0
  wcase-irq[0B]:    0/0/0 cyc  0/0/0 ns  (p50/max/max, n=0)
  wcase-probe: line=6 raise=inject on=0 raised=100 hcore=none foreign=0 win=0
  wcase-irq[64B]:   0/0/0 cyc  0/0/0 ns  (p50/max/max, n=0)
  wcase-probe: line=6 raise=inject on=0 raised=100 hcore=none foreign=0 win=0
  wcase-irq[256B]:  0/0/0 cyc  0/0/0 ns  (p50/max/max, n=0)
  wcase-probe: line=6 raise=inject on=0 raised=100 hcore=none foreign=0 win=0
  wcase-irq[1024B]: 0/0/0 cyc  0/0/0 ns  (p50/max/max, n=0)
  e2e-settle: settled=2/2
  e2e-probe: line=7 closed=1000 dropped=0 tare=290/567 ns  (min/avg, n=64)
  e2e-passes: asked=1000 raised=1000
  e2e-local: 3840/5632/75611 ns  (p50/p99/max, n=1000)
  xtask ping-pong: 7352 ns/switch  (40000 switches / 294 ms)
  xtask call/reply: 16 B  24164 ns/round-trip  (41382 round-trips/s over 20000 calls / 483 ms)
  spawn/exit: thread 37999 ns  (200 reps / 7 ms)
  spawn/exit: task 83767 ns  (200 reps / 16 ms)
bench: done

KICKOS-EXIT status 0
POLL_OK=1 POLL_MS=5800
