[2J[001;001H[=3h[2J[001;001H[2J[001;001H[8;042;160t[2J[001;001H[2J[001;001H[8;056;240t[2J[001;001HBdsDxe: loading Boot0002 "UEFI QEMU HARDDISK QM00001 " from PciRoot(0x0)/Pci(0x1F,0x2)/Sata(0x0,0xFFFF,0x0)
BdsDxe: starting Boot0002 "UEFI QEMU HARDDISK QM00001 " from PciRoot(0x0)/Pci(0x1F,0x2)/Sata(0x0,0xFFFF,0x0)

KICKOS-X1 8c41d7a2 x86_64/q35 uefi-handover entry
KICKOS-X1 8c41d7a2 x86_64/q35 uefi-handover handover if=1 paging=1 longmode=1 root=1 wp=1 nx=1 nxcap=1
KICKOS-X1 8c41d7a2 x86_64/q35 uefi-handover if_after_cli=0
KICKOS-X1 8c41d7a2 x86_64/q35 uefi-handover firmware=Debian distribution of EDK II
KICKOS-X1 8c41d7a2 x86_64/q35 uefi-handover revision=0x0000000000020046
KICKOS-X1 8c41d7a2 x86_64/q35 uefi-handover map descriptors=109 stride=48 version=1 conventional_pages=117679 arena=0x0000000001800000 arena_pages=107372
KICKOS-X1 8c41d7a2 x86_64/q35 uefi-handover fp found em=0 ts=0 mp=1 osfxsr=1 osxmmexcpt=1 osxsave=0
KICKOS-X1 8c41d7a2 x86_64/q35 uefi-handover fp trapped em=1 ts=1 mp=1 osfxsr=0 osxmmexcpt=0 osxsave=0
KICKOS-X1 8c41d7a2 x86_64/q35 uefi-handover boot services left
KICKOS-X1 8c41d7a2 x86_64/q35 uefi-handover if_after_exit=0
x86_64 app relocation: base=0x0000000000400000 load_delta=0x0000000000000000 app_words=0

  ==============================================
   KickOS 0.5.1  -  microkernel RTOS
  ==============================================
   board   qemu-x86_64
   arch    x86_64
   cpu     x86-64
   mpu     off
   sched   tickless
   build   2026-09-29 07:40:25 +0200
   app     Sep 29 2026 00:56:20 +0200
   commit  15947db7-dirty
   heap    none
   kstack  4096 B x 33 = 135168 B

microbenchmark: context-switch throughput (all arches) + per-switch cost
+ IRQ-entry latency where a cycle counter exists. Reporter woken by the
workload, not a timer. Telemetry OFF for clean numbers.
cycle counter: 2001729850 Hz (0 = no rate converts a reading; cycles only)

  lock-probe: hold+1 core=0 depth=0  (three nested, one outermost)
  call/reply: 8 B  7856 ns/round-trip  (127277 round-trips/s over 20000 calls / 157 ms)
  call/reply: 16 B  7776 ns/round-trip  (128597 round-trips/s over 20000 calls / 155 ms)
  call/reply: 32 B  7785 ns/round-trip  (128445 round-trips/s over 20000 calls / 155 ms)
  call/reply: 64 B  7782 ns/round-trip  (128493 round-trips/s over 20000 calls / 155 ms)
  call/reply: 128 B  7836 ns/round-trip  (127600 round-trips/s over 20000 calls / 156 ms)
  call/reply: 256 B  7913 ns/round-trip  (126369 round-trips/s over 20000 calls / 158 ms)
  call/reply: 8 B  7913 ns/round-trip  (126369 round-trips/s over 20000 calls / 158 ms) [generic path]
  call/reply: 16 B  7924 ns/round-trip  (126198 round-trips/s over 20000 calls / 158 ms) [generic path]
  call/reply: 32 B  7806 ns/round-trip  (128096 round-trips/s over 20000 calls / 156 ms) [generic path]
  call/reply: 64 B  7904 ns/round-trip  (126511 round-trips/s over 20000 calls / 158 ms) [generic path]
  call/reply: 128 B  7785 ns/round-trip  (128440 round-trips/s over 20000 calls / 155 ms) [generic path]
  call/reply: 256 B  7778 ns/round-trip  (128561 round-trips/s over 20000 calls / 155 ms) [generic path]
  call/reply: 32 B  7946 ns/round-trip  (125849 round-trips/s over 20000 calls / 158 ms) [caller outranks server, D1 donates]
  phase table (44 rows; cyc avg/max, min last and a floor; leaf -= NULL, composite -= NULL + k*(NEST-NULL)):
    NULL             15/4680  min=1  n=260000
    NEST             85/25480  min=60  n=260000
    NEST_LOCK        48/39640  min=21  n=260000
    CALL_TOTAL       14606/2369380  min=13800  n=259999
    CALL_VALIDATE    170/18960  min=140  n=260000
    CALL_LOCKED      14103/2368760  min=13280  n=259999
    CALL_RESOLVE     219/23080  min=180  n=260000
    CALL_PEEK        49/21580  min=20  n=260000
    CALL_PROBE       81/38640  min=60  n=259999
    CALL_POP         121/65760  min=100  n=259999
    CALL_COPY        1427/88000  min=1300  n=259999
    CALL_MINT        1350/187180  min=1240  n=259999
    CALL_MINT_CAP    375/96980  min=320  n=259999
    CALL_MINT_INFO   833/54620  min=760  n=259999
    CALL_DONATE      111/22980  min=100  n=19999
    CALL_PARK        243/205520  min=200  n=259999
    CALL_WAKE        9622/2363840  min=9100  n=259999
    CALL_RESUME      152/436180  min=120  n=260000
    CALL_SLOW_TOTAL  474220/474220  min=474220  n=1
    CALL_SLOW_LOCKED 455820/455820  min=455820  n=1
    CALL_SLOW_DONATE 0/0  min=0  n=0
    CALL_SLOW_PARK   351220/351220  min=351220  n=1
    RECV_LOCKED      9907/1254960  min=9340  n=259999
    RECV_RESOLVE     253/90080  min=220  n=260000
    RECV_SCAN        143/49140  min=100  n=259999
    RECV_PARK        9269/1077480  min=8740  n=259999
    REPLY_TOTAL      87876/720400  min=14660  n=13
    REPLY_VALIDATE   11570/34440  min=6480  n=13
    REPLY_LOCKED     2463/443780  min=2280  n=260000
    REPLY_LOOKUP     319/198020  min=280  n=260000
    REPLY_COPY       1442/97700  min=1320  n=260000
    REPLY_FUNNEL     194/109820  min=160  n=260000
    REPLY_WAKE       225/29600  min=200  n=260000
    REPLY_RECV_TOTAL 14203/1689720  min=13400  n=260000
    REPLY_RECV_TAIL  428/99980  min=380  n=259999
    WAKE_UNPARK      65/88840  min=40  n=520012
    PICK_NEXT        50/23000  min=20  n=520064
    SWITCH_TO        16866/318742540  min=8280  n=520013
    SWITCH_BOOK      66/169980  min=40  n=520039
    MPU_APPLY        110/51440  min=80  n=520039
    MPU_COMMIT       0/0  min=0  n=0
    REENT_SEAT       0/0  min=0  n=0
    KTIME_REARM      60/50580  min=40  n=520039
    ARCH_SWITCH      16329/318740000  min=7700  n=520013
  ns-probe: cyc=4294967295 ns=2145627840 capped=0
  sat-probe: width=64 fits+1/0 wide+0/1 max=1000

  throughput: 512562 ctx-sw/s  (1950 ns/sw avg over 40000 switches / 78 ms)
  switch-probe: fastpath-swaps=0  (swapped inside the trap, so not in the switch row)
  switch:    60/160/1060 cyc  29/79/529 ns  (p50/p99/max, n=40002)
  lock-hold: 1664/2560/50020 cyc  831/1278/24988 ns  (p50/p99/max, n=80247)
  lock-site: core=0 site=0x409dac max=50020
  irq-probe: line=6 raise=inject on=0 raised=100 hcore=none foreign=0 win=0
  irq:       0/0/0 cyc  0/0/0 ns  (p50/max/max, n=0)
  wcase-probe: line=6 raise=inject on=0 raised=100 hcore=none foreign=0 win=0
  wcase-irq[0B]:    0/0/0 cyc  0/0/0 ns  (p50/max/max, n=0)
  wcase-probe: line=6 raise=inject on=0 raised=100 hcore=none foreign=0 win=0
  wcase-irq[64B]:   0/0/0 cyc  0/0/0 ns  (p50/max/max, n=0)
  wcase-probe: line=6 raise=inject on=0 raised=100 hcore=none foreign=0 win=0
  wcase-irq[256B]:  0/0/0 cyc  0/0/0 ns  (p50/max/max, n=0)
  wcase-probe: line=6 raise=inject on=0 raised=100 hcore=none foreign=0 win=0
  wcase-irq[1024B]: 0/0/0 cyc  0/0/0 ns  (p50/max/max, n=0)
  e2e-settle: settled=2/2
  e2e-probe: line=7 closed=1000 dropped=0 tare=269/559 ns  (min/avg, n=64)
  e2e-passes: asked=1000 raised=1000
  e2e-local: 4096/5632/637639 ns  (p50/p99/max, n=1000)
  throughput: 516642 ctx-sw/s  (1935 ns/sw avg over 40000 switches / 77 ms)
  switch-probe: fastpath-swaps=0  (swapped inside the trap, so not in the switch row)
  switch:    60/80/14020 cyc  29/39/7003 ns  (p50/p99/max, n=40002)
  lock-hold: 1024/2560/71200 cyc  511/1278/35569 ns  (p50/p99/max, n=80251)
  lock-site: core=0 site=0x416918 max=71200
  irq-probe: line=6 raise=inject on=0 raised=100 hcore=none foreign=0 win=0
  irq:       0/0/0 cyc  0/0/0 ns  (p50/max/max, n=0)
  wcase-probe: line=6 raise=inject on=0 raised=100 hcore=none foreign=0 win=0
  wcase-irq[0B]:    0/0/0 cyc  0/0/0 ns  (p50/max/max, n=0)
  wcase-probe: line=6 raise=inject on=0 raised=100 hcore=none foreign=0 win=0
  wcase-irq[64B]:   0/0/0 cyc  0/0/0 ns  (p50/max/max, n=0)
  wcase-probe: line=6 raise=inject on=0 raised=100 hcore=none foreign=0 win=0
  wcase-irq[256B]:  0/0/0 cyc  0/0/0 ns  (p50/max/max, n=0)
  wcase-probe: line=6 raise=inject on=0 raised=100 hcore=none foreign=0 win=0
  wcase-irq[1024B]: 0/0/0 cyc  0/0/0 ns  (p50/max/max, n=0)
  e2e-settle: settled=2/2
  e2e-probe: line=7 closed=1000 dropped=0 tare=269/559 ns  (min/avg, n=64)
  e2e-passes: asked=1000 raised=1000
  e2e-local: 4096/5632/75754 ns  (p50/p99/max, n=1000)
  throughput: 521574 ctx-sw/s  (1917 ns/sw avg over 40000 switches / 76 ms)
  switch-probe: fastpath-swaps=0  (swapped inside the trap, so not in the switch row)
  switch:    60/80/700 cyc  29/39/349 ns  (p50/p99/max, n=40002)
  lock-hold: 960/1792/48680 cyc  479/895/24318 ns  (p50/p99/max, n=80248)
  lock-site: core=0 site=0x416918 max=48680
  irq-probe: line=6 raise=inject on=0 raised=100 hcore=none foreign=0 win=0
  irq:       0/0/0 cyc  0/0/0 ns  (p50/max/max, n=0)
  wcase-probe: line=6 raise=inject on=0 raised=100 hcore=none foreign=0 win=0
  wcase-irq[0B]:    0/0/0 cyc  0/0/0 ns  (p50/max/max, n=0)
  wcase-probe: line=6 raise=inject on=0 raised=100 hcore=none foreign=0 win=0
  wcase-irq[64B]:   0/0/0 cyc  0/0/0 ns  (p50/max/max, n=0)
  wcase-probe: line=6 raise=inject on=0 raised=100 hcore=none foreign=0 win=0
  wcase-irq[256B]:  0/0/0 cyc  0/0/0 ns  (p50/max/max, n=0)
  wcase-probe: line=6 raise=inject on=0 raised=100 hcore=none foreign=0 win=0
  wcase-irq[1024B]: 0/0/0 cyc  0/0/0 ns  (p50/max/max, n=0)
  e2e-settle: settled=2/2
  e2e-probe: line=7 closed=1000 dropped=0 tare=269/559 ns  (min/avg, n=64)
  e2e-passes: asked=1000 raised=1000
  e2e-local: 4096/4096/71498 ns  (p50/p99/max, n=1000)
  xtask ping-pong: 7474 ns/switch  (40000 switches / 298 ms)
  xtask call/reply: 16 B  24380 ns/round-trip  (41016 round-trips/s over 20000 calls / 487 ms)
  spawn/exit: thread 38356 ns  (200 reps / 7 ms)
  spawn/exit: task 91346 ns  (200 reps / 18 ms)
bench: done

KICKOS-EXIT status 0
POLL_OK=1 POLL_MS=5000
