[2J[001;001H[=3h[2J[001;001H[2J[001;001H[8;042;160t[2J[001;001H[2J[001;001H[8;056;240t[2J[001;001HBdsDxe: loading Boot0002 "UEFI QEMU HARDDISK QM00001 " from PciRoot(0x0)/Pci(0x1F,0x2)/Sata(0x0,0xFFFF,0x0)
BdsDxe: starting Boot0002 "UEFI QEMU HARDDISK QM00001 " from PciRoot(0x0)/Pci(0x1F,0x2)/Sata(0x0,0xFFFF,0x0)

KICKOS-X1 8c41d7a2 x86_64/q35 uefi-handover entry
KICKOS-X1 8c41d7a2 x86_64/q35 uefi-handover handover if=1 paging=1 longmode=1 root=1 wp=1 nx=1 nxcap=1
KICKOS-X1 8c41d7a2 x86_64/q35 uefi-handover if_after_cli=0
KICKOS-X1 8c41d7a2 x86_64/q35 uefi-handover firmware=Debian distribution of EDK II
KICKOS-X1 8c41d7a2 x86_64/q35 uefi-handover revision=0x0000000000020046
KICKOS-X1 8c41d7a2 x86_64/q35 uefi-handover map descriptors=109 stride=48 version=1 conventional_pages=117679 arena=0x0000000001800000 arena_pages=107372
KICKOS-X1 8c41d7a2 x86_64/q35 uefi-handover fp found em=0 ts=0 mp=1 osfxsr=1 osxmmexcpt=1 osxsave=0
KICKOS-X1 8c41d7a2 x86_64/q35 uefi-handover fp trapped em=1 ts=1 mp=1 osfxsr=0 osxmmexcpt=0 osxsave=0
KICKOS-X1 8c41d7a2 x86_64/q35 uefi-handover boot services left
KICKOS-X1 8c41d7a2 x86_64/q35 uefi-handover if_after_exit=0
x86_64 app relocation: base=0x0000000000400000 load_delta=0x0000000000000000 app_words=0

  ==============================================
   KickOS 0.5.1  -  microkernel RTOS
  ==============================================
   board   qemu-x86_64
   arch    x86_64
   cpu     x86-64
   mpu     off
   sched   tickless
   build   2026-09-29 07:40:25 +0200
   app     Sep 29 2026 00:56:20 +0200
   commit  15947db7-dirty
   heap    none
   kstack  4096 B x 33 = 135168 B

microbenchmark: context-switch throughput (all arches) + per-switch cost
+ IRQ-entry latency where a cycle counter exists. Reporter woken by the
workload, not a timer. Telemetry OFF for clean numbers.
cycle counter: 1999736043 Hz (0 = no rate converts a reading; cycles only)

  lock-probe: hold+1 core=0 depth=0  (three nested, one outermost)
  call/reply: 8 B  11803 ns/round-trip  (84723 round-trips/s over 20000 calls / 236 ms)
  call/reply: 16 B  11677 ns/round-trip  (85632 round-trips/s over 20000 calls / 233 ms)
  call/reply: 32 B  11639 ns/round-trip  (85917 round-trips/s over 20000 calls / 232 ms)
  call/reply: 64 B  11700 ns/round-trip  (85469 round-trips/s over 20000 calls / 234 ms)
  call/reply: 128 B  11725 ns/round-trip  (85287 round-trips/s over 20000 calls / 234 ms)
  call/reply: 256 B  11836 ns/round-trip  (84483 round-trips/s over 20000 calls / 236 ms)
  call/reply: 8 B  11630 ns/round-trip  (85982 round-trips/s over 20000 calls / 232 ms) [generic path]
  call/reply: 16 B  11639 ns/round-trip  (85913 round-trips/s over 20000 calls / 232 ms) [generic path]
  call/reply: 32 B  11670 ns/round-trip  (85688 round-trips/s over 20000 calls / 233 ms) [generic path]
  call/reply: 64 B  11644 ns/round-trip  (85879 round-trips/s over 20000 calls / 232 ms) [generic path]
  call/reply: 128 B  11650 ns/round-trip  (85833 round-trips/s over 20000 calls / 233 ms) [generic path]
  call/reply: 256 B  11805 ns/round-trip  (84707 round-trips/s over 20000 calls / 236 ms) [generic path]
  call/reply: 32 B  12131 ns/round-trip  (82430 round-trips/s over 20000 calls / 242 ms) [caller outranks server, D1 donates]
  phase table (44 rows; cyc avg/max, min last and a floor; leaf -= NULL, composite -= NULL + k*(NEST-NULL)):
    NULL             23/6600  min=20  n=260000
    NEST             125/37660  min=100  n=260000
    NEST_LOCK        69/59160  min=40  n=260000
    CALL_TOTAL       21870/2873620  min=21280  n=259999
    CALL_VALIDATE    258/20940  min=240  n=260000
    CALL_LOCKED      21101/2872420  min=20520  n=259999
    CALL_RESOLVE     321/22960  min=280  n=260000
    CALL_PEEK        72/31560  min=40  n=260000
    CALL_PROBE       120/40400  min=100  n=259999
    CALL_POP         179/55780  min=140  n=259999
    CALL_COPY        2196/84300  min=2020  n=259999
    CALL_MINT        1966/282280  min=1860  n=259999
    CALL_MINT_CAP    549/145740  min=480  n=259999
    CALL_MINT_INFO   1216/76860  min=1140  n=259999
    CALL_DONATE      183/31120  min=140  n=19999
    CALL_PARK        355/91860  min=320  n=259999
    CALL_WAKE        14444/2865620  min=14020  n=259999
    CALL_RESUME      222/42140  min=180  n=260000
    CALL_SLOW_TOTAL  575220/575220  min=575220  n=1
    CALL_SLOW_LOCKED 550160/550160  min=550160  n=1
    CALL_SLOW_DONATE 0/0  min=0  n=0
    CALL_SLOW_PARK   435420/435420  min=435420  n=1
    RECV_LOCKED      14691/1855240  min=14260  n=259999
    RECV_RESOLVE     381/130120  min=320  n=260000
    RECV_SCAN        210/58400  min=160  n=259999
    RECV_PARK        13743/1599940  min=13320  n=259999
    REPLY_TOTAL      64101/452980  min=9960  n=13
    REPLY_VALIDATE   6230/33620  min=1600  n=13
    REPLY_LOCKED     3694/616040  min=3460  n=260000
    REPLY_LOOKUP     475/318120  min=420  n=260000
    REPLY_COPY       2182/63120  min=2020  n=260000
    REPLY_FUNNEL     296/94580  min=240  n=260000
    REPLY_WAKE       326/43400  min=300  n=260000
    REPLY_RECV_TOTAL 21304/2410880  min=20720  n=260000
    REPLY_RECV_TAIL  640/146160  min=600  n=259999
    WAKE_UNPARK      93/40200  min=60  n=520012
    PICK_NEXT        63/22840  min=40  n=520064
    SWITCH_TO        25179/485654260  min=12640  n=520013
    SWITCH_BOOK      99/47980  min=80  n=520039
    MPU_APPLY        159/18280  min=140  n=520039
    MPU_COMMIT       0/0  min=0  n=0
    REENT_SEAT       0/0  min=0  n=0
    KTIME_REARM      89/19080  min=60  n=520039
    ARCH_SWITCH      24385/485651800  min=11820  n=520013
  ns-probe: cyc=4294967295 ns=2147767106 capped=0
  sat-probe: width=64 fits+1/0 wide+0/1 max=1000

  throughput: 349276 ctx-sw/s  (2863 ns/sw avg over 40000 switches / 114 ms)
  switch-probe: fastpath-swaps=0  (swapped inside the trap, so not in the switch row)
  switch:    80/96/140 cyc  40/48/70 ns  (p50/p99/max, n=40002)
  lock-hold: 1024/2560/52780 cyc  512/1280/26393 ns  (p50/p99/max, n=80245)
  lock-site: core=0 site=0x409dac max=52780
  irq-probe: line=6 raise=inject on=0 raised=100 hcore=none foreign=0 win=0
  irq:       0/0/0 cyc  0/0/0 ns  (p50/max/max, n=0)
  wcase-probe: line=6 raise=inject on=0 raised=100 hcore=none foreign=0 win=0
  wcase-irq[0B]:    0/0/0 cyc  0/0/0 ns  (p50/max/max, n=0)
  wcase-probe: line=6 raise=inject on=0 raised=100 hcore=none foreign=0 win=0
  wcase-irq[64B]:   0/0/0 cyc  0/0/0 ns  (p50/max/max, n=0)
  wcase-probe: line=6 raise=inject on=0 raised=100 hcore=none foreign=0 win=0
  wcase-irq[256B]:  0/0/0 cyc  0/0/0 ns  (p50/max/max, n=0)
  wcase-probe: line=6 raise=inject on=0 raised=100 hcore=none foreign=0 win=0
  wcase-irq[1024B]: 0/0/0 cyc  0/0/0 ns  (p50/max/max, n=0)
  e2e-settle: settled=2/2
  e2e-probe: line=7 closed=1000 dropped=0 tare=420/815 ns  (min/avg, n=64)
  e2e-passes: asked=1000 raised=1000
  e2e-local: 6144/6144/855503 ns  (p50/p99/max, n=1000)
  throughput: 350796 ctx-sw/s  (2850 ns/sw avg over 40000 switches / 114 ms)
  switch-probe: fastpath-swaps=0  (swapped inside the trap, so not in the switch row)
  switch:    80/96/120 cyc  40/48/60 ns  (p50/p99/max, n=40002)
  lock-hold: 1024/2560/34740 cyc  512/1280/17372 ns  (p50/p99/max, n=80248)
  lock-site: core=0 site=0x416918 max=34740
  irq-probe: line=6 raise=inject on=0 raised=100 hcore=none foreign=0 win=0
  irq:       0/0/0 cyc  0/0/0 ns  (p50/max/max, n=0)
  wcase-probe: line=6 raise=inject on=0 raised=100 hcore=none foreign=0 win=0
  wcase-irq[0B]:    0/0/0 cyc  0/0/0 ns  (p50/max/max, n=0)
  wcase-probe: line=6 raise=inject on=0 raised=100 hcore=none foreign=0 win=0
  wcase-irq[64B]:   0/0/0 cyc  0/0/0 ns  (p50/max/max, n=0)
  wcase-probe: line=6 raise=inject on=0 raised=100 hcore=none foreign=0 win=0
  wcase-irq[256B]:  0/0/0 cyc  0/0/0 ns  (p50/max/max, n=0)
  wcase-probe: line=6 raise=inject on=0 raised=100 hcore=none foreign=0 win=0
  wcase-irq[1024B]: 0/0/0 cyc  0/0/0 ns  (p50/max/max, n=0)
  e2e-settle: settled=2/2
  e2e-probe: line=7 closed=1000 dropped=0 tare=420/815 ns  (min/avg, n=64)
  e2e-passes: asked=1000 raised=1000
  e2e-local: 6144/6144/32125 ns  (p50/p99/max, n=1000)
  throughput: 348755 ctx-sw/s  (2867 ns/sw avg over 40000 switches / 114 ms)
  switch-probe: fastpath-swaps=0  (swapped inside the trap, so not in the switch row)
  switch:    80/96/120 cyc  40/48/60 ns  (p50/p99/max, n=40002)
  lock-hold: 1024/2560/51540 cyc  512/1280/25773 ns  (p50/p99/max, n=80248)
  lock-site: core=0 site=0x416918 max=51540
  irq-probe: line=6 raise=inject on=0 raised=100 hcore=none foreign=0 win=0
  irq:       0/0/0 cyc  0/0/0 ns  (p50/max/max, n=0)
  wcase-probe: line=6 raise=inject on=0 raised=100 hcore=none foreign=0 win=0
  wcase-irq[0B]:    0/0/0 cyc  0/0/0 ns  (p50/max/max, n=0)
  wcase-probe: line=6 raise=inject on=0 raised=100 hcore=none foreign=0 win=0
  wcase-irq[64B]:   0/0/0 cyc  0/0/0 ns  (p50/max/max, n=0)
  wcase-probe: line=6 raise=inject on=0 raised=100 hcore=none foreign=0 win=0
  wcase-irq[256B]:  0/0/0 cyc  0/0/0 ns  (p50/max/max, n=0)
  wcase-probe: line=6 raise=inject on=0 raised=100 hcore=none foreign=0 win=0
  wcase-irq[1024B]: 0/0/0 cyc  0/0/0 ns  (p50/max/max, n=0)
  e2e-settle: settled=2/2
  e2e-probe: line=7 closed=1000 dropped=0 tare=420/815 ns  (min/avg, n=64)
  e2e-passes: asked=1000 raised=1000
  e2e-local: 5632/6144/44295 ns  (p50/p99/max, n=1000)
  xtask ping-pong: 11137 ns/switch  (40000 switches / 445 ms)
  xtask call/reply: 16 B  36340 ns/round-trip  (27517 round-trips/s over 20000 calls / 726 ms)
  spawn/exit: thread 56780 ns  (200 reps / 11 ms)
  spawn/exit: task 126954 ns  (200 reps / 25 ms)
bench: done
qemu-system-x86_64: terminating on signal 15 from pid 648219 (sh)
POLL_OK=1 POLL_MS=6200
