
  ==============================================
   KickOS 0.5.1  -  microkernel RTOS
  ==============================================
   board   qemu-arm64
   arch    armv8a
   cpu     cortex-a53
   mpu     off
   sched   tickless
   build   2026-09-29 07:39:58 +0200
   app     Sep 29 2026 07:39:59 +0200
   commit  15947db7-dirty
   heap    64 KiB available
   kstack  4096 B x 17 = 69632 B

microbenchmark: context-switch throughput (all arches) + per-switch cost
+ IRQ-entry latency where a cycle counter exists. Reporter woken by the
workload, not a timer. Telemetry OFF for clean numbers.
cycle counter: 0 Hz (0 = no rate converts a reading; cycles only)

  lock-probe: hold+1 core=0 depth=0  (three nested, one outermost)
  call/reply: 8 B  18983 ns/round-trip  (52676 round-trips/s over 20000 calls / 379 ms)
  call/reply: 16 B  18964 ns/round-trip  (52728 round-trips/s over 20000 calls / 379 ms)
  call/reply: 32 B  19357 ns/round-trip  (51658 round-trips/s over 20000 calls / 387 ms)
  call/reply: 64 B  19752 ns/round-trip  (50626 round-trips/s over 20000 calls / 395 ms)
  call/reply: 128 B  19112 ns/round-trip  (52322 round-trips/s over 20000 calls / 382 ms)
  call/reply: 256 B  19105 ns/round-trip  (52340 round-trips/s over 20000 calls / 382 ms)
  call/reply: 8 B  18853 ns/round-trip  (53040 round-trips/s over 20000 calls / 377 ms) [generic path]
  call/reply: 16 B  18899 ns/round-trip  (52912 round-trips/s over 20000 calls / 377 ms) [generic path]
  call/reply: 32 B  18833 ns/round-trip  (53096 round-trips/s over 20000 calls / 376 ms) [generic path]
  call/reply: 64 B  18993 ns/round-trip  (52650 round-trips/s over 20000 calls / 379 ms) [generic path]
  call/reply: 128 B  19048 ns/round-trip  (52498 round-trips/s over 20000 calls / 380 ms) [generic path]
  call/reply: 256 B  18917 ns/round-trip  (52860 round-trips/s over 20000 calls / 378 ms) [generic path]
  call/reply: 32 B  19236 ns/round-trip  (51984 round-trips/s over 20000 calls / 384 ms) [caller outranks server, D1 donates]
  phase table (44 rows; cyc avg/max, min last and a floor; leaf -= NULL, composite -= NULL + k*(NEST-NULL)):
    NULL             115/8897  min=100  n=260000
    NEST             329/589872  min=300  n=260000
    NEST_LOCK        231/16071  min=210  n=260000
    CALL_TOTAL       17452/1081018  min=16691  n=259999
    CALL_VALIDATE    156/26830  min=140  n=260000
    CALL_LOCKED      16677/1079756  min=15920  n=259999
    CALL_RESOLVE     225/15199  min=190  n=260000
    CALL_PEEK        177/25739  min=160  n=260000
    CALL_PROBE       137/67207  min=110  n=259999
    CALL_POP         167/20299  min=150  n=259999
    CALL_COPY        618/480246  min=531  n=259999
    CALL_MINT        1122/75933  min=1011  n=259999
    CALL_MINT_CAP    266/42230  min=230  n=259999
    CALL_MINT_INFO   444/74951  min=400  n=259999
    CALL_DONATE      177/9397  min=160  n=19999
    CALL_PARK        278/63700  min=250  n=259999
    CALL_WAKE        11720/1074916  min=11212  n=259999
    CALL_RESUME      155/20198  min=140  n=260000
    CALL_SLOW_TOTAL  230244/230244  min=230244  n=1
    CALL_SLOW_LOCKED 222981/222981  min=222981  n=1
    CALL_SLOW_DONATE 0/0  min=0  n=0
    CALL_SLOW_PARK   161765/161765  min=161765  n=1
    RECV_LOCKED      13940/628716  min=13345  n=259999
    RECV_RESOLVE     284/84189  min=240  n=260000
    RECV_SCAN        194/25288  min=170  n=259999
    RECV_PARK        13012/626060  min=12433  n=259999
    REPLY_TOTAL      62252/588650  min=8686  n=13
    REPLY_VALIDATE   6530/14538  min=3196  n=13
    REPLY_LOCKED     2023/469755  min=1883  n=260000
    REPLY_LOOKUP     360/93486  min=320  n=260000
    REPLY_COPY       528/80201  min=460  n=260000
    REPLY_FUNNEL     169/27903  min=150  n=260000
    REPLY_WAKE       390/468072  min=320  n=260000
    REPLY_RECV_TOTAL 17226/692766  min=16491  n=260000
    REPLY_RECV_TAIL  430/40747  min=390  n=259999
    WAKE_UNPARK      139/55094  min=90  n=520012
    PICK_NEXT        102/19417  min=80  n=520064
    SWITCH_TO        21242/395340851  min=10490  n=520013
    SWITCH_BOOK      131/121910  min=90  n=520039
    MPU_APPLY        171/20138  min=130  n=520039
    MPU_COMMIT       0/0  min=0  n=0
    REENT_SEAT       111/15178  min=80  n=520039
    KTIME_REARM      108/84058  min=90  n=520039
    ARCH_SWITCH      20046/395335271  min=9318  n=520013
  ns-probe: rate=0 (nothing converts, so no ns column is printed)
  sat-probe: width=64 fits+1/0 wide+0/1 max=1000

  throughput: 171392 ctx-sw/s  (5834 ns/sw avg over 40000 switches / 233 ms)
  switch-probe: fastpath-swaps=0  (swapped inside the trap, so not in the switch row)
  switch:    160/192/5911 cyc  (p50/p99/max, n=40002)
  lock-hold: 1280/2816/33163 cyc  (p50/p99/max, n=80235)
  lock-site: core=0 site=0xffffff8040006f20 max=33163
  irq-probe: line=200 raise=inject on=0 raised=100 hcore=none foreign=0 win=0
  irq:       0/0/0 cyc  (p50/max/max, n=0)
  wcase-probe: line=200 raise=inject on=0 raised=100 hcore=none foreign=0 win=0
  wcase-irq[0B]:    0/0/0 cyc  (p50/max/max, n=0)
  wcase-probe: line=200 raise=inject on=0 raised=100 hcore=none foreign=0 win=0
  wcase-irq[64B]:   0/0/0 cyc  (p50/max/max, n=0)
  wcase-probe: line=200 raise=inject on=0 raised=100 hcore=none foreign=0 win=0
  wcase-irq[256B]:  0/0/0 cyc  (p50/max/max, n=0)
  wcase-probe: line=200 raise=inject on=0 raised=100 hcore=none foreign=0 win=0
  wcase-irq[1024B]: 0/0/0 cyc  (p50/max/max, n=0)
  e2e-settle: settled=2/2
  e2e-probe: line=201 closed=1000 dropped=0 tare=928/1218 ns  (min/avg, n=64)
  e2e-passes: asked=1000 raised=1000
  e2e-local: 8192/10240/246064 ns  (p50/p99/max, n=1000)
  throughput: 170871 ctx-sw/s  (5852 ns/sw avg over 40000 switches / 234 ms)
  switch-probe: fastpath-swaps=0  (swapped inside the trap, so not in the switch row)
  switch:    160/224/431 cyc  (p50/p99/max, n=40002)
  lock-hold: 1280/2560/50726 cyc  (p50/p99/max, n=80237)
  lock-site: core=0 site=0xffffff8040006f20 max=50726
  irq-probe: line=200 raise=inject on=0 raised=100 hcore=none foreign=0 win=0
  irq:       0/0/0 cyc  (p50/max/max, n=0)
  wcase-probe: line=200 raise=inject on=0 raised=100 hcore=none foreign=0 win=0
  wcase-irq[0B]:    0/0/0 cyc  (p50/max/max, n=0)
  wcase-probe: line=200 raise=inject on=0 raised=100 hcore=none foreign=0 win=0
  wcase-irq[64B]:   0/0/0 cyc  (p50/max/max, n=0)
  wcase-probe: line=200 raise=inject on=0 raised=100 hcore=none foreign=0 win=0
  wcase-irq[256B]:  0/0/0 cyc  (p50/max/max, n=0)
  wcase-probe: line=200 raise=inject on=0 raised=100 hcore=none foreign=0 win=0
  wcase-irq[1024B]: 0/0/0 cyc  (p50/max/max, n=0)
  e2e-settle: settled=2/2
  e2e-probe: line=201 closed=1000 dropped=0 tare=928/1218 ns  (min/avg, n=64)
  e2e-passes: asked=1000 raised=1000
  e2e-local: 8192/11264/42448 ns  (p50/p99/max, n=1000)
  throughput: 171658 ctx-sw/s  (5825 ns/sw avg over 40000 switches / 233 ms)
  switch-probe: fastpath-swaps=0  (swapped inside the trap, so not in the switch row)
  switch:    160/208/5741 cyc  (p50/p99/max, n=40002)
  lock-hold: 1280/2560/47990 cyc  (p50/p99/max, n=80238)
  lock-site: core=0 site=0xffffff8040006f20 max=47990
  irq-probe: line=200 raise=inject on=0 raised=100 hcore=none foreign=0 win=0
  irq:       0/0/0 cyc  (p50/max/max, n=0)
  wcase-probe: line=200 raise=inject on=0 raised=100 hcore=none foreign=0 win=0
  wcase-irq[0B]:    0/0/0 cyc  (p50/max/max, n=0)
  wcase-probe: line=200 raise=inject on=0 raised=100 hcore=none foreign=0 win=0
  wcase-irq[64B]:   0/0/0 cyc  (p50/max/max, n=0)
  wcase-probe: line=200 raise=inject on=0 raised=100 hcore=none foreign=0 win=0
  wcase-irq[256B]:  0/0/0 cyc  (p50/max/max, n=0)
  wcase-probe: line=200 raise=inject on=0 raised=100 hcore=none foreign=0 win=0
  wcase-irq[1024B]: 0/0/0 cyc  (p50/max/max, n=0)
  e2e-settle: settled=2/2
  e2e-probe: line=201 closed=1000 dropped=0 tare=928/1218 ns  (min/avg, n=64)
  e2e-passes: asked=1000 raised=1000
  e2e-local: 8192/11264/75664 ns  (p50/p99/max, n=1000)
  xtask ping-pong: 13582 ns/switch  (40000 switches / 543 ms)
  xtask call/reply: 16 B  40168 ns/round-trip  (24894 round-trips/s over 20000 calls / 803 ms)
  spawn/exit: thread 25830 ns  (200 reps / 5 ms)
  spawn/exit: task 107710 ns  (200 reps / 21 ms)
bench: done
POLL_OK=1 POLL_MS=8000
