
  ==============================================
   KickOS 0.5.1  -  microkernel RTOS
  ==============================================
   board   qemu-arm64
   arch    armv8a
   cpu     cortex-a53
   mpu     off
   sched   tickless
   build   2026-09-29 07:39:58 +0200
   app     Sep 29 2026 07:39:59 +0200
   commit  15947db7-dirty
   heap    64 KiB available
   kstack  4096 B x 17 = 69632 B

microbenchmark: context-switch throughput (all arches) + per-switch cost
+ IRQ-entry latency where a cycle counter exists. Reporter woken by the
workload, not a timer. Telemetry OFF for clean numbers.
cycle counter: 0 Hz (0 = no rate converts a reading; cycles only)

  lock-probe: hold+1 core=0 depth=0  (three nested, one outermost)
  call/reply: 8 B  19441 ns/round-trip  (51436 round-trips/s over 20000 calls / 388 ms)
  call/reply: 16 B  18869 ns/round-trip  (52995 round-trips/s over 20000 calls / 377 ms)
  call/reply: 32 B  18938 ns/round-trip  (52802 round-trips/s over 20000 calls / 378 ms)
  call/reply: 64 B  18867 ns/round-trip  (53001 round-trips/s over 20000 calls / 377 ms)
  call/reply: 128 B  19110 ns/round-trip  (52327 round-trips/s over 20000 calls / 382 ms)
  call/reply: 256 B  19380 ns/round-trip  (51597 round-trips/s over 20000 calls / 387 ms)
  call/reply: 8 B  18961 ns/round-trip  (52739 round-trips/s over 20000 calls / 379 ms) [generic path]
  call/reply: 16 B  18902 ns/round-trip  (52903 round-trips/s over 20000 calls / 378 ms) [generic path]
  call/reply: 32 B  18958 ns/round-trip  (52747 round-trips/s over 20000 calls / 379 ms) [generic path]
  call/reply: 64 B  18967 ns/round-trip  (52721 round-trips/s over 20000 calls / 379 ms) [generic path]
  call/reply: 128 B  18971 ns/round-trip  (52711 round-trips/s over 20000 calls / 379 ms) [generic path]
  call/reply: 256 B  19191 ns/round-trip  (52105 round-trips/s over 20000 calls / 383 ms) [generic path]
  call/reply: 32 B  19416 ns/round-trip  (51501 round-trips/s over 20000 calls / 388 ms) [caller outranks server, D1 donates]
  phase table (44 rows; cyc avg/max, min last and a floor; leaf -= NULL, composite -= NULL + k*(NEST-NULL)):
    NULL             115/8817  min=100  n=260000
    NEST             330/24997  min=300  n=260000
    NEST_LOCK        232/14437  min=210  n=260000
    CALL_TOTAL       17447/1174504  min=16711  n=259999
    CALL_VALIDATE    157/53070  min=140  n=260000
    CALL_LOCKED      16672/1173222  min=15950  n=259999
    CALL_RESOLVE     224/21571  min=190  n=260000
    CALL_PEEK        182/26059  min=160  n=260000
    CALL_PROBE       136/22092  min=120  n=259999
    CALL_POP         165/27913  min=150  n=259999
    CALL_COPY        610/22813  min=531  n=259999
    CALL_MINT        1105/103395  min=1012  n=259999
    CALL_MINT_CAP    265/43172  min=230  n=259999
    CALL_MINT_INFO   435/16682  min=400  n=259999
    CALL_DONATE      176/8677  min=160  n=19999
    CALL_PARK        277/60985  min=260  n=259999
    CALL_WAKE        11680/1168293  min=11141  n=259999
    CALL_RESUME      155/25388  min=140  n=260000
    CALL_SLOW_TOTAL  226467/226467  min=226467  n=1
    CALL_SLOW_LOCKED 219354/219354  min=219354  n=1
    CALL_SLOW_DONATE 0/0  min=0  n=0
    CALL_SLOW_PARK   160573/160573  min=160573  n=1
    RECV_LOCKED      13950/511374  min=13385  n=259999
    RECV_RESOLVE     280/105158  min=240  n=260000
    RECV_SCAN        194/20138  min=180  n=259999
    RECV_PARK        13034/433668  min=12483  n=259999
    REPLY_TOTAL      58194/474504  min=8737  n=13
    REPLY_VALIDATE   5760/14087  min=3316  n=13
    REPLY_LOCKED     1987/169880  min=1843  n=260000
    REPLY_LOOKUP     358/110157  min=320  n=260000
    REPLY_COPY       525/24967  min=460  n=260000
    REPLY_FUNNEL     169/28204  min=140  n=260000
    REPLY_WAKE       364/22623  min=310  n=260000
    REPLY_RECV_TOTAL 17197/712122  min=16511  n=260000
    REPLY_RECV_TAIL  437/62177  min=390  n=259999
    WAKE_UNPARK      131/12633  min=90  n=520012
    PICK_NEXT        103/9317  min=80  n=520064
    SWITCH_TO        21234/389758405  min=10460  n=520013
    SWITCH_BOOK      119/86563  min=90  n=520039
    MPU_APPLY        171/14938  min=130  n=520039
    MPU_COMMIT       0/0  min=0  n=0
    REENT_SEAT       119/20148  min=80  n=520039
    KTIME_REARM      111/19887  min=90  n=520039
    ARCH_SWITCH      20040/389707960  min=9297  n=520013
  ns-probe: rate=0 (nothing converts, so no ns column is printed)
  sat-probe: width=64 fits+1/0 wide+0/1 max=1000

  throughput: 169323 ctx-sw/s  (5905 ns/sw avg over 40000 switches / 236 ms)
  switch-probe: fastpath-swaps=0  (swapped inside the trap, so not in the switch row)
  switch:    160/240/5460 cyc  (p50/p99/max, n=40002)
  lock-hold: 1280/3584/37420 cyc  (p50/p99/max, n=80235)
  lock-site: core=0 site=0xffffff8040006f20 max=37420
  irq-probe: line=200 raise=inject on=0 raised=100 hcore=none foreign=0 win=0
  irq:       0/0/0 cyc  (p50/max/max, n=0)
  wcase-probe: line=200 raise=inject on=0 raised=100 hcore=none foreign=0 win=0
  wcase-irq[0B]:    0/0/0 cyc  (p50/max/max, n=0)
  wcase-probe: line=200 raise=inject on=0 raised=100 hcore=none foreign=0 win=0
  wcase-irq[64B]:   0/0/0 cyc  (p50/max/max, n=0)
  wcase-probe: line=200 raise=inject on=0 raised=100 hcore=none foreign=0 win=0
  wcase-irq[256B]:  0/0/0 cyc  (p50/max/max, n=0)
  wcase-probe: line=200 raise=inject on=0 raised=100 hcore=none foreign=0 win=0
  wcase-irq[1024B]: 0/0/0 cyc  (p50/max/max, n=0)
  e2e-settle: settled=2/2
  e2e-probe: line=201 closed=1000 dropped=0 tare=944/1218 ns  (min/avg, n=64)
  e2e-passes: asked=1000 raised=1000
  e2e-local: 8192/11264/261952 ns  (p50/p99/max, n=1000)
  throughput: 169568 ctx-sw/s  (5897 ns/sw avg over 40000 switches / 235 ms)
  switch-probe: fastpath-swaps=0  (swapped inside the trap, so not in the switch row)
  switch:    160/208/5400 cyc  (p50/p99/max, n=40002)
  lock-hold: 1280/2816/55795 cyc  (p50/p99/max, n=80238)
  lock-site: core=0 site=0xffffff8040006f20 max=55795
  irq-probe: line=200 raise=inject on=0 raised=100 hcore=none foreign=0 win=0
  irq:       0/0/0 cyc  (p50/max/max, n=0)
  wcase-probe: line=200 raise=inject on=0 raised=100 hcore=none foreign=0 win=0
  wcase-irq[0B]:    0/0/0 cyc  (p50/max/max, n=0)
  wcase-probe: line=200 raise=inject on=0 raised=100 hcore=none foreign=0 win=0
  wcase-irq[64B]:   0/0/0 cyc  (p50/max/max, n=0)
  wcase-probe: line=200 raise=inject on=0 raised=100 hcore=none foreign=0 win=0
  wcase-irq[256B]:  0/0/0 cyc  (p50/max/max, n=0)
  wcase-probe: line=200 raise=inject on=0 raised=100 hcore=none foreign=0 win=0
  wcase-irq[1024B]: 0/0/0 cyc  (p50/max/max, n=0)
  e2e-settle: settled=2/2
  e2e-probe: line=201 closed=1000 dropped=0 tare=944/1218 ns  (min/avg, n=64)
  e2e-passes: asked=1000 raised=1000
  e2e-local: 8192/11264/43472 ns  (p50/p99/max, n=1000)
  throughput: 169953 ctx-sw/s  (5883 ns/sw avg over 40000 switches / 235 ms)
  switch-probe: fastpath-swaps=0  (swapped inside the trap, so not in the switch row)
  switch:    160/224/3838 cyc  (p50/p99/max, n=40002)
  lock-hold: 1280/2816/51057 cyc  (p50/p99/max, n=80238)
  lock-site: core=0 site=0xffffff8040006f20 max=51057
  irq-probe: line=200 raise=inject on=0 raised=100 hcore=none foreign=0 win=0
  irq:       0/0/0 cyc  (p50/max/max, n=0)
  wcase-probe: line=200 raise=inject on=0 raised=100 hcore=none foreign=0 win=0
  wcase-irq[0B]:    0/0/0 cyc  (p50/max/max, n=0)
  wcase-probe: line=200 raise=inject on=0 raised=100 hcore=none foreign=0 win=0
  wcase-irq[64B]:   0/0/0 cyc  (p50/max/max, n=0)
  wcase-probe: line=200 raise=inject on=0 raised=100 hcore=none foreign=0 win=0
  wcase-irq[256B]:  0/0/0 cyc  (p50/max/max, n=0)
  wcase-probe: line=200 raise=inject on=0 raised=100 hcore=none foreign=0 win=0
  wcase-irq[1024B]: 0/0/0 cyc  (p50/max/max, n=0)
  e2e-settle: settled=2/2
  e2e-probe: line=201 closed=1000 dropped=0 tare=944/1218 ns  (min/avg, n=64)
  e2e-passes: asked=1000 raised=1000
  e2e-local: 8192/8192/44384 ns  (p50/p99/max, n=1000)
  xtask ping-pong: 13338 ns/switch  (40000 switches / 533 ms)
  xtask call/reply: 16 B  40051 ns/round-trip  (24968 round-trips/s over 20000 calls / 801 ms)
  spawn/exit: thread 26050 ns  (200 reps / 5 ms)
  spawn/exit: task 108671 ns  (200 reps / 21 ms)
bench: done
POLL_OK=1 POLL_MS=8000
