
  ==============================================
   KickOS 0.5.1  -  microkernel RTOS
  ==============================================
   board   qemu-riscv
   arch    rv32imac
   cpu     rv32imac_zicsr
   mpu     off
   sched   tickless
   build   2026-09-29 07:39:58 +0200
   app     Sep 29 2026 07:40:00 +0200
   commit  15947db7-dirty
   heap    16 KiB available
   kstack  1184 B x 17 = 20128 B

microbenchmark: context-switch throughput (all arches) + per-switch cost
+ IRQ-entry latency where a cycle counter exists. Reporter woken by the
workload, not a timer. Telemetry OFF for clean numbers.
cycle counter: 0 Hz (0 = no rate converts a reading; cycles only)

  lock-probe: hold+1 core=0 depth=0  (three nested, one outermost)
  call/reply: 8 B  15380 ns/round-trip  (65019 round-trips/s over 20000 calls / 307 ms)
  call/reply: 16 B  12442 ns/round-trip  (80369 round-trips/s over 20000 calls / 248 ms)
  call/reply: 32 B  16863 ns/round-trip  (59300 round-trips/s over 20000 calls / 337 ms)
  call/reply: 64 B  16992 ns/round-trip  (58848 round-trips/s over 20000 calls / 339 ms)
  call/reply: 128 B  16826 ns/round-trip  (59429 round-trips/s over 20000 calls / 336 ms)
  call/reply: 256 B  16988 ns/round-trip  (58864 round-trips/s over 20000 calls / 339 ms)
  call/reply: 8 B  16773 ns/round-trip  (59618 round-trips/s over 20000 calls / 335 ms) [generic path]
  call/reply: 16 B  16749 ns/round-trip  (59703 round-trips/s over 20000 calls / 334 ms) [generic path]
  call/reply: 32 B  16671 ns/round-trip  (59981 round-trips/s over 20000 calls / 333 ms) [generic path]
  call/reply: 64 B  16700 ns/round-trip  (59877 round-trips/s over 20000 calls / 334 ms) [generic path]
  call/reply: 128 B  16768 ns/round-trip  (59636 round-trips/s over 20000 calls / 335 ms) [generic path]
  call/reply: 256 B  17041 ns/round-trip  (58680 round-trips/s over 20000 calls / 340 ms) [generic path]
  call/reply: 32 B  17057 ns/round-trip  (58625 round-trips/s over 20000 calls / 341 ms) [caller outranks server, D1 donates]
  phase table (44 rows; cyc avg/max, min last and a floor; leaf -= NULL, composite -= NULL + k*(NEST-NULL)):
    NULL             82/10320  min=40  n=220000
    NEST             495/25920  min=420  n=220000
    NEST_LOCK        396/53940  min=360  n=220000
    CALL_TOTAL       12267/718200  min=11600  n=219999
    CALL_VALIDATE    285/28840  min=240  n=220000
    CALL_LOCKED      11177/567600  min=10540  n=219999
    CALL_RESOLVE     476/19200  min=400  n=220000
    CALL_PEEK        238/19700  min=200  n=220000
    CALL_PROBE       210/58000  min=140  n=219999
    CALL_POP         287/24540  min=260  n=219999
    CALL_COPY        385/29640  min=260  n=219999
    CALL_MINT        1382/97320  min=1280  n=219999
    CALL_MINT_CAP    449/25960  min=400  n=219999
    CALL_MINT_INFO   344/27900  min=300  n=219999
    CALL_DONATE      167/22580  min=140  n=19999
    CALL_PARK        529/35100  min=460  n=219999
    CALL_WAKE        3650/81740  min=3360  n=219999
    CALL_RESUME      337/23320  min=280  n=220000
    CALL_SLOW_TOTAL  197260/197260  min=197260  n=1
    CALL_SLOW_LOCKED 177140/177140  min=177140  n=1
    CALL_SLOW_DONATE 0/0  min=0  n=0
    CALL_SLOW_PARK   38040/38040  min=38040  n=1
    RECV_LOCKED      5218/368860  min=4580  n=259999
    RECV_RESOLVE     558/129280  min=440  n=260000
    RECV_SCAN        225/66280  min=180  n=259999
    RECV_PARK        3615/126480  min=3040  n=259999
    REPLY_TOTAL      50898/207720  min=22360  n=13
    REPLY_VALIDATE   11020/36220  min=7800  n=13
    REPLY_LOCKED     3213/577220  min=2300  n=260000
    REPLY_LOOKUP     641/278240  min=480  n=260000
    REPLY_COPY       418/35440  min=220  n=260000
    REPLY_FUNNEL     272/96300  min=160  n=260000
    REPLY_WAKE       656/117980  min=540  n=260000
    REPLY_RECV_TOTAL 10519/878180  min=8980  n=260000
    REPLY_RECV_TAIL  908/156080  min=760  n=259999
    WAKE_UNPARK      167/91680  min=120  n=520012
    PICK_NEXT        196/35100  min=160  n=480064
    SWITCH_TO        2412/282300  min=2080  n=480039
    SWITCH_BOOK      151/158540  min=120  n=520039
    MPU_APPLY        122/22980  min=40  n=520039
    MPU_COMMIT       0/0  min=0  n=0
    REENT_SEAT       192/50260  min=160  n=520039
    KTIME_REARM      204/42220  min=140  n=520039
    ARCH_SWITCH      723/75720  min=580  n=480039
  ns-probe: rate=0 (nothing converts, so no ns column is printed)
  sat-probe: width=32 (no delta this counter forms is too wide)

  throughput: 167013 ctx-sw/s  (5987 ns/sw avg over 40000 switches / 239 ms)
  switch-probe: fastpath-swaps=0  (swapped inside the trap, so not in the switch row)
  switch:    1408/2048/17580 cyc  (p50/p99/max, n=40001)
  lock-hold: 2816/4608/69800 cyc  (p50/p99/max, n=80241)
  lock-site: core=0 site=0x80001e50 max=69800
  irq-probe: line=6 raise=inject on=0 raised=100 hcore=0 foreign=0 win=221560
  irq:       1408/161120/161120 cyc  (p50/max/max, n=100)
  wcase-probe: line=6 raise=inject on=0 raised=100 hcore=0 foreign=0 win=25560
  wcase-irq[0B]:    1536/20460/20460 cyc  (p50/max/max, n=100)
  wcase-probe: line=6 raise=inject on=0 raised=100 hcore=0 foreign=0 win=15880
  wcase-irq[64B]:   1664/15200/15200 cyc  (p50/max/max, n=100)
  wcase-probe: line=6 raise=inject on=0 raised=100 hcore=0 foreign=0 win=3600
  wcase-irq[256B]:  2304/3080/3080 cyc  (p50/max/max, n=100)
  wcase-probe: line=6 raise=inject on=0 raised=100 hcore=0 foreign=0 win=6440
  wcase-irq[1024B]: 4608/6020/6020 cyc  (p50/max/max, n=100)
  e2e-settle: settled=2/2
  e2e-probe: line=7 closed=1000 dropped=0 tare=1400/1784 ns  (min/avg, n=64)
  e2e-passes: asked=1000 raised=1000
  e2e-local: 6144/9216/190900 ns  (p50/p99/max, n=1000)
  throughput: 168321 ctx-sw/s  (5941 ns/sw avg over 40000 switches / 237 ms)
  switch-probe: fastpath-swaps=0  (swapped inside the trap, so not in the switch row)
  switch:    1408/1536/11640 cyc  (p50/p99/max, n=40001)
  lock-hold: 2304/3840/48360 cyc  (p50/p99/max, n=80241)
  lock-site: core=0 site=0x80004372 max=48360
  irq-probe: line=6 raise=inject on=0 raised=100 hcore=0 foreign=0 win=20520
  irq:       1408/13960/13960 cyc  (p50/max/max, n=100)
  wcase-probe: line=6 raise=inject on=0 raised=100 hcore=0 foreign=0 win=4780
  wcase-irq[0B]:    1536/4120/4120 cyc  (p50/max/max, n=100)
  wcase-probe: line=6 raise=inject on=0 raised=100 hcore=0 foreign=0 win=3480
  wcase-irq[64B]:   1664/3040/3040 cyc  (p50/max/max, n=100)
  wcase-probe: line=6 raise=inject on=0 raised=100 hcore=0 foreign=0 win=3360
  wcase-irq[256B]:  2304/2920/2920 cyc  (p50/max/max, n=100)
  wcase-probe: line=6 raise=inject on=0 raised=100 hcore=0 foreign=0 win=5380
  wcase-irq[1024B]: 4608/4920/4920 cyc  (p50/max/max, n=100)
  e2e-settle: settled=2/2
  e2e-probe: line=7 closed=1000 dropped=0 tare=1400/1784 ns  (min/avg, n=64)
  e2e-passes: asked=1000 raised=1000
  e2e-local: 6144/12288/105200 ns  (p50/p99/max, n=1000)
  throughput: 165934 ctx-sw/s  (6026 ns/sw avg over 40000 switches / 241 ms)
  switch-probe: fastpath-swaps=0  (swapped inside the trap, so not in the switch row)
  switch:    1408/2048/122580 cyc  (p50/p99/max, n=40001)
  lock-hold: 2816/5120/119160 cyc  (p50/p99/max, n=80242)
  lock-site: core=0 site=0x80001e50 max=119160
  irq-probe: line=6 raise=inject on=0 raised=100 hcore=0 foreign=0 win=12480
  irq:       1408/9140/9140 cyc  (p50/max/max, n=100)
  wcase-probe: line=6 raise=inject on=0 raised=100 hcore=0 foreign=0 win=4100
  wcase-irq[0B]:    1536/3180/3180 cyc  (p50/max/max, n=100)
  wcase-probe: line=6 raise=inject on=0 raised=100 hcore=0 foreign=0 win=2960
  wcase-irq[64B]:   1792/2460/2460 cyc  (p50/max/max, n=100)
  wcase-probe: line=6 raise=inject on=0 raised=100 hcore=0 foreign=0 win=3380
  wcase-irq[256B]:  2304/2900/2900 cyc  (p50/max/max, n=100)
  wcase-probe: line=6 raise=inject on=0 raised=100 hcore=0 foreign=0 win=5440
  wcase-irq[1024B]: 4608/4940/4940 cyc  (p50/max/max, n=100)
  e2e-settle: settled=2/2
  e2e-probe: line=7 closed=1000 dropped=0 tare=1400/1784 ns  (min/avg, n=64)
  e2e-passes: asked=1000 raised=1000
  e2e-local: 6656/7680/19700 ns  (p50/p99/max, n=1000)
  xtask ping-pong: 6003 ns/switch  (40000 switches / 240 ms)
  xtask call/reply: 16 B  10131 ns/round-trip  (98704 round-trips/s over 20000 calls / 202 ms)
  spawn/exit: thread 18083 ns  (200 reps / 3 ms)
  spawn/exit: task 21063 ns  (200 reps / 4 ms)
bench: done
POLL_OK=1 POLL_MS=5600
