
  ==============================================
   KickOS 0.5.1  -  microkernel RTOS
  ==============================================
   board   qemu-arm64
   arch    armv8a
   cpu     cortex-a53
   mpu     off
   sched   tickless
   build   2026-09-29 07:39:58 +0200
   app     Sep 29 2026 07:39:59 +0200
   commit  15947db7-dirty
   heap    64 KiB available
   kstack  4096 B x 17 = 69632 B

microbenchmark: context-switch throughput (all arches) + per-switch cost
+ IRQ-entry latency where a cycle counter exists. Reporter woken by the
workload, not a timer. Telemetry OFF for clean numbers.
cycle counter: 0 Hz (0 = no rate converts a reading; cycles only)

  lock-probe: hold+1 core=0 depth=0  (three nested, one outermost)
  call/reply: 8 B  19340 ns/round-trip  (51704 round-trips/s over 20000 calls / 386 ms)
  call/reply: 16 B  19308 ns/round-trip  (51790 round-trips/s over 20000 calls / 386 ms)
  call/reply: 32 B  19138 ns/round-trip  (52251 round-trips/s over 20000 calls / 382 ms)
  call/reply: 64 B  19261 ns/round-trip  (51916 round-trips/s over 20000 calls / 385 ms)
  call/reply: 128 B  19235 ns/round-trip  (51986 round-trips/s over 20000 calls / 384 ms)
  call/reply: 256 B  19426 ns/round-trip  (51476 round-trips/s over 20000 calls / 388 ms)
  call/reply: 8 B  19212 ns/round-trip  (52048 round-trips/s over 20000 calls / 384 ms) [generic path]
  call/reply: 16 B  19007 ns/round-trip  (52610 round-trips/s over 20000 calls / 380 ms) [generic path]
  call/reply: 32 B  19225 ns/round-trip  (52013 round-trips/s over 20000 calls / 384 ms) [generic path]
  call/reply: 64 B  19201 ns/round-trip  (52078 round-trips/s over 20000 calls / 384 ms) [generic path]
  call/reply: 128 B  19248 ns/round-trip  (51951 round-trips/s over 20000 calls / 384 ms) [generic path]
  call/reply: 256 B  19381 ns/round-trip  (51594 round-trips/s over 20000 calls / 387 ms) [generic path]
  call/reply: 32 B  19856 ns/round-trip  (50362 round-trips/s over 20000 calls / 397 ms) [caller outranks server, D1 donates]
  phase table (44 rows; cyc avg/max, min last and a floor; leaf -= NULL, composite -= NULL + k*(NEST-NULL)):
    NULL             116/67577  min=100  n=260000
    NEST             328/67848  min=300  n=260000
    NEST_LOCK        232/43091  min=210  n=260000
    CALL_TOTAL       17642/1097560  min=16702  n=259999
    CALL_VALIDATE    158/27111  min=140  n=260000
    CALL_LOCKED      16858/1096337  min=15950  n=259999
    CALL_RESOLVE     227/81915  min=190  n=260000
    CALL_PEEK        178/62498  min=150  n=260000
    CALL_PROBE       137/23565  min=120  n=259999
    CALL_POP         167/56987  min=150  n=259999
    CALL_COPY        624/68950  min=531  n=259999
    CALL_MINT        1129/106341  min=1022  n=259999
    CALL_MINT_CAP    268/104347  min=230  n=259999
    CALL_MINT_INFO   444/65413  min=400  n=259999
    CALL_DONATE      181/9958  min=160  n=19999
    CALL_PARK        280/27332  min=260  n=259999
    CALL_WAKE        11870/1091398  min=11211  n=259999
    CALL_RESUME      156/25728  min=140  n=260000
    CALL_SLOW_TOTAL  223742/223742  min=223742  n=1
    CALL_SLOW_LOCKED 216739/216739  min=216739  n=1
    CALL_SLOW_DONATE 0/0  min=0  n=0
    CALL_SLOW_PARK   158289/158289  min=158289  n=1
    RECV_LOCKED      14094/572870  min=13345  n=259999
    RECV_RESOLVE     288/43342  min=231  n=260000
    RECV_SCAN        195/66816  min=170  n=259999
    RECV_PARK        13161/452053  min=12434  n=259999
    REPLY_TOTAL      55917/481108  min=9347  n=13
    REPLY_VALIDATE   5960/14558  min=3537  n=13
    REPLY_LOCKED     2043/171123  min=1883  n=260000
    REPLY_LOOKUP     363/93567  min=320  n=260000
    REPLY_COPY       536/64311  min=460  n=260000
    REPLY_FUNNEL     172/57137  min=150  n=260000
    REPLY_WAKE       391/96021  min=321  n=260000
    REPLY_RECV_TOTAL 17415/714388  min=16532  n=260000
    REPLY_RECV_TAIL  435/42650  min=390  n=259999
    WAKE_UNPARK      139/94298  min=90  n=520012
    PICK_NEXT        104/16742  min=80  n=520064
    SWITCH_TO        21486/397527767  min=10480  n=520013
    SWITCH_BOOK      136/87324  min=90  n=520039
    MPU_APPLY        176/76845  min=131  n=520039
    MPU_COMMIT       0/0  min=0  n=0
    REENT_SEAT       112/67227  min=80  n=520039
    KTIME_REARM      110/15991  min=90  n=520039
    ARCH_SWITCH      20268/397520964  min=9318  n=520013
  ns-probe: rate=0 (nothing converts, so no ns column is printed)
  sat-probe: width=64 fits+1/0 wide+0/1 max=1000

  throughput: 167647 ctx-sw/s  (5964 ns/sw avg over 40000 switches / 238 ms)
  switch-probe: fastpath-swaps=0  (swapped inside the trap, so not in the switch row)
  switch:    160/176/17643 cyc  (p50/p99/max, n=40002)
  lock-hold: 1280/2816/37771 cyc  (p50/p99/max, n=80236)
  lock-site: core=0 site=0xffffff8040006f20 max=37771
  irq-probe: line=200 raise=inject on=0 raised=100 hcore=none foreign=0 win=0
  irq:       0/0/0 cyc  (p50/max/max, n=0)
  wcase-probe: line=200 raise=inject on=0 raised=100 hcore=none foreign=0 win=0
  wcase-irq[0B]:    0/0/0 cyc  (p50/max/max, n=0)
  wcase-probe: line=200 raise=inject on=0 raised=100 hcore=none foreign=0 win=0
  wcase-irq[64B]:   0/0/0 cyc  (p50/max/max, n=0)
  wcase-probe: line=200 raise=inject on=0 raised=100 hcore=none foreign=0 win=0
  wcase-irq[256B]:  0/0/0 cyc  (p50/max/max, n=0)
  wcase-probe: line=200 raise=inject on=0 raised=100 hcore=none foreign=0 win=0
  wcase-irq[1024B]: 0/0/0 cyc  (p50/max/max, n=0)
  e2e-settle: settled=2/2
  e2e-probe: line=201 closed=1000 dropped=0 tare=944/1230 ns  (min/avg, n=64)
  e2e-passes: asked=1000 raised=1000
  e2e-local: 8192/10240/247776 ns  (p50/p99/max, n=1000)
  throughput: 166805 ctx-sw/s  (5995 ns/sw avg over 40000 switches / 239 ms)
  switch-probe: fastpath-swaps=0  (swapped inside the trap, so not in the switch row)
  switch:    160/240/6903 cyc  (p50/p99/max, n=40002)
  lock-hold: 2560/3584/64652 cyc  (p50/p99/max, n=80238)
  lock-site: core=0 site=0xffffff80400191dc max=64652
  irq-probe: line=200 raise=inject on=0 raised=100 hcore=none foreign=0 win=0
  irq:       0/0/0 cyc  (p50/max/max, n=0)
  wcase-probe: line=200 raise=inject on=0 raised=100 hcore=none foreign=0 win=0
  wcase-irq[0B]:    0/0/0 cyc  (p50/max/max, n=0)
  wcase-probe: line=200 raise=inject on=0 raised=100 hcore=none foreign=0 win=0
  wcase-irq[64B]:   0/0/0 cyc  (p50/max/max, n=0)
  wcase-probe: line=200 raise=inject on=0 raised=100 hcore=none foreign=0 win=0
  wcase-irq[256B]:  0/0/0 cyc  (p50/max/max, n=0)
  wcase-probe: line=200 raise=inject on=0 raised=100 hcore=none foreign=0 win=0
  wcase-irq[1024B]: 0/0/0 cyc  (p50/max/max, n=0)
  e2e-settle: settled=2/2
  e2e-probe: line=201 closed=1000 dropped=0 tare=944/1230 ns  (min/avg, n=64)
  e2e-passes: asked=1000 raised=1000
  e2e-local: 8192/11264/44704 ns  (p50/p99/max, n=1000)
  throughput: 167731 ctx-sw/s  (5961 ns/sw avg over 40000 switches / 238 ms)
  switch-probe: fastpath-swaps=0  (swapped inside the trap, so not in the switch row)
  switch:    160/208/10740 cyc  (p50/p99/max, n=40002)
  lock-hold: 1280/2816/48391 cyc  (p50/p99/max, n=80239)
  lock-site: core=0 site=0xffffff8040006f20 max=48391
  irq-probe: line=200 raise=inject on=0 raised=100 hcore=none foreign=0 win=0
  irq:       0/0/0 cyc  (p50/max/max, n=0)
  wcase-probe: line=200 raise=inject on=0 raised=100 hcore=none foreign=0 win=0
  wcase-irq[0B]:    0/0/0 cyc  (p50/max/max, n=0)
  wcase-probe: line=200 raise=inject on=0 raised=100 hcore=none foreign=0 win=0
  wcase-irq[64B]:   0/0/0 cyc  (p50/max/max, n=0)
  wcase-probe: line=200 raise=inject on=0 raised=100 hcore=none foreign=0 win=0
  wcase-irq[256B]:  0/0/0 cyc  (p50/max/max, n=0)
  wcase-probe: line=200 raise=inject on=0 raised=100 hcore=none foreign=0 win=0
  wcase-irq[1024B]: 0/0/0 cyc  (p50/max/max, n=0)
  e2e-settle: settled=2/2
  e2e-probe: line=201 closed=1000 dropped=0 tare=944/1230 ns  (min/avg, n=64)
  e2e-passes: asked=1000 raised=1000
  e2e-local: 8192/9216/40672 ns  (p50/p99/max, n=1000)
  xtask ping-pong: 13606 ns/switch  (40000 switches / 544 ms)
  xtask call/reply: 16 B  40982 ns/round-trip  (24400 round-trips/s over 20000 calls / 819 ms)
  spawn/exit: thread 25991 ns  (200 reps / 5 ms)
  spawn/exit: task 110878 ns  (200 reps / 22 ms)
bench: done
POLL_OK=1 POLL_MS=8000
