
  ==============================================
   KickOS 0.5.1  -  microkernel RTOS
  ==============================================
   board   qemu-riscv64
   arch    rv64imac
   cpu     rv64imac_zicsr_zmmul_zaamo_zalrsc_zca
   mpu     off
   sched   tickless
   build   2026-09-29 07:39:58 +0200
   app     Sep 29 2026 07:40:00 +0200
   commit  15947db7-dirty
   heap    64 KiB available
   kstack  4096 B x 17 = 69632 B

microbenchmark: context-switch throughput (all arches) + per-switch cost
+ IRQ-entry latency where a cycle counter exists. Reporter woken by the
workload, not a timer. Telemetry OFF for clean numbers.
cycle counter: 0 Hz (0 = no rate converts a reading; cycles only)

  lock-probe: hold+1 core=0 depth=0  (three nested, one outermost)
  call/reply: 8 B  32303 ns/round-trip  (30956 round-trips/s over 20000 calls / 646 ms)
  call/reply: 16 B  32410 ns/round-trip  (30854 round-trips/s over 20000 calls / 648 ms)
  call/reply: 32 B  32363 ns/round-trip  (30899 round-trips/s over 20000 calls / 647 ms)
  call/reply: 64 B  32257 ns/round-trip  (31000 round-trips/s over 20000 calls / 645 ms)
  call/reply: 128 B  32071 ns/round-trip  (31180 round-trips/s over 20000 calls / 641 ms)
  call/reply: 256 B  21575 ns/round-trip  (46349 round-trips/s over 20000 calls / 431 ms)
  call/reply: 8 B  21710 ns/round-trip  (46061 round-trips/s over 20000 calls / 434 ms) [generic path]
  call/reply: 16 B  21048 ns/round-trip  (47508 round-trips/s over 20000 calls / 420 ms) [generic path]
  call/reply: 32 B  21024 ns/round-trip  (47564 round-trips/s over 20000 calls / 420 ms) [generic path]
  call/reply: 64 B  21108 ns/round-trip  (47374 round-trips/s over 20000 calls / 422 ms) [generic path]
  call/reply: 128 B  21303 ns/round-trip  (46939 round-trips/s over 20000 calls / 426 ms) [generic path]
  call/reply: 256 B  21432 ns/round-trip  (46658 round-trips/s over 20000 calls / 428 ms) [generic path]
  call/reply: 32 B  21452 ns/round-trip  (46614 round-trips/s over 20000 calls / 429 ms) [caller outranks server, D1 donates]
  phase table (44 rows; cyc avg/max, min last and a floor; leaf -= NULL, composite -= NULL + k*(NEST-NULL)):
    NULL             151/20760  min=100  n=260000
    NEST             646/23740  min=480  n=260000
    NEST_LOCK        729/44520  min=540  n=260000
    CALL_TOTAL       47314/2741340  min=37600  n=259999
    CALL_VALIDATE    399/134020  min=300  n=260000
    CALL_LOCKED      45395/2738880  min=36100  n=259999
    CALL_RESOLVE     622/55540  min=440  n=260000
    CALL_PEEK        241/22380  min=180  n=260000
    CALL_PROBE       316/52120  min=240  n=259999
    CALL_POP         442/59220  min=340  n=259999
    CALL_COPY        3347/58480  min=2560  n=259999
    CALL_MINT        3594/226860  min=2780  n=259999
    CALL_MINT_CAP    672/138240  min=500  n=259999
    CALL_MINT_INFO   1886/85700  min=1440  n=259999
    CALL_DONATE      286/15500  min=260  n=19999
    CALL_PARK        699/85260  min=520  n=259999
    CALL_WAKE        30685/2720060  min=24360  n=259999
    CALL_RESUME      271/16920  min=200  n=260000
    CALL_SLOW_TOTAL  406640/406640  min=406640  n=1
    CALL_SLOW_LOCKED 393960/393960  min=393960  n=1
    CALL_SLOW_DONATE 0/0  min=0  n=0
    CALL_SLOW_PARK   277320/277320  min=277320  n=1
    RECV_LOCKED      34937/1494440  min=27880  n=259999
    RECV_RESOLVE     730/112460  min=520  n=260000
    RECV_SCAN        430/53020  min=320  n=259999
    RECV_PARK        32439/1289500  min=25840  n=259999
    REPLY_TOTAL      122381/1123100  min=17860  n=13
    REPLY_VALIDATE   9804/26520  min=4520  n=13
    REPLY_LOCKED     6869/516660  min=5320  n=260000
    REPLY_LOOKUP     725/282440  min=560  n=260000
    REPLY_COPY       3197/75580  min=2440  n=260000
    REPLY_FUNNEL     386/83720  min=280  n=260000
    REPLY_WAKE       966/46120  min=700  n=260000
    REPLY_RECV_TOTAL 46004/1988340  min=36620  n=260000
    REPLY_RECV_TAIL  1366/121240  min=1040  n=259999
    WAKE_UNPARK      311/34000  min=180  n=520012
    PICK_NEXT        456/26940  min=340  n=520064
    SWITCH_TO        55243/1294792220  min=22860  n=520013
    SWITCH_BOOK      259/167800  min=180  n=520039
    MPU_APPLY        453/110820  min=340  n=520039
    MPU_COMMIT       0/0  min=0  n=0
    REENT_SEAT       166/42200  min=100  n=520039
    KTIME_REARM      383/89420  min=220  n=520039
    ARCH_SWITCH      52369/1294768580  min=20540  n=520013
  ns-probe: rate=0 (nothing converts, so no ns column is printed)
  sat-probe: width=64 fits+1/0 wide+0/1 max=1000

  throughput: 165834 ctx-sw/s  (6030 ns/sw avg over 40000 switches / 241 ms)
  switch-probe: fastpath-swaps=0  (swapped inside the trap, so not in the switch row)
  switch:    240/320/8080 cyc  (p50/p99/max, n=40002)
  lock-hold: 3584/4608/79600 cyc  (p50/p99/max, n=80235)
  lock-site: core=0 site=0xffffffff80002ae2 max=79600
  irq-probe: line=6 raise=inject on=0 raised=100 hcore=none foreign=0 win=0
  irq:       0/0/0 cyc  (p50/max/max, n=0)
  wcase-probe: line=6 raise=inject on=0 raised=100 hcore=none foreign=0 win=0
  wcase-irq[0B]:    0/0/0 cyc  (p50/max/max, n=0)
  wcase-probe: line=6 raise=inject on=0 raised=100 hcore=none foreign=0 win=0
  wcase-irq[64B]:   0/0/0 cyc  (p50/max/max, n=0)
  wcase-probe: line=6 raise=inject on=0 raised=100 hcore=none foreign=0 win=0
  wcase-irq[256B]:  0/0/0 cyc  (p50/max/max, n=0)
  wcase-probe: line=6 raise=inject on=0 raised=100 hcore=none foreign=0 win=0
  wcase-irq[1024B]: 0/0/0 cyc  (p50/max/max, n=0)
  e2e-settle: settled=2/2
  e2e-probe: line=7 closed=1000 dropped=0 tare=900/1362 ns  (min/avg, n=64)
  e2e-passes: asked=1000 raised=1000
  e2e-local: 5632/8192/232500 ns  (p50/p99/max, n=1000)
  throughput: 164046 ctx-sw/s  (6095 ns/sw avg over 40000 switches / 243 ms)
  switch-probe: fastpath-swaps=0  (swapped inside the trap, so not in the switch row)
  switch:    256/352/13360 cyc  (p50/p99/max, n=40002)
  lock-hold: 4608/6656/329820 cyc  (p50/p99/max, n=80239)
  lock-site: core=0 site=0xffffffff800014a2 max=329820
  irq-probe: line=6 raise=inject on=0 raised=100 hcore=none foreign=0 win=0
  irq:       0/0/0 cyc  (p50/max/max, n=0)
  wcase-probe: line=6 raise=inject on=0 raised=100 hcore=none foreign=0 win=0
  wcase-irq[0B]:    0/0/0 cyc  (p50/max/max, n=0)
  wcase-probe: line=6 raise=inject on=0 raised=100 hcore=none foreign=0 win=0
  wcase-irq[64B]:   0/0/0 cyc  (p50/max/max, n=0)
  wcase-probe: line=6 raise=inject on=0 raised=100 hcore=none foreign=0 win=0
  wcase-irq[256B]:  0/0/0 cyc  (p50/max/max, n=0)
  wcase-probe: line=6 raise=inject on=0 raised=100 hcore=none foreign=0 win=0
  wcase-irq[1024B]: 0/0/0 cyc  (p50/max/max, n=0)
  e2e-settle: settled=2/2
  e2e-probe: line=7 closed=1000 dropped=0 tare=900/1362 ns  (min/avg, n=64)
  e2e-passes: asked=1000 raised=1000
  e2e-local: 6144/9216/31600 ns  (p50/p99/max, n=1000)
  throughput: 163878 ctx-sw/s  (6102 ns/sw avg over 40000 switches / 244 ms)
  switch-probe: fastpath-swaps=0  (swapped inside the trap, so not in the switch row)
  switch:    240/320/11540 cyc  (p50/p99/max, n=40002)
  lock-hold: 3584/5120/63640 cyc  (p50/p99/max, n=80239)
  lock-site: core=0 site=0xffffffff80002ae2 max=63640
  irq-probe: line=6 raise=inject on=0 raised=100 hcore=none foreign=0 win=0
  irq:       0/0/0 cyc  (p50/max/max, n=0)
  wcase-probe: line=6 raise=inject on=0 raised=100 hcore=none foreign=0 win=0
  wcase-irq[0B]:    0/0/0 cyc  (p50/max/max, n=0)
  wcase-probe: line=6 raise=inject on=0 raised=100 hcore=none foreign=0 win=0
  wcase-irq[64B]:   0/0/0 cyc  (p50/max/max, n=0)
  wcase-probe: line=6 raise=inject on=0 raised=100 hcore=none foreign=0 win=0
  wcase-irq[256B]:  0/0/0 cyc  (p50/max/max, n=0)
  wcase-probe: line=6 raise=inject on=0 raised=100 hcore=none foreign=0 win=0
  wcase-irq[1024B]: 0/0/0 cyc  (p50/max/max, n=0)
  e2e-settle: settled=2/2
  e2e-probe: line=7 closed=1000 dropped=0 tare=900/1362 ns  (min/avg, n=64)
  e2e-passes: asked=1000 raised=1000
  e2e-local: 6144/8192/44300 ns  (p50/p99/max, n=1000)
  xtask ping-pong: 12208 ns/switch  (40000 switches / 488 ms)
  xtask call/reply: 16 B  38280 ns/round-trip  (26123 round-trips/s over 20000 calls / 765 ms)
  spawn/exit: thread 53421 ns  (200 reps / 10 ms)
  spawn/exit: task 133724 ns  (200 reps / 26 ms)
bench: done
POLL_OK=1 POLL_MS=9600
