
  ==============================================
   KickOS 0.5.1  -  microkernel RTOS
  ==============================================
   board   qemu-riscv
   arch    rv32imac
   cpu     rv32imac_zicsr
   mpu     off
   sched   tickless
   build   2026-09-29 07:39:58 +0200
   app     Sep 29 2026 07:40:00 +0200
   commit  15947db7-dirty
   heap    16 KiB available
   kstack  1184 B x 17 = 20128 B

microbenchmark: context-switch throughput (all arches) + per-switch cost
+ IRQ-entry latency where a cycle counter exists. Reporter woken by the
workload, not a timer. Telemetry OFF for clean numbers.
cycle counter: 0 Hz (0 = no rate converts a reading; cycles only)

  lock-probe: hold+1 core=0 depth=0  (three nested, one outermost)
  call/reply: 8 B  15476 ns/round-trip  (64613 round-trips/s over 20000 calls / 309 ms)
  call/reply: 16 B  15267 ns/round-trip  (65498 round-trips/s over 20000 calls / 305 ms)
  call/reply: 32 B  23051 ns/round-trip  (43381 round-trips/s over 20000 calls / 461 ms)
  call/reply: 64 B  23188 ns/round-trip  (43125 round-trips/s over 20000 calls / 463 ms)
  call/reply: 128 B  23091 ns/round-trip  (43305 round-trips/s over 20000 calls / 461 ms)
  call/reply: 256 B  23389 ns/round-trip  (42755 round-trips/s over 20000 calls / 467 ms)
  call/reply: 8 B  23436 ns/round-trip  (42669 round-trips/s over 20000 calls / 468 ms) [generic path]
  call/reply: 16 B  23233 ns/round-trip  (43041 round-trips/s over 20000 calls / 464 ms) [generic path]
  call/reply: 32 B  23321 ns/round-trip  (42879 round-trips/s over 20000 calls / 466 ms) [generic path]
  call/reply: 64 B  23388 ns/round-trip  (42755 round-trips/s over 20000 calls / 467 ms) [generic path]
  call/reply: 128 B  23314 ns/round-trip  (42891 round-trips/s over 20000 calls / 466 ms) [generic path]
  call/reply: 256 B  23537 ns/round-trip  (42484 round-trips/s over 20000 calls / 470 ms) [generic path]
  call/reply: 32 B  23820 ns/round-trip  (41980 round-trips/s over 20000 calls / 476 ms) [caller outranks server, D1 donates]
  phase table (44 rows; cyc avg/max, min last and a floor; leaf -= NULL, composite -= NULL + k*(NEST-NULL)):
    NULL             92/56180  min=60  n=220000
    NEST             579/57560  min=500  n=220000
    NEST_LOCK        498/52740  min=440  n=220000
    CALL_TOTAL       16956/718940  min=16020  n=219999
    CALL_VALIDATE    418/28520  min=360  n=220000
    CALL_LOCKED      15335/569380  min=14480  n=219999
    CALL_RESOLVE     687/45140  min=640  n=220000
    CALL_PEEK        316/79960  min=280  n=220000
    CALL_PROBE       289/27100  min=240  n=219999
    CALL_POP         424/44480  min=380  n=219999
    CALL_COPY        493/23400  min=360  n=219999
    CALL_MINT        1830/95680  min=1700  n=219999
    CALL_MINT_CAP    635/45560  min=580  n=219999
    CALL_MINT_INFO   424/48720  min=380  n=219999
    CALL_DONATE      286/21660  min=220  n=19999
    CALL_PARK        829/45000  min=760  n=219999
    CALL_WAKE        5389/85940  min=5040  n=219999
    CALL_RESUME      481/49080  min=420  n=220000
    CALL_SLOW_TOTAL  190040/190040  min=190040  n=1
    CALL_SLOW_LOCKED 170180/170180  min=170180  n=1
    CALL_SLOW_DONATE 0/0  min=0  n=0
    CALL_SLOW_PARK   40960/40960  min=40960  n=1
    RECV_LOCKED      7439/247500  min=6980  n=259999
    RECV_RESOLVE     817/85640  min=740  n=260000
    RECV_SCAN        340/44160  min=300  n=259999
    RECV_PARK        5199/169060  min=4800  n=259999
    REPLY_TOTAL      48261/191800  min=18280  n=13
    REPLY_VALIDATE   9752/28600  min=4760  n=13
    REPLY_LOCKED     4215/381600  min=3500  n=260000
    REPLY_LOOKUP     926/183440  min=820  n=260000
    REPLY_COPY       484/71620  min=340  n=260000
    REPLY_FUNNEL     412/63400  min=340  n=260000
    REPLY_WAKE       896/33880  min=820  n=260000
    REPLY_RECV_TOTAL 14704/587500  min=13540  n=260000
    REPLY_RECV_TAIL  1214/117880  min=1120  n=259999
    WAKE_UNPARK      251/65620  min=220  n=520012
    PICK_NEXT        355/124520  min=320  n=480064
    SWITCH_TO        3426/192740  min=3140  n=480039
    SWITCH_BOOK      243/160700  min=220  n=520039
    MPU_APPLY        133/31680  min=80  n=520039
    MPU_COMMIT       0/0  min=0  n=0
    REENT_SEAT       353/102420  min=320  n=520039
    KTIME_REARM      322/28520  min=280  n=520039
    ARCH_SWITCH      872/66420  min=720  n=480039
  ns-probe: rate=0 (nothing converts, so no ns column is printed)
  sat-probe: width=32 (no delta this counter forms is too wide)

  throughput: 113215 ctx-sw/s  (8832 ns/sw avg over 40000 switches / 353 ms)
  switch-probe: fastpath-swaps=0  (swapped inside the trap, so not in the switch row)
  switch:    1792/2048/33240 cyc  (p50/p99/max, n=40001)
  lock-hold: 3584/6144/76620 cyc  (p50/p99/max, n=80241)
  lock-site: core=0 site=0x80001e50 max=76620
  irq-probe: line=6 raise=inject on=0 raised=100 hcore=0 foreign=0 win=238560
  irq:       1920/174580/174580 cyc  (p50/max/max, n=100)
  wcase-probe: line=6 raise=inject on=0 raised=100 hcore=0 foreign=0 win=27480
  wcase-irq[0B]:    2048/21760/21760 cyc  (p50/max/max, n=100)
  wcase-probe: line=6 raise=inject on=0 raised=100 hcore=0 foreign=0 win=16160
  wcase-irq[64B]:   2304/15360/15360 cyc  (p50/max/max, n=100)
  wcase-probe: line=6 raise=inject on=0 raised=100 hcore=0 foreign=0 win=4780
  wcase-irq[256B]:  2816/4060/4060 cyc  (p50/max/max, n=100)
  wcase-probe: line=6 raise=inject on=0 raised=100 hcore=0 foreign=0 win=6240
  wcase-irq[1024B]: 5120/5580/5580 cyc  (p50/max/max, n=100)
  e2e-settle: settled=2/2
  e2e-probe: line=7 closed=1000 dropped=0 tare=1900/2285 ns  (min/avg, n=64)
  e2e-passes: asked=1000 raised=1000
  e2e-local: 8192/11264/204000 ns  (p50/p99/max, n=1000)
  throughput: 112392 ctx-sw/s  (8897 ns/sw avg over 40000 switches / 355 ms)
  switch-probe: fastpath-swaps=0  (swapped inside the trap, so not in the switch row)
  switch:    1792/2560/19700 cyc  (p50/p99/max, n=40001)
  lock-hold: 3840/7168/54220 cyc  (p50/p99/max, n=80241)
  lock-site: core=0 site=0x80001e50 max=54220
  irq-probe: line=6 raise=inject on=0 raised=100 hcore=0 foreign=0 win=13340
  irq:       1920/9520/9520 cyc  (p50/max/max, n=100)
  wcase-probe: line=6 raise=inject on=0 raised=100 hcore=0 foreign=0 win=4500
  wcase-irq[0B]:    2048/3660/3660 cyc  (p50/max/max, n=100)
  wcase-probe: line=6 raise=inject on=0 raised=100 hcore=0 foreign=0 win=3900
  wcase-irq[64B]:   2304/3220/3220 cyc  (p50/max/max, n=100)
  wcase-probe: line=6 raise=inject on=0 raised=100 hcore=0 foreign=0 win=4000
  wcase-irq[256B]:  2816/3360/3360 cyc  (p50/max/max, n=100)
  wcase-probe: line=6 raise=inject on=0 raised=100 hcore=0 foreign=0 win=6140
  wcase-irq[1024B]: 5120/5480/5480 cyc  (p50/max/max, n=100)
  e2e-settle: settled=2/2
  e2e-probe: line=7 closed=1000 dropped=0 tare=1900/2285 ns  (min/avg, n=64)
  e2e-passes: asked=1000 raised=1000
  e2e-local: 8192/12288/22700 ns  (p50/p99/max, n=1000)
  throughput: 113611 ctx-sw/s  (8801 ns/sw avg over 40000 switches / 352 ms)
  switch-probe: fastpath-swaps=0  (swapped inside the trap, so not in the switch row)
  switch:    1792/2304/40720 cyc  (p50/p99/max, n=40001)
  lock-hold: 3584/7168/61920 cyc  (p50/p99/max, n=80241)
  lock-site: core=0 site=0x80001e50 max=61920
  irq-probe: line=6 raise=inject on=0 raised=100 hcore=0 foreign=0 win=13720
  irq:       1920/9760/9760 cyc  (p50/max/max, n=100)
  wcase-probe: line=6 raise=inject on=0 raised=100 hcore=0 foreign=0 win=4600
  wcase-irq[0B]:    2048/3740/3740 cyc  (p50/max/max, n=100)
  wcase-probe: line=6 raise=inject on=0 raised=100 hcore=0 foreign=0 win=3920
  wcase-irq[64B]:   2304/3240/3240 cyc  (p50/max/max, n=100)
  wcase-probe: line=6 raise=inject on=0 raised=100 hcore=0 foreign=0 win=4040
  wcase-irq[256B]:  2816/3380/3380 cyc  (p50/max/max, n=100)
  wcase-probe: line=6 raise=inject on=0 raised=100 hcore=0 foreign=0 win=6160
  wcase-irq[1024B]: 5120/5500/5500 cyc  (p50/max/max, n=100)
  e2e-settle: settled=2/2
  e2e-probe: line=7 closed=1000 dropped=0 tare=1900/2285 ns  (min/avg, n=64)
  e2e-passes: asked=1000 raised=1000
  e2e-local: 8192/12288/33800 ns  (p50/p99/max, n=1000)
  xtask ping-pong: 8832 ns/switch  (40000 switches / 353 ms)
  xtask call/reply: 16 B  15676 ns/round-trip  (63788 round-trips/s over 20000 calls / 313 ms)
  spawn/exit: thread 26818 ns  (200 reps / 5 ms)
  spawn/exit: task 30694 ns  (200 reps / 6 ms)
bench: done
POLL_OK=1 POLL_MS=7600
