
  ==============================================
   KickOS 0.5.1  -  microkernel RTOS
  ==============================================
   board   qemu-riscv64
   arch    rv64imac
   cpu     rv64imac_zicsr_zmmul_zaamo_zalrsc_zca
   mpu     off
   sched   tickless
   build   2026-09-29 07:39:58 +0200
   app     Sep 29 2026 07:40:00 +0200
   commit  15947db7-dirty
   heap    64 KiB available
   kstack  4096 B x 17 = 69632 B

microbenchmark: context-switch throughput (all arches) + per-switch cost
+ IRQ-entry latency where a cycle counter exists. Reporter woken by the
workload, not a timer. Telemetry OFF for clean numbers.
cycle counter: 0 Hz (0 = no rate converts a reading; cycles only)

  lock-probe: hold+1 core=0 depth=0  (three nested, one outermost)
  call/reply: 8 B  21245 ns/round-trip  (47068 round-trips/s over 20000 calls / 424 ms)
  call/reply: 16 B  21249 ns/round-trip  (47060 round-trips/s over 20000 calls / 424 ms)
  call/reply: 32 B  21104 ns/round-trip  (47383 round-trips/s over 20000 calls / 422 ms)
  call/reply: 64 B  21190 ns/round-trip  (47191 round-trips/s over 20000 calls / 423 ms)
  call/reply: 128 B  20969 ns/round-trip  (47687 round-trips/s over 20000 calls / 419 ms)
  call/reply: 256 B  21299 ns/round-trip  (46949 round-trips/s over 20000 calls / 425 ms)
  call/reply: 8 B  20933 ns/round-trip  (47770 round-trips/s over 20000 calls / 418 ms) [generic path]
  call/reply: 16 B  20995 ns/round-trip  (47629 round-trips/s over 20000 calls / 419 ms) [generic path]
  call/reply: 32 B  20925 ns/round-trip  (47789 round-trips/s over 20000 calls / 418 ms) [generic path]
  call/reply: 64 B  21023 ns/round-trip  (47566 round-trips/s over 20000 calls / 420 ms) [generic path]
  call/reply: 128 B  21140 ns/round-trip  (47302 round-trips/s over 20000 calls / 422 ms) [generic path]
  call/reply: 256 B  21125 ns/round-trip  (47336 round-trips/s over 20000 calls / 422 ms) [generic path]
  call/reply: 32 B  21491 ns/round-trip  (46529 round-trips/s over 20000 calls / 429 ms) [caller outranks server, D1 donates]
  phase table (44 rows; cyc avg/max, min last and a floor; leaf -= NULL, composite -= NULL + k*(NEST-NULL)):
    NULL             132/19740  min=100  n=260000
    NEST             541/47700  min=480  n=260000
    NEST_LOCK        611/36500  min=540  n=260000
    CALL_TOTAL       39129/2147620  min=37380  n=259999
    CALL_VALIDATE    333/40660  min=300  n=260000
    CALL_LOCKED      37503/2145920  min=35780  n=259999
    CALL_RESOLVE     513/39580  min=440  n=260000
    CALL_PEEK        193/57660  min=160  n=260000
    CALL_PROBE       264/125820  min=240  n=259999
    CALL_POP         363/53620  min=320  n=259999
    CALL_COPY        2756/163640  min=2540  n=259999
    CALL_MINT        2977/151280  min=2760  n=259999
    CALL_MINT_CAP    546/98880  min=500  n=259999
    CALL_MINT_INFO   1556/111960  min=1380  n=259999
    CALL_DONATE      287/15120  min=260  n=19999
    CALL_PARK        573/56000  min=520  n=259999
    CALL_WAKE        25300/2133340  min=24040  n=259999
    CALL_RESUME      223/75140  min=200  n=260000
    CALL_SLOW_TOTAL  382320/382320  min=382320  n=1
    CALL_SLOW_LOCKED 370720/370720  min=370720  n=1
    CALL_SLOW_DONATE 0/0  min=0  n=0
    CALL_SLOW_PARK   273060/273060  min=273060  n=1
    RECV_LOCKED      28881/1034000  min=27640  n=259999
    RECV_RESOLVE     592/92620  min=500  n=260000
    RECV_SCAN        359/35140  min=320  n=259999
    RECV_PARK        26788/1031700  min=25600  n=259999
    REPLY_TOTAL      118933/1110180  min=18760  n=13
    REPLY_VALIDATE   10638/24600  min=5660  n=13
    REPLY_LOCKED     5688/348100  min=5300  n=260000
    REPLY_LOOKUP     600/195080  min=540  n=260000
    REPLY_COPY       2621/197720  min=2400  n=260000
    REPLY_FUNNEL     337/188120  min=280  n=260000
    REPLY_WAKE       798/49360  min=700  n=260000
    REPLY_RECV_TOTAL 38065/1324500  min=36380  n=260000
    REPLY_RECV_TAIL  1118/133200  min=1020  n=259999
    WAKE_UNPARK      252/44680  min=200  n=520012
    PICK_NEXT        376/45020  min=340  n=520064
    SWITCH_TO        45630/859040040  min=22560  n=520013
    SWITCH_BOOK      208/343780  min=160  n=520039
    MPU_APPLY        369/61640  min=340  n=520039
    MPU_COMMIT       0/0  min=0  n=0
    REENT_SEAT       132/41960  min=100  n=520039
    KTIME_REARM      306/66460  min=220  n=520039
    ARCH_SWITCH      43302/859024020  min=20300  n=520013
  ns-probe: rate=0 (nothing converts, so no ns column is printed)
  sat-probe: width=64 fits+1/0 wide+0/1 max=1000

  throughput: 165440 ctx-sw/s  (6044 ns/sw avg over 40000 switches / 241 ms)
  switch-probe: fastpath-swaps=0  (swapped inside the trap, so not in the switch row)
  switch:    240/320/15480 cyc  (p50/p99/max, n=40002)
  lock-hold: 3328/4608/82880 cyc  (p50/p99/max, n=80236)
  lock-site: core=0 site=0xffffffff80002ae2 max=82880
  irq-probe: line=6 raise=inject on=0 raised=100 hcore=none foreign=0 win=0
  irq:       0/0/0 cyc  (p50/max/max, n=0)
  wcase-probe: line=6 raise=inject on=0 raised=100 hcore=none foreign=0 win=0
  wcase-irq[0B]:    0/0/0 cyc  (p50/max/max, n=0)
  wcase-probe: line=6 raise=inject on=0 raised=100 hcore=none foreign=0 win=0
  wcase-irq[64B]:   0/0/0 cyc  (p50/max/max, n=0)
  wcase-probe: line=6 raise=inject on=0 raised=100 hcore=none foreign=0 win=0
  wcase-irq[256B]:  0/0/0 cyc  (p50/max/max, n=0)
  wcase-probe: line=6 raise=inject on=0 raised=100 hcore=none foreign=0 win=0
  wcase-irq[1024B]: 0/0/0 cyc  (p50/max/max, n=0)
  e2e-settle: settled=2/2
  e2e-probe: line=7 closed=1000 dropped=0 tare=900/1217 ns  (min/avg, n=64)
  e2e-passes: asked=1000 raised=1000
  e2e-local: 5632/8192/242600 ns  (p50/p99/max, n=1000)
  throughput: 167195 ctx-sw/s  (5981 ns/sw avg over 40000 switches / 239 ms)
  switch-probe: fastpath-swaps=0  (swapped inside the trap, so not in the switch row)
  switch:    240/320/660 cyc  (p50/p99/max, n=40002)
  lock-hold: 3584/6656/81660 cyc  (p50/p99/max, n=80237)
  lock-site: core=0 site=0xffffffff80002ae2 max=81660
  irq-probe: line=6 raise=inject on=0 raised=100 hcore=none foreign=0 win=0
  irq:       0/0/0 cyc  (p50/max/max, n=0)
  wcase-probe: line=6 raise=inject on=0 raised=100 hcore=none foreign=0 win=0
  wcase-irq[0B]:    0/0/0 cyc  (p50/max/max, n=0)
  wcase-probe: line=6 raise=inject on=0 raised=100 hcore=none foreign=0 win=0
  wcase-irq[64B]:   0/0/0 cyc  (p50/max/max, n=0)
  wcase-probe: line=6 raise=inject on=0 raised=100 hcore=none foreign=0 win=0
  wcase-irq[256B]:  0/0/0 cyc  (p50/max/max, n=0)
  wcase-probe: line=6 raise=inject on=0 raised=100 hcore=none foreign=0 win=0
  wcase-irq[1024B]: 0/0/0 cyc  (p50/max/max, n=0)
  e2e-settle: settled=2/2
  e2e-probe: line=7 closed=1000 dropped=0 tare=900/1217 ns  (min/avg, n=64)
  e2e-passes: asked=1000 raised=1000
  e2e-local: 5632/6144/27800 ns  (p50/p99/max, n=1000)
  throughput: 166434 ctx-sw/s  (6008 ns/sw avg over 40000 switches / 240 ms)
  switch-probe: fastpath-swaps=0  (swapped inside the trap, so not in the switch row)
  switch:    240/320/1080 cyc  (p50/p99/max, n=40002)
  lock-hold: 3584/4608/71140 cyc  (p50/p99/max, n=80238)
  lock-site: core=0 site=0xffffffff80002ae2 max=71140
  irq-probe: line=6 raise=inject on=0 raised=100 hcore=none foreign=0 win=0
  irq:       0/0/0 cyc  (p50/max/max, n=0)
  wcase-probe: line=6 raise=inject on=0 raised=100 hcore=none foreign=0 win=0
  wcase-irq[0B]:    0/0/0 cyc  (p50/max/max, n=0)
  wcase-probe: line=6 raise=inject on=0 raised=100 hcore=none foreign=0 win=0
  wcase-irq[64B]:   0/0/0 cyc  (p50/max/max, n=0)
  wcase-probe: line=6 raise=inject on=0 raised=100 hcore=none foreign=0 win=0
  wcase-irq[256B]:  0/0/0 cyc  (p50/max/max, n=0)
  wcase-probe: line=6 raise=inject on=0 raised=100 hcore=none foreign=0 win=0
  wcase-irq[1024B]: 0/0/0 cyc  (p50/max/max, n=0)
  e2e-settle: settled=2/2
  e2e-probe: line=7 closed=1000 dropped=0 tare=900/1217 ns  (min/avg, n=64)
  e2e-passes: asked=1000 raised=1000
  e2e-local: 6144/8192/47200 ns  (p50/p99/max, n=1000)
  xtask ping-pong: 12232 ns/switch  (40000 switches / 489 ms)
  xtask call/reply: 16 B  37921 ns/round-trip  (26370 round-trips/s over 20000 calls / 758 ms)
  spawn/exit: thread 52296 ns  (200 reps / 10 ms)
  spawn/exit: task 129027 ns  (200 reps / 25 ms)
bench: done
POLL_OK=1 POLL_MS=8400
