
  ==============================================
   KickOS 0.5.1  -  microkernel RTOS
  ==============================================
   board   qemu-riscv
   arch    rv32imac
   cpu     rv32imac_zicsr
   mpu     off
   sched   tickless
   build   2026-09-29 07:39:58 +0200
   app     Sep 29 2026 07:40:00 +0200
   commit  15947db7-dirty
   heap    16 KiB available
   kstack  1184 B x 17 = 20128 B

microbenchmark: context-switch throughput (all arches) + per-switch cost
+ IRQ-entry latency where a cycle counter exists. Reporter woken by the
workload, not a timer. Telemetry OFF for clean numbers.
cycle counter: 0 Hz (0 = no rate converts a reading; cycles only)

  lock-probe: hold+1 core=0 depth=0  (three nested, one outermost)
  call/reply: 8 B  15244 ns/round-trip  (65596 round-trips/s over 20000 calls / 304 ms)
  call/reply: 16 B  15326 ns/round-trip  (65244 round-trips/s over 20000 calls / 306 ms)
  call/reply: 32 B  24883 ns/round-trip  (40187 round-trips/s over 20000 calls / 497 ms)
  call/reply: 64 B  24796 ns/round-trip  (40328 round-trips/s over 20000 calls / 495 ms)
  call/reply: 128 B  24844 ns/round-trip  (40250 round-trips/s over 20000 calls / 496 ms)
  call/reply: 256 B  25083 ns/round-trip  (39867 round-trips/s over 20000 calls / 501 ms)
  call/reply: 8 B  24797 ns/round-trip  (40326 round-trips/s over 20000 calls / 495 ms) [generic path]
  call/reply: 16 B  24808 ns/round-trip  (40309 round-trips/s over 20000 calls / 496 ms) [generic path]
  call/reply: 32 B  24845 ns/round-trip  (40249 round-trips/s over 20000 calls / 496 ms) [generic path]
  call/reply: 64 B  24857 ns/round-trip  (40229 round-trips/s over 20000 calls / 497 ms) [generic path]
  call/reply: 128 B  25044 ns/round-trip  (39928 round-trips/s over 20000 calls / 500 ms) [generic path]
  call/reply: 256 B  25165 ns/round-trip  (39737 round-trips/s over 20000 calls / 503 ms) [generic path]
  call/reply: 32 B  25444 ns/round-trip  (39300 round-trips/s over 20000 calls / 508 ms) [caller outranks server, D1 donates]
  phase table (44 rows; cyc avg/max, min last and a floor; leaf -= NULL, composite -= NULL + k*(NEST-NULL)):
    NULL             130/15460  min=80  n=220000
    NEST             739/35000  min=640  n=220000
    NEST_LOCK        583/73360  min=540  n=220000
    CALL_TOTAL       18105/991840  min=17400  n=219999
    CALL_VALIDATE    432/35920  min=360  n=220000
    CALL_LOCKED      16469/790080  min=15860  n=219999
    CALL_RESOLVE     650/26820  min=600  n=220000
    CALL_PEEK        343/27200  min=320  n=220000
    CALL_PROBE       313/29400  min=280  n=219999
    CALL_POP         420/24640  min=340  n=219999
    CALL_COPY        591/33160  min=400  n=219999
    CALL_MINT        2004/134440  min=1920  n=219999
    CALL_MINT_CAP    652/33260  min=600  n=219999
    CALL_MINT_INFO   505/38120  min=460  n=219999
    CALL_DONATE      249/33460  min=240  n=19999
    CALL_PARK        791/39020  min=680  n=219999
    CALL_WAKE        5433/111340  min=5120  n=219999
    CALL_RESUME      486/31140  min=420  n=220000
    CALL_SLOW_TOTAL  255560/255560  min=255560  n=1
    CALL_SLOW_LOCKED 228880/228880  min=228880  n=1
    CALL_SLOW_DONATE 0/0  min=0  n=0
    CALL_SLOW_PARK   51400/51400  min=51400  n=1
    RECV_LOCKED      7294/366340  min=6940  n=259999
    RECV_RESOLVE     781/128500  min=680  n=260000
    RECV_SCAN        317/65700  min=240  n=259999
    RECV_PARK        5042/105720  min=4660  n=259999
    REPLY_TOTAL      50229/245260  min=15460  n=13
    REPLY_VALIDATE   8580/43620  min=2200  n=13
    REPLY_LOCKED     4601/574180  min=3400  n=260000
    REPLY_LOOKUP     924/273120  min=720  n=260000
    REPLY_COPY       591/26560  min=340  n=260000
    REPLY_FUNNEL     428/109060  min=260  n=260000
    REPLY_WAKE       933/49840  min=840  n=260000
    REPLY_RECV_TOTAL 14961/873840  min=13560  n=260000
    REPLY_RECV_TAIL  1276/157140  min=1160  n=259999
    WAKE_UNPARK      240/47400  min=180  n=520012
    PICK_NEXT        283/30060  min=240  n=480064
    SWITCH_TO        3443/281140  min=3120  n=480039
    SWITCH_BOOK      230/117820  min=180  n=520039
    MPU_APPLY        201/21080  min=80  n=520039
    MPU_COMMIT       0/0  min=0  n=0
    REENT_SEAT       270/44460  min=240  n=520039
    KTIME_REARM      286/19160  min=220  n=520039
    ARCH_SWITCH      1051/101060  min=880  n=480039
  ns-probe: rate=0 (nothing converts, so no ns column is printed)
  sat-probe: width=32 (no delta this counter forms is too wide)

  throughput: 111910 ctx-sw/s  (8935 ns/sw avg over 40000 switches / 357 ms)
  switch-probe: fastpath-swaps=0  (swapped inside the trap, so not in the switch row)
  switch:    2048/2304/20540 cyc  (p50/p99/max, n=40001)
  lock-hold: 2560/5632/46000 cyc  (p50/p99/max, n=80241)
  lock-site: core=0 site=0x80001e50 max=46000
  irq-probe: line=6 raise=inject on=0 raised=100 hcore=0 foreign=0 win=323540
  irq:       2304/234920/234920 cyc  (p50/max/max, n=100)
  wcase-probe: line=6 raise=inject on=0 raised=100 hcore=0 foreign=0 win=37420
  wcase-irq[0B]:    2304/30260/30260 cyc  (p50/max/max, n=100)
  wcase-probe: line=6 raise=inject on=0 raised=100 hcore=0 foreign=0 win=21600
  wcase-irq[64B]:   2560/20740/20740 cyc  (p50/max/max, n=100)
  wcase-probe: line=6 raise=inject on=0 raised=100 hcore=0 foreign=0 win=5280
  wcase-irq[256B]:  3584/4560/4560 cyc  (p50/max/max, n=100)
  wcase-probe: line=6 raise=inject on=0 raised=100 hcore=0 foreign=0 win=8200
  wcase-irq[1024B]: 7168/7520/7520 cyc  (p50/max/max, n=100)
  e2e-settle: settled=2/2
  e2e-probe: line=7 closed=1000 dropped=0 tare=2200/2679 ns  (min/avg, n=64)
  e2e-passes: asked=1000 raised=1000
  e2e-local: 9216/9216/281500 ns  (p50/p99/max, n=1000)
  throughput: 112015 ctx-sw/s  (8927 ns/sw avg over 40000 switches / 357 ms)
  switch-probe: fastpath-swaps=0  (swapped inside the trap, so not in the switch row)
  switch:    2048/2304/52860 cyc  (p50/p99/max, n=40001)
  lock-hold: 2560/5632/24180 cyc  (p50/p99/max, n=80241)
  lock-site: core=0 site=0x80001e50 max=24180
  irq-probe: line=6 raise=inject on=0 raised=100 hcore=0 foreign=0 win=16220
  irq:       2304/11440/11440 cyc  (p50/max/max, n=100)
  wcase-probe: line=6 raise=inject on=0 raised=100 hcore=0 foreign=0 win=6180
  wcase-irq[0B]:    2304/5340/5340 cyc  (p50/max/max, n=100)
  wcase-probe: line=6 raise=inject on=0 raised=100 hcore=0 foreign=0 win=4160
  wcase-irq[64B]:   2560/3440/3440 cyc  (p50/max/max, n=100)
  wcase-probe: line=6 raise=inject on=0 raised=100 hcore=0 foreign=0 win=4620
  wcase-irq[256B]:  3584/3880/3880 cyc  (p50/max/max, n=100)
  wcase-probe: line=6 raise=inject on=0 raised=100 hcore=0 foreign=0 win=8200
  wcase-irq[1024B]: 7168/7540/7540 cyc  (p50/max/max, n=100)
  e2e-settle: settled=2/2
  e2e-probe: line=7 closed=1000 dropped=0 tare=2200/2679 ns  (min/avg, n=64)
  e2e-passes: asked=1000 raised=1000
  e2e-local: 9216/10240/23500 ns  (p50/p99/max, n=1000)
  throughput: 153851 ctx-sw/s  (6499 ns/sw avg over 40000 switches / 259 ms)
  switch-probe: fastpath-swaps=0  (swapped inside the trap, so not in the switch row)
  switch:    1408/2304/91660 cyc  (p50/p99/max, n=40001)
  lock-hold: 3072/5632/281860 cyc  (p50/p99/max, n=80241)
  lock-site: core=0 site=0x80001e50 max=281860
  irq-probe: line=6 raise=inject on=0 raised=100 hcore=0 foreign=0 win=22320
  irq:       1536/17420/17420 cyc  (p50/max/max, n=100)
  wcase-probe: line=6 raise=inject on=0 raised=100 hcore=0 foreign=0 win=4400
  wcase-irq[0B]:    1536/3800/3800 cyc  (p50/max/max, n=100)
  wcase-probe: line=6 raise=inject on=0 raised=100 hcore=0 foreign=0 win=4420
  wcase-irq[64B]:   1792/3940/3940 cyc  (p50/max/max, n=100)
  wcase-probe: line=6 raise=inject on=0 raised=100 hcore=0 foreign=0 win=3840
  wcase-irq[256B]:  2304/3380/3380 cyc  (p50/max/max, n=100)
  wcase-probe: line=6 raise=inject on=0 raised=100 hcore=0 foreign=0 win=5480
  wcase-irq[1024B]: 4608/5040/5040 cyc  (p50/max/max, n=100)
  e2e-settle: settled=2/2
  e2e-probe: line=7 closed=1000 dropped=0 tare=2200/2679 ns  (min/avg, n=64)
  e2e-passes: asked=1000 raised=1000
  e2e-local: 6656/6656/31100 ns  (p50/p99/max, n=1000)
  xtask ping-pong: 6045 ns/switch  (40000 switches / 241 ms)
  xtask call/reply: 16 B  10286 ns/round-trip  (97216 round-trips/s over 20000 calls / 205 ms)
  spawn/exit: thread 17977 ns  (200 reps / 3 ms)
  spawn/exit: task 21029 ns  (200 reps / 4 ms)
bench: done
POLL_OK=1 POLL_MS=7600
