
  ==============================================
   KickOS 0.5.1  -  microkernel RTOS
  ==============================================
   board   qemu-riscv
   arch    rv32imac
   cpu     rv32imac_zicsr
   mpu     off
   sched   tickless
   build   2026-09-29 07:39:58 +0200
   app     Sep 29 2026 07:40:00 +0200
   commit  15947db7-dirty
   heap    16 KiB available
   kstack  1184 B x 17 = 20128 B

microbenchmark: context-switch throughput (all arches) + per-switch cost
+ IRQ-entry latency where a cycle counter exists. Reporter woken by the
workload, not a timer. Telemetry OFF for clean numbers.
cycle counter: 0 Hz (0 = no rate converts a reading; cycles only)

  lock-probe: hold+1 core=0 depth=0  (three nested, one outermost)
  call/reply: 8 B  14997 ns/round-trip  (66676 round-trips/s over 20000 calls / 299 ms)
  call/reply: 16 B  15075 ns/round-trip  (66330 round-trips/s over 20000 calls / 301 ms)
  call/reply: 32 B  24619 ns/round-trip  (40617 round-trips/s over 20000 calls / 492 ms)
  call/reply: 64 B  24638 ns/round-trip  (40586 round-trips/s over 20000 calls / 492 ms)
  call/reply: 128 B  24711 ns/round-trip  (40467 round-trips/s over 20000 calls / 494 ms)
  call/reply: 256 B  24826 ns/round-trip  (40279 round-trips/s over 20000 calls / 496 ms)
  call/reply: 8 B  24566 ns/round-trip  (40705 round-trips/s over 20000 calls / 491 ms) [generic path]
  call/reply: 16 B  24604 ns/round-trip  (40643 round-trips/s over 20000 calls / 492 ms) [generic path]
  call/reply: 32 B  24548 ns/round-trip  (40735 round-trips/s over 20000 calls / 490 ms) [generic path]
  call/reply: 64 B  24538 ns/round-trip  (40752 round-trips/s over 20000 calls / 490 ms) [generic path]
  call/reply: 128 B  24536 ns/round-trip  (40755 round-trips/s over 20000 calls / 490 ms) [generic path]
  call/reply: 256 B  24912 ns/round-trip  (40140 round-trips/s over 20000 calls / 498 ms) [generic path]
  call/reply: 32 B  25327 ns/round-trip  (39482 round-trips/s over 20000 calls / 506 ms) [caller outranks server, D1 donates]
  phase table (44 rows; cyc avg/max, min last and a floor; leaf -= NULL, composite -= NULL + k*(NEST-NULL)):
    NULL             117/15260  min=80  n=220000
    NEST             680/34680  min=600  n=220000
    NEST_LOCK        623/73500  min=520  n=220000
    CALL_TOTAL       18085/1002940  min=17380  n=219999
    CALL_VALIDATE    427/36880  min=360  n=220000
    CALL_LOCKED      16451/794820  min=15800  n=219999
    CALL_RESOLVE     655/28000  min=600  n=220000
    CALL_PEEK        359/27580  min=320  n=220000
    CALL_PROBE       314/29940  min=280  n=219999
    CALL_POP         425/24880  min=340  n=219999
    CALL_COPY        596/32820  min=400  n=219999
    CALL_MINT        2025/134000  min=1880  n=219999
    CALL_MINT_CAP    646/32380  min=600  n=219999
    CALL_MINT_INFO   505/42760  min=460  n=219999
    CALL_DONATE      272/32520  min=240  n=19999
    CALL_PARK        772/38620  min=660  n=219999
    CALL_WAKE        5367/118460  min=5020  n=219999
    CALL_RESUME      509/30820  min=380  n=220000
    CALL_SLOW_TOTAL  243840/243840  min=243840  n=1
    CALL_SLOW_LOCKED 215920/215920  min=215920  n=1
    CALL_SLOW_DONATE 0/0  min=0  n=0
    CALL_SLOW_PARK   54920/54920  min=54920  n=1
    RECV_LOCKED      7172/367480  min=6760  n=259999
    RECV_RESOLVE     758/128340  min=660  n=260000
    RECV_SCAN        291/66020  min=240  n=259999
    RECV_PARK        5008/99240  min=4600  n=259999
    REPLY_TOTAL      44503/218780  min=16440  n=13
    REPLY_VALIDATE   6878/37300  min=2260  n=13
    REPLY_LOCKED     4517/602360  min=3400  n=260000
    REPLY_LOOKUP     891/274420  min=720  n=260000
    REPLY_COPY       600/26840  min=340  n=260000
    REPLY_FUNNEL     392/121720  min=260  n=260000
    REPLY_WAKE       913/49820  min=840  n=260000
    REPLY_RECV_TOTAL 14627/876600  min=13440  n=260000
    REPLY_RECV_TAIL  1314/156500  min=1200  n=259999
    WAKE_UNPARK      254/47740  min=180  n=520012
    PICK_NEXT        279/30400  min=240  n=480064
    SWITCH_TO        3407/279340  min=3040  n=480039
    SWITCH_BOOK      212/105420  min=180  n=520039
    MPU_APPLY        166/93180  min=120  n=520039
    MPU_COMMIT       0/0  min=0  n=0
    REENT_SEAT       269/44520  min=240  n=520039
    KTIME_REARM      280/18660  min=220  n=520039
    ARCH_SWITCH      1038/109720  min=860  n=480039
  ns-probe: rate=0 (nothing converts, so no ns column is printed)
  sat-probe: width=32 (no delta this counter forms is too wide)

  throughput: 114427 ctx-sw/s  (8739 ns/sw avg over 40000 switches / 349 ms)
  switch-probe: fastpath-swaps=0  (swapped inside the trap, so not in the switch row)
  switch:    2048/2304/21360 cyc  (p50/p99/max, n=40001)
  lock-hold: 2560/5632/50520 cyc  (p50/p99/max, n=80241)
  lock-site: core=0 site=0x80004372 max=50520
  irq-probe: line=6 raise=inject on=0 raised=100 hcore=0 foreign=0 win=338860
  irq:       2304/245680/245680 cyc  (p50/max/max, n=100)
  wcase-probe: line=6 raise=inject on=0 raised=100 hcore=0 foreign=0 win=38020
  wcase-irq[0B]:    2304/30720/30720 cyc  (p50/max/max, n=100)
  wcase-probe: line=6 raise=inject on=0 raised=100 hcore=0 foreign=0 win=22720
  wcase-irq[64B]:   2560/21700/21700 cyc  (p50/max/max, n=100)
  wcase-probe: line=6 raise=inject on=0 raised=100 hcore=0 foreign=0 win=18400
  wcase-irq[256B]:  3584/17540/17540 cyc  (p50/max/max, n=100)
  wcase-probe: line=6 raise=inject on=0 raised=100 hcore=0 foreign=0 win=8240
  wcase-irq[1024B]: 7168/7580/7580 cyc  (p50/max/max, n=100)
  e2e-settle: settled=2/2
  e2e-probe: line=7 closed=1000 dropped=0 tare=2100/2679 ns  (min/avg, n=64)
  e2e-passes: asked=1000 raised=1000
  e2e-local: 9216/9216/291200 ns  (p50/p99/max, n=1000)
  throughput: 113759 ctx-sw/s  (8790 ns/sw avg over 40000 switches / 351 ms)
  switch-probe: fastpath-swaps=0  (swapped inside the trap, so not in the switch row)
  switch:    2048/2304/20840 cyc  (p50/p99/max, n=40001)
  lock-hold: 2816/5632/40780 cyc  (p50/p99/max, n=80241)
  lock-site: core=0 site=0x80004372 max=40780
  irq-probe: line=6 raise=inject on=0 raised=100 hcore=0 foreign=0 win=23540
  irq:       2048/17820/17820 cyc  (p50/max/max, n=100)
  wcase-probe: line=6 raise=inject on=0 raised=100 hcore=0 foreign=0 win=6620
  wcase-irq[0B]:    2304/5800/5800 cyc  (p50/max/max, n=100)
  wcase-probe: line=6 raise=inject on=0 raised=100 hcore=0 foreign=0 win=4540
  wcase-irq[64B]:   2560/3820/3820 cyc  (p50/max/max, n=100)
  wcase-probe: line=6 raise=inject on=0 raised=100 hcore=0 foreign=0 win=4960
  wcase-irq[256B]:  3584/4260/4260 cyc  (p50/max/max, n=100)
  wcase-probe: line=6 raise=inject on=0 raised=100 hcore=0 foreign=0 win=8120
  wcase-irq[1024B]: 7168/7480/7480 cyc  (p50/max/max, n=100)
  e2e-settle: settled=2/2
  e2e-probe: line=7 closed=1000 dropped=0 tare=2100/2679 ns  (min/avg, n=64)
  e2e-passes: asked=1000 raised=1000
  e2e-local: 9216/9216/33900 ns  (p50/p99/max, n=1000)
  throughput: 113597 ctx-sw/s  (8803 ns/sw avg over 40000 switches / 352 ms)
  switch-probe: fastpath-swaps=0  (swapped inside the trap, so not in the switch row)
  switch:    2048/2304/20620 cyc  (p50/p99/max, n=40001)
  lock-hold: 3328/5632/88680 cyc  (p50/p99/max, n=80241)
  lock-site: core=0 site=0x80001e50 max=88680
  irq-probe: line=6 raise=inject on=0 raised=100 hcore=0 foreign=0 win=19160
  irq:       2048/15140/15140 cyc  (p50/max/max, n=100)
  wcase-probe: line=6 raise=inject on=0 raised=100 hcore=0 foreign=0 win=7200
  wcase-irq[0B]:    2304/6380/6380 cyc  (p50/max/max, n=100)
  wcase-probe: line=6 raise=inject on=0 raised=100 hcore=0 foreign=0 win=4060
  wcase-irq[64B]:   2560/3380/3380 cyc  (p50/max/max, n=100)
  wcase-probe: line=6 raise=inject on=0 raised=100 hcore=0 foreign=0 win=4520
  wcase-irq[256B]:  3584/3820/3820 cyc  (p50/max/max, n=100)
  wcase-probe: line=6 raise=inject on=0 raised=100 hcore=0 foreign=0 win=8280
  wcase-irq[1024B]: 7168/7640/7640 cyc  (p50/max/max, n=100)
  e2e-settle: settled=2/2
  e2e-probe: line=7 closed=1000 dropped=0 tare=2100/2679 ns  (min/avg, n=64)
  e2e-passes: asked=1000 raised=1000
  e2e-local: 9216/9216/24000 ns  (p50/p99/max, n=1000)
  xtask ping-pong: 8962 ns/switch  (40000 switches / 358 ms)
  xtask call/reply: 16 B  15285 ns/round-trip  (65422 round-trips/s over 20000 calls / 305 ms)
  spawn/exit: thread 27232 ns  (200 reps / 5 ms)
  spawn/exit: task 32039 ns  (200 reps / 6 ms)
bench: done
POLL_OK=1 POLL_MS=8000
