[2J[001;001H[=3h[2J[001;001H[2J[001;001H[8;042;160t[2J[001;001H[2J[001;001H[8;056;240t[2J[001;001HBdsDxe: loading Boot0002 "UEFI QEMU HARDDISK QM00001 " from PciRoot(0x0)/Pci(0x1F,0x2)/Sata(0x0,0xFFFF,0x0)
BdsDxe: starting Boot0002 "UEFI QEMU HARDDISK QM00001 " from PciRoot(0x0)/Pci(0x1F,0x2)/Sata(0x0,0xFFFF,0x0)

KICKOS-X1 8c41d7a2 x86_64/q35 uefi-handover entry
KICKOS-X1 8c41d7a2 x86_64/q35 uefi-handover handover if=1 paging=1 longmode=1 root=1 wp=1 nx=1 nxcap=1
KICKOS-X1 8c41d7a2 x86_64/q35 uefi-handover if_after_cli=0
KICKOS-X1 8c41d7a2 x86_64/q35 uefi-handover firmware=Debian distribution of EDK II
KICKOS-X1 8c41d7a2 x86_64/q35 uefi-handover revision=0x0000000000020046
KICKOS-X1 8c41d7a2 x86_64/q35 uefi-handover map descriptors=109 stride=48 version=1 conventional_pages=117679 arena=0x0000000001800000 arena_pages=107372
KICKOS-X1 8c41d7a2 x86_64/q35 uefi-handover fp found em=0 ts=0 mp=1 osfxsr=1 osxmmexcpt=1 osxsave=0
KICKOS-X1 8c41d7a2 x86_64/q35 uefi-handover fp trapped em=1 ts=1 mp=1 osfxsr=0 osxmmexcpt=0 osxsave=0
KICKOS-X1 8c41d7a2 x86_64/q35 uefi-handover boot services left
KICKOS-X1 8c41d7a2 x86_64/q35 uefi-handover if_after_exit=0
x86_64 app relocation: base=0x0000000000400000 load_delta=0x0000000000000000 app_words=0

  ==============================================
   KickOS 0.5.1  -  microkernel RTOS
  ==============================================
   board   qemu-x86_64
   arch    x86_64
   cpu     x86-64
   mpu     off
   sched   tickless
   build   2026-09-29 07:40:25 +0200
   app     Sep 29 2026 00:56:20 +0200
   commit  15947db7-dirty
   heap    none
   kstack  4096 B x 33 = 135168 B

microbenchmark: context-switch throughput (all arches) + per-switch cost
+ IRQ-entry latency where a cycle counter exists. Reporter woken by the
workload, not a timer. Telemetry OFF for clean numbers.
cycle counter: 2002036498 Hz (0 = no rate converts a reading; cycles only)

  lock-probe: hold+1 core=0 depth=0  (three nested, one outermost)
  call/reply: 8 B  7847 ns/round-trip  (127427 round-trips/s over 20000 calls / 156 ms)
  call/reply: 16 B  7756 ns/round-trip  (128919 round-trips/s over 20000 calls / 155 ms)
  call/reply: 32 B  7743 ns/round-trip  (129132 round-trips/s over 20000 calls / 154 ms)
  call/reply: 64 B  7920 ns/round-trip  (126261 round-trips/s over 20000 calls / 158 ms)
  call/reply: 128 B  7823 ns/round-trip  (127814 round-trips/s over 20000 calls / 156 ms)
  call/reply: 256 B  7892 ns/round-trip  (126694 round-trips/s over 20000 calls / 157 ms)
  call/reply: 8 B  7711 ns/round-trip  (129669 round-trips/s over 20000 calls / 154 ms) [generic path]
  call/reply: 16 B  7739 ns/round-trip  (129203 round-trips/s over 20000 calls / 154 ms) [generic path]
  call/reply: 32 B  7832 ns/round-trip  (127670 round-trips/s over 20000 calls / 156 ms) [generic path]
  call/reply: 64 B  7933 ns/round-trip  (126047 round-trips/s over 20000 calls / 158 ms) [generic path]
  call/reply: 128 B  7893 ns/round-trip  (126691 round-trips/s over 20000 calls / 157 ms) [generic path]
  call/reply: 256 B  8001 ns/round-trip  (124983 round-trips/s over 20000 calls / 160 ms) [generic path]
  call/reply: 32 B  7976 ns/round-trip  (125371 round-trips/s over 20000 calls / 159 ms) [caller outranks server, D1 donates]
  phase table (44 rows; cyc avg/max, min last and a floor; leaf -= NULL, composite -= NULL + k*(NEST-NULL)):
    NULL             15/10580  min=1  n=260000
    NEST             84/25820  min=60  n=260000
    NEST_LOCK        46/40500  min=40  n=260000
    CALL_TOTAL       14630/2232500  min=13820  n=259999
    CALL_VALIDATE    170/15500  min=140  n=260000
    CALL_LOCKED      14123/2231340  min=13320  n=259999
    CALL_RESOLVE     220/36100  min=180  n=260000
    CALL_PEEK        48/21680  min=20  n=260000
    CALL_PROBE       84/27900  min=60  n=259999
    CALL_POP         120/38020  min=100  n=259999
    CALL_COPY        1420/62800  min=1300  n=259999
    CALL_MINT        1341/188220  min=1220  n=259999
    CALL_MINT_CAP    379/97680  min=319  n=259999
    CALL_MINT_INFO   823/51100  min=760  n=259999
    CALL_DONATE      115/21080  min=80  n=19999
    CALL_PARK        240/63020  min=200  n=259999
    CALL_WAKE        9668/2226840  min=9080  n=259999
    CALL_RESUME      148/15340  min=120  n=260000
    CALL_SLOW_TOTAL  516700/516700  min=516700  n=1
    CALL_SLOW_LOCKED 496980/496980  min=496980  n=1
    CALL_SLOW_DONATE 0/0  min=0  n=0
    CALL_SLOW_PARK   388180/388180  min=388180  n=1
    RECV_LOCKED      9935/1268820  min=9300  n=259999
    RECV_RESOLVE     258/90060  min=200  n=260000
    RECV_SCAN        138/40420  min=100  n=259999
    RECV_PARK        9302/1092900  min=8700  n=259999
    REPLY_TOTAL      88600/757900  min=12680  n=13
    REPLY_VALIDATE   10281/30120  min=3160  n=13
    REPLY_LOCKED     2439/403480  min=2240  n=260000
    REPLY_LOOKUP     316/201420  min=280  n=260000
    REPLY_COPY       1427/33800  min=1300  n=260000
    REPLY_FUNNEL     192/65900  min=160  n=260000
    REPLY_WAKE       221/29240  min=200  n=260000
    REPLY_RECV_TOTAL 14227/1655340  min=13360  n=260000
    REPLY_RECV_TAIL  433/98980  min=400  n=259999
    WAKE_UNPARK      66/26960  min=40  n=520012
    PICK_NEXT        46/16860  min=20  n=520064
    SWITCH_TO        16909/320752600  min=8240  n=520013
    SWITCH_BOOK      66/173320  min=40  n=520039
    MPU_APPLY        107/100960  min=80  n=520039
    MPU_COMMIT       0/0  min=0  n=0
    REENT_SEAT       0/0  min=0  n=0
    KTIME_REARM      78/100040  min=40  n=520039
    ARCH_SWITCH      16360/320750160  min=7680  n=520013
  ns-probe: cyc=4294967295 ns=2145299198 capped=0
  sat-probe: width=64 fits+1/0 wide+0/1 max=1000

  throughput: 525282 ctx-sw/s  (1903 ns/sw avg over 40000 switches / 76 ms)
  switch-probe: fastpath-swaps=0  (swapped inside the trap, so not in the switch row)
  switch:    60/80/7740 cyc  29/39/3866 ns  (p50/p99/max, n=40002)
  lock-hold: 960/1792/36460 cyc  479/895/18211 ns  (p50/p99/max, n=80247)
  lock-site: core=0 site=0x409dac max=36460
  irq-probe: line=6 raise=inject on=0 raised=100 hcore=none foreign=0 win=0
  irq:       0/0/0 cyc  0/0/0 ns  (p50/max/max, n=0)
  wcase-probe: line=6 raise=inject on=0 raised=100 hcore=none foreign=0 win=0
  wcase-irq[0B]:    0/0/0 cyc  0/0/0 ns  (p50/max/max, n=0)
  wcase-probe: line=6 raise=inject on=0 raised=100 hcore=none foreign=0 win=0
  wcase-irq[64B]:   0/0/0 cyc  0/0/0 ns  (p50/max/max, n=0)
  wcase-probe: line=6 raise=inject on=0 raised=100 hcore=none foreign=0 win=0
  wcase-irq[256B]:  0/0/0 cyc  0/0/0 ns  (p50/max/max, n=0)
  wcase-probe: line=6 raise=inject on=0 raised=100 hcore=none foreign=0 win=0
  wcase-irq[1024B]: 0/0/0 cyc  0/0/0 ns  (p50/max/max, n=0)
  e2e-settle: settled=2/2
  e2e-probe: line=7 closed=1000 dropped=0 tare=279/557 ns  (min/avg, n=64)
  e2e-passes: asked=1000 raised=1000
  e2e-local: 4096/4096/640818 ns  (p50/p99/max, n=1000)
  throughput: 524679 ctx-sw/s  (1905 ns/sw avg over 40000 switches / 76 ms)
  switch-probe: fastpath-swaps=0  (swapped inside the trap, so not in the switch row)
  switch:    60/80/100 cyc  29/39/49 ns  (p50/p99/max, n=40002)
  lock-hold: 640/1792/18460 cyc  319/895/9220 ns  (p50/p99/max, n=80247)
  lock-site: core=0 site=0x416918 max=18460
  irq-probe: line=6 raise=inject on=0 raised=100 hcore=none foreign=0 win=0
  irq:       0/0/0 cyc  0/0/0 ns  (p50/max/max, n=0)
  wcase-probe: line=6 raise=inject on=0 raised=100 hcore=none foreign=0 win=0
  wcase-irq[0B]:    0/0/0 cyc  0/0/0 ns  (p50/max/max, n=0)
  wcase-probe: line=6 raise=inject on=0 raised=100 hcore=none foreign=0 win=0
  wcase-irq[64B]:   0/0/0 cyc  0/0/0 ns  (p50/max/max, n=0)
  wcase-probe: line=6 raise=inject on=0 raised=100 hcore=none foreign=0 win=0
  wcase-irq[256B]:  0/0/0 cyc  0/0/0 ns  (p50/max/max, n=0)
  wcase-probe: line=6 raise=inject on=0 raised=100 hcore=none foreign=0 win=0
  wcase-irq[1024B]: 0/0/0 cyc  0/0/0 ns  (p50/max/max, n=0)
  e2e-settle: settled=2/2
  e2e-probe: line=7 closed=1000 dropped=0 tare=279/557 ns  (min/avg, n=64)
  e2e-passes: asked=1000 raised=1000
  e2e-local: 4096/4096/46183 ns  (p50/p99/max, n=1000)
  throughput: 526462 ctx-sw/s  (1899 ns/sw avg over 40000 switches / 75 ms)
  switch-probe: fastpath-swaps=0  (swapped inside the trap, so not in the switch row)
  switch:    60/80/260 cyc  29/39/129 ns  (p50/p99/max, n=40002)
  lock-hold: 960/1792/22620 cyc  479/895/11298 ns  (p50/p99/max, n=80248)
  lock-site: core=0 site=0x409dac max=22620
  irq-probe: line=6 raise=inject on=0 raised=100 hcore=none foreign=0 win=0
  irq:       0/0/0 cyc  0/0/0 ns  (p50/max/max, n=0)
  wcase-probe: line=6 raise=inject on=0 raised=100 hcore=none foreign=0 win=0
  wcase-irq[0B]:    0/0/0 cyc  0/0/0 ns  (p50/max/max, n=0)
  wcase-probe: line=6 raise=inject on=0 raised=100 hcore=none foreign=0 win=0
  wcase-irq[64B]:   0/0/0 cyc  0/0/0 ns  (p50/max/max, n=0)
  wcase-probe: line=6 raise=inject on=0 raised=100 hcore=none foreign=0 win=0
  wcase-irq[256B]:  0/0/0 cyc  0/0/0 ns  (p50/max/max, n=0)
  wcase-probe: line=6 raise=inject on=0 raised=100 hcore=none foreign=0 win=0
  wcase-irq[1024B]: 0/0/0 cyc  0/0/0 ns  (p50/max/max, n=0)
  e2e-settle: settled=2/2
  e2e-probe: line=7 closed=1000 dropped=0 tare=279/557 ns  (min/avg, n=64)
  e2e-passes: asked=1000 raised=1000
  e2e-local: 4096/5120/66003 ns  (p50/p99/max, n=1000)
  xtask ping-pong: 7452 ns/switch  (40000 switches / 298 ms)
  xtask call/reply: 16 B  24442 ns/round-trip  (40912 round-trips/s over 20000 calls / 488 ms)
  spawn/exit: thread 38120 ns  (200 reps / 7 ms)
  spawn/exit: task 84938 ns  (200 reps / 16 ms)
bench: done

KICKOS-EXIT status 0
POLL_OK=1 POLL_MS=4600
