[2J[001;001H[=3h[2J[001;001H[2J[001;001H[8;042;160t[2J[001;001H[2J[001;001H[8;056;240t[2J[001;001HBdsDxe: loading Boot0002 "UEFI QEMU HARDDISK QM00001 " from PciRoot(0x0)/Pci(0x1F,0x2)/Sata(0x0,0xFFFF,0x0)
BdsDxe: starting Boot0002 "UEFI QEMU HARDDISK QM00001 " from PciRoot(0x0)/Pci(0x1F,0x2)/Sata(0x0,0xFFFF,0x0)

KICKOS-X1 8c41d7a2 x86_64/q35 uefi-handover entry
KICKOS-X1 8c41d7a2 x86_64/q35 uefi-handover handover if=1 paging=1 longmode=1 root=1 wp=1 nx=1 nxcap=1
KICKOS-X1 8c41d7a2 x86_64/q35 uefi-handover if_after_cli=0
KICKOS-X1 8c41d7a2 x86_64/q35 uefi-handover firmware=Debian distribution of EDK II
KICKOS-X1 8c41d7a2 x86_64/q35 uefi-handover revision=0x0000000000020046
KICKOS-X1 8c41d7a2 x86_64/q35 uefi-handover map descriptors=109 stride=48 version=1 conventional_pages=117679 arena=0x0000000001800000 arena_pages=107372
KICKOS-X1 8c41d7a2 x86_64/q35 uefi-handover fp found em=0 ts=0 mp=1 osfxsr=1 osxmmexcpt=1 osxsave=0
KICKOS-X1 8c41d7a2 x86_64/q35 uefi-handover fp trapped em=1 ts=1 mp=1 osfxsr=0 osxmmexcpt=0 osxsave=0
KICKOS-X1 8c41d7a2 x86_64/q35 uefi-handover boot services left
KICKOS-X1 8c41d7a2 x86_64/q35 uefi-handover if_after_exit=0
x86_64 app relocation: base=0x0000000000400000 load_delta=0x0000000000000000 app_words=0

  ==============================================
   KickOS 0.5.1  -  microkernel RTOS
  ==============================================
   board   qemu-x86_64
   arch    x86_64
   cpu     x86-64
   mpu     off
   sched   tickless
   build   2026-09-29 07:40:25 +0200
   app     Sep 29 2026 00:56:20 +0200
   commit  15947db7-dirty
   heap    none
   kstack  4096 B x 33 = 135168 B

microbenchmark: context-switch throughput (all arches) + per-switch cost
+ IRQ-entry latency where a cycle counter exists. Reporter woken by the
workload, not a timer. Telemetry OFF for clean numbers.
cycle counter: 2000129793 Hz (0 = no rate converts a reading; cycles only)

  lock-probe: hold+1 core=0 depth=0  (three nested, one outermost)
  call/reply: 8 B  7959 ns/round-trip  (125636 round-trips/s over 20000 calls / 159 ms)
  call/reply: 16 B  7909 ns/round-trip  (126436 round-trips/s over 20000 calls / 158 ms)
  call/reply: 32 B  7825 ns/round-trip  (127795 round-trips/s over 20000 calls / 156 ms)
  call/reply: 64 B  7765 ns/round-trip  (128774 round-trips/s over 20000 calls / 155 ms)
  call/reply: 128 B  7796 ns/round-trip  (128264 round-trips/s over 20000 calls / 155 ms)
  call/reply: 256 B  7896 ns/round-trip  (126637 round-trips/s over 20000 calls / 157 ms)
  call/reply: 8 B  7670 ns/round-trip  (130372 round-trips/s over 20000 calls / 153 ms) [generic path]
  call/reply: 16 B  7777 ns/round-trip  (128572 round-trips/s over 20000 calls / 155 ms) [generic path]
  call/reply: 32 B  7770 ns/round-trip  (128683 round-trips/s over 20000 calls / 155 ms) [generic path]
  call/reply: 64 B  7863 ns/round-trip  (127165 round-trips/s over 20000 calls / 157 ms) [generic path]
  call/reply: 128 B  7926 ns/round-trip  (126164 round-trips/s over 20000 calls / 158 ms) [generic path]
  call/reply: 256 B  7829 ns/round-trip  (127719 round-trips/s over 20000 calls / 156 ms) [generic path]
  call/reply: 32 B  7929 ns/round-trip  (126105 round-trips/s over 20000 calls / 158 ms) [caller outranks server, D1 donates]
  phase table (44 rows; cyc avg/max, min last and a floor; leaf -= NULL, composite -= NULL + k*(NEST-NULL)):
    NULL             15/21900  min=1  n=260000
    NEST             84/25820  min=60  n=260000
    NEST_LOCK        47/40480  min=40  n=260000
    CALL_TOTAL       14619/2384960  min=13880  n=259999
    CALL_VALIDATE    175/46160  min=140  n=260000
    CALL_LOCKED      14112/2384080  min=13379  n=259999
    CALL_RESOLVE     217/32020  min=180  n=260000
    CALL_PEEK        48/26680  min=20  n=260000
    CALL_PROBE       81/27500  min=60  n=259999
    CALL_POP         121/37580  min=100  n=259999
    CALL_COPY        1428/56860  min=1300  n=259999
    CALL_MINT        1344/352820  min=1220  n=259999
    CALL_MINT_CAP    371/97460  min=319  n=259999
    CALL_MINT_INFO   827/351920  min=760  n=259999
    CALL_DONATE      113/20880  min=80  n=19999
    CALL_PARK        239/62500  min=200  n=259999
    CALL_WAKE        9658/2379240  min=9140  n=259999
    CALL_RESUME      150/55680  min=120  n=260000
    CALL_SLOW_TOTAL  460480/460480  min=460480  n=1
    CALL_SLOW_LOCKED 443420/443420  min=443420  n=1
    CALL_SLOW_DONATE 0/0  min=0  n=0
    CALL_SLOW_PARK   337640/337640  min=337640  n=1
    RECV_LOCKED      9885/1252460  min=9340  n=259999
    RECV_RESOLVE     248/90160  min=220  n=260000
    RECV_SCAN        141/38660  min=100  n=259999
    RECV_PARK        9259/1079520  min=8720  n=259999
    REPLY_TOTAL      90709/738200  min=14020  n=13
    REPLY_VALIDATE   11776/38940  min=5000  n=13
    REPLY_LOCKED     2456/406600  min=2260  n=260000
    REPLY_LOOKUP     311/203180  min=280  n=260000
    REPLY_COPY       1442/70000  min=1300  n=260000
    REPLY_FUNNEL     199/64200  min=160  n=260000
    REPLY_WAKE       221/32220  min=200  n=260000
    REPLY_RECV_TOTAL 14196/1623720  min=13460  n=260000
    REPLY_RECV_TAIL  429/99460  min=380  n=259999
    WAKE_UNPARK      63/25940  min=40  n=520012
    PICK_NEXT        44/20960  min=20  n=520064
    SWITCH_TO        16861/319970740  min=8300  n=520013
    SWITCH_BOOK      66/188100  min=40  n=520039
    MPU_APPLY        111/37120  min=80  n=520039
    MPU_COMMIT       0/0  min=0  n=0
    REENT_SEAT       0/0  min=0  n=0
    KTIME_REARM      60/11340  min=40  n=520039
    ARCH_SWITCH      16325/319879780  min=7740  n=520013
  ns-probe: cyc=4294967295 ns=2147344292 capped=0
  sat-probe: width=64 fits+1/0 wide+0/1 max=1000

  throughput: 525302 ctx-sw/s  (1903 ns/sw avg over 40000 switches / 76 ms)
  switch-probe: fastpath-swaps=0  (swapped inside the trap, so not in the switch row)
  switch:    60/96/440 cyc  29/47/219 ns  (p50/p99/max, n=40002)
  lock-hold: 1024/2560/30820 cyc  511/1279/15409 ns  (p50/p99/max, n=80245)
  lock-site: core=0 site=0x409dac max=30820
  irq-probe: line=6 raise=inject on=0 raised=100 hcore=none foreign=0 win=0
  irq:       0/0/0 cyc  0/0/0 ns  (p50/max/max, n=0)
  wcase-probe: line=6 raise=inject on=0 raised=100 hcore=none foreign=0 win=0
  wcase-irq[0B]:    0/0/0 cyc  0/0/0 ns  (p50/max/max, n=0)
  wcase-probe: line=6 raise=inject on=0 raised=100 hcore=none foreign=0 win=0
  wcase-irq[64B]:   0/0/0 cyc  0/0/0 ns  (p50/max/max, n=0)
  wcase-probe: line=6 raise=inject on=0 raised=100 hcore=none foreign=0 win=0
  wcase-irq[256B]:  0/0/0 cyc  0/0/0 ns  (p50/max/max, n=0)
  wcase-probe: line=6 raise=inject on=0 raised=100 hcore=none foreign=0 win=0
  wcase-irq[1024B]: 0/0/0 cyc  0/0/0 ns  (p50/max/max, n=0)
  e2e-settle: settled=2/2
  e2e-probe: line=7 closed=1000 dropped=0 tare=280/555 ns  (min/avg, n=64)
  e2e-passes: asked=1000 raised=1000
  e2e-local: 3840/5632/639478 ns  (p50/p99/max, n=1000)
  throughput: 522049 ctx-sw/s  (1915 ns/sw avg over 40000 switches / 76 ms)
  switch-probe: fastpath-swaps=0  (swapped inside the trap, so not in the switch row)
  switch:    80/96/440 cyc  39/47/219 ns  (p50/p99/max, n=40002)
  lock-hold: 1024/1920/37700 cyc  511/959/18848 ns  (p50/p99/max, n=80248)
  lock-site: core=0 site=0x409dac max=37700
  irq-probe: line=6 raise=inject on=0 raised=100 hcore=none foreign=0 win=0
  irq:       0/0/0 cyc  0/0/0 ns  (p50/max/max, n=0)
  wcase-probe: line=6 raise=inject on=0 raised=100 hcore=none foreign=0 win=0
  wcase-irq[0B]:    0/0/0 cyc  0/0/0 ns  (p50/max/max, n=0)
  wcase-probe: line=6 raise=inject on=0 raised=100 hcore=none foreign=0 win=0
  wcase-irq[64B]:   0/0/0 cyc  0/0/0 ns  (p50/max/max, n=0)
  wcase-probe: line=6 raise=inject on=0 raised=100 hcore=none foreign=0 win=0
  wcase-irq[256B]:  0/0/0 cyc  0/0/0 ns  (p50/max/max, n=0)
  wcase-probe: line=6 raise=inject on=0 raised=100 hcore=none foreign=0 win=0
  wcase-irq[1024B]: 0/0/0 cyc  0/0/0 ns  (p50/max/max, n=0)
  e2e-settle: settled=2/2
  e2e-probe: line=7 closed=1000 dropped=0 tare=280/555 ns  (min/avg, n=64)
  e2e-passes: asked=1000 raised=1000
  e2e-local: 3840/5632/72045 ns  (p50/p99/max, n=1000)
  throughput: 527768 ctx-sw/s  (1894 ns/sw avg over 40000 switches / 75 ms)
  switch-probe: fastpath-swaps=0  (swapped inside the trap, so not in the switch row)
  switch:    60/96/15940 cyc  29/47/7969 ns  (p50/p99/max, n=40002)
  lock-hold: 1024/2304/40900 cyc  511/1151/20448 ns  (p50/p99/max, n=80251)
  lock-site: core=0 site=0x409dac max=40900
  irq-probe: line=6 raise=inject on=0 raised=100 hcore=none foreign=0 win=0
  irq:       0/0/0 cyc  0/0/0 ns  (p50/max/max, n=0)
  wcase-probe: line=6 raise=inject on=0 raised=100 hcore=none foreign=0 win=0
  wcase-irq[0B]:    0/0/0 cyc  0/0/0 ns  (p50/max/max, n=0)
  wcase-probe: line=6 raise=inject on=0 raised=100 hcore=none foreign=0 win=0
  wcase-irq[64B]:   0/0/0 cyc  0/0/0 ns  (p50/max/max, n=0)
  wcase-probe: line=6 raise=inject on=0 raised=100 hcore=none foreign=0 win=0
  wcase-irq[256B]:  0/0/0 cyc  0/0/0 ns  (p50/max/max, n=0)
  wcase-probe: line=6 raise=inject on=0 raised=100 hcore=none foreign=0 win=0
  wcase-irq[1024B]: 0/0/0 cyc  0/0/0 ns  (p50/max/max, n=0)
  e2e-settle: settled=2/2
  e2e-probe: line=7 closed=1000 dropped=0 tare=280/555 ns  (min/avg, n=64)
  e2e-passes: asked=1000 raised=1000
  e2e-local: 3840/5632/67675 ns  (p50/p99/max, n=1000)
  xtask ping-pong: 7455 ns/switch  (40000 switches / 298 ms)
  xtask call/reply: 16 B  24447 ns/round-trip  (40904 round-trips/s over 20000 calls / 488 ms)
  spawn/exit: thread 39095 ns  (200 reps / 7 ms)
  spawn/exit: task 85112 ns  (200 reps / 17 ms)
bench: done

KICKOS-EXIT status 0
POLL_OK=1 POLL_MS=4600
