[2J[001;001H[=3h[2J[001;001H[2J[001;001H[8;042;160t[2J[001;001H[2J[001;001H[8;056;240t[2J[001;001HBdsDxe: loading Boot0002 "UEFI QEMU HARDDISK QM00001 " from PciRoot(0x0)/Pci(0x1F,0x2)/Sata(0x0,0xFFFF,0x0)
BdsDxe: starting Boot0002 "UEFI QEMU HARDDISK QM00001 " from PciRoot(0x0)/Pci(0x1F,0x2)/Sata(0x0,0xFFFF,0x0)

KICKOS-X1 8c41d7a2 x86_64/q35 uefi-handover entry
KICKOS-X1 8c41d7a2 x86_64/q35 uefi-handover handover if=1 paging=1 longmode=1 root=1 wp=1 nx=1 nxcap=1
KICKOS-X1 8c41d7a2 x86_64/q35 uefi-handover if_after_cli=0
KICKOS-X1 8c41d7a2 x86_64/q35 uefi-handover firmware=Debian distribution of EDK II
KICKOS-X1 8c41d7a2 x86_64/q35 uefi-handover revision=0x0000000000020046
KICKOS-X1 8c41d7a2 x86_64/q35 uefi-handover map descriptors=109 stride=48 version=1 conventional_pages=117679 arena=0x0000000001800000 arena_pages=107372
KICKOS-X1 8c41d7a2 x86_64/q35 uefi-handover fp found em=0 ts=0 mp=1 osfxsr=1 osxmmexcpt=1 osxsave=0
KICKOS-X1 8c41d7a2 x86_64/q35 uefi-handover fp trapped em=1 ts=1 mp=1 osfxsr=0 osxmmexcpt=0 osxsave=0
KICKOS-X1 8c41d7a2 x86_64/q35 uefi-handover boot services left
KICKOS-X1 8c41d7a2 x86_64/q35 uefi-handover if_after_exit=0
x86_64 app relocation: base=0x0000000000400000 load_delta=0x0000000000000000 app_words=0

  ==============================================
   KickOS 0.5.1  -  microkernel RTOS
  ==============================================
   board   qemu-x86_64
   arch    x86_64
   cpu     x86-64
   mpu     off
   sched   tickless
   build   2026-09-29 07:40:25 +0200
   app     Sep 29 2026 00:56:20 +0200
   commit  15947db7-dirty
   heap    none
   kstack  4096 B x 33 = 135168 B

microbenchmark: context-switch throughput (all arches) + per-switch cost
+ IRQ-entry latency where a cycle counter exists. Reporter woken by the
workload, not a timer. Telemetry OFF for clean numbers.
cycle counter: 1998893060 Hz (0 = no rate converts a reading; cycles only)

  lock-probe: hold+1 core=0 depth=0  (three nested, one outermost)
  call/reply: 8 B  7846 ns/round-trip  (127443 round-trips/s over 20000 calls / 156 ms)
  call/reply: 16 B  7924 ns/round-trip  (126192 round-trips/s over 20000 calls / 158 ms)
  call/reply: 32 B  7858 ns/round-trip  (127255 round-trips/s over 20000 calls / 157 ms)
  call/reply: 64 B  7861 ns/round-trip  (127202 round-trips/s over 20000 calls / 157 ms)
  call/reply: 128 B  7902 ns/round-trip  (126543 round-trips/s over 20000 calls / 158 ms)
  call/reply: 256 B  7905 ns/round-trip  (126488 round-trips/s over 20000 calls / 158 ms)
  call/reply: 8 B  7738 ns/round-trip  (129222 round-trips/s over 20000 calls / 154 ms) [generic path]
  call/reply: 16 B  7786 ns/round-trip  (128431 round-trips/s over 20000 calls / 155 ms) [generic path]
  call/reply: 32 B  7697 ns/round-trip  (129908 round-trips/s over 20000 calls / 153 ms) [generic path]
  call/reply: 64 B  7762 ns/round-trip  (128830 round-trips/s over 20000 calls / 155 ms) [generic path]
  call/reply: 128 B  7854 ns/round-trip  (127307 round-trips/s over 20000 calls / 157 ms) [generic path]
  call/reply: 256 B  7850 ns/round-trip  (127384 round-trips/s over 20000 calls / 157 ms) [generic path]
  call/reply: 32 B  8142 ns/round-trip  (122819 round-trips/s over 20000 calls / 162 ms) [caller outranks server, D1 donates]
  phase table (44 rows; cyc avg/max, min last and a floor; leaf -= NULL, composite -= NULL + k*(NEST-NULL)):
    NULL             15/4600  min=1  n=260000
    NEST             84/24880  min=60  n=260000
    NEST_LOCK        47/41480  min=40  n=260000
    CALL_TOTAL       14566/2360700  min=13820  n=259999
    CALL_VALIDATE    171/14900  min=140  n=260000
    CALL_LOCKED      14067/2360100  min=13360  n=259999
    CALL_RESOLVE     215/21640  min=180  n=260000
    CALL_PEEK        47/21440  min=20  n=260000
    CALL_PROBE       83/28080  min=60  n=259999
    CALL_POP         123/37460  min=100  n=259999
    CALL_COPY        1427/100940  min=1300  n=259999
    CALL_MINT        1353/186320  min=1220  n=259999
    CALL_MINT_CAP    392/96600  min=320  n=259999
    CALL_MINT_INFO   817/50980  min=740  n=259999
    CALL_DONATE      110/21420  min=80  n=19999
    CALL_PARK        240/62660  min=200  n=259999
    CALL_WAKE        9606/2354820  min=9100  n=259999
    CALL_RESUME      153/131720  min=120  n=260000
    CALL_SLOW_TOTAL  466300/466300  min=466300  n=1
    CALL_SLOW_LOCKED 448300/448300  min=448300  n=1
    CALL_SLOW_DONATE 0/0  min=0  n=0
    CALL_SLOW_PARK   337480/337480  min=337480  n=1
    RECV_LOCKED      9919/1318340  min=9360  n=259999
    RECV_RESOLVE     252/89040  min=200  n=260000
    RECV_SCAN        143/39460  min=100  n=259999
    RECV_PARK        9287/1145320  min=8740  n=259999
    REPLY_TOTAL      71943/505780  min=13680  n=13
    REPLY_VALIDATE   10852/38060  min=5740  n=13
    REPLY_LOCKED     2430/398420  min=2240  n=260000
    REPLY_LOOKUP     312/198700  min=280  n=260000
    REPLY_COPY       1425/39140  min=1280  n=260000
    REPLY_FUNNEL     191/63880  min=160  n=260000
    REPLY_WAKE       221/29120  min=200  n=260000
    REPLY_RECV_TOTAL 14199/1689220  min=13460  n=260000
    REPLY_RECV_TAIL  427/95400  min=380  n=259999
    WAKE_UNPARK      63/26220  min=40  n=520012
    PICK_NEXT        48/17920  min=20  n=520064
    SWITCH_TO        16866/325934720  min=8280  n=520013
    SWITCH_BOOK      65/122240  min=40  n=520039
    MPU_APPLY        108/22440  min=80  n=520039
    MPU_COMMIT       0/0  min=0  n=0
    REENT_SEAT       0/0  min=0  n=0
    KTIME_REARM      60/15600  min=40  n=520039
    ARCH_SWITCH      16331/325932180  min=7740  n=520013
  ns-probe: cyc=4294967295 ns=2148672873 capped=0
  sat-probe: width=64 fits+1/0 wide+0/1 max=1000

  throughput: 499187 ctx-sw/s  (2003 ns/sw avg over 40000 switches / 80 ms)
  switch-probe: fastpath-swaps=0  (swapped inside the trap, so not in the switch row)
  switch:    60/176/9800 cyc  30/88/4902 ns  (p50/p99/max, n=40002)
  lock-hold: 1664/2816/73700 cyc  832/1408/36870 ns  (p50/p99/max, n=80248)
  lock-site: core=0 site=0x409dac max=73700
  irq-probe: line=6 raise=inject on=0 raised=100 hcore=none foreign=0 win=0
  irq:       0/0/0 cyc  0/0/0 ns  (p50/max/max, n=0)
  wcase-probe: line=6 raise=inject on=0 raised=100 hcore=none foreign=0 win=0
  wcase-irq[0B]:    0/0/0 cyc  0/0/0 ns  (p50/max/max, n=0)
  wcase-probe: line=6 raise=inject on=0 raised=100 hcore=none foreign=0 win=0
  wcase-irq[64B]:   0/0/0 cyc  0/0/0 ns  (p50/max/max, n=0)
  wcase-probe: line=6 raise=inject on=0 raised=100 hcore=none foreign=0 win=0
  wcase-irq[256B]:  0/0/0 cyc  0/0/0 ns  (p50/max/max, n=0)
  wcase-probe: line=6 raise=inject on=0 raised=100 hcore=none foreign=0 win=0
  wcase-irq[1024B]: 0/0/0 cyc  0/0/0 ns  (p50/max/max, n=0)
  e2e-settle: settled=2/2
  e2e-probe: line=7 closed=1000 dropped=0 tare=290/550 ns  (min/avg, n=64)
  e2e-passes: asked=1000 raised=1000
  e2e-local: 4096/5632/660295 ns  (p50/p99/max, n=1000)
  throughput: 514294 ctx-sw/s  (1944 ns/sw avg over 40000 switches / 77 ms)
  switch-probe: fastpath-swaps=0  (swapped inside the trap, so not in the switch row)
  switch:    60/80/440 cyc  30/40/220 ns  (p50/p99/max, n=40002)
  lock-hold: 1024/2304/36020 cyc  512/1152/18019 ns  (p50/p99/max, n=80248)
  lock-site: core=0 site=0x409dac max=36020
  irq-probe: line=6 raise=inject on=0 raised=100 hcore=none foreign=0 win=0
  irq:       0/0/0 cyc  0/0/0 ns  (p50/max/max, n=0)
  wcase-probe: line=6 raise=inject on=0 raised=100 hcore=none foreign=0 win=0
  wcase-irq[0B]:    0/0/0 cyc  0/0/0 ns  (p50/max/max, n=0)
  wcase-probe: line=6 raise=inject on=0 raised=100 hcore=none foreign=0 win=0
  wcase-irq[64B]:   0/0/0 cyc  0/0/0 ns  (p50/max/max, n=0)
  wcase-probe: line=6 raise=inject on=0 raised=100 hcore=none foreign=0 win=0
  wcase-irq[256B]:  0/0/0 cyc  0/0/0 ns  (p50/max/max, n=0)
  wcase-probe: line=6 raise=inject on=0 raised=100 hcore=none foreign=0 win=0
  wcase-irq[1024B]: 0/0/0 cyc  0/0/0 ns  (p50/max/max, n=0)
  e2e-settle: settled=2/2
  e2e-probe: line=7 closed=1000 dropped=0 tare=290/550 ns  (min/avg, n=64)
  e2e-passes: asked=1000 raised=1000
  e2e-local: 4096/4096/71589 ns  (p50/p99/max, n=1000)
  throughput: 522623 ctx-sw/s  (1913 ns/sw avg over 40000 switches / 76 ms)
  switch-probe: fastpath-swaps=0  (swapped inside the trap, so not in the switch row)
  switch:    60/80/260 cyc  30/40/130 ns  (p50/p99/max, n=40002)
  lock-hold: 896/1792/22780 cyc  448/896/11396 ns  (p50/p99/max, n=80248)
  lock-site: core=0 site=0x409dac max=22780
  irq-probe: line=6 raise=inject on=0 raised=100 hcore=none foreign=0 win=0
  irq:       0/0/0 cyc  0/0/0 ns  (p50/max/max, n=0)
  wcase-probe: line=6 raise=inject on=0 raised=100 hcore=none foreign=0 win=0
  wcase-irq[0B]:    0/0/0 cyc  0/0/0 ns  (p50/max/max, n=0)
  wcase-probe: line=6 raise=inject on=0 raised=100 hcore=none foreign=0 win=0
  wcase-irq[64B]:   0/0/0 cyc  0/0/0 ns  (p50/max/max, n=0)
  wcase-probe: line=6 raise=inject on=0 raised=100 hcore=none foreign=0 win=0
  wcase-irq[256B]:  0/0/0 cyc  0/0/0 ns  (p50/max/max, n=0)
  wcase-probe: line=6 raise=inject on=0 raised=100 hcore=none foreign=0 win=0
  wcase-irq[1024B]: 0/0/0 cyc  0/0/0 ns  (p50/max/max, n=0)
  e2e-settle: settled=2/2
  e2e-probe: line=7 closed=1000 dropped=0 tare=290/550 ns  (min/avg, n=64)
  e2e-passes: asked=1000 raised=1000
  e2e-local: 4096/4608/73310 ns  (p50/p99/max, n=1000)
  xtask ping-pong: 7496 ns/switch  (40000 switches / 299 ms)
  xtask call/reply: 16 B  24872 ns/round-trip  (40204 round-trips/s over 20000 calls / 497 ms)
  spawn/exit: thread 38436 ns  (200 reps / 7 ms)
  spawn/exit: task 87161 ns  (200 reps / 17 ms)
bench: done

KICKOS-EXIT status 0
POLL_OK=1 POLL_MS=4600
