
  ==============================================
   KickOS 0.5.1  -  microkernel RTOS
  ==============================================
   board   qemu-arm64
   arch    armv8a
   cpu     cortex-a53
   mpu     off
   sched   tickless
   build   2026-09-29 07:39:58 +0200
   app     Sep 29 2026 07:39:59 +0200
   commit  15947db7-dirty
   heap    64 KiB available
   kstack  4096 B x 17 = 69632 B

microbenchmark: context-switch throughput (all arches) + per-switch cost
+ IRQ-entry latency where a cycle counter exists. Reporter woken by the
workload, not a timer. Telemetry OFF for clean numbers.
cycle counter: 0 Hz (0 = no rate converts a reading; cycles only)

  lock-probe: hold+1 core=0 depth=0  (three nested, one outermost)
  call/reply: 8 B  19163 ns/round-trip  (52182 round-trips/s over 20000 calls / 383 ms)
  call/reply: 16 B  19180 ns/round-trip  (52135 round-trips/s over 20000 calls / 383 ms)
  call/reply: 32 B  19221 ns/round-trip  (52024 round-trips/s over 20000 calls / 384 ms)
  call/reply: 64 B  19216 ns/round-trip  (52038 round-trips/s over 20000 calls / 384 ms)
  call/reply: 128 B  19188 ns/round-trip  (52115 round-trips/s over 20000 calls / 383 ms)
  call/reply: 256 B  19576 ns/round-trip  (51082 round-trips/s over 20000 calls / 391 ms)
  call/reply: 8 B  19134 ns/round-trip  (52261 round-trips/s over 20000 calls / 382 ms) [generic path]
  call/reply: 16 B  19058 ns/round-trip  (52469 round-trips/s over 20000 calls / 381 ms) [generic path]
  call/reply: 32 B  19111 ns/round-trip  (52324 round-trips/s over 20000 calls / 382 ms) [generic path]
  call/reply: 64 B  19141 ns/round-trip  (52241 round-trips/s over 20000 calls / 382 ms) [generic path]
  call/reply: 128 B  19136 ns/round-trip  (52256 round-trips/s over 20000 calls / 382 ms) [generic path]
  call/reply: 256 B  19235 ns/round-trip  (51987 round-trips/s over 20000 calls / 384 ms) [generic path]
  call/reply: 32 B  19835 ns/round-trip  (50413 round-trips/s over 20000 calls / 396 ms) [caller outranks server, D1 donates]
  phase table (44 rows; cyc avg/max, min last and a floor; leaf -= NULL, composite -= NULL + k*(NEST-NULL)):
    NULL             116/24446  min=100  n=260000
    NEST             334/24786  min=310  n=260000
    NEST_LOCK        234/26430  min=210  n=260000
    CALL_TOTAL       17589/1080378  min=16942  n=259999
    CALL_VALIDATE    161/29375  min=140  n=260000
    CALL_LOCKED      16807/1079095  min=16150  n=259999
    CALL_RESOLVE     222/41227  min=190  n=260000
    CALL_PEEK        184/10880  min=150  n=260000
    CALL_PROBE       138/26610  min=120  n=259999
    CALL_POP         167/18695  min=150  n=259999
    CALL_COPY        624/27602  min=531  n=259999
    CALL_MINT        1127/70793  min=1022  n=259999
    CALL_MINT_CAP    272/42600  min=230  n=259999
    CALL_MINT_INFO   444/29105  min=400  n=259999
    CALL_DONATE      178/8987  min=160  n=19999
    CALL_PARK        282/27562  min=260  n=259999
    CALL_WAKE        11791/1074115  min=11312  n=259999
    CALL_RESUME      157/25808  min=140  n=260000
    CALL_SLOW_TOTAL  227439/227439  min=227439  n=1
    CALL_SLOW_LOCKED 220145/220145  min=220145  n=1
    CALL_SLOW_DONATE 0/0  min=0  n=0
    CALL_SLOW_PARK   160913/160913  min=160913  n=1
    RECV_LOCKED      14055/507738  min=13535  n=259999
    RECV_RESOLVE     277/46367  min=250  n=260000
    RECV_SCAN        196/19276  min=171  n=259999
    RECV_PARK        13137/429129  min=12624  n=259999
    REPLY_TOTAL      54811/490766  min=8817  n=13
    REPLY_VALIDATE   5989/15099  min=3437  n=13
    REPLY_LOCKED     2027/198555  min=1873  n=260000
    REPLY_LOOKUP     368/107293  min=320  n=260000
    REPLY_COPY       532/24687  min=460  n=260000
    REPLY_FUNNEL     171/68339  min=140  n=260000
    REPLY_WAKE       378/75653  min=330  n=260000
    REPLY_RECV_TOTAL 17362/691393  min=16712  n=260000
    REPLY_RECV_TAIL  434/41679  min=390  n=259999
    WAKE_UNPARK      138/11541  min=90  n=520012
    PICK_NEXT        101/36299  min=80  n=520064
    SWITCH_TO        21422/397121315  min=10590  n=520013
    SWITCH_BOOK      121/98686  min=90  n=520039
    MPU_APPLY        173/24797  min=130  n=520039
    MPU_COMMIT       0/0  min=0  n=0
    REENT_SEAT       112/11992  min=80  n=520039
    KTIME_REARM      108/26369  min=100  n=520039
    ARCH_SWITCH      20230/397114733  min=9448  n=520013
  ns-probe: rate=0 (nothing converts, so no ns column is printed)
  sat-probe: width=64 fits+1/0 wide+0/1 max=1000

  throughput: 168339 ctx-sw/s  (5940 ns/sw avg over 40000 switches / 237 ms)
  switch-probe: fastpath-swaps=0  (swapped inside the trap, so not in the switch row)
  switch:    160/208/5601 cyc  (p50/p99/max, n=40002)
  lock-hold: 1280/2816/60585 cyc  (p50/p99/max, n=80235)
  lock-site: core=0 site=0xffffff80400191dc max=60585
  irq-probe: line=200 raise=inject on=0 raised=100 hcore=none foreign=0 win=0
  irq:       0/0/0 cyc  (p50/max/max, n=0)
  wcase-probe: line=200 raise=inject on=0 raised=100 hcore=none foreign=0 win=0
  wcase-irq[0B]:    0/0/0 cyc  (p50/max/max, n=0)
  wcase-probe: line=200 raise=inject on=0 raised=100 hcore=none foreign=0 win=0
  wcase-irq[64B]:   0/0/0 cyc  (p50/max/max, n=0)
  wcase-probe: line=200 raise=inject on=0 raised=100 hcore=none foreign=0 win=0
  wcase-irq[256B]:  0/0/0 cyc  (p50/max/max, n=0)
  wcase-probe: line=200 raise=inject on=0 raised=100 hcore=none foreign=0 win=0
  wcase-irq[1024B]: 0/0/0 cyc  (p50/max/max, n=0)
  e2e-settle: settled=2/2
  e2e-probe: line=201 closed=1000 dropped=0 tare=976/1261 ns  (min/avg, n=64)
  e2e-passes: asked=1000 raised=1000
  e2e-local: 8192/20480/247808 ns  (p50/p99/max, n=1000)
  throughput: 167290 ctx-sw/s  (5977 ns/sw avg over 40000 switches / 239 ms)
  switch-probe: fastpath-swaps=0  (swapped inside the trap, so not in the switch row)
  switch:    160/240/10440 cyc  (p50/p99/max, n=40002)
  lock-hold: 2560/3584/37411 cyc  (p50/p99/max, n=80239)
  lock-site: core=0 site=0xffffff8040006f20 max=37411
  irq-probe: line=200 raise=inject on=0 raised=100 hcore=none foreign=0 win=0
  irq:       0/0/0 cyc  (p50/max/max, n=0)
  wcase-probe: line=200 raise=inject on=0 raised=100 hcore=none foreign=0 win=0
  wcase-irq[0B]:    0/0/0 cyc  (p50/max/max, n=0)
  wcase-probe: line=200 raise=inject on=0 raised=100 hcore=none foreign=0 win=0
  wcase-irq[64B]:   0/0/0 cyc  (p50/max/max, n=0)
  wcase-probe: line=200 raise=inject on=0 raised=100 hcore=none foreign=0 win=0
  wcase-irq[256B]:  0/0/0 cyc  (p50/max/max, n=0)
  wcase-probe: line=200 raise=inject on=0 raised=100 hcore=none foreign=0 win=0
  wcase-irq[1024B]: 0/0/0 cyc  (p50/max/max, n=0)
  e2e-settle: settled=2/2
  e2e-probe: line=201 closed=1000 dropped=0 tare=976/1261 ns  (min/avg, n=64)
  e2e-passes: asked=1000 raised=1000
  e2e-local: 8192/11264/43616 ns  (p50/p99/max, n=1000)
  throughput: 166902 ctx-sw/s  (5991 ns/sw avg over 40000 switches / 239 ms)
  switch-probe: fastpath-swaps=0  (swapped inside the trap, so not in the switch row)
  switch:    160/240/4599 cyc  (p50/p99/max, n=40002)
  lock-hold: 2560/3584/61736 cyc  (p50/p99/max, n=80238)
  lock-site: core=0 site=0xffffff80400191dc max=61736
  irq-probe: line=200 raise=inject on=0 raised=100 hcore=none foreign=0 win=0
  irq:       0/0/0 cyc  (p50/max/max, n=0)
  wcase-probe: line=200 raise=inject on=0 raised=100 hcore=none foreign=0 win=0
  wcase-irq[0B]:    0/0/0 cyc  (p50/max/max, n=0)
  wcase-probe: line=200 raise=inject on=0 raised=100 hcore=none foreign=0 win=0
  wcase-irq[64B]:   0/0/0 cyc  (p50/max/max, n=0)
  wcase-probe: line=200 raise=inject on=0 raised=100 hcore=none foreign=0 win=0
  wcase-irq[256B]:  0/0/0 cyc  (p50/max/max, n=0)
  wcase-probe: line=200 raise=inject on=0 raised=100 hcore=none foreign=0 win=0
  wcase-irq[1024B]: 0/0/0 cyc  (p50/max/max, n=0)
  e2e-settle: settled=2/2
  e2e-probe: line=201 closed=1000 dropped=0 tare=976/1261 ns  (min/avg, n=64)
  e2e-passes: asked=1000 raised=1000
  e2e-local: 8192/8192/44656 ns  (p50/p99/max, n=1000)
  xtask ping-pong: 13441 ns/switch  (40000 switches / 537 ms)
  xtask call/reply: 16 B  40913 ns/round-trip  (24441 round-trips/s over 20000 calls / 818 ms)
  spawn/exit: thread 26292 ns  (200 reps / 5 ms)
  spawn/exit: task 110661 ns  (200 reps / 22 ms)
bench: done
POLL_OK=1 POLL_MS=8000
