
  ==============================================
   KickOS 0.5.1  -  microkernel RTOS
  ==============================================
   board   qemu-riscv64
   arch    rv64imac
   cpu     rv64imac_zicsr_zmmul_zaamo_zalrsc_zca
   mpu     off
   sched   tickless
   build   2026-09-29 07:39:58 +0200
   app     Sep 29 2026 07:40:00 +0200
   commit  15947db7-dirty
   heap    64 KiB available
   kstack  4096 B x 17 = 69632 B

microbenchmark: context-switch throughput (all arches) + per-switch cost
+ IRQ-entry latency where a cycle counter exists. Reporter woken by the
workload, not a timer. Telemetry OFF for clean numbers.
cycle counter: 0 Hz (0 = no rate converts a reading; cycles only)

  lock-probe: hold+1 core=0 depth=0  (three nested, one outermost)
  call/reply: 8 B  32304 ns/round-trip  (30955 round-trips/s over 20000 calls / 646 ms)
  call/reply: 16 B  31997 ns/round-trip  (31252 round-trips/s over 20000 calls / 639 ms)
  call/reply: 32 B  31924 ns/round-trip  (31324 round-trips/s over 20000 calls / 638 ms)
  call/reply: 64 B  31920 ns/round-trip  (31327 round-trips/s over 20000 calls / 638 ms)
  call/reply: 128 B  31948 ns/round-trip  (31300 round-trips/s over 20000 calls / 638 ms)
  call/reply: 256 B  21794 ns/round-trip  (45883 round-trips/s over 20000 calls / 435 ms)
  call/reply: 8 B  20962 ns/round-trip  (47704 round-trips/s over 20000 calls / 419 ms) [generic path]
  call/reply: 16 B  21213 ns/round-trip  (47139 round-trips/s over 20000 calls / 424 ms) [generic path]
  call/reply: 32 B  21988 ns/round-trip  (45477 round-trips/s over 20000 calls / 439 ms) [generic path]
  call/reply: 64 B  21162 ns/round-trip  (47252 round-trips/s over 20000 calls / 423 ms) [generic path]
  call/reply: 128 B  21180 ns/round-trip  (47214 round-trips/s over 20000 calls / 423 ms) [generic path]
  call/reply: 256 B  21173 ns/round-trip  (47228 round-trips/s over 20000 calls / 423 ms) [generic path]
  call/reply: 32 B  21276 ns/round-trip  (47001 round-trips/s over 20000 calls / 425 ms) [caller outranks server, D1 donates]
  phase table (44 rows; cyc avg/max, min last and a floor; leaf -= NULL, composite -= NULL + k*(NEST-NULL)):
    NULL             148/18680  min=100  n=260000
    NEST             636/24180  min=480  n=260000
    NEST_LOCK        729/183380  min=540  n=260000
    CALL_TOTAL       47108/2884000  min=37620  n=259999
    CALL_VALIDATE    402/27460  min=300  n=260000
    CALL_LOCKED      45192/2881440  min=36060  n=259999
    CALL_RESOLVE     621/65360  min=440  n=260000
    CALL_PEEK        237/25200  min=180  n=260000
    CALL_PROBE       317/32560  min=240  n=259999
    CALL_POP         492/58560  min=360  n=259999
    CALL_COPY        3343/164280  min=2540  n=259999
    CALL_MINT        3619/223220  min=2840  n=259999
    CALL_MINT_CAP    678/135620  min=520  n=259999
    CALL_MINT_INFO   1902/125660  min=1420  n=259999
    CALL_DONATE      283/13600  min=240  n=19999
    CALL_PARK        693/84440  min=500  n=259999
    CALL_WAKE        30477/2862620  min=24360  n=259999
    CALL_RESUME      277/56020  min=200  n=260000
    CALL_SLOW_TOTAL  371620/371620  min=371620  n=1
    CALL_SLOW_LOCKED 360180/360180  min=360180  n=1
    CALL_SLOW_DONATE 0/0  min=0  n=0
    CALL_SLOW_PARK   267440/267440  min=267440  n=1
    RECV_LOCKED      34824/1473000  min=27800  n=259999
    RECV_RESOLVE     724/111240  min=520  n=260000
    RECV_SCAN        429/52980  min=320  n=259999
    RECV_PARK        32324/1269020  min=25760  n=259999
    REPLY_TOTAL      123044/1093960  min=19200  n=13
    REPLY_VALIDATE   10423/27900  min=4900  n=13
    REPLY_LOCKED     6804/495860  min=5300  n=260000
    REPLY_LOOKUP     731/264900  min=540  n=260000
    REPLY_COPY       3147/80000  min=2380  n=260000
    REPLY_FUNNEL     383/82260  min=280  n=260000
    REPLY_WAKE       953/43680  min=680  n=260000
    REPLY_RECV_TOTAL 45858/1963120  min=36580  n=260000
    REPLY_RECV_TAIL  1337/119660  min=1020  n=259999
    WAKE_UNPARK      304/42180  min=180  n=520012
    PICK_NEXT        447/66760  min=340  n=520064
    SWITCH_TO        55007/1292037040  min=22840  n=520013
    SWITCH_BOOK      255/170140  min=180  n=520039
    MPU_APPLY        444/55520  min=320  n=520039
    MPU_COMMIT       0/0  min=0  n=0
    REENT_SEAT       161/41700  min=100  n=520039
    KTIME_REARM      400/96780  min=260  n=520039
    ARCH_SWITCH      52165/1291883300  min=20500  n=520013
  ns-probe: rate=0 (nothing converts, so no ns column is printed)
  sat-probe: width=64 fits+1/0 wide+0/1 max=1000

  throughput: 167948 ctx-sw/s  (5954 ns/sw avg over 40000 switches / 238 ms)
  switch-probe: fastpath-swaps=0  (swapped inside the trap, so not in the switch row)
  switch:    208/320/2040 cyc  (p50/p99/max, n=40002)
  lock-hold: 3584/4608/99980 cyc  (p50/p99/max, n=80235)
  lock-site: core=0 site=0xffffffff800014a2 max=99980
  irq-probe: line=6 raise=inject on=0 raised=100 hcore=none foreign=0 win=0
  irq:       0/0/0 cyc  (p50/max/max, n=0)
  wcase-probe: line=6 raise=inject on=0 raised=100 hcore=none foreign=0 win=0
  wcase-irq[0B]:    0/0/0 cyc  (p50/max/max, n=0)
  wcase-probe: line=6 raise=inject on=0 raised=100 hcore=none foreign=0 win=0
  wcase-irq[64B]:   0/0/0 cyc  (p50/max/max, n=0)
  wcase-probe: line=6 raise=inject on=0 raised=100 hcore=none foreign=0 win=0
  wcase-irq[256B]:  0/0/0 cyc  (p50/max/max, n=0)
  wcase-probe: line=6 raise=inject on=0 raised=100 hcore=none foreign=0 win=0
  wcase-irq[1024B]: 0/0/0 cyc  (p50/max/max, n=0)
  e2e-settle: settled=2/2
  e2e-probe: line=7 closed=1000 dropped=0 tare=1300/1939 ns  (min/avg, n=64)
  e2e-passes: asked=1000 raised=1000
  e2e-local: 5632/6144/213400 ns  (p50/p99/max, n=1000)
  throughput: 164590 ctx-sw/s  (6075 ns/sw avg over 40000 switches / 243 ms)
  switch-probe: fastpath-swaps=0  (swapped inside the trap, so not in the switch row)
  switch:    240/352/740 cyc  (p50/p99/max, n=40002)
  lock-hold: 3584/6656/99120 cyc  (p50/p99/max, n=80237)
  lock-site: core=0 site=0xffffffff80002ae2 max=99120
  irq-probe: line=6 raise=inject on=0 raised=100 hcore=none foreign=0 win=0
  irq:       0/0/0 cyc  (p50/max/max, n=0)
  wcase-probe: line=6 raise=inject on=0 raised=100 hcore=none foreign=0 win=0
  wcase-irq[0B]:    0/0/0 cyc  (p50/max/max, n=0)
  wcase-probe: line=6 raise=inject on=0 raised=100 hcore=none foreign=0 win=0
  wcase-irq[64B]:   0/0/0 cyc  (p50/max/max, n=0)
  wcase-probe: line=6 raise=inject on=0 raised=100 hcore=none foreign=0 win=0
  wcase-irq[256B]:  0/0/0 cyc  (p50/max/max, n=0)
  wcase-probe: line=6 raise=inject on=0 raised=100 hcore=none foreign=0 win=0
  wcase-irq[1024B]: 0/0/0 cyc  (p50/max/max, n=0)
  e2e-settle: settled=2/2
  e2e-probe: line=7 closed=1000 dropped=0 tare=1300/1939 ns  (min/avg, n=64)
  e2e-passes: asked=1000 raised=1000
  e2e-local: 5632/7680/42100 ns  (p50/p99/max, n=1000)
  throughput: 166298 ctx-sw/s  (6013 ns/sw avg over 40000 switches / 240 ms)
  switch-probe: fastpath-swaps=0  (swapped inside the trap, so not in the switch row)
  switch:    208/320/6500 cyc  (p50/p99/max, n=40002)
  lock-hold: 3840/5632/122540 cyc  (p50/p99/max, n=80238)
  lock-site: core=0 site=0xffffffff80002ae2 max=122540
  irq-probe: line=6 raise=inject on=0 raised=100 hcore=none foreign=0 win=0
  irq:       0/0/0 cyc  (p50/max/max, n=0)
  wcase-probe: line=6 raise=inject on=0 raised=100 hcore=none foreign=0 win=0
  wcase-irq[0B]:    0/0/0 cyc  (p50/max/max, n=0)
  wcase-probe: line=6 raise=inject on=0 raised=100 hcore=none foreign=0 win=0
  wcase-irq[64B]:   0/0/0 cyc  (p50/max/max, n=0)
  wcase-probe: line=6 raise=inject on=0 raised=100 hcore=none foreign=0 win=0
  wcase-irq[256B]:  0/0/0 cyc  (p50/max/max, n=0)
  wcase-probe: line=6 raise=inject on=0 raised=100 hcore=none foreign=0 win=0
  wcase-irq[1024B]: 0/0/0 cyc  (p50/max/max, n=0)
  e2e-settle: settled=2/2
  e2e-probe: line=7 closed=1000 dropped=0 tare=1300/1939 ns  (min/avg, n=64)
  e2e-passes: asked=1000 raised=1000
  e2e-local: 5632/9216/41600 ns  (p50/p99/max, n=1000)
  xtask ping-pong: 12182 ns/switch  (40000 switches / 487 ms)
  xtask call/reply: 16 B  37905 ns/round-trip  (26381 round-trips/s over 20000 calls / 758 ms)
  spawn/exit: thread 53554 ns  (200 reps / 10 ms)
  spawn/exit: task 131930 ns  (200 reps / 26 ms)
bench: done
POLL_OK=1 POLL_MS=9400
