
  ==============================================
   KickOS 0.5.1  -  microkernel RTOS
  ==============================================
   board   qemu-arm64
   arch    armv8a
   cpu     cortex-a53
   mpu     off
   sched   tickless
   build   2026-09-29 07:39:58 +0200
   app     Sep 29 2026 07:39:59 +0200
   commit  15947db7-dirty
   heap    64 KiB available
   kstack  4096 B x 17 = 69632 B

microbenchmark: context-switch throughput (all arches) + per-switch cost
+ IRQ-entry latency where a cycle counter exists. Reporter woken by the
workload, not a timer. Telemetry OFF for clean numbers.
cycle counter: 0 Hz (0 = no rate converts a reading; cycles only)

  lock-probe: hold+1 core=0 depth=0  (three nested, one outermost)
  call/reply: 8 B  28516 ns/round-trip  (35068 round-trips/s over 20000 calls / 570 ms)
  call/reply: 16 B  26312 ns/round-trip  (38004 round-trips/s over 20000 calls / 526 ms)
  call/reply: 32 B  28441 ns/round-trip  (35159 round-trips/s over 20000 calls / 568 ms)
  call/reply: 64 B  28241 ns/round-trip  (35408 round-trips/s over 20000 calls / 564 ms)
  call/reply: 128 B  28262 ns/round-trip  (35382 round-trips/s over 20000 calls / 565 ms)
  call/reply: 256 B  28355 ns/round-trip  (35266 round-trips/s over 20000 calls / 567 ms)
  call/reply: 8 B  28192 ns/round-trip  (35470 round-trips/s over 20000 calls / 563 ms) [generic path]
  call/reply: 16 B  28131 ns/round-trip  (35546 round-trips/s over 20000 calls / 562 ms) [generic path]
  call/reply: 32 B  28320 ns/round-trip  (35310 round-trips/s over 20000 calls / 566 ms) [generic path]
  call/reply: 64 B  28418 ns/round-trip  (35188 round-trips/s over 20000 calls / 568 ms) [generic path]
  call/reply: 128 B  28397 ns/round-trip  (35214 round-trips/s over 20000 calls / 567 ms) [generic path]
  call/reply: 256 B  28928 ns/round-trip  (34567 round-trips/s over 20000 calls / 578 ms) [generic path]
  call/reply: 32 B  29416 ns/round-trip  (33994 round-trips/s over 20000 calls / 588 ms) [caller outranks server, D1 donates]
  phase table (44 rows; cyc avg/max, min last and a floor; leaf -= NULL, composite -= NULL + k*(NEST-NULL)):
    NULL             172/15219  min=100  n=260000
    NEST             493/15720  min=310  n=260000
    NEST_LOCK        347/22352  min=210  n=260000
    CALL_TOTAL       25866/1535154  min=16671  n=259999
    CALL_VALIDATE    235/10530  min=140  n=260000
    CALL_LOCKED      24711/1533431  min=15920  n=259999
    CALL_RESOLVE     334/12784  min=210  n=260000
    CALL_PEEK        272/21871  min=160  n=260000
    CALL_PROBE       205/17052  min=120  n=259999
    CALL_POP         246/28243  min=150  n=259999
    CALL_COPY        911/27321  min=541  n=259999
    CALL_MINT        1648/110538  min=1042  n=259999
    CALL_MINT_CAP    395/66345  min=230  n=259999
    CALL_MINT_INFO   654/30648  min=410  n=259999
    CALL_DONATE      268/13316  min=250  n=19999
    CALL_PARK        411/41749  min=260  n=259999
    CALL_WAKE        17347/1526077  min=11201  n=259999
    CALL_RESUME      231/13646  min=140  n=260000
    CALL_SLOW_TOTAL  279426/279426  min=279426  n=1
    CALL_SLOW_LOCKED 269758/269758  min=269758  n=1
    CALL_SLOW_DONATE 0/0  min=0  n=0
    CALL_SLOW_PARK   204576/204576  min=204576  n=1
    RECV_LOCKED      20635/792264  min=13335  n=259999
    RECV_RESOLVE     427/66666  min=250  n=260000
    RECV_SCAN        288/27262  min=180  n=259999
    RECV_PARK        19268/673179  min=12443  n=259999
    REPLY_TOTAL      67571/599220  min=10289  n=13
    REPLY_VALIDATE   5100/19096  min=2285  n=13
    REPLY_LOCKED     2981/272984  min=1873  n=260000
    REPLY_LOOKUP     534/153470  min=320  n=260000
    REPLY_COPY       791/40236  min=470  n=260000
    REPLY_FUNNEL     277/44374  min=170  n=260000
    REPLY_WAKE       550/18094  min=340  n=260000
    REPLY_RECV_TOTAL 25497/1092059  min=16491  n=260000
    REPLY_RECV_TAIL  643/65073  min=400  n=259999
    WAKE_UNPARK      201/20338  min=120  n=520012
    PICK_NEXT        150/21360  min=80  n=520064
    SWITCH_TO        31492/588845488  min=10480  n=520013
    SWITCH_BOOK      177/98135  min=90  n=520039
    MPU_APPLY        249/32250  min=140  n=520039
    MPU_COMMIT       0/0  min=0  n=0
    REENT_SEAT       166/20068  min=90  n=520039
    KTIME_REARM      162/9518  min=90  n=520039
    ARCH_SWITCH      29749/588838355  min=9308  n=520013
  ns-probe: rate=0 (nothing converts, so no ns column is printed)
  sat-probe: width=64 fits+1/0 wide+0/1 max=1000

  throughput: 113403 ctx-sw/s  (8818 ns/sw avg over 40000 switches / 352 ms)
  switch-probe: fastpath-swaps=0  (swapped inside the trap, so not in the switch row)
  switch:    240/256/8676 cyc  (p50/p99/max, n=40002)
  lock-hold: 1280/4096/32662 cyc  (p50/p99/max, n=80235)
  lock-site: core=0 site=0xffffff8040006f20 max=32662
  irq-probe: line=200 raise=inject on=0 raised=100 hcore=none foreign=0 win=0
  irq:       0/0/0 cyc  (p50/max/max, n=0)
  wcase-probe: line=200 raise=inject on=0 raised=100 hcore=none foreign=0 win=0
  wcase-irq[0B]:    0/0/0 cyc  (p50/max/max, n=0)
  wcase-probe: line=200 raise=inject on=0 raised=100 hcore=none foreign=0 win=0
  wcase-irq[64B]:   0/0/0 cyc  (p50/max/max, n=0)
  wcase-probe: line=200 raise=inject on=0 raised=100 hcore=none foreign=0 win=0
  wcase-irq[256B]:  0/0/0 cyc  (p50/max/max, n=0)
  wcase-probe: line=200 raise=inject on=0 raised=100 hcore=none foreign=0 win=0
  wcase-irq[1024B]: 0/0/0 cyc  (p50/max/max, n=0)
  e2e-settle: settled=2/2
  e2e-probe: line=201 closed=1000 dropped=0 tare=1440/1849 ns  (min/avg, n=64)
  e2e-passes: asked=1000 raised=1000
  e2e-local: 12288/12288/342912 ns  (p50/p99/max, n=1000)
  throughput: 113929 ctx-sw/s  (8777 ns/sw avg over 40000 switches / 351 ms)
  switch-probe: fastpath-swaps=0  (swapped inside the trap, so not in the switch row)
  switch:    240/256/9218 cyc  (p50/p99/max, n=40002)
  lock-hold: 1280/4096/14577 cyc  (p50/p99/max, n=80238)
  lock-site: core=0 site=0xffffff8040006f20 max=14577
  irq-probe: line=200 raise=inject on=0 raised=100 hcore=none foreign=0 win=0
  irq:       0/0/0 cyc  (p50/max/max, n=0)
  wcase-probe: line=200 raise=inject on=0 raised=100 hcore=none foreign=0 win=0
  wcase-irq[0B]:    0/0/0 cyc  (p50/max/max, n=0)
  wcase-probe: line=200 raise=inject on=0 raised=100 hcore=none foreign=0 win=0
  wcase-irq[64B]:   0/0/0 cyc  (p50/max/max, n=0)
  wcase-probe: line=200 raise=inject on=0 raised=100 hcore=none foreign=0 win=0
  wcase-irq[256B]:  0/0/0 cyc  (p50/max/max, n=0)
  wcase-probe: line=200 raise=inject on=0 raised=100 hcore=none foreign=0 win=0
  wcase-irq[1024B]: 0/0/0 cyc  (p50/max/max, n=0)
  e2e-settle: settled=2/2
  e2e-probe: line=201 closed=1000 dropped=0 tare=1440/1849 ns  (min/avg, n=64)
  e2e-passes: asked=1000 raised=1000
  e2e-local: 12288/12288/48368 ns  (p50/p99/max, n=1000)
  throughput: 114326 ctx-sw/s  (8746 ns/sw avg over 40000 switches / 349 ms)
  switch-probe: fastpath-swaps=0  (swapped inside the trap, so not in the switch row)
  switch:    240/256/6883 cyc  (p50/p99/max, n=40002)
  lock-hold: 1280/4096/44484 cyc  (p50/p99/max, n=80238)
  lock-site: core=0 site=0xffffff8040006f20 max=44484
  irq-probe: line=200 raise=inject on=0 raised=100 hcore=none foreign=0 win=0
  irq:       0/0/0 cyc  (p50/max/max, n=0)
  wcase-probe: line=200 raise=inject on=0 raised=100 hcore=none foreign=0 win=0
  wcase-irq[0B]:    0/0/0 cyc  (p50/max/max, n=0)
  wcase-probe: line=200 raise=inject on=0 raised=100 hcore=none foreign=0 win=0
  wcase-irq[64B]:   0/0/0 cyc  (p50/max/max, n=0)
  wcase-probe: line=200 raise=inject on=0 raised=100 hcore=none foreign=0 win=0
  wcase-irq[256B]:  0/0/0 cyc  (p50/max/max, n=0)
  wcase-probe: line=200 raise=inject on=0 raised=100 hcore=none foreign=0 win=0
  wcase-irq[1024B]: 0/0/0 cyc  (p50/max/max, n=0)
  e2e-settle: settled=2/2
  e2e-probe: line=201 closed=1000 dropped=0 tare=1440/1849 ns  (min/avg, n=64)
  e2e-passes: asked=1000 raised=1000
  e2e-local: 12288/12288/42896 ns  (p50/p99/max, n=1000)
  xtask ping-pong: 20187 ns/switch  (40000 switches / 807 ms)
  xtask call/reply: 16 B  60957 ns/round-trip  (16404 round-trips/s over 20000 calls / 1219 ms)
  spawn/exit: thread 39006 ns  (200 reps / 7 ms)
  spawn/exit: task 164380 ns  (200 reps / 32 ms)
bench: done
POLL_OK=1 POLL_MS=11800
