[2J[001;001H[=3h[2J[001;001H[2J[001;001H[8;042;160t[2J[001;001H[2J[001;001H[8;056;240t[2J[001;001HBdsDxe: loading Boot0002 "UEFI QEMU HARDDISK QM00001 " from PciRoot(0x0)/Pci(0x1F,0x2)/Sata(0x0,0xFFFF,0x0)
BdsDxe: starting Boot0002 "UEFI QEMU HARDDISK QM00001 " from PciRoot(0x0)/Pci(0x1F,0x2)/Sata(0x0,0xFFFF,0x0)

KICKOS-X1 8c41d7a2 x86_64/q35 uefi-handover entry
KICKOS-X1 8c41d7a2 x86_64/q35 uefi-handover handover if=1 paging=1 longmode=1 root=1 wp=1 nx=1 nxcap=1
KICKOS-X1 8c41d7a2 x86_64/q35 uefi-handover if_after_cli=0
KICKOS-X1 8c41d7a2 x86_64/q35 uefi-handover firmware=Debian distribution of EDK II
KICKOS-X1 8c41d7a2 x86_64/q35 uefi-handover revision=0x0000000000020046
KICKOS-X1 8c41d7a2 x86_64/q35 uefi-handover map descriptors=109 stride=48 version=1 conventional_pages=117679 arena=0x0000000001800000 arena_pages=107372
KICKOS-X1 8c41d7a2 x86_64/q35 uefi-handover fp found em=0 ts=0 mp=1 osfxsr=1 osxmmexcpt=1 osxsave=0
KICKOS-X1 8c41d7a2 x86_64/q35 uefi-handover fp trapped em=1 ts=1 mp=1 osfxsr=0 osxmmexcpt=0 osxsave=0
KICKOS-X1 8c41d7a2 x86_64/q35 uefi-handover boot services left
KICKOS-X1 8c41d7a2 x86_64/q35 uefi-handover if_after_exit=0
x86_64 app relocation: base=0x0000000000400000 load_delta=0x0000000000000000 app_words=0

  ==============================================
   KickOS 0.5.1  -  microkernel RTOS
  ==============================================
   board   qemu-x86_64
   arch    x86_64
   cpu     x86-64
   mpu     off
   sched   tickless
   build   2026-09-29 00:45:06 +0200
   app     Sep 29 2026 00:45:04 +0200
   commit  8666209d-dirty
   heap    none
   kstack  4096 B x 33 = 135168 B

microbenchmark: context-switch throughput (all arches) + per-switch cost
+ IRQ-entry latency where a cycle counter exists. Reporter woken by the
workload, not a timer. Telemetry OFF for clean numbers.
cycle counter: 1998384764 Hz (0 = no rate converts a reading; cycles only)

  lock-probe: hold+1 core=0 depth=0  (three nested, one outermost)
  call/reply: 8 B  7914 ns/round-trip  (126342 round-trips/s over 20000 calls / 158 ms)
  call/reply: 16 B  7761 ns/round-trip  (128849 round-trips/s over 20000 calls / 155 ms)
  call/reply: 32 B  7705 ns/round-trip  (129777 round-trips/s over 20000 calls / 154 ms)
  call/reply: 64 B  7690 ns/round-trip  (130025 round-trips/s over 20000 calls / 153 ms)
  call/reply: 128 B  7712 ns/round-trip  (129660 round-trips/s over 20000 calls / 154 ms)
  call/reply: 256 B  7869 ns/round-trip  (127065 round-trips/s over 20000 calls / 157 ms)
  call/reply: 8 B  7634 ns/round-trip  (130984 round-trips/s over 20000 calls / 152 ms) [generic path]
  call/reply: 16 B  7617 ns/round-trip  (131280 round-trips/s over 20000 calls / 152 ms) [generic path]
  call/reply: 32 B  7566 ns/round-trip  (132161 round-trips/s over 20000 calls / 151 ms) [generic path]
  call/reply: 64 B  7564 ns/round-trip  (132187 round-trips/s over 20000 calls / 151 ms) [generic path]
  call/reply: 128 B  7560 ns/round-trip  (132274 round-trips/s over 20000 calls / 151 ms) [generic path]
  call/reply: 256 B  7800 ns/round-trip  (128192 round-trips/s over 20000 calls / 156 ms) [generic path]
  call/reply: 32 B  7887 ns/round-trip  (126775 round-trips/s over 20000 calls / 157 ms) [caller outranks server, D1 donates]
  phase table (44 rows; cyc avg/max, min last and a floor; leaf -= NULL, composite -= NULL + k*(NEST-NULL)):
    NULL             15/10940  min=1  n=260000
    NEST             84/25540  min=60  n=260000
    NEST_LOCK        51/39980  min=40  n=260000
    CALL_TOTAL       14344/2304760  min=13640  n=259999
    CALL_VALIDATE    178/20020  min=140  n=260000
    CALL_LOCKED      13836/2206460  min=13160  n=259999
    CALL_RESOLVE     211/15720  min=180  n=260000
    CALL_PEEK        47/62180  min=20  n=260000
    CALL_PROBE       81/28300  min=60  n=259999
    CALL_POP         120/37340  min=100  n=259999
    CALL_COPY        1410/58020  min=1280  n=259999
    CALL_MINT        1320/189260  min=1220  n=259999
    CALL_MINT_CAP    367/99420  min=319  n=259999
    CALL_MINT_INFO   813/50500  min=740  n=259999
    CALL_DONATE      113/19000  min=80  n=19999
    CALL_PARK        238/73960  min=200  n=259999
    CALL_WAKE        9439/2149640  min=9000  n=259999
    CALL_RESUME      150/37800  min=120  n=260000
    CALL_SLOW_TOTAL  402740/402740  min=402740  n=1
    CALL_SLOW_LOCKED 386640/386640  min=386640  n=1
    CALL_SLOW_DONATE 0/0  min=0  n=0
    CALL_SLOW_PARK   300520/300520  min=300520  n=1
    RECV_LOCKED      9714/1333140  min=9220  n=259999
    RECV_RESOLVE     239/91100  min=200  n=260000
    RECV_SCAN        142/41420  min=100  n=259999
    RECV_PARK        9096/1153980  min=8620  n=259999
    REPLY_TOTAL      62643/502080  min=5060  n=13
    REPLY_VALIDATE   6876/34220  min=1040  n=13
    REPLY_LOCKED     2421/432260  min=2240  n=260000
    REPLY_LOOKUP     318/219840  min=280  n=260000
    REPLY_COPY       1412/38960  min=1280  n=260000
    REPLY_FUNNEL     195/65780  min=160  n=260000
    REPLY_WAKE       216/31160  min=200  n=260000
    REPLY_RECV_TOTAL 13963/1720040  min=13240  n=260000
    REPLY_RECV_TAIL  421/616700  min=380  n=259999
    WAKE_UNPARK      61/27300  min=40  n=520012
    PICK_NEXT        44/14600  min=20  n=520064
    SWITCH_TO        16554/317828100  min=8160  n=520013
    SWITCH_BOOK      65/119759  min=40  n=520039
    MPU_APPLY        110/63520  min=80  n=520039
    MPU_COMMIT       0/0  min=0  n=0
    REENT_SEAT       0/0  min=0  n=0
    KTIME_REARM      60/10160  min=40  n=520039
    ARCH_SWITCH      16024/317739680  min=7620  n=520013
  ns-probe: cyc=4294967295 ns=2149219395 capped=0
  sat-probe: width=64 fits+1/0 wide+0/1 max=1000

  throughput: 527683 ctx-sw/s  (1895 ns/sw avg over 40000 switches / 75 ms)
  switch-probe: fastpath-swaps=0  (swapped inside the trap, so not in the switch row)
  switch:    60/80/460 cyc  30/40/230 ns  (p50/p99/max, n=40002)
  lock-hold: 1024/2304/61320 cyc  512/1152/30684 ns  (p50/p99/max, n=80245)
  lock-site: core=0 site=0x409dac max=61320
  irq-probe: line=6 raise=inject on=0 raised=100 hcore=none foreign=0 win=0
  irq:       0/0/0 cyc  0/0/0 ns  (p50/max/max, n=0)
  wcase-probe: line=6 raise=inject on=0 raised=100 hcore=none foreign=0 win=0
  wcase-irq[0B]:    0/0/0 cyc  0/0/0 ns  (p50/max/max, n=0)
  wcase-probe: line=6 raise=inject on=0 raised=100 hcore=none foreign=0 win=0
  wcase-irq[64B]:   0/0/0 cyc  0/0/0 ns  (p50/max/max, n=0)
  wcase-probe: line=6 raise=inject on=0 raised=100 hcore=none foreign=0 win=0
  wcase-irq[256B]:  0/0/0 cyc  0/0/0 ns  (p50/max/max, n=0)
  wcase-probe: line=6 raise=inject on=0 raised=100 hcore=none foreign=0 win=0
  wcase-irq[1024B]: 0/0/0 cyc  0/0/0 ns  (p50/max/max, n=0)
  e2e-settle: settled=2/2
  e2e-probe: line=7 closed=1000 dropped=0 tare=370/810 ns  (min/avg, n=64)
  e2e-passes: asked=1000 raised=1000
  e2e-local: 3840/4096/633552 ns  (p50/p99/max, n=1000)
  throughput: 533217 ctx-sw/s  (1875 ns/sw avg over 40000 switches / 75 ms)
  switch-probe: fastpath-swaps=0  (swapped inside the trap, so not in the switch row)
  switch:    60/80/2320 cyc  30/40/1160 ns  (p50/p99/max, n=40002)
  lock-hold: 896/1792/52640 cyc  448/896/26341 ns  (p50/p99/max, n=80250)
  lock-site: core=0 site=0x409dac max=52640
  irq-probe: line=6 raise=inject on=0 raised=100 hcore=none foreign=0 win=0
  irq:       0/0/0 cyc  0/0/0 ns  (p50/max/max, n=0)
  wcase-probe: line=6 raise=inject on=0 raised=100 hcore=none foreign=0 win=0
  wcase-irq[0B]:    0/0/0 cyc  0/0/0 ns  (p50/max/max, n=0)
  wcase-probe: line=6 raise=inject on=0 raised=100 hcore=none foreign=0 win=0
  wcase-irq[64B]:   0/0/0 cyc  0/0/0 ns  (p50/max/max, n=0)
  wcase-probe: line=6 raise=inject on=0 raised=100 hcore=none foreign=0 win=0
  wcase-irq[256B]:  0/0/0 cyc  0/0/0 ns  (p50/max/max, n=0)
  wcase-probe: line=6 raise=inject on=0 raised=100 hcore=none foreign=0 win=0
  wcase-irq[1024B]: 0/0/0 cyc  0/0/0 ns  (p50/max/max, n=0)
  e2e-settle: settled=2/2
  e2e-probe: line=7 closed=1000 dropped=0 tare=370/810 ns  (min/avg, n=64)
  e2e-passes: asked=1000 raised=1000
  e2e-local: 3840/5120/68866 ns  (p50/p99/max, n=1000)
  throughput: 521867 ctx-sw/s  (1916 ns/sw avg over 40000 switches / 76 ms)
  switch-probe: fastpath-swaps=0  (swapped inside the trap, so not in the switch row)
  switch:    60/80/200 cyc  30/40/100 ns  (p50/p99/max, n=40002)
  lock-hold: 960/1792/17480 cyc  480/896/8747 ns  (p50/p99/max, n=80248)
  lock-site: core=0 site=0x416918 max=17480
  irq-probe: line=6 raise=inject on=0 raised=100 hcore=none foreign=0 win=0
  irq:       0/0/0 cyc  0/0/0 ns  (p50/max/max, n=0)
  wcase-probe: line=6 raise=inject on=0 raised=100 hcore=none foreign=0 win=0
  wcase-irq[0B]:    0/0/0 cyc  0/0/0 ns  (p50/max/max, n=0)
  wcase-probe: line=6 raise=inject on=0 raised=100 hcore=none foreign=0 win=0
  wcase-irq[64B]:   0/0/0 cyc  0/0/0 ns  (p50/max/max, n=0)
  wcase-probe: line=6 raise=inject on=0 raised=100 hcore=none foreign=0 win=0
  wcase-irq[256B]:  0/0/0 cyc  0/0/0 ns  (p50/max/max, n=0)
  wcase-probe: line=6 raise=inject on=0 raised=100 hcore=none foreign=0 win=0
  wcase-irq[1024B]: 0/0/0 cyc  0/0/0 ns  (p50/max/max, n=0)
  e2e-settle: settled=2/2
  e2e-probe: line=7 closed=1000 dropped=0 tare=370/810 ns  (min/avg, n=64)
  e2e-passes: asked=1000 raised=1000
  e2e-local: 4096/4608/16283 ns  (p50/p99/max, n=1000)
  xtask ping-pong: 7394 ns/switch  (40000 switches / 295 ms)
  xtask call/reply: 16 B  23830 ns/round-trip  (41963 round-trips/s over 20000 calls / 476 ms)
  spawn/exit: thread 37897 ns  (200 reps / 7 ms)
  spawn/exit: task 80529 ns  (200 reps / 16 ms)
bench: done

KICKOS-EXIT status 0
POLL_OK=1 POLL_MS=4400
