[2J[001;001H[=3h[2J[001;001H[2J[001;001H[8;042;160t[2J[001;001H[2J[001;001H[8;056;240t[2J[001;001HBdsDxe: loading Boot0002 "UEFI QEMU HARDDISK QM00001 " from PciRoot(0x0)/Pci(0x1F,0x2)/Sata(0x0,0xFFFF,0x0)
BdsDxe: starting Boot0002 "UEFI QEMU HARDDISK QM00001 " from PciRoot(0x0)/Pci(0x1F,0x2)/Sata(0x0,0xFFFF,0x0)

KICKOS-X1 8c41d7a2 x86_64/q35 uefi-handover entry
KICKOS-X1 8c41d7a2 x86_64/q35 uefi-handover handover if=1 paging=1 longmode=1 root=1 wp=1 nx=1 nxcap=1
KICKOS-X1 8c41d7a2 x86_64/q35 uefi-handover if_after_cli=0
KICKOS-X1 8c41d7a2 x86_64/q35 uefi-handover firmware=Debian distribution of EDK II
KICKOS-X1 8c41d7a2 x86_64/q35 uefi-handover revision=0x0000000000020046
KICKOS-X1 8c41d7a2 x86_64/q35 uefi-handover map descriptors=109 stride=48 version=1 conventional_pages=117679 arena=0x0000000001800000 arena_pages=107372
KICKOS-X1 8c41d7a2 x86_64/q35 uefi-handover fp found em=0 ts=0 mp=1 osfxsr=1 osxmmexcpt=1 osxsave=0
KICKOS-X1 8c41d7a2 x86_64/q35 uefi-handover fp trapped em=1 ts=1 mp=1 osfxsr=0 osxmmexcpt=0 osxsave=0
KICKOS-X1 8c41d7a2 x86_64/q35 uefi-handover boot services left
KICKOS-X1 8c41d7a2 x86_64/q35 uefi-handover if_after_exit=0
x86_64 app relocation: base=0x0000000000400000 load_delta=0x0000000000000000 app_words=0

  ==============================================
   KickOS 0.5.1  -  microkernel RTOS
  ==============================================
   board   qemu-x86_64
   arch    x86_64
   cpu     x86-64
   mpu     off
   sched   tickless
   build   2026-09-29 00:45:06 +0200
   app     Sep 29 2026 00:45:04 +0200
   commit  8666209d-dirty
   heap    none
   kstack  4096 B x 33 = 135168 B

microbenchmark: context-switch throughput (all arches) + per-switch cost
+ IRQ-entry latency where a cycle counter exists. Reporter woken by the
workload, not a timer. Telemetry OFF for clean numbers.
cycle counter: 1999676980 Hz (0 = no rate converts a reading; cycles only)

  lock-probe: hold+1 core=0 depth=0  (three nested, one outermost)
  call/reply: 8 B  11875 ns/round-trip  (84203 round-trips/s over 20000 calls / 237 ms)
  call/reply: 16 B  11641 ns/round-trip  (85899 round-trips/s over 20000 calls / 232 ms)
  call/reply: 32 B  11676 ns/round-trip  (85645 round-trips/s over 20000 calls / 233 ms)
  call/reply: 64 B  11706 ns/round-trip  (85420 round-trips/s over 20000 calls / 234 ms)
  call/reply: 128 B  11764 ns/round-trip  (85004 round-trips/s over 20000 calls / 235 ms)
  call/reply: 256 B  11931 ns/round-trip  (83815 round-trips/s over 20000 calls / 238 ms)
  call/reply: 8 B  11764 ns/round-trip  (84999 round-trips/s over 20000 calls / 235 ms) [generic path]
  call/reply: 16 B  11688 ns/round-trip  (85554 round-trips/s over 20000 calls / 233 ms) [generic path]
  call/reply: 32 B  11708 ns/round-trip  (85410 round-trips/s over 20000 calls / 234 ms) [generic path]
  call/reply: 64 B  11730 ns/round-trip  (85244 round-trips/s over 20000 calls / 234 ms) [generic path]
  call/reply: 128 B  11747 ns/round-trip  (85127 round-trips/s over 20000 calls / 234 ms) [generic path]
  call/reply: 256 B  11836 ns/round-trip  (84482 round-trips/s over 20000 calls / 236 ms) [generic path]
  call/reply: 32 B  11997 ns/round-trip  (83349 round-trips/s over 20000 calls / 239 ms) [caller outranks server, D1 donates]
  phase table (44 rows; cyc avg/max, min last and a floor; leaf -= NULL, composite -= NULL + k*(NEST-NULL)):
    NULL             23/15160  min=20  n=260000
    NEST             125/37940  min=100  n=260000
    NEST_LOCK        69/60400  min=60  n=260000
    CALL_TOTAL       21916/3209000  min=21160  n=259999
    CALL_VALIDATE    253/21120  min=220  n=260000
    CALL_LOCKED      21148/3208080  min=20440  n=259999
    CALL_RESOLVE     322/26100  min=280  n=260000
    CALL_PEEK        74/33560  min=40  n=260000
    CALL_PROBE       120/42260  min=100  n=259999
    CALL_POP         183/56500  min=140  n=259999
    CALL_COPY        2153/85900  min=1980  n=259999
    CALL_MINT        2075/283400  min=1920  n=259999
    CALL_MINT_CAP    596/144560  min=500  n=259999
    CALL_MINT_INFO   1258/79340  min=1160  n=259999
    CALL_DONATE      170/32060  min=140  n=19999
    CALL_PARK        352/165640  min=320  n=259999
    CALL_WAKE        14391/3200820  min=13840  n=259999
    CALL_RESUME      223/20260  min=180  n=260000
    CALL_SLOW_TOTAL  573700/573700  min=573700  n=1
    CALL_SLOW_LOCKED 549680/549680  min=549680  n=1
    CALL_SLOW_DONATE 0/0  min=0  n=0
    CALL_SLOW_PARK   423760/423760  min=423760  n=1
    RECV_LOCKED      14867/1953080  min=14340  n=259999
    RECV_RESOLVE     372/135280  min=320  n=260000
    RECV_SCAN        205/60260  min=160  n=259999
    RECV_PARK        13901/1690800  min=13420  n=259999
    REPLY_TOTAL      72853/505880  min=12060  n=13
    REPLY_VALIDATE   7283/43300  min=1820  n=13
    REPLY_LOCKED     3732/596120  min=3500  n=260000
    REPLY_LOOKUP     526/296740  min=440  n=260000
    REPLY_COPY       2160/50100  min=2000  n=260000
    REPLY_FUNNEL     291/94980  min=240  n=260000
    REPLY_WAKE       331/44600  min=300  n=260000
    REPLY_RECV_TOTAL 21349/2512700  min=20640  n=260000
    REPLY_RECV_TAIL  643/145280  min=580  n=259999
    WAKE_UNPARK      93/39280  min=60  n=520012
    PICK_NEXT        67/22580  min=40  n=520064
    SWITCH_TO        25271/480323080  min=12740  n=520013
    SWITCH_BOOK      97/53740  min=80  n=520039
    MPU_APPLY        163/23600  min=140  n=520039
    MPU_COMMIT       0/0  min=0  n=0
    REENT_SEAT       0/0  min=0  n=0
    KTIME_REARM      90/18100  min=60  n=520039
    ARCH_SWITCH      24476/480320480  min=11900  n=520013
  ns-probe: cyc=4294967295 ns=2147830543 capped=0
  sat-probe: width=64 fits+1/0 wide+0/1 max=1000

  throughput: 346412 ctx-sw/s  (2886 ns/sw avg over 40000 switches / 115 ms)
  switch-probe: fastpath-swaps=0  (swapped inside the trap, so not in the switch row)
  switch:    96/96/11400 cyc  48/48/5700 ns  (p50/p99/max, n=40002)
  lock-hold: 1024/2560/53780 cyc  512/1280/26894 ns  (p50/p99/max, n=80249)
  lock-site: core=0 site=0x409dac max=53780
  irq-probe: line=6 raise=inject on=0 raised=100 hcore=none foreign=0 win=0
  irq:       0/0/0 cyc  0/0/0 ns  (p50/max/max, n=0)
  wcase-probe: line=6 raise=inject on=0 raised=100 hcore=none foreign=0 win=0
  wcase-irq[0B]:    0/0/0 cyc  0/0/0 ns  (p50/max/max, n=0)
  wcase-probe: line=6 raise=inject on=0 raised=100 hcore=none foreign=0 win=0
  wcase-irq[64B]:   0/0/0 cyc  0/0/0 ns  (p50/max/max, n=0)
  wcase-probe: line=6 raise=inject on=0 raised=100 hcore=none foreign=0 win=0
  wcase-irq[256B]:  0/0/0 cyc  0/0/0 ns  (p50/max/max, n=0)
  wcase-probe: line=6 raise=inject on=0 raised=100 hcore=none foreign=0 win=0
  wcase-irq[1024B]: 0/0/0 cyc  0/0/0 ns  (p50/max/max, n=0)
  e2e-settle: settled=2/2
  e2e-probe: line=7 closed=1000 dropped=0 tare=430/844 ns  (min/avg, n=64)
  e2e-passes: asked=1000 raised=1000
  e2e-local: 5632/6144/851597 ns  (p50/p99/max, n=1000)
  throughput: 343114 ctx-sw/s  (2914 ns/sw avg over 40000 switches / 116 ms)
  switch-probe: fastpath-swaps=0  (swapped inside the trap, so not in the switch row)
  switch:    96/96/420 cyc  48/48/210 ns  (p50/p99/max, n=40002)
  lock-hold: 1024/2816/44140 cyc  512/1408/22073 ns  (p50/p99/max, n=80249)
  lock-site: core=0 site=0x416918 max=44140
  irq-probe: line=6 raise=inject on=0 raised=100 hcore=none foreign=0 win=0
  irq:       0/0/0 cyc  0/0/0 ns  (p50/max/max, n=0)
  wcase-probe: line=6 raise=inject on=0 raised=100 hcore=none foreign=0 win=0
  wcase-irq[0B]:    0/0/0 cyc  0/0/0 ns  (p50/max/max, n=0)
  wcase-probe: line=6 raise=inject on=0 raised=100 hcore=none foreign=0 win=0
  wcase-irq[64B]:   0/0/0 cyc  0/0/0 ns  (p50/max/max, n=0)
  wcase-probe: line=6 raise=inject on=0 raised=100 hcore=none foreign=0 win=0
  wcase-irq[256B]:  0/0/0 cyc  0/0/0 ns  (p50/max/max, n=0)
  wcase-probe: line=6 raise=inject on=0 raised=100 hcore=none foreign=0 win=0
  wcase-irq[1024B]: 0/0/0 cyc  0/0/0 ns  (p50/max/max, n=0)
  e2e-settle: settled=2/2
  e2e-probe: line=7 closed=1000 dropped=0 tare=430/844 ns  (min/avg, n=64)
  e2e-passes: asked=1000 raised=1000
  e2e-local: 5632/6144/48328 ns  (p50/p99/max, n=1000)
  throughput: 348598 ctx-sw/s  (2868 ns/sw avg over 40000 switches / 114 ms)
  switch-probe: fastpath-swaps=0  (swapped inside the trap, so not in the switch row)
  switch:    96/96/11600 cyc  48/48/5800 ns  (p50/p99/max, n=40002)
  lock-hold: 1024/2560/20540 cyc  512/1280/10271 ns  (p50/p99/max, n=80252)
  lock-site: core=0 site=0x416918 max=20540
  irq-probe: line=6 raise=inject on=0 raised=100 hcore=none foreign=0 win=0
  irq:       0/0/0 cyc  0/0/0 ns  (p50/max/max, n=0)
  wcase-probe: line=6 raise=inject on=0 raised=100 hcore=none foreign=0 win=0
  wcase-irq[0B]:    0/0/0 cyc  0/0/0 ns  (p50/max/max, n=0)
  wcase-probe: line=6 raise=inject on=0 raised=100 hcore=none foreign=0 win=0
  wcase-irq[64B]:   0/0/0 cyc  0/0/0 ns  (p50/max/max, n=0)
  wcase-probe: line=6 raise=inject on=0 raised=100 hcore=none foreign=0 win=0
  wcase-irq[256B]:  0/0/0 cyc  0/0/0 ns  (p50/max/max, n=0)
  wcase-probe: line=6 raise=inject on=0 raised=100 hcore=none foreign=0 win=0
  wcase-irq[1024B]: 0/0/0 cyc  0/0/0 ns  (p50/max/max, n=0)
  e2e-settle: settled=2/2
  e2e-probe: line=7 closed=1000 dropped=0 tare=430/844 ns  (min/avg, n=64)
  e2e-passes: asked=1000 raised=1000
  e2e-local: 5632/6144/24894 ns  (p50/p99/max, n=1000)
  xtask ping-pong: 11151 ns/switch  (40000 switches / 446 ms)
  xtask call/reply: 16 B  33441 ns/round-trip  (29903 round-trips/s over 20000 calls / 668 ms)
  spawn/exit: thread 41003 ns  (200 reps / 8 ms)
  spawn/exit: task 85962 ns  (200 reps / 17 ms)
bench: done

KICKOS-EXIT status 0
POLL_OK=1 POLL_MS=6600
