[2J[001;001H[=3h[2J[001;001H[2J[001;001H[8;042;160t[2J[001;001H[2J[001;001H[8;056;240t[2J[001;001HBdsDxe: loading Boot0002 "UEFI QEMU HARDDISK QM00001 " from PciRoot(0x0)/Pci(0x1F,0x2)/Sata(0x0,0xFFFF,0x0)
BdsDxe: starting Boot0002 "UEFI QEMU HARDDISK QM00001 " from PciRoot(0x0)/Pci(0x1F,0x2)/Sata(0x0,0xFFFF,0x0)

KICKOS-X1 8c41d7a2 x86_64/q35 uefi-handover entry
KICKOS-X1 8c41d7a2 x86_64/q35 uefi-handover handover if=1 paging=1 longmode=1 root=1 wp=1 nx=1 nxcap=1
KICKOS-X1 8c41d7a2 x86_64/q35 uefi-handover if_after_cli=0
KICKOS-X1 8c41d7a2 x86_64/q35 uefi-handover firmware=Debian distribution of EDK II
KICKOS-X1 8c41d7a2 x86_64/q35 uefi-handover revision=0x0000000000020046
KICKOS-X1 8c41d7a2 x86_64/q35 uefi-handover map descriptors=109 stride=48 version=1 conventional_pages=117679 arena=0x0000000001800000 arena_pages=107372
KICKOS-X1 8c41d7a2 x86_64/q35 uefi-handover fp found em=0 ts=0 mp=1 osfxsr=1 osxmmexcpt=1 osxsave=0
KICKOS-X1 8c41d7a2 x86_64/q35 uefi-handover fp trapped em=1 ts=1 mp=1 osfxsr=0 osxmmexcpt=0 osxsave=0
KICKOS-X1 8c41d7a2 x86_64/q35 uefi-handover boot services left
KICKOS-X1 8c41d7a2 x86_64/q35 uefi-handover if_after_exit=0
x86_64 app relocation: base=0x0000000000400000 load_delta=0x0000000000000000 app_words=0

  ==============================================
   KickOS 0.5.1  -  microkernel RTOS
  ==============================================
   board   qemu-x86_64
   arch    x86_64
   cpu     x86-64
   mpu     off
   sched   tickless
   build   2026-09-29 00:45:06 +0200
   app     Sep 29 2026 00:45:04 +0200
   commit  8666209d-dirty
   heap    none
   kstack  4096 B x 33 = 135168 B

microbenchmark: context-switch throughput (all arches) + per-switch cost
+ IRQ-entry latency where a cycle counter exists. Reporter woken by the
workload, not a timer. Telemetry OFF for clean numbers.
cycle counter: 2000015247 Hz (0 = no rate converts a reading; cycles only)

  lock-probe: hold+1 core=0 depth=0  (three nested, one outermost)
  call/reply: 8 B  11726 ns/round-trip  (85273 round-trips/s over 20000 calls / 234 ms)
  call/reply: 16 B  11600 ns/round-trip  (86206 round-trips/s over 20000 calls / 232 ms)
  call/reply: 32 B  11607 ns/round-trip  (86149 round-trips/s over 20000 calls / 232 ms)
  call/reply: 64 B  11639 ns/round-trip  (85912 round-trips/s over 20000 calls / 232 ms)
  call/reply: 128 B  11651 ns/round-trip  (85825 round-trips/s over 20000 calls / 233 ms)
  call/reply: 256 B  11759 ns/round-trip  (85038 round-trips/s over 20000 calls / 235 ms)
  call/reply: 8 B  11650 ns/round-trip  (85835 round-trips/s over 20000 calls / 233 ms) [generic path]
  call/reply: 16 B  11528 ns/round-trip  (86738 round-trips/s over 20000 calls / 230 ms) [generic path]
  call/reply: 32 B  11624 ns/round-trip  (86024 round-trips/s over 20000 calls / 232 ms) [generic path]
  call/reply: 64 B  11690 ns/round-trip  (85542 round-trips/s over 20000 calls / 233 ms) [generic path]
  call/reply: 128 B  11746 ns/round-trip  (85131 round-trips/s over 20000 calls / 234 ms) [generic path]
  call/reply: 256 B  11847 ns/round-trip  (84404 round-trips/s over 20000 calls / 236 ms) [generic path]
  call/reply: 32 B  12004 ns/round-trip  (83303 round-trips/s over 20000 calls / 240 ms) [caller outranks server, D1 donates]
  phase table (44 rows; cyc avg/max, min last and a floor; leaf -= NULL, composite -= NULL + k*(NEST-NULL)):
    NULL             23/11780  min=20  n=260000
    NEST             128/38500  min=100  n=260000
    NEST_LOCK        99/60900  min=80  n=260000
    CALL_TOTAL       21790/3089960  min=21020  n=259999
    CALL_VALIDATE    259/21040  min=220  n=260000
    CALL_LOCKED      21034/3087800  min=20280  n=259999
    CALL_RESOLVE     324/26180  min=280  n=260000
    CALL_PEEK        69/32200  min=40  n=260000
    CALL_PROBE       122/41060  min=100  n=259999
    CALL_POP         183/55700  min=140  n=259999
    CALL_COPY        2114/86100  min=1960  n=259999
    CALL_MINT        1973/280620  min=1840  n=259999
    CALL_MINT_CAP    558/146160  min=480  n=259999
    CALL_MINT_INFO   1208/76680  min=1140  n=259999
    CALL_DONATE      171/28660  min=140  n=19999
    CALL_PARK        355/94340  min=320  n=259999
    CALL_WAKE        14407/3080400  min=13840  n=259999
    CALL_RESUME      224/20260  min=180  n=260000
    CALL_SLOW_TOTAL  635680/635680  min=635680  n=1
    CALL_SLOW_LOCKED 610800/610800  min=610800  n=1
    CALL_SLOW_DONATE 0/0  min=0  n=0
    CALL_SLOW_PARK   469880/469880  min=469880  n=1
    RECV_LOCKED      14819/1870780  min=14240  n=259999
    RECV_RESOLVE     380/132600  min=320  n=260000
    RECV_SCAN        209/58560  min=160  n=259999
    RECV_PARK        13876/1612620  min=13280  n=259999
    REPLY_TOTAL      105353/875860  min=11500  n=13
    REPLY_VALIDATE   11818/38900  min=3400  n=13
    REPLY_LOCKED     3616/595100  min=3400  n=260000
    REPLY_LOOKUP     467/295860  min=420  n=260000
    REPLY_COPY       2125/207740  min=1980  n=260000
    REPLY_FUNNEL     282/95160  min=240  n=260000
    REPLY_WAKE       328/44560  min=300  n=260000
    REPLY_RECV_TOTAL 21192/2434480  min=20420  n=260000
    REPLY_RECV_TAIL  647/183480  min=600  n=259999
    WAKE_UNPARK      94/39360  min=60  n=520012
    PICK_NEXT        69/22900  min=40  n=520064
    SWITCH_TO        25190/480940900  min=12580  n=520013
    SWITCH_BOOK      101/200720  min=80  n=520039
    MPU_APPLY        217/24660  min=160  n=520039
    MPU_COMMIT       0/0  min=0  n=0
    REENT_SEAT       0/0  min=0  n=0
    KTIME_REARM      91/16100  min=60  n=520039
    ARCH_SWITCH      24352/480936440  min=11740  n=520013
  ns-probe: cyc=4294967295 ns=2147467276 capped=0
  sat-probe: width=64 fits+1/0 wide+0/1 max=1000

  throughput: 343064 ctx-sw/s  (2914 ns/sw avg over 40000 switches / 116 ms)
  switch-probe: fastpath-swaps=0  (swapped inside the trap, so not in the switch row)
  switch:    80/96/140 cyc  39/47/69 ns  (p50/p99/max, n=40002)
  lock-hold: 1024/2816/24780 cyc  511/1407/12389 ns  (p50/p99/max, n=80245)
  lock-site: core=0 site=0x409dac max=24780
  irq-probe: line=6 raise=inject on=0 raised=100 hcore=none foreign=0 win=0
  irq:       0/0/0 cyc  0/0/0 ns  (p50/max/max, n=0)
  wcase-probe: line=6 raise=inject on=0 raised=100 hcore=none foreign=0 win=0
  wcase-irq[0B]:    0/0/0 cyc  0/0/0 ns  (p50/max/max, n=0)
  wcase-probe: line=6 raise=inject on=0 raised=100 hcore=none foreign=0 win=0
  wcase-irq[64B]:   0/0/0 cyc  0/0/0 ns  (p50/max/max, n=0)
  wcase-probe: line=6 raise=inject on=0 raised=100 hcore=none foreign=0 win=0
  wcase-irq[256B]:  0/0/0 cyc  0/0/0 ns  (p50/max/max, n=0)
  wcase-probe: line=6 raise=inject on=0 raised=100 hcore=none foreign=0 win=0
  wcase-irq[1024B]: 0/0/0 cyc  0/0/0 ns  (p50/max/max, n=0)
  e2e-settle: settled=2/2
  e2e-probe: line=7 closed=1000 dropped=0 tare=420/830 ns  (min/avg, n=64)
  e2e-passes: asked=1000 raised=1000
  e2e-local: 5632/6144/842743 ns  (p50/p99/max, n=1000)
  throughput: 342888 ctx-sw/s  (2916 ns/sw avg over 40000 switches / 116 ms)
  switch-probe: fastpath-swaps=0  (swapped inside the trap, so not in the switch row)
  switch:    80/96/12120 cyc  39/47/6059 ns  (p50/p99/max, n=40002)
  lock-hold: 1280/2816/55820 cyc  639/1407/27909 ns  (p50/p99/max, n=80252)
  lock-site: core=0 site=0x416918 max=55820
  irq-probe: line=6 raise=inject on=0 raised=100 hcore=none foreign=0 win=0
  irq:       0/0/0 cyc  0/0/0 ns  (p50/max/max, n=0)
  wcase-probe: line=6 raise=inject on=0 raised=100 hcore=none foreign=0 win=0
  wcase-irq[0B]:    0/0/0 cyc  0/0/0 ns  (p50/max/max, n=0)
  wcase-probe: line=6 raise=inject on=0 raised=100 hcore=none foreign=0 win=0
  wcase-irq[64B]:   0/0/0 cyc  0/0/0 ns  (p50/max/max, n=0)
  wcase-probe: line=6 raise=inject on=0 raised=100 hcore=none foreign=0 win=0
  wcase-irq[256B]:  0/0/0 cyc  0/0/0 ns  (p50/max/max, n=0)
  wcase-probe: line=6 raise=inject on=0 raised=100 hcore=none foreign=0 win=0
  wcase-irq[1024B]: 0/0/0 cyc  0/0/0 ns  (p50/max/max, n=0)
  e2e-settle: settled=2/2
  e2e-probe: line=7 closed=1000 dropped=0 tare=420/830 ns  (min/avg, n=64)
  e2e-passes: asked=1000 raised=1000
  e2e-local: 5632/6144/72880 ns  (p50/p99/max, n=1000)
  throughput: 362072 ctx-sw/s  (2761 ns/sw avg over 40000 switches / 110 ms)
  switch-probe: fastpath-swaps=0  (swapped inside the trap, so not in the switch row)
  switch:    80/96/77520 cyc  39/47/38759 ns  (p50/p99/max, n=40002)
  lock-hold: 1664/2816/154160 cyc  831/1407/77079 ns  (p50/p99/max, n=80253)
  lock-site: core=0 site=0x416918 max=154160
  irq-probe: line=6 raise=inject on=0 raised=100 hcore=none foreign=0 win=0
  irq:       0/0/0 cyc  0/0/0 ns  (p50/max/max, n=0)
  wcase-probe: line=6 raise=inject on=0 raised=100 hcore=none foreign=0 win=0
  wcase-irq[0B]:    0/0/0 cyc  0/0/0 ns  (p50/max/max, n=0)
  wcase-probe: line=6 raise=inject on=0 raised=100 hcore=none foreign=0 win=0
  wcase-irq[64B]:   0/0/0 cyc  0/0/0 ns  (p50/max/max, n=0)
  wcase-probe: line=6 raise=inject on=0 raised=100 hcore=none foreign=0 win=0
  wcase-irq[256B]:  0/0/0 cyc  0/0/0 ns  (p50/max/max, n=0)
  wcase-probe: line=6 raise=inject on=0 raised=100 hcore=none foreign=0 win=0
  wcase-irq[1024B]: 0/0/0 cyc  0/0/0 ns  (p50/max/max, n=0)
  e2e-settle: settled=2/2
  e2e-probe: line=7 closed=1000 dropped=0 tare=420/830 ns  (min/avg, n=64)
  e2e-passes: asked=1000 raised=1000
  e2e-local: 4096/5632/189418 ns  (p50/p99/max, n=1000)
  xtask ping-pong: 7409 ns/switch  (40000 switches / 296 ms)
  xtask call/reply: 16 B  23841 ns/round-trip  (41943 round-trips/s over 20000 calls / 476 ms)
  spawn/exit: thread 38490 ns  (200 reps / 7 ms)
  spawn/exit: task 83078 ns  (200 reps / 16 ms)
bench: done

KICKOS-EXIT status 0
POLL_OK=1 POLL_MS=6200
