[2J[001;001H[=3h[2J[001;001H[2J[001;001H[8;042;160t[2J[001;001H[2J[001;001H[8;056;240t[2J[001;001HBdsDxe: loading Boot0002 "UEFI QEMU HARDDISK QM00001 " from PciRoot(0x0)/Pci(0x1F,0x2)/Sata(0x0,0xFFFF,0x0)
BdsDxe: starting Boot0002 "UEFI QEMU HARDDISK QM00001 " from PciRoot(0x0)/Pci(0x1F,0x2)/Sata(0x0,0xFFFF,0x0)

KICKOS-X1 8c41d7a2 x86_64/q35 uefi-handover entry
KICKOS-X1 8c41d7a2 x86_64/q35 uefi-handover handover if=1 paging=1 longmode=1 root=1 wp=1 nx=1 nxcap=1
KICKOS-X1 8c41d7a2 x86_64/q35 uefi-handover if_after_cli=0
KICKOS-X1 8c41d7a2 x86_64/q35 uefi-handover firmware=Debian distribution of EDK II
KICKOS-X1 8c41d7a2 x86_64/q35 uefi-handover revision=0x0000000000020046
KICKOS-X1 8c41d7a2 x86_64/q35 uefi-handover map descriptors=109 stride=48 version=1 conventional_pages=117679 arena=0x0000000001800000 arena_pages=107372
KICKOS-X1 8c41d7a2 x86_64/q35 uefi-handover fp found em=0 ts=0 mp=1 osfxsr=1 osxmmexcpt=1 osxsave=0
KICKOS-X1 8c41d7a2 x86_64/q35 uefi-handover fp trapped em=1 ts=1 mp=1 osfxsr=0 osxmmexcpt=0 osxsave=0
KICKOS-X1 8c41d7a2 x86_64/q35 uefi-handover boot services left
KICKOS-X1 8c41d7a2 x86_64/q35 uefi-handover if_after_exit=0
x86_64 app relocation: base=0x0000000000400000 load_delta=0x0000000000000000 app_words=0

  ==============================================
   KickOS 0.5.1  -  microkernel RTOS
  ==============================================
   board   qemu-x86_64
   arch    x86_64
   cpu     x86-64
   mpu     off
   sched   tickless
   build   2026-09-29 00:45:06 +0200
   app     Sep 29 2026 00:45:04 +0200
   commit  8666209d-dirty
   heap    none
   kstack  4096 B x 33 = 135168 B

microbenchmark: context-switch throughput (all arches) + per-switch cost
+ IRQ-entry latency where a cycle counter exists. Reporter woken by the
workload, not a timer. Telemetry OFF for clean numbers.
cycle counter: 1999873259 Hz (0 = no rate converts a reading; cycles only)

  lock-probe: hold+1 core=0 depth=0  (three nested, one outermost)
  call/reply: 8 B  8120 ns/round-trip  (123140 round-trips/s over 20000 calls / 162 ms)
  call/reply: 16 B  8096 ns/round-trip  (123506 round-trips/s over 20000 calls / 161 ms)
  call/reply: 32 B  7997 ns/round-trip  (125039 round-trips/s over 20000 calls / 159 ms)
  call/reply: 64 B  8072 ns/round-trip  (123875 round-trips/s over 20000 calls / 161 ms)
  call/reply: 128 B  7969 ns/round-trip  (125479 round-trips/s over 20000 calls / 159 ms)
  call/reply: 256 B  8007 ns/round-trip  (124881 round-trips/s over 20000 calls / 160 ms)
  call/reply: 8 B  7731 ns/round-trip  (129343 round-trips/s over 20000 calls / 154 ms) [generic path]
  call/reply: 16 B  7747 ns/round-trip  (129072 round-trips/s over 20000 calls / 154 ms) [generic path]
  call/reply: 32 B  7849 ns/round-trip  (127399 round-trips/s over 20000 calls / 156 ms) [generic path]
  call/reply: 64 B  7963 ns/round-trip  (125577 round-trips/s over 20000 calls / 159 ms) [generic path]
  call/reply: 128 B  7840 ns/round-trip  (127542 round-trips/s over 20000 calls / 156 ms) [generic path]
  call/reply: 256 B  7913 ns/round-trip  (126369 round-trips/s over 20000 calls / 158 ms) [generic path]
  call/reply: 32 B  8021 ns/round-trip  (124661 round-trips/s over 20000 calls / 160 ms) [caller outranks server, D1 donates]
  phase table (44 rows; cyc avg/max, min last and a floor; leaf -= NULL, composite -= NULL + k*(NEST-NULL)):
    NULL             15/4340  min=1  n=260000
    NEST             81/25360  min=60  n=260000
    NEST_LOCK        47/39720  min=40  n=260000
    CALL_TOTAL       14804/2218520  min=14000  n=259999
    CALL_VALIDATE    172/14220  min=140  n=260000
    CALL_LOCKED      14272/2217880  min=13500  n=259999
    CALL_RESOLVE     216/15320  min=180  n=260000
    CALL_PEEK        46/21020  min=20  n=260000
    CALL_PROBE       82/27580  min=60  n=259999
    CALL_POP         122/38500  min=100  n=259999
    CALL_COPY        1497/57140  min=1300  n=259999
    CALL_MINT        1347/187120  min=1220  n=259999
    CALL_MINT_CAP    371/96320  min=319  n=259999
    CALL_MINT_INFO   833/52200  min=760  n=259999
    CALL_DONATE      116/19360  min=80  n=19999
    CALL_PARK        272/61920  min=220  n=259999
    CALL_WAKE        9708/2213060  min=9220  n=259999
    CALL_RESUME      149/15180  min=120  n=260000
    CALL_SLOW_TOTAL  402340/402340  min=402340  n=1
    CALL_SLOW_LOCKED 386080/386080  min=386080  n=1
    CALL_SLOW_DONATE 0/0  min=0  n=0
    CALL_SLOW_PARK   299600/299600  min=299600  n=1
    RECV_LOCKED      10024/1254620  min=9400  n=259999
    RECV_RESOLVE     251/89360  min=220  n=260000
    RECV_SCAN        137/39400  min=100  n=259999
    RECV_PARK        9392/1080740  min=8780  n=259999
    REPLY_TOTAL      65338/500120  min=13860  n=13
    REPLY_VALIDATE   8650/31500  min=5880  n=13
    REPLY_LOCKED     2462/396420  min=2260  n=260000
    REPLY_LOOKUP     321/197360  min=280  n=260000
    REPLY_COPY       1438/51840  min=1300  n=260000
    REPLY_FUNNEL     196/63020  min=160  n=260000
    REPLY_WAKE       218/29400  min=200  n=260000
    REPLY_RECV_TOTAL 14366/1630320  min=13560  n=260000
    REPLY_RECV_TAIL  430/97180  min=380  n=259999
    WAKE_UNPARK      62/26800  min=40  n=520012
    PICK_NEXT        45/14840  min=20  n=520064
    SWITCH_TO        17065/326307720  min=8320  n=520013
    SWITCH_BOOK      66/118520  min=40  n=520039
    MPU_APPLY        108/12180  min=80  n=520039
    MPU_COMMIT       0/0  min=0  n=0
    REENT_SEAT       0/0  min=0  n=0
    KTIME_REARM      61/13560  min=40  n=520039
    ARCH_SWITCH      16523/326219320  min=7780  n=520013
  ns-probe: cyc=4294967295 ns=2147619743 capped=0
  sat-probe: width=64 fits+1/0 wide+0/1 max=1000

  throughput: 513826 ctx-sw/s  (1946 ns/sw avg over 40000 switches / 77 ms)
  switch-probe: fastpath-swaps=0  (swapped inside the trap, so not in the switch row)
  switch:    60/80/400 cyc  30/40/200 ns  (p50/p99/max, n=40002)
  lock-hold: 1024/2304/47240 cyc  512/1152/23621 ns  (p50/p99/max, n=80245)
  lock-site: core=0 site=0x416918 max=47240
  irq-probe: line=6 raise=inject on=0 raised=100 hcore=none foreign=0 win=0
  irq:       0/0/0 cyc  0/0/0 ns  (p50/max/max, n=0)
  wcase-probe: line=6 raise=inject on=0 raised=100 hcore=none foreign=0 win=0
  wcase-irq[0B]:    0/0/0 cyc  0/0/0 ns  (p50/max/max, n=0)
  wcase-probe: line=6 raise=inject on=0 raised=100 hcore=none foreign=0 win=0
  wcase-irq[64B]:   0/0/0 cyc  0/0/0 ns  (p50/max/max, n=0)
  wcase-probe: line=6 raise=inject on=0 raised=100 hcore=none foreign=0 win=0
  wcase-irq[256B]:  0/0/0 cyc  0/0/0 ns  (p50/max/max, n=0)
  wcase-probe: line=6 raise=inject on=0 raised=100 hcore=none foreign=0 win=0
  wcase-irq[1024B]: 0/0/0 cyc  0/0/0 ns  (p50/max/max, n=0)
  e2e-settle: settled=2/2
  e2e-probe: line=7 closed=1000 dropped=0 tare=300/563 ns  (min/avg, n=64)
  e2e-passes: asked=1000 raised=1000
  e2e-local: 4096/5120/606068 ns  (p50/p99/max, n=1000)
  throughput: 523332 ctx-sw/s  (1910 ns/sw avg over 40000 switches / 76 ms)
  switch-probe: fastpath-swaps=0  (swapped inside the trap, so not in the switch row)
  switch:    60/80/440 cyc  30/40/220 ns  (p50/p99/max, n=40002)
  lock-hold: 960/1920/35760 cyc  480/960/17881 ns  (p50/p99/max, n=80248)
  lock-site: core=0 site=0x409dac max=35760
  irq-probe: line=6 raise=inject on=0 raised=100 hcore=none foreign=0 win=0
  irq:       0/0/0 cyc  0/0/0 ns  (p50/max/max, n=0)
  wcase-probe: line=6 raise=inject on=0 raised=100 hcore=none foreign=0 win=0
  wcase-irq[0B]:    0/0/0 cyc  0/0/0 ns  (p50/max/max, n=0)
  wcase-probe: line=6 raise=inject on=0 raised=100 hcore=none foreign=0 win=0
  wcase-irq[64B]:   0/0/0 cyc  0/0/0 ns  (p50/max/max, n=0)
  wcase-probe: line=6 raise=inject on=0 raised=100 hcore=none foreign=0 win=0
  wcase-irq[256B]:  0/0/0 cyc  0/0/0 ns  (p50/max/max, n=0)
  wcase-probe: line=6 raise=inject on=0 raised=100 hcore=none foreign=0 win=0
  wcase-irq[1024B]: 0/0/0 cyc  0/0/0 ns  (p50/max/max, n=0)
  e2e-settle: settled=2/2
  e2e-probe: line=7 closed=1000 dropped=0 tare=300/563 ns  (min/avg, n=64)
  e2e-passes: asked=1000 raised=1000
  e2e-local: 4096/5120/48584 ns  (p50/p99/max, n=1000)
  throughput: 526779 ctx-sw/s  (1898 ns/sw avg over 40000 switches / 75 ms)
  switch-probe: fastpath-swaps=0  (swapped inside the trap, so not in the switch row)
  switch:    60/80/6960 cyc  30/40/3480 ns  (p50/p99/max, n=40002)
  lock-hold: 960/1792/42260 cyc  480/896/21131 ns  (p50/p99/max, n=80250)
  lock-site: core=0 site=0x409dac max=42260
  irq-probe: line=6 raise=inject on=0 raised=100 hcore=none foreign=0 win=0
  irq:       0/0/0 cyc  0/0/0 ns  (p50/max/max, n=0)
  wcase-probe: line=6 raise=inject on=0 raised=100 hcore=none foreign=0 win=0
  wcase-irq[0B]:    0/0/0 cyc  0/0/0 ns  (p50/max/max, n=0)
  wcase-probe: line=6 raise=inject on=0 raised=100 hcore=none foreign=0 win=0
  wcase-irq[64B]:   0/0/0 cyc  0/0/0 ns  (p50/max/max, n=0)
  wcase-probe: line=6 raise=inject on=0 raised=100 hcore=none foreign=0 win=0
  wcase-irq[256B]:  0/0/0 cyc  0/0/0 ns  (p50/max/max, n=0)
  wcase-probe: line=6 raise=inject on=0 raised=100 hcore=none foreign=0 win=0
  wcase-irq[1024B]: 0/0/0 cyc  0/0/0 ns  (p50/max/max, n=0)
  e2e-settle: settled=2/2
  e2e-probe: line=7 closed=1000 dropped=0 tare=300/563 ns  (min/avg, n=64)
  e2e-passes: asked=1000 raised=1000
  e2e-local: 3840/4096/42793 ns  (p50/p99/max, n=1000)
  xtask ping-pong: 7554 ns/switch  (40000 switches / 302 ms)
  xtask call/reply: 16 B  24603 ns/round-trip  (40644 round-trips/s over 20000 calls / 492 ms)
  spawn/exit: thread 37984 ns  (200 reps / 7 ms)
  spawn/exit: task 85640 ns  (200 reps / 17 ms)
bench: done

KICKOS-EXIT status 0
POLL_OK=1 POLL_MS=4600
