[2J[001;001H[=3h[2J[001;001H[2J[001;001H[8;042;160t[2J[001;001H[2J[001;001H[8;056;240t[2J[001;001HBdsDxe: loading Boot0002 "UEFI QEMU HARDDISK QM00001 " from PciRoot(0x0)/Pci(0x1F,0x2)/Sata(0x0,0xFFFF,0x0)
BdsDxe: starting Boot0002 "UEFI QEMU HARDDISK QM00001 " from PciRoot(0x0)/Pci(0x1F,0x2)/Sata(0x0,0xFFFF,0x0)

KICKOS-X1 8c41d7a2 x86_64/q35 uefi-handover entry
KICKOS-X1 8c41d7a2 x86_64/q35 uefi-handover handover if=1 paging=1 longmode=1 root=1 wp=1 nx=1 nxcap=1
KICKOS-X1 8c41d7a2 x86_64/q35 uefi-handover if_after_cli=0
KICKOS-X1 8c41d7a2 x86_64/q35 uefi-handover firmware=Debian distribution of EDK II
KICKOS-X1 8c41d7a2 x86_64/q35 uefi-handover revision=0x0000000000020046
KICKOS-X1 8c41d7a2 x86_64/q35 uefi-handover map descriptors=109 stride=48 version=1 conventional_pages=117679 arena=0x0000000001800000 arena_pages=107372
KICKOS-X1 8c41d7a2 x86_64/q35 uefi-handover fp found em=0 ts=0 mp=1 osfxsr=1 osxmmexcpt=1 osxsave=0
KICKOS-X1 8c41d7a2 x86_64/q35 uefi-handover fp trapped em=1 ts=1 mp=1 osfxsr=0 osxmmexcpt=0 osxsave=0
KICKOS-X1 8c41d7a2 x86_64/q35 uefi-handover boot services left
KICKOS-X1 8c41d7a2 x86_64/q35 uefi-handover if_after_exit=0
x86_64 app relocation: base=0x0000000000400000 load_delta=0x0000000000000000 app_words=0

  ==============================================
   KickOS 0.5.1  -  microkernel RTOS
  ==============================================
   board   qemu-x86_64
   arch    x86_64
   cpu     x86-64
   mpu     off
   sched   tickless
   build   2026-09-29 00:45:06 +0200
   app     Sep 29 2026 00:45:04 +0200
   commit  8666209d-dirty
   heap    none
   kstack  4096 B x 33 = 135168 B

microbenchmark: context-switch throughput (all arches) + per-switch cost
+ IRQ-entry latency where a cycle counter exists. Reporter woken by the
workload, not a timer. Telemetry OFF for clean numbers.
cycle counter: 2000058799 Hz (0 = no rate converts a reading; cycles only)

  lock-probe: hold+1 core=0 depth=0  (three nested, one outermost)
  call/reply: 8 B  11722 ns/round-trip  (85307 round-trips/s over 20000 calls / 234 ms)
  call/reply: 16 B  11571 ns/round-trip  (86418 round-trips/s over 20000 calls / 231 ms)
  call/reply: 32 B  11655 ns/round-trip  (85795 round-trips/s over 20000 calls / 233 ms)
  call/reply: 64 B  11631 ns/round-trip  (85970 round-trips/s over 20000 calls / 232 ms)
  call/reply: 128 B  11689 ns/round-trip  (85548 round-trips/s over 20000 calls / 233 ms)
  call/reply: 256 B  11731 ns/round-trip  (85240 round-trips/s over 20000 calls / 234 ms)
  call/reply: 8 B  11533 ns/round-trip  (86703 round-trips/s over 20000 calls / 230 ms) [generic path]
  call/reply: 16 B  11489 ns/round-trip  (87033 round-trips/s over 20000 calls / 229 ms) [generic path]
  call/reply: 32 B  11499 ns/round-trip  (86957 round-trips/s over 20000 calls / 229 ms) [generic path]
  call/reply: 64 B  11511 ns/round-trip  (86866 round-trips/s over 20000 calls / 230 ms) [generic path]
  call/reply: 128 B  11544 ns/round-trip  (86620 round-trips/s over 20000 calls / 230 ms) [generic path]
  call/reply: 256 B  11640 ns/round-trip  (85908 round-trips/s over 20000 calls / 232 ms) [generic path]
  call/reply: 32 B  11952 ns/round-trip  (83666 round-trips/s over 20000 calls / 239 ms) [caller outranks server, D1 donates]
  phase table (44 rows; cyc avg/max, min last and a floor; leaf -= NULL, composite -= NULL + k*(NEST-NULL)):
    NULL             23/7060  min=20  n=260000
    NEST             127/39660  min=100  n=260000
    NEST_LOCK        69/60480  min=40  n=260000
    CALL_TOTAL       21647/3012380  min=21000  n=259999
    CALL_VALIDATE    257/21880  min=220  n=260000
    CALL_LOCKED      20901/3011440  min=20260  n=259999
    CALL_RESOLVE     322/31640  min=280  n=260000
    CALL_PEEK        68/33040  min=40  n=260000
    CALL_PROBE       125/42240  min=100  n=259999
    CALL_POP         182/56300  min=140  n=259999
    CALL_COPY        2127/87360  min=1980  n=259999
    CALL_MINT        1973/285840  min=1840  n=259999
    CALL_MINT_CAP    547/148760  min=480  n=259999
    CALL_MINT_INFO   1225/77660  min=1140  n=259999
    CALL_DONATE      169/29260  min=140  n=19999
    CALL_PARK        355/94700  min=320  n=259999
    CALL_WAKE        14271/3004300  min=13820  n=259999
    CALL_RESUME      225/20500  min=200  n=260000
    CALL_SLOW_TOTAL  566280/566280  min=566280  n=1
    CALL_SLOW_LOCKED 542780/542780  min=542780  n=1
    CALL_SLOW_DONATE 0/0  min=0  n=0
    CALL_SLOW_PARK   425500/425500  min=425500  n=1
    RECV_LOCKED      14638/1906600  min=14160  n=259999
    RECV_RESOLVE     372/133540  min=320  n=260000
    RECV_SCAN        215/59780  min=180  n=259999
    RECV_PARK        13698/1644460  min=13240  n=259999
    REPLY_TOTAL      77429/621280  min=9100  n=13
    REPLY_VALIDATE   5750/38540  min=520  n=13
    REPLY_LOCKED     3636/614520  min=3420  n=260000
    REPLY_LOOKUP     481/302640  min=420  n=260000
    REPLY_COPY       2126/53300  min=1960  n=260000
    REPLY_FUNNEL     291/100580  min=240  n=260000
    REPLY_WAKE       335/46040  min=300  n=260000
    REPLY_RECV_TOTAL 21056/2476880  min=20400  n=260000
    REPLY_RECV_TAIL  650/149240  min=600  n=259999
    WAKE_UNPARK      98/40820  min=60  n=520012
    PICK_NEXT        66/24780  min=40  n=520064
    SWITCH_TO        24976/478715080  min=12560  n=520013
    SWITCH_BOOK      102/67840  min=80  n=520039
    MPU_APPLY        161/40820  min=140  n=520039
    MPU_COMMIT       0/0  min=0  n=0
    REENT_SEAT       0/0  min=0  n=0
    KTIME_REARM      91/20740  min=60  n=520039
    ARCH_SWITCH      24184/478712720  min=11740  n=520013
  ns-probe: cyc=4294967295 ns=2147420514 capped=0
  sat-probe: width=64 fits+1/0 wide+0/1 max=1000

  throughput: 343335 ctx-sw/s  (2912 ns/sw avg over 40000 switches / 116 ms)
  switch-probe: fastpath-swaps=0  (swapped inside the trap, so not in the switch row)
  switch:    96/96/120 cyc  47/47/59 ns  (p50/p99/max, n=40002)
  lock-hold: 1024/2816/33460 cyc  511/1407/16729 ns  (p50/p99/max, n=80245)
  lock-site: core=0 site=0x409dac max=33460
  irq-probe: line=6 raise=inject on=0 raised=100 hcore=none foreign=0 win=0
  irq:       0/0/0 cyc  0/0/0 ns  (p50/max/max, n=0)
  wcase-probe: line=6 raise=inject on=0 raised=100 hcore=none foreign=0 win=0
  wcase-irq[0B]:    0/0/0 cyc  0/0/0 ns  (p50/max/max, n=0)
  wcase-probe: line=6 raise=inject on=0 raised=100 hcore=none foreign=0 win=0
  wcase-irq[64B]:   0/0/0 cyc  0/0/0 ns  (p50/max/max, n=0)
  wcase-probe: line=6 raise=inject on=0 raised=100 hcore=none foreign=0 win=0
  wcase-irq[256B]:  0/0/0 cyc  0/0/0 ns  (p50/max/max, n=0)
  wcase-probe: line=6 raise=inject on=0 raised=100 hcore=none foreign=0 win=0
  wcase-irq[1024B]: 0/0/0 cyc  0/0/0 ns  (p50/max/max, n=0)
  e2e-settle: settled=2/2
  e2e-probe: line=7 closed=1000 dropped=0 tare=440/852 ns  (min/avg, n=64)
  e2e-passes: asked=1000 raised=1000
  e2e-local: 6144/6144/854514 ns  (p50/p99/max, n=1000)
  throughput: 343962 ctx-sw/s  (2907 ns/sw avg over 40000 switches / 116 ms)
  switch-probe: fastpath-swaps=0  (swapped inside the trap, so not in the switch row)
  switch:    96/96/13480 cyc  47/47/6739 ns  (p50/p99/max, n=40002)
  lock-hold: 1024/2816/20560 cyc  511/1407/10279 ns  (p50/p99/max, n=80252)
  lock-site: core=0 site=0x416918 max=20560
  irq-probe: line=6 raise=inject on=0 raised=100 hcore=none foreign=0 win=0
  irq:       0/0/0 cyc  0/0/0 ns  (p50/max/max, n=0)
  wcase-probe: line=6 raise=inject on=0 raised=100 hcore=none foreign=0 win=0
  wcase-irq[0B]:    0/0/0 cyc  0/0/0 ns  (p50/max/max, n=0)
  wcase-probe: line=6 raise=inject on=0 raised=100 hcore=none foreign=0 win=0
  wcase-irq[64B]:   0/0/0 cyc  0/0/0 ns  (p50/max/max, n=0)
  wcase-probe: line=6 raise=inject on=0 raised=100 hcore=none foreign=0 win=0
  wcase-irq[256B]:  0/0/0 cyc  0/0/0 ns  (p50/max/max, n=0)
  wcase-probe: line=6 raise=inject on=0 raised=100 hcore=none foreign=0 win=0
  wcase-irq[1024B]: 0/0/0 cyc  0/0/0 ns  (p50/max/max, n=0)
  e2e-settle: settled=2/2
  e2e-probe: line=7 closed=1000 dropped=0 tare=440/852 ns  (min/avg, n=64)
  e2e-passes: asked=1000 raised=1000
  e2e-local: 5632/6144/26950 ns  (p50/p99/max, n=1000)
  throughput: 343771 ctx-sw/s  (2908 ns/sw avg over 40000 switches / 116 ms)
  switch-probe: fastpath-swaps=0  (swapped inside the trap, so not in the switch row)
  switch:    96/96/520 cyc  47/47/259 ns  (p50/p99/max, n=40002)
  lock-hold: 1024/2816/21320 cyc  511/1407/10659 ns  (p50/p99/max, n=80249)
  lock-site: core=0 site=0x416918 max=21320
  irq-probe: line=6 raise=inject on=0 raised=100 hcore=none foreign=0 win=0
  irq:       0/0/0 cyc  0/0/0 ns  (p50/max/max, n=0)
  wcase-probe: line=6 raise=inject on=0 raised=100 hcore=none foreign=0 win=0
  wcase-irq[0B]:    0/0/0 cyc  0/0/0 ns  (p50/max/max, n=0)
  wcase-probe: line=6 raise=inject on=0 raised=100 hcore=none foreign=0 win=0
  wcase-irq[64B]:   0/0/0 cyc  0/0/0 ns  (p50/max/max, n=0)
  wcase-probe: line=6 raise=inject on=0 raised=100 hcore=none foreign=0 win=0
  wcase-irq[256B]:  0/0/0 cyc  0/0/0 ns  (p50/max/max, n=0)
  wcase-probe: line=6 raise=inject on=0 raised=100 hcore=none foreign=0 win=0
  wcase-irq[1024B]: 0/0/0 cyc  0/0/0 ns  (p50/max/max, n=0)
  e2e-settle: settled=2/2
  e2e-probe: line=7 closed=1000 dropped=0 tare=440/852 ns  (min/avg, n=64)
  e2e-passes: asked=1000 raised=1000
  e2e-local: 6144/6144/19389 ns  (p50/p99/max, n=1000)
  xtask ping-pong: 11122 ns/switch  (40000 switches / 444 ms)
  xtask call/reply: 16 B  36272 ns/round-trip  (27568 round-trips/s over 20000 calls / 725 ms)
  spawn/exit: thread 57074 ns  (200 reps / 11 ms)
  spawn/exit: task 126499 ns  (200 reps / 25 ms)
bench: done

KICKOS-EXIT status 0
POLL_OK=1 POLL_MS=6600
