[2J[001;001H[=3h[2J[001;001H[2J[001;001H[8;042;160t[2J[001;001H[2J[001;001H[8;056;240t[2J[001;001HBdsDxe: loading Boot0002 "UEFI QEMU HARDDISK QM00001 " from PciRoot(0x0)/Pci(0x1F,0x2)/Sata(0x0,0xFFFF,0x0)
BdsDxe: starting Boot0002 "UEFI QEMU HARDDISK QM00001 " from PciRoot(0x0)/Pci(0x1F,0x2)/Sata(0x0,0xFFFF,0x0)

KICKOS-X1 8c41d7a2 x86_64/q35 uefi-handover entry
KICKOS-X1 8c41d7a2 x86_64/q35 uefi-handover handover if=1 paging=1 longmode=1 root=1 wp=1 nx=1 nxcap=1
KICKOS-X1 8c41d7a2 x86_64/q35 uefi-handover if_after_cli=0
KICKOS-X1 8c41d7a2 x86_64/q35 uefi-handover firmware=Debian distribution of EDK II
KICKOS-X1 8c41d7a2 x86_64/q35 uefi-handover revision=0x0000000000020046
KICKOS-X1 8c41d7a2 x86_64/q35 uefi-handover map descriptors=109 stride=48 version=1 conventional_pages=117679 arena=0x0000000001800000 arena_pages=107372
KICKOS-X1 8c41d7a2 x86_64/q35 uefi-handover fp found em=0 ts=0 mp=1 osfxsr=1 osxmmexcpt=1 osxsave=0
KICKOS-X1 8c41d7a2 x86_64/q35 uefi-handover fp trapped em=1 ts=1 mp=1 osfxsr=0 osxmmexcpt=0 osxsave=0
KICKOS-X1 8c41d7a2 x86_64/q35 uefi-handover boot services left
KICKOS-X1 8c41d7a2 x86_64/q35 uefi-handover if_after_exit=0
x86_64 app relocation: base=0x0000000000400000 load_delta=0x0000000000000000 app_words=0

  ==============================================
   KickOS 0.5.1  -  microkernel RTOS
  ==============================================
   board   qemu-x86_64
   arch    x86_64
   cpu     x86-64
   mpu     off
   sched   tickless
   build   2026-09-29 00:45:06 +0200
   app     Sep 29 2026 00:45:04 +0200
   commit  8666209d-dirty
   heap    none
   kstack  4096 B x 33 = 135168 B

microbenchmark: context-switch throughput (all arches) + per-switch cost
+ IRQ-entry latency where a cycle counter exists. Reporter woken by the
workload, not a timer. Telemetry OFF for clean numbers.
cycle counter: 2002567464 Hz (0 = no rate converts a reading; cycles only)

  lock-probe: hold+1 core=0 depth=0  (three nested, one outermost)
  call/reply: 8 B  7988 ns/round-trip  (125186 round-trips/s over 20000 calls / 159 ms)
  call/reply: 16 B  7758 ns/round-trip  (128887 round-trips/s over 20000 calls / 155 ms)
  call/reply: 32 B  7683 ns/round-trip  (130156 round-trips/s over 20000 calls / 153 ms)
  call/reply: 64 B  7720 ns/round-trip  (129526 round-trips/s over 20000 calls / 154 ms)
  call/reply: 128 B  7988 ns/round-trip  (125185 round-trips/s over 20000 calls / 159 ms)
  call/reply: 256 B  7790 ns/round-trip  (128366 round-trips/s over 20000 calls / 155 ms)
  call/reply: 8 B  7645 ns/round-trip  (130788 round-trips/s over 20000 calls / 152 ms) [generic path]
  call/reply: 16 B  7634 ns/round-trip  (130983 round-trips/s over 20000 calls / 152 ms) [generic path]
  call/reply: 32 B  7654 ns/round-trip  (130642 round-trips/s over 20000 calls / 153 ms) [generic path]
  call/reply: 64 B  7695 ns/round-trip  (129945 round-trips/s over 20000 calls / 153 ms) [generic path]
  call/reply: 128 B  7740 ns/round-trip  (129193 round-trips/s over 20000 calls / 154 ms) [generic path]
  call/reply: 256 B  7811 ns/round-trip  (128020 round-trips/s over 20000 calls / 156 ms) [generic path]
  call/reply: 32 B  8029 ns/round-trip  (124547 round-trips/s over 20000 calls / 160 ms) [caller outranks server, D1 donates]
  phase table (44 rows; cyc avg/max, min last and a floor; leaf -= NULL, composite -= NULL + k*(NEST-NULL)):
    NULL             15/4360  min=1  n=260000
    NEST             84/25340  min=60  n=260000
    NEST_LOCK        46/40420  min=40  n=260000
    CALL_TOTAL       14484/2147720  min=13720  n=259999
    CALL_VALIDATE    166/380340  min=140  n=260000
    CALL_LOCKED      13973/2147080  min=13200  n=259999
    CALL_RESOLVE     210/15340  min=180  n=260000
    CALL_PEEK        46/21560  min=20  n=260000
    CALL_PROBE       80/27560  min=60  n=259999
    CALL_POP         123/37140  min=100  n=259999
    CALL_COPY        1411/78480  min=1280  n=259999
    CALL_MINT        1336/187420  min=1220  n=259999
    CALL_MINT_CAP    364/97620  min=319  n=259999
    CALL_MINT_INFO   834/51380  min=760  n=259999
    CALL_DONATE      111/19240  min=80  n=19999
    CALL_PARK        239/61780  min=220  n=259999
    CALL_WAKE        9560/2142440  min=9040  n=259999
    CALL_RESUME      150/14120  min=120  n=260000
    CALL_SLOW_TOTAL  424540/424540  min=424540  n=1
    CALL_SLOW_LOCKED 409180/409180  min=409180  n=1
    CALL_SLOW_DONATE 0/0  min=0  n=0
    CALL_SLOW_PARK   313340/313340  min=313340  n=1
    RECV_LOCKED      9850/1263040  min=9300  n=259999
    RECV_RESOLVE     248/88860  min=219  n=260000
    RECV_SCAN        138/124360  min=100  n=259999
    RECV_PARK        9222/1088900  min=8700  n=259999
    REPLY_TOTAL      44838/285900  min=4780  n=13
    REPLY_VALIDATE   5401/31080  min=560  n=13
    REPLY_LOCKED     2433/403480  min=2240  n=260000
    REPLY_LOOKUP     314/200960  min=280  n=260000
    REPLY_COPY       1424/151680  min=1300  n=260000
    REPLY_FUNNEL     200/65400  min=160  n=260000
    REPLY_WAKE       217/30140  min=200  n=260000
    REPLY_RECV_TOTAL 14114/1648380  min=13380  n=260000
    REPLY_RECV_TAIL  425/98680  min=380  n=259999
    WAKE_UNPARK      64/26680  min=40  n=520012
    PICK_NEXT        46/39800  min=20  n=520064
    SWITCH_TO        16742/321825580  min=8260  n=520013
    SWITCH_BOOK      71/62840  min=40  n=520039
    MPU_APPLY        106/26660  min=80  n=520039
    MPU_COMMIT       0/0  min=0  n=0
    REENT_SEAT       0/0  min=0  n=0
    KTIME_REARM      60/17720  min=40  n=520039
    ARCH_SWITCH      16206/321823620  min=7740  n=520013
  ns-probe: cyc=4294967295 ns=2144730388 capped=0
  sat-probe: width=64 fits+1/0 wide+0/1 max=1000

  throughput: 522491 ctx-sw/s  (1913 ns/sw avg over 40000 switches / 76 ms)
  switch-probe: fastpath-swaps=0  (swapped inside the trap, so not in the switch row)
  switch:    60/80/280 cyc  29/39/139 ns  (p50/p99/max, n=40002)
  lock-hold: 960/1792/16320 cyc  479/894/8149 ns  (p50/p99/max, n=80245)
  lock-site: core=0 site=0x409dac max=16320
  irq-probe: line=6 raise=inject on=0 raised=100 hcore=none foreign=0 win=0
  irq:       0/0/0 cyc  0/0/0 ns  (p50/max/max, n=0)
  wcase-probe: line=6 raise=inject on=0 raised=100 hcore=none foreign=0 win=0
  wcase-irq[0B]:    0/0/0 cyc  0/0/0 ns  (p50/max/max, n=0)
  wcase-probe: line=6 raise=inject on=0 raised=100 hcore=none foreign=0 win=0
  wcase-irq[64B]:   0/0/0 cyc  0/0/0 ns  (p50/max/max, n=0)
  wcase-probe: line=6 raise=inject on=0 raised=100 hcore=none foreign=0 win=0
  wcase-irq[256B]:  0/0/0 cyc  0/0/0 ns  (p50/max/max, n=0)
  wcase-probe: line=6 raise=inject on=0 raised=100 hcore=none foreign=0 win=0
  wcase-irq[1024B]: 0/0/0 cyc  0/0/0 ns  (p50/max/max, n=0)
  e2e-settle: settled=2/2
  e2e-probe: line=7 closed=1000 dropped=0 tare=289/555 ns  (min/avg, n=64)
  e2e-passes: asked=1000 raised=1000
  e2e-local: 3840/4096/581654 ns  (p50/p99/max, n=1000)
  throughput: 521350 ctx-sw/s  (1918 ns/sw avg over 40000 switches / 76 ms)
  switch-probe: fastpath-swaps=0  (swapped inside the trap, so not in the switch row)
  switch:    60/80/560 cyc  29/39/279 ns  (p50/p99/max, n=40002)
  lock-hold: 1664/1920/47480 cyc  830/958/23709 ns  (p50/p99/max, n=80248)
  lock-site: core=0 site=0x416918 max=47480
  irq-probe: line=6 raise=inject on=0 raised=100 hcore=none foreign=0 win=0
  irq:       0/0/0 cyc  0/0/0 ns  (p50/max/max, n=0)
  wcase-probe: line=6 raise=inject on=0 raised=100 hcore=none foreign=0 win=0
  wcase-irq[0B]:    0/0/0 cyc  0/0/0 ns  (p50/max/max, n=0)
  wcase-probe: line=6 raise=inject on=0 raised=100 hcore=none foreign=0 win=0
  wcase-irq[64B]:   0/0/0 cyc  0/0/0 ns  (p50/max/max, n=0)
  wcase-probe: line=6 raise=inject on=0 raised=100 hcore=none foreign=0 win=0
  wcase-irq[256B]:  0/0/0 cyc  0/0/0 ns  (p50/max/max, n=0)
  wcase-probe: line=6 raise=inject on=0 raised=100 hcore=none foreign=0 win=0
  wcase-irq[1024B]: 0/0/0 cyc  0/0/0 ns  (p50/max/max, n=0)
  e2e-settle: settled=2/2
  e2e-probe: line=7 closed=1000 dropped=0 tare=289/555 ns  (min/avg, n=64)
  e2e-passes: asked=1000 raised=1000
  e2e-local: 4096/5632/56238 ns  (p50/p99/max, n=1000)
  throughput: 528141 ctx-sw/s  (1893 ns/sw avg over 40000 switches / 75 ms)
  switch-probe: fastpath-swaps=0  (swapped inside the trap, so not in the switch row)
  switch:    60/80/140 cyc  29/39/69 ns  (p50/p99/max, n=40002)
  lock-hold: 640/1792/10760 cyc  319/894/5373 ns  (p50/p99/max, n=80247)
  lock-site: core=0 site=0x416918 max=10760
  irq-probe: line=6 raise=inject on=0 raised=100 hcore=none foreign=0 win=0
  irq:       0/0/0 cyc  0/0/0 ns  (p50/max/max, n=0)
  wcase-probe: line=6 raise=inject on=0 raised=100 hcore=none foreign=0 win=0
  wcase-irq[0B]:    0/0/0 cyc  0/0/0 ns  (p50/max/max, n=0)
  wcase-probe: line=6 raise=inject on=0 raised=100 hcore=none foreign=0 win=0
  wcase-irq[64B]:   0/0/0 cyc  0/0/0 ns  (p50/max/max, n=0)
  wcase-probe: line=6 raise=inject on=0 raised=100 hcore=none foreign=0 win=0
  wcase-irq[256B]:  0/0/0 cyc  0/0/0 ns  (p50/max/max, n=0)
  wcase-probe: line=6 raise=inject on=0 raised=100 hcore=none foreign=0 win=0
  wcase-irq[1024B]: 0/0/0 cyc  0/0/0 ns  (p50/max/max, n=0)
  e2e-settle: settled=2/2
  e2e-probe: line=7 closed=1000 dropped=0 tare=289/555 ns  (min/avg, n=64)
  e2e-passes: asked=1000 raised=1000
  e2e-local: 4096/4096/10716 ns  (p50/p99/max, n=1000)
  xtask ping-pong: 7371 ns/switch  (40000 switches / 294 ms)
  xtask call/reply: 16 B  23939 ns/round-trip  (41772 round-trips/s over 20000 calls / 478 ms)
  spawn/exit: thread 38173 ns  (200 reps / 7 ms)
  spawn/exit: task 84343 ns  (200 reps / 16 ms)
bench: done

KICKOS-EXIT status 0
POLL_OK=1 POLL_MS=4600
