[2J[001;001H[=3h[2J[001;001H[2J[001;001H[8;042;160t[2J[001;001H[2J[001;001H[8;056;240t[2J[001;001HBdsDxe: loading Boot0002 "UEFI QEMU HARDDISK QM00001 " from PciRoot(0x0)/Pci(0x1F,0x2)/Sata(0x0,0xFFFF,0x0)
BdsDxe: starting Boot0002 "UEFI QEMU HARDDISK QM00001 " from PciRoot(0x0)/Pci(0x1F,0x2)/Sata(0x0,0xFFFF,0x0)

KICKOS-X1 8c41d7a2 x86_64/q35 uefi-handover entry
KICKOS-X1 8c41d7a2 x86_64/q35 uefi-handover handover if=1 paging=1 longmode=1 root=1 wp=1 nx=1 nxcap=1
KICKOS-X1 8c41d7a2 x86_64/q35 uefi-handover if_after_cli=0
KICKOS-X1 8c41d7a2 x86_64/q35 uefi-handover firmware=Debian distribution of EDK II
KICKOS-X1 8c41d7a2 x86_64/q35 uefi-handover revision=0x0000000000020046
KICKOS-X1 8c41d7a2 x86_64/q35 uefi-handover map descriptors=109 stride=48 version=1 conventional_pages=117679 arena=0x0000000001800000 arena_pages=107372
KICKOS-X1 8c41d7a2 x86_64/q35 uefi-handover fp found em=0 ts=0 mp=1 osfxsr=1 osxmmexcpt=1 osxsave=0
KICKOS-X1 8c41d7a2 x86_64/q35 uefi-handover fp trapped em=1 ts=1 mp=1 osfxsr=0 osxmmexcpt=0 osxsave=0
KICKOS-X1 8c41d7a2 x86_64/q35 uefi-handover boot services left
KICKOS-X1 8c41d7a2 x86_64/q35 uefi-handover if_after_exit=0
x86_64 app relocation: base=0x0000000000400000 load_delta=0x0000000000000000 app_words=0

  ==============================================
   KickOS 0.5.1  -  microkernel RTOS
  ==============================================
   board   qemu-x86_64
   arch    x86_64
   cpu     x86-64
   mpu     off
   sched   tickless
   build   2026-09-29 00:45:06 +0200
   app     Sep 29 2026 00:45:04 +0200
   commit  8666209d-dirty
   heap    none
   kstack  4096 B x 33 = 135168 B

microbenchmark: context-switch throughput (all arches) + per-switch cost
+ IRQ-entry latency where a cycle counter exists. Reporter woken by the
workload, not a timer. Telemetry OFF for clean numbers.
cycle counter: 1999659679 Hz (0 = no rate converts a reading; cycles only)

  lock-probe: hold+1 core=0 depth=0  (three nested, one outermost)
  call/reply: 8 B  11742 ns/round-trip  (85157 round-trips/s over 20000 calls / 234 ms)
  call/reply: 16 B  11672 ns/round-trip  (85669 round-trips/s over 20000 calls / 233 ms)
  call/reply: 32 B  11687 ns/round-trip  (85558 round-trips/s over 20000 calls / 233 ms)
  call/reply: 64 B  11664 ns/round-trip  (85731 round-trips/s over 20000 calls / 233 ms)
  call/reply: 128 B  11724 ns/round-trip  (85292 round-trips/s over 20000 calls / 234 ms)
  call/reply: 256 B  11749 ns/round-trip  (85112 round-trips/s over 20000 calls / 234 ms)
  call/reply: 8 B  11497 ns/round-trip  (86974 round-trips/s over 20000 calls / 229 ms) [generic path]
  call/reply: 16 B  11563 ns/round-trip  (86480 round-trips/s over 20000 calls / 231 ms) [generic path]
  call/reply: 32 B  11599 ns/round-trip  (86210 round-trips/s over 20000 calls / 231 ms) [generic path]
  call/reply: 64 B  11690 ns/round-trip  (85540 round-trips/s over 20000 calls / 233 ms) [generic path]
  call/reply: 128 B  11746 ns/round-trip  (85135 round-trips/s over 20000 calls / 234 ms) [generic path]
  call/reply: 256 B  11707 ns/round-trip  (85414 round-trips/s over 20000 calls / 234 ms) [generic path]
  call/reply: 32 B  11955 ns/round-trip  (83646 round-trips/s over 20000 calls / 239 ms) [caller outranks server, D1 donates]
  phase table (44 rows; cyc avg/max, min last and a floor; leaf -= NULL, composite -= NULL + k*(NEST-NULL)):
    NULL             23/16500  min=20  n=260000
    NEST             127/38420  min=100  n=260000
    NEST_LOCK        69/60060  min=60  n=260000
    CALL_TOTAL       21758/2970140  min=20960  n=259999
    CALL_VALIDATE    258/38540  min=220  n=260000
    CALL_LOCKED      21003/2969240  min=20200  n=259999
    CALL_RESOLVE     319/35080  min=280  n=260000
    CALL_PEEK        78/32920  min=40  n=260000
    CALL_PROBE       119/42000  min=100  n=259999
    CALL_POP         183/58740  min=140  n=259999
    CALL_COPY        2130/97380  min=1980  n=259999
    CALL_MINT        2020/287220  min=1900  n=259999
    CALL_MINT_CAP    550/149340  min=480  n=259999
    CALL_MINT_INFO   1258/78300  min=1160  n=259999
    CALL_DONATE      166/29820  min=140  n=19999
    CALL_PARK        362/97260  min=320  n=259999
    CALL_WAKE        14338/2962080  min=13760  n=259999
    CALL_RESUME      229/20660  min=200  n=260000
    CALL_SLOW_TOTAL  592460/592460  min=592460  n=1
    CALL_SLOW_LOCKED 567360/567360  min=567360  n=1
    CALL_SLOW_DONATE 0/0  min=0  n=0
    CALL_SLOW_PARK   442580/442580  min=442580  n=1
    RECV_LOCKED      14731/1927760  min=14200  n=259999
    RECV_RESOLVE     367/133780  min=320  n=260000
    RECV_SCAN        208/60540  min=180  n=259999
    RECV_PARK        13806/1664680  min=13240  n=259999
    REPLY_TOTAL      67484/491300  min=10200  n=13
    REPLY_VALIDATE   6121/34900  min=1020  n=13
    REPLY_LOCKED     3662/610140  min=3400  n=260000
    REPLY_LOOKUP     475/304600  min=420  n=260000
    REPLY_COPY       2147/51460  min=1960  n=260000
    REPLY_FUNNEL     293/96000  min=240  n=260000
    REPLY_WAKE       323/46980  min=300  n=260000
    REPLY_RECV_TOTAL 21169/2500940  min=20400  n=260000
    REPLY_RECV_TAIL  647/154120  min=600  n=259999
    WAKE_UNPARK      95/41900  min=60  n=520012
    PICK_NEXT        64/34780  min=40  n=520064
    SWITCH_TO        25111/478619740  min=12560  n=520013
    SWITCH_BOOK      103/45020  min=80  n=520039
    MPU_APPLY        157/17580  min=140  n=520039
    MPU_COMMIT       0/0  min=0  n=0
    REENT_SEAT       0/0  min=0  n=0
    KTIME_REARM      91/18320  min=60  n=520039
    ARCH_SWITCH      24319/478616880  min=11740  n=520013
  ns-probe: cyc=4294967295 ns=2147849126 capped=0
  sat-probe: width=64 fits+1/0 wide+0/1 max=1000

  throughput: 345965 ctx-sw/s  (2890 ns/sw avg over 40000 switches / 115 ms)
  switch-probe: fastpath-swaps=0  (swapped inside the trap, so not in the switch row)
  switch:    96/120/160 cyc  48/60/80 ns  (p50/p99/max, n=40002)
  lock-hold: 1024/2560/36040 cyc  512/1280/18023 ns  (p50/p99/max, n=80246)
  lock-site: core=0 site=0x409dac max=36040
  irq-probe: line=6 raise=inject on=0 raised=100 hcore=none foreign=0 win=0
  irq:       0/0/0 cyc  0/0/0 ns  (p50/max/max, n=0)
  wcase-probe: line=6 raise=inject on=0 raised=100 hcore=none foreign=0 win=0
  wcase-irq[0B]:    0/0/0 cyc  0/0/0 ns  (p50/max/max, n=0)
  wcase-probe: line=6 raise=inject on=0 raised=100 hcore=none foreign=0 win=0
  wcase-irq[64B]:   0/0/0 cyc  0/0/0 ns  (p50/max/max, n=0)
  wcase-probe: line=6 raise=inject on=0 raised=100 hcore=none foreign=0 win=0
  wcase-irq[256B]:  0/0/0 cyc  0/0/0 ns  (p50/max/max, n=0)
  wcase-probe: line=6 raise=inject on=0 raised=100 hcore=none foreign=0 win=0
  wcase-irq[1024B]: 0/0/0 cyc  0/0/0 ns  (p50/max/max, n=0)
  e2e-settle: settled=2/2
  e2e-probe: line=7 closed=1000 dropped=0 tare=440/838 ns  (min/avg, n=64)
  e2e-passes: asked=1000 raised=1000
  e2e-local: 6144/6144/907305 ns  (p50/p99/max, n=1000)
  throughput: 345157 ctx-sw/s  (2897 ns/sw avg over 40000 switches / 115 ms)
  switch-probe: fastpath-swaps=0  (swapped inside the trap, so not in the switch row)
  switch:    96/120/960 cyc  48/60/480 ns  (p50/p99/max, n=40002)
  lock-hold: 1024/2816/63000 cyc  512/1408/31505 ns  (p50/p99/max, n=80250)
  lock-site: core=0 site=0x409dac max=63000
  irq-probe: line=6 raise=inject on=0 raised=100 hcore=none foreign=0 win=0
  irq:       0/0/0 cyc  0/0/0 ns  (p50/max/max, n=0)
  wcase-probe: line=6 raise=inject on=0 raised=100 hcore=none foreign=0 win=0
  wcase-irq[0B]:    0/0/0 cyc  0/0/0 ns  (p50/max/max, n=0)
  wcase-probe: line=6 raise=inject on=0 raised=100 hcore=none foreign=0 win=0
  wcase-irq[64B]:   0/0/0 cyc  0/0/0 ns  (p50/max/max, n=0)
  wcase-probe: line=6 raise=inject on=0 raised=100 hcore=none foreign=0 win=0
  wcase-irq[256B]:  0/0/0 cyc  0/0/0 ns  (p50/max/max, n=0)
  wcase-probe: line=6 raise=inject on=0 raised=100 hcore=none foreign=0 win=0
  wcase-irq[1024B]: 0/0/0 cyc  0/0/0 ns  (p50/max/max, n=0)
  e2e-settle: settled=2/2
  e2e-probe: line=7 closed=1000 dropped=0 tare=440/838 ns  (min/avg, n=64)
  e2e-passes: asked=1000 raised=1000
  e2e-local: 6144/6144/47878 ns  (p50/p99/max, n=1000)
  throughput: 345841 ctx-sw/s  (2891 ns/sw avg over 40000 switches / 115 ms)
  switch-probe: fastpath-swaps=0  (swapped inside the trap, so not in the switch row)
  switch:    80/96/8620 cyc  40/48/4310 ns  (p50/p99/max, n=40002)
  lock-hold: 1024/2560/13260 cyc  512/1280/6631 ns  (p50/p99/max, n=80251)
  lock-site: core=0 site=0x416918 max=13260
  irq-probe: line=6 raise=inject on=0 raised=100 hcore=none foreign=0 win=0
  irq:       0/0/0 cyc  0/0/0 ns  (p50/max/max, n=0)
  wcase-probe: line=6 raise=inject on=0 raised=100 hcore=none foreign=0 win=0
  wcase-irq[0B]:    0/0/0 cyc  0/0/0 ns  (p50/max/max, n=0)
  wcase-probe: line=6 raise=inject on=0 raised=100 hcore=none foreign=0 win=0
  wcase-irq[64B]:   0/0/0 cyc  0/0/0 ns  (p50/max/max, n=0)
  wcase-probe: line=6 raise=inject on=0 raised=100 hcore=none foreign=0 win=0
  wcase-irq[256B]:  0/0/0 cyc  0/0/0 ns  (p50/max/max, n=0)
  wcase-probe: line=6 raise=inject on=0 raised=100 hcore=none foreign=0 win=0
  wcase-irq[1024B]: 0/0/0 cyc  0/0/0 ns  (p50/max/max, n=0)
  e2e-settle: settled=2/2
  e2e-probe: line=7 closed=1000 dropped=0 tare=440/838 ns  (min/avg, n=64)
  e2e-passes: asked=1000 raised=1000
  e2e-local: 6144/7680/50648 ns  (p50/p99/max, n=1000)
  xtask ping-pong: 11175 ns/switch  (40000 switches / 447 ms)
  xtask call/reply: 16 B  36214 ns/round-trip  (27612 round-trips/s over 20000 calls / 724 ms)
  spawn/exit: thread 57008 ns  (200 reps / 11 ms)
  spawn/exit: task 126776 ns  (200 reps / 25 ms)
bench: done

KICKOS-EXIT status 0
POLL_OK=1 POLL_MS=6600
