[2J[001;001H[=3h[2J[001;001H[2J[001;001H[8;042;160t[2J[001;001H[2J[001;001H[8;056;240t[2J[001;001HBdsDxe: loading Boot0002 "UEFI QEMU HARDDISK QM00001 " from PciRoot(0x0)/Pci(0x1F,0x2)/Sata(0x0,0xFFFF,0x0)
BdsDxe: starting Boot0002 "UEFI QEMU HARDDISK QM00001 " from PciRoot(0x0)/Pci(0x1F,0x2)/Sata(0x0,0xFFFF,0x0)

KICKOS-X1 8c41d7a2 x86_64/q35 uefi-handover entry
KICKOS-X1 8c41d7a2 x86_64/q35 uefi-handover handover if=1 paging=1 longmode=1 root=1 wp=1 nx=1 nxcap=1
KICKOS-X1 8c41d7a2 x86_64/q35 uefi-handover if_after_cli=0
KICKOS-X1 8c41d7a2 x86_64/q35 uefi-handover firmware=Debian distribution of EDK II
KICKOS-X1 8c41d7a2 x86_64/q35 uefi-handover revision=0x0000000000020046
KICKOS-X1 8c41d7a2 x86_64/q35 uefi-handover map descriptors=109 stride=48 version=1 conventional_pages=117679 arena=0x0000000001800000 arena_pages=107372
KICKOS-X1 8c41d7a2 x86_64/q35 uefi-handover fp found em=0 ts=0 mp=1 osfxsr=1 osxmmexcpt=1 osxsave=0
KICKOS-X1 8c41d7a2 x86_64/q35 uefi-handover fp trapped em=1 ts=1 mp=1 osfxsr=0 osxmmexcpt=0 osxsave=0
KICKOS-X1 8c41d7a2 x86_64/q35 uefi-handover boot services left
KICKOS-X1 8c41d7a2 x86_64/q35 uefi-handover if_after_exit=0
x86_64 app relocation: base=0x0000000000400000 load_delta=0x0000000000000000 app_words=0

  ==============================================
   KickOS 0.5.1  -  microkernel RTOS
  ==============================================
   board   qemu-x86_64
   arch    x86_64
   cpu     x86-64
   mpu     off
   sched   tickless
   build   2026-09-29 00:45:06 +0200
   app     Sep 29 2026 00:45:04 +0200
   commit  8666209d-dirty
   heap    none
   kstack  4096 B x 33 = 135168 B

microbenchmark: context-switch throughput (all arches) + per-switch cost
+ IRQ-entry latency where a cycle counter exists. Reporter woken by the
workload, not a timer. Telemetry OFF for clean numbers.
cycle counter: 1999833287 Hz (0 = no rate converts a reading; cycles only)

  lock-probe: hold+1 core=0 depth=0  (three nested, one outermost)
  call/reply: 8 B  11755 ns/round-trip  (85065 round-trips/s over 20000 calls / 235 ms)
  call/reply: 16 B  11652 ns/round-trip  (85816 round-trips/s over 20000 calls / 233 ms)
  call/reply: 32 B  11684 ns/round-trip  (85586 round-trips/s over 20000 calls / 233 ms)
  call/reply: 64 B  11652 ns/round-trip  (85819 round-trips/s over 20000 calls / 233 ms)
  call/reply: 128 B  11686 ns/round-trip  (85567 round-trips/s over 20000 calls / 233 ms)
  call/reply: 256 B  11811 ns/round-trip  (84661 round-trips/s over 20000 calls / 236 ms)
  call/reply: 8 B  11613 ns/round-trip  (86110 round-trips/s over 20000 calls / 232 ms) [generic path]
  call/reply: 16 B  11612 ns/round-trip  (86111 round-trips/s over 20000 calls / 232 ms) [generic path]
  call/reply: 32 B  11645 ns/round-trip  (85868 round-trips/s over 20000 calls / 232 ms) [generic path]
  call/reply: 64 B  11623 ns/round-trip  (86033 round-trips/s over 20000 calls / 232 ms) [generic path]
  call/reply: 128 B  11700 ns/round-trip  (85464 round-trips/s over 20000 calls / 234 ms) [generic path]
  call/reply: 256 B  11856 ns/round-trip  (84343 round-trips/s over 20000 calls / 237 ms) [generic path]
  call/reply: 32 B  12046 ns/round-trip  (83009 round-trips/s over 20000 calls / 240 ms) [caller outranks server, D1 donates]
  phase table (44 rows; cyc avg/max, min last and a floor; leaf -= NULL, composite -= NULL + k*(NEST-NULL)):
    NULL             23/7020  min=20  n=260000
    NEST             127/39720  min=100  n=260000
    NEST_LOCK        69/61460  min=60  n=260000
    CALL_TOTAL       21808/3379920  min=21020  n=259999
    CALL_VALIDATE    250/21200  min=220  n=260000
    CALL_LOCKED      21055/3378980  min=20280  n=259999
    CALL_RESOLVE     323/23820  min=280  n=260000
    CALL_PEEK        72/33340  min=40  n=260000
    CALL_PROBE       121/51020  min=100  n=259999
    CALL_POP         180/57000  min=140  n=259999
    CALL_COPY        2149/90720  min=1960  n=259999
    CALL_MINT        1978/286360  min=1860  n=259999
    CALL_MINT_CAP    548/148780  min=480  n=259999
    CALL_MINT_INFO   1217/77880  min=1140  n=259999
    CALL_DONATE      169/29800  min=140  n=19999
    CALL_PARK        349/95080  min=320  n=259999
    CALL_WAKE        14414/3371840  min=13800  n=259999
    CALL_RESUME      229/20620  min=200  n=260000
    CALL_SLOW_TOTAL  604760/604760  min=604760  n=1
    CALL_SLOW_LOCKED 580840/580840  min=580840  n=1
    CALL_SLOW_DONATE 0/0  min=0  n=0
    CALL_SLOW_PARK   454360/454360  min=454360  n=1
    RECV_LOCKED      14703/1937580  min=14140  n=259999
    RECV_RESOLVE     367/134660  min=320  n=260000
    RECV_SCAN        208/59880  min=160  n=259999
    RECV_PARK        13772/1674840  min=13220  n=259999
    REPLY_TOTAL      84035/611480  min=11440  n=13
    REPLY_VALIDATE   9135/51280  min=1700  n=13
    REPLY_LOCKED     3705/611600  min=3440  n=260000
    REPLY_LOOKUP     485/305740  min=420  n=260000
    REPLY_COPY       2163/51340  min=1980  n=260000
    REPLY_FUNNEL     290/97460  min=240  n=260000
    REPLY_WAKE       354/45260  min=300  n=260000
    REPLY_RECV_TOTAL 21205/2513900  min=20420  n=260000
    REPLY_RECV_TAIL  638/150700  min=600  n=259999
    WAKE_UNPARK      107/40140  min=60  n=520012
    PICK_NEXT        81/23060  min=40  n=520064
    SWITCH_TO        25161/482473260  min=12560  n=520013
    SWITCH_BOOK      100/48780  min=80  n=520039
    MPU_APPLY        168/17920  min=140  n=520039
    MPU_COMMIT       0/0  min=0  n=0
    REENT_SEAT       0/0  min=0  n=0
    KTIME_REARM      90/18280  min=60  n=520039
    ARCH_SWITCH      24363/482470440  min=11720  n=520013
  ns-probe: cyc=4294967295 ns=2147662669 capped=0
  sat-probe: width=64 fits+1/0 wide+0/1 max=1000

  throughput: 340960 ctx-sw/s  (2932 ns/sw avg over 40000 switches / 117 ms)
  switch-probe: fastpath-swaps=0  (swapped inside the trap, so not in the switch row)
  switch:    96/120/140 cyc  48/60/70 ns  (p50/p99/max, n=40002)
  lock-hold: 1024/2816/51540 cyc  512/1408/25772 ns  (p50/p99/max, n=80246)
  lock-site: core=0 site=0x409dac max=51540
  irq-probe: line=6 raise=inject on=0 raised=100 hcore=none foreign=0 win=0
  irq:       0/0/0 cyc  0/0/0 ns  (p50/max/max, n=0)
  wcase-probe: line=6 raise=inject on=0 raised=100 hcore=none foreign=0 win=0
  wcase-irq[0B]:    0/0/0 cyc  0/0/0 ns  (p50/max/max, n=0)
  wcase-probe: line=6 raise=inject on=0 raised=100 hcore=none foreign=0 win=0
  wcase-irq[64B]:   0/0/0 cyc  0/0/0 ns  (p50/max/max, n=0)
  wcase-probe: line=6 raise=inject on=0 raised=100 hcore=none foreign=0 win=0
  wcase-irq[256B]:  0/0/0 cyc  0/0/0 ns  (p50/max/max, n=0)
  wcase-probe: line=6 raise=inject on=0 raised=100 hcore=none foreign=0 win=0
  wcase-irq[1024B]: 0/0/0 cyc  0/0/0 ns  (p50/max/max, n=0)
  e2e-settle: settled=2/2
  e2e-probe: line=7 closed=1000 dropped=0 tare=440/848 ns  (min/avg, n=64)
  e2e-passes: asked=1000 raised=1000
  e2e-local: 6144/6144/873083 ns  (p50/p99/max, n=1000)
  throughput: 347224 ctx-sw/s  (2879 ns/sw avg over 40000 switches / 115 ms)
  switch-probe: fastpath-swaps=0  (swapped inside the trap, so not in the switch row)
  switch:    96/120/140 cyc  48/60/70 ns  (p50/p99/max, n=40002)
  lock-hold: 1024/2560/21740 cyc  512/1280/10870 ns  (p50/p99/max, n=80249)
  lock-site: core=0 site=0x416918 max=21740
  irq-probe: line=6 raise=inject on=0 raised=100 hcore=none foreign=0 win=0
  irq:       0/0/0 cyc  0/0/0 ns  (p50/max/max, n=0)
  wcase-probe: line=6 raise=inject on=0 raised=100 hcore=none foreign=0 win=0
  wcase-irq[0B]:    0/0/0 cyc  0/0/0 ns  (p50/max/max, n=0)
  wcase-probe: line=6 raise=inject on=0 raised=100 hcore=none foreign=0 win=0
  wcase-irq[64B]:   0/0/0 cyc  0/0/0 ns  (p50/max/max, n=0)
  wcase-probe: line=6 raise=inject on=0 raised=100 hcore=none foreign=0 win=0
  wcase-irq[256B]:  0/0/0 cyc  0/0/0 ns  (p50/max/max, n=0)
  wcase-probe: line=6 raise=inject on=0 raised=100 hcore=none foreign=0 win=0
  wcase-irq[1024B]: 0/0/0 cyc  0/0/0 ns  (p50/max/max, n=0)
  e2e-settle: settled=2/2
  e2e-probe: line=7 closed=1000 dropped=0 tare=440/848 ns  (min/avg, n=64)
  e2e-passes: asked=1000 raised=1000
  e2e-local: 6144/6144/27282 ns  (p50/p99/max, n=1000)
  throughput: 347779 ctx-sw/s  (2875 ns/sw avg over 40000 switches / 115 ms)
  switch-probe: fastpath-swaps=0  (swapped inside the trap, so not in the switch row)
  switch:    96/120/9020 cyc  48/60/4510 ns  (p50/p99/max, n=40002)
  lock-hold: 1024/2560/39840 cyc  512/1280/19921 ns  (p50/p99/max, n=80252)
  lock-site: core=0 site=0x416918 max=39840
  irq-probe: line=6 raise=inject on=0 raised=100 hcore=none foreign=0 win=0
  irq:       0/0/0 cyc  0/0/0 ns  (p50/max/max, n=0)
  wcase-probe: line=6 raise=inject on=0 raised=100 hcore=none foreign=0 win=0
  wcase-irq[0B]:    0/0/0 cyc  0/0/0 ns  (p50/max/max, n=0)
  wcase-probe: line=6 raise=inject on=0 raised=100 hcore=none foreign=0 win=0
  wcase-irq[64B]:   0/0/0 cyc  0/0/0 ns  (p50/max/max, n=0)
  wcase-probe: line=6 raise=inject on=0 raised=100 hcore=none foreign=0 win=0
  wcase-irq[256B]:  0/0/0 cyc  0/0/0 ns  (p50/max/max, n=0)
  wcase-probe: line=6 raise=inject on=0 raised=100 hcore=none foreign=0 win=0
  wcase-irq[1024B]: 0/0/0 cyc  0/0/0 ns  (p50/max/max, n=0)
  e2e-settle: settled=2/2
  e2e-probe: line=7 closed=1000 dropped=0 tare=440/848 ns  (min/avg, n=64)
  e2e-passes: asked=1000 raised=1000
  e2e-local: 6144/6144/37724 ns  (p50/p99/max, n=1000)
  xtask ping-pong: 11065 ns/switch  (40000 switches / 442 ms)
  xtask call/reply: 16 B  36065 ns/round-trip  (27727 round-trips/s over 20000 calls / 721 ms)
  spawn/exit: thread 57276 ns  (200 reps / 11 ms)
  spawn/exit: task 128512 ns  (200 reps / 25 ms)
bench: done

KICKOS-EXIT status 0
POLL_OK=1 POLL_MS=6600
