[2J[001;001H[=3h[2J[001;001H[2J[001;001H[8;042;160t[2J[001;001H[2J[001;001H[8;056;240t[2J[001;001HBdsDxe: loading Boot0002 "UEFI QEMU HARDDISK QM00001 " from PciRoot(0x0)/Pci(0x1F,0x2)/Sata(0x0,0xFFFF,0x0)
BdsDxe: starting Boot0002 "UEFI QEMU HARDDISK QM00001 " from PciRoot(0x0)/Pci(0x1F,0x2)/Sata(0x0,0xFFFF,0x0)

KICKOS-X1 8c41d7a2 x86_64/q35 uefi-handover entry
KICKOS-X1 8c41d7a2 x86_64/q35 uefi-handover handover if=1 paging=1 longmode=1 root=1 wp=1 nx=1 nxcap=1
KICKOS-X1 8c41d7a2 x86_64/q35 uefi-handover if_after_cli=0
KICKOS-X1 8c41d7a2 x86_64/q35 uefi-handover firmware=Debian distribution of EDK II
KICKOS-X1 8c41d7a2 x86_64/q35 uefi-handover revision=0x0000000000020046
KICKOS-X1 8c41d7a2 x86_64/q35 uefi-handover map descriptors=109 stride=48 version=1 conventional_pages=117679 arena=0x0000000001800000 arena_pages=107372
KICKOS-X1 8c41d7a2 x86_64/q35 uefi-handover fp found em=0 ts=0 mp=1 osfxsr=1 osxmmexcpt=1 osxsave=0
KICKOS-X1 8c41d7a2 x86_64/q35 uefi-handover fp trapped em=1 ts=1 mp=1 osfxsr=0 osxmmexcpt=0 osxsave=0
KICKOS-X1 8c41d7a2 x86_64/q35 uefi-handover boot services left
KICKOS-X1 8c41d7a2 x86_64/q35 uefi-handover if_after_exit=0
x86_64 app relocation: base=0x0000000000400000 load_delta=0x0000000000000000 app_words=0

  ==============================================
   KickOS 0.5.1  -  microkernel RTOS
  ==============================================
   board   qemu-x86_64
   arch    x86_64
   cpu     x86-64
   mpu     off
   sched   tickless
   build   2026-09-29 00:45:06 +0200
   app     Sep 29 2026 00:45:04 +0200
   commit  8666209d-dirty
   heap    none
   kstack  4096 B x 33 = 135168 B

microbenchmark: context-switch throughput (all arches) + per-switch cost
+ IRQ-entry latency where a cycle counter exists. Reporter woken by the
workload, not a timer. Telemetry OFF for clean numbers.
cycle counter: 1998425929 Hz (0 = no rate converts a reading; cycles only)

  lock-probe: hold+1 core=0 depth=0  (three nested, one outermost)
  call/reply: 8 B  7789 ns/round-trip  (128379 round-trips/s over 20000 calls / 155 ms)
  call/reply: 16 B  7750 ns/round-trip  (129030 round-trips/s over 20000 calls / 155 ms)
  call/reply: 32 B  7713 ns/round-trip  (129639 round-trips/s over 20000 calls / 154 ms)
  call/reply: 64 B  7769 ns/round-trip  (128708 round-trips/s over 20000 calls / 155 ms)
  call/reply: 128 B  7802 ns/round-trip  (128167 round-trips/s over 20000 calls / 156 ms)
  call/reply: 256 B  7892 ns/round-trip  (126704 round-trips/s over 20000 calls / 157 ms)
  call/reply: 8 B  7665 ns/round-trip  (130455 round-trips/s over 20000 calls / 153 ms) [generic path]
  call/reply: 16 B  7707 ns/round-trip  (129750 round-trips/s over 20000 calls / 154 ms) [generic path]
  call/reply: 32 B  7804 ns/round-trip  (128131 round-trips/s over 20000 calls / 156 ms) [generic path]
  call/reply: 64 B  7824 ns/round-trip  (127803 round-trips/s over 20000 calls / 156 ms) [generic path]
  call/reply: 128 B  7728 ns/round-trip  (129387 round-trips/s over 20000 calls / 154 ms) [generic path]
  call/reply: 256 B  8030 ns/round-trip  (124531 round-trips/s over 20000 calls / 160 ms) [generic path]
  call/reply: 32 B  8292 ns/round-trip  (120583 round-trips/s over 20000 calls / 165 ms) [caller outranks server, D1 donates]
  phase table (44 rows; cyc avg/max, min last and a floor; leaf -= NULL, composite -= NULL + k*(NEST-NULL)):
    NULL             15/4720  min=1  n=260000
    NEST             85/33260  min=60  n=260000
    NEST_LOCK        57/40480  min=40  n=260000
    CALL_TOTAL       14574/2033920  min=13760  n=259999
    CALL_VALIDATE    181/27700  min=140  n=260000
    CALL_LOCKED      14059/2033240  min=13240  n=259999
    CALL_RESOLVE     211/16260  min=180  n=260000
    CALL_PEEK        51/20980  min=20  n=260000
    CALL_PROBE       81/27640  min=60  n=259999
    CALL_POP         122/36740  min=100  n=259999
    CALL_COPY        1431/101820  min=1320  n=259999
    CALL_MINT        1340/185980  min=1220  n=259999
    CALL_MINT_CAP    375/96780  min=320  n=259999
    CALL_MINT_INFO   824/92580  min=740  n=259999
    CALL_DONATE      147/19200  min=100  n=19999
    CALL_PARK        239/62280  min=200  n=259999
    CALL_WAKE        9593/2028380  min=9040  n=259999
    CALL_RESUME      147/16540  min=120  n=260000
    CALL_SLOW_TOTAL  412320/412320  min=412320  n=1
    CALL_SLOW_LOCKED 395780/395780  min=395780  n=1
    CALL_SLOW_DONATE 0/0  min=0  n=0
    CALL_SLOW_PARK   306900/306900  min=306900  n=1
    RECV_LOCKED      9858/1252200  min=9320  n=259999
    RECV_RESOLVE     247/86640  min=220  n=260000
    RECV_SCAN        141/40120  min=100  n=259999
    RECV_PARK        9230/1081500  min=8700  n=259999
    REPLY_TOTAL      85046/773540  min=9580  n=13
    REPLY_VALIDATE   8056/25380  min=1980  n=13
    REPLY_LOCKED     2459/438300  min=2260  n=260000
    REPLY_LOOKUP     312/197920  min=280  n=260000
    REPLY_COPY       1448/40780  min=1320  n=260000
    REPLY_FUNNEL     196/104940  min=160  n=260000
    REPLY_WAKE       221/28720  min=200  n=260000
    REPLY_RECV_TOTAL 14165/1624920  min=13360  n=260000
    REPLY_RECV_TAIL  430/97260  min=380  n=259999
    WAKE_UNPARK      62/27380  min=40  n=520012
    PICK_NEXT        44/14320  min=20  n=520064
    SWITCH_TO        16810/332115660  min=8240  n=520013
    SWITCH_BOOK      67/182879  min=40  n=520039
    MPU_APPLY        110/46060  min=80  n=520039
    MPU_COMMIT       0/0  min=0  n=0
    REENT_SEAT       0/0  min=0  n=0
    KTIME_REARM      60/7480  min=40  n=520039
    ARCH_SWITCH      16274/332112960  min=7720  n=520013
  ns-probe: cyc=4294967295 ns=2149175124 capped=0
  sat-probe: width=64 fits+1/0 wide+0/1 max=1000

  throughput: 475556 ctx-sw/s  (2102 ns/sw avg over 40000 switches / 84 ms)
  switch-probe: fastpath-swaps=0  (swapped inside the trap, so not in the switch row)
  switch:    60/96/10640 cyc  30/48/5324 ns  (p50/p99/max, n=40002)
  lock-hold: 1664/3072/37040 cyc  832/1537/18534 ns  (p50/p99/max, n=80248)
  lock-site: core=0 site=0x409dac max=37040
  irq-probe: line=6 raise=inject on=0 raised=100 hcore=none foreign=0 win=0
  irq:       0/0/0 cyc  0/0/0 ns  (p50/max/max, n=0)
  wcase-probe: line=6 raise=inject on=0 raised=100 hcore=none foreign=0 win=0
  wcase-irq[0B]:    0/0/0 cyc  0/0/0 ns  (p50/max/max, n=0)
  wcase-probe: line=6 raise=inject on=0 raised=100 hcore=none foreign=0 win=0
  wcase-irq[64B]:   0/0/0 cyc  0/0/0 ns  (p50/max/max, n=0)
  wcase-probe: line=6 raise=inject on=0 raised=100 hcore=none foreign=0 win=0
  wcase-irq[256B]:  0/0/0 cyc  0/0/0 ns  (p50/max/max, n=0)
  wcase-probe: line=6 raise=inject on=0 raised=100 hcore=none foreign=0 win=0
  wcase-irq[1024B]: 0/0/0 cyc  0/0/0 ns  (p50/max/max, n=0)
  e2e-settle: settled=2/2
  e2e-probe: line=7 closed=1000 dropped=0 tare=290/552 ns  (min/avg, n=64)
  e2e-passes: asked=1000 raised=1000
  e2e-local: 4096/6144/589655 ns  (p50/p99/max, n=1000)
  throughput: 521803 ctx-sw/s  (1916 ns/sw avg over 40000 switches / 76 ms)
  switch-probe: fastpath-swaps=0  (swapped inside the trap, so not in the switch row)
  switch:    60/80/25320 cyc  30/40/12669 ns  (p50/p99/max, n=40002)
  lock-hold: 1024/2560/79860 cyc  512/1281/39961 ns  (p50/p99/max, n=80252)
  lock-site: core=0 site=0x409dac max=79860
  irq-probe: line=6 raise=inject on=0 raised=100 hcore=none foreign=0 win=0
  irq:       0/0/0 cyc  0/0/0 ns  (p50/max/max, n=0)
  wcase-probe: line=6 raise=inject on=0 raised=100 hcore=none foreign=0 win=0
  wcase-irq[0B]:    0/0/0 cyc  0/0/0 ns  (p50/max/max, n=0)
  wcase-probe: line=6 raise=inject on=0 raised=100 hcore=none foreign=0 win=0
  wcase-irq[64B]:   0/0/0 cyc  0/0/0 ns  (p50/max/max, n=0)
  wcase-probe: line=6 raise=inject on=0 raised=100 hcore=none foreign=0 win=0
  wcase-irq[256B]:  0/0/0 cyc  0/0/0 ns  (p50/max/max, n=0)
  wcase-probe: line=6 raise=inject on=0 raised=100 hcore=none foreign=0 win=0
  wcase-irq[1024B]: 0/0/0 cyc  0/0/0 ns  (p50/max/max, n=0)
  e2e-settle: settled=2/2
  e2e-probe: line=7 closed=1000 dropped=0 tare=290/552 ns  (min/avg, n=64)
  e2e-passes: asked=1000 raised=1000
  e2e-local: 4096/5120/47628 ns  (p50/p99/max, n=1000)
  throughput: 527295 ctx-sw/s  (1896 ns/sw avg over 40000 switches / 75 ms)
  switch-probe: fastpath-swaps=0  (swapped inside the trap, so not in the switch row)
  switch:    60/80/420 cyc  30/40/210 ns  (p50/p99/max, n=40002)
  lock-hold: 960/1792/38020 cyc  480/896/19024 ns  (p50/p99/max, n=80248)
  lock-site: core=0 site=0x409dac max=38020
  irq-probe: line=6 raise=inject on=0 raised=100 hcore=none foreign=0 win=0
  irq:       0/0/0 cyc  0/0/0 ns  (p50/max/max, n=0)
  wcase-probe: line=6 raise=inject on=0 raised=100 hcore=none foreign=0 win=0
  wcase-irq[0B]:    0/0/0 cyc  0/0/0 ns  (p50/max/max, n=0)
  wcase-probe: line=6 raise=inject on=0 raised=100 hcore=none foreign=0 win=0
  wcase-irq[64B]:   0/0/0 cyc  0/0/0 ns  (p50/max/max, n=0)
  wcase-probe: line=6 raise=inject on=0 raised=100 hcore=none foreign=0 win=0
  wcase-irq[256B]:  0/0/0 cyc  0/0/0 ns  (p50/max/max, n=0)
  wcase-probe: line=6 raise=inject on=0 raised=100 hcore=none foreign=0 win=0
  wcase-irq[1024B]: 0/0/0 cyc  0/0/0 ns  (p50/max/max, n=0)
  e2e-settle: settled=2/2
  e2e-probe: line=7 closed=1000 dropped=0 tare=290/552 ns  (min/avg, n=64)
  e2e-passes: asked=1000 raised=1000
  e2e-local: 4096/4608/45165 ns  (p50/p99/max, n=1000)
  xtask ping-pong: 7558 ns/switch  (40000 switches / 302 ms)
  xtask call/reply: 16 B  24679 ns/round-trip  (40519 round-trips/s over 20000 calls / 493 ms)
  spawn/exit: thread 37837 ns  (200 reps / 7 ms)
  spawn/exit: task 83126 ns  (200 reps / 16 ms)
bench: done

KICKOS-EXIT status 0
POLL_OK=1 POLL_MS=4600
