
  ==============================================
   KickOS 0.5.1  -  microkernel RTOS
  ==============================================
   board   qemu-arm64
   arch    armv8a
   cpu     cortex-a53
   mpu     off
   sched   tickless
   build   2026-09-28 23:01:26 +0200
   app     Sep 28 2026 23:01:26 +0200
   commit  8a76388a-dirty
   heap    64 KiB available
   kstack  4096 B x 17 = 69632 B

microbenchmark: context-switch throughput (all arches) + per-switch cost
+ IRQ-entry latency where a cycle counter exists. Reporter woken by the
workload, not a timer. Telemetry OFF for clean numbers.
cycle counter: 0 Hz (0 = no rate converts a reading; cycles only)

  lock-probe: hold+1 core=0 depth=0  (three nested, one outermost)
  call/reply: 8 B  29052 ns/round-trip  (34419 round-trips/s over 20000 calls / 581 ms)
  call/reply: 16 B  28721 ns/round-trip  (34816 round-trips/s over 20000 calls / 574 ms)
  call/reply: 32 B  28593 ns/round-trip  (34973 round-trips/s over 20000 calls / 571 ms)
  call/reply: 64 B  29027 ns/round-trip  (34450 round-trips/s over 20000 calls / 580 ms)
  call/reply: 128 B  29248 ns/round-trip  (34189 round-trips/s over 20000 calls / 584 ms)
  call/reply: 256 B  29364 ns/round-trip  (34054 round-trips/s over 20000 calls / 587 ms)
  call/reply: 8 B  28908 ns/round-trip  (34591 round-trips/s over 20000 calls / 578 ms) [generic path]
  call/reply: 16 B  29046 ns/round-trip  (34427 round-trips/s over 20000 calls / 580 ms) [generic path]
  call/reply: 32 B  29104 ns/round-trip  (34359 round-trips/s over 20000 calls / 582 ms) [generic path]
  call/reply: 64 B  29230 ns/round-trip  (34210 round-trips/s over 20000 calls / 584 ms) [generic path]
  call/reply: 128 B  29272 ns/round-trip  (34161 round-trips/s over 20000 calls / 585 ms) [generic path]
  call/reply: 256 B  29377 ns/round-trip  (34039 round-trips/s over 20000 calls / 587 ms) [generic path]
  call/reply: 32 B  30016 ns/round-trip  (33314 round-trips/s over 20000 calls / 600 ms) [caller outranks server, D1 donates]
  phase table (44 rows; cyc avg/max, min last and a floor; leaf -= NULL, composite -= NULL + k*(NEST-NULL)):
    NULL             167/17063  min=100  n=260000
    NEST             491/21821  min=310  n=260000
    NEST_LOCK        355/14868  min=220  n=260000
    CALL_TOTAL       26753/1524721  min=16892  n=259999
    CALL_VALIDATE    297/15179  min=181  n=260000
    CALL_LOCKED      25522/1522868  min=16090  n=259999
    CALL_RESOLVE     330/11882  min=210  n=260000
    CALL_PEEK        278/11772  min=170  n=260000
    CALL_PROBE       200/12012  min=120  n=259999
    CALL_POP         264/21270  min=160  n=259999
    CALL_COPY        965/46457  min=581  n=259999
    CALL_MINT        1506/73328  min=932  n=259999
    CALL_MINT_CAP    367/44895  min=220  n=259999
    CALL_MINT_INFO   575/27071  min=370  n=259999
    CALL_DONATE      269/12703  min=250  n=19999
    CALL_PARK        369/27341  min=230  n=259999
    CALL_WAKE        18213/1515754  min=11481  n=259999
    CALL_RESUME      177/14908  min=101  n=260000
    CALL_SLOW_TOTAL  296357/296357  min=296357  n=1
    CALL_SLOW_LOCKED 286900/286900  min=286900  n=1
    CALL_SLOW_DONATE 0/0  min=0  n=0
    CALL_SLOW_PARK   212981/212981  min=212981  n=1
    RECV_LOCKED      20990/568270  min=13235  n=259999
    RECV_RESOLVE     396/66626  min=250  n=260000
    RECV_SCAN        256/46788  min=150  n=259999
    RECV_PARK        19496/454977  min=12283  n=259999
    REPLY_TOTAL      63003/537241  min=9848  n=13
    REPLY_VALIDATE   6160/20429  min=2154  n=13
    REPLY_LOCKED     3007/205998  min=1863  n=260000
    REPLY_LOOKUP     500/92163  min=300  n=260000
    REPLY_COPY       747/23594  min=431  n=260000
    REPLY_FUNNEL     252/42790  min=150  n=260000
    REPLY_WAKE       547/16321  min=331  n=260000
    REPLY_RECV_TOTAL 25990/850642  min=16431  n=260000
    REPLY_RECV_TAIL  795/41989  min=491  n=259999
    WAKE_UNPARK      218/15680  min=130  n=520012
    PICK_NEXT        192/10189  min=110  n=520064
    SWITCH_TO        32346/600821882  min=10670  n=520013
    SWITCH_BOOK      151/65413  min=90  n=520039
    MPU_APPLY        200/16722  min=120  n=520039
    MPU_COMMIT       0/0  min=0  n=0
    REENT_SEAT       176/16211  min=100  n=520039
    KTIME_REARM      204/51517  min=100  n=520039
    ARCH_SWITCH      30528/600813447  min=9528  n=520013
  ns-probe: rate=0 (nothing converts, so no ns column is printed)
  sat-probe: width=64 fits+1/0 wide+0/1 max=1000

  throughput: 112936 ctx-sw/s  (8854 ns/sw avg over 40000 switches / 354 ms)
  switch-probe: fastpath-swaps=0  (swapped inside the trap, so not in the switch row)
  switch:    256/256/420 cyc  (p50/p99/max, n=40002)
  lock-hold: 1408/3840/34505 cyc  (p50/p99/max, n=80234)
  lock-site: core=0 site=0xffffff8040006f20 max=34505
  irq-probe: line=200 raise=inject on=0 raised=100 hcore=none foreign=0 win=0
  irq:       0/0/0 cyc  (p50/max/max, n=0)
  wcase-probe: line=200 raise=inject on=0 raised=100 hcore=none foreign=0 win=0
  wcase-irq[0B]:    0/0/0 cyc  (p50/max/max, n=0)
  wcase-probe: line=200 raise=inject on=0 raised=100 hcore=none foreign=0 win=0
  wcase-irq[64B]:   0/0/0 cyc  (p50/max/max, n=0)
  wcase-probe: line=200 raise=inject on=0 raised=100 hcore=none foreign=0 win=0
  wcase-irq[256B]:  0/0/0 cyc  (p50/max/max, n=0)
  wcase-probe: line=200 raise=inject on=0 raised=100 hcore=none foreign=0 win=0
  wcase-irq[1024B]: 0/0/0 cyc  (p50/max/max, n=0)
  e2e-settle: settled=2/2
  e2e-probe: line=201 closed=1000 dropped=0 tare=1440/1867 ns  (min/avg, n=64)
  e2e-passes: asked=1000 raised=1000
  e2e-local: 12288/13312/357616 ns  (p50/p99/max, n=1000)
  throughput: 113430 ctx-sw/s  (8815 ns/sw avg over 40000 switches / 352 ms)
  switch-probe: fastpath-swaps=0  (swapped inside the trap, so not in the switch row)
  switch:    240/256/18755 cyc  (p50/p99/max, n=40002)
  lock-hold: 1408/3840/34475 cyc  (p50/p99/max, n=80239)
  lock-site: core=0 site=0xffffff8040006f20 max=34475
  irq-probe: line=200 raise=inject on=0 raised=100 hcore=none foreign=0 win=0
  irq:       0/0/0 cyc  (p50/max/max, n=0)
  wcase-probe: line=200 raise=inject on=0 raised=100 hcore=none foreign=0 win=0
  wcase-irq[0B]:    0/0/0 cyc  (p50/max/max, n=0)
  wcase-probe: line=200 raise=inject on=0 raised=100 hcore=none foreign=0 win=0
  wcase-irq[64B]:   0/0/0 cyc  (p50/max/max, n=0)
  wcase-probe: line=200 raise=inject on=0 raised=100 hcore=none foreign=0 win=0
  wcase-irq[256B]:  0/0/0 cyc  (p50/max/max, n=0)
  wcase-probe: line=200 raise=inject on=0 raised=100 hcore=none foreign=0 win=0
  wcase-irq[1024B]: 0/0/0 cyc  (p50/max/max, n=0)
  e2e-settle: settled=2/2
  e2e-probe: line=201 closed=1000 dropped=0 tare=1440/1867 ns  (min/avg, n=64)
  e2e-passes: asked=1000 raised=1000
  e2e-local: 12288/13312/44480 ns  (p50/p99/max, n=1000)
  throughput: 113722 ctx-sw/s  (8793 ns/sw avg over 40000 switches / 351 ms)
  switch-probe: fastpath-swaps=0  (swapped inside the trap, so not in the switch row)
  switch:    240/256/6402 cyc  (p50/p99/max, n=40002)
  lock-hold: 1408/3840/25217 cyc  (p50/p99/max, n=80238)
  lock-site: core=0 site=0xffffff8040006f20 max=25217
  irq-probe: line=200 raise=inject on=0 raised=100 hcore=none foreign=0 win=0
  irq:       0/0/0 cyc  (p50/max/max, n=0)
  wcase-probe: line=200 raise=inject on=0 raised=100 hcore=none foreign=0 win=0
  wcase-irq[0B]:    0/0/0 cyc  (p50/max/max, n=0)
  wcase-probe: line=200 raise=inject on=0 raised=100 hcore=none foreign=0 win=0
  wcase-irq[64B]:   0/0/0 cyc  (p50/max/max, n=0)
  wcase-probe: line=200 raise=inject on=0 raised=100 hcore=none foreign=0 win=0
  wcase-irq[256B]:  0/0/0 cyc  (p50/max/max, n=0)
  wcase-probe: line=200 raise=inject on=0 raised=100 hcore=none foreign=0 win=0
  wcase-irq[1024B]: 0/0/0 cyc  (p50/max/max, n=0)
  e2e-settle: settled=2/2
  e2e-probe: line=201 closed=1000 dropped=0 tare=1440/1867 ns  (min/avg, n=64)
  e2e-passes: asked=1000 raised=1000
  e2e-local: 12288/13312/42080 ns  (p50/p99/max, n=1000)
  xtask ping-pong: 19802 ns/switch  (40000 switches / 792 ms)
  xtask call/reply: 16 B  59766 ns/round-trip  (16731 round-trips/s over 20000 calls / 1195 ms)
  spawn/exit: thread 39132 ns  (200 reps / 7 ms)
  spawn/exit: task 164646 ns  (200 reps / 32 ms)
bench: done
POLL_OK=1 POLL_MS=12000
