
  ==============================================
   KickOS 0.5.1  -  microkernel RTOS
  ==============================================
   board   qemu-arm64
   arch    armv8a
   cpu     cortex-a53
   mpu     off
   sched   tickless
   build   2026-09-28 23:01:26 +0200
   app     Sep 28 2026 23:01:26 +0200
   commit  8a76388a-dirty
   heap    64 KiB available
   kstack  4096 B x 17 = 69632 B

microbenchmark: context-switch throughput (all arches) + per-switch cost
+ IRQ-entry latency where a cycle counter exists. Reporter woken by the
workload, not a timer. Telemetry OFF for clean numbers.
cycle counter: 0 Hz (0 = no rate converts a reading; cycles only)

  lock-probe: hold+1 core=0 depth=0  (three nested, one outermost)
  call/reply: 8 B  28558 ns/round-trip  (35015 round-trips/s over 20000 calls / 571 ms)
  call/reply: 16 B  28444 ns/round-trip  (35156 round-trips/s over 20000 calls / 568 ms)
  call/reply: 32 B  28534 ns/round-trip  (35044 round-trips/s over 20000 calls / 570 ms)
  call/reply: 64 B  28842 ns/round-trip  (34670 round-trips/s over 20000 calls / 576 ms)
  call/reply: 128 B  28757 ns/round-trip  (34773 round-trips/s over 20000 calls / 575 ms)
  call/reply: 256 B  27234 ns/round-trip  (36717 round-trips/s over 20000 calls / 544 ms)
  call/reply: 8 B  19244 ns/round-trip  (51963 round-trips/s over 20000 calls / 384 ms) [generic path]
  call/reply: 16 B  18975 ns/round-trip  (52700 round-trips/s over 20000 calls / 379 ms) [generic path]
  call/reply: 32 B  18793 ns/round-trip  (53211 round-trips/s over 20000 calls / 375 ms) [generic path]
  call/reply: 64 B  19311 ns/round-trip  (51783 round-trips/s over 20000 calls / 386 ms) [generic path]
  call/reply: 128 B  19353 ns/round-trip  (51670 round-trips/s over 20000 calls / 387 ms) [generic path]
  call/reply: 256 B  19317 ns/round-trip  (51766 round-trips/s over 20000 calls / 386 ms) [generic path]
  call/reply: 32 B  19687 ns/round-trip  (50794 round-trips/s over 20000 calls / 393 ms) [caller outranks server, D1 donates]
  phase table (44 rows; cyc avg/max, min last and a floor; leaf -= NULL, composite -= NULL + k*(NEST-NULL)):
    NULL             135/10049  min=100  n=260000
    NEST             395/18985  min=291  n=260000
    NEST_LOCK        295/56877  min=220  n=260000
    CALL_TOTAL       21497/1464347  min=16791  n=259999
    CALL_VALIDATE    256/13125  min=190  n=260000
    CALL_LOCKED      20495/1462433  min=15980  n=259999
    CALL_RESOLVE     263/14518  min=180  n=260000
    CALL_PEEK        226/12243  min=160  n=260000
    CALL_PROBE       172/16651  min=120  n=259999
    CALL_POP         200/29065  min=140  n=259999
    CALL_COPY        784/26480  min=571  n=259999
    CALL_MINT        1205/106320  min=911  n=259999
    CALL_MINT_CAP    292/63920  min=200  n=259999
    CALL_MINT_INFO   480/39975  min=351  n=259999
    CALL_DONATE      179/8456  min=160  n=19999
    CALL_PARK        310/40356  min=230  n=259999
    CALL_WAKE        14620/1454689  min=11411  n=259999
    CALL_RESUME      154/12914  min=110  n=260000
    CALL_SLOW_TOTAL  246975/246975  min=246975  n=1
    CALL_SLOW_LOCKED 240703/240703  min=240703  n=1
    CALL_SLOW_DONATE 0/0  min=0  n=0
    CALL_SLOW_PARK   184327/184327  min=184327  n=1
    RECV_LOCKED      16917/771433  min=13135  n=259999
    RECV_RESOLVE     323/65444  min=240  n=260000
    RECV_SCAN        194/27252  min=140  n=259999
    RECV_PARK        15739/655855  min=12223  n=259999
    REPLY_TOTAL      55030/468332  min=8035  n=13
    REPLY_VALIDATE   5548/18214  min=3096  n=13
    REPLY_LOCKED     2401/253437  min=1814  n=260000
    REPLY_LOOKUP     416/136677  min=300  n=260000
    REPLY_COPY       605/14027  min=430  n=260000
    REPLY_FUNNEL     202/44805  min=130  n=260000
    REPLY_WAKE       454/32602  min=310  n=260000
    REPLY_RECV_TOTAL 20915/1048594  min=16290  n=260000
    REPLY_RECV_TAIL  652/68779  min=481  n=259999
    WAKE_UNPARK      176/17724  min=100  n=520012
    PICK_NEXT        156/29546  min=90  n=520064
    SWITCH_TO        26041/577195192  min=10610  n=520013
    SWITCH_BOOK      124/84239  min=90  n=520039
    MPU_APPLY        164/21320  min=120  n=520039
    MPU_COMMIT       0/0  min=0  n=0
    REENT_SEAT       139/19566  min=80  n=520039
    KTIME_REARM      164/14217  min=90  n=520039
    ARCH_SWITCH      24587/577185343  min=9468  n=520013
  ns-probe: rate=0 (nothing converts, so no ns column is printed)
  sat-probe: width=64 fits+1/0 wide+0/1 max=1000

  throughput: 168527 ctx-sw/s  (5933 ns/sw avg over 40000 switches / 237 ms)
  switch-probe: fastpath-swaps=0  (swapped inside the trap, so not in the switch row)
  switch:    160/208/4800 cyc  (p50/p99/max, n=40002)
  lock-hold: 1408/2560/39434 cyc  (p50/p99/max, n=80235)
  lock-site: core=0 site=0xffffff8040006f20 max=39434
  irq-probe: line=200 raise=inject on=0 raised=100 hcore=none foreign=0 win=0
  irq:       0/0/0 cyc  (p50/max/max, n=0)
  wcase-probe: line=200 raise=inject on=0 raised=100 hcore=none foreign=0 win=0
  wcase-irq[0B]:    0/0/0 cyc  (p50/max/max, n=0)
  wcase-probe: line=200 raise=inject on=0 raised=100 hcore=none foreign=0 win=0
  wcase-irq[64B]:   0/0/0 cyc  (p50/max/max, n=0)
  wcase-probe: line=200 raise=inject on=0 raised=100 hcore=none foreign=0 win=0
  wcase-irq[256B]:  0/0/0 cyc  (p50/max/max, n=0)
  wcase-probe: line=200 raise=inject on=0 raised=100 hcore=none foreign=0 win=0
  wcase-irq[1024B]: 0/0/0 cyc  (p50/max/max, n=0)
  e2e-settle: settled=2/2
  e2e-probe: line=201 closed=1000 dropped=0 tare=992/1273 ns  (min/avg, n=64)
  e2e-passes: asked=1000 raised=1000
  e2e-local: 8192/11264/237920 ns  (p50/p99/max, n=1000)
  throughput: 168281 ctx-sw/s  (5942 ns/sw avg over 40000 switches / 237 ms)
  switch-probe: fastpath-swaps=0  (swapped inside the trap, so not in the switch row)
  switch:    160/208/782 cyc  (p50/p99/max, n=40002)
  lock-hold: 1408/2560/30768 cyc  (p50/p99/max, n=80237)
  lock-site: core=0 site=0xffffff8040006f20 max=30768
  irq-probe: line=200 raise=inject on=0 raised=100 hcore=none foreign=0 win=0
  irq:       0/0/0 cyc  (p50/max/max, n=0)
  wcase-probe: line=200 raise=inject on=0 raised=100 hcore=none foreign=0 win=0
  wcase-irq[0B]:    0/0/0 cyc  (p50/max/max, n=0)
  wcase-probe: line=200 raise=inject on=0 raised=100 hcore=none foreign=0 win=0
  wcase-irq[64B]:   0/0/0 cyc  (p50/max/max, n=0)
  wcase-probe: line=200 raise=inject on=0 raised=100 hcore=none foreign=0 win=0
  wcase-irq[256B]:  0/0/0 cyc  (p50/max/max, n=0)
  wcase-probe: line=200 raise=inject on=0 raised=100 hcore=none foreign=0 win=0
  wcase-irq[1024B]: 0/0/0 cyc  (p50/max/max, n=0)
  e2e-settle: settled=2/2
  e2e-probe: line=201 closed=1000 dropped=0 tare=992/1273 ns  (min/avg, n=64)
  e2e-passes: asked=1000 raised=1000
  e2e-local: 8192/12288/29856 ns  (p50/p99/max, n=1000)
  throughput: 171210 ctx-sw/s  (5840 ns/sw avg over 40000 switches / 233 ms)
  switch-probe: fastpath-swaps=0  (swapped inside the trap, so not in the switch row)
  switch:    160/160/6893 cyc  (p50/p99/max, n=40002)
  lock-hold: 1152/2560/46157 cyc  (p50/p99/max, n=80238)
  lock-site: core=0 site=0xffffff80400189dc max=46157
  irq-probe: line=200 raise=inject on=0 raised=100 hcore=none foreign=0 win=0
  irq:       0/0/0 cyc  (p50/max/max, n=0)
  wcase-probe: line=200 raise=inject on=0 raised=100 hcore=none foreign=0 win=0
  wcase-irq[0B]:    0/0/0 cyc  (p50/max/max, n=0)
  wcase-probe: line=200 raise=inject on=0 raised=100 hcore=none foreign=0 win=0
  wcase-irq[64B]:   0/0/0 cyc  (p50/max/max, n=0)
  wcase-probe: line=200 raise=inject on=0 raised=100 hcore=none foreign=0 win=0
  wcase-irq[256B]:  0/0/0 cyc  (p50/max/max, n=0)
  wcase-probe: line=200 raise=inject on=0 raised=100 hcore=none foreign=0 win=0
  wcase-irq[1024B]: 0/0/0 cyc  (p50/max/max, n=0)
  e2e-settle: settled=2/2
  e2e-probe: line=201 closed=1000 dropped=0 tare=992/1273 ns  (min/avg, n=64)
  e2e-passes: asked=1000 raised=1000
  e2e-local: 8192/9216/28416 ns  (p50/p99/max, n=1000)
  xtask ping-pong: 13342 ns/switch  (40000 switches / 533 ms)
  xtask call/reply: 16 B  40436 ns/round-trip  (24730 round-trips/s over 20000 calls / 808 ms)
  spawn/exit: thread 26149 ns  (200 reps / 5 ms)
  spawn/exit: task 112128 ns  (200 reps / 22 ms)
bench: done
POLL_OK=1 POLL_MS=9000
