
  ==============================================
   KickOS 0.5.1  -  microkernel RTOS
  ==============================================
   board   qemu-arm64
   arch    armv8a
   cpu     cortex-a53
   mpu     off
   sched   tickless
   build   2026-09-28 23:01:26 +0200
   app     Sep 28 2026 23:01:26 +0200
   commit  8a76388a-dirty
   heap    64 KiB available
   kstack  4096 B x 17 = 69632 B

microbenchmark: context-switch throughput (all arches) + per-switch cost
+ IRQ-entry latency where a cycle counter exists. Reporter woken by the
workload, not a timer. Telemetry OFF for clean numbers.
cycle counter: 0 Hz (0 = no rate converts a reading; cycles only)

  lock-probe: hold+1 core=0 depth=0  (three nested, one outermost)
  call/reply: 8 B  28661 ns/round-trip  (34890 round-trips/s over 20000 calls / 573 ms)
  call/reply: 16 B  28385 ns/round-trip  (35229 round-trips/s over 20000 calls / 567 ms)
  call/reply: 32 B  28558 ns/round-trip  (35015 round-trips/s over 20000 calls / 571 ms)
  call/reply: 64 B  28558 ns/round-trip  (35015 round-trips/s over 20000 calls / 571 ms)
  call/reply: 128 B  28662 ns/round-trip  (34888 round-trips/s over 20000 calls / 573 ms)
  call/reply: 256 B  26663 ns/round-trip  (37505 round-trips/s over 20000 calls / 533 ms)
  call/reply: 8 B  19310 ns/round-trip  (51786 round-trips/s over 20000 calls / 386 ms) [generic path]
  call/reply: 16 B  19133 ns/round-trip  (52264 round-trips/s over 20000 calls / 382 ms) [generic path]
  call/reply: 32 B  19119 ns/round-trip  (52303 round-trips/s over 20000 calls / 382 ms) [generic path]
  call/reply: 64 B  18987 ns/round-trip  (52667 round-trips/s over 20000 calls / 379 ms) [generic path]
  call/reply: 128 B  19058 ns/round-trip  (52470 round-trips/s over 20000 calls / 381 ms) [generic path]
  call/reply: 256 B  19423 ns/round-trip  (51484 round-trips/s over 20000 calls / 388 ms) [generic path]
  call/reply: 32 B  19764 ns/round-trip  (50595 round-trips/s over 20000 calls / 395 ms) [caller outranks server, D1 donates]
  phase table (44 rows; cyc avg/max, min last and a floor; leaf -= NULL, composite -= NULL + k*(NEST-NULL)):
    NULL             135/10960  min=100  n=260000
    NEST             398/13575  min=290  n=260000
    NEST_LOCK        294/21671  min=220  n=260000
    CALL_TOTAL       21441/1428560  min=16902  n=259999
    CALL_VALIDATE    255/12334  min=180  n=260000
    CALL_LOCKED      20438/1426676  min=16101  n=259999
    CALL_RESOLVE     261/19918  min=190  n=260000
    CALL_PEEK        221/12213  min=160  n=260000
    CALL_PROBE       173/16922  min=120  n=259999
    CALL_POP         198/29355  min=140  n=259999
    CALL_COPY        778/26430  min=581  n=259999
    CALL_MINT        1193/106350  min=911  n=259999
    CALL_MINT_CAP    291/63940  min=200  n=259999
    CALL_MINT_INFO   471/24767  min=351  n=259999
    CALL_DONATE      179/9047  min=160  n=19999
    CALL_PARK        300/41147  min=230  n=259999
    CALL_WAKE        14599/1419312  min=11491  n=259999
    CALL_RESUME      169/11511  min=110  n=260000
    CALL_SLOW_TOTAL  234612/234612  min=234612  n=1
    CALL_SLOW_LOCKED 227789/227789  min=227789  n=1
    CALL_SLOW_DONATE 0/0  min=0  n=0
    CALL_SLOW_PARK   158889/158889  min=158889  n=1
    RECV_LOCKED      16880/781120  min=13215  n=259999
    RECV_RESOLVE     305/64631  min=220  n=260000
    RECV_SCAN        193/27562  min=140  n=259999
    RECV_PARK        15704/665804  min=12283  n=259999
    REPLY_TOTAL      56868/507315  min=7794  n=13
    REPLY_VALIDATE   5719/17483  min=2234  n=13
    REPLY_LOCKED     2394/255270  min=1823  n=260000
    REPLY_LOOKUP     412/137579  min=300  n=260000
    REPLY_COPY       600/22923  min=430  n=260000
    REPLY_FUNNEL     201/45506  min=131  n=260000
    REPLY_WAKE       453/19857  min=310  n=260000
    REPLY_RECV_TOTAL 20856/1050999  min=16400  n=260000
    REPLY_RECV_TAIL  651/62678  min=480  n=259999
    WAKE_UNPARK      178/17533  min=100  n=520012
    PICK_NEXT        156/12825  min=100  n=520064
    SWITCH_TO        25979/574531516  min=10680  n=520013
    SWITCH_BOOK      123/90250  min=90  n=520039
    MPU_APPLY        175/14898  min=120  n=520039
    MPU_COMMIT       0/0  min=0  n=0
    REENT_SEAT       139/16862  min=80  n=520039
    KTIME_REARM      164/8826  min=90  n=520039
    ARCH_SWITCH      24522/574457728  min=9558  n=520013
  ns-probe: rate=0 (nothing converts, so no ns column is printed)
  sat-probe: width=64 fits+1/0 wide+0/1 max=1000

  throughput: 167094 ctx-sw/s  (5984 ns/sw avg over 40000 switches / 239 ms)
  switch-probe: fastpath-swaps=0  (swapped inside the trap, so not in the switch row)
  switch:    160/256/9027 cyc  (p50/p99/max, n=40002)
  lock-hold: 1536/3840/24005 cyc  (p50/p99/max, n=80235)
  lock-site: core=0 site=0xffffff8040006f20 max=24005
  irq-probe: line=200 raise=inject on=0 raised=100 hcore=none foreign=0 win=0
  irq:       0/0/0 cyc  (p50/max/max, n=0)
  wcase-probe: line=200 raise=inject on=0 raised=100 hcore=none foreign=0 win=0
  wcase-irq[0B]:    0/0/0 cyc  (p50/max/max, n=0)
  wcase-probe: line=200 raise=inject on=0 raised=100 hcore=none foreign=0 win=0
  wcase-irq[64B]:   0/0/0 cyc  (p50/max/max, n=0)
  wcase-probe: line=200 raise=inject on=0 raised=100 hcore=none foreign=0 win=0
  wcase-irq[256B]:  0/0/0 cyc  (p50/max/max, n=0)
  wcase-probe: line=200 raise=inject on=0 raised=100 hcore=none foreign=0 win=0
  wcase-irq[1024B]: 0/0/0 cyc  (p50/max/max, n=0)
  e2e-settle: settled=2/2
  e2e-probe: line=201 closed=1000 dropped=0 tare=944/1230 ns  (min/avg, n=64)
  e2e-passes: asked=1000 raised=1000
  e2e-local: 8192/13312/242928 ns  (p50/p99/max, n=1000)
  throughput: 166618 ctx-sw/s  (6001 ns/sw avg over 40000 switches / 240 ms)
  switch-probe: fastpath-swaps=0  (swapped inside the trap, so not in the switch row)
  switch:    160/256/10029 cyc  (p50/p99/max, n=40002)
  lock-hold: 1536/3840/32040 cyc  (p50/p99/max, n=80239)
  lock-site: core=0 site=0xffffff8040006f20 max=32040
  irq-probe: line=200 raise=inject on=0 raised=100 hcore=none foreign=0 win=0
  irq:       0/0/0 cyc  (p50/max/max, n=0)
  wcase-probe: line=200 raise=inject on=0 raised=100 hcore=none foreign=0 win=0
  wcase-irq[0B]:    0/0/0 cyc  (p50/max/max, n=0)
  wcase-probe: line=200 raise=inject on=0 raised=100 hcore=none foreign=0 win=0
  wcase-irq[64B]:   0/0/0 cyc  (p50/max/max, n=0)
  wcase-probe: line=200 raise=inject on=0 raised=100 hcore=none foreign=0 win=0
  wcase-irq[256B]:  0/0/0 cyc  (p50/max/max, n=0)
  wcase-probe: line=200 raise=inject on=0 raised=100 hcore=none foreign=0 win=0
  wcase-irq[1024B]: 0/0/0 cyc  (p50/max/max, n=0)
  e2e-settle: settled=2/2
  e2e-probe: line=201 closed=1000 dropped=0 tare=944/1230 ns  (min/avg, n=64)
  e2e-passes: asked=1000 raised=1000
  e2e-local: 8192/12288/29648 ns  (p50/p99/max, n=1000)
  throughput: 170243 ctx-sw/s  (5873 ns/sw avg over 40000 switches / 234 ms)
  switch-probe: fastpath-swaps=0  (swapped inside the trap, so not in the switch row)
  switch:    160/224/3887 cyc  (p50/p99/max, n=40002)
  lock-hold: 1408/2560/34845 cyc  (p50/p99/max, n=80238)
  lock-site: core=0 site=0xffffff8040006f20 max=34845
  irq-probe: line=200 raise=inject on=0 raised=100 hcore=none foreign=0 win=0
  irq:       0/0/0 cyc  (p50/max/max, n=0)
  wcase-probe: line=200 raise=inject on=0 raised=100 hcore=none foreign=0 win=0
  wcase-irq[0B]:    0/0/0 cyc  (p50/max/max, n=0)
  wcase-probe: line=200 raise=inject on=0 raised=100 hcore=none foreign=0 win=0
  wcase-irq[64B]:   0/0/0 cyc  (p50/max/max, n=0)
  wcase-probe: line=200 raise=inject on=0 raised=100 hcore=none foreign=0 win=0
  wcase-irq[256B]:  0/0/0 cyc  (p50/max/max, n=0)
  wcase-probe: line=200 raise=inject on=0 raised=100 hcore=none foreign=0 win=0
  wcase-irq[1024B]: 0/0/0 cyc  (p50/max/max, n=0)
  e2e-settle: settled=2/2
  e2e-probe: line=201 closed=1000 dropped=0 tare=944/1230 ns  (min/avg, n=64)
  e2e-passes: asked=1000 raised=1000
  e2e-local: 8192/12288/36896 ns  (p50/p99/max, n=1000)
  xtask ping-pong: 13206 ns/switch  (40000 switches / 528 ms)
  xtask call/reply: 16 B  39593 ns/round-trip  (25256 round-trips/s over 20000 calls / 791 ms)
  spawn/exit: thread 26094 ns  (200 reps / 5 ms)
  spawn/exit: task 109719 ns  (200 reps / 21 ms)
bench: done
POLL_OK=1 POLL_MS=9000
