[2J[001;001H[=3h[2J[001;001H[2J[001;001H[8;042;160t[2J[001;001H[2J[001;001H[8;056;240t[2J[001;001HBdsDxe: loading Boot0002 "UEFI QEMU HARDDISK QM00001 " from PciRoot(0x0)/Pci(0x1F,0x2)/Sata(0x0,0xFFFF,0x0)
BdsDxe: starting Boot0002 "UEFI QEMU HARDDISK QM00001 " from PciRoot(0x0)/Pci(0x1F,0x2)/Sata(0x0,0xFFFF,0x0)

KICKOS-X1 8c41d7a2 x86_64/q35 uefi-handover entry
KICKOS-X1 8c41d7a2 x86_64/q35 uefi-handover handover if=1 paging=1 longmode=1 root=1 wp=1 nx=1 nxcap=1
KICKOS-X1 8c41d7a2 x86_64/q35 uefi-handover if_after_cli=0
KICKOS-X1 8c41d7a2 x86_64/q35 uefi-handover firmware=Debian distribution of EDK II
KICKOS-X1 8c41d7a2 x86_64/q35 uefi-handover revision=0x0000000000020046
KICKOS-X1 8c41d7a2 x86_64/q35 uefi-handover map descriptors=109 stride=48 version=1 conventional_pages=117765 arena=0x0000000001800000 arena_pages=107372
KICKOS-X1 8c41d7a2 x86_64/q35 uefi-handover fp found em=0 ts=0 mp=1 osfxsr=1 osxmmexcpt=1 osxsave=0
KICKOS-X1 8c41d7a2 x86_64/q35 uefi-handover fp trapped em=1 ts=1 mp=1 osfxsr=0 osxmmexcpt=0 osxsave=0
KICKOS-X1 8c41d7a2 x86_64/q35 uefi-handover boot services left
KICKOS-X1 8c41d7a2 x86_64/q35 uefi-handover if_after_exit=0

  ==============================================
   KickOS 0.5.1  -  microkernel RTOS
  ==============================================
   board   qemu-x86_64
   arch    x86_64
   cpu     x86-64
   mpu     off
   sched   tickless
   build   2026-09-28 23:01:26 +0200
   app     Sep 28 2026 23:01:26 +0200
   commit  8a76388a-dirty
   heap    none
   kstack  4096 B x 17 = 69632 B

microbenchmark: context-switch throughput (all arches) + per-switch cost
+ IRQ-entry latency where a cycle counter exists. Reporter woken by the
workload, not a timer. Telemetry OFF for clean numbers.
cycle counter: 1999529622 Hz (0 = no rate converts a reading; cycles only)

  lock-probe: hold+1 core=0 depth=0  (three nested, one outermost)
  call/reply: 8 B  8078 ns/round-trip  (123780 round-trips/s over 20000 calls / 161 ms)
  call/reply: 16 B  8014 ns/round-trip  (124769 round-trips/s over 20000 calls / 160 ms)
  call/reply: 32 B  8022 ns/round-trip  (124644 round-trips/s over 20000 calls / 160 ms)
  call/reply: 64 B  8044 ns/round-trip  (124303 round-trips/s over 20000 calls / 160 ms)
  call/reply: 128 B  8076 ns/round-trip  (123818 round-trips/s over 20000 calls / 161 ms)
  call/reply: 256 B  8180 ns/round-trip  (122244 round-trips/s over 20000 calls / 163 ms)
  call/reply: 8 B  8093 ns/round-trip  (123554 round-trips/s over 20000 calls / 161 ms) [generic path]
  call/reply: 16 B  8095 ns/round-trip  (123520 round-trips/s over 20000 calls / 161 ms) [generic path]
  call/reply: 32 B  8159 ns/round-trip  (122550 round-trips/s over 20000 calls / 163 ms) [generic path]
  call/reply: 64 B  5817 ns/round-trip  (171880 round-trips/s over 20000 calls / 116 ms) [generic path]
  call/reply: 128 B  5797 ns/round-trip  (172495 round-trips/s over 20000 calls / 115 ms) [generic path]
  call/reply: 256 B  8133 ns/round-trip  (122952 round-trips/s over 20000 calls / 162 ms) [generic path]
  call/reply: 32 B  8341 ns/round-trip  (119875 round-trips/s over 20000 calls / 166 ms) [caller outranks server, D1 donates]
  phase table (44 rows; cyc avg/max, min last and a floor; leaf -= NULL, composite -= NULL + k*(NEST-NULL)):
    NULL             22/10020  min=1  n=260000
    NEST             174/36560  min=100  n=260000
    NEST_LOCK        66/59260  min=40  n=260000
    CALL_TOTAL       14022/2424200  min=9280  n=259999
    CALL_VALIDATE    176/21800  min=100  n=260000
    CALL_LOCKED      13494/2423060  min=8919  n=259999
    CALL_RESOLVE     253/23120  min=160  n=260000
    CALL_PEEK        123/31920  min=80  n=260000
    CALL_PROBE       132/41440  min=60  n=259999
    CALL_POP         120/55620  min=60  n=259999
    CALL_COPY        250/61860  min=140  n=259999
    CALL_MINT        948/267980  min=620  n=259999
    CALL_MINT_CAP    426/146160  min=260  n=259999
    CALL_MINT_INFO   202/63740  min=120  n=259999
    CALL_DONATE      141/29120  min=120  n=19999
    CALL_PARK        333/94640  min=200  n=259999
    CALL_WAKE        9779/2418480  min=6440  n=259999
    CALL_RESUME      123/20640  min=60  n=260000
    CALL_SLOW_TOTAL  542960/542960  min=542960  n=1
    CALL_SLOW_LOCKED 520560/520560  min=520560  n=1
    CALL_SLOW_DONATE 0/0  min=0  n=0
    CALL_SLOW_PARK   388980/388980  min=388980  n=1
    RECV_LOCKED      10807/1824520  min=7120  n=259999
    RECV_RESOLVE     390/133460  min=239  n=260000
    RECV_SCAN        185/56700  min=80  n=259999
    RECV_PARK        9853/1567880  min=6500  n=259999
    REPLY_TOTAL      74870/637160  min=3240  n=13
    REPLY_VALIDATE   5718/42600  min=300  n=13
    REPLY_LOCKED     1562/619320  min=1020  n=260000
    REPLY_LOOKUP     446/298380  min=280  n=260000
    REPLY_COPY       203/36220  min=100  n=260000
    REPLY_FUNNEL     118/94420  min=60  n=260000
    REPLY_WAKE       255/81560  min=160  n=260000
    REPLY_RECV_TOTAL 13755/2388040  min=9100  n=260000
    REPLY_RECV_TAIL  355/146840  min=220  n=259999
    WAKE_UNPARK      92/48960  min=40  n=520012
    PICK_NEXT        65/22840  min=20  n=520064
    SWITCH_TO        16974/334117620  min=6000  n=520013
    SWITCH_BOOK      95/130040  min=40  n=520039
    MPU_APPLY        22/6820  min=1  n=520039
    MPU_COMMIT       0/0  min=0  n=0
    REENT_SEAT       0/0  min=0  n=0
    KTIME_REARM      95/16020  min=40  n=520039
    ARCH_SWITCH      16343/334116820  min=5560  n=520013
  ns-probe: cyc=4294967295 ns=2147988830 capped=0
  sat-probe: width=64 fits+1/0 wide+0/1 max=1000

  throughput: 363511 ctx-sw/s  (2750 ns/sw avg over 40000 switches / 110 ms)
  switch-probe: fastpath-swaps=0  (swapped inside the trap, so not in the switch row)
  switch:    80/96/120 cyc  40/48/60 ns  (p50/p99/max, n=40002)
  lock-hold: 1024/2304/53200 cyc  512/1152/26606 ns  (p50/p99/max, n=80245)
  lock-site: core=0 site=0x40b51d max=53200
  irq-probe: line=6 raise=inject on=0 raised=100 hcore=none foreign=0 win=0
  irq:       0/0/0 cyc  0/0/0 ns  (p50/max/max, n=0)
  wcase-probe: line=6 raise=inject on=0 raised=100 hcore=none foreign=0 win=0
  wcase-irq[0B]:    0/0/0 cyc  0/0/0 ns  (p50/max/max, n=0)
  wcase-probe: line=6 raise=inject on=0 raised=100 hcore=none foreign=0 win=0
  wcase-irq[64B]:   0/0/0 cyc  0/0/0 ns  (p50/max/max, n=0)
  wcase-probe: line=6 raise=inject on=0 raised=100 hcore=none foreign=0 win=0
  wcase-irq[256B]:  0/0/0 cyc  0/0/0 ns  (p50/max/max, n=0)
  wcase-probe: line=6 raise=inject on=0 raised=100 hcore=none foreign=0 win=0
  wcase-irq[1024B]: 0/0/0 cyc  0/0/0 ns  (p50/max/max, n=0)
  e2e-settle: settled=2/2
  e2e-probe: line=7 closed=1000 dropped=0 tare=440/870 ns  (min/avg, n=64)
  e2e-passes: asked=1000 raised=1000
  e2e-local: 4608/5120/833456 ns  (p50/p99/max, n=1000)
  throughput: 360238 ctx-sw/s  (2775 ns/sw avg over 40000 switches / 111 ms)
  switch-probe: fastpath-swaps=0  (swapped inside the trap, so not in the switch row)
  switch:    80/96/160 cyc  40/48/80 ns  (p50/p99/max, n=40002)
  lock-hold: 1024/2304/24320 cyc  512/1152/12162 ns  (p50/p99/max, n=80248)
  lock-site: core=0 site=0x402688 max=24320
  irq-probe: line=6 raise=inject on=0 raised=100 hcore=none foreign=0 win=0
  irq:       0/0/0 cyc  0/0/0 ns  (p50/max/max, n=0)
  wcase-probe: line=6 raise=inject on=0 raised=100 hcore=none foreign=0 win=0
  wcase-irq[0B]:    0/0/0 cyc  0/0/0 ns  (p50/max/max, n=0)
  wcase-probe: line=6 raise=inject on=0 raised=100 hcore=none foreign=0 win=0
  wcase-irq[64B]:   0/0/0 cyc  0/0/0 ns  (p50/max/max, n=0)
  wcase-probe: line=6 raise=inject on=0 raised=100 hcore=none foreign=0 win=0
  wcase-irq[256B]:  0/0/0 cyc  0/0/0 ns  (p50/max/max, n=0)
  wcase-probe: line=6 raise=inject on=0 raised=100 hcore=none foreign=0 win=0
  wcase-irq[1024B]: 0/0/0 cyc  0/0/0 ns  (p50/max/max, n=0)
  e2e-settle: settled=2/2
  e2e-probe: line=7 closed=1000 dropped=0 tare=440/870 ns  (min/avg, n=64)
  e2e-passes: asked=1000 raised=1000
  e2e-local: 4608/5120/36358 ns  (p50/p99/max, n=1000)
  throughput: 366171 ctx-sw/s  (2730 ns/sw avg over 40000 switches / 109 ms)
  switch-probe: fastpath-swaps=0  (swapped inside the trap, so not in the switch row)
  switch:    80/96/200 cyc  40/48/100 ns  (p50/p99/max, n=40002)
  lock-hold: 1024/2304/22040 cyc  512/1152/11022 ns  (p50/p99/max, n=80249)
  lock-site: core=0 site=0x402688 max=22040
  irq-probe: line=6 raise=inject on=0 raised=100 hcore=none foreign=0 win=0
  irq:       0/0/0 cyc  0/0/0 ns  (p50/max/max, n=0)
  wcase-probe: line=6 raise=inject on=0 raised=100 hcore=none foreign=0 win=0
  wcase-irq[0B]:    0/0/0 cyc  0/0/0 ns  (p50/max/max, n=0)
  wcase-probe: line=6 raise=inject on=0 raised=100 hcore=none foreign=0 win=0
  wcase-irq[64B]:   0/0/0 cyc  0/0/0 ns  (p50/max/max, n=0)
  wcase-probe: line=6 raise=inject on=0 raised=100 hcore=none foreign=0 win=0
  wcase-irq[256B]:  0/0/0 cyc  0/0/0 ns  (p50/max/max, n=0)
  wcase-probe: line=6 raise=inject on=0 raised=100 hcore=none foreign=0 win=0
  wcase-irq[1024B]: 0/0/0 cyc  0/0/0 ns  (p50/max/max, n=0)
  e2e-settle: settled=2/2
  e2e-probe: line=7 closed=1000 dropped=0 tare=440/870 ns  (min/avg, n=64)
  e2e-passes: asked=1000 raised=1000
  e2e-local: 4608/5120/12843 ns  (p50/p99/max, n=1000)
  xtask ping-pong: 2769 ns/switch  (40000 switches / 110 ms)
  xtask call/reply: 16 B  7991 ns/round-trip  (125128 round-trips/s over 20000 calls / 159 ms)
  spawn/exit: thread 32446 ns  (200 reps / 6 ms)
  spawn/exit: task 34615 ns  (200 reps / 6 ms)
bench: done

KICKOS-EXIT status 0
POLL_OK=1 POLL_MS=4600
