[2J[001;001H[=3h[2J[001;001H[2J[001;001H[8;042;160t[2J[001;001H[2J[001;001H[8;056;240t[2J[001;001HBdsDxe: loading Boot0002 "UEFI QEMU HARDDISK QM00001 " from PciRoot(0x0)/Pci(0x1F,0x2)/Sata(0x0,0xFFFF,0x0)
BdsDxe: starting Boot0002 "UEFI QEMU HARDDISK QM00001 " from PciRoot(0x0)/Pci(0x1F,0x2)/Sata(0x0,0xFFFF,0x0)

KICKOS-X1 8c41d7a2 x86_64/q35 uefi-handover entry
KICKOS-X1 8c41d7a2 x86_64/q35 uefi-handover handover if=1 paging=1 longmode=1 root=1 wp=1 nx=1 nxcap=1
KICKOS-X1 8c41d7a2 x86_64/q35 uefi-handover if_after_cli=0
KICKOS-X1 8c41d7a2 x86_64/q35 uefi-handover firmware=Debian distribution of EDK II
KICKOS-X1 8c41d7a2 x86_64/q35 uefi-handover revision=0x0000000000020046
KICKOS-X1 8c41d7a2 x86_64/q35 uefi-handover map descriptors=109 stride=48 version=1 conventional_pages=117765 arena=0x0000000001800000 arena_pages=107372
KICKOS-X1 8c41d7a2 x86_64/q35 uefi-handover fp found em=0 ts=0 mp=1 osfxsr=1 osxmmexcpt=1 osxsave=0
KICKOS-X1 8c41d7a2 x86_64/q35 uefi-handover fp trapped em=1 ts=1 mp=1 osfxsr=0 osxmmexcpt=0 osxsave=0
KICKOS-X1 8c41d7a2 x86_64/q35 uefi-handover boot services left
KICKOS-X1 8c41d7a2 x86_64/q35 uefi-handover if_after_exit=0

  ==============================================
   KickOS 0.5.1  -  microkernel RTOS
  ==============================================
   board   qemu-x86_64
   arch    x86_64
   cpu     x86-64
   mpu     off
   sched   tickless
   build   2026-09-28 23:01:26 +0200
   app     Sep 28 2026 23:01:26 +0200
   commit  8a76388a-dirty
   heap    none
   kstack  4096 B x 17 = 69632 B

microbenchmark: context-switch throughput (all arches) + per-switch cost
+ IRQ-entry latency where a cycle counter exists. Reporter woken by the
workload, not a timer. Telemetry OFF for clean numbers.
cycle counter: 1998248145 Hz (0 = no rate converts a reading; cycles only)

  lock-probe: hold+1 core=0 depth=0  (three nested, one outermost)
  call/reply: 8 B  5423 ns/round-trip  (184374 round-trips/s over 20000 calls / 108 ms)
  call/reply: 16 B  5378 ns/round-trip  (185915 round-trips/s over 20000 calls / 107 ms)
  call/reply: 32 B  5406 ns/round-trip  (184967 round-trips/s over 20000 calls / 108 ms)
  call/reply: 64 B  5356 ns/round-trip  (186683 round-trips/s over 20000 calls / 107 ms)
  call/reply: 128 B  5395 ns/round-trip  (185337 round-trips/s over 20000 calls / 107 ms)
  call/reply: 256 B  5494 ns/round-trip  (181988 round-trips/s over 20000 calls / 109 ms)
  call/reply: 8 B  5382 ns/round-trip  (185780 round-trips/s over 20000 calls / 107 ms) [generic path]
  call/reply: 16 B  5388 ns/round-trip  (185593 round-trips/s over 20000 calls / 107 ms) [generic path]
  call/reply: 32 B  5421 ns/round-trip  (184465 round-trips/s over 20000 calls / 108 ms) [generic path]
  call/reply: 64 B  5443 ns/round-trip  (183688 round-trips/s over 20000 calls / 108 ms) [generic path]
  call/reply: 128 B  5628 ns/round-trip  (177681 round-trips/s over 20000 calls / 112 ms) [generic path]
  call/reply: 256 B  5478 ns/round-trip  (182536 round-trips/s over 20000 calls / 109 ms) [generic path]
  call/reply: 32 B  5581 ns/round-trip  (179157 round-trips/s over 20000 calls / 111 ms) [caller outranks server, D1 donates]
  phase table (44 rows; cyc avg/max, min last and a floor; leaf -= NULL, composite -= NULL + k*(NEST-NULL)):
    NULL             15/11160  min=1  n=260000
    NEST             125/25100  min=100  n=260000
    NEST_LOCK        47/39780  min=40  n=260000
    CALL_TOTAL       9821/1615540  min=9340  n=259999
    CALL_VALIDATE    123/17120  min=100  n=260000
    CALL_LOCKED      9451/1542920  min=8980  n=259999
    CALL_RESOLVE     178/21160  min=160  n=260000
    CALL_PEEK        90/22260  min=80  n=260000
    CALL_PROBE       94/27860  min=60  n=259999
    CALL_POP         70/37700  min=60  n=259999
    CALL_COPY        179/41960  min=120  n=259999
    CALL_MINT        675/180640  min=620  n=259999
    CALL_MINT_CAP    299/97740  min=260  n=259999
    CALL_MINT_INFO   151/42860  min=120  n=259999
    CALL_DONATE      96/19440  min=80  n=19999
    CALL_PARK        236/61360  min=220  n=259999
    CALL_WAKE        6843/1540280  min=6500  n=259999
    CALL_RESUME      84/19260  min=80  n=260000
    CALL_SLOW_TOTAL  457420/457420  min=457420  n=1
    CALL_SLOW_LOCKED 442360/442360  min=442360  n=1
    CALL_SLOW_DONATE 0/0  min=0  n=0
    CALL_SLOW_PARK   263320/263320  min=263320  n=1
    RECV_LOCKED      7597/1242340  min=7220  n=259999
    RECV_RESOLVE     271/88520  min=220  n=260000
    RECV_SCAN        112/37580  min=80  n=259999
    RECV_PARK        6944/1070640  min=6600  n=259999
    REPLY_TOTAL      50383/410760  min=6140  n=13
    REPLY_VALIDATE   5881/24340  min=2440  n=13
    REPLY_LOCKED     1107/391820  min=1000  n=260000
    REPLY_LOOKUP     315/199060  min=280  n=260000
    REPLY_COPY       144/23800  min=80  n=260000
    REPLY_FUNNEL     79/64240  min=60  n=260000
    REPLY_WAKE       183/31020  min=160  n=260000
    REPLY_RECV_TOTAL 9684/1612480  min=9220  n=260000
    REPLY_RECV_TAIL  252/98140  min=220  n=259999
    WAKE_UNPARK      71/26700  min=40  n=520012
    PICK_NEXT        45/14360  min=20  n=520064
    SWITCH_TO        11909/225175020  min=6100  n=520013
    SWITCH_BOOK      66/107440  min=40  n=520039
    MPU_APPLY        16/20720  min=1  n=520039
    MPU_COMMIT       0/0  min=0  n=0
    REENT_SEAT       0/0  min=0  n=0
    KTIME_REARM      63/12920  min=40  n=520039
    ARCH_SWITCH      11469/225174220  min=5680  n=520013
  ns-probe: cyc=4294967295 ns=2149366336 capped=0
  sat-probe: width=64 fits+1/0 wide+0/1 max=1000

  throughput: 535105 ctx-sw/s  (1868 ns/sw avg over 40000 switches / 74 ms)
  switch-probe: fastpath-swaps=0  (swapped inside the trap, so not in the switch row)
  switch:    60/96/240 cyc  30/48/120 ns  (p50/p99/max, n=40002)
  lock-hold: 960/1664/28900 cyc  480/832/14462 ns  (p50/p99/max, n=80245)
  lock-site: core=0 site=0x40b51d max=28900
  irq-probe: line=6 raise=inject on=0 raised=100 hcore=none foreign=0 win=0
  irq:       0/0/0 cyc  0/0/0 ns  (p50/max/max, n=0)
  wcase-probe: line=6 raise=inject on=0 raised=100 hcore=none foreign=0 win=0
  wcase-irq[0B]:    0/0/0 cyc  0/0/0 ns  (p50/max/max, n=0)
  wcase-probe: line=6 raise=inject on=0 raised=100 hcore=none foreign=0 win=0
  wcase-irq[64B]:   0/0/0 cyc  0/0/0 ns  (p50/max/max, n=0)
  wcase-probe: line=6 raise=inject on=0 raised=100 hcore=none foreign=0 win=0
  wcase-irq[256B]:  0/0/0 cyc  0/0/0 ns  (p50/max/max, n=0)
  wcase-probe: line=6 raise=inject on=0 raised=100 hcore=none foreign=0 win=0
  wcase-irq[1024B]: 0/0/0 cyc  0/0/0 ns  (p50/max/max, n=0)
  e2e-settle: settled=2/2
  e2e-probe: line=7 closed=1000 dropped=0 tare=310/579 ns  (min/avg, n=64)
  e2e-passes: asked=1000 raised=1000
  e2e-local: 3328/4608/546799 ns  (p50/p99/max, n=1000)
  throughput: 544730 ctx-sw/s  (1835 ns/sw avg over 40000 switches / 73 ms)
  switch-probe: fastpath-swaps=0  (swapped inside the trap, so not in the switch row)
  switch:    60/96/420 cyc  30/48/210 ns  (p50/p99/max, n=40002)
  lock-hold: 960/2048/11400 cyc  480/1024/5704 ns  (p50/p99/max, n=80248)
  lock-site: core=0 site=0x402688 max=11400
  irq-probe: line=6 raise=inject on=0 raised=100 hcore=none foreign=0 win=0
  irq:       0/0/0 cyc  0/0/0 ns  (p50/max/max, n=0)
  wcase-probe: line=6 raise=inject on=0 raised=100 hcore=none foreign=0 win=0
  wcase-irq[0B]:    0/0/0 cyc  0/0/0 ns  (p50/max/max, n=0)
  wcase-probe: line=6 raise=inject on=0 raised=100 hcore=none foreign=0 win=0
  wcase-irq[64B]:   0/0/0 cyc  0/0/0 ns  (p50/max/max, n=0)
  wcase-probe: line=6 raise=inject on=0 raised=100 hcore=none foreign=0 win=0
  wcase-irq[256B]:  0/0/0 cyc  0/0/0 ns  (p50/max/max, n=0)
  wcase-probe: line=6 raise=inject on=0 raised=100 hcore=none foreign=0 win=0
  wcase-irq[1024B]: 0/0/0 cyc  0/0/0 ns  (p50/max/max, n=0)
  e2e-settle: settled=2/2
  e2e-probe: line=7 closed=1000 dropped=0 tare=310/579 ns  (min/avg, n=64)
  e2e-passes: asked=1000 raised=1000
  e2e-local: 3328/4096/47862 ns  (p50/p99/max, n=1000)
  throughput: 541562 ctx-sw/s  (1846 ns/sw avg over 40000 switches / 73 ms)
  switch-probe: fastpath-swaps=0  (swapped inside the trap, so not in the switch row)
  switch:    60/80/400 cyc  30/40/200 ns  (p50/p99/max, n=40002)
  lock-hold: 960/1664/33880 cyc  480/832/16954 ns  (p50/p99/max, n=80248)
  lock-site: core=0 site=0x402688 max=33880
  irq-probe: line=6 raise=inject on=0 raised=100 hcore=none foreign=0 win=0
  irq:       0/0/0 cyc  0/0/0 ns  (p50/max/max, n=0)
  wcase-probe: line=6 raise=inject on=0 raised=100 hcore=none foreign=0 win=0
  wcase-irq[0B]:    0/0/0 cyc  0/0/0 ns  (p50/max/max, n=0)
  wcase-probe: line=6 raise=inject on=0 raised=100 hcore=none foreign=0 win=0
  wcase-irq[64B]:   0/0/0 cyc  0/0/0 ns  (p50/max/max, n=0)
  wcase-probe: line=6 raise=inject on=0 raised=100 hcore=none foreign=0 win=0
  wcase-irq[256B]:  0/0/0 cyc  0/0/0 ns  (p50/max/max, n=0)
  wcase-probe: line=6 raise=inject on=0 raised=100 hcore=none foreign=0 win=0
  wcase-irq[1024B]: 0/0/0 cyc  0/0/0 ns  (p50/max/max, n=0)
  e2e-settle: settled=2/2
  e2e-probe: line=7 closed=1000 dropped=0 tare=310/579 ns  (min/avg, n=64)
  e2e-passes: asked=1000 raised=1000
  e2e-local: 3328/4096/23891 ns  (p50/p99/max, n=1000)
  xtask ping-pong: 1861 ns/switch  (40000 switches / 74 ms)
  xtask call/reply: 16 B  5356 ns/round-trip  (186701 round-trips/s over 20000 calls / 107 ms)
  spawn/exit: thread 21456 ns  (200 reps / 4 ms)
  spawn/exit: task 23526 ns  (200 reps / 4 ms)
bench: done

KICKOS-EXIT status 0
POLL_OK=1 POLL_MS=3400
