[2J[001;001H[=3h[2J[001;001H[2J[001;001H[8;042;160t[2J[001;001H[2J[001;001H[8;056;240t[2J[001;001HBdsDxe: loading Boot0002 "UEFI QEMU HARDDISK QM00001 " from PciRoot(0x0)/Pci(0x1F,0x2)/Sata(0x0,0xFFFF,0x0)
BdsDxe: starting Boot0002 "UEFI QEMU HARDDISK QM00001 " from PciRoot(0x0)/Pci(0x1F,0x2)/Sata(0x0,0xFFFF,0x0)

KICKOS-X1 8c41d7a2 x86_64/q35 uefi-handover entry
KICKOS-X1 8c41d7a2 x86_64/q35 uefi-handover handover if=1 paging=1 longmode=1 root=1 wp=1 nx=1 nxcap=1
KICKOS-X1 8c41d7a2 x86_64/q35 uefi-handover if_after_cli=0
KICKOS-X1 8c41d7a2 x86_64/q35 uefi-handover firmware=Debian distribution of EDK II
KICKOS-X1 8c41d7a2 x86_64/q35 uefi-handover revision=0x0000000000020046
KICKOS-X1 8c41d7a2 x86_64/q35 uefi-handover map descriptors=109 stride=48 version=1 conventional_pages=117765 arena=0x0000000001800000 arena_pages=107372
KICKOS-X1 8c41d7a2 x86_64/q35 uefi-handover fp found em=0 ts=0 mp=1 osfxsr=1 osxmmexcpt=1 osxsave=0
KICKOS-X1 8c41d7a2 x86_64/q35 uefi-handover fp trapped em=1 ts=1 mp=1 osfxsr=0 osxmmexcpt=0 osxsave=0
KICKOS-X1 8c41d7a2 x86_64/q35 uefi-handover boot services left
KICKOS-X1 8c41d7a2 x86_64/q35 uefi-handover if_after_exit=0

  ==============================================
   KickOS 0.5.1  -  microkernel RTOS
  ==============================================
   board   qemu-x86_64
   arch    x86_64
   cpu     x86-64
   mpu     off
   sched   tickless
   build   2026-09-28 23:01:26 +0200
   app     Sep 28 2026 23:01:26 +0200
   commit  8a76388a-dirty
   heap    none
   kstack  4096 B x 17 = 69632 B

microbenchmark: context-switch throughput (all arches) + per-switch cost
+ IRQ-entry latency where a cycle counter exists. Reporter woken by the
workload, not a timer. Telemetry OFF for clean numbers.
cycle counter: 1999994963 Hz (0 = no rate converts a reading; cycles only)

  lock-probe: hold+1 core=0 depth=0  (three nested, one outermost)
  call/reply: 8 B  8269 ns/round-trip  (120930 round-trips/s over 20000 calls / 165 ms)
  call/reply: 16 B  8091 ns/round-trip  (123593 round-trips/s over 20000 calls / 161 ms)
  call/reply: 32 B  8136 ns/round-trip  (122906 round-trips/s over 20000 calls / 162 ms)
  call/reply: 64 B  8166 ns/round-trip  (122458 round-trips/s over 20000 calls / 163 ms)
  call/reply: 128 B  8211 ns/round-trip  (121775 round-trips/s over 20000 calls / 164 ms)
  call/reply: 256 B  8292 ns/round-trip  (120597 round-trips/s over 20000 calls / 165 ms)
  call/reply: 8 B  8127 ns/round-trip  (123033 round-trips/s over 20000 calls / 162 ms) [generic path]
  call/reply: 16 B  8171 ns/round-trip  (122369 round-trips/s over 20000 calls / 163 ms) [generic path]
  call/reply: 32 B  8255 ns/round-trip  (121126 round-trips/s over 20000 calls / 165 ms) [generic path]
  call/reply: 64 B  8227 ns/round-trip  (121538 round-trips/s over 20000 calls / 164 ms) [generic path]
  call/reply: 128 B  8258 ns/round-trip  (121086 round-trips/s over 20000 calls / 165 ms) [generic path]
  call/reply: 256 B  8373 ns/round-trip  (119429 round-trips/s over 20000 calls / 167 ms) [generic path]
  call/reply: 32 B  8566 ns/round-trip  (116733 round-trips/s over 20000 calls / 171 ms) [caller outranks server, D1 donates]
  phase table (44 rows; cyc avg/max, min last and a floor; leaf -= NULL, composite -= NULL + k*(NEST-NULL)):
    NULL             23/26500  min=20  n=260000
    NEST             182/38140  min=160  n=260000
    NEST_LOCK        70/60160  min=40  n=260000
    CALL_TOTAL       14839/2482900  min=14260  n=259999
    CALL_VALIDATE    231/21580  min=180  n=260000
    CALL_LOCKED      14241/2338360  min=13680  n=259999
    CALL_RESOLVE     262/23840  min=240  n=260000
    CALL_PEEK        132/32720  min=120  n=260000
    CALL_PROBE       137/43060  min=100  n=259999
    CALL_POP         104/56080  min=80  n=259999
    CALL_COPY        268/64560  min=180  n=259999
    CALL_MINT        982/271800  min=920  n=259999
    CALL_MINT_CAP    439/145880  min=400  n=259999
    CALL_MINT_INFO   210/64340  min=180  n=259999
    CALL_DONATE      142/30460  min=120  n=19999
    CALL_PARK        351/96840  min=320  n=259999
    CALL_WAKE        10393/2305600  min=9980  n=259999
    CALL_RESUME      138/20020  min=60  n=260000
    CALL_SLOW_TOTAL  543340/543340  min=543340  n=1
    CALL_SLOW_LOCKED 520760/520760  min=520760  n=1
    CALL_SLOW_DONATE 0/0  min=0  n=0
    CALL_SLOW_PARK   389640/389640  min=389640  n=1
    RECV_LOCKED      11478/1862060  min=11020  n=259999
    RECV_RESOLVE     389/137140  min=340  n=260000
    RECV_SCAN        168/58760  min=140  n=259999
    RECV_PARK        10515/1598540  min=10080  n=259999
    REPLY_TOTAL      79556/719340  min=4600  n=13
    REPLY_VALIDATE   5447/39420  min=1240  n=13
    REPLY_LOCKED     1631/661600  min=1500  n=260000
    REPLY_LOOKUP     467/303360  min=440  n=260000
    REPLY_COPY       204/36440  min=120  n=260000
    REPLY_FUNNEL     120/165540  min=80  n=260000
    REPLY_WAKE       279/46320  min=240  n=260000
    REPLY_RECV_TOTAL 14641/2426520  min=14080  n=260000
    REPLY_RECV_TAIL  382/149380  min=340  n=259999
    WAKE_UNPARK      94/40920  min=60  n=520012
    PICK_NEXT        68/22780  min=40  n=520064
    SWITCH_TO        18063/343194520  min=9380  n=520013
    SWITCH_BOOK      101/193180  min=80  n=520039
    MPU_APPLY        23/11000  min=20  n=520039
    MPU_COMMIT       0/0  min=0  n=0
    REENT_SEAT       0/0  min=0  n=0
    KTIME_REARM      92/21440  min=80  n=520039
    ARCH_SWITCH      17389/343193500  min=8660  n=520013
  ns-probe: cyc=4294967295 ns=2147489055 capped=0
  sat-probe: width=64 fits+1/0 wide+0/1 max=1000

  throughput: 360914 ctx-sw/s  (2770 ns/sw avg over 40000 switches / 110 ms)
  switch-probe: fastpath-swaps=0  (swapped inside the trap, so not in the switch row)
  switch:    80/96/5400 cyc  40/48/2700 ns  (p50/p99/max, n=40002)
  lock-hold: 1024/2304/50440 cyc  512/1152/25220 ns  (p50/p99/max, n=80248)
  lock-site: core=0 site=0x40b51d max=50440
  irq-probe: line=6 raise=inject on=0 raised=100 hcore=none foreign=0 win=0
  irq:       0/0/0 cyc  0/0/0 ns  (p50/max/max, n=0)
  wcase-probe: line=6 raise=inject on=0 raised=100 hcore=none foreign=0 win=0
  wcase-irq[0B]:    0/0/0 cyc  0/0/0 ns  (p50/max/max, n=0)
  wcase-probe: line=6 raise=inject on=0 raised=100 hcore=none foreign=0 win=0
  wcase-irq[64B]:   0/0/0 cyc  0/0/0 ns  (p50/max/max, n=0)
  wcase-probe: line=6 raise=inject on=0 raised=100 hcore=none foreign=0 win=0
  wcase-irq[256B]:  0/0/0 cyc  0/0/0 ns  (p50/max/max, n=0)
  wcase-probe: line=6 raise=inject on=0 raised=100 hcore=none foreign=0 win=0
  wcase-irq[1024B]: 0/0/0 cyc  0/0/0 ns  (p50/max/max, n=0)
  e2e-settle: settled=2/2
  e2e-probe: line=7 closed=1000 dropped=0 tare=450/861 ns  (min/avg, n=64)
  e2e-passes: asked=1000 raised=1000
  e2e-local: 4608/5120/811402 ns  (p50/p99/max, n=1000)
  throughput: 363375 ctx-sw/s  (2751 ns/sw avg over 40000 switches / 110 ms)
  switch-probe: fastpath-swaps=0  (swapped inside the trap, so not in the switch row)
  switch:    80/96/220 cyc  40/48/110 ns  (p50/p99/max, n=40002)
  lock-hold: 960/2304/26040 cyc  480/1152/13020 ns  (p50/p99/max, n=80249)
  lock-site: core=0 site=0x40b51d max=26040
  irq-probe: line=6 raise=inject on=0 raised=100 hcore=none foreign=0 win=0
  irq:       0/0/0 cyc  0/0/0 ns  (p50/max/max, n=0)
  wcase-probe: line=6 raise=inject on=0 raised=100 hcore=none foreign=0 win=0
  wcase-irq[0B]:    0/0/0 cyc  0/0/0 ns  (p50/max/max, n=0)
  wcase-probe: line=6 raise=inject on=0 raised=100 hcore=none foreign=0 win=0
  wcase-irq[64B]:   0/0/0 cyc  0/0/0 ns  (p50/max/max, n=0)
  wcase-probe: line=6 raise=inject on=0 raised=100 hcore=none foreign=0 win=0
  wcase-irq[256B]:  0/0/0 cyc  0/0/0 ns  (p50/max/max, n=0)
  wcase-probe: line=6 raise=inject on=0 raised=100 hcore=none foreign=0 win=0
  wcase-irq[1024B]: 0/0/0 cyc  0/0/0 ns  (p50/max/max, n=0)
  e2e-settle: settled=2/2
  e2e-probe: line=7 closed=1000 dropped=0 tare=450/861 ns  (min/avg, n=64)
  e2e-passes: asked=1000 raised=1000
  e2e-local: 4608/5120/41211 ns  (p50/p99/max, n=1000)
  throughput: 359539 ctx-sw/s  (2781 ns/sw avg over 40000 switches / 111 ms)
  switch-probe: fastpath-swaps=0  (swapped inside the trap, so not in the switch row)
  switch:    80/96/180 cyc  40/48/90 ns  (p50/p99/max, n=40002)
  lock-hold: 1024/2304/36340 cyc  512/1152/18170 ns  (p50/p99/max, n=80248)
  lock-site: core=0 site=0x40b51d max=36340
  irq-probe: line=6 raise=inject on=0 raised=100 hcore=none foreign=0 win=0
  irq:       0/0/0 cyc  0/0/0 ns  (p50/max/max, n=0)
  wcase-probe: line=6 raise=inject on=0 raised=100 hcore=none foreign=0 win=0
  wcase-irq[0B]:    0/0/0 cyc  0/0/0 ns  (p50/max/max, n=0)
  wcase-probe: line=6 raise=inject on=0 raised=100 hcore=none foreign=0 win=0
  wcase-irq[64B]:   0/0/0 cyc  0/0/0 ns  (p50/max/max, n=0)
  wcase-probe: line=6 raise=inject on=0 raised=100 hcore=none foreign=0 win=0
  wcase-irq[256B]:  0/0/0 cyc  0/0/0 ns  (p50/max/max, n=0)
  wcase-probe: line=6 raise=inject on=0 raised=100 hcore=none foreign=0 win=0
  wcase-irq[1024B]: 0/0/0 cyc  0/0/0 ns  (p50/max/max, n=0)
  e2e-settle: settled=2/2
  e2e-probe: line=7 closed=1000 dropped=0 tare=450/861 ns  (min/avg, n=64)
  e2e-passes: asked=1000 raised=1000
  e2e-local: 4608/5120/41030 ns  (p50/p99/max, n=1000)
  xtask ping-pong: 2625 ns/switch  (40000 switches / 105 ms)
  xtask call/reply: 16 B  5533 ns/round-trip  (180717 round-trips/s over 20000 calls / 110 ms)
  spawn/exit: thread 22161 ns  (200 reps / 4 ms)
  spawn/exit: task 23652 ns  (200 reps / 4 ms)
bench: done

KICKOS-EXIT status 0
POLL_OK=1 POLL_MS=4800
