[2J[001;001H[=3h[2J[001;001H[2J[001;001H[8;042;160t[2J[001;001H[2J[001;001H[8;056;240t[2J[001;001HBdsDxe: loading Boot0002 "UEFI QEMU HARDDISK QM00001 " from PciRoot(0x0)/Pci(0x1F,0x2)/Sata(0x0,0xFFFF,0x0)
BdsDxe: starting Boot0002 "UEFI QEMU HARDDISK QM00001 " from PciRoot(0x0)/Pci(0x1F,0x2)/Sata(0x0,0xFFFF,0x0)

KICKOS-X1 8c41d7a2 x86_64/q35 uefi-handover entry
KICKOS-X1 8c41d7a2 x86_64/q35 uefi-handover handover if=1 paging=1 longmode=1 root=1 wp=1 nx=1 nxcap=1
KICKOS-X1 8c41d7a2 x86_64/q35 uefi-handover if_after_cli=0
KICKOS-X1 8c41d7a2 x86_64/q35 uefi-handover firmware=Debian distribution of EDK II
KICKOS-X1 8c41d7a2 x86_64/q35 uefi-handover revision=0x0000000000020046
KICKOS-X1 8c41d7a2 x86_64/q35 uefi-handover map descriptors=109 stride=48 version=1 conventional_pages=117765 arena=0x0000000001800000 arena_pages=107372
KICKOS-X1 8c41d7a2 x86_64/q35 uefi-handover fp found em=0 ts=0 mp=1 osfxsr=1 osxmmexcpt=1 osxsave=0
KICKOS-X1 8c41d7a2 x86_64/q35 uefi-handover fp trapped em=1 ts=1 mp=1 osfxsr=0 osxmmexcpt=0 osxsave=0
KICKOS-X1 8c41d7a2 x86_64/q35 uefi-handover boot services left
KICKOS-X1 8c41d7a2 x86_64/q35 uefi-handover if_after_exit=0

  ==============================================
   KickOS 0.5.1  -  microkernel RTOS
  ==============================================
   board   qemu-x86_64
   arch    x86_64
   cpu     x86-64
   mpu     off
   sched   tickless
   build   2026-09-28 23:01:26 +0200
   app     Sep 28 2026 23:01:26 +0200
   commit  8a76388a-dirty
   heap    none
   kstack  4096 B x 17 = 69632 B

microbenchmark: context-switch throughput (all arches) + per-switch cost
+ IRQ-entry latency where a cycle counter exists. Reporter woken by the
workload, not a timer. Telemetry OFF for clean numbers.
cycle counter: 2002784623 Hz (0 = no rate converts a reading; cycles only)

  lock-probe: hold+1 core=0 depth=0  (three nested, one outermost)
  call/reply: 8 B  7999 ns/round-trip  (125010 round-trips/s over 20000 calls / 159 ms)
  call/reply: 16 B  7911 ns/round-trip  (126401 round-trips/s over 20000 calls / 158 ms)
  call/reply: 32 B  7937 ns/round-trip  (125977 round-trips/s over 20000 calls / 158 ms)
  call/reply: 64 B  7993 ns/round-trip  (125101 round-trips/s over 20000 calls / 159 ms)
  call/reply: 128 B  8051 ns/round-trip  (124203 round-trips/s over 20000 calls / 161 ms)
  call/reply: 256 B  8152 ns/round-trip  (122667 round-trips/s over 20000 calls / 163 ms)
  call/reply: 8 B  7895 ns/round-trip  (126660 round-trips/s over 20000 calls / 157 ms) [generic path]
  call/reply: 16 B  7910 ns/round-trip  (126407 round-trips/s over 20000 calls / 158 ms) [generic path]
  call/reply: 32 B  7890 ns/round-trip  (126728 round-trips/s over 20000 calls / 157 ms) [generic path]
  call/reply: 64 B  7947 ns/round-trip  (125829 round-trips/s over 20000 calls / 158 ms) [generic path]
  call/reply: 128 B  7976 ns/round-trip  (125374 round-trips/s over 20000 calls / 159 ms) [generic path]
  call/reply: 256 B  8077 ns/round-trip  (123806 round-trips/s over 20000 calls / 161 ms) [generic path]
  call/reply: 32 B  8281 ns/round-trip  (120755 round-trips/s over 20000 calls / 165 ms) [caller outranks server, D1 donates]
  phase table (44 rows; cyc avg/max, min last and a floor; leaf -= NULL, composite -= NULL + k*(NEST-NULL)):
    NULL             23/16200  min=20  n=260000
    NEST             183/37440  min=160  n=260000
    NEST_LOCK        69/59280  min=40  n=260000
    CALL_TOTAL       14475/2400580  min=13980  n=259999
    CALL_VALIDATE    192/34880  min=160  n=260000
    CALL_LOCKED      13917/2255120  min=13460  n=259999
    CALL_RESOLVE     263/22840  min=240  n=260000
    CALL_PEEK        137/31620  min=120  n=260000
    CALL_PROBE       134/41740  min=100  n=259999
    CALL_POP         104/57940  min=80  n=259999
    CALL_COPY        265/62240  min=180  n=259999
    CALL_MINT        968/265700  min=920  n=259999
    CALL_MINT_CAP    437/144060  min=400  n=259999
    CALL_MINT_INFO   207/63560  min=180  n=259999
    CALL_DONATE      143/30540  min=120  n=19999
    CALL_PARK        356/92480  min=320  n=259999
    CALL_WAKE        10083/2077740  min=9740  n=259999
    CALL_RESUME      126/25840  min=60  n=260000
    CALL_SLOW_TOTAL  529620/529620  min=529620  n=1
    CALL_SLOW_LOCKED 488400/488400  min=488400  n=1
    CALL_SLOW_DONATE 0/0  min=0  n=0
    CALL_SLOW_PARK   373920/373920  min=373920  n=1
    RECV_LOCKED      11197/1825400  min=10800  n=259999
    RECV_RESOLVE     387/134700  min=340  n=260000
    RECV_SCAN        169/55640  min=140  n=259999
    RECV_PARK        10240/1568120  min=9860  n=259999
    REPLY_TOTAL      48607/372800  min=3400  n=13
    REPLY_VALIDATE   3810/29800  min=300  n=13
    REPLY_LOCKED     1632/580840  min=1500  n=260000
    REPLY_LOOKUP     464/293900  min=440  n=260000
    REPLY_COPY       205/35980  min=120  n=260000
    REPLY_FUNNEL     120/95580  min=80  n=260000
    REPLY_WAKE       272/45960  min=240  n=260000
    REPLY_RECV_TOTAL 14266/2399040  min=13740  n=260000
    REPLY_RECV_TAIL  398/146220  min=340  n=259999
    WAKE_UNPARK      94/39320  min=60  n=520012
    PICK_NEXT        68/23740  min=40  n=520064
    SWITCH_TO        17564/332054600  min=9160  n=520013
    SWITCH_BOOK      102/43800  min=80  n=520039
    MPU_APPLY        23/6780  min=20  n=520039
    MPU_COMMIT       0/0  min=0  n=0
    REENT_SEAT       0/0  min=0  n=0
    KTIME_REARM      94/14880  min=60  n=520039
    ARCH_SWITCH      16895/332053660  min=8460  n=520013
  ns-probe: cyc=4294967295 ns=2144497838 capped=0
  sat-probe: width=64 fits+1/0 wide+0/1 max=1000

  throughput: 357070 ctx-sw/s  (2800 ns/sw avg over 40000 switches / 112 ms)
  switch-probe: fastpath-swaps=0  (swapped inside the trap, so not in the switch row)
  switch:    80/96/240 cyc  39/47/119 ns  (p50/p99/max, n=40002)
  lock-hold: 960/2560/57080 cyc  479/1278/28500 ns  (p50/p99/max, n=80246)
  lock-site: core=0 site=0x40b51d max=57080
  irq-probe: line=6 raise=inject on=0 raised=100 hcore=none foreign=0 win=0
  irq:       0/0/0 cyc  0/0/0 ns  (p50/max/max, n=0)
  wcase-probe: line=6 raise=inject on=0 raised=100 hcore=none foreign=0 win=0
  wcase-irq[0B]:    0/0/0 cyc  0/0/0 ns  (p50/max/max, n=0)
  wcase-probe: line=6 raise=inject on=0 raised=100 hcore=none foreign=0 win=0
  wcase-irq[64B]:   0/0/0 cyc  0/0/0 ns  (p50/max/max, n=0)
  wcase-probe: line=6 raise=inject on=0 raised=100 hcore=none foreign=0 win=0
  wcase-irq[256B]:  0/0/0 cyc  0/0/0 ns  (p50/max/max, n=0)
  wcase-probe: line=6 raise=inject on=0 raised=100 hcore=none foreign=0 win=0
  wcase-irq[1024B]: 0/0/0 cyc  0/0/0 ns  (p50/max/max, n=0)
  e2e-settle: settled=2/2
  e2e-probe: line=7 closed=1000 dropped=0 tare=459/884 ns  (min/avg, n=64)
  e2e-passes: asked=1000 raised=1000
  e2e-local: 4608/4608/815465 ns  (p50/p99/max, n=1000)
  throughput: 359241 ctx-sw/s  (2783 ns/sw avg over 40000 switches / 111 ms)
  switch-probe: fastpath-swaps=0  (swapped inside the trap, so not in the switch row)
  switch:    80/96/9560 cyc  39/47/4773 ns  (p50/p99/max, n=40002)
  lock-hold: 960/2560/25220 cyc  479/1278/12592 ns  (p50/p99/max, n=80251)
  lock-site: core=0 site=0x402688 max=25220
  irq-probe: line=6 raise=inject on=0 raised=100 hcore=none foreign=0 win=0
  irq:       0/0/0 cyc  0/0/0 ns  (p50/max/max, n=0)
  wcase-probe: line=6 raise=inject on=0 raised=100 hcore=none foreign=0 win=0
  wcase-irq[0B]:    0/0/0 cyc  0/0/0 ns  (p50/max/max, n=0)
  wcase-probe: line=6 raise=inject on=0 raised=100 hcore=none foreign=0 win=0
  wcase-irq[64B]:   0/0/0 cyc  0/0/0 ns  (p50/max/max, n=0)
  wcase-probe: line=6 raise=inject on=0 raised=100 hcore=none foreign=0 win=0
  wcase-irq[256B]:  0/0/0 cyc  0/0/0 ns  (p50/max/max, n=0)
  wcase-probe: line=6 raise=inject on=0 raised=100 hcore=none foreign=0 win=0
  wcase-irq[1024B]: 0/0/0 cyc  0/0/0 ns  (p50/max/max, n=0)
  e2e-settle: settled=2/2
  e2e-probe: line=7 closed=1000 dropped=0 tare=459/884 ns  (min/avg, n=64)
  e2e-passes: asked=1000 raised=1000
  e2e-local: 4608/4608/42841 ns  (p50/p99/max, n=1000)
  throughput: 358781 ctx-sw/s  (2787 ns/sw avg over 40000 switches / 111 ms)
  switch-probe: fastpath-swaps=0  (swapped inside the trap, so not in the switch row)
  switch:    80/96/160 cyc  39/47/79 ns  (p50/p99/max, n=40002)
  lock-hold: 960/2304/48760 cyc  479/1150/24346 ns  (p50/p99/max, n=80248)
  lock-site: core=0 site=0x402688 max=48760
  irq-probe: line=6 raise=inject on=0 raised=100 hcore=none foreign=0 win=0
  irq:       0/0/0 cyc  0/0/0 ns  (p50/max/max, n=0)
  wcase-probe: line=6 raise=inject on=0 raised=100 hcore=none foreign=0 win=0
  wcase-irq[0B]:    0/0/0 cyc  0/0/0 ns  (p50/max/max, n=0)
  wcase-probe: line=6 raise=inject on=0 raised=100 hcore=none foreign=0 win=0
  wcase-irq[64B]:   0/0/0 cyc  0/0/0 ns  (p50/max/max, n=0)
  wcase-probe: line=6 raise=inject on=0 raised=100 hcore=none foreign=0 win=0
  wcase-irq[256B]:  0/0/0 cyc  0/0/0 ns  (p50/max/max, n=0)
  wcase-probe: line=6 raise=inject on=0 raised=100 hcore=none foreign=0 win=0
  wcase-irq[1024B]: 0/0/0 cyc  0/0/0 ns  (p50/max/max, n=0)
  e2e-settle: settled=2/2
  e2e-probe: line=7 closed=1000 dropped=0 tare=459/884 ns  (min/avg, n=64)
  e2e-passes: asked=1000 raised=1000
  e2e-local: 4608/5120/34032 ns  (p50/p99/max, n=1000)
  xtask ping-pong: 2788 ns/switch  (40000 switches / 111 ms)
  xtask call/reply: 16 B  7908 ns/round-trip  (126447 round-trips/s over 20000 calls / 158 ms)
  spawn/exit: thread 31766 ns  (200 reps / 6 ms)
  spawn/exit: task 34537 ns  (200 reps / 6 ms)
bench: done

KICKOS-EXIT status 0
POLL_OK=1 POLL_MS=4800
