[2J[001;001H[=3h[2J[001;001H[2J[001;001H[8;042;160t[2J[001;001H[2J[001;001H[8;056;240t[2J[001;001HBdsDxe: loading Boot0002 "UEFI QEMU HARDDISK QM00001 " from PciRoot(0x0)/Pci(0x1F,0x2)/Sata(0x0,0xFFFF,0x0)
BdsDxe: starting Boot0002 "UEFI QEMU HARDDISK QM00001 " from PciRoot(0x0)/Pci(0x1F,0x2)/Sata(0x0,0xFFFF,0x0)

KICKOS-X1 8c41d7a2 x86_64/q35 uefi-handover entry
KICKOS-X1 8c41d7a2 x86_64/q35 uefi-handover handover if=1 paging=1 longmode=1 root=1 wp=1 nx=1 nxcap=1
KICKOS-X1 8c41d7a2 x86_64/q35 uefi-handover if_after_cli=0
KICKOS-X1 8c41d7a2 x86_64/q35 uefi-handover firmware=Debian distribution of EDK II
KICKOS-X1 8c41d7a2 x86_64/q35 uefi-handover revision=0x0000000000020046
KICKOS-X1 8c41d7a2 x86_64/q35 uefi-handover map descriptors=109 stride=48 version=1 conventional_pages=117765 arena=0x0000000001800000 arena_pages=107372
KICKOS-X1 8c41d7a2 x86_64/q35 uefi-handover fp found em=0 ts=0 mp=1 osfxsr=1 osxmmexcpt=1 osxsave=0
KICKOS-X1 8c41d7a2 x86_64/q35 uefi-handover fp trapped em=1 ts=1 mp=1 osfxsr=0 osxmmexcpt=0 osxsave=0
KICKOS-X1 8c41d7a2 x86_64/q35 uefi-handover boot services left
KICKOS-X1 8c41d7a2 x86_64/q35 uefi-handover if_after_exit=0

  ==============================================
   KickOS 0.5.1  -  microkernel RTOS
  ==============================================
   board   qemu-x86_64
   arch    x86_64
   cpu     x86-64
   mpu     off
   sched   tickless
   build   2026-09-28 23:01:26 +0200
   app     Sep 28 2026 23:01:26 +0200
   commit  8a76388a-dirty
   heap    none
   kstack  4096 B x 17 = 69632 B

microbenchmark: context-switch throughput (all arches) + per-switch cost
+ IRQ-entry latency where a cycle counter exists. Reporter woken by the
workload, not a timer. Telemetry OFF for clean numbers.
cycle counter: 1998427719 Hz (0 = no rate converts a reading; cycles only)

  lock-probe: hold+1 core=0 depth=0  (three nested, one outermost)
  call/reply: 8 B  5409 ns/round-trip  (184866 round-trips/s over 20000 calls / 108 ms)
  call/reply: 16 B  5312 ns/round-trip  (188245 round-trips/s over 20000 calls / 106 ms)
  call/reply: 32 B  5378 ns/round-trip  (185936 round-trips/s over 20000 calls / 107 ms)
  call/reply: 64 B  5360 ns/round-trip  (186565 round-trips/s over 20000 calls / 107 ms)
  call/reply: 128 B  5376 ns/round-trip  (185992 round-trips/s over 20000 calls / 107 ms)
  call/reply: 256 B  5453 ns/round-trip  (183378 round-trips/s over 20000 calls / 109 ms)
  call/reply: 8 B  5331 ns/round-trip  (187573 round-trips/s over 20000 calls / 106 ms) [generic path]
  call/reply: 16 B  5302 ns/round-trip  (188597 round-trips/s over 20000 calls / 106 ms) [generic path]
  call/reply: 32 B  5378 ns/round-trip  (185920 round-trips/s over 20000 calls / 107 ms) [generic path]
  call/reply: 64 B  5353 ns/round-trip  (186789 round-trips/s over 20000 calls / 107 ms) [generic path]
  call/reply: 128 B  5382 ns/round-trip  (185791 round-trips/s over 20000 calls / 107 ms) [generic path]
  call/reply: 256 B  5428 ns/round-trip  (184226 round-trips/s over 20000 calls / 108 ms) [generic path]
  call/reply: 32 B  5577 ns/round-trip  (179294 round-trips/s over 20000 calls / 111 ms) [caller outranks server, D1 donates]
  phase table (44 rows; cyc avg/max, min last and a floor; leaf -= NULL, composite -= NULL + k*(NEST-NULL)):
    NULL             15/4200  min=1  n=260000
    NEST             124/25080  min=100  n=260000
    NEST_LOCK        47/40460  min=40  n=260000
    CALL_TOTAL       9741/1685860  min=9320  n=259999
    CALL_VALIDATE    124/60180  min=100  n=260000
    CALL_LOCKED      9372/1670560  min=8959  n=259999
    CALL_RESOLVE     174/17580  min=160  n=260000
    CALL_PEEK        87/21540  min=80  n=260000
    CALL_PROBE       92/28360  min=60  n=259999
    CALL_POP         76/38080  min=60  n=259999
    CALL_COPY        177/42520  min=120  n=259999
    CALL_MINT        661/181640  min=620  n=259999
    CALL_MINT_CAP    293/96240  min=260  n=259999
    CALL_MINT_INFO   146/44480  min=120  n=259999
    CALL_DONATE      101/56120  min=80  n=19999
    CALL_PARK        237/62780  min=220  n=259999
    CALL_WAKE        6783/1667960  min=6460  n=259999
    CALL_RESUME      87/23520  min=60  n=260000
    CALL_SLOW_TOTAL  401820/401820  min=401820  n=1
    CALL_SLOW_LOCKED 386380/386380  min=386380  n=1
    CALL_SLOW_DONATE 0/0  min=0  n=0
    CALL_SLOW_PARK   286080/286080  min=286080  n=1
    RECV_LOCKED      7487/1260300  min=7160  n=259999
    RECV_RESOLVE     270/93720  min=220  n=260000
    RECV_SCAN        114/41400  min=80  n=259999
    RECV_PARK        6831/1079940  min=6520  n=259999
    REPLY_TOTAL      50180/380960  min=4700  n=13
    REPLY_VALIDATE   5327/29140  min=1780  n=13
    REPLY_LOCKED     1111/457440  min=1000  n=260000
    REPLY_LOOKUP     320/262240  min=280  n=260000
    REPLY_COPY       141/26260  min=80  n=260000
    REPLY_FUNNEL     82/64120  min=60  n=260000
    REPLY_WAKE       183/31340  min=160  n=260000
    REPLY_RECV_TOTAL 9556/1637460  min=9140  n=260000
    REPLY_RECV_TAIL  258/100520  min=220  n=259999
    WAKE_UNPARK      63/27340  min=40  n=520012
    PICK_NEXT        44/18700  min=20  n=520064
    SWITCH_TO        11785/223213480  min=6080  n=520013
    SWITCH_BOOK      72/97060  min=59  n=520039
    MPU_APPLY        15/8940  min=1  n=520039
    MPU_COMMIT       0/0  min=0  n=0
    REENT_SEAT       0/0  min=0  n=0
    KTIME_REARM      63/10980  min=40  n=520039
    ARCH_SWITCH      11341/223212780  min=5620  n=520013
  ns-probe: cyc=4294967295 ns=2149173199 capped=0
  sat-probe: width=64 fits+1/0 wide+0/1 max=1000

  throughput: 545111 ctx-sw/s  (1834 ns/sw avg over 40000 switches / 73 ms)
  switch-probe: fastpath-swaps=0  (swapped inside the trap, so not in the switch row)
  switch:    60/60/320 cyc  30/30/160 ns  (p50/p99/max, n=40002)
  lock-hold: 640/1664/40100 cyc  320/832/20065 ns  (p50/p99/max, n=80245)
  lock-site: core=0 site=0x40b51d max=40100
  irq-probe: line=6 raise=inject on=0 raised=100 hcore=none foreign=0 win=0
  irq:       0/0/0 cyc  0/0/0 ns  (p50/max/max, n=0)
  wcase-probe: line=6 raise=inject on=0 raised=100 hcore=none foreign=0 win=0
  wcase-irq[0B]:    0/0/0 cyc  0/0/0 ns  (p50/max/max, n=0)
  wcase-probe: line=6 raise=inject on=0 raised=100 hcore=none foreign=0 win=0
  wcase-irq[64B]:   0/0/0 cyc  0/0/0 ns  (p50/max/max, n=0)
  wcase-probe: line=6 raise=inject on=0 raised=100 hcore=none foreign=0 win=0
  wcase-irq[256B]:  0/0/0 cyc  0/0/0 ns  (p50/max/max, n=0)
  wcase-probe: line=6 raise=inject on=0 raised=100 hcore=none foreign=0 win=0
  wcase-irq[1024B]: 0/0/0 cyc  0/0/0 ns  (p50/max/max, n=0)
  e2e-settle: settled=2/2
  e2e-probe: line=7 closed=1000 dropped=0 tare=300/575 ns  (min/avg, n=64)
  e2e-passes: asked=1000 raised=1000
  e2e-local: 3328/3328/559050 ns  (p50/p99/max, n=1000)
  throughput: 540599 ctx-sw/s  (1849 ns/sw avg over 40000 switches / 73 ms)
  switch-probe: fastpath-swaps=0  (swapped inside the trap, so not in the switch row)
  switch:    60/80/220 cyc  30/40/110 ns  (p50/p99/max, n=40002)
  lock-hold: 960/1664/38820 cyc  480/832/19425 ns  (p50/p99/max, n=80248)
  lock-site: core=0 site=0x402688 max=38820
  irq-probe: line=6 raise=inject on=0 raised=100 hcore=none foreign=0 win=0
  irq:       0/0/0 cyc  0/0/0 ns  (p50/max/max, n=0)
  wcase-probe: line=6 raise=inject on=0 raised=100 hcore=none foreign=0 win=0
  wcase-irq[0B]:    0/0/0 cyc  0/0/0 ns  (p50/max/max, n=0)
  wcase-probe: line=6 raise=inject on=0 raised=100 hcore=none foreign=0 win=0
  wcase-irq[64B]:   0/0/0 cyc  0/0/0 ns  (p50/max/max, n=0)
  wcase-probe: line=6 raise=inject on=0 raised=100 hcore=none foreign=0 win=0
  wcase-irq[256B]:  0/0/0 cyc  0/0/0 ns  (p50/max/max, n=0)
  wcase-probe: line=6 raise=inject on=0 raised=100 hcore=none foreign=0 win=0
  wcase-irq[1024B]: 0/0/0 cyc  0/0/0 ns  (p50/max/max, n=0)
  e2e-settle: settled=2/2
  e2e-probe: line=7 closed=1000 dropped=0 tare=300/575 ns  (min/avg, n=64)
  e2e-passes: asked=1000 raised=1000
  e2e-local: 3328/3328/31585 ns  (p50/p99/max, n=1000)
  throughput: 540942 ctx-sw/s  (1848 ns/sw avg over 40000 switches / 73 ms)
  switch-probe: fastpath-swaps=0  (swapped inside the trap, so not in the switch row)
  switch:    60/80/220 cyc  30/40/110 ns  (p50/p99/max, n=40002)
  lock-hold: 960/1664/90020 cyc  480/832/45045 ns  (p50/p99/max, n=80248)
  lock-site: core=0 site=0x402688 max=90020
  irq-probe: line=6 raise=inject on=0 raised=100 hcore=none foreign=0 win=0
  irq:       0/0/0 cyc  0/0/0 ns  (p50/max/max, n=0)
  wcase-probe: line=6 raise=inject on=0 raised=100 hcore=none foreign=0 win=0
  wcase-irq[0B]:    0/0/0 cyc  0/0/0 ns  (p50/max/max, n=0)
  wcase-probe: line=6 raise=inject on=0 raised=100 hcore=none foreign=0 win=0
  wcase-irq[64B]:   0/0/0 cyc  0/0/0 ns  (p50/max/max, n=0)
  wcase-probe: line=6 raise=inject on=0 raised=100 hcore=none foreign=0 win=0
  wcase-irq[256B]:  0/0/0 cyc  0/0/0 ns  (p50/max/max, n=0)
  wcase-probe: line=6 raise=inject on=0 raised=100 hcore=none foreign=0 win=0
  wcase-irq[1024B]: 0/0/0 cyc  0/0/0 ns  (p50/max/max, n=0)
  e2e-settle: settled=2/2
  e2e-probe: line=7 closed=1000 dropped=0 tare=300/575 ns  (min/avg, n=64)
  e2e-passes: asked=1000 raised=1000
  e2e-local: 3328/3328/27422 ns  (p50/p99/max, n=1000)
  xtask ping-pong: 1858 ns/switch  (40000 switches / 74 ms)
  xtask call/reply: 16 B  5382 ns/round-trip  (185777 round-trips/s over 20000 calls / 107 ms)
  spawn/exit: thread 21682 ns  (200 reps / 4 ms)
  spawn/exit: task 23494 ns  (200 reps / 4 ms)
bench: done

KICKOS-EXIT status 0
POLL_OK=1 POLL_MS=3400
