[2J[001;001H[=3h[2J[001;001H[2J[001;001H[8;042;160t[2J[001;001H[2J[001;001H[8;056;240t[2J[001;001HBdsDxe: loading Boot0002 "UEFI QEMU HARDDISK QM00001 " from PciRoot(0x0)/Pci(0x1F,0x2)/Sata(0x0,0xFFFF,0x0)
BdsDxe: starting Boot0002 "UEFI QEMU HARDDISK QM00001 " from PciRoot(0x0)/Pci(0x1F,0x2)/Sata(0x0,0xFFFF,0x0)

KICKOS-X1 8c41d7a2 x86_64/q35 uefi-handover entry
KICKOS-X1 8c41d7a2 x86_64/q35 uefi-handover handover if=1 paging=1 longmode=1 root=1 wp=1 nx=1 nxcap=1
KICKOS-X1 8c41d7a2 x86_64/q35 uefi-handover if_after_cli=0
KICKOS-X1 8c41d7a2 x86_64/q35 uefi-handover firmware=Debian distribution of EDK II
KICKOS-X1 8c41d7a2 x86_64/q35 uefi-handover revision=0x0000000000020046
KICKOS-X1 8c41d7a2 x86_64/q35 uefi-handover map descriptors=109 stride=48 version=1 conventional_pages=117765 arena=0x0000000001800000 arena_pages=107372
KICKOS-X1 8c41d7a2 x86_64/q35 uefi-handover fp found em=0 ts=0 mp=1 osfxsr=1 osxmmexcpt=1 osxsave=0
KICKOS-X1 8c41d7a2 x86_64/q35 uefi-handover fp trapped em=1 ts=1 mp=1 osfxsr=0 osxmmexcpt=0 osxsave=0
KICKOS-X1 8c41d7a2 x86_64/q35 uefi-handover boot services left
KICKOS-X1 8c41d7a2 x86_64/q35 uefi-handover if_after_exit=0

  ==============================================
   KickOS 0.5.1  -  microkernel RTOS
  ==============================================
   board   qemu-x86_64
   arch    x86_64
   cpu     x86-64
   mpu     off
   sched   tickless
   build   2026-09-28 23:01:26 +0200
   app     Sep 28 2026 23:01:26 +0200
   commit  8a76388a-dirty
   heap    none
   kstack  4096 B x 17 = 69632 B

microbenchmark: context-switch throughput (all arches) + per-switch cost
+ IRQ-entry latency where a cycle counter exists. Reporter woken by the
workload, not a timer. Telemetry OFF for clean numbers.
cycle counter: 1998167009 Hz (0 = no rate converts a reading; cycles only)

  lock-probe: hold+1 core=0 depth=0  (three nested, one outermost)
  call/reply: 8 B  5407 ns/round-trip  (184926 round-trips/s over 20000 calls / 108 ms)
  call/reply: 16 B  5289 ns/round-trip  (189048 round-trips/s over 20000 calls / 105 ms)
  call/reply: 32 B  5328 ns/round-trip  (187655 round-trips/s over 20000 calls / 106 ms)
  call/reply: 64 B  5328 ns/round-trip  (187668 round-trips/s over 20000 calls / 106 ms)
  call/reply: 128 B  5358 ns/round-trip  (186635 round-trips/s over 20000 calls / 107 ms)
  call/reply: 256 B  5416 ns/round-trip  (184631 round-trips/s over 20000 calls / 108 ms)
  call/reply: 8 B  5345 ns/round-trip  (187086 round-trips/s over 20000 calls / 106 ms) [generic path]
  call/reply: 16 B  5310 ns/round-trip  (188294 round-trips/s over 20000 calls / 106 ms) [generic path]
  call/reply: 32 B  5314 ns/round-trip  (188162 round-trips/s over 20000 calls / 106 ms) [generic path]
  call/reply: 64 B  5370 ns/round-trip  (186190 round-trips/s over 20000 calls / 107 ms) [generic path]
  call/reply: 128 B  5384 ns/round-trip  (185716 round-trips/s over 20000 calls / 107 ms) [generic path]
  call/reply: 256 B  5447 ns/round-trip  (183558 round-trips/s over 20000 calls / 108 ms) [generic path]
  call/reply: 32 B  5593 ns/round-trip  (178772 round-trips/s over 20000 calls / 111 ms) [caller outranks server, D1 donates]
  phase table (44 rows; cyc avg/max, min last and a floor; leaf -= NULL, composite -= NULL + k*(NEST-NULL)):
    NULL             15/11400  min=1  n=260000
    NEST             122/25140  min=100  n=260000
    NEST_LOCK        49/40020  min=40  n=260000
    CALL_TOTAL       9719/1689740  min=9280  n=259999
    CALL_VALIDATE    123/15820  min=100  n=260000
    CALL_LOCKED      9348/1590580  min=8920  n=259999
    CALL_RESOLVE     174/15620  min=160  n=260000
    CALL_PEEK        85/23060  min=80  n=260000
    CALL_PROBE       106/30380  min=80  n=259999
    CALL_POP         70/38380  min=60  n=259999
    CALL_COPY        195/42660  min=120  n=259999
    CALL_MINT        663/182220  min=620  n=259999
    CALL_MINT_CAP    301/96580  min=260  n=259999
    CALL_MINT_INFO   142/44360  min=120  n=259999
    CALL_DONATE      98/19620  min=80  n=19999
    CALL_PARK        239/63380  min=220  n=259999
    CALL_WAKE        6735/1566560  min=6440  n=259999
    CALL_RESUME      84/21880  min=60  n=260000
    CALL_SLOW_TOTAL  355160/355160  min=355160  n=1
    CALL_SLOW_LOCKED 339980/339980  min=339980  n=1
    CALL_SLOW_DONATE 0/0  min=0  n=0
    CALL_SLOW_PARK   259760/259760  min=259760  n=1
    RECV_LOCKED      7534/1264460  min=7200  n=259999
    RECV_RESOLVE     259/93460  min=220  n=260000
    RECV_SCAN        114/40480  min=80  n=259999
    RECV_PARK        6894/1084560  min=6560  n=259999
    REPLY_TOTAL      62693/548580  min=5300  n=13
    REPLY_VALIDATE   5253/25500  min=1320  n=13
    REPLY_LOCKED     1075/393280  min=980  n=260000
    REPLY_LOOKUP     309/200280  min=280  n=260000
    REPLY_COPY       127/38300  min=80  n=260000
    REPLY_FUNNEL     80/62940  min=60  n=260000
    REPLY_WAKE       183/30940  min=160  n=260000
    REPLY_RECV_TOTAL 9561/1646640  min=9140  n=260000
    REPLY_RECV_TAIL  250/97760  min=220  n=259999
    WAKE_UNPARK      63/29600  min=40  n=520012
    PICK_NEXT        45/15340  min=20  n=520064
    SWITCH_TO        11778/223957260  min=6080  n=520013
    SWITCH_BOOK      66/142220  min=40  n=520039
    MPU_APPLY        15/18980  min=1  n=520039
    MPU_COMMIT       0/0  min=0  n=0
    REENT_SEAT       0/0  min=0  n=0
    KTIME_REARM      62/14760  min=40  n=520039
    ARCH_SWITCH      11331/223956700  min=5660  n=520013
  ns-probe: cyc=4294967295 ns=2149453612 capped=0
  sat-probe: width=64 fits+1/0 wide+0/1 max=1000

  throughput: 550983 ctx-sw/s  (1814 ns/sw avg over 40000 switches / 72 ms)
  switch-probe: fastpath-swaps=0  (swapped inside the trap, so not in the switch row)
  switch:    60/80/18560 cyc  30/40/9288 ns  (p50/p99/max, n=40002)
  lock-hold: 960/1536/39900 cyc  480/768/19968 ns  (p50/p99/max, n=80248)
  lock-site: core=0 site=0x40b51d max=39900
  irq-probe: line=6 raise=inject on=0 raised=100 hcore=none foreign=0 win=0
  irq:       0/0/0 cyc  0/0/0 ns  (p50/max/max, n=0)
  wcase-probe: line=6 raise=inject on=0 raised=100 hcore=none foreign=0 win=0
  wcase-irq[0B]:    0/0/0 cyc  0/0/0 ns  (p50/max/max, n=0)
  wcase-probe: line=6 raise=inject on=0 raised=100 hcore=none foreign=0 win=0
  wcase-irq[64B]:   0/0/0 cyc  0/0/0 ns  (p50/max/max, n=0)
  wcase-probe: line=6 raise=inject on=0 raised=100 hcore=none foreign=0 win=0
  wcase-irq[256B]:  0/0/0 cyc  0/0/0 ns  (p50/max/max, n=0)
  wcase-probe: line=6 raise=inject on=0 raised=100 hcore=none foreign=0 win=0
  wcase-irq[1024B]: 0/0/0 cyc  0/0/0 ns  (p50/max/max, n=0)
  e2e-settle: settled=2/2
  e2e-probe: line=7 closed=1000 dropped=0 tare=310/651 ns  (min/avg, n=64)
  e2e-passes: asked=1000 raised=1000
  e2e-local: 3328/4096/558492 ns  (p50/p99/max, n=1000)
  throughput: 550756 ctx-sw/s  (1815 ns/sw avg over 40000 switches / 72 ms)
  switch-probe: fastpath-swaps=0  (swapped inside the trap, so not in the switch row)
  switch:    60/80/260 cyc  30/40/130 ns  (p50/p99/max, n=40002)
  lock-hold: 960/1536/23280 cyc  480/768/11650 ns  (p50/p99/max, n=80248)
  lock-site: core=0 site=0x402688 max=23280
  irq-probe: line=6 raise=inject on=0 raised=100 hcore=none foreign=0 win=0
  irq:       0/0/0 cyc  0/0/0 ns  (p50/max/max, n=0)
  wcase-probe: line=6 raise=inject on=0 raised=100 hcore=none foreign=0 win=0
  wcase-irq[0B]:    0/0/0 cyc  0/0/0 ns  (p50/max/max, n=0)
  wcase-probe: line=6 raise=inject on=0 raised=100 hcore=none foreign=0 win=0
  wcase-irq[64B]:   0/0/0 cyc  0/0/0 ns  (p50/max/max, n=0)
  wcase-probe: line=6 raise=inject on=0 raised=100 hcore=none foreign=0 win=0
  wcase-irq[256B]:  0/0/0 cyc  0/0/0 ns  (p50/max/max, n=0)
  wcase-probe: line=6 raise=inject on=0 raised=100 hcore=none foreign=0 win=0
  wcase-irq[1024B]: 0/0/0 cyc  0/0/0 ns  (p50/max/max, n=0)
  e2e-settle: settled=2/2
  e2e-probe: line=7 closed=1000 dropped=0 tare=310/651 ns  (min/avg, n=64)
  e2e-passes: asked=1000 raised=1000
  e2e-local: 3328/4608/38416 ns  (p50/p99/max, n=1000)
  throughput: 538900 ctx-sw/s  (1855 ns/sw avg over 40000 switches / 74 ms)
  switch-probe: fastpath-swaps=0  (swapped inside the trap, so not in the switch row)
  switch:    60/96/14240 cyc  30/48/7126 ns  (p50/p99/max, n=40002)
  lock-hold: 1152/2304/52880 cyc  576/1153/26464 ns  (p50/p99/max, n=80251)
  lock-site: core=0 site=0x40b51d max=52880
  irq-probe: line=6 raise=inject on=0 raised=100 hcore=none foreign=0 win=0
  irq:       0/0/0 cyc  0/0/0 ns  (p50/max/max, n=0)
  wcase-probe: line=6 raise=inject on=0 raised=100 hcore=none foreign=0 win=0
  wcase-irq[0B]:    0/0/0 cyc  0/0/0 ns  (p50/max/max, n=0)
  wcase-probe: line=6 raise=inject on=0 raised=100 hcore=none foreign=0 win=0
  wcase-irq[64B]:   0/0/0 cyc  0/0/0 ns  (p50/max/max, n=0)
  wcase-probe: line=6 raise=inject on=0 raised=100 hcore=none foreign=0 win=0
  wcase-irq[256B]:  0/0/0 cyc  0/0/0 ns  (p50/max/max, n=0)
  wcase-probe: line=6 raise=inject on=0 raised=100 hcore=none foreign=0 win=0
  wcase-irq[1024B]: 0/0/0 cyc  0/0/0 ns  (p50/max/max, n=0)
  e2e-settle: settled=2/2
  e2e-probe: line=7 closed=1000 dropped=0 tare=310/651 ns  (min/avg, n=64)
  e2e-passes: asked=1000 raised=1000
  e2e-local: 3328/4096/34341 ns  (p50/p99/max, n=1000)
  xtask ping-pong: 1847 ns/switch  (40000 switches / 73 ms)
  xtask call/reply: 16 B  5389 ns/round-trip  (185547 round-trips/s over 20000 calls / 107 ms)
  spawn/exit: thread 21707 ns  (200 reps / 4 ms)
  spawn/exit: task 23547 ns  (200 reps / 4 ms)
bench: done

KICKOS-EXIT status 0
POLL_OK=1 POLL_MS=3200
