[2J[001;001H[=3h[2J[001;001H[2J[001;001H[8;042;160t[2J[001;001H[2J[001;001H[8;056;240t[2J[001;001HBdsDxe: loading Boot0002 "UEFI QEMU HARDDISK QM00001 " from PciRoot(0x0)/Pci(0x1F,0x2)/Sata(0x0,0xFFFF,0x0)
BdsDxe: starting Boot0002 "UEFI QEMU HARDDISK QM00001 " from PciRoot(0x0)/Pci(0x1F,0x2)/Sata(0x0,0xFFFF,0x0)

KICKOS-X1 8c41d7a2 x86_64/q35 uefi-handover entry
KICKOS-X1 8c41d7a2 x86_64/q35 uefi-handover handover if=1 paging=1 longmode=1 root=1 wp=1 nx=1 nxcap=1
KICKOS-X1 8c41d7a2 x86_64/q35 uefi-handover if_after_cli=0
KICKOS-X1 8c41d7a2 x86_64/q35 uefi-handover firmware=Debian distribution of EDK II
KICKOS-X1 8c41d7a2 x86_64/q35 uefi-handover revision=0x0000000000020046
KICKOS-X1 8c41d7a2 x86_64/q35 uefi-handover map descriptors=109 stride=48 version=1 conventional_pages=117765 arena=0x0000000001800000 arena_pages=107372
KICKOS-X1 8c41d7a2 x86_64/q35 uefi-handover fp found em=0 ts=0 mp=1 osfxsr=1 osxmmexcpt=1 osxsave=0
KICKOS-X1 8c41d7a2 x86_64/q35 uefi-handover fp trapped em=1 ts=1 mp=1 osfxsr=0 osxmmexcpt=0 osxsave=0
KICKOS-X1 8c41d7a2 x86_64/q35 uefi-handover boot services left
KICKOS-X1 8c41d7a2 x86_64/q35 uefi-handover if_after_exit=0

  ==============================================
   KickOS 0.5.1  -  microkernel RTOS
  ==============================================
   board   qemu-x86_64
   arch    x86_64
   cpu     x86-64
   mpu     off
   sched   tickless
   build   2026-09-28 23:01:26 +0200
   app     Sep 28 2026 23:01:26 +0200
   commit  8a76388a-dirty
   heap    none
   kstack  4096 B x 17 = 69632 B

microbenchmark: context-switch throughput (all arches) + per-switch cost
+ IRQ-entry latency where a cycle counter exists. Reporter woken by the
workload, not a timer. Telemetry OFF for clean numbers.
cycle counter: 1999690105 Hz (0 = no rate converts a reading; cycles only)

  lock-probe: hold+1 core=0 depth=0  (three nested, one outermost)
  call/reply: 8 B  8106 ns/round-trip  (123361 round-trips/s over 20000 calls / 162 ms)
  call/reply: 16 B  8100 ns/round-trip  (123450 round-trips/s over 20000 calls / 162 ms)
  call/reply: 32 B  8072 ns/round-trip  (123882 round-trips/s over 20000 calls / 161 ms)
  call/reply: 64 B  7975 ns/round-trip  (125390 round-trips/s over 20000 calls / 159 ms)
  call/reply: 128 B  8030 ns/round-trip  (124527 round-trips/s over 20000 calls / 160 ms)
  call/reply: 256 B  8140 ns/round-trip  (122845 round-trips/s over 20000 calls / 162 ms)
  call/reply: 8 B  8050 ns/round-trip  (124214 round-trips/s over 20000 calls / 161 ms) [generic path]
  call/reply: 16 B  7929 ns/round-trip  (126107 round-trips/s over 20000 calls / 158 ms) [generic path]
  call/reply: 32 B  7955 ns/round-trip  (125695 round-trips/s over 20000 calls / 159 ms) [generic path]
  call/reply: 64 B  7961 ns/round-trip  (125603 round-trips/s over 20000 calls / 159 ms) [generic path]
  call/reply: 128 B  8003 ns/round-trip  (124939 round-trips/s over 20000 calls / 160 ms) [generic path]
  call/reply: 256 B  8104 ns/round-trip  (123383 round-trips/s over 20000 calls / 162 ms) [generic path]
  call/reply: 32 B  8411 ns/round-trip  (118891 round-trips/s over 20000 calls / 168 ms) [caller outranks server, D1 donates]
  phase table (44 rows; cyc avg/max, min last and a floor; leaf -= NULL, composite -= NULL + k*(NEST-NULL)):
    NULL             23/6560  min=20  n=260000
    NEST             205/38020  min=160  n=260000
    NEST_LOCK        73/59580  min=40  n=260000
    CALL_TOTAL       14557/2456940  min=14040  n=259999
    CALL_VALIDATE    185/21780  min=160  n=260000
    CALL_LOCKED      14006/2310400  min=13460  n=259999
    CALL_RESOLVE     259/25080  min=240  n=260000
    CALL_PEEK        132/33140  min=120  n=260000
    CALL_PROBE       137/41400  min=100  n=259999
    CALL_POP         115/56360  min=80  n=259999
    CALL_COPY        269/63100  min=180  n=259999
    CALL_MINT        995/273140  min=940  n=259999
    CALL_MINT_CAP    440/148920  min=400  n=259999
    CALL_MINT_INFO   212/64700  min=180  n=259999
    CALL_DONATE      143/31780  min=120  n=19999
    CALL_PARK        361/92380  min=320  n=259999
    CALL_WAKE        10108/2216980  min=9720  n=259999
    CALL_RESUME      126/22260  min=60  n=260000
    CALL_SLOW_TOTAL  527220/527220  min=527220  n=1
    CALL_SLOW_LOCKED 503200/503200  min=503200  n=1
    CALL_SLOW_DONATE 0/0  min=0  n=0
    CALL_SLOW_PARK   382820/382820  min=382820  n=1
    RECV_LOCKED      11275/1852620  min=10820  n=259999
    RECV_RESOLVE     387/136320  min=340  n=260000
    RECV_SCAN        161/57120  min=140  n=259999
    RECV_PARK        10305/1592780  min=9880  n=259999
    REPLY_TOTAL      54027/368720  min=7100  n=13
    REPLY_VALIDATE   5555/32600  min=680  n=13
    REPLY_LOCKED     1662/589320  min=1520  n=260000
    REPLY_LOOKUP     463/298320  min=420  n=260000
    REPLY_COPY       215/37140  min=120  n=260000
    REPLY_FUNNEL     126/95720  min=80  n=260000
    REPLY_WAKE       273/46940  min=240  n=260000
    REPLY_RECV_TOTAL 14373/2413860  min=13840  n=260000
    REPLY_RECV_TAIL  372/147500  min=340  n=259999
    WAKE_UNPARK      96/39780  min=60  n=520012
    PICK_NEXT        69/22600  min=40  n=520064
    SWITCH_TO        17644/336726820  min=9160  n=520013
    SWITCH_BOOK      100/45440  min=80  n=520039
    MPU_APPLY        23/6860  min=20  n=520039
    MPU_COMMIT       0/0  min=0  n=0
    REENT_SEAT       0/0  min=0  n=0
    KTIME_REARM      92/16120  min=60  n=520039
    ARCH_SWITCH      16992/336726020  min=8500  n=520013
  ns-probe: cyc=4294967295 ns=2147816446 capped=0
  sat-probe: width=64 fits+1/0 wide+0/1 max=1000

  throughput: 363800 ctx-sw/s  (2748 ns/sw avg over 40000 switches / 109 ms)
  switch-probe: fastpath-swaps=0  (swapped inside the trap, so not in the switch row)
  switch:    80/96/15980 cyc  40/48/7991 ns  (p50/p99/max, n=40002)
  lock-hold: 1024/2304/45500 cyc  512/1152/22753 ns  (p50/p99/max, n=80249)
  lock-site: core=0 site=0x40b51d max=45500
  irq-probe: line=6 raise=inject on=0 raised=100 hcore=none foreign=0 win=0
  irq:       0/0/0 cyc  0/0/0 ns  (p50/max/max, n=0)
  wcase-probe: line=6 raise=inject on=0 raised=100 hcore=none foreign=0 win=0
  wcase-irq[0B]:    0/0/0 cyc  0/0/0 ns  (p50/max/max, n=0)
  wcase-probe: line=6 raise=inject on=0 raised=100 hcore=none foreign=0 win=0
  wcase-irq[64B]:   0/0/0 cyc  0/0/0 ns  (p50/max/max, n=0)
  wcase-probe: line=6 raise=inject on=0 raised=100 hcore=none foreign=0 win=0
  wcase-irq[256B]:  0/0/0 cyc  0/0/0 ns  (p50/max/max, n=0)
  wcase-probe: line=6 raise=inject on=0 raised=100 hcore=none foreign=0 win=0
  wcase-irq[1024B]: 0/0/0 cyc  0/0/0 ns  (p50/max/max, n=0)
  e2e-settle: settled=2/2
  e2e-probe: line=7 closed=1000 dropped=0 tare=460/868 ns  (min/avg, n=64)
  e2e-passes: asked=1000 raised=1000
  e2e-local: 4608/4608/809945 ns  (p50/p99/max, n=1000)
  throughput: 363975 ctx-sw/s  (2747 ns/sw avg over 40000 switches / 109 ms)
  switch-probe: fastpath-swaps=0  (swapped inside the trap, so not in the switch row)
  switch:    80/96/7960 cyc  40/48/3980 ns  (p50/p99/max, n=40002)
  lock-hold: 960/2304/31880 cyc  480/1152/15942 ns  (p50/p99/max, n=80251)
  lock-site: core=0 site=0x40b51d max=31880
  irq-probe: line=6 raise=inject on=0 raised=100 hcore=none foreign=0 win=0
  irq:       0/0/0 cyc  0/0/0 ns  (p50/max/max, n=0)
  wcase-probe: line=6 raise=inject on=0 raised=100 hcore=none foreign=0 win=0
  wcase-irq[0B]:    0/0/0 cyc  0/0/0 ns  (p50/max/max, n=0)
  wcase-probe: line=6 raise=inject on=0 raised=100 hcore=none foreign=0 win=0
  wcase-irq[64B]:   0/0/0 cyc  0/0/0 ns  (p50/max/max, n=0)
  wcase-probe: line=6 raise=inject on=0 raised=100 hcore=none foreign=0 win=0
  wcase-irq[256B]:  0/0/0 cyc  0/0/0 ns  (p50/max/max, n=0)
  wcase-probe: line=6 raise=inject on=0 raised=100 hcore=none foreign=0 win=0
  wcase-irq[1024B]: 0/0/0 cyc  0/0/0 ns  (p50/max/max, n=0)
  e2e-settle: settled=2/2
  e2e-probe: line=7 closed=1000 dropped=0 tare=460/868 ns  (min/avg, n=64)
  e2e-passes: asked=1000 raised=1000
  e2e-local: 4608/5120/38966 ns  (p50/p99/max, n=1000)
  throughput: 365043 ctx-sw/s  (2739 ns/sw avg over 40000 switches / 109 ms)
  switch-probe: fastpath-swaps=0  (swapped inside the trap, so not in the switch row)
  switch:    80/96/460 cyc  40/48/230 ns  (p50/p99/max, n=40002)
  lock-hold: 960/2304/20920 cyc  480/1152/10461 ns  (p50/p99/max, n=80249)
  lock-site: core=0 site=0x402688 max=20920
  irq-probe: line=6 raise=inject on=0 raised=100 hcore=none foreign=0 win=0
  irq:       0/0/0 cyc  0/0/0 ns  (p50/max/max, n=0)
  wcase-probe: line=6 raise=inject on=0 raised=100 hcore=none foreign=0 win=0
  wcase-irq[0B]:    0/0/0 cyc  0/0/0 ns  (p50/max/max, n=0)
  wcase-probe: line=6 raise=inject on=0 raised=100 hcore=none foreign=0 win=0
  wcase-irq[64B]:   0/0/0 cyc  0/0/0 ns  (p50/max/max, n=0)
  wcase-probe: line=6 raise=inject on=0 raised=100 hcore=none foreign=0 win=0
  wcase-irq[256B]:  0/0/0 cyc  0/0/0 ns  (p50/max/max, n=0)
  wcase-probe: line=6 raise=inject on=0 raised=100 hcore=none foreign=0 win=0
  wcase-irq[1024B]: 0/0/0 cyc  0/0/0 ns  (p50/max/max, n=0)
  e2e-settle: settled=2/2
  e2e-probe: line=7 closed=1000 dropped=0 tare=460/868 ns  (min/avg, n=64)
  e2e-passes: asked=1000 raised=1000
  e2e-local: 4608/4608/13583 ns  (p50/p99/max, n=1000)
  xtask ping-pong: 2764 ns/switch  (40000 switches / 110 ms)
  xtask call/reply: 16 B  7997 ns/round-trip  (125032 round-trips/s over 20000 calls / 159 ms)
  spawn/exit: thread 31808 ns  (200 reps / 6 ms)
  spawn/exit: task 34593 ns  (200 reps / 6 ms)
bench: done

KICKOS-EXIT status 0
POLL_OK=1 POLL_MS=4800
