[2J[001;001H[=3h[2J[001;001H[2J[001;001H[8;042;160t[2J[001;001H[2J[001;001H[8;056;240t[2J[001;001HBdsDxe: loading Boot0002 "UEFI QEMU HARDDISK QM00001 " from PciRoot(0x0)/Pci(0x1F,0x2)/Sata(0x0,0xFFFF,0x0)
BdsDxe: starting Boot0002 "UEFI QEMU HARDDISK QM00001 " from PciRoot(0x0)/Pci(0x1F,0x2)/Sata(0x0,0xFFFF,0x0)

KICKOS-X1 8c41d7a2 x86_64/q35 uefi-handover entry
KICKOS-X1 8c41d7a2 x86_64/q35 uefi-handover handover if=1 paging=1 longmode=1 root=1 wp=1 nx=1 nxcap=1
KICKOS-X1 8c41d7a2 x86_64/q35 uefi-handover if_after_cli=0
KICKOS-X1 8c41d7a2 x86_64/q35 uefi-handover firmware=Debian distribution of EDK II
KICKOS-X1 8c41d7a2 x86_64/q35 uefi-handover revision=0x0000000000020046
KICKOS-X1 8c41d7a2 x86_64/q35 uefi-handover map descriptors=109 stride=48 version=1 conventional_pages=117765 arena=0x0000000001800000 arena_pages=107372
KICKOS-X1 8c41d7a2 x86_64/q35 uefi-handover fp found em=0 ts=0 mp=1 osfxsr=1 osxmmexcpt=1 osxsave=0
KICKOS-X1 8c41d7a2 x86_64/q35 uefi-handover fp trapped em=1 ts=1 mp=1 osfxsr=0 osxmmexcpt=0 osxsave=0
KICKOS-X1 8c41d7a2 x86_64/q35 uefi-handover boot services left
KICKOS-X1 8c41d7a2 x86_64/q35 uefi-handover if_after_exit=0

  ==============================================
   KickOS 0.5.1  -  microkernel RTOS
  ==============================================
   board   qemu-x86_64
   arch    x86_64
   cpu     x86-64
   mpu     off
   sched   tickless
   build   2026-09-28 23:01:26 +0200
   app     Sep 28 2026 23:01:26 +0200
   commit  8a76388a-dirty
   heap    none
   kstack  4096 B x 17 = 69632 B

microbenchmark: context-switch throughput (all arches) + per-switch cost
+ IRQ-entry latency where a cycle counter exists. Reporter woken by the
workload, not a timer. Telemetry OFF for clean numbers.
cycle counter: 1999693088 Hz (0 = no rate converts a reading; cycles only)

  lock-probe: hold+1 core=0 depth=0  (three nested, one outermost)
  call/reply: 8 B  5479 ns/round-trip  (182499 round-trips/s over 20000 calls / 109 ms)
  call/reply: 16 B  5306 ns/round-trip  (188455 round-trips/s over 20000 calls / 106 ms)
  call/reply: 32 B  5374 ns/round-trip  (186048 round-trips/s over 20000 calls / 107 ms)
  call/reply: 64 B  5388 ns/round-trip  (185571 round-trips/s over 20000 calls / 107 ms)
  call/reply: 128 B  5415 ns/round-trip  (184665 round-trips/s over 20000 calls / 108 ms)
  call/reply: 256 B  5522 ns/round-trip  (181072 round-trips/s over 20000 calls / 110 ms)
  call/reply: 8 B  5381 ns/round-trip  (185806 round-trips/s over 20000 calls / 107 ms) [generic path]
  call/reply: 16 B  5385 ns/round-trip  (185697 round-trips/s over 20000 calls / 107 ms) [generic path]
  call/reply: 32 B  5351 ns/round-trip  (186864 round-trips/s over 20000 calls / 107 ms) [generic path]
  call/reply: 64 B  5362 ns/round-trip  (186491 round-trips/s over 20000 calls / 107 ms) [generic path]
  call/reply: 128 B  5418 ns/round-trip  (184546 round-trips/s over 20000 calls / 108 ms) [generic path]
  call/reply: 256 B  5443 ns/round-trip  (183708 round-trips/s over 20000 calls / 108 ms) [generic path]
  call/reply: 32 B  5583 ns/round-trip  (179114 round-trips/s over 20000 calls / 111 ms) [caller outranks server, D1 donates]
  phase table (44 rows; cyc avg/max, min last and a floor; leaf -= NULL, composite -= NULL + k*(NEST-NULL)):
    NULL             15/11320  min=1  n=260000
    NEST             120/24560  min=100  n=260000
    NEST_LOCK        47/39960  min=40  n=260000
    CALL_TOTAL       9785/1689420  min=9340  n=259999
    CALL_VALIDATE    125/23960  min=100  n=260000
    CALL_LOCKED      9392/1688960  min=8960  n=259999
    CALL_RESOLVE     179/15480  min=160  n=260000
    CALL_PEEK        86/21640  min=80  n=260000
    CALL_PROBE       91/27220  min=60  n=259999
    CALL_POP         71/37180  min=60  n=259999
    CALL_COPY        179/42700  min=120  n=259999
    CALL_MINT        658/179220  min=620  n=259999
    CALL_MINT_CAP    288/96240  min=260  n=259999
    CALL_MINT_INFO   138/43240  min=120  n=259999
    CALL_DONATE      95/19600  min=80  n=19999
    CALL_PARK        236/62840  min=220  n=259999
    CALL_WAKE        6812/1686320  min=6500  n=259999
    CALL_RESUME      90/13220  min=60  n=260000
    CALL_SLOW_TOTAL  402160/402160  min=402160  n=1
    CALL_SLOW_LOCKED 383540/383540  min=383540  n=1
    CALL_SLOW_DONATE 0/0  min=0  n=0
    CALL_SLOW_PARK   286860/286860  min=286860  n=1
    RECV_LOCKED      7552/1233160  min=7200  n=259999
    RECV_RESOLVE     260/89080  min=220  n=260000
    RECV_SCAN        113/37320  min=80  n=259999
    RECV_PARK        6904/1062480  min=6600  n=259999
    REPLY_TOTAL      57618/478100  min=5460  n=13
    REPLY_VALIDATE   5304/29140  min=1380  n=13
    REPLY_LOCKED     1093/429020  min=1000  n=260000
    REPLY_LOOKUP     313/238620  min=280  n=260000
    REPLY_COPY       140/24260  min=80  n=260000
    REPLY_FUNNEL     80/62220  min=60  n=260000
    REPLY_WAKE       182/30540  min=160  n=260000
    REPLY_RECV_TOTAL 9612/1613160  min=9200  n=260000
    REPLY_RECV_TAIL  268/96920  min=240  n=259999
    WAKE_UNPARK      63/26320  min=40  n=520012
    PICK_NEXT        46/15340  min=20  n=520064
    SWITCH_TO        11862/223639780  min=6120  n=520013
    SWITCH_BOOK      65/133440  min=40  n=520039
    MPU_APPLY        15/15720  min=1  n=520039
    MPU_COMMIT       0/0  min=0  n=0
    REENT_SEAT       0/0  min=0  n=0
    KTIME_REARM      62/14020  min=40  n=520039
    ARCH_SWITCH      11423/223639180  min=5660  n=520013
  ns-probe: cyc=4294967295 ns=2147813242 capped=0
  sat-probe: width=64 fits+1/0 wide+0/1 max=1000

  throughput: 537794 ctx-sw/s  (1859 ns/sw avg over 40000 switches / 74 ms)
  switch-probe: fastpath-swaps=0  (swapped inside the trap, so not in the switch row)
  switch:    60/60/140 cyc  30/30/70 ns  (p50/p99/max, n=40002)
  lock-hold: 960/1664/44680 cyc  480/832/22343 ns  (p50/p99/max, n=80244)
  lock-site: core=0 site=0x40b51d max=44680
  irq-probe: line=6 raise=inject on=0 raised=100 hcore=none foreign=0 win=0
  irq:       0/0/0 cyc  0/0/0 ns  (p50/max/max, n=0)
  wcase-probe: line=6 raise=inject on=0 raised=100 hcore=none foreign=0 win=0
  wcase-irq[0B]:    0/0/0 cyc  0/0/0 ns  (p50/max/max, n=0)
  wcase-probe: line=6 raise=inject on=0 raised=100 hcore=none foreign=0 win=0
  wcase-irq[64B]:   0/0/0 cyc  0/0/0 ns  (p50/max/max, n=0)
  wcase-probe: line=6 raise=inject on=0 raised=100 hcore=none foreign=0 win=0
  wcase-irq[256B]:  0/0/0 cyc  0/0/0 ns  (p50/max/max, n=0)
  wcase-probe: line=6 raise=inject on=0 raised=100 hcore=none foreign=0 win=0
  wcase-irq[1024B]: 0/0/0 cyc  0/0/0 ns  (p50/max/max, n=0)
  e2e-settle: settled=2/2
  e2e-probe: line=7 closed=1000 dropped=0 tare=300/578 ns  (min/avg, n=64)
  e2e-passes: asked=1000 raised=1000
  e2e-local: 3328/4608/565087 ns  (p50/p99/max, n=1000)
  throughput: 536828 ctx-sw/s  (1862 ns/sw avg over 40000 switches / 74 ms)
  switch-probe: fastpath-swaps=0  (swapped inside the trap, so not in the switch row)
  switch:    60/80/120 cyc  30/40/60 ns  (p50/p99/max, n=40002)
  lock-hold: 960/1664/22760 cyc  480/832/11381 ns  (p50/p99/max, n=80247)
  lock-site: core=0 site=0x402688 max=22760
  irq-probe: line=6 raise=inject on=0 raised=100 hcore=none foreign=0 win=0
  irq:       0/0/0 cyc  0/0/0 ns  (p50/max/max, n=0)
  wcase-probe: line=6 raise=inject on=0 raised=100 hcore=none foreign=0 win=0
  wcase-irq[0B]:    0/0/0 cyc  0/0/0 ns  (p50/max/max, n=0)
  wcase-probe: line=6 raise=inject on=0 raised=100 hcore=none foreign=0 win=0
  wcase-irq[64B]:   0/0/0 cyc  0/0/0 ns  (p50/max/max, n=0)
  wcase-probe: line=6 raise=inject on=0 raised=100 hcore=none foreign=0 win=0
  wcase-irq[256B]:  0/0/0 cyc  0/0/0 ns  (p50/max/max, n=0)
  wcase-probe: line=6 raise=inject on=0 raised=100 hcore=none foreign=0 win=0
  wcase-irq[1024B]: 0/0/0 cyc  0/0/0 ns  (p50/max/max, n=0)
  e2e-settle: settled=2/2
  e2e-probe: line=7 closed=1000 dropped=0 tare=300/578 ns  (min/avg, n=64)
  e2e-passes: asked=1000 raised=1000
  e2e-local: 3328/3328/38176 ns  (p50/p99/max, n=1000)
  throughput: 543359 ctx-sw/s  (1840 ns/sw avg over 40000 switches / 73 ms)
  switch-probe: fastpath-swaps=0  (swapped inside the trap, so not in the switch row)
  switch:    60/60/520 cyc  30/30/260 ns  (p50/p99/max, n=40002)
  lock-hold: 960/1664/46620 cyc  480/832/23313 ns  (p50/p99/max, n=80248)
  lock-site: core=0 site=0x40b51d max=46620
  irq-probe: line=6 raise=inject on=0 raised=100 hcore=none foreign=0 win=0
  irq:       0/0/0 cyc  0/0/0 ns  (p50/max/max, n=0)
  wcase-probe: line=6 raise=inject on=0 raised=100 hcore=none foreign=0 win=0
  wcase-irq[0B]:    0/0/0 cyc  0/0/0 ns  (p50/max/max, n=0)
  wcase-probe: line=6 raise=inject on=0 raised=100 hcore=none foreign=0 win=0
  wcase-irq[64B]:   0/0/0 cyc  0/0/0 ns  (p50/max/max, n=0)
  wcase-probe: line=6 raise=inject on=0 raised=100 hcore=none foreign=0 win=0
  wcase-irq[256B]:  0/0/0 cyc  0/0/0 ns  (p50/max/max, n=0)
  wcase-probe: line=6 raise=inject on=0 raised=100 hcore=none foreign=0 win=0
  wcase-irq[1024B]: 0/0/0 cyc  0/0/0 ns  (p50/max/max, n=0)
  e2e-settle: settled=2/2
  e2e-probe: line=7 closed=1000 dropped=0 tare=300/578 ns  (min/avg, n=64)
  e2e-passes: asked=1000 raised=1000
  e2e-local: 3328/5120/56059 ns  (p50/p99/max, n=1000)
  xtask ping-pong: 1881 ns/switch  (40000 switches / 75 ms)
  xtask call/reply: 16 B  5381 ns/round-trip  (185824 round-trips/s over 20000 calls / 107 ms)
  spawn/exit: thread 21937 ns  (200 reps / 4 ms)
  spawn/exit: task 23268 ns  (200 reps / 4 ms)
bench: done

KICKOS-EXIT status 0
POLL_OK=1 POLL_MS=3600
