[2J[001;001H[=3h[2J[001;001H[2J[001;001H[8;042;160t[2J[001;001H[2J[001;001H[8;056;240t[2J[001;001HBdsDxe: loading Boot0002 "UEFI QEMU HARDDISK QM00001 " from PciRoot(0x0)/Pci(0x1F,0x2)/Sata(0x0,0xFFFF,0x0)
BdsDxe: starting Boot0002 "UEFI QEMU HARDDISK QM00001 " from PciRoot(0x0)/Pci(0x1F,0x2)/Sata(0x0,0xFFFF,0x0)

KICKOS-X1 8c41d7a2 x86_64/q35 uefi-handover entry
KICKOS-X1 8c41d7a2 x86_64/q35 uefi-handover handover if=1 paging=1 longmode=1 root=1 wp=1 nx=1 nxcap=1
KICKOS-X1 8c41d7a2 x86_64/q35 uefi-handover if_after_cli=0
KICKOS-X1 8c41d7a2 x86_64/q35 uefi-handover firmware=Debian distribution of EDK II
KICKOS-X1 8c41d7a2 x86_64/q35 uefi-handover revision=0x0000000000020046
KICKOS-X1 8c41d7a2 x86_64/q35 uefi-handover map descriptors=109 stride=48 version=1 conventional_pages=117765 arena=0x0000000001800000 arena_pages=107372
KICKOS-X1 8c41d7a2 x86_64/q35 uefi-handover fp found em=0 ts=0 mp=1 osfxsr=1 osxmmexcpt=1 osxsave=0
KICKOS-X1 8c41d7a2 x86_64/q35 uefi-handover fp trapped em=1 ts=1 mp=1 osfxsr=0 osxmmexcpt=0 osxsave=0
KICKOS-X1 8c41d7a2 x86_64/q35 uefi-handover boot services left
KICKOS-X1 8c41d7a2 x86_64/q35 uefi-handover if_after_exit=0

  ==============================================
   KickOS 0.5.1  -  microkernel RTOS
  ==============================================
   board   qemu-x86_64
   arch    x86_64
   cpu     x86-64
   mpu     off
   sched   tickless
   build   2026-09-28 23:01:26 +0200
   app     Sep 28 2026 23:01:26 +0200
   commit  8a76388a-dirty
   heap    none
   kstack  4096 B x 17 = 69632 B

microbenchmark: context-switch throughput (all arches) + per-switch cost
+ IRQ-entry latency where a cycle counter exists. Reporter woken by the
workload, not a timer. Telemetry OFF for clean numbers.
cycle counter: 2000383941 Hz (0 = no rate converts a reading; cycles only)

  lock-probe: hold+1 core=0 depth=0  (three nested, one outermost)
  call/reply: 8 B  5466 ns/round-trip  (182948 round-trips/s over 20000 calls / 109 ms)
  call/reply: 16 B  5421 ns/round-trip  (184463 round-trips/s over 20000 calls / 108 ms)
  call/reply: 32 B  5437 ns/round-trip  (183906 round-trips/s over 20000 calls / 108 ms)
  call/reply: 64 B  5442 ns/round-trip  (183744 round-trips/s over 20000 calls / 108 ms)
  call/reply: 128 B  5446 ns/round-trip  (183611 round-trips/s over 20000 calls / 108 ms)
  call/reply: 256 B  5500 ns/round-trip  (181786 round-trips/s over 20000 calls / 110 ms)
  call/reply: 8 B  5393 ns/round-trip  (185423 round-trips/s over 20000 calls / 107 ms) [generic path]
  call/reply: 16 B  5354 ns/round-trip  (186755 round-trips/s over 20000 calls / 107 ms) [generic path]
  call/reply: 32 B  5382 ns/round-trip  (185795 round-trips/s over 20000 calls / 107 ms) [generic path]
  call/reply: 64 B  5435 ns/round-trip  (183975 round-trips/s over 20000 calls / 108 ms) [generic path]
  call/reply: 128 B  5521 ns/round-trip  (181113 round-trips/s over 20000 calls / 110 ms) [generic path]
  call/reply: 256 B  5490 ns/round-trip  (182145 round-trips/s over 20000 calls / 109 ms) [generic path]
  call/reply: 32 B  5665 ns/round-trip  (176521 round-trips/s over 20000 calls / 113 ms) [caller outranks server, D1 donates]
  phase table (44 rows; cyc avg/max, min last and a floor; leaf -= NULL, composite -= NULL + k*(NEST-NULL)):
    NULL             15/6280  min=1  n=260000
    NEST             123/39720  min=100  n=260000
    NEST_LOCK        48/45540  min=40  n=260000
    CALL_TOTAL       9871/1791040  min=9320  n=259999
    CALL_VALIDATE    127/22660  min=100  n=260000
    CALL_LOCKED      9496/1788740  min=8940  n=259999
    CALL_RESOLVE     180/20200  min=160  n=260000
    CALL_PEEK        92/22700  min=80  n=260000
    CALL_PROBE       93/31160  min=60  n=259999
    CALL_POP         71/38300  min=60  n=259999
    CALL_COPY        181/44900  min=120  n=259999
    CALL_MINT        668/189080  min=620  n=259999
    CALL_MINT_CAP    300/104900  min=260  n=259999
    CALL_MINT_INFO   143/44100  min=120  n=259999
    CALL_DONATE      97/19340  min=80  n=19999
    CALL_PARK        243/64120  min=220  n=259999
    CALL_WAKE        6880/1785440  min=6480  n=259999
    CALL_RESUME      86/41480  min=80  n=260000
    CALL_SLOW_TOTAL  367780/367780  min=367780  n=1
    CALL_SLOW_LOCKED 352620/352620  min=352620  n=1
    CALL_SLOW_DONATE 0/0  min=0  n=0
    CALL_SLOW_PARK   265560/265560  min=265560  n=1
    RECV_LOCKED      7613/1396600  min=7140  n=259999
    RECV_RESOLVE     264/90120  min=220  n=260000
    RECV_SCAN        116/40020  min=80  n=259999
    RECV_PARK        6960/1222260  min=6520  n=259999
    REPLY_TOTAL      77281/623760  min=9040  n=13
    REPLY_VALIDATE   8500/35560  min=2740  n=13
    REPLY_LOCKED     1116/393160  min=1000  n=260000
    REPLY_LOOKUP     328/200120  min=299  n=260000
    REPLY_COPY       137/24500  min=80  n=260000
    REPLY_FUNNEL     82/63240  min=60  n=260000
    REPLY_WAKE       184/31880  min=160  n=260000
    REPLY_RECV_TOTAL 9699/1809180  min=9120  n=260000
    REPLY_RECV_TAIL  254/101760  min=220  n=259999
    WAKE_UNPARK      64/28200  min=40  n=520012
    PICK_NEXT        45/16800  min=20  n=520064
    SWITCH_TO        11966/227096420  min=6040  n=520013
    SWITCH_BOOK      69/177760  min=40  n=520039
    MPU_APPLY        16/13860  min=1  n=520039
    MPU_COMMIT       0/0  min=0  n=0
    REENT_SEAT       0/0  min=0  n=0
    KTIME_REARM      65/22780  min=40  n=520039
    ARCH_SWITCH      11519/227095840  min=5600  n=520013
  ns-probe: cyc=4294967295 ns=2147071473 capped=0
  sat-probe: width=64 fits+1/0 wide+0/1 max=1000

  throughput: 537477 ctx-sw/s  (1860 ns/sw avg over 40000 switches / 74 ms)
  switch-probe: fastpath-swaps=0  (swapped inside the trap, so not in the switch row)
  switch:    60/80/23180 cyc  29/39/11587 ns  (p50/p99/max, n=40002)
  lock-hold: 1024/2048/90100 cyc  511/1023/45041 ns  (p50/p99/max, n=80249)
  lock-site: core=0 site=0x402688 max=90100
  irq-probe: line=6 raise=inject on=0 raised=100 hcore=none foreign=0 win=0
  irq:       0/0/0 cyc  0/0/0 ns  (p50/max/max, n=0)
  wcase-probe: line=6 raise=inject on=0 raised=100 hcore=none foreign=0 win=0
  wcase-irq[0B]:    0/0/0 cyc  0/0/0 ns  (p50/max/max, n=0)
  wcase-probe: line=6 raise=inject on=0 raised=100 hcore=none foreign=0 win=0
  wcase-irq[64B]:   0/0/0 cyc  0/0/0 ns  (p50/max/max, n=0)
  wcase-probe: line=6 raise=inject on=0 raised=100 hcore=none foreign=0 win=0
  wcase-irq[256B]:  0/0/0 cyc  0/0/0 ns  (p50/max/max, n=0)
  wcase-probe: line=6 raise=inject on=0 raised=100 hcore=none foreign=0 win=0
  wcase-irq[1024B]: 0/0/0 cyc  0/0/0 ns  (p50/max/max, n=0)
  e2e-settle: settled=2/2
  e2e-probe: line=7 closed=1000 dropped=0 tare=290/586 ns  (min/avg, n=64)
  e2e-passes: asked=1000 raised=1000
  e2e-local: 3328/5120/619861 ns  (p50/p99/max, n=1000)
  throughput: 536509 ctx-sw/s  (1863 ns/sw avg over 40000 switches / 74 ms)
  switch-probe: fastpath-swaps=0  (swapped inside the trap, so not in the switch row)
  switch:    60/80/340 cyc  29/39/169 ns  (p50/p99/max, n=40002)
  lock-hold: 1152/2304/78660 cyc  575/1151/39322 ns  (p50/p99/max, n=80248)
  lock-site: core=0 site=0x40b51d max=78660
  irq-probe: line=6 raise=inject on=0 raised=100 hcore=none foreign=0 win=0
  irq:       0/0/0 cyc  0/0/0 ns  (p50/max/max, n=0)
  wcase-probe: line=6 raise=inject on=0 raised=100 hcore=none foreign=0 win=0
  wcase-irq[0B]:    0/0/0 cyc  0/0/0 ns  (p50/max/max, n=0)
  wcase-probe: line=6 raise=inject on=0 raised=100 hcore=none foreign=0 win=0
  wcase-irq[64B]:   0/0/0 cyc  0/0/0 ns  (p50/max/max, n=0)
  wcase-probe: line=6 raise=inject on=0 raised=100 hcore=none foreign=0 win=0
  wcase-irq[256B]:  0/0/0 cyc  0/0/0 ns  (p50/max/max, n=0)
  wcase-probe: line=6 raise=inject on=0 raised=100 hcore=none foreign=0 win=0
  wcase-irq[1024B]: 0/0/0 cyc  0/0/0 ns  (p50/max/max, n=0)
  e2e-settle: settled=2/2
  e2e-probe: line=7 closed=1000 dropped=0 tare=290/586 ns  (min/avg, n=64)
  e2e-passes: asked=1000 raised=1000
  e2e-local: 3328/4608/56299 ns  (p50/p99/max, n=1000)
  throughput: 534037 ctx-sw/s  (1872 ns/sw avg over 40000 switches / 74 ms)
  switch-probe: fastpath-swaps=0  (swapped inside the trap, so not in the switch row)
  switch:    60/96/480 cyc  29/47/239 ns  (p50/p99/max, n=40002)
  lock-hold: 1024/2304/71560 cyc  511/1151/35773 ns  (p50/p99/max, n=80248)
  lock-site: core=0 site=0x40b51d max=71560
  irq-probe: line=6 raise=inject on=0 raised=100 hcore=none foreign=0 win=0
  irq:       0/0/0 cyc  0/0/0 ns  (p50/max/max, n=0)
  wcase-probe: line=6 raise=inject on=0 raised=100 hcore=none foreign=0 win=0
  wcase-irq[0B]:    0/0/0 cyc  0/0/0 ns  (p50/max/max, n=0)
  wcase-probe: line=6 raise=inject on=0 raised=100 hcore=none foreign=0 win=0
  wcase-irq[64B]:   0/0/0 cyc  0/0/0 ns  (p50/max/max, n=0)
  wcase-probe: line=6 raise=inject on=0 raised=100 hcore=none foreign=0 win=0
  wcase-irq[256B]:  0/0/0 cyc  0/0/0 ns  (p50/max/max, n=0)
  wcase-probe: line=6 raise=inject on=0 raised=100 hcore=none foreign=0 win=0
  wcase-irq[1024B]: 0/0/0 cyc  0/0/0 ns  (p50/max/max, n=0)
  e2e-settle: settled=2/2
  e2e-probe: line=7 closed=1000 dropped=0 tare=290/586 ns  (min/avg, n=64)
  e2e-passes: asked=1000 raised=1000
  e2e-local: 3328/5120/56619 ns  (p50/p99/max, n=1000)
  xtask ping-pong: 1882 ns/switch  (40000 switches / 75 ms)
  xtask call/reply: 16 B  5402 ns/round-trip  (185100 round-trips/s over 20000 calls / 108 ms)
  spawn/exit: thread 21944 ns  (200 reps / 4 ms)
  spawn/exit: task 23684 ns  (200 reps / 4 ms)
bench: done

KICKOS-EXIT status 0
POLL_OK=1 POLL_MS=3400
