[2J[001;001H[=3h[2J[001;001H[2J[001;001H[8;042;160t[2J[001;001H[2J[001;001H[8;056;240t[2J[001;001HBdsDxe: loading Boot0002 "UEFI QEMU HARDDISK QM00001 " from PciRoot(0x0)/Pci(0x1F,0x2)/Sata(0x0,0xFFFF,0x0)
BdsDxe: starting Boot0002 "UEFI QEMU HARDDISK QM00001 " from PciRoot(0x0)/Pci(0x1F,0x2)/Sata(0x0,0xFFFF,0x0)

KICKOS-X1 8c41d7a2 x86_64/q35 uefi-handover entry
KICKOS-X1 8c41d7a2 x86_64/q35 uefi-handover handover if=1 paging=1 longmode=1 root=1 wp=1 nx=1 nxcap=1
KICKOS-X1 8c41d7a2 x86_64/q35 uefi-handover if_after_cli=0
KICKOS-X1 8c41d7a2 x86_64/q35 uefi-handover firmware=Debian distribution of EDK II
KICKOS-X1 8c41d7a2 x86_64/q35 uefi-handover revision=0x0000000000020046
KICKOS-X1 8c41d7a2 x86_64/q35 uefi-handover map descriptors=109 stride=48 version=1 conventional_pages=117765 arena=0x0000000001800000 arena_pages=107372
KICKOS-X1 8c41d7a2 x86_64/q35 uefi-handover fp found em=0 ts=0 mp=1 osfxsr=1 osxmmexcpt=1 osxsave=0
KICKOS-X1 8c41d7a2 x86_64/q35 uefi-handover fp trapped em=1 ts=1 mp=1 osfxsr=0 osxmmexcpt=0 osxsave=0
KICKOS-X1 8c41d7a2 x86_64/q35 uefi-handover boot services left
KICKOS-X1 8c41d7a2 x86_64/q35 uefi-handover if_after_exit=0

  ==============================================
   KickOS 0.5.1  -  microkernel RTOS
  ==============================================
   board   qemu-x86_64
   arch    x86_64
   cpu     x86-64
   mpu     off
   sched   tickless
   build   2026-09-28 23:01:26 +0200
   app     Sep 28 2026 23:01:26 +0200
   commit  8a76388a-dirty
   heap    none
   kstack  4096 B x 17 = 69632 B

microbenchmark: context-switch throughput (all arches) + per-switch cost
+ IRQ-entry latency where a cycle counter exists. Reporter woken by the
workload, not a timer. Telemetry OFF for clean numbers.
cycle counter: 1999134083 Hz (0 = no rate converts a reading; cycles only)

  lock-probe: hold+1 core=0 depth=0  (three nested, one outermost)
  call/reply: 8 B  8047 ns/round-trip  (124260 round-trips/s over 20000 calls / 160 ms)
  call/reply: 16 B  7998 ns/round-trip  (125027 round-trips/s over 20000 calls / 159 ms)
  call/reply: 32 B  8021 ns/round-trip  (124664 round-trips/s over 20000 calls / 160 ms)
  call/reply: 64 B  8044 ns/round-trip  (124312 round-trips/s over 20000 calls / 160 ms)
  call/reply: 128 B  8083 ns/round-trip  (123707 round-trips/s over 20000 calls / 161 ms)
  call/reply: 256 B  8194 ns/round-trip  (122034 round-trips/s over 20000 calls / 163 ms)
  call/reply: 8 B  7981 ns/round-trip  (125288 round-trips/s over 20000 calls / 159 ms) [generic path]
  call/reply: 16 B  7964 ns/round-trip  (125552 round-trips/s over 20000 calls / 159 ms) [generic path]
  call/reply: 32 B  7975 ns/round-trip  (125389 round-trips/s over 20000 calls / 159 ms) [generic path]
  call/reply: 64 B  8020 ns/round-trip  (124682 round-trips/s over 20000 calls / 160 ms) [generic path]
  call/reply: 128 B  8030 ns/round-trip  (124525 round-trips/s over 20000 calls / 160 ms) [generic path]
  call/reply: 256 B  8142 ns/round-trip  (122806 round-trips/s over 20000 calls / 162 ms) [generic path]
  call/reply: 32 B  8282 ns/round-trip  (120734 round-trips/s over 20000 calls / 165 ms) [caller outranks server, D1 donates]
  phase table (44 rows; cyc avg/max, min last and a floor; leaf -= NULL, composite -= NULL + k*(NEST-NULL)):
    NULL             23/17120  min=20  n=260000
    NEST             181/37280  min=160  n=260000
    NEST_LOCK        70/59680  min=40  n=260000
    CALL_TOTAL       14578/2439780  min=14020  n=259999
    CALL_VALIDATE    187/21440  min=160  n=260000
    CALL_LOCKED      14018/2294560  min=13480  n=259999
    CALL_RESOLVE     262/23740  min=240  n=260000
    CALL_PEEK        132/33240  min=120  n=260000
    CALL_PROBE       148/42880  min=100  n=259999
    CALL_POP         106/55220  min=80  n=259999
    CALL_COPY        263/63340  min=180  n=259999
    CALL_MINT        983/292840  min=940  n=259999
    CALL_MINT_CAP    433/167120  min=400  n=259999
    CALL_MINT_INFO   213/65820  min=180  n=259999
    CALL_DONATE      137/29820  min=120  n=19999
    CALL_PARK        352/94880  min=320  n=259999
    CALL_WAKE        10171/2123300  min=9780  n=259999
    CALL_RESUME      127/20260  min=100  n=260000
    CALL_SLOW_TOTAL  553000/553000  min=553000  n=1
    CALL_SLOW_LOCKED 530340/530340  min=530340  n=1
    CALL_SLOW_DONATE 0/0  min=0  n=0
    CALL_SLOW_PARK   403540/403540  min=403540  n=1
    RECV_LOCKED      11246/1871700  min=10800  n=259999
    RECV_RESOLVE     436/136960  min=360  n=260000
    RECV_SCAN        170/58960  min=140  n=259999
    RECV_PARK        10235/1606600  min=9820  n=259999
    REPLY_TOTAL      61929/498620  min=7780  n=13
    REPLY_VALIDATE   5555/28600  min=1640  n=13
    REPLY_LOCKED     1660/591060  min=1500  n=260000
    REPLY_LOOKUP     489/299540  min=440  n=260000
    REPLY_COPY       207/36560  min=120  n=260000
    REPLY_FUNNEL     119/95440  min=80  n=260000
    REPLY_WAKE       281/47780  min=240  n=260000
    REPLY_RECV_TOTAL 14342/2435180  min=13800  n=260000
    REPLY_RECV_TAIL  386/148900  min=340  n=259999
    WAKE_UNPARK      95/40200  min=60  n=520012
    PICK_NEXT        68/22440  min=40  n=520064
    SWITCH_TO        17642/331601260  min=9120  n=520013
    SWITCH_BOOK      98/74680  min=80  n=520039
    MPU_APPLY        23/14260  min=20  n=520039
    MPU_COMMIT       0/0  min=0  n=0
    REENT_SEAT       0/0  min=0  n=0
    KTIME_REARM      92/19540  min=60  n=520039
    ARCH_SWITCH      16992/331600380  min=8420  n=520013
  ns-probe: cyc=4294967295 ns=2148413821 capped=0
  sat-probe: width=64 fits+1/0 wide+0/1 max=1000

  throughput: 357713 ctx-sw/s  (2795 ns/sw avg over 40000 switches / 111 ms)
  switch-probe: fastpath-swaps=0  (swapped inside the trap, so not in the switch row)
  switch:    80/96/840 cyc  40/48/420 ns  (p50/p99/max, n=40002)
  lock-hold: 1280/2304/86260 cyc  640/1152/43148 ns  (p50/p99/max, n=80246)
  lock-site: core=0 site=0x40b51d max=86260
  irq-probe: line=6 raise=inject on=0 raised=100 hcore=none foreign=0 win=0
  irq:       0/0/0 cyc  0/0/0 ns  (p50/max/max, n=0)
  wcase-probe: line=6 raise=inject on=0 raised=100 hcore=none foreign=0 win=0
  wcase-irq[0B]:    0/0/0 cyc  0/0/0 ns  (p50/max/max, n=0)
  wcase-probe: line=6 raise=inject on=0 raised=100 hcore=none foreign=0 win=0
  wcase-irq[64B]:   0/0/0 cyc  0/0/0 ns  (p50/max/max, n=0)
  wcase-probe: line=6 raise=inject on=0 raised=100 hcore=none foreign=0 win=0
  wcase-irq[256B]:  0/0/0 cyc  0/0/0 ns  (p50/max/max, n=0)
  wcase-probe: line=6 raise=inject on=0 raised=100 hcore=none foreign=0 win=0
  wcase-irq[1024B]: 0/0/0 cyc  0/0/0 ns  (p50/max/max, n=0)
  e2e-settle: settled=2/2
  e2e-probe: line=7 closed=1000 dropped=0 tare=440/896 ns  (min/avg, n=64)
  e2e-passes: asked=1000 raised=1000
  e2e-local: 4608/5120/828078 ns  (p50/p99/max, n=1000)
  throughput: 402527 ctx-sw/s  (2484 ns/sw avg over 40000 switches / 99 ms)
  switch-probe: fastpath-swaps=0  (swapped inside the trap, so not in the switch row)
  switch:    80/128/4280 cyc  40/64/2140 ns  (p50/p99/max, n=40002)
  lock-hold: 1536/2560/188060 cyc  768/1280/94070 ns  (p50/p99/max, n=80251)
  lock-site: core=0 site=0x402688 max=188060
  irq-probe: line=6 raise=inject on=0 raised=100 hcore=none foreign=0 win=0
  irq:       0/0/0 cyc  0/0/0 ns  (p50/max/max, n=0)
  wcase-probe: line=6 raise=inject on=0 raised=100 hcore=none foreign=0 win=0
  wcase-irq[0B]:    0/0/0 cyc  0/0/0 ns  (p50/max/max, n=0)
  wcase-probe: line=6 raise=inject on=0 raised=100 hcore=none foreign=0 win=0
  wcase-irq[64B]:   0/0/0 cyc  0/0/0 ns  (p50/max/max, n=0)
  wcase-probe: line=6 raise=inject on=0 raised=100 hcore=none foreign=0 win=0
  wcase-irq[256B]:  0/0/0 cyc  0/0/0 ns  (p50/max/max, n=0)
  wcase-probe: line=6 raise=inject on=0 raised=100 hcore=none foreign=0 win=0
  wcase-irq[1024B]: 0/0/0 cyc  0/0/0 ns  (p50/max/max, n=0)
  e2e-settle: settled=2/2
  e2e-probe: line=7 closed=1000 dropped=0 tare=440/896 ns  (min/avg, n=64)
  e2e-passes: asked=1000 raised=1000
  e2e-local: 4608/5120/59786 ns  (p50/p99/max, n=1000)
  throughput: 357399 ctx-sw/s  (2797 ns/sw avg over 40000 switches / 111 ms)
  switch-probe: fastpath-swaps=0  (swapped inside the trap, so not in the switch row)
  switch:    80/96/280 cyc  40/48/140 ns  (p50/p99/max, n=40002)
  lock-hold: 1280/2560/83940 cyc  640/1280/41988 ns  (p50/p99/max, n=80249)
  lock-site: core=0 site=0x40b51d max=83940
  irq-probe: line=6 raise=inject on=0 raised=100 hcore=none foreign=0 win=0
  irq:       0/0/0 cyc  0/0/0 ns  (p50/max/max, n=0)
  wcase-probe: line=6 raise=inject on=0 raised=100 hcore=none foreign=0 win=0
  wcase-irq[0B]:    0/0/0 cyc  0/0/0 ns  (p50/max/max, n=0)
  wcase-probe: line=6 raise=inject on=0 raised=100 hcore=none foreign=0 win=0
  wcase-irq[64B]:   0/0/0 cyc  0/0/0 ns  (p50/max/max, n=0)
  wcase-probe: line=6 raise=inject on=0 raised=100 hcore=none foreign=0 win=0
  wcase-irq[256B]:  0/0/0 cyc  0/0/0 ns  (p50/max/max, n=0)
  wcase-probe: line=6 raise=inject on=0 raised=100 hcore=none foreign=0 win=0
  wcase-irq[1024B]: 0/0/0 cyc  0/0/0 ns  (p50/max/max, n=0)
  e2e-settle: settled=2/2
  e2e-probe: line=7 closed=1000 dropped=0 tare=440/896 ns  (min/avg, n=64)
  e2e-passes: asked=1000 raised=1000
  e2e-local: 4608/5120/37586 ns  (p50/p99/max, n=1000)
  xtask ping-pong: 2790 ns/switch  (40000 switches / 111 ms)
  xtask call/reply: 16 B  7984 ns/round-trip  (125249 round-trips/s over 20000 calls / 159 ms)
  spawn/exit: thread 31995 ns  (200 reps / 6 ms)
  spawn/exit: task 34504 ns  (200 reps / 6 ms)
bench: done

KICKOS-EXIT status 0
POLL_OK=1 POLL_MS=4600
