[2J[001;001H[=3h[2J[001;001H[2J[001;001H[8;042;160t[2J[001;001H[2J[001;001H[8;056;240t[2J[001;001HBdsDxe: loading Boot0002 "UEFI QEMU HARDDISK QM00001 " from PciRoot(0x0)/Pci(0x1F,0x2)/Sata(0x0,0xFFFF,0x0)
BdsDxe: starting Boot0002 "UEFI QEMU HARDDISK QM00001 " from PciRoot(0x0)/Pci(0x1F,0x2)/Sata(0x0,0xFFFF,0x0)

KICKOS-X1 8c41d7a2 x86_64/q35 uefi-handover entry
KICKOS-X1 8c41d7a2 x86_64/q35 uefi-handover handover if=1 paging=1 longmode=1 root=1 wp=1 nx=1 nxcap=1
KICKOS-X1 8c41d7a2 x86_64/q35 uefi-handover if_after_cli=0
KICKOS-X1 8c41d7a2 x86_64/q35 uefi-handover firmware=Debian distribution of EDK II
KICKOS-X1 8c41d7a2 x86_64/q35 uefi-handover revision=0x0000000000020046
KICKOS-X1 8c41d7a2 x86_64/q35 uefi-handover map descriptors=109 stride=48 version=1 conventional_pages=117748 arena=0x0000000001800000 arena_pages=107372
KICKOS-X1 8c41d7a2 x86_64/q35 uefi-handover fp found em=0 ts=0 mp=1 osfxsr=1 osxmmexcpt=1 osxsave=0
KICKOS-X1 8c41d7a2 x86_64/q35 uefi-handover fp trapped em=1 ts=1 mp=1 osfxsr=0 osxmmexcpt=0 osxsave=0
KICKOS-X1 8c41d7a2 x86_64/q35 uefi-handover boot services left
KICKOS-X1 8c41d7a2 x86_64/q35 uefi-handover if_after_exit=0

  ==============================================
   KickOS 0.5.1  -  microkernel RTOS
  ==============================================
   board   qemu-x86_64
   arch    x86_64
   cpu     x86-64
   mpu     off
   sched   tickless
   build   2026-09-29 07:46:23 +0200
   app     Sep 29 2026 07:46:24 +0200
   commit  ccc510f3
   heap    none
   kstack  4096 B x 33 = 135168 B

microbenchmark: context-switch throughput (all arches) + per-switch cost
+ IRQ-entry latency where a cycle counter exists. Reporter woken by the
workload, not a timer. Telemetry OFF for clean numbers.
cycle counter: 1998505276 Hz (0 = no rate converts a reading; cycles only)

  lock-probe: hold+1 core=0 depth=0  (three nested, one outermost)
  call/reply: 8 B  5431 ns/round-trip  (184122 round-trips/s over 20000 calls / 108 ms)
  call/reply: 16 B  5338 ns/round-trip  (187305 round-trips/s over 20000 calls / 106 ms)
  call/reply: 32 B  5342 ns/round-trip  (187187 round-trips/s over 20000 calls / 106 ms)
  call/reply: 64 B  5372 ns/round-trip  (186148 round-trips/s over 20000 calls / 107 ms)
  call/reply: 128 B  5408 ns/round-trip  (184898 round-trips/s over 20000 calls / 108 ms)
  call/reply: 256 B  5456 ns/round-trip  (183261 round-trips/s over 20000 calls / 109 ms)
  call/reply: 8 B  5328 ns/round-trip  (187686 round-trips/s over 20000 calls / 106 ms) [generic path]
  call/reply: 16 B  5377 ns/round-trip  (185962 round-trips/s over 20000 calls / 107 ms) [generic path]
  call/reply: 32 B  5372 ns/round-trip  (186144 round-trips/s over 20000 calls / 107 ms) [generic path]
  call/reply: 64 B  5396 ns/round-trip  (185302 round-trips/s over 20000 calls / 107 ms) [generic path]
  call/reply: 128 B  5384 ns/round-trip  (185731 round-trips/s over 20000 calls / 107 ms) [generic path]
  call/reply: 256 B  5489 ns/round-trip  (182161 round-trips/s over 20000 calls / 109 ms) [generic path]
  call/reply: 32 B  5712 ns/round-trip  (175048 round-trips/s over 20000 calls / 114 ms) [caller outranks server, D1 donates]
  phase table (44 rows; cyc avg/max, min last and a floor; leaf -= NULL, composite -= NULL + k*(NEST-NULL)):
    NULL             17/7840  min=1  n=260000
    NEST             124/24820  min=100  n=260000
    NEST_LOCK        48/40960  min=40  n=260000
    CALL_TOTAL       9784/1638120  min=9340  n=259999
    CALL_VALIDATE    124/14420  min=100  n=260000
    CALL_LOCKED      9410/1616160  min=8980  n=259999
    CALL_RESOLVE     180/16020  min=160  n=260000
    CALL_PEEK        87/22260  min=80  n=260000
    CALL_PROBE       93/29420  min=80  n=259999
    CALL_POP         71/39900  min=60  n=259999
    CALL_COPY        178/44460  min=120  n=259999
    CALL_MINT        660/181100  min=620  n=259999
    CALL_MINT_CAP    292/97320  min=260  n=259999
    CALL_MINT_INFO   142/43260  min=120  n=259999
    CALL_DONATE      98/20600  min=80  n=19999
    CALL_PARK        243/63000  min=220  n=259999
    CALL_WAKE        6813/1613540  min=6500  n=259999
    CALL_RESUME      95/14000  min=40  n=260000
    CALL_SLOW_TOTAL  393340/393340  min=393340  n=1
    CALL_SLOW_LOCKED 377560/377560  min=377560  n=1
    CALL_SLOW_DONATE 0/0  min=0  n=0
    CALL_SLOW_PARK   279820/279820  min=279820  n=1
    RECV_LOCKED      7547/1253940  min=7240  n=259999
    RECV_RESOLVE     271/94100  min=240  n=260000
    RECV_SCAN        112/39460  min=80  n=259999
    RECV_PARK        6891/1073820  min=6600  n=259999
    REPLY_TOTAL      68204/600160  min=4660  n=13
    REPLY_VALIDATE   6793/28200  min=1720  n=13
    REPLY_LOCKED     1109/401660  min=1000  n=260000
    REPLY_LOOKUP     316/203460  min=280  n=260000
    REPLY_COPY       144/36960  min=80  n=260000
    REPLY_FUNNEL     80/65560  min=60  n=260000
    REPLY_WAKE       182/32300  min=160  n=260000
    REPLY_RECV_TOTAL 9622/1656900  min=9220  n=260000
    REPLY_RECV_TAIL  255/101660  min=220  n=259999
    WAKE_UNPARK      65/27260  min=40  n=520012
    PICK_NEXT        45/15200  min=20  n=520064
    SWITCH_TO        11850/228760260  min=6120  n=520013
    SWITCH_BOOK      67/181900  min=40  n=520039
    MPU_APPLY        16/4800  min=1  n=520039
    MPU_COMMIT       0/0  min=0  n=0
    REENT_SEAT       0/0  min=0  n=0
    KTIME_REARM      63/16740  min=40  n=520039
    ARCH_SWITCH      11411/228759660  min=5680  n=520013
  ns-probe: cyc=4294967295 ns=2149089795 capped=0
  sat-probe: width=64 fits+1/0 wide+0/1 max=1000

  throughput: 533045 ctx-sw/s  (1876 ns/sw avg over 40000 switches / 75 ms)
  switch-probe: fastpath-swaps=0  (swapped inside the trap, so not in the switch row)
  switch:    60/96/840 cyc  30/48/420 ns  (p50/p99/max, n=40002)
  lock-hold: 1536/2048/54120 cyc  768/1024/27080 ns  (p50/p99/max, n=80245)
  lock-site: core=0 site=0x402688 max=54120
  irq-probe: line=6 raise=inject on=0 raised=100 hcore=none foreign=0 win=0
  irq:       0/0/0 cyc  0/0/0 ns  (p50/max/max, n=0)
  wcase-probe: line=6 raise=inject on=0 raised=100 hcore=none foreign=0 win=0
  wcase-irq[0B]:    0/0/0 cyc  0/0/0 ns  (p50/max/max, n=0)
  wcase-probe: line=6 raise=inject on=0 raised=100 hcore=none foreign=0 win=0
  wcase-irq[64B]:   0/0/0 cyc  0/0/0 ns  (p50/max/max, n=0)
  wcase-probe: line=6 raise=inject on=0 raised=100 hcore=none foreign=0 win=0
  wcase-irq[256B]:  0/0/0 cyc  0/0/0 ns  (p50/max/max, n=0)
  wcase-probe: line=6 raise=inject on=0 raised=100 hcore=none foreign=0 win=0
  wcase-irq[1024B]: 0/0/0 cyc  0/0/0 ns  (p50/max/max, n=0)
  e2e-settle: settled=2/2
  e2e-probe: line=7 closed=1000 dropped=0 tare=300/570 ns  (min/avg, n=64)
  e2e-passes: asked=1000 raised=1000
  e2e-local: 3328/5120/582255 ns  (p50/p99/max, n=1000)
  throughput: 546772 ctx-sw/s  (1828 ns/sw avg over 40000 switches / 73 ms)
  switch-probe: fastpath-swaps=0  (swapped inside the trap, so not in the switch row)
  switch:    60/80/220 cyc  30/40/110 ns  (p50/p99/max, n=40002)
  lock-hold: 960/1536/19480 cyc  480/768/9747 ns  (p50/p99/max, n=80248)
  lock-site: core=0 site=0x402688 max=19480
  irq-probe: line=6 raise=inject on=0 raised=100 hcore=none foreign=0 win=0
  irq:       0/0/0 cyc  0/0/0 ns  (p50/max/max, n=0)
  wcase-probe: line=6 raise=inject on=0 raised=100 hcore=none foreign=0 win=0
  wcase-irq[0B]:    0/0/0 cyc  0/0/0 ns  (p50/max/max, n=0)
  wcase-probe: line=6 raise=inject on=0 raised=100 hcore=none foreign=0 win=0
  wcase-irq[64B]:   0/0/0 cyc  0/0/0 ns  (p50/max/max, n=0)
  wcase-probe: line=6 raise=inject on=0 raised=100 hcore=none foreign=0 win=0
  wcase-irq[256B]:  0/0/0 cyc  0/0/0 ns  (p50/max/max, n=0)
  wcase-probe: line=6 raise=inject on=0 raised=100 hcore=none foreign=0 win=0
  wcase-irq[1024B]: 0/0/0 cyc  0/0/0 ns  (p50/max/max, n=0)
  e2e-settle: settled=2/2
  e2e-probe: line=7 closed=1000 dropped=0 tare=300/570 ns  (min/avg, n=64)
  e2e-passes: asked=1000 raised=1000
  e2e-local: 3328/3328/52609 ns  (p50/p99/max, n=1000)
  throughput: 543407 ctx-sw/s  (1840 ns/sw avg over 40000 switches / 73 ms)
  switch-probe: fastpath-swaps=0  (swapped inside the trap, so not in the switch row)
  switch:    60/80/120 cyc  30/40/60 ns  (p50/p99/max, n=40002)
  lock-hold: 896/1536/20440 cyc  448/768/10227 ns  (p50/p99/max, n=80247)
  lock-site: core=0 site=0x40b51d max=20440
  irq-probe: line=6 raise=inject on=0 raised=100 hcore=none foreign=0 win=0
  irq:       0/0/0 cyc  0/0/0 ns  (p50/max/max, n=0)
  wcase-probe: line=6 raise=inject on=0 raised=100 hcore=none foreign=0 win=0
  wcase-irq[0B]:    0/0/0 cyc  0/0/0 ns  (p50/max/max, n=0)
  wcase-probe: line=6 raise=inject on=0 raised=100 hcore=none foreign=0 win=0
  wcase-irq[64B]:   0/0/0 cyc  0/0/0 ns  (p50/max/max, n=0)
  wcase-probe: line=6 raise=inject on=0 raised=100 hcore=none foreign=0 win=0
  wcase-irq[256B]:  0/0/0 cyc  0/0/0 ns  (p50/max/max, n=0)
  wcase-probe: line=6 raise=inject on=0 raised=100 hcore=none foreign=0 win=0
  wcase-irq[1024B]: 0/0/0 cyc  0/0/0 ns  (p50/max/max, n=0)
  e2e-settle: settled=2/2
  e2e-probe: line=7 closed=1000 dropped=0 tare=300/570 ns  (min/avg, n=64)
  e2e-passes: asked=1000 raised=1000
  e2e-local: 3328/3584/49077 ns  (p50/p99/max, n=1000)
  xtask ping-pong: 1853 ns/switch  (40000 switches / 74 ms)
  xtask call/reply: 16 B  5356 ns/round-trip  (186677 round-trips/s over 20000 calls / 107 ms)
  spawn/exit: thread 21782 ns  (200 reps / 4 ms)
  spawn/exit: task 23277 ns  (200 reps / 4 ms)
bench: done

KICKOS-EXIT status 0
POLL_OK=1 POLL_MS=3400
