[2J[001;001H[=3h[2J[001;001H[2J[001;001H[8;042;160t[2J[001;001H[2J[001;001H[8;056;240t[2J[001;001HBdsDxe: loading Boot0002 "UEFI QEMU HARDDISK QM00001 " from PciRoot(0x0)/Pci(0x1F,0x2)/Sata(0x0,0xFFFF,0x0)
BdsDxe: starting Boot0002 "UEFI QEMU HARDDISK QM00001 " from PciRoot(0x0)/Pci(0x1F,0x2)/Sata(0x0,0xFFFF,0x0)

KICKOS-X1 8c41d7a2 x86_64/q35 uefi-handover entry
KICKOS-X1 8c41d7a2 x86_64/q35 uefi-handover handover if=1 paging=1 longmode=1 root=1 wp=1 nx=1 nxcap=1
KICKOS-X1 8c41d7a2 x86_64/q35 uefi-handover if_after_cli=0
KICKOS-X1 8c41d7a2 x86_64/q35 uefi-handover firmware=Debian distribution of EDK II
KICKOS-X1 8c41d7a2 x86_64/q35 uefi-handover revision=0x0000000000020046
KICKOS-X1 8c41d7a2 x86_64/q35 uefi-handover map descriptors=109 stride=48 version=1 conventional_pages=117748 arena=0x0000000001800000 arena_pages=107372
KICKOS-X1 8c41d7a2 x86_64/q35 uefi-handover fp found em=0 ts=0 mp=1 osfxsr=1 osxmmexcpt=1 osxsave=0
KICKOS-X1 8c41d7a2 x86_64/q35 uefi-handover fp trapped em=1 ts=1 mp=1 osfxsr=0 osxmmexcpt=0 osxsave=0
KICKOS-X1 8c41d7a2 x86_64/q35 uefi-handover boot services left
KICKOS-X1 8c41d7a2 x86_64/q35 uefi-handover if_after_exit=0

  ==============================================
   KickOS 0.5.1  -  microkernel RTOS
  ==============================================
   board   qemu-x86_64
   arch    x86_64
   cpu     x86-64
   mpu     off
   sched   tickless
   build   2026-09-29 07:46:23 +0200
   app     Sep 29 2026 07:46:24 +0200
   commit  ccc510f3
   heap    none
   kstack  4096 B x 33 = 135168 B

microbenchmark: context-switch throughput (all arches) + per-switch cost
+ IRQ-entry latency where a cycle counter exists. Reporter woken by the
workload, not a timer. Telemetry OFF for clean numbers.
cycle counter: 1999360787 Hz (0 = no rate converts a reading; cycles only)

  lock-probe: hold+1 core=0 depth=0  (three nested, one outermost)
  call/reply: 8 B  8119 ns/round-trip  (123158 round-trips/s over 20000 calls / 162 ms)
  call/reply: 16 B  7993 ns/round-trip  (125097 round-trips/s over 20000 calls / 159 ms)
  call/reply: 32 B  8080 ns/round-trip  (123756 round-trips/s over 20000 calls / 161 ms)
  call/reply: 64 B  8065 ns/round-trip  (123979 round-trips/s over 20000 calls / 161 ms)
  call/reply: 128 B  8111 ns/round-trip  (123286 round-trips/s over 20000 calls / 162 ms)
  call/reply: 256 B  8233 ns/round-trip  (121458 round-trips/s over 20000 calls / 164 ms)
  call/reply: 8 B  7994 ns/round-trip  (125084 round-trips/s over 20000 calls / 159 ms) [generic path]
  call/reply: 16 B  7952 ns/round-trip  (125741 round-trips/s over 20000 calls / 159 ms) [generic path]
  call/reply: 32 B  7948 ns/round-trip  (125808 round-trips/s over 20000 calls / 158 ms) [generic path]
  call/reply: 64 B  7985 ns/round-trip  (125227 round-trips/s over 20000 calls / 159 ms) [generic path]
  call/reply: 128 B  8052 ns/round-trip  (124192 round-trips/s over 20000 calls / 161 ms) [generic path]
  call/reply: 256 B  8181 ns/round-trip  (122226 round-trips/s over 20000 calls / 163 ms) [generic path]
  call/reply: 32 B  8383 ns/round-trip  (119274 round-trips/s over 20000 calls / 167 ms) [caller outranks server, D1 donates]
  phase table (44 rows; cyc avg/max, min last and a floor; leaf -= NULL, composite -= NULL + k*(NEST-NULL)):
    NULL             23/14800  min=1  n=260000
    NEST             183/38340  min=100  n=260000
    NEST_LOCK        69/59840  min=40  n=260000
    CALL_TOTAL       14588/2487120  min=9240  n=259999
    CALL_VALIDATE    186/21640  min=100  n=260000
    CALL_LOCKED      14023/2448160  min=8880  n=259999
    CALL_RESOLVE     266/103520  min=140  n=260000
    CALL_PEEK        129/99840  min=80  n=260000
    CALL_PROBE       139/41460  min=80  n=259999
    CALL_POP         106/55060  min=60  n=259999
    CALL_COPY        302/61540  min=140  n=259999
    CALL_MINT        997/262860  min=600  n=259999
    CALL_MINT_CAP    450/141720  min=260  n=259999
    CALL_MINT_INFO   212/63580  min=120  n=259999
    CALL_DONATE      142/30000  min=80  n=19999
    CALL_PARK        359/90680  min=200  n=259999
    CALL_WAKE        10118/2444260  min=6400  n=259999
    CALL_RESUME      126/49060  min=60  n=260000
    CALL_SLOW_TOTAL  552720/552720  min=552720  n=1
    CALL_SLOW_LOCKED 528780/528780  min=528780  n=1
    CALL_SLOW_DONATE 0/0  min=0  n=0
    CALL_SLOW_PARK   398820/398820  min=398820  n=1
    RECV_LOCKED      11310/1895140  min=7040  n=259999
    RECV_RESOLVE     393/135440  min=239  n=260000
    RECV_SCAN        170/57480  min=100  n=259999
    RECV_PARK        10340/1635500  min=6440  n=259999
    REPLY_TOTAL      85146/764560  min=3640  n=13
    REPLY_VALIDATE   6153/45780  min=320  n=13
    REPLY_LOCKED     1641/628920  min=1080  n=260000
    REPLY_LOOKUP     472/291080  min=280  n=260000
    REPLY_COPY       210/45220  min=100  n=260000
    REPLY_FUNNEL     123/92400  min=60  n=260000
    REPLY_WAKE       272/46420  min=160  n=260000
    REPLY_RECV_TOTAL 14389/2448240  min=9060  n=260000
    REPLY_RECV_TAIL  384/144780  min=220  n=259999
    WAKE_UNPARK      94/39440  min=40  n=520012
    PICK_NEXT        67/52100  min=20  n=520064
    SWITCH_TO        17696/335809380  min=5980  n=520013
    SWITCH_BOOK      99/217160  min=40  n=520039
    MPU_APPLY        23/12860  min=1  n=520039
    MPU_COMMIT       0/0  min=0  n=0
    REENT_SEAT       0/0  min=0  n=0
    KTIME_REARM      94/19720  min=40  n=520039
    ARCH_SWITCH      17043/335808340  min=5540  n=520013
  ns-probe: cyc=4294967295 ns=2148170216 capped=0
  sat-probe: width=64 fits+1/0 wide+0/1 max=1000

  throughput: 359826 ctx-sw/s  (2779 ns/sw avg over 40000 switches / 111 ms)
  switch-probe: fastpath-swaps=0  (swapped inside the trap, so not in the switch row)
  switch:    80/96/7660 cyc  40/48/3831 ns  (p50/p99/max, n=40002)
  lock-hold: 1024/2560/43500 cyc  512/1280/21756 ns  (p50/p99/max, n=80248)
  lock-site: core=0 site=0x40b51d max=43500
  irq-probe: line=6 raise=inject on=0 raised=100 hcore=none foreign=0 win=0
  irq:       0/0/0 cyc  0/0/0 ns  (p50/max/max, n=0)
  wcase-probe: line=6 raise=inject on=0 raised=100 hcore=none foreign=0 win=0
  wcase-irq[0B]:    0/0/0 cyc  0/0/0 ns  (p50/max/max, n=0)
  wcase-probe: line=6 raise=inject on=0 raised=100 hcore=none foreign=0 win=0
  wcase-irq[64B]:   0/0/0 cyc  0/0/0 ns  (p50/max/max, n=0)
  wcase-probe: line=6 raise=inject on=0 raised=100 hcore=none foreign=0 win=0
  wcase-irq[256B]:  0/0/0 cyc  0/0/0 ns  (p50/max/max, n=0)
  wcase-probe: line=6 raise=inject on=0 raised=100 hcore=none foreign=0 win=0
  wcase-irq[1024B]: 0/0/0 cyc  0/0/0 ns  (p50/max/max, n=0)
  e2e-settle: settled=2/2
  e2e-probe: line=7 closed=1000 dropped=0 tare=460/863 ns  (min/avg, n=64)
  e2e-passes: asked=1000 raised=1000
  e2e-local: 4608/5120/855884 ns  (p50/p99/max, n=1000)
  throughput: 367804 ctx-sw/s  (2718 ns/sw avg over 40000 switches / 108 ms)
  switch-probe: fastpath-swaps=0  (swapped inside the trap, so not in the switch row)
  switch:    80/96/120 cyc  40/48/60 ns  (p50/p99/max, n=40002)
  lock-hold: 960/2304/20160 cyc  480/1152/10083 ns  (p50/p99/max, n=80248)
  lock-site: core=0 site=0x402688 max=20160
  irq-probe: line=6 raise=inject on=0 raised=100 hcore=none foreign=0 win=0
  irq:       0/0/0 cyc  0/0/0 ns  (p50/max/max, n=0)
  wcase-probe: line=6 raise=inject on=0 raised=100 hcore=none foreign=0 win=0
  wcase-irq[0B]:    0/0/0 cyc  0/0/0 ns  (p50/max/max, n=0)
  wcase-probe: line=6 raise=inject on=0 raised=100 hcore=none foreign=0 win=0
  wcase-irq[64B]:   0/0/0 cyc  0/0/0 ns  (p50/max/max, n=0)
  wcase-probe: line=6 raise=inject on=0 raised=100 hcore=none foreign=0 win=0
  wcase-irq[256B]:  0/0/0 cyc  0/0/0 ns  (p50/max/max, n=0)
  wcase-probe: line=6 raise=inject on=0 raised=100 hcore=none foreign=0 win=0
  wcase-irq[1024B]: 0/0/0 cyc  0/0/0 ns  (p50/max/max, n=0)
  e2e-settle: settled=2/2
  e2e-probe: line=7 closed=1000 dropped=0 tare=460/863 ns  (min/avg, n=64)
  e2e-passes: asked=1000 raised=1000
  e2e-local: 4608/5120/53467 ns  (p50/p99/max, n=1000)
  throughput: 366508 ctx-sw/s  (2728 ns/sw avg over 40000 switches / 109 ms)
  switch-probe: fastpath-swaps=0  (swapped inside the trap, so not in the switch row)
  switch:    80/96/9140 cyc  40/48/4571 ns  (p50/p99/max, n=40002)
  lock-hold: 960/2304/21720 cyc  480/1152/10863 ns  (p50/p99/max, n=80251)
  lock-site: core=0 site=0x402688 max=21720
  irq-probe: line=6 raise=inject on=0 raised=100 hcore=none foreign=0 win=0
  irq:       0/0/0 cyc  0/0/0 ns  (p50/max/max, n=0)
  wcase-probe: line=6 raise=inject on=0 raised=100 hcore=none foreign=0 win=0
  wcase-irq[0B]:    0/0/0 cyc  0/0/0 ns  (p50/max/max, n=0)
  wcase-probe: line=6 raise=inject on=0 raised=100 hcore=none foreign=0 win=0
  wcase-irq[64B]:   0/0/0 cyc  0/0/0 ns  (p50/max/max, n=0)
  wcase-probe: line=6 raise=inject on=0 raised=100 hcore=none foreign=0 win=0
  wcase-irq[256B]:  0/0/0 cyc  0/0/0 ns  (p50/max/max, n=0)
  wcase-probe: line=6 raise=inject on=0 raised=100 hcore=none foreign=0 win=0
  wcase-irq[1024B]: 0/0/0 cyc  0/0/0 ns  (p50/max/max, n=0)
  e2e-settle: settled=2/2
  e2e-probe: line=7 closed=1000 dropped=0 tare=460/863 ns  (min/avg, n=64)
  e2e-passes: asked=1000 raised=1000
  e2e-local: 4608/5120/28719 ns  (p50/p99/max, n=1000)
  xtask ping-pong: 2749 ns/switch  (40000 switches / 109 ms)
  xtask call/reply: 16 B  7961 ns/round-trip  (125596 round-trips/s over 20000 calls / 159 ms)
  spawn/exit: thread 31752 ns  (200 reps / 6 ms)
  spawn/exit: task 34655 ns  (200 reps / 6 ms)
bench: done

KICKOS-EXIT status 0
POLL_OK=1 POLL_MS=4400
