[2J[001;001H[=3h[2J[001;001H[2J[001;001H[8;042;160t[2J[001;001H[2J[001;001H[8;056;240t[2J[001;001HBdsDxe: loading Boot0002 "UEFI QEMU HARDDISK QM00001 " from PciRoot(0x0)/Pci(0x1F,0x2)/Sata(0x0,0xFFFF,0x0)
BdsDxe: starting Boot0002 "UEFI QEMU HARDDISK QM00001 " from PciRoot(0x0)/Pci(0x1F,0x2)/Sata(0x0,0xFFFF,0x0)

KICKOS-X1 8c41d7a2 x86_64/q35 uefi-handover entry
KICKOS-X1 8c41d7a2 x86_64/q35 uefi-handover handover if=1 paging=1 longmode=1 root=1 wp=1 nx=1 nxcap=1
KICKOS-X1 8c41d7a2 x86_64/q35 uefi-handover if_after_cli=0
KICKOS-X1 8c41d7a2 x86_64/q35 uefi-handover firmware=Debian distribution of EDK II
KICKOS-X1 8c41d7a2 x86_64/q35 uefi-handover revision=0x0000000000020046
KICKOS-X1 8c41d7a2 x86_64/q35 uefi-handover map descriptors=109 stride=48 version=1 conventional_pages=117679 arena=0x0000000001800000 arena_pages=107372
KICKOS-X1 8c41d7a2 x86_64/q35 uefi-handover fp found em=0 ts=0 mp=1 osfxsr=1 osxmmexcpt=1 osxsave=0
KICKOS-X1 8c41d7a2 x86_64/q35 uefi-handover fp trapped em=1 ts=1 mp=1 osfxsr=0 osxmmexcpt=0 osxsave=0
KICKOS-X1 8c41d7a2 x86_64/q35 uefi-handover boot services left
KICKOS-X1 8c41d7a2 x86_64/q35 uefi-handover if_after_exit=0
x86_64 app relocation: base=0x0000000000400000 load_delta=0x0000000000000000 app_words=0

  ==============================================
   KickOS 0.5.1  -  microkernel RTOS
  ==============================================
   board   qemu-x86_64
   arch    x86_64
   cpu     x86-64
   mpu     off
   sched   tickless
   build   2026-09-29 07:40:25 +0200
   app     Sep 29 2026 00:56:20 +0200
   commit  15947db7-dirty
   heap    none
   kstack  4096 B x 33 = 135168 B

microbenchmark: context-switch throughput (all arches) + per-switch cost
+ IRQ-entry latency where a cycle counter exists. Reporter woken by the
workload, not a timer. Telemetry OFF for clean numbers.
cycle counter: 1998606696 Hz (0 = no rate converts a reading; cycles only)

  lock-probe: hold+1 core=0 depth=0  (three nested, one outermost)
  call/reply: 8 B  7786 ns/round-trip  (128425 round-trips/s over 20000 calls / 155 ms)
  call/reply: 16 B  7739 ns/round-trip  (129203 round-trips/s over 20000 calls / 154 ms)
  call/reply: 32 B  7667 ns/round-trip  (130427 round-trips/s over 20000 calls / 153 ms)
  call/reply: 64 B  7796 ns/round-trip  (128270 round-trips/s over 20000 calls / 155 ms)
  call/reply: 128 B  7947 ns/round-trip  (125824 round-trips/s over 20000 calls / 158 ms)
  call/reply: 256 B  7995 ns/round-trip  (125068 round-trips/s over 20000 calls / 159 ms)
  call/reply: 8 B  7641 ns/round-trip  (130871 round-trips/s over 20000 calls / 152 ms) [generic path]
  call/reply: 16 B  7699 ns/round-trip  (129881 round-trips/s over 20000 calls / 153 ms) [generic path]
  call/reply: 32 B  7652 ns/round-trip  (130667 round-trips/s over 20000 calls / 153 ms) [generic path]
  call/reply: 64 B  7670 ns/round-trip  (130371 round-trips/s over 20000 calls / 153 ms) [generic path]
  call/reply: 128 B  7709 ns/round-trip  (129703 round-trips/s over 20000 calls / 154 ms) [generic path]
  call/reply: 256 B  7818 ns/round-trip  (127902 round-trips/s over 20000 calls / 156 ms) [generic path]
  call/reply: 32 B  7945 ns/round-trip  (125861 round-trips/s over 20000 calls / 158 ms) [caller outranks server, D1 donates]
  phase table (44 rows; cyc avg/max, min last and a floor; leaf -= NULL, composite -= NULL + k*(NEST-NULL)):
    NULL             15/6720  min=1  n=260000
    NEST             83/24500  min=60  n=260000
    NEST_LOCK        47/38880  min=40  n=260000
    CALL_TOTAL       14464/2354480  min=13760  n=259999
    CALL_VALIDATE    166/22400  min=140  n=260000
    CALL_LOCKED      13961/2353780  min=13280  n=259999
    CALL_RESOLVE     216/21440  min=180  n=260000
    CALL_PEEK        46/22360  min=20  n=260000
    CALL_PROBE       80/34500  min=60  n=259999
    CALL_POP         123/37300  min=100  n=259999
    CALL_COPY        1414/58340  min=1300  n=259999
    CALL_MINT        1361/188060  min=1220  n=259999
    CALL_MINT_CAP    375/97040  min=319  n=259999
    CALL_MINT_INFO   838/135180  min=760  n=259999
    CALL_DONATE      113/20120  min=80  n=19999
    CALL_PARK        238/60900  min=220  n=259999
    CALL_WAKE        9511/2348980  min=9060  n=259999
    CALL_RESUME      152/26460  min=120  n=260000
    CALL_SLOW_TOTAL  467360/467360  min=467360  n=1
    CALL_SLOW_LOCKED 448980/448980  min=448980  n=1
    CALL_SLOW_DONATE 0/0  min=0  n=0
    CALL_SLOW_PARK   344040/344040  min=344040  n=1
    RECV_LOCKED      9813/1300100  min=9300  n=259999
    RECV_RESOLVE     248/87140  min=220  n=260000
    RECV_SCAN        141/39940  min=100  n=259999
    RECV_PARK        9188/1124880  min=8680  n=259999
    REPLY_TOTAL      73086/536240  min=12980  n=13
    REPLY_VALIDATE   9867/39520  min=3900  n=13
    REPLY_LOCKED     2436/394660  min=2240  n=260000
    REPLY_LOOKUP     323/197520  min=280  n=260000
    REPLY_COPY       1415/48340  min=1280  n=260000
    REPLY_FUNNEL     195/62900  min=160  n=260000
    REPLY_WAKE       218/29460  min=200  n=260000
    REPLY_RECV_TOTAL 14069/1702320  min=13340  n=260000
    REPLY_RECV_TAIL  421/99180  min=380  n=259999
    WAKE_UNPARK      66/26660  min=40  n=520012
    PICK_NEXT        45/26340  min=20  n=520064
    SWITCH_TO        16688/319921820  min=8200  n=520013
    SWITCH_BOOK      68/108680  min=40  n=520039
    MPU_APPLY        109/13480  min=80  n=520039
    MPU_COMMIT       0/0  min=0  n=0
    REENT_SEAT       0/0  min=0  n=0
    KTIME_REARM      64/26340  min=40  n=520039
    ARCH_SWITCH      16152/319919800  min=7660  n=520013
  ns-probe: cyc=4294967295 ns=2148980739 capped=0
  sat-probe: width=64 fits+1/0 wide+0/1 max=1000

  throughput: 520532 ctx-sw/s  (1921 ns/sw avg over 40000 switches / 76 ms)
  switch-probe: fastpath-swaps=0  (swapped inside the trap, so not in the switch row)
  switch:    60/80/8360 cyc  30/40/4182 ns  (p50/p99/max, n=40002)
  lock-hold: 1024/1792/40900 cyc  512/896/20464 ns  (p50/p99/max, n=80247)
  lock-site: core=0 site=0x409dac max=40900
  irq-probe: line=6 raise=inject on=0 raised=100 hcore=none foreign=0 win=0
  irq:       0/0/0 cyc  0/0/0 ns  (p50/max/max, n=0)
  wcase-probe: line=6 raise=inject on=0 raised=100 hcore=none foreign=0 win=0
  wcase-irq[0B]:    0/0/0 cyc  0/0/0 ns  (p50/max/max, n=0)
  wcase-probe: line=6 raise=inject on=0 raised=100 hcore=none foreign=0 win=0
  wcase-irq[64B]:   0/0/0 cyc  0/0/0 ns  (p50/max/max, n=0)
  wcase-probe: line=6 raise=inject on=0 raised=100 hcore=none foreign=0 win=0
  wcase-irq[256B]:  0/0/0 cyc  0/0/0 ns  (p50/max/max, n=0)
  wcase-probe: line=6 raise=inject on=0 raised=100 hcore=none foreign=0 win=0
  wcase-irq[1024B]: 0/0/0 cyc  0/0/0 ns  (p50/max/max, n=0)
  e2e-settle: settled=2/2
  e2e-probe: line=7 closed=1000 dropped=0 tare=300/567 ns  (min/avg, n=64)
  e2e-passes: asked=1000 raised=1000
  e2e-local: 3840/5120/628098 ns  (p50/p99/max, n=1000)
  throughput: 529101 ctx-sw/s  (1889 ns/sw avg over 40000 switches / 75 ms)
  switch-probe: fastpath-swaps=0  (swapped inside the trap, so not in the switch row)
  switch:    60/80/400 cyc  30/40/200 ns  (p50/p99/max, n=40002)
  lock-hold: 960/1792/16100 cyc  480/896/8055 ns  (p50/p99/max, n=80248)
  lock-site: core=0 site=0x416918 max=16100
  irq-probe: line=6 raise=inject on=0 raised=100 hcore=none foreign=0 win=0
  irq:       0/0/0 cyc  0/0/0 ns  (p50/max/max, n=0)
  wcase-probe: line=6 raise=inject on=0 raised=100 hcore=none foreign=0 win=0
  wcase-irq[0B]:    0/0/0 cyc  0/0/0 ns  (p50/max/max, n=0)
  wcase-probe: line=6 raise=inject on=0 raised=100 hcore=none foreign=0 win=0
  wcase-irq[64B]:   0/0/0 cyc  0/0/0 ns  (p50/max/max, n=0)
  wcase-probe: line=6 raise=inject on=0 raised=100 hcore=none foreign=0 win=0
  wcase-irq[256B]:  0/0/0 cyc  0/0/0 ns  (p50/max/max, n=0)
  wcase-probe: line=6 raise=inject on=0 raised=100 hcore=none foreign=0 win=0
  wcase-irq[1024B]: 0/0/0 cyc  0/0/0 ns  (p50/max/max, n=0)
  e2e-settle: settled=2/2
  e2e-probe: line=7 closed=1000 dropped=0 tare=300/567 ns  (min/avg, n=64)
  e2e-passes: asked=1000 raised=1000
  e2e-local: 3840/5632/57500 ns  (p50/p99/max, n=1000)
  throughput: 521491 ctx-sw/s  (1917 ns/sw avg over 40000 switches / 76 ms)
  switch-probe: fastpath-swaps=0  (swapped inside the trap, so not in the switch row)
  switch:    60/80/400 cyc  30/40/200 ns  (p50/p99/max, n=40002)
  lock-hold: 1024/2304/51240 cyc  512/1152/25637 ns  (p50/p99/max, n=80248)
  lock-site: core=0 site=0x416918 max=51240
  irq-probe: line=6 raise=inject on=0 raised=100 hcore=none foreign=0 win=0
  irq:       0/0/0 cyc  0/0/0 ns  (p50/max/max, n=0)
  wcase-probe: line=6 raise=inject on=0 raised=100 hcore=none foreign=0 win=0
  wcase-irq[0B]:    0/0/0 cyc  0/0/0 ns  (p50/max/max, n=0)
  wcase-probe: line=6 raise=inject on=0 raised=100 hcore=none foreign=0 win=0
  wcase-irq[64B]:   0/0/0 cyc  0/0/0 ns  (p50/max/max, n=0)
  wcase-probe: line=6 raise=inject on=0 raised=100 hcore=none foreign=0 win=0
  wcase-irq[256B]:  0/0/0 cyc  0/0/0 ns  (p50/max/max, n=0)
  wcase-probe: line=6 raise=inject on=0 raised=100 hcore=none foreign=0 win=0
  wcase-irq[1024B]: 0/0/0 cyc  0/0/0 ns  (p50/max/max, n=0)
  e2e-settle: settled=2/2
  e2e-probe: line=7 closed=1000 dropped=0 tare=300/567 ns  (min/avg, n=64)
  e2e-passes: asked=1000 raised=1000
  e2e-local: 3840/4608/64745 ns  (p50/p99/max, n=1000)
  xtask ping-pong: 7444 ns/switch  (40000 switches / 297 ms)
  xtask call/reply: 16 B  24050 ns/round-trip  (41578 round-trips/s over 20000 calls / 481 ms)
  spawn/exit: thread 37775 ns  (200 reps / 7 ms)
  spawn/exit: task 83939 ns  (200 reps / 16 ms)
bench: done

KICKOS-EXIT status 0
POLL_OK=1 POLL_MS=4600
