[2J[001;001H[=3h[2J[001;001H[2J[001;001H[8;042;160t[2J[001;001H[2J[001;001H[8;056;240t[2J[001;001HBdsDxe: loading Boot0002 "UEFI QEMU HARDDISK QM00001 " from PciRoot(0x0)/Pci(0x1F,0x2)/Sata(0x0,0xFFFF,0x0)
BdsDxe: starting Boot0002 "UEFI QEMU HARDDISK QM00001 " from PciRoot(0x0)/Pci(0x1F,0x2)/Sata(0x0,0xFFFF,0x0)

KICKOS-X1 8c41d7a2 x86_64/q35 uefi-handover entry
KICKOS-X1 8c41d7a2 x86_64/q35 uefi-handover handover if=1 paging=1 longmode=1 root=1 wp=1 nx=1 nxcap=1
KICKOS-X1 8c41d7a2 x86_64/q35 uefi-handover if_after_cli=0
KICKOS-X1 8c41d7a2 x86_64/q35 uefi-handover firmware=Debian distribution of EDK II
KICKOS-X1 8c41d7a2 x86_64/q35 uefi-handover revision=0x0000000000020046
KICKOS-X1 8c41d7a2 x86_64/q35 uefi-handover map descriptors=109 stride=48 version=1 conventional_pages=117679 arena=0x0000000001800000 arena_pages=107372
KICKOS-X1 8c41d7a2 x86_64/q35 uefi-handover fp found em=0 ts=0 mp=1 osfxsr=1 osxmmexcpt=1 osxsave=0
KICKOS-X1 8c41d7a2 x86_64/q35 uefi-handover fp trapped em=1 ts=1 mp=1 osfxsr=0 osxmmexcpt=0 osxsave=0
KICKOS-X1 8c41d7a2 x86_64/q35 uefi-handover boot services left
KICKOS-X1 8c41d7a2 x86_64/q35 uefi-handover if_after_exit=0
x86_64 app relocation: base=0x0000000000400000 load_delta=0x0000000000000000 app_words=0

  ==============================================
   KickOS 0.5.1  -  microkernel RTOS
  ==============================================
   board   qemu-x86_64
   arch    x86_64
   cpu     x86-64
   mpu     off
   sched   tickless
   build   2026-09-29 07:40:25 +0200
   app     Sep 29 2026 00:56:20 +0200
   commit  15947db7-dirty
   heap    none
   kstack  4096 B x 33 = 135168 B

microbenchmark: context-switch throughput (all arches) + per-switch cost
+ IRQ-entry latency where a cycle counter exists. Reporter woken by the
workload, not a timer. Telemetry OFF for clean numbers.
cycle counter: 1999003429 Hz (0 = no rate converts a reading; cycles only)

  lock-probe: hold+1 core=0 depth=0  (three nested, one outermost)
  call/reply: 8 B  7998 ns/round-trip  (125028 round-trips/s over 20000 calls / 159 ms)
  call/reply: 16 B  8087 ns/round-trip  (123642 round-trips/s over 20000 calls / 161 ms)
  call/reply: 32 B  7789 ns/round-trip  (128372 round-trips/s over 20000 calls / 155 ms)
  call/reply: 64 B  7849 ns/round-trip  (127394 round-trips/s over 20000 calls / 156 ms)
  call/reply: 128 B  7878 ns/round-trip  (126923 round-trips/s over 20000 calls / 157 ms)
  call/reply: 256 B  7915 ns/round-trip  (126340 round-trips/s over 20000 calls / 158 ms)
  call/reply: 8 B  7799 ns/round-trip  (128219 round-trips/s over 20000 calls / 155 ms) [generic path]
  call/reply: 16 B  8113 ns/round-trip  (123248 round-trips/s over 20000 calls / 162 ms) [generic path]
  call/reply: 32 B  7813 ns/round-trip  (127990 round-trips/s over 20000 calls / 156 ms) [generic path]
  call/reply: 64 B  7800 ns/round-trip  (128201 round-trips/s over 20000 calls / 156 ms) [generic path]
  call/reply: 128 B  7816 ns/round-trip  (127932 round-trips/s over 20000 calls / 156 ms) [generic path]
  call/reply: 256 B  7836 ns/round-trip  (127601 round-trips/s over 20000 calls / 156 ms) [generic path]
  call/reply: 32 B  8072 ns/round-trip  (123882 round-trips/s over 20000 calls / 161 ms) [caller outranks server, D1 donates]
  phase table (44 rows; cyc avg/max, min last and a floor; leaf -= NULL, composite -= NULL + k*(NEST-NULL)):
    NULL             15/4540  min=1  n=260000
    NEST             86/190380  min=60  n=260000
    NEST_LOCK        47/40780  min=40  n=260000
    CALL_TOTAL       14717/2378660  min=13820  n=259999
    CALL_VALIDATE    169/26480  min=140  n=260000
    CALL_LOCKED      14213/2378040  min=13320  n=259999
    CALL_RESOLVE     215/37800  min=180  n=260000
    CALL_PEEK        49/21940  min=20  n=260000
    CALL_PROBE       83/69260  min=60  n=259999
    CALL_POP         123/38040  min=100  n=259999
    CALL_COPY        1428/216820  min=1280  n=259999
    CALL_MINT        1359/189720  min=1240  n=259999
    CALL_MINT_CAP    377/98340  min=320  n=259999
    CALL_MINT_INFO   835/54840  min=740  n=259999
    CALL_DONATE      120/22820  min=100  n=19999
    CALL_PARK        240/159720  min=200  n=259999
    CALL_WAKE        9725/2373100  min=9140  n=259999
    CALL_RESUME      153/176160  min=120  n=260000
    CALL_SLOW_TOTAL  450200/450200  min=450200  n=1
    CALL_SLOW_LOCKED 432460/432460  min=432460  n=1
    CALL_SLOW_DONATE 0/0  min=0  n=0
    CALL_SLOW_PARK   331180/331180  min=331180  n=1
    RECV_LOCKED      9976/1337140  min=9380  n=259999
    RECV_RESOLVE     250/88880  min=200  n=260000
    RECV_SCAN        143/125020  min=100  n=259999
    RECV_PARK        9341/1162880  min=8780  n=259999
    REPLY_TOTAL      86324/703820  min=12060  n=13
    REPLY_VALIDATE   11792/36780  min=4420  n=13
    REPLY_LOCKED     2466/403360  min=2240  n=260000
    REPLY_LOOKUP     320/207440  min=280  n=260000
    REPLY_COPY       1437/255740  min=1300  n=260000
    REPLY_FUNNEL     199/200980  min=160  n=260000
    REPLY_WAKE       221/29240  min=200  n=260000
    REPLY_RECV_TOTAL 14306/1709080  min=13420  n=260000
    REPLY_RECV_TAIL  426/191740  min=380  n=259999
    WAKE_UNPARK      65/26620  min=40  n=520012
    PICK_NEXT        46/15060  min=20  n=520064
    SWITCH_TO        16994/324760600  min=8280  n=520013
    SWITCH_BOOK      75/163239  min=59  n=520039
    MPU_APPLY        108/236820  min=80  n=520039
    MPU_COMMIT       0/0  min=0  n=0
    REENT_SEAT       0/0  min=0  n=0
    KTIME_REARM      60/9020  min=40  n=520039
    ARCH_SWITCH      16431/324758420  min=7700  n=520013
  ns-probe: cyc=4294967295 ns=2148554240 capped=0
  sat-probe: width=64 fits+1/0 wide+0/1 max=1000

  throughput: 515979 ctx-sw/s  (1938 ns/sw avg over 40000 switches / 77 ms)
  switch-probe: fastpath-swaps=0  (swapped inside the trap, so not in the switch row)
  switch:    60/80/280 cyc  30/40/140 ns  (p50/p99/max, n=40002)
  lock-hold: 896/1792/42760 cyc  448/896/21390 ns  (p50/p99/max, n=80245)
  lock-site: core=0 site=0x416918 max=42760
  irq-probe: line=6 raise=inject on=0 raised=100 hcore=none foreign=0 win=0
  irq:       0/0/0 cyc  0/0/0 ns  (p50/max/max, n=0)
  wcase-probe: line=6 raise=inject on=0 raised=100 hcore=none foreign=0 win=0
  wcase-irq[0B]:    0/0/0 cyc  0/0/0 ns  (p50/max/max, n=0)
  wcase-probe: line=6 raise=inject on=0 raised=100 hcore=none foreign=0 win=0
  wcase-irq[64B]:   0/0/0 cyc  0/0/0 ns  (p50/max/max, n=0)
  wcase-probe: line=6 raise=inject on=0 raised=100 hcore=none foreign=0 win=0
  wcase-irq[256B]:  0/0/0 cyc  0/0/0 ns  (p50/max/max, n=0)
  wcase-probe: line=6 raise=inject on=0 raised=100 hcore=none foreign=0 win=0
  wcase-irq[1024B]: 0/0/0 cyc  0/0/0 ns  (p50/max/max, n=0)
  e2e-settle: settled=2/2
  e2e-probe: line=7 closed=1000 dropped=0 tare=290/559 ns  (min/avg, n=64)
  e2e-passes: asked=1000 raised=1000
  e2e-local: 4096/6656/607083 ns  (p50/p99/max, n=1000)
  throughput: 514452 ctx-sw/s  (1943 ns/sw avg over 40000 switches / 77 ms)
  switch-probe: fastpath-swaps=0  (swapped inside the trap, so not in the switch row)
  switch:    60/80/420 cyc  30/40/210 ns  (p50/p99/max, n=40002)
  lock-hold: 960/1792/19600 cyc  480/896/9804 ns  (p50/p99/max, n=80248)
  lock-site: core=0 site=0x416918 max=19600
  irq-probe: line=6 raise=inject on=0 raised=100 hcore=none foreign=0 win=0
  irq:       0/0/0 cyc  0/0/0 ns  (p50/max/max, n=0)
  wcase-probe: line=6 raise=inject on=0 raised=100 hcore=none foreign=0 win=0
  wcase-irq[0B]:    0/0/0 cyc  0/0/0 ns  (p50/max/max, n=0)
  wcase-probe: line=6 raise=inject on=0 raised=100 hcore=none foreign=0 win=0
  wcase-irq[64B]:   0/0/0 cyc  0/0/0 ns  (p50/max/max, n=0)
  wcase-probe: line=6 raise=inject on=0 raised=100 hcore=none foreign=0 win=0
  wcase-irq[256B]:  0/0/0 cyc  0/0/0 ns  (p50/max/max, n=0)
  wcase-probe: line=6 raise=inject on=0 raised=100 hcore=none foreign=0 win=0
  wcase-irq[1024B]: 0/0/0 cyc  0/0/0 ns  (p50/max/max, n=0)
  e2e-settle: settled=2/2
  e2e-probe: line=7 closed=1000 dropped=0 tare=290/559 ns  (min/avg, n=64)
  e2e-passes: asked=1000 raised=1000
  e2e-local: 4096/5632/67144 ns  (p50/p99/max, n=1000)
  throughput: 514233 ctx-sw/s  (1944 ns/sw avg over 40000 switches / 77 ms)
  switch-probe: fastpath-swaps=0  (swapped inside the trap, so not in the switch row)
  switch:    60/80/680 cyc  30/40/340 ns  (p50/p99/max, n=40002)
  lock-hold: 960/1792/45880 cyc  480/896/22951 ns  (p50/p99/max, n=80248)
  lock-site: core=0 site=0x409dac max=45880
  irq-probe: line=6 raise=inject on=0 raised=100 hcore=none foreign=0 win=0
  irq:       0/0/0 cyc  0/0/0 ns  (p50/max/max, n=0)
  wcase-probe: line=6 raise=inject on=0 raised=100 hcore=none foreign=0 win=0
  wcase-irq[0B]:    0/0/0 cyc  0/0/0 ns  (p50/max/max, n=0)
  wcase-probe: line=6 raise=inject on=0 raised=100 hcore=none foreign=0 win=0
  wcase-irq[64B]:   0/0/0 cyc  0/0/0 ns  (p50/max/max, n=0)
  wcase-probe: line=6 raise=inject on=0 raised=100 hcore=none foreign=0 win=0
  wcase-irq[256B]:  0/0/0 cyc  0/0/0 ns  (p50/max/max, n=0)
  wcase-probe: line=6 raise=inject on=0 raised=100 hcore=none foreign=0 win=0
  wcase-irq[1024B]: 0/0/0 cyc  0/0/0 ns  (p50/max/max, n=0)
  e2e-settle: settled=2/2
  e2e-probe: line=7 closed=1000 dropped=0 tare=290/559 ns  (min/avg, n=64)
  e2e-passes: asked=1000 raised=1000
  e2e-local: 4096/4096/63262 ns  (p50/p99/max, n=1000)
  xtask ping-pong: 7513 ns/switch  (40000 switches / 300 ms)
  xtask call/reply: 16 B  24482 ns/round-trip  (40845 round-trips/s over 20000 calls / 489 ms)
  spawn/exit: thread 38687 ns  (200 reps / 7 ms)
  spawn/exit: task 86271 ns  (200 reps / 17 ms)
bench: done

KICKOS-EXIT status 0
POLL_OK=1 POLL_MS=4600
