[2J[001;001H[=3h[2J[001;001H[2J[001;001H[8;042;160t[2J[001;001H[2J[001;001H[8;056;240t[2J[001;001HBdsDxe: loading Boot0002 "UEFI QEMU HARDDISK QM00001 " from PciRoot(0x0)/Pci(0x1F,0x2)/Sata(0x0,0xFFFF,0x0)
BdsDxe: starting Boot0002 "UEFI QEMU HARDDISK QM00001 " from PciRoot(0x0)/Pci(0x1F,0x2)/Sata(0x0,0xFFFF,0x0)

KICKOS-X1 8c41d7a2 x86_64/q35 uefi-handover entry
KICKOS-X1 8c41d7a2 x86_64/q35 uefi-handover handover if=1 paging=1 longmode=1 root=1 wp=1 nx=1 nxcap=1
KICKOS-X1 8c41d7a2 x86_64/q35 uefi-handover if_after_cli=0
KICKOS-X1 8c41d7a2 x86_64/q35 uefi-handover firmware=Debian distribution of EDK II
KICKOS-X1 8c41d7a2 x86_64/q35 uefi-handover revision=0x0000000000020046
KICKOS-X1 8c41d7a2 x86_64/q35 uefi-handover map descriptors=109 stride=48 version=1 conventional_pages=117748 arena=0x0000000001800000 arena_pages=107372
KICKOS-X1 8c41d7a2 x86_64/q35 uefi-handover fp found em=0 ts=0 mp=1 osfxsr=1 osxmmexcpt=1 osxsave=0
KICKOS-X1 8c41d7a2 x86_64/q35 uefi-handover fp trapped em=1 ts=1 mp=1 osfxsr=0 osxmmexcpt=0 osxsave=0
KICKOS-X1 8c41d7a2 x86_64/q35 uefi-handover boot services left
KICKOS-X1 8c41d7a2 x86_64/q35 uefi-handover if_after_exit=0

  ==============================================
   KickOS 0.5.1  -  microkernel RTOS
  ==============================================
   board   qemu-x86_64
   arch    x86_64
   cpu     x86-64
   mpu     off
   sched   tickless
   build   2026-09-29 07:46:23 +0200
   app     Sep 29 2026 07:46:24 +0200
   commit  ccc510f3
   heap    none
   kstack  4096 B x 33 = 135168 B

microbenchmark: context-switch throughput (all arches) + per-switch cost
+ IRQ-entry latency where a cycle counter exists. Reporter woken by the
workload, not a timer. Telemetry OFF for clean numbers.
cycle counter: 1999338117 Hz (0 = no rate converts a reading; cycles only)

  lock-probe: hold+1 core=0 depth=0  (three nested, one outermost)
  call/reply: 8 B  8058 ns/round-trip  (124090 round-trips/s over 20000 calls / 161 ms)
  call/reply: 16 B  8026 ns/round-trip  (124580 round-trips/s over 20000 calls / 160 ms)
  call/reply: 32 B  8027 ns/round-trip  (124570 round-trips/s over 20000 calls / 160 ms)
  call/reply: 64 B  8091 ns/round-trip  (123582 round-trips/s over 20000 calls / 161 ms)
  call/reply: 128 B  8184 ns/round-trip  (122189 round-trips/s over 20000 calls / 163 ms)
  call/reply: 256 B  8165 ns/round-trip  (122472 round-trips/s over 20000 calls / 163 ms)
  call/reply: 8 B  8024 ns/round-trip  (124619 round-trips/s over 20000 calls / 160 ms) [generic path]
  call/reply: 16 B  8017 ns/round-trip  (124721 round-trips/s over 20000 calls / 160 ms) [generic path]
  call/reply: 32 B  7980 ns/round-trip  (125299 round-trips/s over 20000 calls / 159 ms) [generic path]
  call/reply: 64 B  8031 ns/round-trip  (124513 round-trips/s over 20000 calls / 160 ms) [generic path]
  call/reply: 128 B  8068 ns/round-trip  (123941 round-trips/s over 20000 calls / 161 ms) [generic path]
  call/reply: 256 B  8176 ns/round-trip  (122296 round-trips/s over 20000 calls / 163 ms) [generic path]
  call/reply: 32 B  8310 ns/round-trip  (120335 round-trips/s over 20000 calls / 166 ms) [caller outranks server, D1 donates]
  phase table (44 rows; cyc avg/max, min last and a floor; leaf -= NULL, composite -= NULL + k*(NEST-NULL)):
    NULL             23/6620  min=20  n=260000
    NEST             183/37000  min=160  n=260000
    NEST_LOCK        71/61100  min=60  n=260000
    CALL_TOTAL       14632/2415960  min=14000  n=259999
    CALL_VALIDATE    184/21620  min=160  n=260000
    CALL_LOCKED      14077/2375880  min=13480  n=259999
    CALL_RESOLVE     265/36040  min=240  n=260000
    CALL_PEEK        134/32040  min=120  n=260000
    CALL_PROBE       138/42140  min=100  n=259999
    CALL_POP         105/56560  min=80  n=259999
    CALL_COPY        265/63380  min=180  n=259999
    CALL_MINT        995/270480  min=940  n=259999
    CALL_MINT_CAP    450/147160  min=420  n=259999
    CALL_MINT_INFO   207/63560  min=180  n=259999
    CALL_DONATE      140/30500  min=120  n=19999
    CALL_PARK        353/93160  min=320  n=259999
    CALL_WAKE        10198/2371920  min=9740  n=259999
    CALL_RESUME      126/20340  min=60  n=260000
    CALL_SLOW_TOTAL  502860/502860  min=502860  n=1
    CALL_SLOW_LOCKED 480040/480040  min=480040  n=1
    CALL_SLOW_DONATE 0/0  min=0  n=0
    CALL_SLOW_PARK   363680/363680  min=363680  n=1
    RECV_LOCKED      11256/1842340  min=10820  n=259999
    RECV_RESOLVE     389/135220  min=340  n=260000
    RECV_SCAN        172/56440  min=140  n=259999
    RECV_PARK        10293/1584560  min=9880  n=259999
    REPLY_TOTAL      56458/395240  min=4180  n=13
    REPLY_VALIDATE   5646/37940  min=1180  n=13
    REPLY_LOCKED     1629/589460  min=1500  n=260000
    REPLY_LOOKUP     467/298860  min=440  n=260000
    REPLY_COPY       206/36480  min=120  n=260000
    REPLY_FUNNEL     121/95880  min=80  n=260000
    REPLY_WAKE       270/46740  min=240  n=260000
    REPLY_RECV_TOTAL 14346/2405720  min=13820  n=260000
    REPLY_RECV_TAIL  401/148660  min=340  n=259999
    WAKE_UNPARK      94/40100  min=60  n=520012
    PICK_NEXT        66/22580  min=40  n=520064
    SWITCH_TO        17707/332663380  min=9180  n=520013
    SWITCH_BOOK      100/47920  min=80  n=520039
    MPU_APPLY        23/13280  min=20  n=520039
    MPU_COMMIT       0/0  min=0  n=0
    REENT_SEAT       0/0  min=0  n=0
    KTIME_REARM      92/9860  min=60  n=520039
    ARCH_SWITCH      17055/332662560  min=8520  n=520013
  ns-probe: cyc=4294967295 ns=2148194574 capped=0
  sat-probe: width=64 fits+1/0 wide+0/1 max=1000

  throughput: 363039 ctx-sw/s  (2754 ns/sw avg over 40000 switches / 110 ms)
  switch-probe: fastpath-swaps=0  (swapped inside the trap, so not in the switch row)
  switch:    80/96/14340 cyc  40/48/7172 ns  (p50/p99/max, n=40002)
  lock-hold: 960/2304/36680 cyc  480/1152/18346 ns  (p50/p99/max, n=80249)
  lock-site: core=0 site=0x40b51d max=36680
  irq-probe: line=6 raise=inject on=0 raised=100 hcore=none foreign=0 win=0
  irq:       0/0/0 cyc  0/0/0 ns  (p50/max/max, n=0)
  wcase-probe: line=6 raise=inject on=0 raised=100 hcore=none foreign=0 win=0
  wcase-irq[0B]:    0/0/0 cyc  0/0/0 ns  (p50/max/max, n=0)
  wcase-probe: line=6 raise=inject on=0 raised=100 hcore=none foreign=0 win=0
  wcase-irq[64B]:   0/0/0 cyc  0/0/0 ns  (p50/max/max, n=0)
  wcase-probe: line=6 raise=inject on=0 raised=100 hcore=none foreign=0 win=0
  wcase-irq[256B]:  0/0/0 cyc  0/0/0 ns  (p50/max/max, n=0)
  wcase-probe: line=6 raise=inject on=0 raised=100 hcore=none foreign=0 win=0
  wcase-irq[1024B]: 0/0/0 cyc  0/0/0 ns  (p50/max/max, n=0)
  e2e-settle: settled=2/2
  e2e-probe: line=7 closed=1000 dropped=0 tare=460/879 ns  (min/avg, n=64)
  e2e-passes: asked=1000 raised=1000
  e2e-local: 4608/5120/809638 ns  (p50/p99/max, n=1000)
  throughput: 362937 ctx-sw/s  (2755 ns/sw avg over 40000 switches / 110 ms)
  switch-probe: fastpath-swaps=0  (swapped inside the trap, so not in the switch row)
  switch:    96/96/400 cyc  48/48/200 ns  (p50/p99/max, n=40002)
  lock-hold: 1408/2304/50380 cyc  704/1152/25198 ns  (p50/p99/max, n=80249)
  lock-site: core=0 site=0x402688 max=50380
  irq-probe: line=6 raise=inject on=0 raised=100 hcore=none foreign=0 win=0
  irq:       0/0/0 cyc  0/0/0 ns  (p50/max/max, n=0)
  wcase-probe: line=6 raise=inject on=0 raised=100 hcore=none foreign=0 win=0
  wcase-irq[0B]:    0/0/0 cyc  0/0/0 ns  (p50/max/max, n=0)
  wcase-probe: line=6 raise=inject on=0 raised=100 hcore=none foreign=0 win=0
  wcase-irq[64B]:   0/0/0 cyc  0/0/0 ns  (p50/max/max, n=0)
  wcase-probe: line=6 raise=inject on=0 raised=100 hcore=none foreign=0 win=0
  wcase-irq[256B]:  0/0/0 cyc  0/0/0 ns  (p50/max/max, n=0)
  wcase-probe: line=6 raise=inject on=0 raised=100 hcore=none foreign=0 win=0
  wcase-irq[1024B]: 0/0/0 cyc  0/0/0 ns  (p50/max/max, n=0)
  e2e-settle: settled=2/2
  e2e-probe: line=7 closed=1000 dropped=0 tare=460/879 ns  (min/avg, n=64)
  e2e-passes: asked=1000 raised=1000
  e2e-local: 4608/5120/65082 ns  (p50/p99/max, n=1000)
  throughput: 362274 ctx-sw/s  (2760 ns/sw avg over 40000 switches / 110 ms)
  switch-probe: fastpath-swaps=0  (swapped inside the trap, so not in the switch row)
  switch:    96/96/120 cyc  48/48/60 ns  (p50/p99/max, n=40002)
  lock-hold: 960/2304/39540 cyc  480/1152/19776 ns  (p50/p99/max, n=80248)
  lock-site: core=0 site=0x402688 max=39540
  irq-probe: line=6 raise=inject on=0 raised=100 hcore=none foreign=0 win=0
  irq:       0/0/0 cyc  0/0/0 ns  (p50/max/max, n=0)
  wcase-probe: line=6 raise=inject on=0 raised=100 hcore=none foreign=0 win=0
  wcase-irq[0B]:    0/0/0 cyc  0/0/0 ns  (p50/max/max, n=0)
  wcase-probe: line=6 raise=inject on=0 raised=100 hcore=none foreign=0 win=0
  wcase-irq[64B]:   0/0/0 cyc  0/0/0 ns  (p50/max/max, n=0)
  wcase-probe: line=6 raise=inject on=0 raised=100 hcore=none foreign=0 win=0
  wcase-irq[256B]:  0/0/0 cyc  0/0/0 ns  (p50/max/max, n=0)
  wcase-probe: line=6 raise=inject on=0 raised=100 hcore=none foreign=0 win=0
  wcase-irq[1024B]: 0/0/0 cyc  0/0/0 ns  (p50/max/max, n=0)
  e2e-settle: settled=2/2
  e2e-probe: line=7 closed=1000 dropped=0 tare=460/879 ns  (min/avg, n=64)
  e2e-passes: asked=1000 raised=1000
  e2e-local: 4608/4608/27309 ns  (p50/p99/max, n=1000)
  xtask ping-pong: 2784 ns/switch  (40000 switches / 111 ms)
  xtask call/reply: 16 B  7960 ns/round-trip  (125621 round-trips/s over 20000 calls / 159 ms)
  spawn/exit: thread 32063 ns  (200 reps / 6 ms)
  spawn/exit: task 34726 ns  (200 reps / 6 ms)
bench: done

KICKOS-EXIT status 0
POLL_OK=1 POLL_MS=4800
