[2J[001;001H[=3h[2J[001;001H[2J[001;001H[8;042;160t[2J[001;001H[2J[001;001H[8;056;240t[2J[001;001HBdsDxe: loading Boot0002 "UEFI QEMU HARDDISK QM00001 " from PciRoot(0x0)/Pci(0x1F,0x2)/Sata(0x0,0xFFFF,0x0)
BdsDxe: starting Boot0002 "UEFI QEMU HARDDISK QM00001 " from PciRoot(0x0)/Pci(0x1F,0x2)/Sata(0x0,0xFFFF,0x0)

KICKOS-X1 8c41d7a2 x86_64/q35 uefi-handover entry
KICKOS-X1 8c41d7a2 x86_64/q35 uefi-handover handover if=1 paging=1 longmode=1 root=1 wp=1 nx=1 nxcap=1
KICKOS-X1 8c41d7a2 x86_64/q35 uefi-handover if_after_cli=0
KICKOS-X1 8c41d7a2 x86_64/q35 uefi-handover firmware=Debian distribution of EDK II
KICKOS-X1 8c41d7a2 x86_64/q35 uefi-handover revision=0x0000000000020046
KICKOS-X1 8c41d7a2 x86_64/q35 uefi-handover map descriptors=109 stride=48 version=1 conventional_pages=117679 arena=0x0000000001800000 arena_pages=107372
KICKOS-X1 8c41d7a2 x86_64/q35 uefi-handover fp found em=0 ts=0 mp=1 osfxsr=1 osxmmexcpt=1 osxsave=0
KICKOS-X1 8c41d7a2 x86_64/q35 uefi-handover fp trapped em=1 ts=1 mp=1 osfxsr=0 osxmmexcpt=0 osxsave=0
KICKOS-X1 8c41d7a2 x86_64/q35 uefi-handover boot services left
KICKOS-X1 8c41d7a2 x86_64/q35 uefi-handover if_after_exit=0
x86_64 app relocation: base=0x0000000000400000 load_delta=0x0000000000000000 app_words=0

  ==============================================
   KickOS 0.5.1  -  microkernel RTOS
  ==============================================
   board   qemu-x86_64
   arch    x86_64
   cpu     x86-64
   mpu     off
   sched   tickless
   build   2026-09-29 07:40:25 +0200
   app     Sep 29 2026 00:56:20 +0200
   commit  15947db7-dirty
   heap    none
   kstack  4096 B x 33 = 135168 B

microbenchmark: context-switch throughput (all arches) + per-switch cost
+ IRQ-entry latency where a cycle counter exists. Reporter woken by the
workload, not a timer. Telemetry OFF for clean numbers.
cycle counter: 2000089225 Hz (0 = no rate converts a reading; cycles only)

  lock-probe: hold+1 core=0 depth=0  (three nested, one outermost)
  call/reply: 8 B  7872 ns/round-trip  (127027 round-trips/s over 20000 calls / 157 ms)
  call/reply: 16 B  7721 ns/round-trip  (129511 round-trips/s over 20000 calls / 154 ms)
  call/reply: 32 B  7734 ns/round-trip  (129294 round-trips/s over 20000 calls / 154 ms)
  call/reply: 64 B  7687 ns/round-trip  (130084 round-trips/s over 20000 calls / 153 ms)
  call/reply: 128 B  7804 ns/round-trip  (128130 round-trips/s over 20000 calls / 156 ms)
  call/reply: 256 B  7832 ns/round-trip  (127676 round-trips/s over 20000 calls / 156 ms)
  call/reply: 8 B  7649 ns/round-trip  (130722 round-trips/s over 20000 calls / 152 ms) [generic path]
  call/reply: 16 B  7669 ns/round-trip  (130390 round-trips/s over 20000 calls / 153 ms) [generic path]
  call/reply: 32 B  7769 ns/round-trip  (128716 round-trips/s over 20000 calls / 155 ms) [generic path]
  call/reply: 64 B  7821 ns/round-trip  (127858 round-trips/s over 20000 calls / 156 ms) [generic path]
  call/reply: 128 B  7830 ns/round-trip  (127702 round-trips/s over 20000 calls / 156 ms) [generic path]
  call/reply: 256 B  7851 ns/round-trip  (127362 round-trips/s over 20000 calls / 157 ms) [generic path]
  call/reply: 32 B  8041 ns/round-trip  (124352 round-trips/s over 20000 calls / 160 ms) [caller outranks server, D1 donates]
  phase table (44 rows; cyc avg/max, min last and a floor; leaf -= NULL, composite -= NULL + k*(NEST-NULL)):
    NULL             15/4420  min=1  n=260000
    NEST             85/49720  min=60  n=260000
    NEST_LOCK        46/40340  min=40  n=260000
    CALL_TOTAL       14516/2168440  min=13880  n=259999
    CALL_VALIDATE    167/14300  min=140  n=260000
    CALL_LOCKED      14017/2167840  min=13399  n=259999
    CALL_RESOLVE     210/47720  min=180  n=260000
    CALL_PEEK        49/21940  min=20  n=260000
    CALL_PROBE       81/28660  min=60  n=259999
    CALL_POP         121/37060  min=100  n=259999
    CALL_COPY        1420/103640  min=1300  n=259999
    CALL_MINT        1382/192520  min=1260  n=259999
    CALL_MINT_CAP    373/96920  min=319  n=259999
    CALL_MINT_INFO   854/191340  min=780  n=259999
    CALL_DONATE      112/19800  min=100  n=19999
    CALL_PARK        237/61640  min=200  n=259999
    CALL_WAKE        9545/2163140  min=9100  n=259999
    CALL_RESUME      148/16760  min=120  n=260000
    CALL_SLOW_TOTAL  460200/460200  min=460200  n=1
    CALL_SLOW_LOCKED 440780/440780  min=440780  n=1
    CALL_SLOW_DONATE 0/0  min=0  n=0
    CALL_SLOW_PARK   340420/340420  min=340420  n=1
    RECV_LOCKED      9814/1297440  min=9300  n=259999
    RECV_RESOLVE     239/88120  min=219  n=260000
    RECV_SCAN        135/40120  min=100  n=259999
    RECV_PARK        9201/1123840  min=8680  n=259999
    REPLY_TOTAL      82607/647180  min=17580  n=13
    REPLY_VALIDATE   10993/30840  min=6360  n=13
    REPLY_LOCKED     2451/399600  min=2280  n=260000
    REPLY_LOOKUP     307/199780  min=280  n=260000
    REPLY_COPY       1447/171740  min=1320  n=260000
    REPLY_FUNNEL     192/63860  min=160  n=260000
    REPLY_WAKE       215/30280  min=200  n=260000
    REPLY_RECV_TOTAL 14104/1675620  min=13400  n=260000
    REPLY_RECV_TAIL  423/97280  min=380  n=259999
    WAKE_UNPARK      62/26900  min=40  n=520012
    PICK_NEXT        44/16620  min=20  n=520064
    SWITCH_TO        16739/322237420  min=8240  n=520013
    SWITCH_BOOK      66/144040  min=40  n=520039
    MPU_APPLY        108/25300  min=80  n=520039
    MPU_COMMIT       0/0  min=0  n=0
    REENT_SEAT       0/0  min=0  n=0
    KTIME_REARM      60/9880  min=40  n=520039
    ARCH_SWITCH      16198/322235120  min=7680  n=520013
  ns-probe: cyc=4294967295 ns=2147387847 capped=0
  sat-probe: width=64 fits+1/0 wide+0/1 max=1000

  throughput: 525932 ctx-sw/s  (1901 ns/sw avg over 40000 switches / 76 ms)
  switch-probe: fastpath-swaps=0  (swapped inside the trap, so not in the switch row)
  switch:    60/80/420 cyc  29/39/209 ns  (p50/p99/max, n=40002)
  lock-hold: 896/1792/53100 cyc  447/895/26548 ns  (p50/p99/max, n=80245)
  lock-site: core=0 site=0x416918 max=53100
  irq-probe: line=6 raise=inject on=0 raised=100 hcore=none foreign=0 win=0
  irq:       0/0/0 cyc  0/0/0 ns  (p50/max/max, n=0)
  wcase-probe: line=6 raise=inject on=0 raised=100 hcore=none foreign=0 win=0
  wcase-irq[0B]:    0/0/0 cyc  0/0/0 ns  (p50/max/max, n=0)
  wcase-probe: line=6 raise=inject on=0 raised=100 hcore=none foreign=0 win=0
  wcase-irq[64B]:   0/0/0 cyc  0/0/0 ns  (p50/max/max, n=0)
  wcase-probe: line=6 raise=inject on=0 raised=100 hcore=none foreign=0 win=0
  wcase-irq[256B]:  0/0/0 cyc  0/0/0 ns  (p50/max/max, n=0)
  wcase-probe: line=6 raise=inject on=0 raised=100 hcore=none foreign=0 win=0
  wcase-irq[1024B]: 0/0/0 cyc  0/0/0 ns  (p50/max/max, n=0)
  e2e-settle: settled=2/2
  e2e-probe: line=7 closed=1000 dropped=0 tare=270/548 ns  (min/avg, n=64)
  e2e-passes: asked=1000 raised=1000
  e2e-local: 4096/5120/855752 ns  (p50/p99/max, n=1000)
  throughput: 493949 ctx-sw/s  (2024 ns/sw avg over 40000 switches / 80 ms)
  switch-probe: fastpath-swaps=0  (swapped inside the trap, so not in the switch row)
  switch:    60/176/21520 cyc  29/87/10759 ns  (p50/p99/max, n=40002)
  lock-hold: 1664/5120/56600 cyc  831/2559/28298 ns  (p50/p99/max, n=80253)
  lock-site: core=0 site=0x416918 max=56600
  irq-probe: line=6 raise=inject on=0 raised=100 hcore=none foreign=0 win=0
  irq:       0/0/0 cyc  0/0/0 ns  (p50/max/max, n=0)
  wcase-probe: line=6 raise=inject on=0 raised=100 hcore=none foreign=0 win=0
  wcase-irq[0B]:    0/0/0 cyc  0/0/0 ns  (p50/max/max, n=0)
  wcase-probe: line=6 raise=inject on=0 raised=100 hcore=none foreign=0 win=0
  wcase-irq[64B]:   0/0/0 cyc  0/0/0 ns  (p50/max/max, n=0)
  wcase-probe: line=6 raise=inject on=0 raised=100 hcore=none foreign=0 win=0
  wcase-irq[256B]:  0/0/0 cyc  0/0/0 ns  (p50/max/max, n=0)
  wcase-probe: line=6 raise=inject on=0 raised=100 hcore=none foreign=0 win=0
  wcase-irq[1024B]: 0/0/0 cyc  0/0/0 ns  (p50/max/max, n=0)
  e2e-settle: settled=2/2
  e2e-probe: line=7 closed=1000 dropped=0 tare=270/548 ns  (min/avg, n=64)
  e2e-passes: asked=1000 raised=1000
  e2e-local: 4096/12288/85097 ns  (p50/p99/max, n=1000)
  throughput: 506966 ctx-sw/s  (1972 ns/sw avg over 40000 switches / 78 ms)
  switch-probe: fastpath-swaps=0  (swapped inside the trap, so not in the switch row)
  switch:    60/176/23580 cyc  29/87/11789 ns  (p50/p99/max, n=40002)
  lock-hold: 1664/2560/62920 cyc  831/1279/31458 ns  (p50/p99/max, n=80253)
  lock-site: core=0 site=0x416918 max=62920
  irq-probe: line=6 raise=inject on=0 raised=100 hcore=none foreign=0 win=0
  irq:       0/0/0 cyc  0/0/0 ns  (p50/max/max, n=0)
  wcase-probe: line=6 raise=inject on=0 raised=100 hcore=none foreign=0 win=0
  wcase-irq[0B]:    0/0/0 cyc  0/0/0 ns  (p50/max/max, n=0)
  wcase-probe: line=6 raise=inject on=0 raised=100 hcore=none foreign=0 win=0
  wcase-irq[64B]:   0/0/0 cyc  0/0/0 ns  (p50/max/max, n=0)
  wcase-probe: line=6 raise=inject on=0 raised=100 hcore=none foreign=0 win=0
  wcase-irq[256B]:  0/0/0 cyc  0/0/0 ns  (p50/max/max, n=0)
  wcase-probe: line=6 raise=inject on=0 raised=100 hcore=none foreign=0 win=0
  wcase-irq[1024B]: 0/0/0 cyc  0/0/0 ns  (p50/max/max, n=0)
  e2e-settle: settled=2/2
  e2e-probe: line=7 closed=1000 dropped=0 tare=270/548 ns  (min/avg, n=64)
  e2e-passes: asked=1000 raised=1000
  e2e-local: 4096/4096/73366 ns  (p50/p99/max, n=1000)
  xtask ping-pong: 7640 ns/switch  (40000 switches / 305 ms)
  xtask call/reply: 16 B  24039 ns/round-trip  (41597 round-trips/s over 20000 calls / 480 ms)
  spawn/exit: thread 38971 ns  (200 reps / 7 ms)
  spawn/exit: task 85280 ns  (200 reps / 17 ms)
bench: done

KICKOS-EXIT status 0
POLL_OK=1 POLL_MS=4600
