[2J[001;001H[=3h[2J[001;001H[2J[001;001H[8;042;160t[2J[001;001H[2J[001;001H[8;056;240t[2J[001;001HBdsDxe: loading Boot0002 "UEFI QEMU HARDDISK QM00001 " from PciRoot(0x0)/Pci(0x1F,0x2)/Sata(0x0,0xFFFF,0x0)
BdsDxe: starting Boot0002 "UEFI QEMU HARDDISK QM00001 " from PciRoot(0x0)/Pci(0x1F,0x2)/Sata(0x0,0xFFFF,0x0)

KICKOS-X1 8c41d7a2 x86_64/q35 uefi-handover entry
KICKOS-X1 8c41d7a2 x86_64/q35 uefi-handover handover if=1 paging=1 longmode=1 root=1 wp=1 nx=1 nxcap=1
KICKOS-X1 8c41d7a2 x86_64/q35 uefi-handover if_after_cli=0
KICKOS-X1 8c41d7a2 x86_64/q35 uefi-handover firmware=Debian distribution of EDK II
KICKOS-X1 8c41d7a2 x86_64/q35 uefi-handover revision=0x0000000000020046
KICKOS-X1 8c41d7a2 x86_64/q35 uefi-handover map descriptors=109 stride=48 version=1 conventional_pages=117679 arena=0x0000000001800000 arena_pages=107372
KICKOS-X1 8c41d7a2 x86_64/q35 uefi-handover fp found em=0 ts=0 mp=1 osfxsr=1 osxmmexcpt=1 osxsave=0
KICKOS-X1 8c41d7a2 x86_64/q35 uefi-handover fp trapped em=1 ts=1 mp=1 osfxsr=0 osxmmexcpt=0 osxsave=0
KICKOS-X1 8c41d7a2 x86_64/q35 uefi-handover boot services left
KICKOS-X1 8c41d7a2 x86_64/q35 uefi-handover if_after_exit=0
x86_64 app relocation: base=0x0000000000400000 load_delta=0x0000000000000000 app_words=0

  ==============================================
   KickOS 0.5.1  -  microkernel RTOS
  ==============================================
   board   qemu-x86_64
   arch    x86_64
   cpu     x86-64
   mpu     off
   sched   tickless
   build   2026-09-29 07:40:25 +0200
   app     Sep 29 2026 00:56:20 +0200
   commit  15947db7-dirty
   heap    none
   kstack  4096 B x 33 = 135168 B

microbenchmark: context-switch throughput (all arches) + per-switch cost
+ IRQ-entry latency where a cycle counter exists. Reporter woken by the
workload, not a timer. Telemetry OFF for clean numbers.
cycle counter: 2002396242 Hz (0 = no rate converts a reading; cycles only)

  lock-probe: hold+1 core=0 depth=0  (three nested, one outermost)
  call/reply: 8 B  7848 ns/round-trip  (127415 round-trips/s over 20000 calls / 156 ms)
  call/reply: 16 B  7798 ns/round-trip  (128236 round-trips/s over 20000 calls / 155 ms)
  call/reply: 32 B  7792 ns/round-trip  (128329 round-trips/s over 20000 calls / 155 ms)
  call/reply: 64 B  7758 ns/round-trip  (128885 round-trips/s over 20000 calls / 155 ms)
  call/reply: 128 B  7786 ns/round-trip  (128430 round-trips/s over 20000 calls / 155 ms)
  call/reply: 256 B  7805 ns/round-trip  (128111 round-trips/s over 20000 calls / 156 ms)
  call/reply: 8 B  7645 ns/round-trip  (130797 round-trips/s over 20000 calls / 152 ms) [generic path]
  call/reply: 16 B  7669 ns/round-trip  (130383 round-trips/s over 20000 calls / 153 ms) [generic path]
  call/reply: 32 B  7799 ns/round-trip  (128214 round-trips/s over 20000 calls / 155 ms) [generic path]
  call/reply: 64 B  7770 ns/round-trip  (128688 round-trips/s over 20000 calls / 155 ms) [generic path]
  call/reply: 128 B  7910 ns/round-trip  (126414 round-trips/s over 20000 calls / 158 ms) [generic path]
  call/reply: 256 B  7865 ns/round-trip  (127142 round-trips/s over 20000 calls / 157 ms) [generic path]
  call/reply: 32 B  8038 ns/round-trip  (124398 round-trips/s over 20000 calls / 160 ms) [caller outranks server, D1 donates]
  phase table (44 rows; cyc avg/max, min last and a floor; leaf -= NULL, composite -= NULL + k*(NEST-NULL)):
    NULL             15/4500  min=1  n=260000
    NEST             84/26060  min=60  n=260000
    NEST_LOCK        46/41200  min=40  n=260000
    CALL_TOTAL       14555/2159840  min=13960  n=259999
    CALL_VALIDATE    171/24340  min=140  n=260000
    CALL_LOCKED      14055/2158860  min=13459  n=259999
    CALL_RESOLVE     209/24860  min=180  n=260000
    CALL_PEEK        49/21400  min=20  n=260000
    CALL_PROBE       81/27420  min=60  n=259999
    CALL_POP         120/37400  min=100  n=259999
    CALL_COPY        1441/58700  min=1320  n=259999
    CALL_MINT        1367/189060  min=1260  n=259999
    CALL_MINT_CAP    363/97600  min=319  n=259999
    CALL_MINT_INFO   863/52000  min=780  n=259999
    CALL_DONATE      109/19980  min=80  n=19999
    CALL_PARK        238/62780  min=200  n=259999
    CALL_WAKE        9583/2154000  min=9160  n=259999
    CALL_RESUME      146/17900  min=120  n=260000
    CALL_SLOW_TOTAL  421340/421340  min=421340  n=1
    CALL_SLOW_LOCKED 403940/403940  min=403940  n=1
    CALL_SLOW_DONATE 0/0  min=0  n=0
    CALL_SLOW_PARK   311580/311580  min=311580  n=1
    RECV_LOCKED      9817/1263740  min=9340  n=259999
    RECV_RESOLVE     245/88500  min=220  n=260000
    RECV_SCAN        136/38940  min=100  n=259999
    RECV_PARK        9199/1091580  min=8740  n=259999
    REPLY_TOTAL      88093/752120  min=14320  n=13
    REPLY_VALIDATE   11176/28200  min=5760  n=13
    REPLY_LOCKED     2479/402300  min=2300  n=260000
    REPLY_LOOKUP     317/202080  min=280  n=260000
    REPLY_COPY       1476/34020  min=1360  n=260000
    REPLY_FUNNEL     189/64160  min=160  n=260000
    REPLY_WAKE       215/29640  min=200  n=260000
    REPLY_RECV_TOTAL 14131/1639260  min=13460  n=260000
    REPLY_RECV_TAIL  427/97360  min=380  n=259999
    WAKE_UNPARK      62/27400  min=40  n=520012
    PICK_NEXT        44/18320  min=20  n=520064
    SWITCH_TO        16781/322554180  min=8280  n=520013
    SWITCH_BOOK      66/186060  min=40  n=520039
    MPU_APPLY        106/46480  min=80  n=520039
    MPU_COMMIT       0/0  min=0  n=0
    REENT_SEAT       0/0  min=0  n=0
    KTIME_REARM      60/11740  min=40  n=520039
    ARCH_SWITCH      16254/322550320  min=7740  n=520013
  ns-probe: cyc=4294967295 ns=2144913781 capped=0
  sat-probe: width=64 fits+1/0 wide+0/1 max=1000

  throughput: 527065 ctx-sw/s  (1897 ns/sw avg over 40000 switches / 75 ms)
  switch-probe: fastpath-swaps=0  (swapped inside the trap, so not in the switch row)
  switch:    60/80/400 cyc  29/39/199 ns  (p50/p99/max, n=40002)
  lock-hold: 960/1792/56940 cyc  479/894/28435 ns  (p50/p99/max, n=80245)
  lock-site: core=0 site=0x409dac max=56940
  irq-probe: line=6 raise=inject on=0 raised=100 hcore=none foreign=0 win=0
  irq:       0/0/0 cyc  0/0/0 ns  (p50/max/max, n=0)
  wcase-probe: line=6 raise=inject on=0 raised=100 hcore=none foreign=0 win=0
  wcase-irq[0B]:    0/0/0 cyc  0/0/0 ns  (p50/max/max, n=0)
  wcase-probe: line=6 raise=inject on=0 raised=100 hcore=none foreign=0 win=0
  wcase-irq[64B]:   0/0/0 cyc  0/0/0 ns  (p50/max/max, n=0)
  wcase-probe: line=6 raise=inject on=0 raised=100 hcore=none foreign=0 win=0
  wcase-irq[256B]:  0/0/0 cyc  0/0/0 ns  (p50/max/max, n=0)
  wcase-probe: line=6 raise=inject on=0 raised=100 hcore=none foreign=0 win=0
  wcase-irq[1024B]: 0/0/0 cyc  0/0/0 ns  (p50/max/max, n=0)
  e2e-settle: settled=2/2
  e2e-probe: line=7 closed=1000 dropped=0 tare=279/558 ns  (min/avg, n=64)
  e2e-passes: asked=1000 raised=1000
  e2e-local: 4096/4096/605344 ns  (p50/p99/max, n=1000)
  throughput: 522893 ctx-sw/s  (1912 ns/sw avg over 40000 switches / 76 ms)
  switch-probe: fastpath-swaps=0  (swapped inside the trap, so not in the switch row)
  switch:    60/80/7620 cyc  29/39/3805 ns  (p50/p99/max, n=40002)
  lock-hold: 1024/2304/49460 cyc  511/1150/24700 ns  (p50/p99/max, n=80250)
  lock-site: core=0 site=0x416918 max=49460
  irq-probe: line=6 raise=inject on=0 raised=100 hcore=none foreign=0 win=0
  irq:       0/0/0 cyc  0/0/0 ns  (p50/max/max, n=0)
  wcase-probe: line=6 raise=inject on=0 raised=100 hcore=none foreign=0 win=0
  wcase-irq[0B]:    0/0/0 cyc  0/0/0 ns  (p50/max/max, n=0)
  wcase-probe: line=6 raise=inject on=0 raised=100 hcore=none foreign=0 win=0
  wcase-irq[64B]:   0/0/0 cyc  0/0/0 ns  (p50/max/max, n=0)
  wcase-probe: line=6 raise=inject on=0 raised=100 hcore=none foreign=0 win=0
  wcase-irq[256B]:  0/0/0 cyc  0/0/0 ns  (p50/max/max, n=0)
  wcase-probe: line=6 raise=inject on=0 raised=100 hcore=none foreign=0 win=0
  wcase-irq[1024B]: 0/0/0 cyc  0/0/0 ns  (p50/max/max, n=0)
  e2e-settle: settled=2/2
  e2e-probe: line=7 closed=1000 dropped=0 tare=279/558 ns  (min/avg, n=64)
  e2e-passes: asked=1000 raised=1000
  e2e-local: 3840/5120/63534 ns  (p50/p99/max, n=1000)
  throughput: 522377 ctx-sw/s  (1914 ns/sw avg over 40000 switches / 76 ms)
  switch-probe: fastpath-swaps=0  (swapped inside the trap, so not in the switch row)
  switch:    60/80/440 cyc  29/39/219 ns  (p50/p99/max, n=40002)
  lock-hold: 960/1792/62740 cyc  479/894/31332 ns  (p50/p99/max, n=80248)
  lock-site: core=0 site=0x409dac max=62740
  irq-probe: line=6 raise=inject on=0 raised=100 hcore=none foreign=0 win=0
  irq:       0/0/0 cyc  0/0/0 ns  (p50/max/max, n=0)
  wcase-probe: line=6 raise=inject on=0 raised=100 hcore=none foreign=0 win=0
  wcase-irq[0B]:    0/0/0 cyc  0/0/0 ns  (p50/max/max, n=0)
  wcase-probe: line=6 raise=inject on=0 raised=100 hcore=none foreign=0 win=0
  wcase-irq[64B]:   0/0/0 cyc  0/0/0 ns  (p50/max/max, n=0)
  wcase-probe: line=6 raise=inject on=0 raised=100 hcore=none foreign=0 win=0
  wcase-irq[256B]:  0/0/0 cyc  0/0/0 ns  (p50/max/max, n=0)
  wcase-probe: line=6 raise=inject on=0 raised=100 hcore=none foreign=0 win=0
  wcase-irq[1024B]: 0/0/0 cyc  0/0/0 ns  (p50/max/max, n=0)
  e2e-settle: settled=2/2
  e2e-probe: line=7 closed=1000 dropped=0 tare=279/558 ns  (min/avg, n=64)
  e2e-passes: asked=1000 raised=1000
  e2e-local: 4096/5120/65452 ns  (p50/p99/max, n=1000)
  xtask ping-pong: 7457 ns/switch  (40000 switches / 298 ms)
  xtask call/reply: 16 B  24200 ns/round-trip  (41321 round-trips/s over 20000 calls / 484 ms)
  spawn/exit: thread 37896 ns  (200 reps / 7 ms)
  spawn/exit: task 84105 ns  (200 reps / 16 ms)
bench: done

KICKOS-EXIT status 0
POLL_OK=1 POLL_MS=4600
