[2J[001;001H[=3h[2J[001;001H[2J[001;001H[8;042;160t[2J[001;001H[2J[001;001H[8;056;240t[2J[001;001HBdsDxe: loading Boot0002 "UEFI QEMU HARDDISK QM00001 " from PciRoot(0x0)/Pci(0x1F,0x2)/Sata(0x0,0xFFFF,0x0)
BdsDxe: starting Boot0002 "UEFI QEMU HARDDISK QM00001 " from PciRoot(0x0)/Pci(0x1F,0x2)/Sata(0x0,0xFFFF,0x0)

KICKOS-X1 8c41d7a2 x86_64/q35 uefi-handover entry
KICKOS-X1 8c41d7a2 x86_64/q35 uefi-handover handover if=1 paging=1 longmode=1 root=1 wp=1 nx=1 nxcap=1
KICKOS-X1 8c41d7a2 x86_64/q35 uefi-handover if_after_cli=0
KICKOS-X1 8c41d7a2 x86_64/q35 uefi-handover firmware=Debian distribution of EDK II
KICKOS-X1 8c41d7a2 x86_64/q35 uefi-handover revision=0x0000000000020046
KICKOS-X1 8c41d7a2 x86_64/q35 uefi-handover map descriptors=109 stride=48 version=1 conventional_pages=117679 arena=0x0000000001800000 arena_pages=107372
KICKOS-X1 8c41d7a2 x86_64/q35 uefi-handover fp found em=0 ts=0 mp=1 osfxsr=1 osxmmexcpt=1 osxsave=0
KICKOS-X1 8c41d7a2 x86_64/q35 uefi-handover fp trapped em=1 ts=1 mp=1 osfxsr=0 osxmmexcpt=0 osxsave=0
KICKOS-X1 8c41d7a2 x86_64/q35 uefi-handover boot services left
KICKOS-X1 8c41d7a2 x86_64/q35 uefi-handover if_after_exit=0
x86_64 app relocation: base=0x0000000000400000 load_delta=0x0000000000000000 app_words=0

  ==============================================
   KickOS 0.5.1  -  microkernel RTOS
  ==============================================
   board   qemu-x86_64
   arch    x86_64
   cpu     x86-64
   mpu     off
   sched   tickless
   build   2026-09-29 07:40:25 +0200
   app     Sep 29 2026 00:56:20 +0200
   commit  15947db7-dirty
   heap    none
   kstack  4096 B x 33 = 135168 B

microbenchmark: context-switch throughput (all arches) + per-switch cost
+ IRQ-entry latency where a cycle counter exists. Reporter woken by the
workload, not a timer. Telemetry OFF for clean numbers.
cycle counter: 1998772548 Hz (0 = no rate converts a reading; cycles only)

  lock-probe: hold+1 core=0 depth=0  (three nested, one outermost)
  call/reply: 8 B  7866 ns/round-trip  (127118 round-trips/s over 20000 calls / 157 ms)
  call/reply: 16 B  7707 ns/round-trip  (129747 round-trips/s over 20000 calls / 154 ms)
  call/reply: 32 B  7715 ns/round-trip  (129611 round-trips/s over 20000 calls / 154 ms)
  call/reply: 64 B  7733 ns/round-trip  (129304 round-trips/s over 20000 calls / 154 ms)
  call/reply: 128 B  7761 ns/round-trip  (128839 round-trips/s over 20000 calls / 155 ms)
  call/reply: 256 B  7897 ns/round-trip  (126627 round-trips/s over 20000 calls / 157 ms)
  call/reply: 8 B  7647 ns/round-trip  (130757 round-trips/s over 20000 calls / 152 ms) [generic path]
  call/reply: 16 B  7632 ns/round-trip  (131014 round-trips/s over 20000 calls / 152 ms) [generic path]
  call/reply: 32 B  7674 ns/round-trip  (130307 round-trips/s over 20000 calls / 153 ms) [generic path]
  call/reply: 64 B  7689 ns/round-trip  (130049 round-trips/s over 20000 calls / 153 ms) [generic path]
  call/reply: 128 B  7721 ns/round-trip  (129504 round-trips/s over 20000 calls / 154 ms) [generic path]
  call/reply: 256 B  7828 ns/round-trip  (127732 round-trips/s over 20000 calls / 156 ms) [generic path]
  call/reply: 32 B  7962 ns/round-trip  (125592 round-trips/s over 20000 calls / 159 ms) [caller outranks server, D1 donates]
  phase table (44 rows; cyc avg/max, min last and a floor; leaf -= NULL, composite -= NULL + k*(NEST-NULL)):
    NULL             15/4700  min=1  n=260000
    NEST             84/25880  min=60  n=260000
    NEST_LOCK        46/39740  min=40  n=260000
    CALL_TOTAL       14433/2327180  min=13940  n=259999
    CALL_VALIDATE    169/14460  min=140  n=260000
    CALL_LOCKED      13925/2326619  min=13400  n=259999
    CALL_RESOLVE     217/15520  min=180  n=260000
    CALL_PEEK        48/21320  min=20  n=260000
    CALL_PROBE       81/27300  min=60  n=259999
    CALL_POP         122/36860  min=100  n=259999
    CALL_COPY        1410/57440  min=1320  n=259999
    CALL_MINT        1331/189540  min=1240  n=259999
    CALL_MINT_CAP    368/97100  min=319  n=259999
    CALL_MINT_INFO   821/52840  min=760  n=259999
    CALL_DONATE      114/21220  min=100  n=19999
    CALL_PARK        235/62000  min=200  n=259999
    CALL_WAKE        9503/2321720  min=9160  n=259999
    CALL_RESUME      151/13680  min=120  n=260000
    CALL_SLOW_TOTAL  458540/458540  min=458540  n=1
    CALL_SLOW_LOCKED 440560/440560  min=440560  n=1
    CALL_SLOW_DONATE 0/0  min=0  n=0
    CALL_SLOW_PARK   334420/334420  min=334420  n=1
    RECV_LOCKED      9799/1253900  min=9420  n=259999
    RECV_RESOLVE     247/89440  min=220  n=260000
    RECV_SCAN        139/39420  min=100  n=259999
    RECV_PARK        9177/1080000  min=8780  n=259999
    REPLY_TOTAL      82001/683980  min=11880  n=13
    REPLY_VALIDATE   8072/35060  min=2680  n=13
    REPLY_LOCKED     2422/400220  min=2260  n=260000
    REPLY_LOOKUP     315/199420  min=280  n=260000
    REPLY_COPY       1417/67040  min=1300  n=260000
    REPLY_FUNNEL     197/64760  min=160  n=260000
    REPLY_WAKE       220/29500  min=200  n=260000
    REPLY_RECV_TOTAL 14054/1628020  min=13540  n=260000
    REPLY_RECV_TAIL  422/98200  min=380  n=259999
    WAKE_UNPARK      62/27000  min=40  n=520012
    PICK_NEXT        45/15820  min=20  n=520064
    SWITCH_TO        16661/318869320  min=8340  n=520013
    SWITCH_BOOK      66/164980  min=40  n=520039
    MPU_APPLY        108/12500  min=80  n=520039
    MPU_COMMIT       0/0  min=0  n=0
    REENT_SEAT       0/0  min=0  n=0
    KTIME_REARM      60/12240  min=40  n=520039
    ARCH_SWITCH      16127/318866580  min=7800  n=520013
  ns-probe: cyc=4294967295 ns=2148802423 capped=0
  sat-probe: width=64 fits+1/0 wide+0/1 max=1000

  throughput: 521590 ctx-sw/s  (1917 ns/sw avg over 40000 switches / 76 ms)
  switch-probe: fastpath-swaps=0  (swapped inside the trap, so not in the switch row)
  switch:    60/80/120 cyc  30/40/60 ns  (p50/p99/max, n=40002)
  lock-hold: 960/1792/30120 cyc  480/896/15069 ns  (p50/p99/max, n=80244)
  lock-site: core=0 site=0x409dac max=30120
  irq-probe: line=6 raise=inject on=0 raised=100 hcore=none foreign=0 win=0
  irq:       0/0/0 cyc  0/0/0 ns  (p50/max/max, n=0)
  wcase-probe: line=6 raise=inject on=0 raised=100 hcore=none foreign=0 win=0
  wcase-irq[0B]:    0/0/0 cyc  0/0/0 ns  (p50/max/max, n=0)
  wcase-probe: line=6 raise=inject on=0 raised=100 hcore=none foreign=0 win=0
  wcase-irq[64B]:   0/0/0 cyc  0/0/0 ns  (p50/max/max, n=0)
  wcase-probe: line=6 raise=inject on=0 raised=100 hcore=none foreign=0 win=0
  wcase-irq[256B]:  0/0/0 cyc  0/0/0 ns  (p50/max/max, n=0)
  wcase-probe: line=6 raise=inject on=0 raised=100 hcore=none foreign=0 win=0
  wcase-irq[1024B]: 0/0/0 cyc  0/0/0 ns  (p50/max/max, n=0)
  e2e-settle: settled=2/2
  e2e-probe: line=7 closed=1000 dropped=0 tare=280/553 ns  (min/avg, n=64)
  e2e-passes: asked=1000 raised=1000
  e2e-local: 4096/4096/618230 ns  (p50/p99/max, n=1000)
  throughput: 523664 ctx-sw/s  (1909 ns/sw avg over 40000 switches / 76 ms)
  switch-probe: fastpath-swaps=0  (swapped inside the trap, so not in the switch row)
  switch:    60/80/260 cyc  30/40/130 ns  (p50/p99/max, n=40002)
  lock-hold: 896/1792/19860 cyc  448/896/9936 ns  (p50/p99/max, n=80248)
  lock-site: core=0 site=0x409dac max=19860
  irq-probe: line=6 raise=inject on=0 raised=100 hcore=none foreign=0 win=0
  irq:       0/0/0 cyc  0/0/0 ns  (p50/max/max, n=0)
  wcase-probe: line=6 raise=inject on=0 raised=100 hcore=none foreign=0 win=0
  wcase-irq[0B]:    0/0/0 cyc  0/0/0 ns  (p50/max/max, n=0)
  wcase-probe: line=6 raise=inject on=0 raised=100 hcore=none foreign=0 win=0
  wcase-irq[64B]:   0/0/0 cyc  0/0/0 ns  (p50/max/max, n=0)
  wcase-probe: line=6 raise=inject on=0 raised=100 hcore=none foreign=0 win=0
  wcase-irq[256B]:  0/0/0 cyc  0/0/0 ns  (p50/max/max, n=0)
  wcase-probe: line=6 raise=inject on=0 raised=100 hcore=none foreign=0 win=0
  wcase-irq[1024B]: 0/0/0 cyc  0/0/0 ns  (p50/max/max, n=0)
  e2e-settle: settled=2/2
  e2e-probe: line=7 closed=1000 dropped=0 tare=280/553 ns  (min/avg, n=64)
  e2e-passes: asked=1000 raised=1000
  e2e-local: 4096/5632/71814 ns  (p50/p99/max, n=1000)
  throughput: 524475 ctx-sw/s  (1906 ns/sw avg over 40000 switches / 76 ms)
  switch-probe: fastpath-swaps=0  (swapped inside the trap, so not in the switch row)
  switch:    60/80/240 cyc  30/40/120 ns  (p50/p99/max, n=40002)
  lock-hold: 960/1792/21460 cyc  480/896/10736 ns  (p50/p99/max, n=80248)
  lock-site: core=0 site=0x416918 max=21460
  irq-probe: line=6 raise=inject on=0 raised=100 hcore=none foreign=0 win=0
  irq:       0/0/0 cyc  0/0/0 ns  (p50/max/max, n=0)
  wcase-probe: line=6 raise=inject on=0 raised=100 hcore=none foreign=0 win=0
  wcase-irq[0B]:    0/0/0 cyc  0/0/0 ns  (p50/max/max, n=0)
  wcase-probe: line=6 raise=inject on=0 raised=100 hcore=none foreign=0 win=0
  wcase-irq[64B]:   0/0/0 cyc  0/0/0 ns  (p50/max/max, n=0)
  wcase-probe: line=6 raise=inject on=0 raised=100 hcore=none foreign=0 win=0
  wcase-irq[256B]:  0/0/0 cyc  0/0/0 ns  (p50/max/max, n=0)
  wcase-probe: line=6 raise=inject on=0 raised=100 hcore=none foreign=0 win=0
  wcase-irq[1024B]: 0/0/0 cyc  0/0/0 ns  (p50/max/max, n=0)
  e2e-settle: settled=2/2
  e2e-probe: line=7 closed=1000 dropped=0 tare=280/553 ns  (min/avg, n=64)
  e2e-passes: asked=1000 raised=1000
  e2e-local: 4096/4096/55084 ns  (p50/p99/max, n=1000)
  xtask ping-pong: 7482 ns/switch  (40000 switches / 299 ms)
  xtask call/reply: 16 B  24259 ns/round-trip  (41221 round-trips/s over 20000 calls / 485 ms)
  spawn/exit: thread 37914 ns  (200 reps / 7 ms)
  spawn/exit: task 84870 ns  (200 reps / 16 ms)
bench: done

KICKOS-EXIT status 0
POLL_OK=1 POLL_MS=4600
