[2J[001;001H[=3h[2J[001;001H[2J[001;001H[8;042;160t[2J[001;001H[2J[001;001H[8;056;240t[2J[001;001HBdsDxe: loading Boot0002 "UEFI QEMU HARDDISK QM00001 " from PciRoot(0x0)/Pci(0x1F,0x2)/Sata(0x0,0xFFFF,0x0)
BdsDxe: starting Boot0002 "UEFI QEMU HARDDISK QM00001 " from PciRoot(0x0)/Pci(0x1F,0x2)/Sata(0x0,0xFFFF,0x0)

KICKOS-X1 8c41d7a2 x86_64/q35 uefi-handover entry
KICKOS-X1 8c41d7a2 x86_64/q35 uefi-handover handover if=1 paging=1 longmode=1 root=1 wp=1 nx=1 nxcap=1
KICKOS-X1 8c41d7a2 x86_64/q35 uefi-handover if_after_cli=0
KICKOS-X1 8c41d7a2 x86_64/q35 uefi-handover firmware=Debian distribution of EDK II
KICKOS-X1 8c41d7a2 x86_64/q35 uefi-handover revision=0x0000000000020046
KICKOS-X1 8c41d7a2 x86_64/q35 uefi-handover map descriptors=109 stride=48 version=1 conventional_pages=117679 arena=0x0000000001800000 arena_pages=107372
KICKOS-X1 8c41d7a2 x86_64/q35 uefi-handover fp found em=0 ts=0 mp=1 osfxsr=1 osxmmexcpt=1 osxsave=0
KICKOS-X1 8c41d7a2 x86_64/q35 uefi-handover fp trapped em=1 ts=1 mp=1 osfxsr=0 osxmmexcpt=0 osxsave=0
KICKOS-X1 8c41d7a2 x86_64/q35 uefi-handover boot services left
KICKOS-X1 8c41d7a2 x86_64/q35 uefi-handover if_after_exit=0
x86_64 app relocation: base=0x0000000000400000 load_delta=0x0000000000000000 app_words=0

  ==============================================
   KickOS 0.5.1  -  microkernel RTOS
  ==============================================
   board   qemu-x86_64
   arch    x86_64
   cpu     x86-64
   mpu     off
   sched   tickless
   build   2026-09-29 07:40:25 +0200
   app     Sep 29 2026 00:56:20 +0200
   commit  15947db7-dirty
   heap    none
   kstack  4096 B x 33 = 135168 B

microbenchmark: context-switch throughput (all arches) + per-switch cost
+ IRQ-entry latency where a cycle counter exists. Reporter woken by the
workload, not a timer. Telemetry OFF for clean numbers.
cycle counter: 1999628656 Hz (0 = no rate converts a reading; cycles only)

  lock-probe: hold+1 core=0 depth=0  (three nested, one outermost)
  call/reply: 8 B  8089 ns/round-trip  (123616 round-trips/s over 20000 calls / 161 ms)
  call/reply: 16 B  7848 ns/round-trip  (127405 round-trips/s over 20000 calls / 156 ms)
  call/reply: 32 B  7851 ns/round-trip  (127363 round-trips/s over 20000 calls / 157 ms)
  call/reply: 64 B  7846 ns/round-trip  (127440 round-trips/s over 20000 calls / 156 ms)
  call/reply: 128 B  7851 ns/round-trip  (127367 round-trips/s over 20000 calls / 157 ms)
  call/reply: 256 B  7949 ns/round-trip  (125789 round-trips/s over 20000 calls / 158 ms)
  call/reply: 8 B  7767 ns/round-trip  (128749 round-trips/s over 20000 calls / 155 ms) [generic path]
  call/reply: 16 B  7766 ns/round-trip  (128751 round-trips/s over 20000 calls / 155 ms) [generic path]
  call/reply: 32 B  7810 ns/round-trip  (128032 round-trips/s over 20000 calls / 156 ms) [generic path]
  call/reply: 64 B  8060 ns/round-trip  (124067 round-trips/s over 20000 calls / 161 ms) [generic path]
  call/reply: 128 B  7928 ns/round-trip  (126130 round-trips/s over 20000 calls / 158 ms) [generic path]
  call/reply: 256 B  7869 ns/round-trip  (127071 round-trips/s over 20000 calls / 157 ms) [generic path]
  call/reply: 32 B  8052 ns/round-trip  (124190 round-trips/s over 20000 calls / 161 ms) [caller outranks server, D1 donates]
  phase table (44 rows; cyc avg/max, min last and a floor; leaf -= NULL, composite -= NULL + k*(NEST-NULL)):
    NULL             15/4540  min=1  n=260000
    NEST             85/26860  min=60  n=260000
    NEST_LOCK        48/42160  min=40  n=260000
    CALL_TOTAL       14701/2411400  min=13820  n=259999
    CALL_VALIDATE    172/207760  min=140  n=260000
    CALL_LOCKED      14189/2410719  min=13300  n=259999
    CALL_RESOLVE     219/32880  min=180  n=260000
    CALL_PEEK        50/96800  min=20  n=260000
    CALL_PROBE       82/104540  min=60  n=259999
    CALL_POP         123/38160  min=100  n=259999
    CALL_COPY        1426/201220  min=1300  n=259999
    CALL_MINT        1379/192740  min=1260  n=259999
    CALL_MINT_CAP    376/113959  min=320  n=259999
    CALL_MINT_INFO   853/144240  min=760  n=259999
    CALL_DONATE      112/19880  min=80  n=19999
    CALL_PARK        239/147760  min=200  n=259999
    CALL_WAKE        9689/2405800  min=9080  n=259999
    CALL_RESUME      149/92520  min=120  n=260000
    CALL_SLOW_TOTAL  458060/458060  min=458060  n=1
    CALL_SLOW_LOCKED 440320/440320  min=440320  n=1
    CALL_SLOW_DONATE 0/0  min=0  n=0
    CALL_SLOW_PARK   338060/338060  min=338060  n=1
    RECV_LOCKED      9969/1334820  min=9340  n=259999
    RECV_RESOLVE     256/108120  min=220  n=260000
    RECV_SCAN        144/42560  min=100  n=259999
    RECV_PARK        9328/1148740  min=8760  n=259999
    REPLY_TOTAL      71961/488160  min=18060  n=13
    REPLY_VALIDATE   12615/39760  min=5920  n=13
    REPLY_LOCKED     2466/409040  min=2240  n=260000
    REPLY_LOOKUP     314/204120  min=280  n=260000
    REPLY_COPY       1440/130240  min=1300  n=260000
    REPLY_FUNNEL     202/65460  min=160  n=260000
    REPLY_WAKE       221/56240  min=200  n=260000
    REPLY_RECV_TOTAL 14305/2036160  min=13420  n=260000
    REPLY_RECV_TAIL  432/457960  min=380  n=259999
    WAKE_UNPARK      63/27440  min=40  n=520012
    PICK_NEXT        45/91700  min=20  n=520064
    SWITCH_TO        16970/325451920  min=8300  n=520013
    SWITCH_BOOK      66/87799  min=40  n=520039
    MPU_APPLY        111/170680  min=80  n=520039
    MPU_COMMIT       0/0  min=0  n=0
    REENT_SEAT       0/0  min=0  n=0
    KTIME_REARM      61/41340  min=40  n=520039
    ARCH_SWITCH      16430/325356520  min=7740  n=520013
  ns-probe: cyc=4294967295 ns=2147882449 capped=0
  sat-probe: width=64 fits+1/0 wide+0/1 max=1000

  throughput: 516027 ctx-sw/s  (1937 ns/sw avg over 40000 switches / 77 ms)
  switch-probe: fastpath-swaps=0  (swapped inside the trap, so not in the switch row)
  switch:    60/80/380 cyc  30/40/190 ns  (p50/p99/max, n=40002)
  lock-hold: 1024/2304/38820 cyc  512/1152/19413 ns  (p50/p99/max, n=80245)
  lock-site: core=0 site=0x409dac max=38820
  irq-probe: line=6 raise=inject on=0 raised=100 hcore=none foreign=0 win=0
  irq:       0/0/0 cyc  0/0/0 ns  (p50/max/max, n=0)
  wcase-probe: line=6 raise=inject on=0 raised=100 hcore=none foreign=0 win=0
  wcase-irq[0B]:    0/0/0 cyc  0/0/0 ns  (p50/max/max, n=0)
  wcase-probe: line=6 raise=inject on=0 raised=100 hcore=none foreign=0 win=0
  wcase-irq[64B]:   0/0/0 cyc  0/0/0 ns  (p50/max/max, n=0)
  wcase-probe: line=6 raise=inject on=0 raised=100 hcore=none foreign=0 win=0
  wcase-irq[256B]:  0/0/0 cyc  0/0/0 ns  (p50/max/max, n=0)
  wcase-probe: line=6 raise=inject on=0 raised=100 hcore=none foreign=0 win=0
  wcase-irq[1024B]: 0/0/0 cyc  0/0/0 ns  (p50/max/max, n=0)
  e2e-settle: settled=2/2
  e2e-probe: line=7 closed=1000 dropped=0 tare=290/555 ns  (min/avg, n=64)
  e2e-passes: asked=1000 raised=1000
  e2e-local: 4096/12288/638079 ns  (p50/p99/max, n=1000)
  throughput: 523560 ctx-sw/s  (1909 ns/sw avg over 40000 switches / 76 ms)
  switch-probe: fastpath-swaps=0  (swapped inside the trap, so not in the switch row)
  switch:    60/80/620 cyc  30/40/310 ns  (p50/p99/max, n=40002)
  lock-hold: 1024/1792/61640 cyc  512/896/30825 ns  (p50/p99/max, n=80248)
  lock-site: core=0 site=0x416918 max=61640
  irq-probe: line=6 raise=inject on=0 raised=100 hcore=none foreign=0 win=0
  irq:       0/0/0 cyc  0/0/0 ns  (p50/max/max, n=0)
  wcase-probe: line=6 raise=inject on=0 raised=100 hcore=none foreign=0 win=0
  wcase-irq[0B]:    0/0/0 cyc  0/0/0 ns  (p50/max/max, n=0)
  wcase-probe: line=6 raise=inject on=0 raised=100 hcore=none foreign=0 win=0
  wcase-irq[64B]:   0/0/0 cyc  0/0/0 ns  (p50/max/max, n=0)
  wcase-probe: line=6 raise=inject on=0 raised=100 hcore=none foreign=0 win=0
  wcase-irq[256B]:  0/0/0 cyc  0/0/0 ns  (p50/max/max, n=0)
  wcase-probe: line=6 raise=inject on=0 raised=100 hcore=none foreign=0 win=0
  wcase-irq[1024B]: 0/0/0 cyc  0/0/0 ns  (p50/max/max, n=0)
  e2e-settle: settled=2/2
  e2e-probe: line=7 closed=1000 dropped=0 tare=290/555 ns  (min/avg, n=64)
  e2e-passes: asked=1000 raised=1000
  e2e-local: 4096/5632/61562 ns  (p50/p99/max, n=1000)
  throughput: 520805 ctx-sw/s  (1920 ns/sw avg over 40000 switches / 76 ms)
  switch-probe: fastpath-swaps=0  (swapped inside the trap, so not in the switch row)
  switch:    60/80/220 cyc  30/40/110 ns  (p50/p99/max, n=40002)
  lock-hold: 960/1792/21080 cyc  480/896/10541 ns  (p50/p99/max, n=80248)
  lock-site: core=0 site=0x416918 max=21080
  irq-probe: line=6 raise=inject on=0 raised=100 hcore=none foreign=0 win=0
  irq:       0/0/0 cyc  0/0/0 ns  (p50/max/max, n=0)
  wcase-probe: line=6 raise=inject on=0 raised=100 hcore=none foreign=0 win=0
  wcase-irq[0B]:    0/0/0 cyc  0/0/0 ns  (p50/max/max, n=0)
  wcase-probe: line=6 raise=inject on=0 raised=100 hcore=none foreign=0 win=0
  wcase-irq[64B]:   0/0/0 cyc  0/0/0 ns  (p50/max/max, n=0)
  wcase-probe: line=6 raise=inject on=0 raised=100 hcore=none foreign=0 win=0
  wcase-irq[256B]:  0/0/0 cyc  0/0/0 ns  (p50/max/max, n=0)
  wcase-probe: line=6 raise=inject on=0 raised=100 hcore=none foreign=0 win=0
  wcase-irq[1024B]: 0/0/0 cyc  0/0/0 ns  (p50/max/max, n=0)
  e2e-settle: settled=2/2
  e2e-probe: line=7 closed=1000 dropped=0 tare=290/555 ns  (min/avg, n=64)
  e2e-passes: asked=1000 raised=1000
  e2e-local: 4096/4096/72404 ns  (p50/p99/max, n=1000)
  xtask ping-pong: 7537 ns/switch  (40000 switches / 301 ms)
  xtask call/reply: 16 B  24213 ns/round-trip  (41298 round-trips/s over 20000 calls / 484 ms)
  spawn/exit: thread 38397 ns  (200 reps / 7 ms)
  spawn/exit: task 84390 ns  (200 reps / 16 ms)
bench: done

KICKOS-EXIT status 0
POLL_OK=1 POLL_MS=4600
