[2J[001;001H[=3h[2J[001;001H[2J[001;001H[8;042;160t[2J[001;001H[2J[001;001H[8;056;240t[2J[001;001HBdsDxe: loading Boot0002 "UEFI QEMU HARDDISK QM00001 " from PciRoot(0x0)/Pci(0x1F,0x2)/Sata(0x0,0xFFFF,0x0)
BdsDxe: starting Boot0002 "UEFI QEMU HARDDISK QM00001 " from PciRoot(0x0)/Pci(0x1F,0x2)/Sata(0x0,0xFFFF,0x0)

KICKOS-X1 8c41d7a2 x86_64/q35 uefi-handover entry
KICKOS-X1 8c41d7a2 x86_64/q35 uefi-handover handover if=1 paging=1 longmode=1 root=1 wp=1 nx=1 nxcap=1
KICKOS-X1 8c41d7a2 x86_64/q35 uefi-handover if_after_cli=0
KICKOS-X1 8c41d7a2 x86_64/q35 uefi-handover firmware=Debian distribution of EDK II
KICKOS-X1 8c41d7a2 x86_64/q35 uefi-handover revision=0x0000000000020046
KICKOS-X1 8c41d7a2 x86_64/q35 uefi-handover map descriptors=109 stride=48 version=1 conventional_pages=117748 arena=0x0000000001800000 arena_pages=107372
KICKOS-X1 8c41d7a2 x86_64/q35 uefi-handover fp found em=0 ts=0 mp=1 osfxsr=1 osxmmexcpt=1 osxsave=0
KICKOS-X1 8c41d7a2 x86_64/q35 uefi-handover fp trapped em=1 ts=1 mp=1 osfxsr=0 osxmmexcpt=0 osxsave=0
KICKOS-X1 8c41d7a2 x86_64/q35 uefi-handover boot services left
KICKOS-X1 8c41d7a2 x86_64/q35 uefi-handover if_after_exit=0

  ==============================================
   KickOS 0.5.1  -  microkernel RTOS
  ==============================================
   board   qemu-x86_64
   arch    x86_64
   cpu     x86-64
   mpu     off
   sched   tickless
   build   2026-09-29 07:46:23 +0200
   app     Sep 29 2026 07:46:24 +0200
   commit  ccc510f3
   heap    none
   kstack  4096 B x 33 = 135168 B

microbenchmark: context-switch throughput (all arches) + per-switch cost
+ IRQ-entry latency where a cycle counter exists. Reporter woken by the
workload, not a timer. Telemetry OFF for clean numbers.
cycle counter: 1999097094 Hz (0 = no rate converts a reading; cycles only)

  lock-probe: hold+1 core=0 depth=0  (three nested, one outermost)
  call/reply: 8 B  8130 ns/round-trip  (123000 round-trips/s over 20000 calls / 162 ms)
  call/reply: 16 B  8058 ns/round-trip  (124094 round-trips/s over 20000 calls / 161 ms)
  call/reply: 32 B  8032 ns/round-trip  (124491 round-trips/s over 20000 calls / 160 ms)
  call/reply: 64 B  8039 ns/round-trip  (124390 round-trips/s over 20000 calls / 160 ms)
  call/reply: 128 B  8094 ns/round-trip  (123547 round-trips/s over 20000 calls / 161 ms)
  call/reply: 256 B  8205 ns/round-trip  (121870 round-trips/s over 20000 calls / 164 ms)
  call/reply: 8 B  8000 ns/round-trip  (124999 round-trips/s over 20000 calls / 160 ms) [generic path]
  call/reply: 16 B  7983 ns/round-trip  (125258 round-trips/s over 20000 calls / 159 ms) [generic path]
  call/reply: 32 B  7970 ns/round-trip  (125454 round-trips/s over 20000 calls / 159 ms) [generic path]
  call/reply: 64 B  8025 ns/round-trip  (124603 round-trips/s over 20000 calls / 160 ms) [generic path]
  call/reply: 128 B  8054 ns/round-trip  (124148 round-trips/s over 20000 calls / 161 ms) [generic path]
  call/reply: 256 B  8184 ns/round-trip  (122186 round-trips/s over 20000 calls / 163 ms) [generic path]
  call/reply: 32 B  8332 ns/round-trip  (120014 round-trips/s over 20000 calls / 166 ms) [caller outranks server, D1 donates]
  phase table (44 rows; cyc avg/max, min last and a floor; leaf -= NULL, composite -= NULL + k*(NEST-NULL)):
    NULL             23/13820  min=20  n=260000
    NEST             185/86060  min=160  n=260000
    NEST_LOCK        70/60140  min=60  n=260000
    CALL_TOTAL       14602/2436300  min=14080  n=259999
    CALL_VALIDATE    184/24160  min=160  n=260000
    CALL_LOCKED      14047/2286000  min=13560  n=259999
    CALL_RESOLVE     267/27180  min=240  n=260000
    CALL_PEEK        136/32600  min=120  n=260000
    CALL_PROBE       137/42640  min=100  n=259999
    CALL_POP         105/56580  min=80  n=259999
    CALL_COPY        264/63700  min=180  n=259999
    CALL_MINT        978/272320  min=920  n=259999
    CALL_MINT_CAP    433/145140  min=400  n=259999
    CALL_MINT_INFO   208/66980  min=180  n=259999
    CALL_DONATE      147/28740  min=120  n=19999
    CALL_PARK        365/93100  min=320  n=259999
    CALL_WAKE        10185/2113360  min=9820  n=259999
    CALL_RESUME      126/20120  min=60  n=260000
    CALL_SLOW_TOTAL  456660/456660  min=456660  n=1
    CALL_SLOW_LOCKED 434680/434680  min=434680  n=1
    CALL_SLOW_DONATE 0/0  min=0  n=0
    CALL_SLOW_PARK   338640/338640  min=338640  n=1
    RECV_LOCKED      11272/1893040  min=10860  n=259999
    RECV_RESOLVE     388/137140  min=340  n=260000
    RECV_SCAN        173/57620  min=140  n=259999
    RECV_PARK        10312/1614120  min=9920  n=259999
    REPLY_TOTAL      42670/325160  min=3100  n=13
    REPLY_VALIDATE   2903/28960  min=300  n=13
    REPLY_LOCKED     1642/597580  min=1520  n=260000
    REPLY_LOOKUP     475/301460  min=440  n=260000
    REPLY_COPY       208/36360  min=120  n=260000
    REPLY_FUNNEL     123/97020  min=80  n=260000
    REPLY_WAKE       275/48580  min=240  n=260000
    REPLY_RECV_TOTAL 14359/2458280  min=13840  n=260000
    REPLY_RECV_TAIL  381/151680  min=340  n=259999
    WAKE_UNPARK      95/41140  min=60  n=520012
    PICK_NEXT        66/22320  min=40  n=520064
    SWITCH_TO        17710/333433620  min=9220  n=520013
    SWITCH_BOOK      102/44980  min=80  n=520039
    MPU_APPLY        23/7040  min=20  n=520039
    MPU_COMMIT       0/0  min=0  n=0
    REENT_SEAT       0/0  min=0  n=0
    KTIME_REARM      91/19660  min=60  n=520039
    ARCH_SWITCH      17048/333432740  min=8540  n=520013
  ns-probe: cyc=4294967295 ns=2148453573 capped=0
  sat-probe: width=64 fits+1/0 wide+0/1 max=1000

  throughput: 359266 ctx-sw/s  (2783 ns/sw avg over 40000 switches / 111 ms)
  switch-probe: fastpath-swaps=0  (swapped inside the trap, so not in the switch row)
  switch:    96/96/140 cyc  48/48/70 ns  (p50/p99/max, n=40002)
  lock-hold: 1024/2304/23640 cyc  512/1152/11825 ns  (p50/p99/max, n=80245)
  lock-site: core=0 site=0x402688 max=23640
  irq-probe: line=6 raise=inject on=0 raised=100 hcore=none foreign=0 win=0
  irq:       0/0/0 cyc  0/0/0 ns  (p50/max/max, n=0)
  wcase-probe: line=6 raise=inject on=0 raised=100 hcore=none foreign=0 win=0
  wcase-irq[0B]:    0/0/0 cyc  0/0/0 ns  (p50/max/max, n=0)
  wcase-probe: line=6 raise=inject on=0 raised=100 hcore=none foreign=0 win=0
  wcase-irq[64B]:   0/0/0 cyc  0/0/0 ns  (p50/max/max, n=0)
  wcase-probe: line=6 raise=inject on=0 raised=100 hcore=none foreign=0 win=0
  wcase-irq[256B]:  0/0/0 cyc  0/0/0 ns  (p50/max/max, n=0)
  wcase-probe: line=6 raise=inject on=0 raised=100 hcore=none foreign=0 win=0
  wcase-irq[1024B]: 0/0/0 cyc  0/0/0 ns  (p50/max/max, n=0)
  e2e-settle: settled=2/2
  e2e-probe: line=7 closed=1000 dropped=0 tare=450/864 ns  (min/avg, n=64)
  e2e-passes: asked=1000 raised=1000
  e2e-local: 4608/5120/802702 ns  (p50/p99/max, n=1000)
  throughput: 358875 ctx-sw/s  (2786 ns/sw avg over 40000 switches / 111 ms)
  switch-probe: fastpath-swaps=0  (swapped inside the trap, so not in the switch row)
  switch:    96/96/160 cyc  48/48/80 ns  (p50/p99/max, n=40002)
  lock-hold: 960/2560/23480 cyc  480/1280/11745 ns  (p50/p99/max, n=80248)
  lock-site: core=0 site=0x402688 max=23480
  irq-probe: line=6 raise=inject on=0 raised=100 hcore=none foreign=0 win=0
  irq:       0/0/0 cyc  0/0/0 ns  (p50/max/max, n=0)
  wcase-probe: line=6 raise=inject on=0 raised=100 hcore=none foreign=0 win=0
  wcase-irq[0B]:    0/0/0 cyc  0/0/0 ns  (p50/max/max, n=0)
  wcase-probe: line=6 raise=inject on=0 raised=100 hcore=none foreign=0 win=0
  wcase-irq[64B]:   0/0/0 cyc  0/0/0 ns  (p50/max/max, n=0)
  wcase-probe: line=6 raise=inject on=0 raised=100 hcore=none foreign=0 win=0
  wcase-irq[256B]:  0/0/0 cyc  0/0/0 ns  (p50/max/max, n=0)
  wcase-probe: line=6 raise=inject on=0 raised=100 hcore=none foreign=0 win=0
  wcase-irq[1024B]: 0/0/0 cyc  0/0/0 ns  (p50/max/max, n=0)
  e2e-settle: settled=2/2
  e2e-probe: line=7 closed=1000 dropped=0 tare=450/864 ns  (min/avg, n=64)
  e2e-passes: asked=1000 raised=1000
  e2e-local: 4608/5120/22370 ns  (p50/p99/max, n=1000)
  throughput: 356983 ctx-sw/s  (2801 ns/sw avg over 40000 switches / 112 ms)
  switch-probe: fastpath-swaps=0  (swapped inside the trap, so not in the switch row)
  switch:    96/96/120 cyc  48/48/60 ns  (p50/p99/max, n=40002)
  lock-hold: 960/2560/21740 cyc  480/1280/10874 ns  (p50/p99/max, n=80248)
  lock-site: core=0 site=0x402688 max=21740
  irq-probe: line=6 raise=inject on=0 raised=100 hcore=none foreign=0 win=0
  irq:       0/0/0 cyc  0/0/0 ns  (p50/max/max, n=0)
  wcase-probe: line=6 raise=inject on=0 raised=100 hcore=none foreign=0 win=0
  wcase-irq[0B]:    0/0/0 cyc  0/0/0 ns  (p50/max/max, n=0)
  wcase-probe: line=6 raise=inject on=0 raised=100 hcore=none foreign=0 win=0
  wcase-irq[64B]:   0/0/0 cyc  0/0/0 ns  (p50/max/max, n=0)
  wcase-probe: line=6 raise=inject on=0 raised=100 hcore=none foreign=0 win=0
  wcase-irq[256B]:  0/0/0 cyc  0/0/0 ns  (p50/max/max, n=0)
  wcase-probe: line=6 raise=inject on=0 raised=100 hcore=none foreign=0 win=0
  wcase-irq[1024B]: 0/0/0 cyc  0/0/0 ns  (p50/max/max, n=0)
  e2e-settle: settled=2/2
  e2e-probe: line=7 closed=1000 dropped=0 tare=450/864 ns  (min/avg, n=64)
  e2e-passes: asked=1000 raised=1000
  e2e-local: 4608/4608/16808 ns  (p50/p99/max, n=1000)
  xtask ping-pong: 2787 ns/switch  (40000 switches / 111 ms)
  xtask call/reply: 16 B  7950 ns/round-trip  (125783 round-trips/s over 20000 calls / 159 ms)
  spawn/exit: thread 31869 ns  (200 reps / 6 ms)
  spawn/exit: task 34516 ns  (200 reps / 6 ms)
bench: done

KICKOS-EXIT status 0
POLL_OK=1 POLL_MS=4800
