[2J[001;001H[=3h[2J[001;001H[2J[001;001H[8;042;160t[2J[001;001H[2J[001;001H[8;056;240t[2J[001;001HBdsDxe: loading Boot0002 "UEFI QEMU HARDDISK QM00001 " from PciRoot(0x0)/Pci(0x1F,0x2)/Sata(0x0,0xFFFF,0x0)
BdsDxe: starting Boot0002 "UEFI QEMU HARDDISK QM00001 " from PciRoot(0x0)/Pci(0x1F,0x2)/Sata(0x0,0xFFFF,0x0)

KICKOS-X1 8c41d7a2 x86_64/q35 uefi-handover entry
KICKOS-X1 8c41d7a2 x86_64/q35 uefi-handover handover if=1 paging=1 longmode=1 root=1 wp=1 nx=1 nxcap=1
KICKOS-X1 8c41d7a2 x86_64/q35 uefi-handover if_after_cli=0
KICKOS-X1 8c41d7a2 x86_64/q35 uefi-handover firmware=Debian distribution of EDK II
KICKOS-X1 8c41d7a2 x86_64/q35 uefi-handover revision=0x0000000000020046
KICKOS-X1 8c41d7a2 x86_64/q35 uefi-handover map descriptors=109 stride=48 version=1 conventional_pages=117679 arena=0x0000000001800000 arena_pages=107372
KICKOS-X1 8c41d7a2 x86_64/q35 uefi-handover fp found em=0 ts=0 mp=1 osfxsr=1 osxmmexcpt=1 osxsave=0
KICKOS-X1 8c41d7a2 x86_64/q35 uefi-handover fp trapped em=1 ts=1 mp=1 osfxsr=0 osxmmexcpt=0 osxsave=0
KICKOS-X1 8c41d7a2 x86_64/q35 uefi-handover boot services left
KICKOS-X1 8c41d7a2 x86_64/q35 uefi-handover if_after_exit=0
x86_64 app relocation: base=0x0000000000400000 load_delta=0x0000000000000000 app_words=0

  ==============================================
   KickOS 0.5.1  -  microkernel RTOS
  ==============================================
   board   qemu-x86_64
   arch    x86_64
   cpu     x86-64
   mpu     off
   sched   tickless
   build   2026-09-29 07:40:25 +0200
   app     Sep 29 2026 00:56:20 +0200
   commit  15947db7-dirty
   heap    none
   kstack  4096 B x 33 = 135168 B

microbenchmark: context-switch throughput (all arches) + per-switch cost
+ IRQ-entry latency where a cycle counter exists. Reporter woken by the
workload, not a timer. Telemetry OFF for clean numbers.
cycle counter: 1998664565 Hz (0 = no rate converts a reading; cycles only)

  lock-probe: hold+1 core=0 depth=0  (three nested, one outermost)
  call/reply: 8 B  7828 ns/round-trip  (127742 round-trips/s over 20000 calls / 156 ms)
  call/reply: 16 B  7811 ns/round-trip  (128024 round-trips/s over 20000 calls / 156 ms)
  call/reply: 32 B  7705 ns/round-trip  (129784 round-trips/s over 20000 calls / 154 ms)
  call/reply: 64 B  7741 ns/round-trip  (129176 round-trips/s over 20000 calls / 154 ms)
  call/reply: 128 B  7740 ns/round-trip  (129187 round-trips/s over 20000 calls / 154 ms)
  call/reply: 256 B  7819 ns/round-trip  (127891 round-trips/s over 20000 calls / 156 ms)
  call/reply: 8 B  7651 ns/round-trip  (130694 round-trips/s over 20000 calls / 153 ms) [generic path]
  call/reply: 16 B  7765 ns/round-trip  (128766 round-trips/s over 20000 calls / 155 ms) [generic path]
  call/reply: 32 B  7925 ns/round-trip  (126170 round-trips/s over 20000 calls / 158 ms) [generic path]
  call/reply: 64 B  7713 ns/round-trip  (129642 round-trips/s over 20000 calls / 154 ms) [generic path]
  call/reply: 128 B  7749 ns/round-trip  (129048 round-trips/s over 20000 calls / 154 ms) [generic path]
  call/reply: 256 B  7789 ns/round-trip  (128376 round-trips/s over 20000 calls / 155 ms) [generic path]
  call/reply: 32 B  7934 ns/round-trip  (126035 round-trips/s over 20000 calls / 158 ms) [caller outranks server, D1 donates]
  phase table (44 rows; cyc avg/max, min last and a floor; leaf -= NULL, composite -= NULL + k*(NEST-NULL)):
    NULL             15/4460  min=1  n=260000
    NEST             84/25020  min=60  n=260000
    NEST_LOCK        47/40240  min=40  n=260000
    CALL_TOTAL       14484/2372320  min=13720  n=259999
    CALL_VALIDATE    183/13660  min=140  n=260000
    CALL_LOCKED      13969/2371280  min=13200  n=259999
    CALL_RESOLVE     219/15180  min=180  n=260000
    CALL_PEEK        46/21220  min=20  n=260000
    CALL_PROBE       80/27600  min=60  n=259999
    CALL_POP         120/36980  min=100  n=259999
    CALL_COPY        1409/57440  min=1300  n=259999
    CALL_MINT        1336/235580  min=1220  n=259999
    CALL_MINT_CAP    371/103820  min=319  n=259999
    CALL_MINT_INFO   819/85760  min=740  n=259999
    CALL_DONATE      108/22960  min=80  n=19999
    CALL_PARK        234/109080  min=200  n=259999
    CALL_WAKE        9546/2366460  min=9040  n=259999
    CALL_RESUME      149/13880  min=120  n=260000
    CALL_SLOW_TOTAL  448320/448320  min=448320  n=1
    CALL_SLOW_LOCKED 430500/430500  min=430500  n=1
    CALL_SLOW_DONATE 0/0  min=0  n=0
    CALL_SLOW_PARK   321220/321220  min=321220  n=1
    RECV_LOCKED      9812/1807020  min=9200  n=259999
    RECV_RESOLVE     245/89380  min=220  n=260000
    RECV_SCAN        139/39400  min=100  n=259999
    RECV_PARK        9189/1632220  min=8600  n=259999
    REPLY_TOTAL      79841/622940  min=9700  n=13
    REPLY_VALIDATE   10230/44720  min=2500  n=13
    REPLY_LOCKED     2430/427660  min=2260  n=260000
    REPLY_LOOKUP     311/216440  min=280  n=260000
    REPLY_COPY       1417/54640  min=1300  n=260000
    REPLY_FUNNEL     199/65920  min=160  n=260000
    REPLY_WAKE       217/30440  min=200  n=260000
    REPLY_RECV_TOTAL 14088/2182620  min=13240  n=260000
    REPLY_RECV_TAIL  420/108820  min=380  n=259999
    WAKE_UNPARK      63/31480  min=40  n=520012
    PICK_NEXT        44/29940  min=20  n=520064
    SWITCH_TO        16718/317702980  min=8160  n=520013
    SWITCH_BOOK      68/131980  min=40  n=520039
    MPU_APPLY        108/15860  min=80  n=520039
    MPU_COMMIT       0/0  min=0  n=0
    REENT_SEAT       0/0  min=0  n=0
    KTIME_REARM      63/113360  min=40  n=520039
    ARCH_SWITCH      16176/317700480  min=7620  n=520013
  ns-probe: cyc=4294967295 ns=2148918518 capped=0
  sat-probe: width=64 fits+1/0 wide+0/1 max=1000

  throughput: 521734 ctx-sw/s  (1916 ns/sw avg over 40000 switches / 76 ms)
  switch-probe: fastpath-swaps=0  (swapped inside the trap, so not in the switch row)
  switch:    60/80/480 cyc  30/40/240 ns  (p50/p99/max, n=40002)
  lock-hold: 1024/1920/73100 cyc  512/960/36574 ns  (p50/p99/max, n=80245)
  lock-site: core=0 site=0x416918 max=73100
  irq-probe: line=6 raise=inject on=0 raised=100 hcore=none foreign=0 win=0
  irq:       0/0/0 cyc  0/0/0 ns  (p50/max/max, n=0)
  wcase-probe: line=6 raise=inject on=0 raised=100 hcore=none foreign=0 win=0
  wcase-irq[0B]:    0/0/0 cyc  0/0/0 ns  (p50/max/max, n=0)
  wcase-probe: line=6 raise=inject on=0 raised=100 hcore=none foreign=0 win=0
  wcase-irq[64B]:   0/0/0 cyc  0/0/0 ns  (p50/max/max, n=0)
  wcase-probe: line=6 raise=inject on=0 raised=100 hcore=none foreign=0 win=0
  wcase-irq[256B]:  0/0/0 cyc  0/0/0 ns  (p50/max/max, n=0)
  wcase-probe: line=6 raise=inject on=0 raised=100 hcore=none foreign=0 win=0
  wcase-irq[1024B]: 0/0/0 cyc  0/0/0 ns  (p50/max/max, n=0)
  e2e-settle: settled=2/2
  e2e-probe: line=7 closed=1000 dropped=0 tare=300/602 ns  (min/avg, n=64)
  e2e-passes: asked=1000 raised=1000
  e2e-local: 3840/4608/608256 ns  (p50/p99/max, n=1000)
  throughput: 529675 ctx-sw/s  (1887 ns/sw avg over 40000 switches / 75 ms)
  switch-probe: fastpath-swaps=0  (swapped inside the trap, so not in the switch row)
  switch:    60/80/220 cyc  30/40/110 ns  (p50/p99/max, n=40002)
  lock-hold: 960/2304/22840 cyc  480/1152/11427 ns  (p50/p99/max, n=80248)
  lock-site: core=0 site=0x416918 max=22840
  irq-probe: line=6 raise=inject on=0 raised=100 hcore=none foreign=0 win=0
  irq:       0/0/0 cyc  0/0/0 ns  (p50/max/max, n=0)
  wcase-probe: line=6 raise=inject on=0 raised=100 hcore=none foreign=0 win=0
  wcase-irq[0B]:    0/0/0 cyc  0/0/0 ns  (p50/max/max, n=0)
  wcase-probe: line=6 raise=inject on=0 raised=100 hcore=none foreign=0 win=0
  wcase-irq[64B]:   0/0/0 cyc  0/0/0 ns  (p50/max/max, n=0)
  wcase-probe: line=6 raise=inject on=0 raised=100 hcore=none foreign=0 win=0
  wcase-irq[256B]:  0/0/0 cyc  0/0/0 ns  (p50/max/max, n=0)
  wcase-probe: line=6 raise=inject on=0 raised=100 hcore=none foreign=0 win=0
  wcase-irq[1024B]: 0/0/0 cyc  0/0/0 ns  (p50/max/max, n=0)
  e2e-settle: settled=2/2
  e2e-probe: line=7 closed=1000 dropped=0 tare=300/602 ns  (min/avg, n=64)
  e2e-passes: asked=1000 raised=1000
  e2e-local: 3840/4096/58550 ns  (p50/p99/max, n=1000)
  throughput: 529704 ctx-sw/s  (1887 ns/sw avg over 40000 switches / 75 ms)
  switch-probe: fastpath-swaps=0  (swapped inside the trap, so not in the switch row)
  switch:    60/80/540 cyc  30/40/270 ns  (p50/p99/max, n=40002)
  lock-hold: 960/1792/13000 cyc  480/896/6504 ns  (p50/p99/max, n=80248)
  lock-site: core=0 site=0x416918 max=13000
  irq-probe: line=6 raise=inject on=0 raised=100 hcore=none foreign=0 win=0
  irq:       0/0/0 cyc  0/0/0 ns  (p50/max/max, n=0)
  wcase-probe: line=6 raise=inject on=0 raised=100 hcore=none foreign=0 win=0
  wcase-irq[0B]:    0/0/0 cyc  0/0/0 ns  (p50/max/max, n=0)
  wcase-probe: line=6 raise=inject on=0 raised=100 hcore=none foreign=0 win=0
  wcase-irq[64B]:   0/0/0 cyc  0/0/0 ns  (p50/max/max, n=0)
  wcase-probe: line=6 raise=inject on=0 raised=100 hcore=none foreign=0 win=0
  wcase-irq[256B]:  0/0/0 cyc  0/0/0 ns  (p50/max/max, n=0)
  wcase-probe: line=6 raise=inject on=0 raised=100 hcore=none foreign=0 win=0
  wcase-irq[1024B]: 0/0/0 cyc  0/0/0 ns  (p50/max/max, n=0)
  e2e-settle: settled=2/2
  e2e-probe: line=7 closed=1000 dropped=0 tare=300/602 ns  (min/avg, n=64)
  e2e-passes: asked=1000 raised=1000
  e2e-local: 3840/5632/44030 ns  (p50/p99/max, n=1000)
  xtask ping-pong: 7480 ns/switch  (40000 switches / 299 ms)
  xtask call/reply: 16 B  24275 ns/round-trip  (41194 round-trips/s over 20000 calls / 485 ms)
  spawn/exit: thread 37531 ns  (200 reps / 7 ms)
  spawn/exit: task 85197 ns  (200 reps / 17 ms)
bench: done

KICKOS-EXIT status 0
POLL_OK=1 POLL_MS=4600
