[2J[001;001H[=3h[2J[001;001H[2J[001;001H[8;042;160t[2J[001;001H[2J[001;001H[8;056;240t[2J[001;001HBdsDxe: loading Boot0002 "UEFI QEMU HARDDISK QM00001 " from PciRoot(0x0)/Pci(0x1F,0x2)/Sata(0x0,0xFFFF,0x0)
BdsDxe: starting Boot0002 "UEFI QEMU HARDDISK QM00001 " from PciRoot(0x0)/Pci(0x1F,0x2)/Sata(0x0,0xFFFF,0x0)

KICKOS-X1 8c41d7a2 x86_64/q35 uefi-handover entry
KICKOS-X1 8c41d7a2 x86_64/q35 uefi-handover handover if=1 paging=1 longmode=1 root=1 wp=1 nx=1 nxcap=1
KICKOS-X1 8c41d7a2 x86_64/q35 uefi-handover if_after_cli=0
KICKOS-X1 8c41d7a2 x86_64/q35 uefi-handover firmware=Debian distribution of EDK II
KICKOS-X1 8c41d7a2 x86_64/q35 uefi-handover revision=0x0000000000020046
KICKOS-X1 8c41d7a2 x86_64/q35 uefi-handover map descriptors=109 stride=48 version=1 conventional_pages=117748 arena=0x0000000001800000 arena_pages=107372
KICKOS-X1 8c41d7a2 x86_64/q35 uefi-handover fp found em=0 ts=0 mp=1 osfxsr=1 osxmmexcpt=1 osxsave=0
KICKOS-X1 8c41d7a2 x86_64/q35 uefi-handover fp trapped em=1 ts=1 mp=1 osfxsr=0 osxmmexcpt=0 osxsave=0
KICKOS-X1 8c41d7a2 x86_64/q35 uefi-handover boot services left
KICKOS-X1 8c41d7a2 x86_64/q35 uefi-handover if_after_exit=0

  ==============================================
   KickOS 0.5.1  -  microkernel RTOS
  ==============================================
   board   qemu-x86_64
   arch    x86_64
   cpu     x86-64
   mpu     off
   sched   tickless
   build   2026-09-29 07:46:23 +0200
   app     Sep 29 2026 07:46:24 +0200
   commit  ccc510f3
   heap    none
   kstack  4096 B x 33 = 135168 B

microbenchmark: context-switch throughput (all arches) + per-switch cost
+ IRQ-entry latency where a cycle counter exists. Reporter woken by the
workload, not a timer. Telemetry OFF for clean numbers.
cycle counter: 1999199708 Hz (0 = no rate converts a reading; cycles only)

  lock-probe: hold+1 core=0 depth=0  (three nested, one outermost)
  call/reply: 8 B  8127 ns/round-trip  (123037 round-trips/s over 20000 calls / 162 ms)
  call/reply: 16 B  7990 ns/round-trip  (125147 round-trips/s over 20000 calls / 159 ms)
  call/reply: 32 B  8009 ns/round-trip  (124857 round-trips/s over 20000 calls / 160 ms)
  call/reply: 64 B  7971 ns/round-trip  (125446 round-trips/s over 20000 calls / 159 ms)
  call/reply: 128 B  8014 ns/round-trip  (124779 round-trips/s over 20000 calls / 160 ms)
  call/reply: 256 B  8136 ns/round-trip  (122898 round-trips/s over 20000 calls / 162 ms)
  call/reply: 8 B  7915 ns/round-trip  (126326 round-trips/s over 20000 calls / 158 ms) [generic path]
  call/reply: 16 B  7990 ns/round-trip  (125147 round-trips/s over 20000 calls / 159 ms) [generic path]
  call/reply: 32 B  8063 ns/round-trip  (124015 round-trips/s over 20000 calls / 161 ms) [generic path]
  call/reply: 64 B  8027 ns/round-trip  (124566 round-trips/s over 20000 calls / 160 ms) [generic path]
  call/reply: 128 B  8008 ns/round-trip  (124865 round-trips/s over 20000 calls / 160 ms) [generic path]
  call/reply: 256 B  8271 ns/round-trip  (120892 round-trips/s over 20000 calls / 165 ms) [generic path]
  call/reply: 32 B  8318 ns/round-trip  (120212 round-trips/s over 20000 calls / 166 ms) [caller outranks server, D1 donates]
  phase table (44 rows; cyc avg/max, min last and a floor; leaf -= NULL, composite -= NULL + k*(NEST-NULL)):
    NULL             23/14820  min=20  n=260000
    NEST             182/38020  min=160  n=260000
    NEST_LOCK        70/59340  min=60  n=260000
    CALL_TOTAL       14570/2418680  min=13960  n=259999
    CALL_VALIDATE    186/21900  min=160  n=260000
    CALL_LOCKED      14013/2272920  min=13400  n=259999
    CALL_RESOLVE     267/23000  min=240  n=260000
    CALL_PEEK        132/52480  min=120  n=260000
    CALL_PROBE       137/42580  min=100  n=259999
    CALL_POP         105/57260  min=80  n=259999
    CALL_COPY        265/63700  min=180  n=259999
    CALL_MINT        986/267680  min=940  n=259999
    CALL_MINT_CAP    441/143780  min=400  n=259999
    CALL_MINT_INFO   213/64440  min=180  n=259999
    CALL_DONATE      149/29380  min=120  n=19999
    CALL_PARK        355/93420  min=320  n=259999
    CALL_WAKE        10152/2206960  min=9700  n=259999
    CALL_RESUME      132/20240  min=100  n=260000
    CALL_SLOW_TOTAL  544600/544600  min=544600  n=1
    CALL_SLOW_LOCKED 521720/521720  min=521720  n=1
    CALL_SLOW_DONATE 0/0  min=0  n=0
    CALL_SLOW_PARK   392940/392940  min=392940  n=1
    RECV_LOCKED      11275/1863840  min=10780  n=259999
    RECV_RESOLVE     389/141820  min=340  n=260000
    RECV_SCAN        176/58380  min=140  n=259999
    RECV_PARK        10306/1596380  min=9840  n=259999
    REPLY_TOTAL      56473/409900  min=6740  n=13
    REPLY_VALIDATE   6589/33360  min=1160  n=13
    REPLY_LOCKED     1638/592080  min=1500  n=260000
    REPLY_LOOKUP     473/301460  min=440  n=260000
    REPLY_COPY       206/36260  min=120  n=260000
    REPLY_FUNNEL     121/95060  min=80  n=260000
    REPLY_WAKE       272/48320  min=240  n=260000
    REPLY_RECV_TOTAL 14367/2422700  min=13740  n=260000
    REPLY_RECV_TAIL  388/148180  min=340  n=259999
    WAKE_UNPARK      95/40080  min=60  n=520012
    PICK_NEXT        69/22980  min=40  n=520064
    SWITCH_TO        17667/332989020  min=9140  n=520013
    SWITCH_BOOK      103/47620  min=80  n=520039
    MPU_APPLY        23/14780  min=20  n=520039
    MPU_COMMIT       0/0  min=0  n=0
    REENT_SEAT       0/0  min=0  n=0
    KTIME_REARM      95/16820  min=60  n=520039
    ARCH_SWITCH      17007/332988020  min=8440  n=520013
  ns-probe: cyc=4294967295 ns=2148343298 capped=0
  sat-probe: width=64 fits+1/0 wide+0/1 max=1000

  throughput: 363246 ctx-sw/s  (2752 ns/sw avg over 40000 switches / 110 ms)
  switch-probe: fastpath-swaps=0  (swapped inside the trap, so not in the switch row)
  switch:    80/96/140 cyc  40/48/70 ns  (p50/p99/max, n=40002)
  lock-hold: 960/2304/28820 cyc  480/1152/14415 ns  (p50/p99/max, n=80245)
  lock-site: core=0 site=0x40b51d max=28820
  irq-probe: line=6 raise=inject on=0 raised=100 hcore=none foreign=0 win=0
  irq:       0/0/0 cyc  0/0/0 ns  (p50/max/max, n=0)
  wcase-probe: line=6 raise=inject on=0 raised=100 hcore=none foreign=0 win=0
  wcase-irq[0B]:    0/0/0 cyc  0/0/0 ns  (p50/max/max, n=0)
  wcase-probe: line=6 raise=inject on=0 raised=100 hcore=none foreign=0 win=0
  wcase-irq[64B]:   0/0/0 cyc  0/0/0 ns  (p50/max/max, n=0)
  wcase-probe: line=6 raise=inject on=0 raised=100 hcore=none foreign=0 win=0
  wcase-irq[256B]:  0/0/0 cyc  0/0/0 ns  (p50/max/max, n=0)
  wcase-probe: line=6 raise=inject on=0 raised=100 hcore=none foreign=0 win=0
  wcase-irq[1024B]: 0/0/0 cyc  0/0/0 ns  (p50/max/max, n=0)
  e2e-settle: settled=2/2
  e2e-probe: line=7 closed=1000 dropped=0 tare=450/858 ns  (min/avg, n=64)
  e2e-passes: asked=1000 raised=1000
  e2e-local: 4608/5120/822959 ns  (p50/p99/max, n=1000)
  throughput: 362453 ctx-sw/s  (2758 ns/sw avg over 40000 switches / 110 ms)
  switch-probe: fastpath-swaps=0  (swapped inside the trap, so not in the switch row)
  switch:    80/96/10260 cyc  40/48/5132 ns  (p50/p99/max, n=40002)
  lock-hold: 1024/2304/24200 cyc  512/1152/12104 ns  (p50/p99/max, n=80252)
  lock-site: core=0 site=0x402688 max=24200
  irq-probe: line=6 raise=inject on=0 raised=100 hcore=none foreign=0 win=0
  irq:       0/0/0 cyc  0/0/0 ns  (p50/max/max, n=0)
  wcase-probe: line=6 raise=inject on=0 raised=100 hcore=none foreign=0 win=0
  wcase-irq[0B]:    0/0/0 cyc  0/0/0 ns  (p50/max/max, n=0)
  wcase-probe: line=6 raise=inject on=0 raised=100 hcore=none foreign=0 win=0
  wcase-irq[64B]:   0/0/0 cyc  0/0/0 ns  (p50/max/max, n=0)
  wcase-probe: line=6 raise=inject on=0 raised=100 hcore=none foreign=0 win=0
  wcase-irq[256B]:  0/0/0 cyc  0/0/0 ns  (p50/max/max, n=0)
  wcase-probe: line=6 raise=inject on=0 raised=100 hcore=none foreign=0 win=0
  wcase-irq[1024B]: 0/0/0 cyc  0/0/0 ns  (p50/max/max, n=0)
  e2e-settle: settled=2/2
  e2e-probe: line=7 closed=1000 dropped=0 tare=450/858 ns  (min/avg, n=64)
  e2e-passes: asked=1000 raised=1000
  e2e-local: 4608/5120/46929 ns  (p50/p99/max, n=1000)
  throughput: 362564 ctx-sw/s  (2758 ns/sw avg over 40000 switches / 110 ms)
  switch-probe: fastpath-swaps=0  (swapped inside the trap, so not in the switch row)
  switch:    80/96/14940 cyc  40/48/7472 ns  (p50/p99/max, n=40002)
  lock-hold: 960/2304/19960 cyc  480/1152/9983 ns  (p50/p99/max, n=80252)
  lock-site: core=0 site=0x402688 max=19960
  irq-probe: line=6 raise=inject on=0 raised=100 hcore=none foreign=0 win=0
  irq:       0/0/0 cyc  0/0/0 ns  (p50/max/max, n=0)
  wcase-probe: line=6 raise=inject on=0 raised=100 hcore=none foreign=0 win=0
  wcase-irq[0B]:    0/0/0 cyc  0/0/0 ns  (p50/max/max, n=0)
  wcase-probe: line=6 raise=inject on=0 raised=100 hcore=none foreign=0 win=0
  wcase-irq[64B]:   0/0/0 cyc  0/0/0 ns  (p50/max/max, n=0)
  wcase-probe: line=6 raise=inject on=0 raised=100 hcore=none foreign=0 win=0
  wcase-irq[256B]:  0/0/0 cyc  0/0/0 ns  (p50/max/max, n=0)
  wcase-probe: line=6 raise=inject on=0 raised=100 hcore=none foreign=0 win=0
  wcase-irq[1024B]: 0/0/0 cyc  0/0/0 ns  (p50/max/max, n=0)
  e2e-settle: settled=2/2
  e2e-probe: line=7 closed=1000 dropped=0 tare=450/858 ns  (min/avg, n=64)
  e2e-passes: asked=1000 raised=1000
  e2e-local: 4608/5120/14116 ns  (p50/p99/max, n=1000)
  xtask ping-pong: 2814 ns/switch  (40000 switches / 112 ms)
  xtask call/reply: 16 B  8000 ns/round-trip  (124995 round-trips/s over 20000 calls / 160 ms)
  spawn/exit: thread 31772 ns  (200 reps / 6 ms)
  spawn/exit: task 34459 ns  (200 reps / 6 ms)
bench: done

KICKOS-EXIT status 0
POLL_OK=1 POLL_MS=4800
