[2J[001;001H[=3h[2J[001;001H[2J[001;001H[8;042;160t[2J[001;001H[2J[001;001H[8;056;240t[2J[001;001HBdsDxe: loading Boot0002 "UEFI QEMU HARDDISK QM00001 " from PciRoot(0x0)/Pci(0x1F,0x2)/Sata(0x0,0xFFFF,0x0)
BdsDxe: starting Boot0002 "UEFI QEMU HARDDISK QM00001 " from PciRoot(0x0)/Pci(0x1F,0x2)/Sata(0x0,0xFFFF,0x0)

KICKOS-X1 8c41d7a2 x86_64/q35 uefi-handover entry
KICKOS-X1 8c41d7a2 x86_64/q35 uefi-handover handover if=1 paging=1 longmode=1 root=1 wp=1 nx=1 nxcap=1
KICKOS-X1 8c41d7a2 x86_64/q35 uefi-handover if_after_cli=0
KICKOS-X1 8c41d7a2 x86_64/q35 uefi-handover firmware=Debian distribution of EDK II
KICKOS-X1 8c41d7a2 x86_64/q35 uefi-handover revision=0x0000000000020046
KICKOS-X1 8c41d7a2 x86_64/q35 uefi-handover map descriptors=109 stride=48 version=1 conventional_pages=117748 arena=0x0000000001800000 arena_pages=107372
KICKOS-X1 8c41d7a2 x86_64/q35 uefi-handover fp found em=0 ts=0 mp=1 osfxsr=1 osxmmexcpt=1 osxsave=0
KICKOS-X1 8c41d7a2 x86_64/q35 uefi-handover fp trapped em=1 ts=1 mp=1 osfxsr=0 osxmmexcpt=0 osxsave=0
KICKOS-X1 8c41d7a2 x86_64/q35 uefi-handover boot services left
KICKOS-X1 8c41d7a2 x86_64/q35 uefi-handover if_after_exit=0

  ==============================================
   KickOS 0.5.1  -  microkernel RTOS
  ==============================================
   board   qemu-x86_64
   arch    x86_64
   cpu     x86-64
   mpu     off
   sched   tickless
   build   2026-09-29 07:46:23 +0200
   app     Sep 29 2026 07:46:24 +0200
   commit  ccc510f3
   heap    none
   kstack  4096 B x 33 = 135168 B

microbenchmark: context-switch throughput (all arches) + per-switch cost
+ IRQ-entry latency where a cycle counter exists. Reporter woken by the
workload, not a timer. Telemetry OFF for clean numbers.
cycle counter: 1999053543 Hz (0 = no rate converts a reading; cycles only)

  lock-probe: hold+1 core=0 depth=0  (three nested, one outermost)
  call/reply: 8 B  8124 ns/round-trip  (123087 round-trips/s over 20000 calls / 162 ms)
  call/reply: 16 B  8117 ns/round-trip  (123196 round-trips/s over 20000 calls / 162 ms)
  call/reply: 32 B  8061 ns/round-trip  (124046 round-trips/s over 20000 calls / 161 ms)
  call/reply: 64 B  8086 ns/round-trip  (123665 round-trips/s over 20000 calls / 161 ms)
  call/reply: 128 B  8108 ns/round-trip  (123334 round-trips/s over 20000 calls / 162 ms)
  call/reply: 256 B  8282 ns/round-trip  (120742 round-trips/s over 20000 calls / 165 ms)
  call/reply: 8 B  8018 ns/round-trip  (124717 round-trips/s over 20000 calls / 160 ms) [generic path]
  call/reply: 16 B  8026 ns/round-trip  (124586 round-trips/s over 20000 calls / 160 ms) [generic path]
  call/reply: 32 B  8018 ns/round-trip  (124712 round-trips/s over 20000 calls / 160 ms) [generic path]
  call/reply: 64 B  8040 ns/round-trip  (124370 round-trips/s over 20000 calls / 160 ms) [generic path]
  call/reply: 128 B  8120 ns/round-trip  (123137 round-trips/s over 20000 calls / 162 ms) [generic path]
  call/reply: 256 B  8197 ns/round-trip  (121987 round-trips/s over 20000 calls / 163 ms) [generic path]
  call/reply: 32 B  6327 ns/round-trip  (158035 round-trips/s over 20000 calls / 126 ms) [caller outranks server, D1 donates]
  phase table (44 rows; cyc avg/max, min last and a floor; leaf -= NULL, composite -= NULL + k*(NEST-NULL)):
    NULL             22/6440  min=1  n=260000
    NEST             186/37340  min=100  n=260000
    NEST_LOCK        70/59520  min=40  n=260000
    CALL_TOTAL       14405/2430200  min=9560  n=259999
    CALL_VALIDATE    181/21660  min=100  n=260000
    CALL_LOCKED      13867/2283440  min=9160  n=259999
    CALL_RESOLVE     279/23300  min=160  n=260000
    CALL_PEEK        127/32220  min=80  n=260000
    CALL_PROBE       138/79860  min=60  n=259999
    CALL_POP         102/55920  min=60  n=259999
    CALL_COPY        259/63560  min=140  n=259999
    CALL_MINT        979/281260  min=620  n=259999
    CALL_MINT_CAP    437/143860  min=260  n=259999
    CALL_MINT_INFO   210/138500  min=120  n=259999
    CALL_DONATE      109/33800  min=80  n=19999
    CALL_PARK        352/180120  min=220  n=259999
    CALL_WAKE        10016/2152460  min=6460  n=259999
    CALL_RESUME      126/133400  min=60  n=260000
    CALL_SLOW_TOTAL  493960/493960  min=493960  n=1
    CALL_SLOW_LOCKED 470860/470860  min=470860  n=1
    CALL_SLOW_DONATE 0/0  min=0  n=0
    CALL_SLOW_PARK   363900/363900  min=363900  n=1
    RECV_LOCKED      11147/1871340  min=7340  n=259999
    RECV_RESOLVE     385/188519  min=220  n=260000
    RECV_SCAN        170/56620  min=80  n=259999
    RECV_PARK        10199/1609840  min=6720  n=259999
    REPLY_TOTAL      55167/469880  min=3340  n=13
    REPLY_VALIDATE   3810/30880  min=420  n=13
    REPLY_LOCKED     1620/592100  min=1100  n=260000
    REPLY_LOOKUP     471/300420  min=280  n=260000
    REPLY_COPY       206/36520  min=100  n=260000
    REPLY_FUNNEL     119/95420  min=80  n=260000
    REPLY_WAKE       268/47600  min=160  n=260000
    REPLY_RECV_TOTAL 14195/2426640  min=9380  n=260000
    REPLY_RECV_TAIL  383/149920  min=220  n=259999
    WAKE_UNPARK      94/40000  min=40  n=520012
    PICK_NEXT        65/21780  min=20  n=520064
    SWITCH_TO        17434/331315320  min=6120  n=520013
    SWITCH_BOOK      99/132980  min=40  n=520039
    MPU_APPLY        22/17320  min=1  n=520039
    MPU_COMMIT       0/0  min=0  n=0
    REENT_SEAT       0/0  min=0  n=0
    KTIME_REARM      91/17640  min=40  n=520039
    ARCH_SWITCH      16787/331314100  min=5720  n=520013
  ns-probe: cyc=4294967295 ns=2148500379 capped=0
  sat-probe: width=64 fits+1/0 wide+0/1 max=1000

  throughput: 533765 ctx-sw/s  (1873 ns/sw avg over 40000 switches / 74 ms)
  switch-probe: fastpath-swaps=0  (swapped inside the trap, so not in the switch row)
  switch:    60/80/25820 cyc  30/40/12916 ns  (p50/p99/max, n=40002)
  lock-hold: 1024/1664/27900 cyc  512/832/13956 ns  (p50/p99/max, n=80249)
  lock-site: core=0 site=0x402688 max=27900
  irq-probe: line=6 raise=inject on=0 raised=100 hcore=none foreign=0 win=0
  irq:       0/0/0 cyc  0/0/0 ns  (p50/max/max, n=0)
  wcase-probe: line=6 raise=inject on=0 raised=100 hcore=none foreign=0 win=0
  wcase-irq[0B]:    0/0/0 cyc  0/0/0 ns  (p50/max/max, n=0)
  wcase-probe: line=6 raise=inject on=0 raised=100 hcore=none foreign=0 win=0
  wcase-irq[64B]:   0/0/0 cyc  0/0/0 ns  (p50/max/max, n=0)
  wcase-probe: line=6 raise=inject on=0 raised=100 hcore=none foreign=0 win=0
  wcase-irq[256B]:  0/0/0 cyc  0/0/0 ns  (p50/max/max, n=0)
  wcase-probe: line=6 raise=inject on=0 raised=100 hcore=none foreign=0 win=0
  wcase-irq[1024B]: 0/0/0 cyc  0/0/0 ns  (p50/max/max, n=0)
  e2e-settle: settled=2/2
  e2e-probe: line=7 closed=1000 dropped=0 tare=280/555 ns  (min/avg, n=64)
  e2e-passes: asked=1000 raised=1000
  e2e-local: 3072/4608/582846 ns  (p50/p99/max, n=1000)
  throughput: 523705 ctx-sw/s  (1909 ns/sw avg over 40000 switches / 76 ms)
  switch-probe: fastpath-swaps=0  (swapped inside the trap, so not in the switch row)
  switch:    60/80/12380 cyc  30/40/6192 ns  (p50/p99/max, n=40002)
  lock-hold: 1536/2304/1023500 cyc  768/1152/511992 ns  (p50/p99/max, n=80251)
  lock-site: core=0 site=0x402688 max=1023500
  irq-probe: line=6 raise=inject on=0 raised=100 hcore=none foreign=0 win=0
  irq:       0/0/0 cyc  0/0/0 ns  (p50/max/max, n=0)
  wcase-probe: line=6 raise=inject on=0 raised=100 hcore=none foreign=0 win=0
  wcase-irq[0B]:    0/0/0 cyc  0/0/0 ns  (p50/max/max, n=0)
  wcase-probe: line=6 raise=inject on=0 raised=100 hcore=none foreign=0 win=0
  wcase-irq[64B]:   0/0/0 cyc  0/0/0 ns  (p50/max/max, n=0)
  wcase-probe: line=6 raise=inject on=0 raised=100 hcore=none foreign=0 win=0
  wcase-irq[256B]:  0/0/0 cyc  0/0/0 ns  (p50/max/max, n=0)
  wcase-probe: line=6 raise=inject on=0 raised=100 hcore=none foreign=0 win=0
  wcase-irq[1024B]: 0/0/0 cyc  0/0/0 ns  (p50/max/max, n=0)
  e2e-settle: settled=2/2
  e2e-probe: line=7 closed=1000 dropped=0 tare=280/555 ns  (min/avg, n=64)
  e2e-passes: asked=1000 raised=1000
  e2e-local: 3328/4096/177173 ns  (p50/p99/max, n=1000)
  throughput: 531832 ctx-sw/s  (1880 ns/sw avg over 40000 switches / 75 ms)
  switch-probe: fastpath-swaps=0  (swapped inside the trap, so not in the switch row)
  switch:    60/80/480 cyc  30/40/240 ns  (p50/p99/max, n=40002)
  lock-hold: 1024/1664/19540 cyc  512/832/9774 ns  (p50/p99/max, n=80248)
  lock-site: core=0 site=0x402688 max=19540
  irq-probe: line=6 raise=inject on=0 raised=100 hcore=none foreign=0 win=0
  irq:       0/0/0 cyc  0/0/0 ns  (p50/max/max, n=0)
  wcase-probe: line=6 raise=inject on=0 raised=100 hcore=none foreign=0 win=0
  wcase-irq[0B]:    0/0/0 cyc  0/0/0 ns  (p50/max/max, n=0)
  wcase-probe: line=6 raise=inject on=0 raised=100 hcore=none foreign=0 win=0
  wcase-irq[64B]:   0/0/0 cyc  0/0/0 ns  (p50/max/max, n=0)
  wcase-probe: line=6 raise=inject on=0 raised=100 hcore=none foreign=0 win=0
  wcase-irq[256B]:  0/0/0 cyc  0/0/0 ns  (p50/max/max, n=0)
  wcase-probe: line=6 raise=inject on=0 raised=100 hcore=none foreign=0 win=0
  wcase-irq[1024B]: 0/0/0 cyc  0/0/0 ns  (p50/max/max, n=0)
  e2e-settle: settled=2/2
  e2e-probe: line=7 closed=1000 dropped=0 tare=280/555 ns  (min/avg, n=64)
  e2e-passes: asked=1000 raised=1000
  e2e-local: 3328/3328/51364 ns  (p50/p99/max, n=1000)
  xtask ping-pong: 1887 ns/switch  (40000 switches / 75 ms)
  xtask call/reply: 16 B  5330 ns/round-trip  (187612 round-trips/s over 20000 calls / 106 ms)
  spawn/exit: thread 21587 ns  (200 reps / 4 ms)
  spawn/exit: task 23405 ns  (200 reps / 4 ms)
bench: done

KICKOS-EXIT status 0
POLL_OK=1 POLL_MS=4400
