[2J[001;001H[=3h[2J[001;001H[2J[001;001H[8;042;160t[2J[001;001H[2J[001;001H[8;056;240t[2J[001;001HBdsDxe: loading Boot0002 "UEFI QEMU HARDDISK QM00001 " from PciRoot(0x0)/Pci(0x1F,0x2)/Sata(0x0,0xFFFF,0x0)
BdsDxe: starting Boot0002 "UEFI QEMU HARDDISK QM00001 " from PciRoot(0x0)/Pci(0x1F,0x2)/Sata(0x0,0xFFFF,0x0)

KICKOS-X1 8c41d7a2 x86_64/q35 uefi-handover entry
KICKOS-X1 8c41d7a2 x86_64/q35 uefi-handover handover if=1 paging=1 longmode=1 root=1 wp=1 nx=1 nxcap=1
KICKOS-X1 8c41d7a2 x86_64/q35 uefi-handover if_after_cli=0
KICKOS-X1 8c41d7a2 x86_64/q35 uefi-handover firmware=Debian distribution of EDK II
KICKOS-X1 8c41d7a2 x86_64/q35 uefi-handover revision=0x0000000000020046
KICKOS-X1 8c41d7a2 x86_64/q35 uefi-handover map descriptors=109 stride=48 version=1 conventional_pages=117748 arena=0x0000000001800000 arena_pages=107372
KICKOS-X1 8c41d7a2 x86_64/q35 uefi-handover fp found em=0 ts=0 mp=1 osfxsr=1 osxmmexcpt=1 osxsave=0
KICKOS-X1 8c41d7a2 x86_64/q35 uefi-handover fp trapped em=1 ts=1 mp=1 osfxsr=0 osxmmexcpt=0 osxsave=0
KICKOS-X1 8c41d7a2 x86_64/q35 uefi-handover boot services left
KICKOS-X1 8c41d7a2 x86_64/q35 uefi-handover if_after_exit=0

  ==============================================
   KickOS 0.5.1  -  microkernel RTOS
  ==============================================
   board   qemu-x86_64
   arch    x86_64
   cpu     x86-64
   mpu     off
   sched   tickless
   build   2026-09-29 07:46:23 +0200
   app     Sep 29 2026 07:46:24 +0200
   commit  ccc510f3
   heap    none
   kstack  4096 B x 33 = 135168 B

microbenchmark: context-switch throughput (all arches) + per-switch cost
+ IRQ-entry latency where a cycle counter exists. Reporter woken by the
workload, not a timer. Telemetry OFF for clean numbers.
cycle counter: 1999205673 Hz (0 = no rate converts a reading; cycles only)

  lock-probe: hold+1 core=0 depth=0  (three nested, one outermost)
  call/reply: 8 B  5460 ns/round-trip  (183140 round-trips/s over 20000 calls / 109 ms)
  call/reply: 16 B  5352 ns/round-trip  (186817 round-trips/s over 20000 calls / 107 ms)
  call/reply: 32 B  5366 ns/round-trip  (186328 round-trips/s over 20000 calls / 107 ms)
  call/reply: 64 B  5368 ns/round-trip  (186283 round-trips/s over 20000 calls / 107 ms)
  call/reply: 128 B  5404 ns/round-trip  (185033 round-trips/s over 20000 calls / 108 ms)
  call/reply: 256 B  5454 ns/round-trip  (183324 round-trips/s over 20000 calls / 109 ms)
  call/reply: 8 B  5376 ns/round-trip  (185997 round-trips/s over 20000 calls / 107 ms) [generic path]
  call/reply: 16 B  5444 ns/round-trip  (183669 round-trips/s over 20000 calls / 108 ms) [generic path]
  call/reply: 32 B  5472 ns/round-trip  (182745 round-trips/s over 20000 calls / 109 ms) [generic path]
  call/reply: 64 B  5525 ns/round-trip  (180987 round-trips/s over 20000 calls / 110 ms) [generic path]
  call/reply: 128 B  5461 ns/round-trip  (183112 round-trips/s over 20000 calls / 109 ms) [generic path]
  call/reply: 256 B  5497 ns/round-trip  (181909 round-trips/s over 20000 calls / 109 ms) [generic path]
  call/reply: 32 B  5625 ns/round-trip  (177759 round-trips/s over 20000 calls / 112 ms) [caller outranks server, D1 donates]
  phase table (44 rows; cyc avg/max, min last and a floor; leaf -= NULL, composite -= NULL + k*(NEST-NULL)):
    NULL             15/4420  min=1  n=260000
    NEST             122/25340  min=100  n=260000
    NEST_LOCK        48/40680  min=40  n=260000
    CALL_TOTAL       9837/1645680  min=9340  n=259999
    CALL_VALIDATE    125/14820  min=100  n=260000
    CALL_LOCKED      9458/1612780  min=8979  n=259999
    CALL_RESOLVE     176/15880  min=160  n=260000
    CALL_PEEK        86/21780  min=80  n=260000
    CALL_PROBE       107/29500  min=80  n=259999
    CALL_POP         74/38940  min=60  n=259999
    CALL_COPY        173/42560  min=120  n=259999
    CALL_MINT        654/182120  min=620  n=259999
    CALL_MINT_CAP    293/97600  min=260  n=259999
    CALL_MINT_INFO   137/43720  min=120  n=259999
    CALL_DONATE      98/21500  min=80  n=19999
    CALL_PARK        280/65960  min=220  n=259999
    CALL_WAKE        6820/1610120  min=6440  n=259999
    CALL_RESUME      84/14140  min=60  n=260000
    CALL_SLOW_TOTAL  391140/391140  min=391140  n=1
    CALL_SLOW_LOCKED 375220/375220  min=375220  n=1
    CALL_SLOW_DONATE 0/0  min=0  n=0
    CALL_SLOW_PARK   277700/277700  min=277700  n=1
    RECV_LOCKED      7632/1269060  min=7220  n=259999
    RECV_RESOLVE     264/93540  min=220  n=260000
    RECV_SCAN        110/39680  min=80  n=259999
    RECV_PARK        6970/1089940  min=6580  n=259999
    REPLY_TOTAL      54176/432700  min=3300  n=13
    REPLY_VALIDATE   6473/28220  min=700  n=13
    REPLY_LOCKED     1084/405040  min=1000  n=260000
    REPLY_LOOKUP     311/203940  min=280  n=260000
    REPLY_COPY       127/24360  min=80  n=260000
    REPLY_FUNNEL     81/67040  min=60  n=260000
    REPLY_WAKE       185/35360  min=160  n=260000
    REPLY_RECV_TOTAL 9679/1660940  min=9180  n=260000
    REPLY_RECV_TAIL  253/100380  min=220  n=259999
    WAKE_UNPARK      63/27060  min=40  n=520012
    PICK_NEXT        45/14720  min=20  n=520064
    SWITCH_TO        11922/225250820  min=6060  n=520013
    SWITCH_BOOK      67/126920  min=40  n=520039
    MPU_APPLY        15/4760  min=1  n=520039
    MPU_COMMIT       0/0  min=0  n=0
    REENT_SEAT       0/0  min=0  n=0
    KTIME_REARM      68/9200  min=40  n=520039
    ARCH_SWITCH      11478/225250200  min=5660  n=520013
  ns-probe: cyc=4294967295 ns=2148336888 capped=0
  sat-probe: width=64 fits+1/0 wide+0/1 max=1000

  throughput: 545867 ctx-sw/s  (1831 ns/sw avg over 40000 switches / 73 ms)
  switch-probe: fastpath-swaps=0  (swapped inside the trap, so not in the switch row)
  switch:    60/80/220 cyc  30/40/110 ns  (p50/p99/max, n=40002)
  lock-hold: 960/1536/28820 cyc  480/768/14415 ns  (p50/p99/max, n=80245)
  lock-site: core=0 site=0x40b51d max=28820
  irq-probe: line=6 raise=inject on=0 raised=100 hcore=none foreign=0 win=0
  irq:       0/0/0 cyc  0/0/0 ns  (p50/max/max, n=0)
  wcase-probe: line=6 raise=inject on=0 raised=100 hcore=none foreign=0 win=0
  wcase-irq[0B]:    0/0/0 cyc  0/0/0 ns  (p50/max/max, n=0)
  wcase-probe: line=6 raise=inject on=0 raised=100 hcore=none foreign=0 win=0
  wcase-irq[64B]:   0/0/0 cyc  0/0/0 ns  (p50/max/max, n=0)
  wcase-probe: line=6 raise=inject on=0 raised=100 hcore=none foreign=0 win=0
  wcase-irq[256B]:  0/0/0 cyc  0/0/0 ns  (p50/max/max, n=0)
  wcase-probe: line=6 raise=inject on=0 raised=100 hcore=none foreign=0 win=0
  wcase-irq[1024B]: 0/0/0 cyc  0/0/0 ns  (p50/max/max, n=0)
  e2e-settle: settled=2/2
  e2e-probe: line=7 closed=1000 dropped=0 tare=310/590 ns  (min/avg, n=64)
  e2e-passes: asked=1000 raised=1000
  e2e-local: 3328/3328/570127 ns  (p50/p99/max, n=1000)
  throughput: 539099 ctx-sw/s  (1854 ns/sw avg over 40000 switches / 74 ms)
  switch-probe: fastpath-swaps=0  (swapped inside the trap, so not in the switch row)
  switch:    60/80/220 cyc  30/40/110 ns  (p50/p99/max, n=40002)
  lock-hold: 960/1664/18640 cyc  480/832/9323 ns  (p50/p99/max, n=80248)
  lock-site: core=0 site=0x40b51d max=18640
  irq-probe: line=6 raise=inject on=0 raised=100 hcore=none foreign=0 win=0
  irq:       0/0/0 cyc  0/0/0 ns  (p50/max/max, n=0)
  wcase-probe: line=6 raise=inject on=0 raised=100 hcore=none foreign=0 win=0
  wcase-irq[0B]:    0/0/0 cyc  0/0/0 ns  (p50/max/max, n=0)
  wcase-probe: line=6 raise=inject on=0 raised=100 hcore=none foreign=0 win=0
  wcase-irq[64B]:   0/0/0 cyc  0/0/0 ns  (p50/max/max, n=0)
  wcase-probe: line=6 raise=inject on=0 raised=100 hcore=none foreign=0 win=0
  wcase-irq[256B]:  0/0/0 cyc  0/0/0 ns  (p50/max/max, n=0)
  wcase-probe: line=6 raise=inject on=0 raised=100 hcore=none foreign=0 win=0
  wcase-irq[1024B]: 0/0/0 cyc  0/0/0 ns  (p50/max/max, n=0)
  e2e-settle: settled=2/2
  e2e-probe: line=7 closed=1000 dropped=0 tare=310/590 ns  (min/avg, n=64)
  e2e-passes: asked=1000 raised=1000
  e2e-local: 3328/3328/48309 ns  (p50/p99/max, n=1000)
  throughput: 540070 ctx-sw/s  (1851 ns/sw avg over 40000 switches / 74 ms)
  switch-probe: fastpath-swaps=0  (swapped inside the trap, so not in the switch row)
  switch:    60/80/140 cyc  30/40/70 ns  (p50/p99/max, n=40002)
  lock-hold: 640/1664/13280 cyc  320/832/6642 ns  (p50/p99/max, n=80247)
  lock-site: core=0 site=0x402688 max=13280
  irq-probe: line=6 raise=inject on=0 raised=100 hcore=none foreign=0 win=0
  irq:       0/0/0 cyc  0/0/0 ns  (p50/max/max, n=0)
  wcase-probe: line=6 raise=inject on=0 raised=100 hcore=none foreign=0 win=0
  wcase-irq[0B]:    0/0/0 cyc  0/0/0 ns  (p50/max/max, n=0)
  wcase-probe: line=6 raise=inject on=0 raised=100 hcore=none foreign=0 win=0
  wcase-irq[64B]:   0/0/0 cyc  0/0/0 ns  (p50/max/max, n=0)
  wcase-probe: line=6 raise=inject on=0 raised=100 hcore=none foreign=0 win=0
  wcase-irq[256B]:  0/0/0 cyc  0/0/0 ns  (p50/max/max, n=0)
  wcase-probe: line=6 raise=inject on=0 raised=100 hcore=none foreign=0 win=0
  wcase-irq[1024B]: 0/0/0 cyc  0/0/0 ns  (p50/max/max, n=0)
  e2e-settle: settled=2/2
  e2e-probe: line=7 closed=1000 dropped=0 tare=310/590 ns  (min/avg, n=64)
  e2e-passes: asked=1000 raised=1000
  e2e-local: 3328/3328/32013 ns  (p50/p99/max, n=1000)
  xtask ping-pong: 1834 ns/switch  (40000 switches / 73 ms)
  xtask call/reply: 16 B  5393 ns/round-trip  (185411 round-trips/s over 20000 calls / 107 ms)
  spawn/exit: thread 21434 ns  (200 reps / 4 ms)
  spawn/exit: task 23254 ns  (200 reps / 4 ms)
bench: done

KICKOS-EXIT status 0
POLL_OK=1 POLL_MS=3400
