[2J[001;001H[=3h[2J[001;001H[2J[001;001H[8;042;160t[2J[001;001H[2J[001;001H[8;056;240t[2J[001;001HBdsDxe: loading Boot0002 "UEFI QEMU HARDDISK QM00001 " from PciRoot(0x0)/Pci(0x1F,0x2)/Sata(0x0,0xFFFF,0x0)
BdsDxe: starting Boot0002 "UEFI QEMU HARDDISK QM00001 " from PciRoot(0x0)/Pci(0x1F,0x2)/Sata(0x0,0xFFFF,0x0)

KICKOS-X1 8c41d7a2 x86_64/q35 uefi-handover entry
KICKOS-X1 8c41d7a2 x86_64/q35 uefi-handover handover if=1 paging=1 longmode=1 root=1 wp=1 nx=1 nxcap=1
KICKOS-X1 8c41d7a2 x86_64/q35 uefi-handover if_after_cli=0
KICKOS-X1 8c41d7a2 x86_64/q35 uefi-handover firmware=Debian distribution of EDK II
KICKOS-X1 8c41d7a2 x86_64/q35 uefi-handover revision=0x0000000000020046
KICKOS-X1 8c41d7a2 x86_64/q35 uefi-handover map descriptors=109 stride=48 version=1 conventional_pages=117748 arena=0x0000000001800000 arena_pages=107372
KICKOS-X1 8c41d7a2 x86_64/q35 uefi-handover fp found em=0 ts=0 mp=1 osfxsr=1 osxmmexcpt=1 osxsave=0
KICKOS-X1 8c41d7a2 x86_64/q35 uefi-handover fp trapped em=1 ts=1 mp=1 osfxsr=0 osxmmexcpt=0 osxsave=0
KICKOS-X1 8c41d7a2 x86_64/q35 uefi-handover boot services left
KICKOS-X1 8c41d7a2 x86_64/q35 uefi-handover if_after_exit=0

  ==============================================
   KickOS 0.5.1  -  microkernel RTOS
  ==============================================
   board   qemu-x86_64
   arch    x86_64
   cpu     x86-64
   mpu     off
   sched   tickless
   build   2026-09-29 07:46:23 +0200
   app     Sep 29 2026 07:46:24 +0200
   commit  ccc510f3
   heap    none
   kstack  4096 B x 33 = 135168 B

microbenchmark: context-switch throughput (all arches) + per-switch cost
+ IRQ-entry latency where a cycle counter exists. Reporter woken by the
workload, not a timer. Telemetry OFF for clean numbers.
cycle counter: 1999278458 Hz (0 = no rate converts a reading; cycles only)

  lock-probe: hold+1 core=0 depth=0  (three nested, one outermost)
  call/reply: 8 B  5400 ns/round-trip  (185165 round-trips/s over 20000 calls / 108 ms)
  call/reply: 16 B  5348 ns/round-trip  (186971 round-trips/s over 20000 calls / 106 ms)
  call/reply: 32 B  5355 ns/round-trip  (186733 round-trips/s over 20000 calls / 107 ms)
  call/reply: 64 B  5364 ns/round-trip  (186409 round-trips/s over 20000 calls / 107 ms)
  call/reply: 128 B  5388 ns/round-trip  (185571 round-trips/s over 20000 calls / 107 ms)
  call/reply: 256 B  5449 ns/round-trip  (183497 round-trips/s over 20000 calls / 108 ms)
  call/reply: 8 B  5327 ns/round-trip  (187713 round-trips/s over 20000 calls / 106 ms) [generic path]
  call/reply: 16 B  5276 ns/round-trip  (189534 round-trips/s over 20000 calls / 105 ms) [generic path]
  call/reply: 32 B  5283 ns/round-trip  (189269 round-trips/s over 20000 calls / 105 ms) [generic path]
  call/reply: 64 B  5324 ns/round-trip  (187820 round-trips/s over 20000 calls / 106 ms) [generic path]
  call/reply: 128 B  5394 ns/round-trip  (185382 round-trips/s over 20000 calls / 107 ms) [generic path]
  call/reply: 256 B  5400 ns/round-trip  (185170 round-trips/s over 20000 calls / 108 ms) [generic path]
  call/reply: 32 B  5563 ns/round-trip  (179750 round-trips/s over 20000 calls / 111 ms) [caller outranks server, D1 donates]
  phase table (44 rows; cyc avg/max, min last and a floor; leaf -= NULL, composite -= NULL + k*(NEST-NULL)):
    NULL             15/4780  min=1  n=260000
    NEST             121/25420  min=100  n=260000
    NEST_LOCK        46/40140  min=40  n=260000
    CALL_TOTAL       9699/1918700  min=9220  n=259999
    CALL_VALIDATE    124/53060  min=100  n=260000
    CALL_LOCKED      9333/1917960  min=8860  n=259999
    CALL_RESOLVE     176/16300  min=160  n=260000
    CALL_PEEK        88/21240  min=80  n=260000
    CALL_PROBE       91/27960  min=60  n=259999
    CALL_POP         72/37720  min=60  n=259999
    CALL_COPY        174/45500  min=120  n=259999
    CALL_MINT        651/191840  min=620  n=259999
    CALL_MINT_CAP    293/96560  min=260  n=259999
    CALL_MINT_INFO   138/49760  min=120  n=259999
    CALL_DONATE      101/30140  min=80  n=19999
    CALL_PARK        235/62980  min=220  n=259999
    CALL_WAKE        6759/1915320  min=6440  n=259999
    CALL_RESUME      90/13500  min=60  n=260000
    CALL_SLOW_TOTAL  399120/399120  min=399120  n=1
    CALL_SLOW_LOCKED 383360/383360  min=383360  n=1
    CALL_SLOW_DONATE 0/0  min=0  n=0
    CALL_SLOW_PARK   283620/283620  min=283620  n=1
    RECV_LOCKED      7479/1273500  min=7100  n=259999
    RECV_RESOLVE     258/91100  min=220  n=260000
    RECV_SCAN        115/38140  min=80  n=259999
    RECV_PARK        6830/1099080  min=6460  n=259999
    REPLY_TOTAL      71916/599420  min=4880  n=13
    REPLY_VALIDATE   7316/33740  min=2020  n=13
    REPLY_LOCKED     1086/397960  min=1000  n=260000
    REPLY_LOOKUP     313/202120  min=280  n=260000
    REPLY_COPY       137/24320  min=80  n=260000
    REPLY_FUNNEL     80/64220  min=60  n=260000
    REPLY_WAKE       179/38320  min=160  n=260000
    REPLY_RECV_TOTAL 9530/1647480  min=9040  n=260000
    REPLY_RECV_TAIL  265/100940  min=240  n=259999
    WAKE_UNPARK      63/27320  min=40  n=520012
    PICK_NEXT        45/14620  min=20  n=520064
    SWITCH_TO        11759/222875260  min=6020  n=520013
    SWITCH_BOOK      67/178320  min=40  n=520039
    MPU_APPLY        15/7680  min=1  n=520039
    MPU_COMMIT       0/0  min=0  n=0
    REENT_SEAT       0/0  min=0  n=0
    KTIME_REARM      63/17020  min=40  n=520039
    ARCH_SWITCH      11320/222874660  min=5560  n=520013
  ns-probe: cyc=4294967295 ns=2148258676 capped=0
  sat-probe: width=64 fits+1/0 wide+0/1 max=1000

  throughput: 542829 ctx-sw/s  (1842 ns/sw avg over 40000 switches / 73 ms)
  switch-probe: fastpath-swaps=0  (swapped inside the trap, so not in the switch row)
  switch:    60/80/440 cyc  30/40/220 ns  (p50/p99/max, n=40002)
  lock-hold: 640/1664/45460 cyc  320/832/22738 ns  (p50/p99/max, n=80245)
  lock-site: core=0 site=0x402688 max=45460
  irq-probe: line=6 raise=inject on=0 raised=100 hcore=none foreign=0 win=0
  irq:       0/0/0 cyc  0/0/0 ns  (p50/max/max, n=0)
  wcase-probe: line=6 raise=inject on=0 raised=100 hcore=none foreign=0 win=0
  wcase-irq[0B]:    0/0/0 cyc  0/0/0 ns  (p50/max/max, n=0)
  wcase-probe: line=6 raise=inject on=0 raised=100 hcore=none foreign=0 win=0
  wcase-irq[64B]:   0/0/0 cyc  0/0/0 ns  (p50/max/max, n=0)
  wcase-probe: line=6 raise=inject on=0 raised=100 hcore=none foreign=0 win=0
  wcase-irq[256B]:  0/0/0 cyc  0/0/0 ns  (p50/max/max, n=0)
  wcase-probe: line=6 raise=inject on=0 raised=100 hcore=none foreign=0 win=0
  wcase-irq[1024B]: 0/0/0 cyc  0/0/0 ns  (p50/max/max, n=0)
  e2e-settle: settled=2/2
  e2e-probe: line=7 closed=1000 dropped=0 tare=300/603 ns  (min/avg, n=64)
  e2e-passes: asked=1000 raised=1000
  e2e-local: 3328/3584/567225 ns  (p50/p99/max, n=1000)
  throughput: 547772 ctx-sw/s  (1825 ns/sw avg over 40000 switches / 73 ms)
  switch-probe: fastpath-swaps=0  (swapped inside the trap, so not in the switch row)
  switch:    60/80/120 cyc  30/40/60 ns  (p50/p99/max, n=40002)
  lock-hold: 1024/1536/21620 cyc  512/768/10813 ns  (p50/p99/max, n=80247)
  lock-site: core=0 site=0x40b51d max=21620
  irq-probe: line=6 raise=inject on=0 raised=100 hcore=none foreign=0 win=0
  irq:       0/0/0 cyc  0/0/0 ns  (p50/max/max, n=0)
  wcase-probe: line=6 raise=inject on=0 raised=100 hcore=none foreign=0 win=0
  wcase-irq[0B]:    0/0/0 cyc  0/0/0 ns  (p50/max/max, n=0)
  wcase-probe: line=6 raise=inject on=0 raised=100 hcore=none foreign=0 win=0
  wcase-irq[64B]:   0/0/0 cyc  0/0/0 ns  (p50/max/max, n=0)
  wcase-probe: line=6 raise=inject on=0 raised=100 hcore=none foreign=0 win=0
  wcase-irq[256B]:  0/0/0 cyc  0/0/0 ns  (p50/max/max, n=0)
  wcase-probe: line=6 raise=inject on=0 raised=100 hcore=none foreign=0 win=0
  wcase-irq[1024B]: 0/0/0 cyc  0/0/0 ns  (p50/max/max, n=0)
  e2e-settle: settled=2/2
  e2e-probe: line=7 closed=1000 dropped=0 tare=300/603 ns  (min/avg, n=64)
  e2e-passes: asked=1000 raised=1000
  e2e-local: 3328/3328/53950 ns  (p50/p99/max, n=1000)
  throughput: 549494 ctx-sw/s  (1819 ns/sw avg over 40000 switches / 72 ms)
  switch-probe: fastpath-swaps=0  (swapped inside the trap, so not in the switch row)
  switch:    60/80/400 cyc  30/40/200 ns  (p50/p99/max, n=40002)
  lock-hold: 896/1536/29080 cyc  448/768/14545 ns  (p50/p99/max, n=80248)
  lock-site: core=0 site=0x402688 max=29080
  irq-probe: line=6 raise=inject on=0 raised=100 hcore=none foreign=0 win=0
  irq:       0/0/0 cyc  0/0/0 ns  (p50/max/max, n=0)
  wcase-probe: line=6 raise=inject on=0 raised=100 hcore=none foreign=0 win=0
  wcase-irq[0B]:    0/0/0 cyc  0/0/0 ns  (p50/max/max, n=0)
  wcase-probe: line=6 raise=inject on=0 raised=100 hcore=none foreign=0 win=0
  wcase-irq[64B]:   0/0/0 cyc  0/0/0 ns  (p50/max/max, n=0)
  wcase-probe: line=6 raise=inject on=0 raised=100 hcore=none foreign=0 win=0
  wcase-irq[256B]:  0/0/0 cyc  0/0/0 ns  (p50/max/max, n=0)
  wcase-probe: line=6 raise=inject on=0 raised=100 hcore=none foreign=0 win=0
  wcase-irq[1024B]: 0/0/0 cyc  0/0/0 ns  (p50/max/max, n=0)
  e2e-settle: settled=2/2
  e2e-probe: line=7 closed=1000 dropped=0 tare=300/603 ns  (min/avg, n=64)
  e2e-passes: asked=1000 raised=1000
  e2e-local: 3328/4096/34833 ns  (p50/p99/max, n=1000)
  xtask ping-pong: 1865 ns/switch  (40000 switches / 74 ms)
  xtask call/reply: 16 B  5265 ns/round-trip  (189920 round-trips/s over 20000 calls / 105 ms)
  spawn/exit: thread 21430 ns  (200 reps / 4 ms)
  spawn/exit: task 23657 ns  (200 reps / 4 ms)
bench: done

KICKOS-EXIT status 0
POLL_OK=1 POLL_MS=3200
