[2J[001;001H[=3h[2J[001;001H[2J[001;001H[8;042;160t[2J[001;001H[2J[001;001H[8;056;240t[2J[001;001HBdsDxe: loading Boot0002 "UEFI QEMU HARDDISK QM00001 " from PciRoot(0x0)/Pci(0x1F,0x2)/Sata(0x0,0xFFFF,0x0)
BdsDxe: starting Boot0002 "UEFI QEMU HARDDISK QM00001 " from PciRoot(0x0)/Pci(0x1F,0x2)/Sata(0x0,0xFFFF,0x0)

KICKOS-X1 8c41d7a2 x86_64/q35 uefi-handover entry
KICKOS-X1 8c41d7a2 x86_64/q35 uefi-handover handover if=1 paging=1 longmode=1 root=1 wp=1 nx=1 nxcap=1
KICKOS-X1 8c41d7a2 x86_64/q35 uefi-handover if_after_cli=0
KICKOS-X1 8c41d7a2 x86_64/q35 uefi-handover firmware=Debian distribution of EDK II
KICKOS-X1 8c41d7a2 x86_64/q35 uefi-handover revision=0x0000000000020046
KICKOS-X1 8c41d7a2 x86_64/q35 uefi-handover map descriptors=109 stride=48 version=1 conventional_pages=117679 arena=0x0000000001800000 arena_pages=107372
KICKOS-X1 8c41d7a2 x86_64/q35 uefi-handover fp found em=0 ts=0 mp=1 osfxsr=1 osxmmexcpt=1 osxsave=0
KICKOS-X1 8c41d7a2 x86_64/q35 uefi-handover fp trapped em=1 ts=1 mp=1 osfxsr=0 osxmmexcpt=0 osxsave=0
KICKOS-X1 8c41d7a2 x86_64/q35 uefi-handover boot services left
KICKOS-X1 8c41d7a2 x86_64/q35 uefi-handover if_after_exit=0
x86_64 app relocation: base=0x0000000000400000 load_delta=0x0000000000000000 app_words=0

  ==============================================
   KickOS 0.5.1  -  microkernel RTOS
  ==============================================
   board   qemu-x86_64
   arch    x86_64
   cpu     x86-64
   mpu     off
   sched   tickless
   build   2026-09-29 07:40:25 +0200
   app     Sep 29 2026 00:56:20 +0200
   commit  15947db7-dirty
   heap    none
   kstack  4096 B x 33 = 135168 B

microbenchmark: context-switch throughput (all arches) + per-switch cost
+ IRQ-entry latency where a cycle counter exists. Reporter woken by the
workload, not a timer. Telemetry OFF for clean numbers.
cycle counter: 1999551696 Hz (0 = no rate converts a reading; cycles only)

  lock-probe: hold+1 core=0 depth=0  (three nested, one outermost)
  call/reply: 8 B  11055 ns/round-trip  (90450 round-trips/s over 20000 calls / 221 ms)
  call/reply: 16 B  11394 ns/round-trip  (87764 round-trips/s over 20000 calls / 227 ms)
  call/reply: 32 B  11542 ns/round-trip  (86639 round-trips/s over 20000 calls / 230 ms)
  call/reply: 64 B  11594 ns/round-trip  (86247 round-trips/s over 20000 calls / 231 ms)
  call/reply: 128 B  11647 ns/round-trip  (85858 round-trips/s over 20000 calls / 232 ms)
  call/reply: 256 B  11711 ns/round-trip  (85389 round-trips/s over 20000 calls / 234 ms)
  call/reply: 8 B  11410 ns/round-trip  (87635 round-trips/s over 20000 calls / 228 ms) [generic path]
  call/reply: 16 B  11440 ns/round-trip  (87408 round-trips/s over 20000 calls / 228 ms) [generic path]
  call/reply: 32 B  11449 ns/round-trip  (87338 round-trips/s over 20000 calls / 228 ms) [generic path]
  call/reply: 64 B  11499 ns/round-trip  (86961 round-trips/s over 20000 calls / 229 ms) [generic path]
  call/reply: 128 B  11515 ns/round-trip  (86842 round-trips/s over 20000 calls / 230 ms) [generic path]
  call/reply: 256 B  11612 ns/round-trip  (86112 round-trips/s over 20000 calls / 232 ms) [generic path]
  call/reply: 32 B  11891 ns/round-trip  (84092 round-trips/s over 20000 calls / 237 ms) [caller outranks server, D1 donates]
  phase table (44 rows; cyc avg/max, min last and a floor; leaf -= NULL, composite -= NULL + k*(NEST-NULL)):
    NULL             22/6900  min=1  n=260000
    NEST             125/38420  min=60  n=260000
    NEST_LOCK        70/60940  min=40  n=260000
    CALL_TOTAL       21438/2498300  min=13680  n=259999
    CALL_VALIDATE    242/21460  min=140  n=260000
    CALL_LOCKED      20690/2350540  min=13160  n=259999
    CALL_RESOLVE     320/23540  min=180  n=260000
    CALL_PEEK        73/32400  min=40  n=260000
    CALL_PROBE       119/42440  min=60  n=259999
    CALL_POP         179/56980  min=100  n=259999
    CALL_COPY        2108/143940  min=1280  n=259999
    CALL_MINT        1977/289620  min=1280  n=259999
    CALL_MINT_CAP    550/148260  min=360  n=259999
    CALL_MINT_INFO   1218/79220  min=760  n=259999
    CALL_DONATE      169/29440  min=140  n=19999
    CALL_PARK        349/95140  min=200  n=259999
    CALL_WAKE        14126/2334060  min=8980  n=259999
    CALL_RESUME      219/20800  min=120  n=260000
    CALL_SLOW_TOTAL  586000/586000  min=586000  n=1
    CALL_SLOW_LOCKED 560980/560980  min=560980  n=1
    CALL_SLOW_DONATE 0/0  min=0  n=0
    CALL_SLOW_PARK   436080/436080  min=436080  n=1
    RECV_LOCKED      14528/1905340  min=9340  n=259999
    RECV_RESOLVE     358/135640  min=220  n=260000
    RECV_SCAN        210/61900  min=120  n=259999
    RECV_PARK        13602/1639940  min=8720  n=259999
    REPLY_TOTAL      72533/553660  min=12320  n=13
    REPLY_VALIDATE   6686/35420  min=920  n=13
    REPLY_LOCKED     3648/615340  min=2200  n=260000
    REPLY_LOOKUP     487/306260  min=280  n=260000
    REPLY_COPY       2112/60620  min=1260  n=260000
    REPLY_FUNNEL     297/98640  min=160  n=260000
    REPLY_WAKE       323/45640  min=200  n=260000
    REPLY_RECV_TOTAL 20892/2478240  min=13340  n=260000
    REPLY_RECV_TAIL  639/151980  min=380  n=259999
    WAKE_UNPARK      95/40360  min=40  n=520012
    PICK_NEXT        65/25340  min=20  n=520064
    SWITCH_TO        24736/476126600  min=8260  n=520013
    SWITCH_BOOK      98/49360  min=40  n=520039
    MPU_APPLY        161/22660  min=80  n=520039
    MPU_COMMIT       0/0  min=0  n=0
    REENT_SEAT       0/0  min=0  n=0
    KTIME_REARM      89/17400  min=40  n=520039
    ARCH_SWITCH      23947/476123560  min=7760  n=520013
  ns-probe: cyc=4294967295 ns=2147965118 capped=0
  sat-probe: width=64 fits+1/0 wide+0/1 max=1000

  throughput: 345006 ctx-sw/s  (2898 ns/sw avg over 40000 switches / 115 ms)
  switch-probe: fastpath-swaps=0  (swapped inside the trap, so not in the switch row)
  switch:    96/96/30960 cyc  48/48/15483 ns  (p50/p99/max, n=40002)
  lock-hold: 1024/2816/53520 cyc  512/1408/26765 ns  (p50/p99/max, n=80250)
  lock-site: core=0 site=0x409dac max=53520
  irq-probe: line=6 raise=inject on=0 raised=100 hcore=none foreign=0 win=0
  irq:       0/0/0 cyc  0/0/0 ns  (p50/max/max, n=0)
  wcase-probe: line=6 raise=inject on=0 raised=100 hcore=none foreign=0 win=0
  wcase-irq[0B]:    0/0/0 cyc  0/0/0 ns  (p50/max/max, n=0)
  wcase-probe: line=6 raise=inject on=0 raised=100 hcore=none foreign=0 win=0
  wcase-irq[64B]:   0/0/0 cyc  0/0/0 ns  (p50/max/max, n=0)
  wcase-probe: line=6 raise=inject on=0 raised=100 hcore=none foreign=0 win=0
  wcase-irq[256B]:  0/0/0 cyc  0/0/0 ns  (p50/max/max, n=0)
  wcase-probe: line=6 raise=inject on=0 raised=100 hcore=none foreign=0 win=0
  wcase-irq[1024B]: 0/0/0 cyc  0/0/0 ns  (p50/max/max, n=0)
  e2e-settle: settled=2/2
  e2e-probe: line=7 closed=1000 dropped=0 tare=430/836 ns  (min/avg, n=64)
  e2e-passes: asked=1000 raised=1000
  e2e-local: 5632/6144/871865 ns  (p50/p99/max, n=1000)
  throughput: 350403 ctx-sw/s  (2853 ns/sw avg over 40000 switches / 114 ms)
  switch-probe: fastpath-swaps=0  (swapped inside the trap, so not in the switch row)
  switch:    96/96/120 cyc  48/48/60 ns  (p50/p99/max, n=40002)
  lock-hold: 1024/2560/32480 cyc  512/1280/16243 ns  (p50/p99/max, n=80248)
  lock-site: core=0 site=0x416918 max=32480
  irq-probe: line=6 raise=inject on=0 raised=100 hcore=none foreign=0 win=0
  irq:       0/0/0 cyc  0/0/0 ns  (p50/max/max, n=0)
  wcase-probe: line=6 raise=inject on=0 raised=100 hcore=none foreign=0 win=0
  wcase-irq[0B]:    0/0/0 cyc  0/0/0 ns  (p50/max/max, n=0)
  wcase-probe: line=6 raise=inject on=0 raised=100 hcore=none foreign=0 win=0
  wcase-irq[64B]:   0/0/0 cyc  0/0/0 ns  (p50/max/max, n=0)
  wcase-probe: line=6 raise=inject on=0 raised=100 hcore=none foreign=0 win=0
  wcase-irq[256B]:  0/0/0 cyc  0/0/0 ns  (p50/max/max, n=0)
  wcase-probe: line=6 raise=inject on=0 raised=100 hcore=none foreign=0 win=0
  wcase-irq[1024B]: 0/0/0 cyc  0/0/0 ns  (p50/max/max, n=0)
  e2e-settle: settled=2/2
  e2e-probe: line=7 closed=1000 dropped=0 tare=430/836 ns  (min/avg, n=64)
  e2e-passes: asked=1000 raised=1000
  e2e-local: 5632/6144/50502 ns  (p50/p99/max, n=1000)
  throughput: 349896 ctx-sw/s  (2857 ns/sw avg over 40000 switches / 114 ms)
  switch-probe: fastpath-swaps=0  (swapped inside the trap, so not in the switch row)
  switch:    96/96/160 cyc  48/48/80 ns  (p50/p99/max, n=40002)
  lock-hold: 1024/2560/21880 cyc  512/1280/10942 ns  (p50/p99/max, n=80248)
  lock-site: core=0 site=0x416918 max=21880
  irq-probe: line=6 raise=inject on=0 raised=100 hcore=none foreign=0 win=0
  irq:       0/0/0 cyc  0/0/0 ns  (p50/max/max, n=0)
  wcase-probe: line=6 raise=inject on=0 raised=100 hcore=none foreign=0 win=0
  wcase-irq[0B]:    0/0/0 cyc  0/0/0 ns  (p50/max/max, n=0)
  wcase-probe: line=6 raise=inject on=0 raised=100 hcore=none foreign=0 win=0
  wcase-irq[64B]:   0/0/0 cyc  0/0/0 ns  (p50/max/max, n=0)
  wcase-probe: line=6 raise=inject on=0 raised=100 hcore=none foreign=0 win=0
  wcase-irq[256B]:  0/0/0 cyc  0/0/0 ns  (p50/max/max, n=0)
  wcase-probe: line=6 raise=inject on=0 raised=100 hcore=none foreign=0 win=0
  wcase-irq[1024B]: 0/0/0 cyc  0/0/0 ns  (p50/max/max, n=0)
  e2e-settle: settled=2/2
  e2e-probe: line=7 closed=1000 dropped=0 tare=430/836 ns  (min/avg, n=64)
  e2e-passes: asked=1000 raised=1000
  e2e-local: 5632/6144/41739 ns  (p50/p99/max, n=1000)
  xtask ping-pong: 11033 ns/switch  (40000 switches / 441 ms)
  xtask call/reply: 16 B  35841 ns/round-trip  (27900 round-trips/s over 20000 calls / 716 ms)
  spawn/exit: thread 56133 ns  (200 reps / 11 ms)
  spawn/exit: task 125578 ns  (200 reps / 25 ms)
bench: done

KICKOS-EXIT status 0
POLL_OK=1 POLL_MS=6600
