[2J[001;001H[=3h[2J[001;001H[2J[001;001H[8;042;160t[2J[001;001H[2J[001;001H[8;056;240t[2J[001;001HBdsDxe: loading Boot0002 "UEFI QEMU HARDDISK QM00001 " from PciRoot(0x0)/Pci(0x1F,0x2)/Sata(0x0,0xFFFF,0x0)
BdsDxe: starting Boot0002 "UEFI QEMU HARDDISK QM00001 " from PciRoot(0x0)/Pci(0x1F,0x2)/Sata(0x0,0xFFFF,0x0)

KICKOS-X1 8c41d7a2 x86_64/q35 uefi-handover entry
KICKOS-X1 8c41d7a2 x86_64/q35 uefi-handover handover if=1 paging=1 longmode=1 root=1 wp=1 nx=1 nxcap=1
KICKOS-X1 8c41d7a2 x86_64/q35 uefi-handover if_after_cli=0
KICKOS-X1 8c41d7a2 x86_64/q35 uefi-handover firmware=Debian distribution of EDK II
KICKOS-X1 8c41d7a2 x86_64/q35 uefi-handover revision=0x0000000000020046
KICKOS-X1 8c41d7a2 x86_64/q35 uefi-handover map descriptors=109 stride=48 version=1 conventional_pages=117748 arena=0x0000000001800000 arena_pages=107372
KICKOS-X1 8c41d7a2 x86_64/q35 uefi-handover fp found em=0 ts=0 mp=1 osfxsr=1 osxmmexcpt=1 osxsave=0
KICKOS-X1 8c41d7a2 x86_64/q35 uefi-handover fp trapped em=1 ts=1 mp=1 osfxsr=0 osxmmexcpt=0 osxsave=0
KICKOS-X1 8c41d7a2 x86_64/q35 uefi-handover boot services left
KICKOS-X1 8c41d7a2 x86_64/q35 uefi-handover if_after_exit=0

  ==============================================
   KickOS 0.5.1  -  microkernel RTOS
  ==============================================
   board   qemu-x86_64
   arch    x86_64
   cpu     x86-64
   mpu     off
   sched   tickless
   build   2026-09-29 07:46:23 +0200
   app     Sep 29 2026 07:46:24 +0200
   commit  ccc510f3
   heap    none
   kstack  4096 B x 33 = 135168 B

microbenchmark: context-switch throughput (all arches) + per-switch cost
+ IRQ-entry latency where a cycle counter exists. Reporter woken by the
workload, not a timer. Telemetry OFF for clean numbers.
cycle counter: 1999128117 Hz (0 = no rate converts a reading; cycles only)

  lock-probe: hold+1 core=0 depth=0  (three nested, one outermost)
  call/reply: 8 B  8130 ns/round-trip  (122991 round-trips/s over 20000 calls / 162 ms)
  call/reply: 16 B  8012 ns/round-trip  (124803 round-trips/s over 20000 calls / 160 ms)
  call/reply: 32 B  7998 ns/round-trip  (125021 round-trips/s over 20000 calls / 159 ms)
  call/reply: 64 B  8030 ns/round-trip  (124526 round-trips/s over 20000 calls / 160 ms)
  call/reply: 128 B  8079 ns/round-trip  (123777 round-trips/s over 20000 calls / 161 ms)
  call/reply: 256 B  8159 ns/round-trip  (122557 round-trips/s over 20000 calls / 163 ms)
  call/reply: 8 B  7939 ns/round-trip  (125959 round-trips/s over 20000 calls / 158 ms) [generic path]
  call/reply: 16 B  7931 ns/round-trip  (126080 round-trips/s over 20000 calls / 158 ms) [generic path]
  call/reply: 32 B  7984 ns/round-trip  (125245 round-trips/s over 20000 calls / 159 ms) [generic path]
  call/reply: 64 B  7999 ns/round-trip  (125003 round-trips/s over 20000 calls / 159 ms) [generic path]
  call/reply: 128 B  8018 ns/round-trip  (124707 round-trips/s over 20000 calls / 160 ms) [generic path]
  call/reply: 256 B  8092 ns/round-trip  (123577 round-trips/s over 20000 calls / 161 ms) [generic path]
  call/reply: 32 B  8340 ns/round-trip  (119891 round-trips/s over 20000 calls / 166 ms) [caller outranks server, D1 donates]
  phase table (44 rows; cyc avg/max, min last and a floor; leaf -= NULL, composite -= NULL + k*(NEST-NULL)):
    NULL             23/6640  min=20  n=260000
    NEST             182/44600  min=160  n=260000
    NEST_LOCK        69/59180  min=60  n=260000
    CALL_TOTAL       14547/2396340  min=14000  n=259999
    CALL_VALIDATE    186/40320  min=160  n=260000
    CALL_LOCKED      13996/2251280  min=13460  n=259999
    CALL_RESOLVE     263/23200  min=240  n=260000
    CALL_PEEK        137/32180  min=120  n=260000
    CALL_PROBE       137/42400  min=100  n=259999
    CALL_POP         104/55820  min=80  n=259999
    CALL_COPY        262/62760  min=180  n=259999
    CALL_MINT        983/269180  min=940  n=259999
    CALL_MINT_CAP    441/144860  min=400  n=259999
    CALL_MINT_INFO   210/65280  min=180  n=259999
    CALL_DONATE      142/28160  min=120  n=19999
    CALL_PARK        349/92740  min=320  n=259999
    CALL_WAKE        10143/2121660  min=9760  n=259999
    CALL_RESUME      125/19740  min=60  n=260000
    CALL_SLOW_TOTAL  535180/535180  min=535180  n=1
    CALL_SLOW_LOCKED 512540/512540  min=512540  n=1
    CALL_SLOW_DONATE 0/0  min=0  n=0
    CALL_SLOW_PARK   390360/390360  min=390360  n=1
    RECV_LOCKED      11263/1846240  min=10880  n=259999
    RECV_RESOLVE     419/138680  min=340  n=260000
    RECV_SCAN        169/58240  min=140  n=259999
    RECV_PARK        10270/1582960  min=9920  n=259999
    REPLY_TOTAL      83055/785300  min=4220  n=13
    REPLY_VALIDATE   4852/29460  min=500  n=13
    REPLY_LOCKED     1639/591080  min=1500  n=260000
    REPLY_LOOKUP     474/296740  min=440  n=260000
    REPLY_COPY       208/35820  min=120  n=260000
    REPLY_FUNNEL     121/98420  min=80  n=260000
    REPLY_WAKE       270/47300  min=240  n=260000
    REPLY_RECV_TOTAL 14335/2401140  min=13820  n=260000
    REPLY_RECV_TAIL  385/147760  min=340  n=259999
    WAKE_UNPARK      96/40200  min=60  n=520012
    PICK_NEXT        69/21400  min=40  n=520064
    SWITCH_TO        17637/334067540  min=9220  n=520013
    SWITCH_BOOK      99/213920  min=80  n=520039
    MPU_APPLY        23/16580  min=20  n=520039
    MPU_COMMIT       0/0  min=0  n=0
    REENT_SEAT       0/0  min=0  n=0
    KTIME_REARM      93/18500  min=60  n=520039
    ARCH_SWITCH      16972/334065800  min=8500  n=520013
  ns-probe: cyc=4294967295 ns=2148420233 capped=0
  sat-probe: width=64 fits+1/0 wide+0/1 max=1000

  throughput: 363473 ctx-sw/s  (2751 ns/sw avg over 40000 switches / 110 ms)
  switch-probe: fastpath-swaps=0  (swapped inside the trap, so not in the switch row)
  switch:    80/96/13500 cyc  40/48/6752 ns  (p50/p99/max, n=40002)
  lock-hold: 1280/2304/65500 cyc  640/1152/32764 ns  (p50/p99/max, n=80249)
  lock-site: core=0 site=0x40b51d max=65500
  irq-probe: line=6 raise=inject on=0 raised=100 hcore=none foreign=0 win=0
  irq:       0/0/0 cyc  0/0/0 ns  (p50/max/max, n=0)
  wcase-probe: line=6 raise=inject on=0 raised=100 hcore=none foreign=0 win=0
  wcase-irq[0B]:    0/0/0 cyc  0/0/0 ns  (p50/max/max, n=0)
  wcase-probe: line=6 raise=inject on=0 raised=100 hcore=none foreign=0 win=0
  wcase-irq[64B]:   0/0/0 cyc  0/0/0 ns  (p50/max/max, n=0)
  wcase-probe: line=6 raise=inject on=0 raised=100 hcore=none foreign=0 win=0
  wcase-irq[256B]:  0/0/0 cyc  0/0/0 ns  (p50/max/max, n=0)
  wcase-probe: line=6 raise=inject on=0 raised=100 hcore=none foreign=0 win=0
  wcase-irq[1024B]: 0/0/0 cyc  0/0/0 ns  (p50/max/max, n=0)
  e2e-settle: settled=2/2
  e2e-probe: line=7 closed=1000 dropped=0 tare=450/855 ns  (min/avg, n=64)
  e2e-passes: asked=1000 raised=1000
  e2e-local: 4608/5120/840916 ns  (p50/p99/max, n=1000)
  throughput: 363285 ctx-sw/s  (2752 ns/sw avg over 40000 switches / 110 ms)
  switch-probe: fastpath-swaps=0  (swapped inside the trap, so not in the switch row)
  switch:    80/96/600 cyc  40/48/300 ns  (p50/p99/max, n=40002)
  lock-hold: 1280/2304/47480 cyc  640/1152/23750 ns  (p50/p99/max, n=80249)
  lock-site: core=0 site=0x40b51d max=47480
  irq-probe: line=6 raise=inject on=0 raised=100 hcore=none foreign=0 win=0
  irq:       0/0/0 cyc  0/0/0 ns  (p50/max/max, n=0)
  wcase-probe: line=6 raise=inject on=0 raised=100 hcore=none foreign=0 win=0
  wcase-irq[0B]:    0/0/0 cyc  0/0/0 ns  (p50/max/max, n=0)
  wcase-probe: line=6 raise=inject on=0 raised=100 hcore=none foreign=0 win=0
  wcase-irq[64B]:   0/0/0 cyc  0/0/0 ns  (p50/max/max, n=0)
  wcase-probe: line=6 raise=inject on=0 raised=100 hcore=none foreign=0 win=0
  wcase-irq[256B]:  0/0/0 cyc  0/0/0 ns  (p50/max/max, n=0)
  wcase-probe: line=6 raise=inject on=0 raised=100 hcore=none foreign=0 win=0
  wcase-irq[1024B]: 0/0/0 cyc  0/0/0 ns  (p50/max/max, n=0)
  e2e-settle: settled=2/2
  e2e-probe: line=7 closed=1000 dropped=0 tare=450/855 ns  (min/avg, n=64)
  e2e-passes: asked=1000 raised=1000
  e2e-local: 4608/5120/51202 ns  (p50/p99/max, n=1000)
  throughput: 363213 ctx-sw/s  (2753 ns/sw avg over 40000 switches / 110 ms)
  switch-probe: fastpath-swaps=0  (swapped inside the trap, so not in the switch row)
  switch:    80/96/600 cyc  40/48/300 ns  (p50/p99/max, n=40002)
  lock-hold: 1408/2304/61280 cyc  704/1152/30653 ns  (p50/p99/max, n=80249)
  lock-site: core=0 site=0x40b51d max=61280
  irq-probe: line=6 raise=inject on=0 raised=100 hcore=none foreign=0 win=0
  irq:       0/0/0 cyc  0/0/0 ns  (p50/max/max, n=0)
  wcase-probe: line=6 raise=inject on=0 raised=100 hcore=none foreign=0 win=0
  wcase-irq[0B]:    0/0/0 cyc  0/0/0 ns  (p50/max/max, n=0)
  wcase-probe: line=6 raise=inject on=0 raised=100 hcore=none foreign=0 win=0
  wcase-irq[64B]:   0/0/0 cyc  0/0/0 ns  (p50/max/max, n=0)
  wcase-probe: line=6 raise=inject on=0 raised=100 hcore=none foreign=0 win=0
  wcase-irq[256B]:  0/0/0 cyc  0/0/0 ns  (p50/max/max, n=0)
  wcase-probe: line=6 raise=inject on=0 raised=100 hcore=none foreign=0 win=0
  wcase-irq[1024B]: 0/0/0 cyc  0/0/0 ns  (p50/max/max, n=0)
  e2e-settle: settled=2/2
  e2e-probe: line=7 closed=1000 dropped=0 tare=450/855 ns  (min/avg, n=64)
  e2e-passes: asked=1000 raised=1000
  e2e-local: 4608/5120/55114 ns  (p50/p99/max, n=1000)
  xtask ping-pong: 2228 ns/switch  (40000 switches / 89 ms)
  xtask call/reply: 16 B  7956 ns/round-trip  (125680 round-trips/s over 20000 calls / 159 ms)
  spawn/exit: thread 32292 ns  (200 reps / 6 ms)
  spawn/exit: task 34743 ns  (200 reps / 6 ms)
bench: done

KICKOS-EXIT status 0
POLL_OK=1 POLL_MS=4800
