[2J[001;001H[=3h[2J[001;001H[2J[001;001H[8;042;160t[2J[001;001H[2J[001;001H[8;056;240t[2J[001;001HBdsDxe: loading Boot0002 "UEFI QEMU HARDDISK QM00001 " from PciRoot(0x0)/Pci(0x1F,0x2)/Sata(0x0,0xFFFF,0x0)
BdsDxe: starting Boot0002 "UEFI QEMU HARDDISK QM00001 " from PciRoot(0x0)/Pci(0x1F,0x2)/Sata(0x0,0xFFFF,0x0)

KICKOS-X1 8c41d7a2 x86_64/q35 uefi-handover entry
KICKOS-X1 8c41d7a2 x86_64/q35 uefi-handover handover if=1 paging=1 longmode=1 root=1 wp=1 nx=1 nxcap=1
KICKOS-X1 8c41d7a2 x86_64/q35 uefi-handover if_after_cli=0
KICKOS-X1 8c41d7a2 x86_64/q35 uefi-handover firmware=Debian distribution of EDK II
KICKOS-X1 8c41d7a2 x86_64/q35 uefi-handover revision=0x0000000000020046
KICKOS-X1 8c41d7a2 x86_64/q35 uefi-handover map descriptors=109 stride=48 version=1 conventional_pages=117679 arena=0x0000000001800000 arena_pages=107372
KICKOS-X1 8c41d7a2 x86_64/q35 uefi-handover fp found em=0 ts=0 mp=1 osfxsr=1 osxmmexcpt=1 osxsave=0
KICKOS-X1 8c41d7a2 x86_64/q35 uefi-handover fp trapped em=1 ts=1 mp=1 osfxsr=0 osxmmexcpt=0 osxsave=0
KICKOS-X1 8c41d7a2 x86_64/q35 uefi-handover boot services left
KICKOS-X1 8c41d7a2 x86_64/q35 uefi-handover if_after_exit=0
x86_64 app relocation: base=0x0000000000400000 load_delta=0x0000000000000000 app_words=0

  ==============================================
   KickOS 0.5.1  -  microkernel RTOS
  ==============================================
   board   qemu-x86_64
   arch    x86_64
   cpu     x86-64
   mpu     off
   sched   tickless
   build   2026-09-29 07:40:25 +0200
   app     Sep 29 2026 00:56:20 +0200
   commit  15947db7-dirty
   heap    none
   kstack  4096 B x 33 = 135168 B

microbenchmark: context-switch throughput (all arches) + per-switch cost
+ IRQ-entry latency where a cycle counter exists. Reporter woken by the
workload, not a timer. Telemetry OFF for clean numbers.
cycle counter: 1999489054 Hz (0 = no rate converts a reading; cycles only)

  lock-probe: hold+1 core=0 depth=0  (three nested, one outermost)
  call/reply: 8 B  11890 ns/round-trip  (84103 round-trips/s over 20000 calls / 237 ms)
  call/reply: 16 B  11676 ns/round-trip  (85639 round-trips/s over 20000 calls / 233 ms)
  call/reply: 32 B  11747 ns/round-trip  (85125 round-trips/s over 20000 calls / 234 ms)
  call/reply: 64 B  11670 ns/round-trip  (85686 round-trips/s over 20000 calls / 233 ms)
  call/reply: 128 B  11917 ns/round-trip  (83907 round-trips/s over 20000 calls / 238 ms)
  call/reply: 256 B  11893 ns/round-trip  (84082 round-trips/s over 20000 calls / 237 ms)
  call/reply: 8 B  11653 ns/round-trip  (85807 round-trips/s over 20000 calls / 233 ms) [generic path]
  call/reply: 16 B  11702 ns/round-trip  (85453 round-trips/s over 20000 calls / 234 ms) [generic path]
  call/reply: 32 B  11743 ns/round-trip  (85153 round-trips/s over 20000 calls / 234 ms) [generic path]
  call/reply: 64 B  11785 ns/round-trip  (84853 round-trips/s over 20000 calls / 235 ms) [generic path]
  call/reply: 128 B  11840 ns/round-trip  (84455 round-trips/s over 20000 calls / 236 ms) [generic path]
  call/reply: 256 B  11893 ns/round-trip  (84076 round-trips/s over 20000 calls / 237 ms) [generic path]
  call/reply: 32 B  12120 ns/round-trip  (82502 round-trips/s over 20000 calls / 242 ms) [caller outranks server, D1 donates]
  phase table (44 rows; cyc avg/max, min last and a floor; leaf -= NULL, composite -= NULL + k*(NEST-NULL)):
    NULL             23/6600  min=20  n=260000
    NEST             126/37540  min=100  n=260000
    NEST_LOCK        71/60680  min=40  n=260000
    CALL_TOTAL       21950/3083500  min=21200  n=259999
    CALL_VALIDATE    268/21440  min=220  n=260000
    CALL_LOCKED      21193/3082520  min=20480  n=259999
    CALL_RESOLVE     320/23420  min=280  n=260000
    CALL_PEEK        70/31900  min=40  n=260000
    CALL_PROBE       120/41360  min=100  n=259999
    CALL_POP         183/56940  min=140  n=259999
    CALL_COPY        2140/86600  min=1980  n=259999
    CALL_MINT        2099/281340  min=1940  n=259999
    CALL_MINT_CAP    596/145920  min=520  n=259999
    CALL_MINT_INFO   1276/75900  min=1160  n=259999
    CALL_DONATE      167/30880  min=140  n=19999
    CALL_PARK        358/92920  min=320  n=259999
    CALL_WAKE        14404/3075160  min=13900  n=259999
    CALL_RESUME      224/20700  min=180  n=260000
    CALL_SLOW_TOTAL  602020/602020  min=602020  n=1
    CALL_SLOW_LOCKED 576220/576220  min=576220  n=1
    CALL_SLOW_DONATE 0/0  min=0  n=0
    CALL_SLOW_PARK   453980/453980  min=453980  n=1
    RECV_LOCKED      14889/1916880  min=14280  n=259999
    RECV_RESOLVE     365/132540  min=340  n=260000
    RECV_SCAN        206/58540  min=160  n=259999
    RECV_PARK        13967/1659500  min=13360  n=259999
    REPLY_TOTAL      87112/683880  min=13680  n=13
    REPLY_VALIDATE   9616/51300  min=2880  n=13
    REPLY_LOCKED     3734/625880  min=3480  n=260000
    REPLY_LOOKUP     488/300060  min=420  n=260000
    REPLY_COPY       2143/86180  min=2000  n=260000
    REPLY_FUNNEL     303/94180  min=240  n=260000
    REPLY_WAKE       339/70580  min=300  n=260000
    REPLY_RECV_TOTAL 21387/2478820  min=20620  n=260000
    REPLY_RECV_TAIL  641/178300  min=580  n=259999
    WAKE_UNPARK      97/39820  min=60  n=520012
    PICK_NEXT        64/75980  min=40  n=520064
    SWITCH_TO        25353/485328660  min=12640  n=520013
    SWITCH_BOOK      99/133680  min=80  n=520039
    MPU_APPLY        153/19620  min=140  n=520039
    MPU_COMMIT       0/0  min=0  n=0
    REENT_SEAT       0/0  min=0  n=0
    KTIME_REARM      90/18580  min=60  n=520039
    ARCH_SWITCH      24554/485324660  min=11800  n=520013
  ns-probe: cyc=4294967295 ns=2148032411 capped=0
  sat-probe: width=64 fits+1/0 wide+0/1 max=1000

  throughput: 345395 ctx-sw/s  (2895 ns/sw avg over 40000 switches / 115 ms)
  switch-probe: fastpath-swaps=0  (swapped inside the trap, so not in the switch row)
  switch:    96/96/9540 cyc  48/48/4771 ns  (p50/p99/max, n=40002)
  lock-hold: 1024/2560/50160 cyc  512/1280/25086 ns  (p50/p99/max, n=80248)
  lock-site: core=0 site=0x409dac max=50160
  irq-probe: line=6 raise=inject on=0 raised=100 hcore=none foreign=0 win=0
  irq:       0/0/0 cyc  0/0/0 ns  (p50/max/max, n=0)
  wcase-probe: line=6 raise=inject on=0 raised=100 hcore=none foreign=0 win=0
  wcase-irq[0B]:    0/0/0 cyc  0/0/0 ns  (p50/max/max, n=0)
  wcase-probe: line=6 raise=inject on=0 raised=100 hcore=none foreign=0 win=0
  wcase-irq[64B]:   0/0/0 cyc  0/0/0 ns  (p50/max/max, n=0)
  wcase-probe: line=6 raise=inject on=0 raised=100 hcore=none foreign=0 win=0
  wcase-irq[256B]:  0/0/0 cyc  0/0/0 ns  (p50/max/max, n=0)
  wcase-probe: line=6 raise=inject on=0 raised=100 hcore=none foreign=0 win=0
  wcase-irq[1024B]: 0/0/0 cyc  0/0/0 ns  (p50/max/max, n=0)
  e2e-settle: settled=2/2
  e2e-probe: line=7 closed=1000 dropped=0 tare=430/821 ns  (min/avg, n=64)
  e2e-passes: asked=1000 raised=1000
  e2e-local: 5632/6656/863481 ns  (p50/p99/max, n=1000)
  throughput: 346212 ctx-sw/s  (2888 ns/sw avg over 40000 switches / 115 ms)
  switch-probe: fastpath-swaps=0  (swapped inside the trap, so not in the switch row)
  switch:    96/96/160 cyc  48/48/80 ns  (p50/p99/max, n=40002)
  lock-hold: 1024/2560/20560 cyc  512/1280/10282 ns  (p50/p99/max, n=80248)
  lock-site: core=0 site=0x416918 max=20560
  irq-probe: line=6 raise=inject on=0 raised=100 hcore=none foreign=0 win=0
  irq:       0/0/0 cyc  0/0/0 ns  (p50/max/max, n=0)
  wcase-probe: line=6 raise=inject on=0 raised=100 hcore=none foreign=0 win=0
  wcase-irq[0B]:    0/0/0 cyc  0/0/0 ns  (p50/max/max, n=0)
  wcase-probe: line=6 raise=inject on=0 raised=100 hcore=none foreign=0 win=0
  wcase-irq[64B]:   0/0/0 cyc  0/0/0 ns  (p50/max/max, n=0)
  wcase-probe: line=6 raise=inject on=0 raised=100 hcore=none foreign=0 win=0
  wcase-irq[256B]:  0/0/0 cyc  0/0/0 ns  (p50/max/max, n=0)
  wcase-probe: line=6 raise=inject on=0 raised=100 hcore=none foreign=0 win=0
  wcase-irq[1024B]: 0/0/0 cyc  0/0/0 ns  (p50/max/max, n=0)
  e2e-settle: settled=2/2
  e2e-probe: line=7 closed=1000 dropped=0 tare=430/821 ns  (min/avg, n=64)
  e2e-passes: asked=1000 raised=1000
  e2e-local: 6144/6144/67347 ns  (p50/p99/max, n=1000)
  throughput: 346370 ctx-sw/s  (2887 ns/sw avg over 40000 switches / 115 ms)
  switch-probe: fastpath-swaps=0  (swapped inside the trap, so not in the switch row)
  switch:    96/96/140 cyc  48/48/70 ns  (p50/p99/max, n=40002)
  lock-hold: 1024/2560/18920 cyc  512/1280/9462 ns  (p50/p99/max, n=80248)
  lock-site: core=0 site=0x416918 max=18920
  irq-probe: line=6 raise=inject on=0 raised=100 hcore=none foreign=0 win=0
  irq:       0/0/0 cyc  0/0/0 ns  (p50/max/max, n=0)
  wcase-probe: line=6 raise=inject on=0 raised=100 hcore=none foreign=0 win=0
  wcase-irq[0B]:    0/0/0 cyc  0/0/0 ns  (p50/max/max, n=0)
  wcase-probe: line=6 raise=inject on=0 raised=100 hcore=none foreign=0 win=0
  wcase-irq[64B]:   0/0/0 cyc  0/0/0 ns  (p50/max/max, n=0)
  wcase-probe: line=6 raise=inject on=0 raised=100 hcore=none foreign=0 win=0
  wcase-irq[256B]:  0/0/0 cyc  0/0/0 ns  (p50/max/max, n=0)
  wcase-probe: line=6 raise=inject on=0 raised=100 hcore=none foreign=0 win=0
  wcase-irq[1024B]: 0/0/0 cyc  0/0/0 ns  (p50/max/max, n=0)
  e2e-settle: settled=2/2
  e2e-probe: line=7 closed=1000 dropped=0 tare=430/821 ns  (min/avg, n=64)
  e2e-passes: asked=1000 raised=1000
  e2e-local: 6144/6144/30428 ns  (p50/p99/max, n=1000)
  xtask ping-pong: 11130 ns/switch  (40000 switches / 445 ms)
  xtask call/reply: 16 B  36139 ns/round-trip  (27670 round-trips/s over 20000 calls / 722 ms)
  spawn/exit: thread 56550 ns  (200 reps / 11 ms)
  spawn/exit: task 125839 ns  (200 reps / 25 ms)
bench: done

KICKOS-EXIT status 0
POLL_OK=1 POLL_MS=6600
