=====?ets Jul 29 2019 12:21:46

rst:0x1 (POWERON_RESET),boot:0x13 (SPI_FAST_FLASH_BOOT)
configsip: 0, SPIWP:0xee
clk_drv:0x00,q_drv:0x00,d_drv:0x00,cs0_drv:0x00,hd_drv:0x00,wp_drv:0x00
mode:DIO, clock div:2
load:0x3ffb0000,len:9472
load:0x40080000,len:54904
1150 mmu set 00010000, pos 000Q?????HnJZl:

  ==============================================
   KickOS 0.5.1  -  microkernel RTOS
  ==============================================
   board   esp32-wroom
   arch    lx6
   cpu     lx6
   mpu     off
   sched   tickless
   build   2026-10-01 14:47:03 +0200
   app     Oct  1 2026 14:47:04 +0200
   commit  628de9cb
   heap    16 KiB available

microbenchmark: context-switch throughput (all arches) + per-switch cost
+ IRQ-entry latency where a cycle counter exists. Reporter woken by the
workload, not a timer. Telemetry OFF for clean numbers.
cycle counter: 240000000 Hz (0 = no rate converts a reading; cycles only)

  lock-probe: hold+1 core=0 depth=0  (three nested, one outermost)
  call/reply: 8 B  38015 ns/round-trip  (26305 round-trips/s over 20000 calls / 760 ms)
  call/reply: 16 B  38175 ns/round-trip  (26194 round-trips/s over 20000 calls / 763 ms)
  call/reply: 32 B  38508 ns/round-trip  (25968 round-trips/s over 20000 calls / 770 ms)
  call/reply: 64 B  39175 ns/round-trip  (25526 round-trips/s over 20000 calls / 783 ms)
  call/reply: 128 B  40508 ns/round-trip  (24685 round-trips/s over 20000 calls / 810 ms)
  call/reply: 256 B  43229 ns/round-trip  (23132 round-trips/s over 20000 calls / 864 ms)
  call/reply: 8 B  37758 ns/round-trip  (26483 round-trips/s over 20000 calls / 755 ms) [generic path]
  call/reply: 16 B  37925 ns/round-trip  (26367 round-trips/s over 20000 calls / 758 ms) [generic path]
  call/reply: 32 B  38258 ns/round-trip  (26137 round-trips/s over 20000 calls / 765 ms) [generic path]
  call/reply: 64 B  38925 ns/round-trip  (25690 round-trips/s over 20000 calls / 778 ms) [generic path]
  call/reply: 128 B  40258 ns/round-trip  (24839 round-trips/s over 20000 calls / 805 ms) [generic path]
  call/reply: 256 B  42979 ns/round-trip  (23266 round-trips/s over 20000 calls / 859 ms) [generic path]
  call/reply: 32 B  39412 ns/round-trip  (25372 round-trips/s over 20000 calls / 788 ms) [caller outranks server, D1 donates]
  phase table (44 rows; cyc avg/max, min last and a floor; leaf -= NULL, composite -= NULL + k*(NEST-NULL)):
    NULL             1/1  min=1  n=260000
    NEST             79/80  min=77  n=260000
    NEST_LOCK        23/23  min=23  n=260000
    CALL_TOTAL       8831/13805  min=7754  n=259999
    CALL_VALIDATE    159/206  min=148  n=260000
    CALL_LOCKED      8470/13435  min=7382  n=259999
    CALL_RESOLVE     158/158  min=158  n=260000
    CALL_PEEK        26/27  min=22  n=260000
    CALL_PROBE       23/23  min=23  n=259999
    CALL_POP         60/60  min=60  n=259999
    CALL_COPY        274/714  min=94  n=259999
    CALL_MINT        474/475  min=469  n=259999
    CALL_MINT_CAP    221/221  min=221  n=259999
    CALL_MINT_INFO   92/92  min=92  n=259999
    CALL_DONATE      26/26  min=26  n=19999
    CALL_PARK        148/148  min=148  n=259999
    CALL_WAKE        6348/11500  min=5284  n=259999
    CALL_RESUME      30/30  min=30  n=260000
    CALL_SLOW_TOTAL  9142/9142  min=9142  n=1
    CALL_SLOW_LOCKED 8738/8738  min=8738  n=1
    CALL_SLOW_DONATE 0/0  min=0  n=0
    CALL_SLOW_PARK   8019/8019  min=8019  n=1
    RECV_LOCKED      6653/7692  min=6433  n=259999
    RECV_RESOLVE     241/319  min=241  n=260000
    RECV_SCAN        42/42  min=42  n=259999
    RECV_PARK        6132/7095  min=5912  n=259999
    REPLY_TOTAL      4318/36138  min=1478  n=13
    REPLY_VALIDATE   126/126  min=126  n=13
    REPLY_LOCKED     1175/1607  min=966  n=260000
    REPLY_LOOKUP     287/288  min=267  n=260000
    REPLY_COPY       272/712  min=92  n=260000
    REPLY_FUNNEL     81/183  min=73  n=260000
    REPLY_WAKE       195/196  min=194  n=260000
    REPLY_RECV_TOTAL 8670/9562  min=1864  n=260000
    REPLY_RECV_TAIL  198/198  min=198  n=259999
    WAKE_UNPARK      62/83  min=62  n=520012
    PICK_NEXT        39/60  min=39  n=520064
    SWITCH_TO        10482/207534496  min=4766  n=520013
    SWITCH_BOOK      69/70  min=69  n=520039
    MPU_APPLY        1/1  min=1  n=520039
    MPU_COMMIT       0/0  min=0  n=0
    REENT_SEAT       42/717  min=42  n=520039
    KTIME_REARM      95/96  min=76  n=520039
    ARCH_SWITCH      9855/207533196  min=4137  n=520013
  ns-probe: cyc=4294967295 ns=4294967295 capped=1
  sat-probe: width=32 (no delta this counter forms is too wide)

  throughput: 77179 ctx-sw/s  (12956 ns/sw avg over 40000 switches / 518 ms)
  switch-probe: fastpath-swaps=0  (swapped inside the trap, so not in the switch row)
  switch:    176/176/180 cyc  733/733/750 ns  (p50/p99/max, n=39998)
  lock-hold: 640/1664/2604 cyc  2666/6933/10850 ns  (p50/p99/max, n=80015)
  lock-site: core=0 site=0x4008229c max=2604
  irq-probe: line=6 raise=inject on=0 raised=100 hcore=0 foreign=0 win=566
  irq:       256/306/306 cyc  1066/1275/1275 ns  (p50/max/max, n=100)
  wcase-probe: line=6 raise=inject on=0 raised=100 hcore=0 foreign=0 win=539
  wcase-irq[0B]:    256/305/305 cyc  1066/1270/1270 ns  (p50/max/max, n=100)
  wcase-probe: line=6 raise=inject on=0 raised=100 hcore=0 foreign=0 win=1266
  wcase-irq[64B]:   1024/1032/1032 cyc  4266/4300/4300 ns  (p50/max/max, n=100)
  wcase-probe: line=6 raise=inject on=0 raised=100 hcore=0 foreign=0 win=3570
  wcase-irq[256B]:  3328/3336/3336 cyc  13866/13900/13900 ns  (p50/max/max, n=100)
  wcase-probe: line=6 raise=inject on=0 raised=100 hcore=0 foreign=0 win=17825
  wcase-irq[1024B]: 12288/12552/12552 cyc  51200/52300/52300 ns  (p50/max/max, n=100)
  e2e-settle: settled=2/2
  e2e-probe: line=7 closed=1000 dropped=0 tare=900/912 ns  (min/avg, n=64)
  e2e-passes: asked=1000 raised=1000
  e2e-local: 13312/13312/35650 ns  (p50/p99/max, n=1000)
  throughput: 77185 ctx-sw/s  (12955 ns/sw avg over 40000 switches / 518 ms)
  switch-probe: fastpath-swaps=0  (swapped inside the trap, so not in the switch row)
  switch:    176/176/180 cyc  733/733/750 ns  (p50/p99/max, n=40001)
  lock-hold: 640/1664/2604 cyc  2666/6933/10850 ns  (p50/p99/max, n=80018)
  lock-site: core=0 site=0x4008229c max=2604
  irq-probe: line=6 raise=inject on=0 raised=100 hcore=0 foreign=0 win=566
  irq:       256/306/306 cyc  1066/1275/1275 ns  (p50/max/max, n=100)
  wcase-probe: line=6 raise=inject on=0 raised=100 hcore=0 foreign=0 win=539
  wcase-irq[0B]:    256/305/305 cyc  1066/1270/1270 ns  (p50/max/max, n=100)
  wcase-probe: line=6 raise=inject on=0 raised=100 hcore=0 foreign=0 win=1266
  wcase-irq[64B]:   1024/1032/1032 cyc  4266/4300/4300 ns  (p50/max/max, n=100)
  wcase-probe: line=6 raise=inject on=0 raised=100 hcore=0 foreign=0 win=3570
  wcase-irq[256B]:  3328/3336/3336 cyc  13866/13900/13900 ns  (p50/max/max, n=100)
  wcase-probe: line=6 raise=inject on=0 raised=100 hcore=0 foreign=0 win=17825
  wcase-irq[1024B]: 12288/12552/12552 cyc  51200/52300/52300 ns  (p50/max/max, n=100)
  e2e-settle: settled=2/2
  e2e-probe: line=7 closed=1000 dropped=0 tare=900/912 ns  (min/avg, n=64)
  e2e-passes: asked=1000 raised=1000
  e2e-local: 13312/13312/35650 ns  (p50/p99/max, n=1000)
  throughput: 77185 ctx-sw/s  (12955 ns/sw avg over 40000 switches / 518 ms)
  switch-probe: fastpath-swaps=0  (swapped inside the trap, so not in the switch row)
  switch:    176/176/180 cyc  733/733/750 ns  (p50/p99/max, n=40001)
  lock-hold: 640/1664/2604 cyc  2666/6933/10850 ns  (p50/p99/max, n=80018)
  lock-site: core=0 site=0x4008229c max=2604
  irq-probe: line=6 raise=inject on=0 raised=100 hcore=0 foreign=0 win=566
  irq:       256/306/306 cyc  1066/1275/1275 ns  (p50/max/max, n=100)
  wcase-probe: line=6 raise=inject on=0 raised=100 hcore=0 foreign=0 win=539
  wcase-irq[0B]:    256/305/305 cyc  1066/1270/1270 ns  (p50/max/max, n=100)
  wcase-probe: line=6 raise=inject on=0 raised=100 hcore=0 foreign=0 win=1266
  wcase-irq[64B]:   1024/1032/1032 cyc  4266/4300/4300 ns  (p50/max/max, n=100)
  wcase-probe: line=6 raise=inject on=0 raised=100 hcore=0 foreign=0 win=3570
  wcase-irq[256B]:  3328/3336/3336 cyc  13866/13900/13900 ns  (p50/max/max, n=100)
  wcase-probe: line=6 raise=inject on=0 raised=100 hcore=0 foreign=0 win=17825
  wcase-irq[1024B]: 12288/12552/12552 cyc  51200/52300/52300 ns  (p50/max/max, n=100)
  e2e-settle: settled=2/2
  e2e-probe: line=7 closed=1000 dropped=0 tare=900/912 ns  (min/avg, n=64)
  e2e-passes: asked=1000 raised=1000
  e2e-local: 13312/13312/35650 ns  (p50/p99/max, n=1000)
  xtask ping-pong: 12947 ns/switch  (40000 switches / 517 ms)
  xtask call/reply: 16 B  38175 ns/round-trip  (26194 round-trips/s over 20000 calls / 763 ms)
  spawn/exit: thread 69503 ns  (200 reps / 13 ms)
  spawn/exit: task 77349 ns  (200 reps / 15 ms)
bench: done
