?[2J?[001;001H?[=3h?[2J?[001;001H?[2J?[001;001H?[8;042;160t?[2J?[001;001H?[2J?[001;001H?[8;056;240t?[2J?[001;001HBdsDxe: loading Boot0002 "UEFI QEMU HARDDISK QM00001 " from PciRoot(0x0)/Pci(0x1F,0x2)/Sata(0x0,0xFFFF,0x0)
BdsDxe: starting Boot0002 "UEFI QEMU HARDDISK QM00001 " from PciRoot(0x0)/Pci(0x1F,0x2)/Sata(0x0,0xFFFF,0x0)

KICKOS-X1 8c41d7a2 x86_64/q35 uefi-handover entry
KICKOS-X1 8c41d7a2 x86_64/q35 uefi-handover handover if=1 paging=1 longmode=1 root=1 wp=1 nx=1 nxcap=1
KICKOS-X1 8c41d7a2 x86_64/q35 uefi-handover if_after_cli=0
KICKOS-X1 8c41d7a2 x86_64/q35 uefi-handover firmware=Debian distribution of EDK II
KICKOS-X1 8c41d7a2 x86_64/q35 uefi-handover revision=0x0000000000020046
KICKOS-X1 8c41d7a2 x86_64/q35 uefi-handover map descriptors=108 stride=48 version=1 conventional_pages=117610 arena=0x0000000001800000 arena_pages=107372
KICKOS-X1 8c41d7a2 x86_64/q35 uefi-handover fp found em=0 ts=0 mp=1 osfxsr=1 osxmmexcpt=1 osxsave=0
KICKOS-X1 8c41d7a2 x86_64/q35 uefi-handover fp enabled em=0 ts=0 mp=1 ne=1 osfxsr=1 osxmmexcpt=1 osxsave=1 xcr0=7 xsave=832
KICKOS-X1 8c41d7a2 x86_64/q35 uefi-handover boot services left
KICKOS-X1 8c41d7a2 x86_64/q35 uefi-handover if_after_exit=0
x86_64 app relocation: base=0x0000000000400000 load_delta=0x0000000000000000 app_words=266

  ==============================================
   KickOS 0.5.1  -  microkernel RTOS
  ==============================================
   board   qemu-x86_64
   arch    x86_64
   cpu     x86-64-v3
   mpu     off
   sched   tickless
   build   2026-10-02 01:46:12 +0200
   app     Oct  2 2026 01:46:14 +0200
   commit  nogit
   heap    16 KiB available
   kstack  4096 B x 33 = 135168 B

microbenchmark: context-switch throughput (all arches) + per-switch cost
+ IRQ-entry latency where a cycle counter exists. Reporter woken by the
workload, not a timer. Telemetry OFF for clean numbers.
cycle counter: 2028550792 Hz (0 = no rate converts a reading; cycles only)

  lock-probe: hold+1 core=0 depth=0  (three nested, one outermost)
  call/reply: 8 B  1889 ns/round-trip  (529346 round-trips/s over 20000 calls / 37 ms)
  call/reply: 16 B  1884 ns/round-trip  (530673 round-trips/s over 20000 calls / 37 ms)
  call/reply: 32 B  1885 ns/round-trip  (530365 round-trips/s over 20000 calls / 37 ms)
  call/reply: 64 B  1884 ns/round-trip  (530566 round-trips/s over 20000 calls / 37 ms)
  call/reply: 128 B  1922 ns/round-trip  (520037 round-trips/s over 20000 calls / 38 ms)
  call/reply: 256 B  1889 ns/round-trip  (529135 round-trips/s over 20000 calls / 37 ms)
  call/reply: 8 B  1886 ns/round-trip  (529971 round-trips/s over 20000 calls / 37 ms) [generic path]
  call/reply: 16 B  1904 ns/round-trip  (524985 round-trips/s over 20000 calls / 38 ms) [generic path]
  call/reply: 32 B  1888 ns/round-trip  (529522 round-trips/s over 20000 calls / 37 ms) [generic path]
  call/reply: 64 B  1887 ns/round-trip  (529754 round-trips/s over 20000 calls / 37 ms) [generic path]
  call/reply: 128 B  1886 ns/round-trip  (530003 round-trips/s over 20000 calls / 37 ms) [generic path]
  call/reply: 256 B  1892 ns/round-trip  (528479 round-trips/s over 20000 calls / 37 ms) [generic path]
  call/reply: 32 B  1927 ns/round-trip  (518684 round-trips/s over 20000 calls / 38 ms) [caller outranks server, D1 donates]
  phase table (44 rows; cyc avg/max, min last and a floor; leaf -= NULL, composite -= NULL + k*(NEST-NULL)):
    NULL             23/9280  min=20  n=260000
    NEST             73/9380  min=60  n=260000
    NEST_LOCK        54/11780  min=40  n=260000
    CALL_TOTAL       3586/766040  min=3500  n=259999
    CALL_VALIDATE    29/14360  min=20  n=260000
    CALL_LOCKED      3458/765900  min=3380  n=259999
    CALL_RESOLVE     38/380  min=20  n=260000
    CALL_PEEK        28/758500  min=20  n=260000
    CALL_PROBE       23/14380  min=20  n=259999
    CALL_POP         26/15720  min=20  n=259999
    CALL_COPY        92/15220  min=60  n=259999
    CALL_MINT        169/52260  min=160  n=259999
    CALL_MINT_CAP    41/14040  min=40  n=259999
    CALL_MINT_INFO   53/5540  min=40  n=259999
    CALL_DONATE      24/60  min=20  n=19999
    CALL_PARK        38/15560  min=20  n=259999
    CALL_WAKE        2625/72500  min=2560  n=259999
    CALL_RESUME      25/12300  min=20  n=260000
    CALL_SLOW_TOTAL  6000/6000  min=6000  n=1
    CALL_SLOW_LOCKED 5740/5740  min=5740  n=1
    CALL_SLOW_DONATE 0/0  min=0  n=0
    CALL_SLOW_PARK   5260/5260  min=5260  n=1
    RECV_LOCKED      2996/763500  min=2940  n=259999
    RECV_RESOLVE     46/10240  min=40  n=260000
    RECV_SCAN        23/15460  min=20  n=259999
    RECV_PARK        2824/763320  min=2760  n=259999
    REPLY_TOTAL      251900/3265740  min=700  n=13
    REPLY_VALIDATE   120/140  min=100  n=13
    REPLY_LOCKED     377/38880  min=340  n=260000
    REPLY_LOOKUP     32/960  min=20  n=260000
    REPLY_COPY       96/38360  min=60  n=260000
    REPLY_FUNNEL     28/420  min=20  n=260000
    REPLY_WAKE       92/15220  min=80  n=260000
    REPLY_RECV_TOTAL 3527/764040  min=1660  n=260000
    REPLY_RECV_TAIL  89/16880  min=80  n=259999
    WAKE_UNPARK      42/13180  min=40  n=520012
    PICK_NEXT        42/49520  min=40  n=520064
    SWITCH_TO        4553/81489880  min=2380  n=520013
    SWITCH_BOOK      42/11800  min=40  n=520039
    MPU_APPLY        26/66800  min=20  n=520039
    MPU_COMMIT       0/0  min=0  n=0
    REENT_SEAT       23/11180  min=20  n=520039
    KTIME_REARM      31/17780  min=20  n=520039
    ARCH_SWITCH      4272/81488940  min=2100  n=520013
  ns-probe: cyc=4294967295 ns=2117258937 capped=0
  sat-probe: width=64 fits+1/0 wide+0/1 max=1000

  throughput: 1549473 ctx-sw/s  (645 ns/sw avg over 40000 switches / 25 ms)
  switch-probe: fastpath-swaps=0  (swapped inside the trap, so not in the switch row)
  swb-clock: 2000000 cycles in 779380 ticks
  swb-exact: p1=240 p50=240 p99=260 mean10=2490 n=40002
  switch:    240/256/29760 cyc  118/126/14670 ns  (p50/p99/max, n=40002)
  lock-hold: 208/768/30520 cyc  102/378/15045 ns  (p50/p99/max, n=80363)
  lock-site: core=0 site=0x419048 max=30520
  irq-probe: line=6 raise=inject on=0 raised=100 hcore=none foreign=0 win=0
  irq:       0/0/0 cyc  0/0/0 ns  (p50/max/max, n=0)
  wcase-probe: line=6 raise=inject on=0 raised=100 hcore=none foreign=0 win=0
  wcase-irq[0B]:    0/0/0 cyc  0/0/0 ns  (p50/max/max, n=0)
  wcase-probe: line=6 raise=inject on=0 raised=100 hcore=none foreign=0 win=0
  wcase-irq[64B]:   0/0/0 cyc  0/0/0 ns  (p50/max/max, n=0)
  wcase-probe: line=6 raise=inject on=0 raised=100 hcore=none foreign=0 win=0
  wcase-irq[256B]:  0/0/0 cyc  0/0/0 ns  (p50/max/max, n=0)
  wcase-probe: line=6 raise=inject on=0 raised=100 hcore=none foreign=0 win=0
  wcase-irq[1024B]: 0/0/0 cyc  0/0/0 ns  (p50/max/max, n=0)
  e2e-settle: settled=2/2
  e2e-probe: line=7 closed=1000 dropped=0 tare=69/74 ns  (min/avg, n=64)
  e2e-passes: asked=1000 raised=1000
  e2e-local: 7680/8192/18102 ns  (p50/p99/max, n=1000)
  throughput: 1550457 ctx-sw/s  (644 ns/sw avg over 40000 switches / 25 ms)
  switch-probe: fastpath-swaps=0  (swapped inside the trap, so not in the switch row)
  swb-clock: 2000000 cycles in 778680 ticks
  swb-exact: p1=240 p50=240 p99=260 mean10=2489 n=40002
  switch:    240/256/14660 cyc  118/126/7226 ns  (p50/p99/max, n=40002)
  lock-hold: 208/768/28280 cyc  102/378/13940 ns  (p50/p99/max, n=80365)
  lock-site: core=0 site=0x40b5a5 max=28280
  irq-probe: line=6 raise=inject on=0 raised=100 hcore=none foreign=0 win=0
  irq:       0/0/0 cyc  0/0/0 ns  (p50/max/max, n=0)
  wcase-probe: line=6 raise=inject on=0 raised=100 hcore=none foreign=0 win=0
  wcase-irq[0B]:    0/0/0 cyc  0/0/0 ns  (p50/max/max, n=0)
  wcase-probe: line=6 raise=inject on=0 raised=100 hcore=none foreign=0 win=0
  wcase-irq[64B]:   0/0/0 cyc  0/0/0 ns  (p50/max/max, n=0)
  wcase-probe: line=6 raise=inject on=0 raised=100 hcore=none foreign=0 win=0
  wcase-irq[256B]:  0/0/0 cyc  0/0/0 ns  (p50/max/max, n=0)
  wcase-probe: line=6 raise=inject on=0 raised=100 hcore=none foreign=0 win=0
  wcase-irq[1024B]: 0/0/0 cyc  0/0/0 ns  (p50/max/max, n=0)
  e2e-settle: settled=2/2
  e2e-probe: line=7 closed=1000 dropped=0 tare=69/74 ns  (min/avg, n=64)
  e2e-passes: asked=1000 raised=1000
  e2e-local: 7680/9216/22844 ns  (p50/p99/max, n=1000)
  throughput: 1547623 ctx-sw/s  (646 ns/sw avg over 40000 switches / 25 ms)
  switch-probe: fastpath-swaps=0  (swapped inside the trap, so not in the switch row)
  swb-clock: 2000000 cycles in 778580 ticks
  swb-exact: p1=240 p50=240 p99=260 mean10=2493 n=40002
  switch:    240/256/12640 cyc  118/126/6231 ns  (p50/p99/max, n=40002)
  lock-hold: 208/768/29740 cyc  102/378/14660 ns  (p50/p99/max, n=80365)
  lock-site: core=0 site=0x40b5a5 max=29740
  irq-probe: line=6 raise=inject on=0 raised=100 hcore=none foreign=0 win=0
  irq:       0/0/0 cyc  0/0/0 ns  (p50/max/max, n=0)
  wcase-probe: line=6 raise=inject on=0 raised=100 hcore=none foreign=0 win=0
  wcase-irq[0B]:    0/0/0 cyc  0/0/0 ns  (p50/max/max, n=0)
  wcase-probe: line=6 raise=inject on=0 raised=100 hcore=none foreign=0 win=0
  wcase-irq[64B]:   0/0/0 cyc  0/0/0 ns  (p50/max/max, n=0)
  wcase-probe: line=6 raise=inject on=0 raised=100 hcore=none foreign=0 win=0
  wcase-irq[256B]:  0/0/0 cyc  0/0/0 ns  (p50/max/max, n=0)
  wcase-probe: line=6 raise=inject on=0 raised=100 hcore=none foreign=0 win=0
  wcase-irq[1024B]: 0/0/0 cyc  0/0/0 ns  (p50/max/max, n=0)
  e2e-settle: settled=2/2
  e2e-probe: line=7 closed=1000 dropped=0 tare=69/74 ns  (min/avg, n=64)
  e2e-passes: asked=1000 raised=1000
  e2e-local: 7680/9216/21759 ns  (p50/p99/max, n=1000)
  swb-clock: 2000000 cycles in 778620 ticks
  swb-exact: p1=240 p50=240 p99=260 mean10=2464 n=40002
  switch-vec: 240/256/14340 cyc  118/126/7069 ns  (p50/p99/max, n=40002)
  xtask ping-pong: 851 ns/switch  (40000 switches / 34 ms)
  xtask call/reply: 16 B  2348 ns/round-trip  (425866 round-trips/s over 20000 calls / 46 ms)
  spawn/exit: thread 15664 ns  (200 reps / 3 ms)
  spawn/exit: task 35211 ns  (200 reps / 7 ms)
bench: done

KICKOS-EXIT status 0
?[2J?[001;001H?[=3h?[2J?[001;001H?[2J?[001;001H?[8;042;160t?[2J?[001;001H?[2J?[001;001H?[8;056;240t?[2J?[001;001HBdsDxe: loading Boot0002 "UEFI QEMU HARDDISK QM00001 " from PciRoot(0x0)/Pci(0x1F,0x2)/Sata(0x0,0xFFFF,0x0)
BdsDxe: starting Boot0002 "UEFI QEMU HARDDISK QM00001 " from PciRoot(0x0)/Pci(0x1F,0x2)/Sata(0x0,0xFFFF,0x0)

KICKOS-X1 8c41d7a2 x86_64/q35 uefi-handover entry
KICKOS-X1 8c41d7a2 x86_64/q35 uefi-handover handover if=1 paging=1 longmode=1 root=1 wp=1 nx=1 nxcap=1
KICKOS-X1 8c41d7a2 x86_64/q35 uefi-handover if_after_cli=0
KICKOS-X1 8c41d7a2 x86_64/q35 uefi-handover firmware=Debian distribution of EDK II
KICKOS-X1 8c41d7a2 x86_64/q35 uefi-handover revision=0x0000000000020046
KICKOS-X1 8c41d7a2 x86_64/q35 uefi-handover map descriptors=108 stride=48 version=1 conventional_pages=117610 arena=0x0000000001800000 arena_pages=107372
KICKOS-X1 8c41d7a2 x86_64/q35 uefi-handover fp found em=0 ts=0 mp=1 osfxsr=1 osxmmexcpt=1 osxsave=0
KICKOS-X1 8c41d7a2 x86_64/q35 uefi-handover fp enabled em=0 ts=0 mp=1 ne=1 osfxsr=1 osxmmexcpt=1 osxsave=1 xcr0=7 xsave=832
KICKOS-X1 8c41d7a2 x86_64/q35 uefi-handover boot services left
KICKOS-X1 8c41d7a2 x86_64/q35 uefi-handover if_after_exit=0
x86_64 app relocation: base=0x0000000000400000 load_delta=0x0000000000000000 app_words=266

  ==============================================
   KickOS 0.5.1  -  microkernel RTOS
  ==============================================
   board   qemu-x86_64
   arch    x86_64
   cpu     x86-64-v3
   mpu     off
   sched   tickless
   build   2026-10-02 01:46:12 +0200
   app     Oct  2 2026 01:46:14 +0200
   commit  nogit
   heap    16 KiB available
   kstack  4096 B x 33 = 135168 B

microbenchmark: context-switch throughput (all arches) + per-switch cost
+ IRQ-entry latency where a cycle counter exists. Reporter woken by the
workload, not a timer. Telemetry OFF for clean numbers.
cycle counter: 2028550792 Hz (0 = no rate converts a reading; cycles only)

  lock-probe: hold+1 core=0 depth=0  (three nested, one outermost)
  call/reply: 8 B  1889 ns/round-trip  (529346 round-trips/s over 20000 calls / 37 ms)
  call/reply: 16 B  1884 ns/round-trip  (530673 round-trips/s over 20000 calls / 37 ms)
  call/reply: 32 B  1885 ns/round-trip  (530365 round-trips/s over 20000 calls / 37 ms)
  call/reply: 64 B  1884 ns/round-trip  (530566 round-trips/s over 20000 calls / 37 ms)
  call/reply: 128 B  1922 ns/round-trip  (520037 round-trips/s over 20000 calls / 38 ms)
  call/reply: 256 B  1889 ns/round-trip  (529135 round-trips/s over 20000 calls / 37 ms)
  call/reply: 8 B  1886 ns/round-trip  (529971 round-trips/s over 20000 calls / 37 ms) [generic path]
  call/reply: 16 B  1904 ns/round-trip  (524985 round-trips/s over 20000 calls / 38 ms) [generic path]
  call/reply: 32 B  1888 ns/round-trip  (529522 round-trips/s over 20000 calls / 37 ms) [generic path]
  call/reply: 64 B  1887 ns/round-trip  (529754 round-trips/s over 20000 calls / 37 ms) [generic path]
  call/reply: 128 B  1886 ns/round-trip  (530003 round-trips/s over 20000 calls / 37 ms) [generic path]
  call/reply: 256 B  1892 ns/round-trip  (528479 round-trips/s over 20000 calls / 37 ms) [generic path]
  call/reply: 32 B  1927 ns/round-trip  (518684 round-trips/s over 20000 calls / 38 ms) [caller outranks server, D1 donates]
  phase table (44 rows; cyc avg/max, min last and a floor; leaf -= NULL, composite -= NULL + k*(NEST-NULL)):
    NULL             23/9280  min=20  n=260000
    NEST             73/9380  min=60  n=260000
    NEST_LOCK        54/11780  min=40  n=260000
    CALL_TOTAL       3586/766040  min=3500  n=259999
    CALL_VALIDATE    29/14360  min=20  n=260000
    CALL_LOCKED      3458/765900  min=3380  n=259999
    CALL_RESOLVE     38/380  min=20  n=260000
    CALL_PEEK        28/758500  min=20  n=260000
    CALL_PROBE       23/14380  min=20  n=259999
    CALL_POP         26/15720  min=20  n=259999
    CALL_COPY        92/15220  min=60  n=259999
    CALL_MINT        169/52260  min=160  n=259999
    CALL_MINT_CAP    41/14040  min=40  n=259999
    CALL_MINT_INFO   53/5540  min=40  n=259999
    CALL_DONATE      24/60  min=20  n=19999
    CALL_PARK        38/15560  min=20  n=259999
    CALL_WAKE        2625/72500  min=2560  n=259999
    CALL_RESUME      25/12300  min=20  n=260000
    CALL_SLOW_TOTAL  6000/6000  min=6000  n=1
    CALL_SLOW_LOCKED 5740/5740  min=5740  n=1
    CALL_SLOW_DONATE 0/0  min=0  n=0
    CALL_SLOW_PARK   5260/5260  min=5260  n=1
    RECV_LOCKED      2996/763500  min=2940  n=259999
    RECV_RESOLVE     46/10240  min=40  n=260000
    RECV_SCAN        23/15460  min=20  n=259999
    RECV_PARK        2824/763320  min=2760  n=259999
    REPLY_TOTAL      251900/3265740  min=700  n=13
    REPLY_VALIDATE   120/140  min=100  n=13
    REPLY_LOCKED     377/38880  min=340  n=260000
    REPLY_LOOKUP     32/960  min=20  n=260000
    REPLY_COPY       96/38360  min=60  n=260000
    REPLY_FUNNEL     28/420  min=20  n=260000
    REPLY_WAKE       92/15220  min=80  n=260000
    REPLY_RECV_TOTAL 3527/764040  min=1660  n=260000
    REPLY_RECV_TAIL  89/16880  min=80  n=259999
    WAKE_UNPARK      42/13180  min=40  n=520012
    PICK_NEXT        42/49520  min=40  n=520064
    SWITCH_TO        4553/81489880  min=2380  n=520013
    SWITCH_BOOK      42/11800  min=40  n=520039
    MPU_APPLY        26/66800  min=20  n=520039
    MPU_COMMIT       0/0  min=0  n=0
    REENT_SEAT       23/11180  min=20  n=520039
    KTIME_REARM      31/17780  min=20  n=520039
    ARCH_SWITCH      4272/81488940  min=2100  n=520013
  ns-probe: cyc=4294967295 ns=2117258937 capped=0
  sat-probe: width=64 fits+1/0 wide+0/1 max=1000

  throughput: 1549473 ctx-sw/s  (645 ns/sw avg over 40000 switches / 25 ms)
  switch-probe: fastpath-swaps=0  (swapped inside the trap, so not in the switch row)
  swb-clock: 2000000 cycles in 779380 ticks
  swb-exact: p1=240 p50=240 p99=260 mean10=2490 n=40002
  switch:    240/256/29760 cyc  118/126/14670 ns  (p50/p99/max, n=40002)
  lock-hold: 208/768/30520 cyc  102/378/15045 ns  (p50/p99/max, n=80363)
  lock-site: core=0 site=0x419048 max=30520
  irq-probe: line=6 raise=inject on=0 raised=100 hcore=none foreign=0 win=0
  irq:       0/0/0 cyc  0/0/0 ns  (p50/max/max, n=0)
  wcase-probe: line=6 raise=inject on=0 raised=100 hcore=none foreign=0 win=0
  wcase-irq[0B]:    0/0/0 cyc  0/0/0 ns  (p50/max/max, n=0)
  wcase-probe: line=6 raise=inject on=0 raised=100 hcore=none foreign=0 win=0
  wcase-irq[64B]:   0/0/0 cyc  0/0/0 ns  (p50/max/max, n=0)
  wcase-probe: line=6 raise=inject on=0 raised=100 hcore=none foreign=0 win=0
  wcase-irq[256B]:  0/0/0 cyc  0/0/0 ns  (p50/max/max, n=0)
  wcase-probe: line=6 raise=inject on=0 raised=100 hcore=none foreign=0 win=0
  wcase-irq[1024B]: 0/0/0 cyc  0/0/0 ns  (p50/max/max, n=0)
  e2e-settle: settled=2/2
  e2e-probe: line=7 closed=1000 dropped=0 tare=69/74 ns  (min/avg, n=64)
  e2e-passes: asked=1000 raised=1000
  e2e-local: 7680/8192/18102 ns  (p50/p99/max, n=1000)
  throughput: 1550457 ctx-sw/s  (644 ns/sw avg over 40000 switches / 25 ms)
  switch-probe: fastpath-swaps=0  (swapped inside the trap, so not in the switch row)
  swb-clock: 2000000 cycles in 778680 ticks
  swb-exact: p1=240 p50=240 p99=260 mean10=2489 n=40002
  switch:    240/256/14660 cyc  118/126/7226 ns  (p50/p99/max, n=40002)
  lock-hold: 208/768/28280 cyc  102/378/13940 ns  (p50/p99/max, n=80365)
  lock-site: core=0 site=0x40b5a5 max=28280
  irq-probe: line=6 raise=inject on=0 raised=100 hcore=none foreign=0 win=0
  irq:       0/0/0 cyc  0/0/0 ns  (p50/max/max, n=0)
  wcase-probe: line=6 raise=inject on=0 raised=100 hcore=none foreign=0 win=0
  wcase-irq[0B]:    0/0/0 cyc  0/0/0 ns  (p50/max/max, n=0)
  wcase-probe: line=6 raise=inject on=0 raised=100 hcore=none foreign=0 win=0
  wcase-irq[64B]:   0/0/0 cyc  0/0/0 ns  (p50/max/max, n=0)
  wcase-probe: line=6 raise=inject on=0 raised=100 hcore=none foreign=0 win=0
  wcase-irq[256B]:  0/0/0 cyc  0/0/0 ns  (p50/max/max, n=0)
  wcase-probe: line=6 raise=inject on=0 raised=100 hcore=none foreign=0 win=0
  wcase-irq[1024B]: 0/0/0 cyc  0/0/0 ns  (p50/max/max, n=0)
  e2e-settle: settled=2/2
  e2e-probe: line=7 closed=1000 dropped=0 tare=69/74 ns  (min/avg, n=64)
  e2e-passes: asked=1000 raised=1000
  e2e-local: 7680/9216/22844 ns  (p50/p99/max, n=1000)
  throughput: 1547623 ctx-sw/s  (646 ns/sw avg over 40000 switches / 25 ms)
  switch-probe: fastpath-swaps=0  (swapped inside the trap, so not in the switch row)
  swb-clock: 2000000 cycles in 778580 ticks
  swb-exact: p1=240 p50=240 p99=260 mean10=2493 n=40002
  switch:    240/256/12640 cyc  118/126/6231 ns  (p50/p99/max, n=40002)
  lock-hold: 208/768/29740 cyc  102/378/14660 ns  (p50/p99/max, n=80365)
  lock-site: core=0 site=0x40b5a5 max=29740
  irq-probe: line=6 raise=inject on=0 raised=100 hcore=none foreign=0 win=0
  irq:       0/0/0 cyc  0/0/0 ns  (p50/max/max, n=0)
  wcase-probe: line=6 raise=inject on=0 raised=100 hcore=none foreign=0 win=0
  wcase-irq[0B]:    0/0/0 cyc  0/0/0 ns  (p50/max/max, n=0)
  wcase-probe: line=6 raise=inject on=0 raised=100 hcore=none foreign=0 win=0
  wcase-irq[64B]:   0/0/0 cyc  0/0/0 ns  (p50/max/max, n=0)
  wcase-probe: line=6 raise=inject on=0 raised=100 hcore=none foreign=0 win=0
  wcase-irq[256B]:  0/0/0 cyc  0/0/0 ns  (p50/max/max, n=0)
  wcase-probe: line=6 raise=inject on=0 raised=100 hcore=none foreign=0 win=0
  wcase-irq[1024B]: 0/0/0 cyc  0/0/0 ns  (p50/max/max, n=0)
  e2e-settle: settled=2/2
  e2e-probe: line=7 closed=1000 dropped=0 tare=69/74 ns  (min/avg, n=64)
  e2e-passes: asked=1000 raised=1000
  e2e-local: 7680/9216/21759 ns  (p50/p99/max, n=1000)
  swb-clock: 2000000 cycles in 778620 ticks
  swb-exact: p1=240 p50=240 p99=260 mean10=2464 n=40002
  switch-vec: 240/256/14340 cyc  118/126/7069 ns  (p50/p99/max, n=40002)
  xtask ping-pong: 851 ns/switch  (40000 switches / 34 ms)
  xtask call/reply: 16 B  2348 ns/round-trip  (425866 round-trips/s over 20000 calls / 46 ms)
  spawn/exit: thread 15664 ns  (200 reps / 3 ms)
  spawn/exit: task 35211 ns  (200 reps / 7 ms)
bench: done

KICKOS-EXIT status 0
