?[2J?[001;001H?[=3h?[2J?[001;001H?[2J?[001;001H?[8;042;160t?[2J?[001;001H?[2J?[001;001H?[8;056;240t?[2J?[001;001HBdsDxe: loading Boot0002 "UEFI QEMU HARDDISK QM00001 " from PciRoot(0x0)/Pci(0x1F,0x2)/Sata(0x0,0xFFFF,0x0)
BdsDxe: starting Boot0002 "UEFI QEMU HARDDISK QM00001 " from PciRoot(0x0)/Pci(0x1F,0x2)/Sata(0x0,0xFFFF,0x0)

KICKOS-X1 8c41d7a2 x86_64/q35 uefi-handover entry
KICKOS-X1 8c41d7a2 x86_64/q35 uefi-handover handover if=1 paging=1 longmode=1 root=1 wp=1 nx=1 nxcap=1
KICKOS-X1 8c41d7a2 x86_64/q35 uefi-handover if_after_cli=0
KICKOS-X1 8c41d7a2 x86_64/q35 uefi-handover firmware=Debian distribution of EDK II
KICKOS-X1 8c41d7a2 x86_64/q35 uefi-handover revision=0x0000000000020046
KICKOS-X1 8c41d7a2 x86_64/q35 uefi-handover map descriptors=113 stride=48 version=1 conventional_pages=118377 arena=0x0000000001800000 arena_pages=108270
KICKOS-X1 8c41d7a2 x86_64/q35 uefi-handover fp found em=0 ts=0 mp=1 osfxsr=1 osxmmexcpt=1 osxsave=0
KICKOS-X1 8c41d7a2 x86_64/q35 uefi-handover fp enabled em=0 ts=0 mp=1 ne=1 osfxsr=1 osxmmexcpt=1 osxsave=1 xcr0=7 xsave=832
KICKOS-X1 8c41d7a2 x86_64/q35 uefi-handover boot services left
KICKOS-X1 8c41d7a2 x86_64/q35 uefi-handover if_after_exit=0
x86_64 app relocation: base=0x0000000000400000 load_delta=0x0000000000000000 app_words=266

  ==============================================
   KickOS 0.5.1  -  microkernel RTOS
  ==============================================
   board   qemu-x86_64
   arch    x86_64
   cpu     x86-64-v3
   mpu     off
   sched   tickless
   build   2026-10-02 01:46:12 +0200
   app     Oct  2 2026 01:46:14 +0200
   commit  nogit
   heap    16 KiB available
   kstack  4096 B x 33 = 135168 B

microbenchmark: context-switch throughput (all arches) + per-switch cost
+ IRQ-entry latency where a cycle counter exists. Reporter woken by the
workload, not a timer. Telemetry OFF for clean numbers.
cycle counter: 1997270827 Hz (0 = no rate converts a reading; cycles only)

  lock-probe: hold+1 core=0 depth=0  (three nested, one outermost)
  call/reply: 8 B  1910 ns/round-trip  (523350 round-trips/s over 20000 calls / 38 ms)
  call/reply: 16 B  1909 ns/round-trip  (523779 round-trips/s over 20000 calls / 38 ms)
  call/reply: 32 B  1909 ns/round-trip  (523722 round-trips/s over 20000 calls / 38 ms)
  call/reply: 64 B  1910 ns/round-trip  (523408 round-trips/s over 20000 calls / 38 ms)
  call/reply: 128 B  1910 ns/round-trip  (523544 round-trips/s over 20000 calls / 38 ms)
  call/reply: 256 B  1912 ns/round-trip  (522920 round-trips/s over 20000 calls / 38 ms)
  call/reply: 8 B  1907 ns/round-trip  (524271 round-trips/s over 20000 calls / 38 ms) [generic path]
  call/reply: 16 B  1909 ns/round-trip  (523747 round-trips/s over 20000 calls / 38 ms) [generic path]
  call/reply: 32 B  1909 ns/round-trip  (523639 round-trips/s over 20000 calls / 38 ms) [generic path]
  call/reply: 64 B  1910 ns/round-trip  (523331 round-trips/s over 20000 calls / 38 ms) [generic path]
  call/reply: 128 B  1911 ns/round-trip  (523092 round-trips/s over 20000 calls / 38 ms) [generic path]
  call/reply: 256 B  1911 ns/round-trip  (523068 round-trips/s over 20000 calls / 38 ms) [generic path]
  call/reply: 32 B  1951 ns/round-trip  (512342 round-trips/s over 20000 calls / 39 ms) [caller outranks server, D1 donates]
  phase table (44 rows; cyc avg/max, min last and a floor; leaf -= NULL, composite -= NULL + k*(NEST-NULL)):
    NULL             24/11020  min=20  n=260000
    NEST             75/11100  min=60  n=260000
    NEST_LOCK        55/15020  min=40  n=260000
    CALL_TOTAL       3565/88160  min=3500  n=259999
    CALL_VALIDATE    27/12340  min=20  n=260000
    CALL_LOCKED      3438/88020  min=3380  n=259999
    CALL_RESOLVE     38/17160  min=20  n=260000
    CALL_PEEK        26/15620  min=20  n=260000
    CALL_PROBE       22/160  min=20  n=259999
    CALL_POP         27/16720  min=20  n=259999
    CALL_COPY        89/43320  min=60  n=259999
    CALL_MINT        168/16920  min=160  n=259999
    CALL_MINT_CAP    41/12680  min=40  n=259999
    CALL_MINT_INFO   54/16760  min=40  n=259999
    CALL_DONATE      23/60  min=20  n=19999
    CALL_PARK        38/220  min=20  n=259999
    CALL_WAKE        2611/87180  min=2560  n=259999
    CALL_RESUME      23/15280  min=20  n=260000
    CALL_SLOW_TOTAL  5940/5940  min=5940  n=1
    CALL_SLOW_LOCKED 5700/5700  min=5700  n=1
    CALL_SLOW_DONATE 0/0  min=0  n=0
    CALL_SLOW_PARK   5220/5220  min=5220  n=1
    RECV_LOCKED      2980/47480  min=2920  n=259999
    RECV_RESOLVE     46/14800  min=40  n=260000
    RECV_SCAN        23/11660  min=20  n=259999
    RECV_PARK        2807/47280  min=2760  n=259999
    REPLY_TOTAL      250101/3242340  min=700  n=13
    REPLY_VALIDATE   110/120  min=100  n=13
    REPLY_LOCKED     376/21320  min=340  n=260000
    REPLY_LOOKUP     31/420  min=20  n=260000
    REPLY_COPY       95/19100  min=60  n=260000
    REPLY_FUNNEL     28/14460  min=20  n=260000
    REPLY_WAKE       92/7060  min=80  n=260000
    REPLY_RECV_TOTAL 3507/48000  min=1640  n=260000
    REPLY_RECV_TAIL  87/19960  min=80  n=259999
    WAKE_UNPARK      41/11840  min=40  n=520012
    PICK_NEXT        41/15040  min=40  n=520064
    SWITCH_TO        4527/81213860  min=2380  n=520013
    SWITCH_BOOK      41/17580  min=40  n=520039
    MPU_APPLY        27/13400  min=20  n=520039
    MPU_COMMIT       0/0  min=0  n=0
    REENT_SEAT       22/460  min=20  n=520039
    KTIME_REARM      32/14040  min=20  n=520039
    ARCH_SWITCH      4251/81212940  min=2100  n=520013
  ns-probe: cyc=4294967295 ns=2150418078 capped=0
  sat-probe: width=64 fits+1/0 wide+0/1 max=1000

  throughput: 1531013 ctx-sw/s  (653 ns/sw avg over 40000 switches / 26 ms)
  switch-probe: fastpath-swaps=0  (swapped inside the trap, so not in the switch row)
  swb-clock: 2000000 cycles in 776460 ticks
  swb-exact: p1=240 p50=240 p99=260 mean10=2484 n=40002
  switch:    240/256/14720 cyc  120/128/7370 ns  (p50/p99/max, n=40002)
  lock-hold: 208/768/42040 cyc  104/384/21048 ns  (p50/p99/max, n=80362)
  lock-site: core=0 site=0x40b5a5 max=42040
  irq-probe: line=6 raise=inject on=0 raised=100 hcore=none foreign=0 win=0
  irq:       0/0/0 cyc  0/0/0 ns  (p50/max/max, n=0)
  wcase-probe: line=6 raise=inject on=0 raised=100 hcore=none foreign=0 win=0
  wcase-irq[0B]:    0/0/0 cyc  0/0/0 ns  (p50/max/max, n=0)
  wcase-probe: line=6 raise=inject on=0 raised=100 hcore=none foreign=0 win=0
  wcase-irq[64B]:   0/0/0 cyc  0/0/0 ns  (p50/max/max, n=0)
  wcase-probe: line=6 raise=inject on=0 raised=100 hcore=none foreign=0 win=0
  wcase-irq[256B]:  0/0/0 cyc  0/0/0 ns  (p50/max/max, n=0)
  wcase-probe: line=6 raise=inject on=0 raised=100 hcore=none foreign=0 win=0
  wcase-irq[1024B]: 0/0/0 cyc  0/0/0 ns  (p50/max/max, n=0)
  e2e-settle: settled=2/2
  e2e-probe: line=7 closed=1000 dropped=0 tare=70/73 ns  (min/avg, n=64)
  e2e-passes: asked=1000 raised=1000
  e2e-local: 8192/8192/18685 ns  (p50/p99/max, n=1000)
  throughput: 1531335 ctx-sw/s  (653 ns/sw avg over 40000 switches / 26 ms)
  switch-probe: fastpath-swaps=0  (swapped inside the trap, so not in the switch row)
  swb-clock: 2000000 cycles in 776240 ticks
  swb-exact: p1=240 p50=240 p99=260 mean10=2487 n=40002
  switch:    240/256/14540 cyc  120/128/7279 ns  (p50/p99/max, n=40002)
  lock-hold: 208/768/28700 cyc  104/384/14369 ns  (p50/p99/max, n=80365)
  lock-site: core=0 site=0x40b5a5 max=28700
  irq-probe: line=6 raise=inject on=0 raised=100 hcore=none foreign=0 win=0
  irq:       0/0/0 cyc  0/0/0 ns  (p50/max/max, n=0)
  wcase-probe: line=6 raise=inject on=0 raised=100 hcore=none foreign=0 win=0
  wcase-irq[0B]:    0/0/0 cyc  0/0/0 ns  (p50/max/max, n=0)
  wcase-probe: line=6 raise=inject on=0 raised=100 hcore=none foreign=0 win=0
  wcase-irq[64B]:   0/0/0 cyc  0/0/0 ns  (p50/max/max, n=0)
  wcase-probe: line=6 raise=inject on=0 raised=100 hcore=none foreign=0 win=0
  wcase-irq[256B]:  0/0/0 cyc  0/0/0 ns  (p50/max/max, n=0)
  wcase-probe: line=6 raise=inject on=0 raised=100 hcore=none foreign=0 win=0
  wcase-irq[1024B]: 0/0/0 cyc  0/0/0 ns  (p50/max/max, n=0)
  e2e-settle: settled=2/2
  e2e-probe: line=7 closed=1000 dropped=0 tare=70/73 ns  (min/avg, n=64)
  e2e-passes: asked=1000 raised=1000
  e2e-local: 8192/11264/19266 ns  (p50/p99/max, n=1000)
  throughput: 1527077 ctx-sw/s  (654 ns/sw avg over 40000 switches / 26 ms)
  switch-probe: fastpath-swaps=0  (swapped inside the trap, so not in the switch row)
  swb-clock: 2000000 cycles in 777220 ticks
  swb-exact: p1=240 p50=240 p99=260 mean10=2490 n=40002
  switch:    240/256/12760 cyc  120/128/6388 ns  (p50/p99/max, n=40002)
  lock-hold: 208/768/39700 cyc  104/384/19877 ns  (p50/p99/max, n=80365)
  lock-site: core=0 site=0x419048 max=39700
  irq-probe: line=6 raise=inject on=0 raised=100 hcore=none foreign=0 win=0
  irq:       0/0/0 cyc  0/0/0 ns  (p50/max/max, n=0)
  wcase-probe: line=6 raise=inject on=0 raised=100 hcore=none foreign=0 win=0
  wcase-irq[0B]:    0/0/0 cyc  0/0/0 ns  (p50/max/max, n=0)
  wcase-probe: line=6 raise=inject on=0 raised=100 hcore=none foreign=0 win=0
  wcase-irq[64B]:   0/0/0 cyc  0/0/0 ns  (p50/max/max, n=0)
  wcase-probe: line=6 raise=inject on=0 raised=100 hcore=none foreign=0 win=0
  wcase-irq[256B]:  0/0/0 cyc  0/0/0 ns  (p50/max/max, n=0)
  wcase-probe: line=6 raise=inject on=0 raised=100 hcore=none foreign=0 win=0
  wcase-irq[1024B]: 0/0/0 cyc  0/0/0 ns  (p50/max/max, n=0)
  e2e-settle: settled=2/2
  e2e-probe: line=7 closed=1000 dropped=0 tare=70/73 ns  (min/avg, n=64)
  e2e-passes: asked=1000 raised=1000
  e2e-local: 8192/9216/19056 ns  (p50/p99/max, n=1000)
  swb-clock: 2000000 cycles in 776360 ticks
  swb-exact: p1=240 p50=240 p99=260 mean10=2459 n=40002
  switch-vec: 240/256/44180 cyc  120/128/22120 ns  (p50/p99/max, n=40002)
  xtask ping-pong: 860 ns/switch  (40000 switches / 34 ms)
  xtask call/reply: 16 B  2392 ns/round-trip  (418054 round-trips/s over 20000 calls / 47 ms)
  spawn/exit: thread 15942 ns  (200 reps / 3 ms)
  spawn/exit: task 35507 ns  (200 reps / 7 ms)
bench: done

KICKOS-EXIT status 0
?[2J?[001;001H?[=3h?[2J?[001;001H?[2J?[001;001H?[8;042;160t?[2J?[001;001H?[2J?[001;001H?[8;056;240t?[2J?[001;001HBdsDxe: loading Boot0002 "UEFI QEMU HARDDISK QM00001 " from PciRoot(0x0)/Pci(0x1F,0x2)/Sata(0x0,0xFFFF,0x0)
BdsDxe: starting Boot0002 "UEFI QEMU HARDDISK QM00001 " from PciRoot(0x0)/Pci(0x1F,0x2)/Sata(0x0,0xFFFF,0x0)

KICKOS-X1 8c41d7a2 x86_64/q35 uefi-handover entry
KICKOS-X1 8c41d7a2 x86_64/q35 uefi-handover handover if=1 paging=1 longmode=1 root=1 wp=1 nx=1 nxcap=1
KICKOS-X1 8c41d7a2 x86_64/q35 uefi-handover if_after_cli=0
KICKOS-X1 8c41d7a2 x86_64/q35 uefi-handover firmware=Debian distribution of EDK II
KICKOS-X1 8c41d7a2 x86_64/q35 uefi-handover revision=0x0000000000020046
KICKOS-X1 8c41d7a2 x86_64/q35 uefi-handover map descriptors=113 stride=48 version=1 conventional_pages=118377 arena=0x0000000001800000 arena_pages=108270
KICKOS-X1 8c41d7a2 x86_64/q35 uefi-handover fp found em=0 ts=0 mp=1 osfxsr=1 osxmmexcpt=1 osxsave=0
KICKOS-X1 8c41d7a2 x86_64/q35 uefi-handover fp enabled em=0 ts=0 mp=1 ne=1 osfxsr=1 osxmmexcpt=1 osxsave=1 xcr0=7 xsave=832
KICKOS-X1 8c41d7a2 x86_64/q35 uefi-handover boot services left
KICKOS-X1 8c41d7a2 x86_64/q35 uefi-handover if_after_exit=0
x86_64 app relocation: base=0x0000000000400000 load_delta=0x0000000000000000 app_words=266

  ==============================================
   KickOS 0.5.1  -  microkernel RTOS
  ==============================================
   board   qemu-x86_64
   arch    x86_64
   cpu     x86-64-v3
   mpu     off
   sched   tickless
   build   2026-10-02 01:46:12 +0200
   app     Oct  2 2026 01:46:14 +0200
   commit  nogit
   heap    16 KiB available
   kstack  4096 B x 33 = 135168 B

microbenchmark: context-switch throughput (all arches) + per-switch cost
+ IRQ-entry latency where a cycle counter exists. Reporter woken by the
workload, not a timer. Telemetry OFF for clean numbers.
cycle counter: 1997270827 Hz (0 = no rate converts a reading; cycles only)

  lock-probe: hold+1 core=0 depth=0  (three nested, one outermost)
  call/reply: 8 B  1910 ns/round-trip  (523350 round-trips/s over 20000 calls / 38 ms)
  call/reply: 16 B  1909 ns/round-trip  (523779 round-trips/s over 20000 calls / 38 ms)
  call/reply: 32 B  1909 ns/round-trip  (523722 round-trips/s over 20000 calls / 38 ms)
  call/reply: 64 B  1910 ns/round-trip  (523408 round-trips/s over 20000 calls / 38 ms)
  call/reply: 128 B  1910 ns/round-trip  (523544 round-trips/s over 20000 calls / 38 ms)
  call/reply: 256 B  1912 ns/round-trip  (522920 round-trips/s over 20000 calls / 38 ms)
  call/reply: 8 B  1907 ns/round-trip  (524271 round-trips/s over 20000 calls / 38 ms) [generic path]
  call/reply: 16 B  1909 ns/round-trip  (523747 round-trips/s over 20000 calls / 38 ms) [generic path]
  call/reply: 32 B  1909 ns/round-trip  (523639 round-trips/s over 20000 calls / 38 ms) [generic path]
  call/reply: 64 B  1910 ns/round-trip  (523331 round-trips/s over 20000 calls / 38 ms) [generic path]
  call/reply: 128 B  1911 ns/round-trip  (523092 round-trips/s over 20000 calls / 38 ms) [generic path]
  call/reply: 256 B  1911 ns/round-trip  (523068 round-trips/s over 20000 calls / 38 ms) [generic path]
  call/reply: 32 B  1951 ns/round-trip  (512342 round-trips/s over 20000 calls / 39 ms) [caller outranks server, D1 donates]
  phase table (44 rows; cyc avg/max, min last and a floor; leaf -= NULL, composite -= NULL + k*(NEST-NULL)):
    NULL             24/11020  min=20  n=260000
    NEST             75/11100  min=60  n=260000
    NEST_LOCK        55/15020  min=40  n=260000
    CALL_TOTAL       3565/88160  min=3500  n=259999
    CALL_VALIDATE    27/12340  min=20  n=260000
    CALL_LOCKED      3438/88020  min=3380  n=259999
    CALL_RESOLVE     38/17160  min=20  n=260000
    CALL_PEEK        26/15620  min=20  n=260000
    CALL_PROBE       22/160  min=20  n=259999
    CALL_POP         27/16720  min=20  n=259999
    CALL_COPY        89/43320  min=60  n=259999
    CALL_MINT        168/16920  min=160  n=259999
    CALL_MINT_CAP    41/12680  min=40  n=259999
    CALL_MINT_INFO   54/16760  min=40  n=259999
    CALL_DONATE      23/60  min=20  n=19999
    CALL_PARK        38/220  min=20  n=259999
    CALL_WAKE        2611/87180  min=2560  n=259999
    CALL_RESUME      23/15280  min=20  n=260000
    CALL_SLOW_TOTAL  5940/5940  min=5940  n=1
    CALL_SLOW_LOCKED 5700/5700  min=5700  n=1
    CALL_SLOW_DONATE 0/0  min=0  n=0
    CALL_SLOW_PARK   5220/5220  min=5220  n=1
    RECV_LOCKED      2980/47480  min=2920  n=259999
    RECV_RESOLVE     46/14800  min=40  n=260000
    RECV_SCAN        23/11660  min=20  n=259999
    RECV_PARK        2807/47280  min=2760  n=259999
    REPLY_TOTAL      250101/3242340  min=700  n=13
    REPLY_VALIDATE   110/120  min=100  n=13
    REPLY_LOCKED     376/21320  min=340  n=260000
    REPLY_LOOKUP     31/420  min=20  n=260000
    REPLY_COPY       95/19100  min=60  n=260000
    REPLY_FUNNEL     28/14460  min=20  n=260000
    REPLY_WAKE       92/7060  min=80  n=260000
    REPLY_RECV_TOTAL 3507/48000  min=1640  n=260000
    REPLY_RECV_TAIL  87/19960  min=80  n=259999
    WAKE_UNPARK      41/11840  min=40  n=520012
    PICK_NEXT        41/15040  min=40  n=520064
    SWITCH_TO        4527/81213860  min=2380  n=520013
    SWITCH_BOOK      41/17580  min=40  n=520039
    MPU_APPLY        27/13400  min=20  n=520039
    MPU_COMMIT       0/0  min=0  n=0
    REENT_SEAT       22/460  min=20  n=520039
    KTIME_REARM      32/14040  min=20  n=520039
    ARCH_SWITCH      4251/81212940  min=2100  n=520013
  ns-probe: cyc=4294967295 ns=2150418078 capped=0
  sat-probe: width=64 fits+1/0 wide+0/1 max=1000

  throughput: 1531013 ctx-sw/s  (653 ns/sw avg over 40000 switches / 26 ms)
  switch-probe: fastpath-swaps=0  (swapped inside the trap, so not in the switch row)
  swb-clock: 2000000 cycles in 776460 ticks
  swb-exact: p1=240 p50=240 p99=260 mean10=2484 n=40002
  switch:    240/256/14720 cyc  120/128/7370 ns  (p50/p99/max, n=40002)
  lock-hold: 208/768/42040 cyc  104/384/21048 ns  (p50/p99/max, n=80362)
  lock-site: core=0 site=0x40b5a5 max=42040
  irq-probe: line=6 raise=inject on=0 raised=100 hcore=none foreign=0 win=0
  irq:       0/0/0 cyc  0/0/0 ns  (p50/max/max, n=0)
  wcase-probe: line=6 raise=inject on=0 raised=100 hcore=none foreign=0 win=0
  wcase-irq[0B]:    0/0/0 cyc  0/0/0 ns  (p50/max/max, n=0)
  wcase-probe: line=6 raise=inject on=0 raised=100 hcore=none foreign=0 win=0
  wcase-irq[64B]:   0/0/0 cyc  0/0/0 ns  (p50/max/max, n=0)
  wcase-probe: line=6 raise=inject on=0 raised=100 hcore=none foreign=0 win=0
  wcase-irq[256B]:  0/0/0 cyc  0/0/0 ns  (p50/max/max, n=0)
  wcase-probe: line=6 raise=inject on=0 raised=100 hcore=none foreign=0 win=0
  wcase-irq[1024B]: 0/0/0 cyc  0/0/0 ns  (p50/max/max, n=0)
  e2e-settle: settled=2/2
  e2e-probe: line=7 closed=1000 dropped=0 tare=70/73 ns  (min/avg, n=64)
  e2e-passes: asked=1000 raised=1000
  e2e-local: 8192/8192/18685 ns  (p50/p99/max, n=1000)
  throughput: 1531335 ctx-sw/s  (653 ns/sw avg over 40000 switches / 26 ms)
  switch-probe: fastpath-swaps=0  (swapped inside the trap, so not in the switch row)
  swb-clock: 2000000 cycles in 776240 ticks
  swb-exact: p1=240 p50=240 p99=260 mean10=2487 n=40002
  switch:    240/256/14540 cyc  120/128/7279 ns  (p50/p99/max, n=40002)
  lock-hold: 208/768/28700 cyc  104/384/14369 ns  (p50/p99/max, n=80365)
  lock-site: core=0 site=0x40b5a5 max=28700
  irq-probe: line=6 raise=inject on=0 raised=100 hcore=none foreign=0 win=0
  irq:       0/0/0 cyc  0/0/0 ns  (p50/max/max, n=0)
  wcase-probe: line=6 raise=inject on=0 raised=100 hcore=none foreign=0 win=0
  wcase-irq[0B]:    0/0/0 cyc  0/0/0 ns  (p50/max/max, n=0)
  wcase-probe: line=6 raise=inject on=0 raised=100 hcore=none foreign=0 win=0
  wcase-irq[64B]:   0/0/0 cyc  0/0/0 ns  (p50/max/max, n=0)
  wcase-probe: line=6 raise=inject on=0 raised=100 hcore=none foreign=0 win=0
  wcase-irq[256B]:  0/0/0 cyc  0/0/0 ns  (p50/max/max, n=0)
  wcase-probe: line=6 raise=inject on=0 raised=100 hcore=none foreign=0 win=0
  wcase-irq[1024B]: 0/0/0 cyc  0/0/0 ns  (p50/max/max, n=0)
  e2e-settle: settled=2/2
  e2e-probe: line=7 closed=1000 dropped=0 tare=70/73 ns  (min/avg, n=64)
  e2e-passes: asked=1000 raised=1000
  e2e-local: 8192/11264/19266 ns  (p50/p99/max, n=1000)
  throughput: 1527077 ctx-sw/s  (654 ns/sw avg over 40000 switches / 26 ms)
  switch-probe: fastpath-swaps=0  (swapped inside the trap, so not in the switch row)
  swb-clock: 2000000 cycles in 777220 ticks
  swb-exact: p1=240 p50=240 p99=260 mean10=2490 n=40002
  switch:    240/256/12760 cyc  120/128/6388 ns  (p50/p99/max, n=40002)
  lock-hold: 208/768/39700 cyc  104/384/19877 ns  (p50/p99/max, n=80365)
  lock-site: core=0 site=0x419048 max=39700
  irq-probe: line=6 raise=inject on=0 raised=100 hcore=none foreign=0 win=0
  irq:       0/0/0 cyc  0/0/0 ns  (p50/max/max, n=0)
  wcase-probe: line=6 raise=inject on=0 raised=100 hcore=none foreign=0 win=0
  wcase-irq[0B]:    0/0/0 cyc  0/0/0 ns  (p50/max/max, n=0)
  wcase-probe: line=6 raise=inject on=0 raised=100 hcore=none foreign=0 win=0
  wcase-irq[64B]:   0/0/0 cyc  0/0/0 ns  (p50/max/max, n=0)
  wcase-probe: line=6 raise=inject on=0 raised=100 hcore=none foreign=0 win=0
  wcase-irq[256B]:  0/0/0 cyc  0/0/0 ns  (p50/max/max, n=0)
  wcase-probe: line=6 raise=inject on=0 raised=100 hcore=none foreign=0 win=0
  wcase-irq[1024B]: 0/0/0 cyc  0/0/0 ns  (p50/max/max, n=0)
  e2e-settle: settled=2/2
  e2e-probe: line=7 closed=1000 dropped=0 tare=70/73 ns  (min/avg, n=64)
  e2e-passes: asked=1000 raised=1000
  e2e-local: 8192/9216/19056 ns  (p50/p99/max, n=1000)
  swb-clock: 2000000 cycles in 776360 ticks
  swb-exact: p1=240 p50=240 p99=260 mean10=2459 n=40002
  switch-vec: 240/256/44180 cyc  120/128/22120 ns  (p50/p99/max, n=40002)
  xtask ping-pong: 860 ns/switch  (40000 switches / 34 ms)
  xtask call/reply: 16 B  2392 ns/round-trip  (418054 round-trips/s over 20000 calls / 47 ms)
  spawn/exit: thread 15942 ns  (200 reps / 3 ms)
  spawn/exit: task 35507 ns  (200 reps / 7 ms)
bench: done

KICKOS-EXIT status 0
