?[2J?[001;001H?[=3h?[2J?[001;001H?[2J?[001;001H?[8;042;160t?[2J?[001;001H?[2J?[001;001H?[8;056;240t?[2J?[001;001HBdsDxe: loading Boot0002 "UEFI QEMU HARDDISK QM00001 " from PciRoot(0x0)/Pci(0x1F,0x2)/Sata(0x0,0xFFFF,0x0)
BdsDxe: starting Boot0002 "UEFI QEMU HARDDISK QM00001 " from PciRoot(0x0)/Pci(0x1F,0x2)/Sata(0x0,0xFFFF,0x0)

KICKOS-X1 8c41d7a2 x86_64/q35 uefi-handover entry
KICKOS-X1 8c41d7a2 x86_64/q35 uefi-handover handover if=1 paging=1 longmode=1 root=1 wp=1 nx=1 nxcap=1
KICKOS-X1 8c41d7a2 x86_64/q35 uefi-handover if_after_cli=0
KICKOS-X1 8c41d7a2 x86_64/q35 uefi-handover firmware=Debian distribution of EDK II
KICKOS-X1 8c41d7a2 x86_64/q35 uefi-handover revision=0x0000000000020046
KICKOS-X1 8c41d7a2 x86_64/q35 uefi-handover map descriptors=113 stride=48 version=1 conventional_pages=118377 arena=0x0000000001800000 arena_pages=108270
KICKOS-X1 8c41d7a2 x86_64/q35 uefi-handover fp found em=0 ts=0 mp=1 osfxsr=1 osxmmexcpt=1 osxsave=0
KICKOS-X1 8c41d7a2 x86_64/q35 uefi-handover fp enabled em=0 ts=0 mp=1 ne=1 osfxsr=1 osxmmexcpt=1 osxsave=1 xcr0=7 xsave=832
KICKOS-X1 8c41d7a2 x86_64/q35 uefi-handover boot services left
KICKOS-X1 8c41d7a2 x86_64/q35 uefi-handover if_after_exit=0
x86_64 app relocation: base=0x0000000000400000 load_delta=0x0000000000000000 app_words=266

  ==============================================
   KickOS 0.5.1  -  microkernel RTOS
  ==============================================
   board   qemu-x86_64
   arch    x86_64
   cpu     x86-64-v3
   mpu     off
   sched   tickless
   build   2026-10-02 01:46:12 +0200
   app     Oct  2 2026 01:46:14 +0200
   commit  nogit
   heap    16 KiB available
   kstack  4096 B x 33 = 135168 B

microbenchmark: context-switch throughput (all arches) + per-switch cost
+ IRQ-entry latency where a cycle counter exists. Reporter woken by the
workload, not a timer. Telemetry OFF for clean numbers.
cycle counter: 2011707953 Hz (0 = no rate converts a reading; cycles only)

  lock-probe: hold+1 core=0 depth=0  (three nested, one outermost)
  call/reply: 8 B  1898 ns/round-trip  (526611 round-trips/s over 20000 calls / 37 ms)
  call/reply: 16 B  1893 ns/round-trip  (528198 round-trips/s over 20000 calls / 37 ms)
  call/reply: 32 B  1897 ns/round-trip  (527069 round-trips/s over 20000 calls / 37 ms)
  call/reply: 64 B  1896 ns/round-trip  (527323 round-trips/s over 20000 calls / 37 ms)
  call/reply: 128 B  1903 ns/round-trip  (525234 round-trips/s over 20000 calls / 38 ms)
  call/reply: 256 B  1898 ns/round-trip  (526826 round-trips/s over 20000 calls / 37 ms)
  call/reply: 8 B  1893 ns/round-trip  (527985 round-trips/s over 20000 calls / 37 ms) [generic path]
  call/reply: 16 B  1898 ns/round-trip  (526759 round-trips/s over 20000 calls / 37 ms) [generic path]
  call/reply: 32 B  1922 ns/round-trip  (520140 round-trips/s over 20000 calls / 38 ms) [generic path]
  call/reply: 64 B  1898 ns/round-trip  (526705 round-trips/s over 20000 calls / 37 ms) [generic path]
  call/reply: 128 B  1899 ns/round-trip  (526499 round-trips/s over 20000 calls / 37 ms) [generic path]
  call/reply: 256 B  1900 ns/round-trip  (526197 round-trips/s over 20000 calls / 38 ms) [generic path]
  call/reply: 32 B  1938 ns/round-trip  (515880 round-trips/s over 20000 calls / 38 ms) [caller outranks server, D1 donates]
  phase table (44 rows; cyc avg/max, min last and a floor; leaf -= NULL, composite -= NULL + k*(NEST-NULL)):
    NULL             24/11220  min=20  n=260000
    NEST             74/16060  min=60  n=260000
    NEST_LOCK        55/47300  min=40  n=260000
    CALL_TOTAL       3572/945020  min=3500  n=259999
    CALL_VALIDATE    27/380  min=20  n=260000
    CALL_LOCKED      3444/944880  min=3380  n=259999
    CALL_RESOLVE     38/380  min=20  n=260000
    CALL_PEEK        25/12780  min=20  n=260000
    CALL_PROBE       23/14100  min=20  n=259999
    CALL_POP         26/360  min=20  n=259999
    CALL_COPY        89/14400  min=80  n=259999
    CALL_MINT        168/17000  min=160  n=259999
    CALL_MINT_CAP    41/11220  min=40  n=259999
    CALL_MINT_INFO   54/12220  min=40  n=259999
    CALL_DONATE      23/60  min=20  n=19999
    CALL_PARK        38/17080  min=20  n=259999
    CALL_WAKE        2617/944020  min=2560  n=259999
    CALL_RESUME      23/360  min=20  n=260000
    CALL_SLOW_TOTAL  6040/6040  min=6040  n=1
    CALL_SLOW_LOCKED 5780/5780  min=5780  n=1
    CALL_SLOW_DONATE 0/0  min=0  n=0
    CALL_SLOW_PARK   5300/5300  min=5300  n=1
    RECV_LOCKED      2986/941200  min=2940  n=259999
    RECV_RESOLVE     46/12200  min=40  n=260000
    RECV_SCAN        23/16780  min=20  n=259999
    RECV_PARK        2813/941020  min=2760  n=259999
    REPLY_TOTAL      247612/3209900  min=720  n=13
    REPLY_VALIDATE   120/140  min=100  n=13
    REPLY_LOCKED     376/35420  min=340  n=260000
    REPLY_LOOKUP     31/33940  min=20  n=260000
    REPLY_COPY       95/14900  min=60  n=260000
    REPLY_FUNNEL     28/380  min=20  n=260000
    REPLY_WAKE       92/16600  min=80  n=260000
    REPLY_RECV_TOTAL 3514/941740  min=1660  n=260000
    REPLY_RECV_TAIL  87/15140  min=80  n=259999
    WAKE_UNPARK      41/36560  min=40  n=520012
    PICK_NEXT        43/937620  min=40  n=520064
    SWITCH_TO        4535/81206280  min=2380  n=520013
    SWITCH_BOOK      42/21040  min=40  n=520039
    MPU_APPLY        27/13440  min=20  n=520039
    MPU_COMMIT       0/0  min=0  n=0
    REENT_SEAT       23/15900  min=20  n=520039
    KTIME_REARM      32/13660  min=20  n=520039
    ARCH_SWITCH      4258/81205380  min=2100  n=520013
  ns-probe: cyc=4294967295 ns=2134985492 capped=0
  sat-probe: width=64 fits+1/0 wide+0/1 max=1000

  throughput: 1543022 ctx-sw/s  (648 ns/sw avg over 40000 switches / 25 ms)
  switch-probe: fastpath-swaps=0  (swapped inside the trap, so not in the switch row)
  swb-clock: 2000000 cycles in 776080 ticks
  swb-exact: p1=240 p50=240 p99=260 mean10=2482 n=40002
  switch:    240/256/12580 cyc  119/127/6253 ns  (p50/p99/max, n=40002)
  lock-hold: 208/768/30440 cyc  103/381/15131 ns  (p50/p99/max, n=80362)
  lock-site: core=0 site=0x40b5a5 max=30440
  irq-probe: line=6 raise=inject on=0 raised=100 hcore=none foreign=0 win=0
  irq:       0/0/0 cyc  0/0/0 ns  (p50/max/max, n=0)
  wcase-probe: line=6 raise=inject on=0 raised=100 hcore=none foreign=0 win=0
  wcase-irq[0B]:    0/0/0 cyc  0/0/0 ns  (p50/max/max, n=0)
  wcase-probe: line=6 raise=inject on=0 raised=100 hcore=none foreign=0 win=0
  wcase-irq[64B]:   0/0/0 cyc  0/0/0 ns  (p50/max/max, n=0)
  wcase-probe: line=6 raise=inject on=0 raised=100 hcore=none foreign=0 win=0
  wcase-irq[256B]:  0/0/0 cyc  0/0/0 ns  (p50/max/max, n=0)
  wcase-probe: line=6 raise=inject on=0 raised=100 hcore=none foreign=0 win=0
  wcase-irq[1024B]: 0/0/0 cyc  0/0/0 ns  (p50/max/max, n=0)
  e2e-settle: settled=2/2
  e2e-probe: line=7 closed=1000 dropped=0 tare=69/72 ns  (min/avg, n=64)
  e2e-passes: asked=1000 raised=1000
  e2e-local: 8192/8192/16135 ns  (p50/p99/max, n=1000)
  throughput: 1539058 ctx-sw/s  (649 ns/sw avg over 40000 switches / 25 ms)
  switch-probe: fastpath-swaps=0  (swapped inside the trap, so not in the switch row)
  swb-clock: 2000000 cycles in 776200 ticks
  swb-exact: p1=240 p50=240 p99=260 mean10=2484 n=40002
  switch:    240/256/15900 cyc  119/127/7903 ns  (p50/p99/max, n=40002)
  lock-hold: 208/768/28760 cyc  103/381/14296 ns  (p50/p99/max, n=80365)
  lock-site: core=0 site=0x40b5a5 max=28760
  irq-probe: line=6 raise=inject on=0 raised=100 hcore=none foreign=0 win=0
  irq:       0/0/0 cyc  0/0/0 ns  (p50/max/max, n=0)
  wcase-probe: line=6 raise=inject on=0 raised=100 hcore=none foreign=0 win=0
  wcase-irq[0B]:    0/0/0 cyc  0/0/0 ns  (p50/max/max, n=0)
  wcase-probe: line=6 raise=inject on=0 raised=100 hcore=none foreign=0 win=0
  wcase-irq[64B]:   0/0/0 cyc  0/0/0 ns  (p50/max/max, n=0)
  wcase-probe: line=6 raise=inject on=0 raised=100 hcore=none foreign=0 win=0
  wcase-irq[256B]:  0/0/0 cyc  0/0/0 ns  (p50/max/max, n=0)
  wcase-probe: line=6 raise=inject on=0 raised=100 hcore=none foreign=0 win=0
  wcase-irq[1024B]: 0/0/0 cyc  0/0/0 ns  (p50/max/max, n=0)
  e2e-settle: settled=2/2
  e2e-probe: line=7 closed=1000 dropped=0 tare=69/72 ns  (min/avg, n=64)
  e2e-passes: asked=1000 raised=1000
  e2e-local: 8192/8192/18402 ns  (p50/p99/max, n=1000)
  throughput: 1542044 ctx-sw/s  (648 ns/sw avg over 40000 switches / 25 ms)
  switch-probe: fastpath-swaps=0  (swapped inside the trap, so not in the switch row)
  swb-clock: 2000000 cycles in 776180 ticks
  swb-exact: p1=240 p50=240 p99=260 mean10=2487 n=40002
  switch:    240/256/13800 cyc  119/127/6859 ns  (p50/p99/max, n=40002)
  lock-hold: 208/768/29660 cyc  103/381/14743 ns  (p50/p99/max, n=80365)
  lock-site: core=0 site=0x40b5a5 max=29660
  irq-probe: line=6 raise=inject on=0 raised=100 hcore=none foreign=0 win=0
  irq:       0/0/0 cyc  0/0/0 ns  (p50/max/max, n=0)
  wcase-probe: line=6 raise=inject on=0 raised=100 hcore=none foreign=0 win=0
  wcase-irq[0B]:    0/0/0 cyc  0/0/0 ns  (p50/max/max, n=0)
  wcase-probe: line=6 raise=inject on=0 raised=100 hcore=none foreign=0 win=0
  wcase-irq[64B]:   0/0/0 cyc  0/0/0 ns  (p50/max/max, n=0)
  wcase-probe: line=6 raise=inject on=0 raised=100 hcore=none foreign=0 win=0
  wcase-irq[256B]:  0/0/0 cyc  0/0/0 ns  (p50/max/max, n=0)
  wcase-probe: line=6 raise=inject on=0 raised=100 hcore=none foreign=0 win=0
  wcase-irq[1024B]: 0/0/0 cyc  0/0/0 ns  (p50/max/max, n=0)
  e2e-settle: settled=2/2
  e2e-probe: line=7 closed=1000 dropped=0 tare=69/72 ns  (min/avg, n=64)
  e2e-passes: asked=1000 raised=1000
  e2e-local: 8192/8192/15072 ns  (p50/p99/max, n=1000)
  swb-clock: 2000000 cycles in 776260 ticks
  swb-exact: p1=240 p50=240 p99=260 mean10=2463 n=40002
  switch-vec: 240/256/14440 cyc  119/127/7177 ns  (p50/p99/max, n=40002)
  xtask ping-pong: 855 ns/switch  (40000 switches / 34 ms)
  xtask call/reply: 16 B  2366 ns/round-trip  (422651 round-trips/s over 20000 calls / 47 ms)
  spawn/exit: thread 15636 ns  (200 reps / 3 ms)
  spawn/exit: task 35040 ns  (200 reps / 7 ms)
bench: done

KICKOS-EXIT status 0
?[2J?[001;001H?[=3h?[2J?[001;001H?[2J?[001;001H?[8;042;160t?[2J?[001;001H?[2J?[001;001H?[8;056;240t?[2J?[001;001HBdsDxe: loading Boot0002 "UEFI QEMU HARDDISK QM00001 " from PciRoot(0x0)/Pci(0x1F,0x2)/Sata(0x0,0xFFFF,0x0)
BdsDxe: starting Boot0002 "UEFI QEMU HARDDISK QM00001 " from PciRoot(0x0)/Pci(0x1F,0x2)/Sata(0x0,0xFFFF,0x0)

KICKOS-X1 8c41d7a2 x86_64/q35 uefi-handover entry
KICKOS-X1 8c41d7a2 x86_64/q35 uefi-handover handover if=1 paging=1 longmode=1 root=1 wp=1 nx=1 nxcap=1
KICKOS-X1 8c41d7a2 x86_64/q35 uefi-handover if_after_cli=0
KICKOS-X1 8c41d7a2 x86_64/q35 uefi-handover firmware=Debian distribution of EDK II
KICKOS-X1 8c41d7a2 x86_64/q35 uefi-handover revision=0x0000000000020046
KICKOS-X1 8c41d7a2 x86_64/q35 uefi-handover map descriptors=113 stride=48 version=1 conventional_pages=118377 arena=0x0000000001800000 arena_pages=108270
KICKOS-X1 8c41d7a2 x86_64/q35 uefi-handover fp found em=0 ts=0 mp=1 osfxsr=1 osxmmexcpt=1 osxsave=0
KICKOS-X1 8c41d7a2 x86_64/q35 uefi-handover fp enabled em=0 ts=0 mp=1 ne=1 osfxsr=1 osxmmexcpt=1 osxsave=1 xcr0=7 xsave=832
KICKOS-X1 8c41d7a2 x86_64/q35 uefi-handover boot services left
KICKOS-X1 8c41d7a2 x86_64/q35 uefi-handover if_after_exit=0
x86_64 app relocation: base=0x0000000000400000 load_delta=0x0000000000000000 app_words=266

  ==============================================
   KickOS 0.5.1  -  microkernel RTOS
  ==============================================
   board   qemu-x86_64
   arch    x86_64
   cpu     x86-64-v3
   mpu     off
   sched   tickless
   build   2026-10-02 01:46:12 +0200
   app     Oct  2 2026 01:46:14 +0200
   commit  nogit
   heap    16 KiB available
   kstack  4096 B x 33 = 135168 B

microbenchmark: context-switch throughput (all arches) + per-switch cost
+ IRQ-entry latency where a cycle counter exists. Reporter woken by the
workload, not a timer. Telemetry OFF for clean numbers.
cycle counter: 2011707953 Hz (0 = no rate converts a reading; cycles only)

  lock-probe: hold+1 core=0 depth=0  (three nested, one outermost)
  call/reply: 8 B  1898 ns/round-trip  (526611 round-trips/s over 20000 calls / 37 ms)
  call/reply: 16 B  1893 ns/round-trip  (528198 round-trips/s over 20000 calls / 37 ms)
  call/reply: 32 B  1897 ns/round-trip  (527069 round-trips/s over 20000 calls / 37 ms)
  call/reply: 64 B  1896 ns/round-trip  (527323 round-trips/s over 20000 calls / 37 ms)
  call/reply: 128 B  1903 ns/round-trip  (525234 round-trips/s over 20000 calls / 38 ms)
  call/reply: 256 B  1898 ns/round-trip  (526826 round-trips/s over 20000 calls / 37 ms)
  call/reply: 8 B  1893 ns/round-trip  (527985 round-trips/s over 20000 calls / 37 ms) [generic path]
  call/reply: 16 B  1898 ns/round-trip  (526759 round-trips/s over 20000 calls / 37 ms) [generic path]
  call/reply: 32 B  1922 ns/round-trip  (520140 round-trips/s over 20000 calls / 38 ms) [generic path]
  call/reply: 64 B  1898 ns/round-trip  (526705 round-trips/s over 20000 calls / 37 ms) [generic path]
  call/reply: 128 B  1899 ns/round-trip  (526499 round-trips/s over 20000 calls / 37 ms) [generic path]
  call/reply: 256 B  1900 ns/round-trip  (526197 round-trips/s over 20000 calls / 38 ms) [generic path]
  call/reply: 32 B  1938 ns/round-trip  (515880 round-trips/s over 20000 calls / 38 ms) [caller outranks server, D1 donates]
  phase table (44 rows; cyc avg/max, min last and a floor; leaf -= NULL, composite -= NULL + k*(NEST-NULL)):
    NULL             24/11220  min=20  n=260000
    NEST             74/16060  min=60  n=260000
    NEST_LOCK        55/47300  min=40  n=260000
    CALL_TOTAL       3572/945020  min=3500  n=259999
    CALL_VALIDATE    27/380  min=20  n=260000
    CALL_LOCKED      3444/944880  min=3380  n=259999
    CALL_RESOLVE     38/380  min=20  n=260000
    CALL_PEEK        25/12780  min=20  n=260000
    CALL_PROBE       23/14100  min=20  n=259999
    CALL_POP         26/360  min=20  n=259999
    CALL_COPY        89/14400  min=80  n=259999
    CALL_MINT        168/17000  min=160  n=259999
    CALL_MINT_CAP    41/11220  min=40  n=259999
    CALL_MINT_INFO   54/12220  min=40  n=259999
    CALL_DONATE      23/60  min=20  n=19999
    CALL_PARK        38/17080  min=20  n=259999
    CALL_WAKE        2617/944020  min=2560  n=259999
    CALL_RESUME      23/360  min=20  n=260000
    CALL_SLOW_TOTAL  6040/6040  min=6040  n=1
    CALL_SLOW_LOCKED 5780/5780  min=5780  n=1
    CALL_SLOW_DONATE 0/0  min=0  n=0
    CALL_SLOW_PARK   5300/5300  min=5300  n=1
    RECV_LOCKED      2986/941200  min=2940  n=259999
    RECV_RESOLVE     46/12200  min=40  n=260000
    RECV_SCAN        23/16780  min=20  n=259999
    RECV_PARK        2813/941020  min=2760  n=259999
    REPLY_TOTAL      247612/3209900  min=720  n=13
    REPLY_VALIDATE   120/140  min=100  n=13
    REPLY_LOCKED     376/35420  min=340  n=260000
    REPLY_LOOKUP     31/33940  min=20  n=260000
    REPLY_COPY       95/14900  min=60  n=260000
    REPLY_FUNNEL     28/380  min=20  n=260000
    REPLY_WAKE       92/16600  min=80  n=260000
    REPLY_RECV_TOTAL 3514/941740  min=1660  n=260000
    REPLY_RECV_TAIL  87/15140  min=80  n=259999
    WAKE_UNPARK      41/36560  min=40  n=520012
    PICK_NEXT        43/937620  min=40  n=520064
    SWITCH_TO        4535/81206280  min=2380  n=520013
    SWITCH_BOOK      42/21040  min=40  n=520039
    MPU_APPLY        27/13440  min=20  n=520039
    MPU_COMMIT       0/0  min=0  n=0
    REENT_SEAT       23/15900  min=20  n=520039
    KTIME_REARM      32/13660  min=20  n=520039
    ARCH_SWITCH      4258/81205380  min=2100  n=520013
  ns-probe: cyc=4294967295 ns=2134985492 capped=0
  sat-probe: width=64 fits+1/0 wide+0/1 max=1000

  throughput: 1543022 ctx-sw/s  (648 ns/sw avg over 40000 switches / 25 ms)
  switch-probe: fastpath-swaps=0  (swapped inside the trap, so not in the switch row)
  swb-clock: 2000000 cycles in 776080 ticks
  swb-exact: p1=240 p50=240 p99=260 mean10=2482 n=40002
  switch:    240/256/12580 cyc  119/127/6253 ns  (p50/p99/max, n=40002)
  lock-hold: 208/768/30440 cyc  103/381/15131 ns  (p50/p99/max, n=80362)
  lock-site: core=0 site=0x40b5a5 max=30440
  irq-probe: line=6 raise=inject on=0 raised=100 hcore=none foreign=0 win=0
  irq:       0/0/0 cyc  0/0/0 ns  (p50/max/max, n=0)
  wcase-probe: line=6 raise=inject on=0 raised=100 hcore=none foreign=0 win=0
  wcase-irq[0B]:    0/0/0 cyc  0/0/0 ns  (p50/max/max, n=0)
  wcase-probe: line=6 raise=inject on=0 raised=100 hcore=none foreign=0 win=0
  wcase-irq[64B]:   0/0/0 cyc  0/0/0 ns  (p50/max/max, n=0)
  wcase-probe: line=6 raise=inject on=0 raised=100 hcore=none foreign=0 win=0
  wcase-irq[256B]:  0/0/0 cyc  0/0/0 ns  (p50/max/max, n=0)
  wcase-probe: line=6 raise=inject on=0 raised=100 hcore=none foreign=0 win=0
  wcase-irq[1024B]: 0/0/0 cyc  0/0/0 ns  (p50/max/max, n=0)
  e2e-settle: settled=2/2
  e2e-probe: line=7 closed=1000 dropped=0 tare=69/72 ns  (min/avg, n=64)
  e2e-passes: asked=1000 raised=1000
  e2e-local: 8192/8192/16135 ns  (p50/p99/max, n=1000)
  throughput: 1539058 ctx-sw/s  (649 ns/sw avg over 40000 switches / 25 ms)
  switch-probe: fastpath-swaps=0  (swapped inside the trap, so not in the switch row)
  swb-clock: 2000000 cycles in 776200 ticks
  swb-exact: p1=240 p50=240 p99=260 mean10=2484 n=40002
  switch:    240/256/15900 cyc  119/127/7903 ns  (p50/p99/max, n=40002)
  lock-hold: 208/768/28760 cyc  103/381/14296 ns  (p50/p99/max, n=80365)
  lock-site: core=0 site=0x40b5a5 max=28760
  irq-probe: line=6 raise=inject on=0 raised=100 hcore=none foreign=0 win=0
  irq:       0/0/0 cyc  0/0/0 ns  (p50/max/max, n=0)
  wcase-probe: line=6 raise=inject on=0 raised=100 hcore=none foreign=0 win=0
  wcase-irq[0B]:    0/0/0 cyc  0/0/0 ns  (p50/max/max, n=0)
  wcase-probe: line=6 raise=inject on=0 raised=100 hcore=none foreign=0 win=0
  wcase-irq[64B]:   0/0/0 cyc  0/0/0 ns  (p50/max/max, n=0)
  wcase-probe: line=6 raise=inject on=0 raised=100 hcore=none foreign=0 win=0
  wcase-irq[256B]:  0/0/0 cyc  0/0/0 ns  (p50/max/max, n=0)
  wcase-probe: line=6 raise=inject on=0 raised=100 hcore=none foreign=0 win=0
  wcase-irq[1024B]: 0/0/0 cyc  0/0/0 ns  (p50/max/max, n=0)
  e2e-settle: settled=2/2
  e2e-probe: line=7 closed=1000 dropped=0 tare=69/72 ns  (min/avg, n=64)
  e2e-passes: asked=1000 raised=1000
  e2e-local: 8192/8192/18402 ns  (p50/p99/max, n=1000)
  throughput: 1542044 ctx-sw/s  (648 ns/sw avg over 40000 switches / 25 ms)
  switch-probe: fastpath-swaps=0  (swapped inside the trap, so not in the switch row)
  swb-clock: 2000000 cycles in 776180 ticks
  swb-exact: p1=240 p50=240 p99=260 mean10=2487 n=40002
  switch:    240/256/13800 cyc  119/127/6859 ns  (p50/p99/max, n=40002)
  lock-hold: 208/768/29660 cyc  103/381/14743 ns  (p50/p99/max, n=80365)
  lock-site: core=0 site=0x40b5a5 max=29660
  irq-probe: line=6 raise=inject on=0 raised=100 hcore=none foreign=0 win=0
  irq:       0/0/0 cyc  0/0/0 ns  (p50/max/max, n=0)
  wcase-probe: line=6 raise=inject on=0 raised=100 hcore=none foreign=0 win=0
  wcase-irq[0B]:    0/0/0 cyc  0/0/0 ns  (p50/max/max, n=0)
  wcase-probe: line=6 raise=inject on=0 raised=100 hcore=none foreign=0 win=0
  wcase-irq[64B]:   0/0/0 cyc  0/0/0 ns  (p50/max/max, n=0)
  wcase-probe: line=6 raise=inject on=0 raised=100 hcore=none foreign=0 win=0
  wcase-irq[256B]:  0/0/0 cyc  0/0/0 ns  (p50/max/max, n=0)
  wcase-probe: line=6 raise=inject on=0 raised=100 hcore=none foreign=0 win=0
  wcase-irq[1024B]: 0/0/0 cyc  0/0/0 ns  (p50/max/max, n=0)
  e2e-settle: settled=2/2
  e2e-probe: line=7 closed=1000 dropped=0 tare=69/72 ns  (min/avg, n=64)
  e2e-passes: asked=1000 raised=1000
  e2e-local: 8192/8192/15072 ns  (p50/p99/max, n=1000)
  swb-clock: 2000000 cycles in 776260 ticks
  swb-exact: p1=240 p50=240 p99=260 mean10=2463 n=40002
  switch-vec: 240/256/14440 cyc  119/127/7177 ns  (p50/p99/max, n=40002)
  xtask ping-pong: 855 ns/switch  (40000 switches / 34 ms)
  xtask call/reply: 16 B  2366 ns/round-trip  (422651 round-trips/s over 20000 calls / 47 ms)
  spawn/exit: thread 15636 ns  (200 reps / 3 ms)
  spawn/exit: task 35040 ns  (200 reps / 7 ms)
bench: done

KICKOS-EXIT status 0
