?[2J?[001;001H?[=3h?[2J?[001;001H?[2J?[001;001H?[8;042;160t?[2J?[001;001H?[2J?[001;001H?[8;056;240t?[2J?[001;001HBdsDxe: loading Boot0002 "UEFI QEMU HARDDISK QM00001 " from PciRoot(0x0)/Pci(0x1F,0x2)/Sata(0x0,0xFFFF,0x0)
BdsDxe: starting Boot0002 "UEFI QEMU HARDDISK QM00001 " from PciRoot(0x0)/Pci(0x1F,0x2)/Sata(0x0,0xFFFF,0x0)

KICKOS-X1 8c41d7a2 x86_64/q35 uefi-handover entry
KICKOS-X1 8c41d7a2 x86_64/q35 uefi-handover handover if=1 paging=1 longmode=1 root=1 wp=1 nx=1 nxcap=1
KICKOS-X1 8c41d7a2 x86_64/q35 uefi-handover if_after_cli=0
KICKOS-X1 8c41d7a2 x86_64/q35 uefi-handover firmware=Debian distribution of EDK II
KICKOS-X1 8c41d7a2 x86_64/q35 uefi-handover revision=0x0000000000020046
KICKOS-X1 8c41d7a2 x86_64/q35 uefi-handover map descriptors=113 stride=48 version=1 conventional_pages=118377 arena=0x0000000001800000 arena_pages=108270
KICKOS-X1 8c41d7a2 x86_64/q35 uefi-handover fp found em=0 ts=0 mp=1 osfxsr=1 osxmmexcpt=1 osxsave=0
KICKOS-X1 8c41d7a2 x86_64/q35 uefi-handover fp enabled em=0 ts=0 mp=1 ne=1 osfxsr=1 osxmmexcpt=1 osxsave=1 xcr0=7 xsave=832
KICKOS-X1 8c41d7a2 x86_64/q35 uefi-handover boot services left
KICKOS-X1 8c41d7a2 x86_64/q35 uefi-handover if_after_exit=0
x86_64 app relocation: base=0x0000000000400000 load_delta=0x0000000000000000 app_words=266

  ==============================================
   KickOS 0.5.1  -  microkernel RTOS
  ==============================================
   board   qemu-x86_64
   arch    x86_64
   cpu     x86-64-v3
   mpu     off
   sched   tickless
   build   2026-10-02 01:46:12 +0200
   app     Oct  2 2026 01:46:14 +0200
   commit  nogit
   heap    16 KiB available
   kstack  4096 B x 33 = 135168 B

microbenchmark: context-switch throughput (all arches) + per-switch cost
+ IRQ-entry latency where a cycle counter exists. Reporter woken by the
workload, not a timer. Telemetry OFF for clean numbers.
cycle counter: 2012521186 Hz (0 = no rate converts a reading; cycles only)

  lock-probe: hold+1 core=0 depth=0  (three nested, one outermost)
  call/reply: 8 B  1896 ns/round-trip  (527373 round-trips/s over 20000 calls / 37 ms)
  call/reply: 16 B  1895 ns/round-trip  (527657 round-trips/s over 20000 calls / 37 ms)
  call/reply: 32 B  1897 ns/round-trip  (527007 round-trips/s over 20000 calls / 37 ms)
  call/reply: 64 B  1981 ns/round-trip  (504548 round-trips/s over 20000 calls / 39 ms)
  call/reply: 128 B  1896 ns/round-trip  (527414 round-trips/s over 20000 calls / 37 ms)
  call/reply: 256 B  1898 ns/round-trip  (526685 round-trips/s over 20000 calls / 37 ms)
  call/reply: 8 B  1895 ns/round-trip  (527679 round-trips/s over 20000 calls / 37 ms) [generic path]
  call/reply: 16 B  1896 ns/round-trip  (527269 round-trips/s over 20000 calls / 37 ms) [generic path]
  call/reply: 32 B  1916 ns/round-trip  (521776 round-trips/s over 20000 calls / 38 ms) [generic path]
  call/reply: 64 B  1896 ns/round-trip  (527349 round-trips/s over 20000 calls / 37 ms) [generic path]
  call/reply: 128 B  1900 ns/round-trip  (526114 round-trips/s over 20000 calls / 38 ms) [generic path]
  call/reply: 256 B  2001 ns/round-trip  (499637 round-trips/s over 20000 calls / 40 ms) [generic path]
  call/reply: 32 B  1934 ns/round-trip  (516891 round-trips/s over 20000 calls / 38 ms) [caller outranks server, D1 donates]
  phase table (44 rows; cyc avg/max, min last and a floor; leaf -= NULL, composite -= NULL + k*(NEST-NULL)):
    NULL             24/11340  min=20  n=260000
    NEST             75/11420  min=60  n=260000
    NEST_LOCK        55/16140  min=40  n=260000
    CALL_TOTAL       3597/768840  min=3500  n=259999
    CALL_VALIDATE    29/11940  min=20  n=260000
    CALL_LOCKED      3469/768700  min=3360  n=259999
    CALL_RESOLVE     38/740  min=20  n=260000
    CALL_PEEK        26/360  min=20  n=260000
    CALL_PROBE       22/15900  min=20  n=259999
    CALL_POP         27/220  min=20  n=259999
    CALL_COPY        91/15500  min=80  n=259999
    CALL_MINT        168/22780  min=160  n=259999
    CALL_MINT_CAP    41/21900  min=40  n=259999
    CALL_MINT_INFO   54/17700  min=40  n=259999
    CALL_DONATE      23/60  min=20  n=19999
    CALL_PARK        38/11960  min=20  n=259999
    CALL_WAKE        2636/767880  min=2560  n=259999
    CALL_RESUME      25/13360  min=20  n=260000
    CALL_SLOW_TOTAL  6080/6080  min=6080  n=1
    CALL_SLOW_LOCKED 5820/5820  min=5820  n=1
    CALL_SLOW_DONATE 0/0  min=0  n=0
    CALL_SLOW_PARK   5320/5320  min=5320  n=1
    RECV_LOCKED      3007/765580  min=2940  n=259999
    RECV_RESOLVE     46/13320  min=40  n=260000
    RECV_SCAN        24/63680  min=20  n=259999
    RECV_PARK        2833/765400  min=2760  n=259999
    REPLY_TOTAL      247481/3208380  min=700  n=13
    REPLY_VALIDATE   113/120  min=100  n=13
    REPLY_LOCKED     379/33680  min=340  n=260000
    REPLY_LOOKUP     31/17220  min=20  n=260000
    REPLY_COPY       96/17000  min=60  n=260000
    REPLY_FUNNEL     28/11340  min=20  n=260000
    REPLY_WAKE       93/22320  min=80  n=260000
    REPLY_RECV_TOTAL 3538/766140  min=1640  n=260000
    REPLY_RECV_TAIL  89/27920  min=80  n=259999
    WAKE_UNPARK      42/22160  min=40  n=520012
    PICK_NEXT        42/18880  min=40  n=520064
    SWITCH_TO        4568/83245580  min=2380  n=520013
    SWITCH_BOOK      41/12800  min=40  n=520039
    MPU_APPLY        29/762180  min=20  n=520039
    MPU_COMMIT       0/0  min=0  n=0
    REENT_SEAT       23/440  min=20  n=520039
    KTIME_REARM      31/14900  min=20  n=520039
    ARCH_SWITCH      4287/83244640  min=2100  n=520013
  ns-probe: cyc=4294967295 ns=2134122773 capped=0
  sat-probe: width=64 fits+1/0 wide+0/1 max=1000

  throughput: 1540134 ctx-sw/s  (649 ns/sw avg over 40000 switches / 25 ms)
  switch-probe: fastpath-swaps=0  (swapped inside the trap, so not in the switch row)
  swb-clock: 2000000 cycles in 776980 ticks
  swb-exact: p1=240 p50=240 p99=260 mean10=2491 n=40002
  switch:    240/256/17200 cyc  119/127/8546 ns  (p50/p99/max, n=40002)
  lock-hold: 208/768/29120 cyc  103/381/14469 ns  (p50/p99/max, n=80362)
  lock-site: core=0 site=0x40b5a5 max=29120
  irq-probe: line=6 raise=inject on=0 raised=100 hcore=none foreign=0 win=0
  irq:       0/0/0 cyc  0/0/0 ns  (p50/max/max, n=0)
  wcase-probe: line=6 raise=inject on=0 raised=100 hcore=none foreign=0 win=0
  wcase-irq[0B]:    0/0/0 cyc  0/0/0 ns  (p50/max/max, n=0)
  wcase-probe: line=6 raise=inject on=0 raised=100 hcore=none foreign=0 win=0
  wcase-irq[64B]:   0/0/0 cyc  0/0/0 ns  (p50/max/max, n=0)
  wcase-probe: line=6 raise=inject on=0 raised=100 hcore=none foreign=0 win=0
  wcase-irq[256B]:  0/0/0 cyc  0/0/0 ns  (p50/max/max, n=0)
  wcase-probe: line=6 raise=inject on=0 raised=100 hcore=none foreign=0 win=0
  wcase-irq[1024B]: 0/0/0 cyc  0/0/0 ns  (p50/max/max, n=0)
  e2e-settle: settled=2/2
  e2e-probe: line=7 closed=1000 dropped=0 tare=69/70 ns  (min/avg, n=64)
  e2e-passes: asked=1000 raised=1000
  e2e-local: 8192/8192/21963 ns  (p50/p99/max, n=1000)
  throughput: 1543479 ctx-sw/s  (647 ns/sw avg over 40000 switches / 25 ms)
  switch-probe: fastpath-swaps=0  (swapped inside the trap, so not in the switch row)
  swb-clock: 2000000 cycles in 777040 ticks
  swb-exact: p1=240 p50=240 p99=260 mean10=2484 n=40002
  switch:    240/256/580 cyc  119/127/288 ns  (p50/p99/max, n=40002)
  lock-hold: 208/768/27400 cyc  103/381/13614 ns  (p50/p99/max, n=80362)
  lock-site: core=0 site=0x40b5a5 max=27400
  irq-probe: line=6 raise=inject on=0 raised=100 hcore=none foreign=0 win=0
  irq:       0/0/0 cyc  0/0/0 ns  (p50/max/max, n=0)
  wcase-probe: line=6 raise=inject on=0 raised=100 hcore=none foreign=0 win=0
  wcase-irq[0B]:    0/0/0 cyc  0/0/0 ns  (p50/max/max, n=0)
  wcase-probe: line=6 raise=inject on=0 raised=100 hcore=none foreign=0 win=0
  wcase-irq[64B]:   0/0/0 cyc  0/0/0 ns  (p50/max/max, n=0)
  wcase-probe: line=6 raise=inject on=0 raised=100 hcore=none foreign=0 win=0
  wcase-irq[256B]:  0/0/0 cyc  0/0/0 ns  (p50/max/max, n=0)
  wcase-probe: line=6 raise=inject on=0 raised=100 hcore=none foreign=0 win=0
  wcase-irq[1024B]: 0/0/0 cyc  0/0/0 ns  (p50/max/max, n=0)
  e2e-settle: settled=2/2
  e2e-probe: line=7 closed=1000 dropped=0 tare=69/70 ns  (min/avg, n=64)
  e2e-passes: asked=1000 raised=1000
  e2e-local: 8192/9216/17381 ns  (p50/p99/max, n=1000)
  throughput: 1539827 ctx-sw/s  (649 ns/sw avg over 40000 switches / 25 ms)
  switch-probe: fastpath-swaps=0  (swapped inside the trap, so not in the switch row)
  swb-clock: 2000000 cycles in 777060 ticks
  swb-exact: p1=240 p50=240 p99=260 mean10=2495 n=40002
  switch:    240/256/420 cyc  119/127/208 ns  (p50/p99/max, n=40002)
  lock-hold: 208/768/28320 cyc  103/381/14071 ns  (p50/p99/max, n=80362)
  lock-site: core=0 site=0x40b5a5 max=28320
  irq-probe: line=6 raise=inject on=0 raised=100 hcore=none foreign=0 win=0
  irq:       0/0/0 cyc  0/0/0 ns  (p50/max/max, n=0)
  wcase-probe: line=6 raise=inject on=0 raised=100 hcore=none foreign=0 win=0
  wcase-irq[0B]:    0/0/0 cyc  0/0/0 ns  (p50/max/max, n=0)
  wcase-probe: line=6 raise=inject on=0 raised=100 hcore=none foreign=0 win=0
  wcase-irq[64B]:   0/0/0 cyc  0/0/0 ns  (p50/max/max, n=0)
  wcase-probe: line=6 raise=inject on=0 raised=100 hcore=none foreign=0 win=0
  wcase-irq[256B]:  0/0/0 cyc  0/0/0 ns  (p50/max/max, n=0)
  wcase-probe: line=6 raise=inject on=0 raised=100 hcore=none foreign=0 win=0
  wcase-irq[1024B]: 0/0/0 cyc  0/0/0 ns  (p50/max/max, n=0)
  e2e-settle: settled=2/2
  e2e-probe: line=7 closed=1000 dropped=0 tare=69/70 ns  (min/avg, n=64)
  e2e-passes: asked=1000 raised=1000
  e2e-local: 8192/15360/23175 ns  (p50/p99/max, n=1000)
  swb-clock: 2000000 cycles in 776200 ticks
  swb-exact: p1=240 p50=240 p99=280 mean10=2464 n=40002
  switch-vec: 240/256/9180 cyc  119/127/4561 ns  (p50/p99/max, n=40002)
  xtask ping-pong: 853 ns/switch  (40000 switches / 34 ms)
  xtask call/reply: 16 B  2358 ns/round-trip  (423932 round-trips/s over 20000 calls / 47 ms)
  spawn/exit: thread 15663 ns  (200 reps / 3 ms)
  spawn/exit: task 35437 ns  (200 reps / 7 ms)
bench: done

KICKOS-EXIT status 0
?[2J?[001;001H?[=3h?[2J?[001;001H?[2J?[001;001H?[8;042;160t?[2J?[001;001H?[2J?[001;001H?[8;056;240t?[2J?[001;001HBdsDxe: loading Boot0002 "UEFI QEMU HARDDISK QM00001 " from PciRoot(0x0)/Pci(0x1F,0x2)/Sata(0x0,0xFFFF,0x0)
BdsDxe: starting Boot0002 "UEFI QEMU HARDDISK QM00001 " from PciRoot(0x0)/Pci(0x1F,0x2)/Sata(0x0,0xFFFF,0x0)

KICKOS-X1 8c41d7a2 x86_64/q35 uefi-handover entry
KICKOS-X1 8c41d7a2 x86_64/q35 uefi-handover handover if=1 paging=1 longmode=1 root=1 wp=1 nx=1 nxcap=1
KICKOS-X1 8c41d7a2 x86_64/q35 uefi-handover if_after_cli=0
KICKOS-X1 8c41d7a2 x86_64/q35 uefi-handover firmware=Debian distribution of EDK II
KICKOS-X1 8c41d7a2 x86_64/q35 uefi-handover revision=0x0000000000020046
KICKOS-X1 8c41d7a2 x86_64/q35 uefi-handover map descriptors=113 stride=48 version=1 conventional_pages=118377 arena=0x0000000001800000 arena_pages=108270
KICKOS-X1 8c41d7a2 x86_64/q35 uefi-handover fp found em=0 ts=0 mp=1 osfxsr=1 osxmmexcpt=1 osxsave=0
KICKOS-X1 8c41d7a2 x86_64/q35 uefi-handover fp enabled em=0 ts=0 mp=1 ne=1 osfxsr=1 osxmmexcpt=1 osxsave=1 xcr0=7 xsave=832
KICKOS-X1 8c41d7a2 x86_64/q35 uefi-handover boot services left
KICKOS-X1 8c41d7a2 x86_64/q35 uefi-handover if_after_exit=0
x86_64 app relocation: base=0x0000000000400000 load_delta=0x0000000000000000 app_words=266

  ==============================================
   KickOS 0.5.1  -  microkernel RTOS
  ==============================================
   board   qemu-x86_64
   arch    x86_64
   cpu     x86-64-v3
   mpu     off
   sched   tickless
   build   2026-10-02 01:46:12 +0200
   app     Oct  2 2026 01:46:14 +0200
   commit  nogit
   heap    16 KiB available
   kstack  4096 B x 33 = 135168 B

microbenchmark: context-switch throughput (all arches) + per-switch cost
+ IRQ-entry latency where a cycle counter exists. Reporter woken by the
workload, not a timer. Telemetry OFF for clean numbers.
cycle counter: 2012521186 Hz (0 = no rate converts a reading; cycles only)

  lock-probe: hold+1 core=0 depth=0  (three nested, one outermost)
  call/reply: 8 B  1896 ns/round-trip  (527373 round-trips/s over 20000 calls / 37 ms)
  call/reply: 16 B  1895 ns/round-trip  (527657 round-trips/s over 20000 calls / 37 ms)
  call/reply: 32 B  1897 ns/round-trip  (527007 round-trips/s over 20000 calls / 37 ms)
  call/reply: 64 B  1981 ns/round-trip  (504548 round-trips/s over 20000 calls / 39 ms)
  call/reply: 128 B  1896 ns/round-trip  (527414 round-trips/s over 20000 calls / 37 ms)
  call/reply: 256 B  1898 ns/round-trip  (526685 round-trips/s over 20000 calls / 37 ms)
  call/reply: 8 B  1895 ns/round-trip  (527679 round-trips/s over 20000 calls / 37 ms) [generic path]
  call/reply: 16 B  1896 ns/round-trip  (527269 round-trips/s over 20000 calls / 37 ms) [generic path]
  call/reply: 32 B  1916 ns/round-trip  (521776 round-trips/s over 20000 calls / 38 ms) [generic path]
  call/reply: 64 B  1896 ns/round-trip  (527349 round-trips/s over 20000 calls / 37 ms) [generic path]
  call/reply: 128 B  1900 ns/round-trip  (526114 round-trips/s over 20000 calls / 38 ms) [generic path]
  call/reply: 256 B  2001 ns/round-trip  (499637 round-trips/s over 20000 calls / 40 ms) [generic path]
  call/reply: 32 B  1934 ns/round-trip  (516891 round-trips/s over 20000 calls / 38 ms) [caller outranks server, D1 donates]
  phase table (44 rows; cyc avg/max, min last and a floor; leaf -= NULL, composite -= NULL + k*(NEST-NULL)):
    NULL             24/11340  min=20  n=260000
    NEST             75/11420  min=60  n=260000
    NEST_LOCK        55/16140  min=40  n=260000
    CALL_TOTAL       3597/768840  min=3500  n=259999
    CALL_VALIDATE    29/11940  min=20  n=260000
    CALL_LOCKED      3469/768700  min=3360  n=259999
    CALL_RESOLVE     38/740  min=20  n=260000
    CALL_PEEK        26/360  min=20  n=260000
    CALL_PROBE       22/15900  min=20  n=259999
    CALL_POP         27/220  min=20  n=259999
    CALL_COPY        91/15500  min=80  n=259999
    CALL_MINT        168/22780  min=160  n=259999
    CALL_MINT_CAP    41/21900  min=40  n=259999
    CALL_MINT_INFO   54/17700  min=40  n=259999
    CALL_DONATE      23/60  min=20  n=19999
    CALL_PARK        38/11960  min=20  n=259999
    CALL_WAKE        2636/767880  min=2560  n=259999
    CALL_RESUME      25/13360  min=20  n=260000
    CALL_SLOW_TOTAL  6080/6080  min=6080  n=1
    CALL_SLOW_LOCKED 5820/5820  min=5820  n=1
    CALL_SLOW_DONATE 0/0  min=0  n=0
    CALL_SLOW_PARK   5320/5320  min=5320  n=1
    RECV_LOCKED      3007/765580  min=2940  n=259999
    RECV_RESOLVE     46/13320  min=40  n=260000
    RECV_SCAN        24/63680  min=20  n=259999
    RECV_PARK        2833/765400  min=2760  n=259999
    REPLY_TOTAL      247481/3208380  min=700  n=13
    REPLY_VALIDATE   113/120  min=100  n=13
    REPLY_LOCKED     379/33680  min=340  n=260000
    REPLY_LOOKUP     31/17220  min=20  n=260000
    REPLY_COPY       96/17000  min=60  n=260000
    REPLY_FUNNEL     28/11340  min=20  n=260000
    REPLY_WAKE       93/22320  min=80  n=260000
    REPLY_RECV_TOTAL 3538/766140  min=1640  n=260000
    REPLY_RECV_TAIL  89/27920  min=80  n=259999
    WAKE_UNPARK      42/22160  min=40  n=520012
    PICK_NEXT        42/18880  min=40  n=520064
    SWITCH_TO        4568/83245580  min=2380  n=520013
    SWITCH_BOOK      41/12800  min=40  n=520039
    MPU_APPLY        29/762180  min=20  n=520039
    MPU_COMMIT       0/0  min=0  n=0
    REENT_SEAT       23/440  min=20  n=520039
    KTIME_REARM      31/14900  min=20  n=520039
    ARCH_SWITCH      4287/83244640  min=2100  n=520013
  ns-probe: cyc=4294967295 ns=2134122773 capped=0
  sat-probe: width=64 fits+1/0 wide+0/1 max=1000

  throughput: 1540134 ctx-sw/s  (649 ns/sw avg over 40000 switches / 25 ms)
  switch-probe: fastpath-swaps=0  (swapped inside the trap, so not in the switch row)
  swb-clock: 2000000 cycles in 776980 ticks
  swb-exact: p1=240 p50=240 p99=260 mean10=2491 n=40002
  switch:    240/256/17200 cyc  119/127/8546 ns  (p50/p99/max, n=40002)
  lock-hold: 208/768/29120 cyc  103/381/14469 ns  (p50/p99/max, n=80362)
  lock-site: core=0 site=0x40b5a5 max=29120
  irq-probe: line=6 raise=inject on=0 raised=100 hcore=none foreign=0 win=0
  irq:       0/0/0 cyc  0/0/0 ns  (p50/max/max, n=0)
  wcase-probe: line=6 raise=inject on=0 raised=100 hcore=none foreign=0 win=0
  wcase-irq[0B]:    0/0/0 cyc  0/0/0 ns  (p50/max/max, n=0)
  wcase-probe: line=6 raise=inject on=0 raised=100 hcore=none foreign=0 win=0
  wcase-irq[64B]:   0/0/0 cyc  0/0/0 ns  (p50/max/max, n=0)
  wcase-probe: line=6 raise=inject on=0 raised=100 hcore=none foreign=0 win=0
  wcase-irq[256B]:  0/0/0 cyc  0/0/0 ns  (p50/max/max, n=0)
  wcase-probe: line=6 raise=inject on=0 raised=100 hcore=none foreign=0 win=0
  wcase-irq[1024B]: 0/0/0 cyc  0/0/0 ns  (p50/max/max, n=0)
  e2e-settle: settled=2/2
  e2e-probe: line=7 closed=1000 dropped=0 tare=69/70 ns  (min/avg, n=64)
  e2e-passes: asked=1000 raised=1000
  e2e-local: 8192/8192/21963 ns  (p50/p99/max, n=1000)
  throughput: 1543479 ctx-sw/s  (647 ns/sw avg over 40000 switches / 25 ms)
  switch-probe: fastpath-swaps=0  (swapped inside the trap, so not in the switch row)
  swb-clock: 2000000 cycles in 777040 ticks
  swb-exact: p1=240 p50=240 p99=260 mean10=2484 n=40002
  switch:    240/256/580 cyc  119/127/288 ns  (p50/p99/max, n=40002)
  lock-hold: 208/768/27400 cyc  103/381/13614 ns  (p50/p99/max, n=80362)
  lock-site: core=0 site=0x40b5a5 max=27400
  irq-probe: line=6 raise=inject on=0 raised=100 hcore=none foreign=0 win=0
  irq:       0/0/0 cyc  0/0/0 ns  (p50/max/max, n=0)
  wcase-probe: line=6 raise=inject on=0 raised=100 hcore=none foreign=0 win=0
  wcase-irq[0B]:    0/0/0 cyc  0/0/0 ns  (p50/max/max, n=0)
  wcase-probe: line=6 raise=inject on=0 raised=100 hcore=none foreign=0 win=0
  wcase-irq[64B]:   0/0/0 cyc  0/0/0 ns  (p50/max/max, n=0)
  wcase-probe: line=6 raise=inject on=0 raised=100 hcore=none foreign=0 win=0
  wcase-irq[256B]:  0/0/0 cyc  0/0/0 ns  (p50/max/max, n=0)
  wcase-probe: line=6 raise=inject on=0 raised=100 hcore=none foreign=0 win=0
  wcase-irq[1024B]: 0/0/0 cyc  0/0/0 ns  (p50/max/max, n=0)
  e2e-settle: settled=2/2
  e2e-probe: line=7 closed=1000 dropped=0 tare=69/70 ns  (min/avg, n=64)
  e2e-passes: asked=1000 raised=1000
  e2e-local: 8192/9216/17381 ns  (p50/p99/max, n=1000)
  throughput: 1539827 ctx-sw/s  (649 ns/sw avg over 40000 switches / 25 ms)
  switch-probe: fastpath-swaps=0  (swapped inside the trap, so not in the switch row)
  swb-clock: 2000000 cycles in 777060 ticks
  swb-exact: p1=240 p50=240 p99=260 mean10=2495 n=40002
  switch:    240/256/420 cyc  119/127/208 ns  (p50/p99/max, n=40002)
  lock-hold: 208/768/28320 cyc  103/381/14071 ns  (p50/p99/max, n=80362)
  lock-site: core=0 site=0x40b5a5 max=28320
  irq-probe: line=6 raise=inject on=0 raised=100 hcore=none foreign=0 win=0
  irq:       0/0/0 cyc  0/0/0 ns  (p50/max/max, n=0)
  wcase-probe: line=6 raise=inject on=0 raised=100 hcore=none foreign=0 win=0
  wcase-irq[0B]:    0/0/0 cyc  0/0/0 ns  (p50/max/max, n=0)
  wcase-probe: line=6 raise=inject on=0 raised=100 hcore=none foreign=0 win=0
  wcase-irq[64B]:   0/0/0 cyc  0/0/0 ns  (p50/max/max, n=0)
  wcase-probe: line=6 raise=inject on=0 raised=100 hcore=none foreign=0 win=0
  wcase-irq[256B]:  0/0/0 cyc  0/0/0 ns  (p50/max/max, n=0)
  wcase-probe: line=6 raise=inject on=0 raised=100 hcore=none foreign=0 win=0
  wcase-irq[1024B]: 0/0/0 cyc  0/0/0 ns  (p50/max/max, n=0)
  e2e-settle: settled=2/2
  e2e-probe: line=7 closed=1000 dropped=0 tare=69/70 ns  (min/avg, n=64)
  e2e-passes: asked=1000 raised=1000
  e2e-local: 8192/15360/23175 ns  (p50/p99/max, n=1000)
  swb-clock: 2000000 cycles in 776200 ticks
  swb-exact: p1=240 p50=240 p99=280 mean10=2464 n=40002
  switch-vec: 240/256/9180 cyc  119/127/4561 ns  (p50/p99/max, n=40002)
  xtask ping-pong: 853 ns/switch  (40000 switches / 34 ms)
  xtask call/reply: 16 B  2358 ns/round-trip  (423932 round-trips/s over 20000 calls / 47 ms)
  spawn/exit: thread 15663 ns  (200 reps / 3 ms)
  spawn/exit: task 35437 ns  (200 reps / 7 ms)
bench: done

KICKOS-EXIT status 0
