?[2J?[001;001H?[=3h?[2J?[001;001H?[2J?[001;001H?[8;042;160t?[2J?[001;001H?[2J?[001;001H?[8;056;240t?[2J?[001;001HBdsDxe: loading Boot0002 "UEFI QEMU HARDDISK QM00001 " from PciRoot(0x0)/Pci(0x1F,0x2)/Sata(0x0,0xFFFF,0x0)
BdsDxe: starting Boot0002 "UEFI QEMU HARDDISK QM00001 " from PciRoot(0x0)/Pci(0x1F,0x2)/Sata(0x0,0xFFFF,0x0)

KICKOS-X1 8c41d7a2 x86_64/q35 uefi-handover entry
KICKOS-X1 8c41d7a2 x86_64/q35 uefi-handover handover if=1 paging=1 longmode=1 root=1 wp=1 nx=1 nxcap=1
KICKOS-X1 8c41d7a2 x86_64/q35 uefi-handover if_after_cli=0
KICKOS-X1 8c41d7a2 x86_64/q35 uefi-handover firmware=Debian distribution of EDK II
KICKOS-X1 8c41d7a2 x86_64/q35 uefi-handover revision=0x0000000000020046
KICKOS-X1 8c41d7a2 x86_64/q35 uefi-handover map descriptors=108 stride=48 version=1 conventional_pages=117610 arena=0x0000000001800000 arena_pages=107372
KICKOS-X1 8c41d7a2 x86_64/q35 uefi-handover fp found em=0 ts=0 mp=1 osfxsr=1 osxmmexcpt=1 osxsave=0
KICKOS-X1 8c41d7a2 x86_64/q35 uefi-handover fp enabled em=0 ts=0 mp=1 ne=1 osfxsr=1 osxmmexcpt=1 osxsave=1 xcr0=7 xsave=832
KICKOS-X1 8c41d7a2 x86_64/q35 uefi-handover boot services left
KICKOS-X1 8c41d7a2 x86_64/q35 uefi-handover if_after_exit=0
x86_64 app relocation: base=0x0000000000400000 load_delta=0x0000000000000000 app_words=266

  ==============================================
   KickOS 0.5.1  -  microkernel RTOS
  ==============================================
   board   qemu-x86_64
   arch    x86_64
   cpu     x86-64-v3
   mpu     off
   sched   tickless
   build   2026-10-02 01:46:12 +0200
   app     Oct  2 2026 01:46:14 +0200
   commit  nogit
   heap    16 KiB available
   kstack  4096 B x 33 = 135168 B

microbenchmark: context-switch throughput (all arches) + per-switch cost
+ IRQ-entry latency where a cycle counter exists. Reporter woken by the
workload, not a timer. Telemetry OFF for clean numbers.
cycle counter: 2017270688 Hz (0 = no rate converts a reading; cycles only)

  lock-probe: hold+1 core=0 depth=0  (three nested, one outermost)
  call/reply: 8 B  1891 ns/round-trip  (528792 round-trips/s over 20000 calls / 37 ms)
  call/reply: 16 B  1889 ns/round-trip  (529125 round-trips/s over 20000 calls / 37 ms)
  call/reply: 32 B  1890 ns/round-trip  (528881 round-trips/s over 20000 calls / 37 ms)
  call/reply: 64 B  1892 ns/round-trip  (528440 round-trips/s over 20000 calls / 37 ms)
  call/reply: 128 B  1935 ns/round-trip  (516661 round-trips/s over 20000 calls / 38 ms)
  call/reply: 256 B  1894 ns/round-trip  (527717 round-trips/s over 20000 calls / 37 ms)
  call/reply: 8 B  1891 ns/round-trip  (528620 round-trips/s over 20000 calls / 37 ms) [generic path]
  call/reply: 16 B  1893 ns/round-trip  (528219 round-trips/s over 20000 calls / 37 ms) [generic path]
  call/reply: 32 B  1893 ns/round-trip  (528056 round-trips/s over 20000 calls / 37 ms) [generic path]
  call/reply: 64 B  1896 ns/round-trip  (527237 round-trips/s over 20000 calls / 37 ms) [generic path]
  call/reply: 128 B  1900 ns/round-trip  (526246 round-trips/s over 20000 calls / 38 ms) [generic path]
  call/reply: 256 B  1896 ns/round-trip  (527360 round-trips/s over 20000 calls / 37 ms) [generic path]
  call/reply: 32 B  1935 ns/round-trip  (516605 round-trips/s over 20000 calls / 38 ms) [caller outranks server, D1 donates]
  phase table (44 rows; cyc avg/max, min last and a floor; leaf -= NULL, composite -= NULL + k*(NEST-NULL)):
    NULL             24/120  min=20  n=260000
    NEST             74/41160  min=60  n=260000
    NEST_LOCK        55/13920  min=40  n=260000
    CALL_TOTAL       3576/68740  min=3500  n=259999
    CALL_VALIDATE    28/19320  min=20  n=260000
    CALL_LOCKED      3448/68340  min=3380  n=259999
    CALL_RESOLVE     38/60400  min=20  n=260000
    CALL_PEEK        25/12980  min=20  n=260000
    CALL_PROBE       23/50200  min=20  n=259999
    CALL_POP         26/13040  min=20  n=259999
    CALL_COPY        90/18800  min=60  n=259999
    CALL_MINT        168/44240  min=160  n=259999
    CALL_MINT_CAP    41/14060  min=40  n=259999
    CALL_MINT_INFO   54/17900  min=40  n=259999
    CALL_DONATE      23/60  min=20  n=19999
    CALL_PARK        38/12980  min=20  n=259999
    CALL_WAKE        2619/54680  min=2560  n=259999
    CALL_RESUME      24/17080  min=20  n=260000
    CALL_SLOW_TOTAL  6040/6040  min=6040  n=1
    CALL_SLOW_LOCKED 5780/5780  min=5780  n=1
    CALL_SLOW_DONATE 0/0  min=0  n=0
    CALL_SLOW_PARK   5280/5280  min=5280  n=1
    RECV_LOCKED      2988/65420  min=2920  n=259999
    RECV_RESOLVE     46/18940  min=40  n=260000
    RECV_SCAN        24/24660  min=20  n=259999
    RECV_PARK        2815/65220  min=2760  n=259999
    REPLY_TOTAL      248267/3218540  min=720  n=13
    REPLY_VALIDATE   120/140  min=100  n=13
    REPLY_LOCKED     376/23840  min=340  n=260000
    REPLY_LOOKUP     30/1060  min=20  n=260000
    REPLY_COPY       95/19420  min=60  n=260000
    REPLY_FUNNEL     29/400  min=20  n=260000
    REPLY_WAKE       93/23480  min=80  n=260000
    REPLY_RECV_TOTAL 3516/65960  min=1660  n=260000
    REPLY_RECV_TAIL  88/12900  min=80  n=259999
    WAKE_UNPARK      42/23320  min=40  n=520012
    PICK_NEXT        41/14180  min=40  n=520064
    SWITCH_TO        4540/81320660  min=2380  n=520013
    SWITCH_BOOK      41/400  min=40  n=520039
    MPU_APPLY        27/12940  min=20  n=520039
    MPU_COMMIT       0/0  min=0  n=0
    REENT_SEAT       23/16820  min=20  n=520039
    KTIME_REARM      32/14280  min=20  n=520039
    ARCH_SWITCH      4263/81319700  min=2100  n=520013
  ns-probe: cyc=4294967295 ns=2129098152 capped=0
  sat-probe: width=64 fits+1/0 wide+0/1 max=1000

  throughput: 1547137 ctx-sw/s  (646 ns/sw avg over 40000 switches / 25 ms)
  switch-probe: fastpath-swaps=0  (swapped inside the trap, so not in the switch row)
  swb-clock: 2000000 cycles in 776300 ticks
  swb-exact: p1=240 p50=240 p99=260 mean10=2485 n=40002
  switch:    240/256/14880 cyc  118/126/7376 ns  (p50/p99/max, n=40002)
  lock-hold: 208/768/29340 cyc  103/380/14544 ns  (p50/p99/max, n=80362)
  lock-site: core=0 site=0x40b5a5 max=29340
  irq-probe: line=6 raise=inject on=0 raised=100 hcore=none foreign=0 win=0
  irq:       0/0/0 cyc  0/0/0 ns  (p50/max/max, n=0)
  wcase-probe: line=6 raise=inject on=0 raised=100 hcore=none foreign=0 win=0
  wcase-irq[0B]:    0/0/0 cyc  0/0/0 ns  (p50/max/max, n=0)
  wcase-probe: line=6 raise=inject on=0 raised=100 hcore=none foreign=0 win=0
  wcase-irq[64B]:   0/0/0 cyc  0/0/0 ns  (p50/max/max, n=0)
  wcase-probe: line=6 raise=inject on=0 raised=100 hcore=none foreign=0 win=0
  wcase-irq[256B]:  0/0/0 cyc  0/0/0 ns  (p50/max/max, n=0)
  wcase-probe: line=6 raise=inject on=0 raised=100 hcore=none foreign=0 win=0
  wcase-irq[1024B]: 0/0/0 cyc  0/0/0 ns  (p50/max/max, n=0)
  e2e-settle: settled=2/2
  e2e-probe: line=7 closed=1000 dropped=0 tare=69/74 ns  (min/avg, n=64)
  e2e-passes: asked=1000 raised=1000
  e2e-local: 7680/9216/18123 ns  (p50/p99/max, n=1000)
  throughput: 1542402 ctx-sw/s  (648 ns/sw avg over 40000 switches / 25 ms)
  switch-probe: fastpath-swaps=0  (swapped inside the trap, so not in the switch row)
  swb-clock: 2000000 cycles in 776240 ticks
  swb-exact: p1=240 p50=240 p99=260 mean10=2497 n=40002
  switch:    240/256/13160 cyc  118/126/6523 ns  (p50/p99/max, n=40002)
  lock-hold: 208/768/27980 cyc  103/380/13870 ns  (p50/p99/max, n=80365)
  lock-site: core=0 site=0x40b5a5 max=27980
  irq-probe: line=6 raise=inject on=0 raised=100 hcore=none foreign=0 win=0
  irq:       0/0/0 cyc  0/0/0 ns  (p50/max/max, n=0)
  wcase-probe: line=6 raise=inject on=0 raised=100 hcore=none foreign=0 win=0
  wcase-irq[0B]:    0/0/0 cyc  0/0/0 ns  (p50/max/max, n=0)
  wcase-probe: line=6 raise=inject on=0 raised=100 hcore=none foreign=0 win=0
  wcase-irq[64B]:   0/0/0 cyc  0/0/0 ns  (p50/max/max, n=0)
  wcase-probe: line=6 raise=inject on=0 raised=100 hcore=none foreign=0 win=0
  wcase-irq[256B]:  0/0/0 cyc  0/0/0 ns  (p50/max/max, n=0)
  wcase-probe: line=6 raise=inject on=0 raised=100 hcore=none foreign=0 win=0
  wcase-irq[1024B]: 0/0/0 cyc  0/0/0 ns  (p50/max/max, n=0)
  e2e-settle: settled=2/2
  e2e-probe: line=7 closed=1000 dropped=0 tare=69/74 ns  (min/avg, n=64)
  e2e-passes: asked=1000 raised=1000
  e2e-local: 7680/11264/24261 ns  (p50/p99/max, n=1000)
  throughput: 1545974 ctx-sw/s  (646 ns/sw avg over 40000 switches / 25 ms)
  switch-probe: fastpath-swaps=0  (swapped inside the trap, so not in the switch row)
  swb-clock: 2000000 cycles in 776200 ticks
  swb-exact: p1=240 p50=240 p99=260 mean10=2485 n=40002
  switch:    240/256/13200 cyc  118/126/6543 ns  (p50/p99/max, n=40002)
  lock-hold: 208/768/30640 cyc  103/380/15188 ns  (p50/p99/max, n=80365)
  lock-site: core=0 site=0x40b5a5 max=30640
  irq-probe: line=6 raise=inject on=0 raised=100 hcore=none foreign=0 win=0
  irq:       0/0/0 cyc  0/0/0 ns  (p50/max/max, n=0)
  wcase-probe: line=6 raise=inject on=0 raised=100 hcore=none foreign=0 win=0
  wcase-irq[0B]:    0/0/0 cyc  0/0/0 ns  (p50/max/max, n=0)
  wcase-probe: line=6 raise=inject on=0 raised=100 hcore=none foreign=0 win=0
  wcase-irq[64B]:   0/0/0 cyc  0/0/0 ns  (p50/max/max, n=0)
  wcase-probe: line=6 raise=inject on=0 raised=100 hcore=none foreign=0 win=0
  wcase-irq[256B]:  0/0/0 cyc  0/0/0 ns  (p50/max/max, n=0)
  wcase-probe: line=6 raise=inject on=0 raised=100 hcore=none foreign=0 win=0
  wcase-irq[1024B]: 0/0/0 cyc  0/0/0 ns  (p50/max/max, n=0)
  e2e-settle: settled=2/2
  e2e-probe: line=7 closed=1000 dropped=0 tare=69/74 ns  (min/avg, n=64)
  e2e-passes: asked=1000 raised=1000
  e2e-local: 7680/8192/22962 ns  (p50/p99/max, n=1000)
  swb-clock: 2000000 cycles in 776220 ticks
  swb-exact: p1=240 p50=240 p99=260 mean10=2459 n=40002
  switch-vec: 240/256/920 cyc  118/126/456 ns  (p50/p99/max, n=40002)
  xtask ping-pong: 852 ns/switch  (40000 switches / 34 ms)
  xtask call/reply: 16 B  2359 ns/round-trip  (423858 round-trips/s over 20000 calls / 47 ms)
  spawn/exit: thread 15563 ns  (200 reps / 3 ms)
  spawn/exit: task 35015 ns  (200 reps / 7 ms)
bench: done

KICKOS-EXIT status 0
?[2J?[001;001H?[=3h?[2J?[001;001H?[2J?[001;001H?[8;042;160t?[2J?[001;001H?[2J?[001;001H?[8;056;240t?[2J?[001;001HBdsDxe: loading Boot0002 "UEFI QEMU HARDDISK QM00001 " from PciRoot(0x0)/Pci(0x1F,0x2)/Sata(0x0,0xFFFF,0x0)
BdsDxe: starting Boot0002 "UEFI QEMU HARDDISK QM00001 " from PciRoot(0x0)/Pci(0x1F,0x2)/Sata(0x0,0xFFFF,0x0)

KICKOS-X1 8c41d7a2 x86_64/q35 uefi-handover entry
KICKOS-X1 8c41d7a2 x86_64/q35 uefi-handover handover if=1 paging=1 longmode=1 root=1 wp=1 nx=1 nxcap=1
KICKOS-X1 8c41d7a2 x86_64/q35 uefi-handover if_after_cli=0
KICKOS-X1 8c41d7a2 x86_64/q35 uefi-handover firmware=Debian distribution of EDK II
KICKOS-X1 8c41d7a2 x86_64/q35 uefi-handover revision=0x0000000000020046
KICKOS-X1 8c41d7a2 x86_64/q35 uefi-handover map descriptors=108 stride=48 version=1 conventional_pages=117610 arena=0x0000000001800000 arena_pages=107372
KICKOS-X1 8c41d7a2 x86_64/q35 uefi-handover fp found em=0 ts=0 mp=1 osfxsr=1 osxmmexcpt=1 osxsave=0
KICKOS-X1 8c41d7a2 x86_64/q35 uefi-handover fp enabled em=0 ts=0 mp=1 ne=1 osfxsr=1 osxmmexcpt=1 osxsave=1 xcr0=7 xsave=832
KICKOS-X1 8c41d7a2 x86_64/q35 uefi-handover boot services left
KICKOS-X1 8c41d7a2 x86_64/q35 uefi-handover if_after_exit=0
x86_64 app relocation: base=0x0000000000400000 load_delta=0x0000000000000000 app_words=266

  ==============================================
   KickOS 0.5.1  -  microkernel RTOS
  ==============================================
   board   qemu-x86_64
   arch    x86_64
   cpu     x86-64-v3
   mpu     off
   sched   tickless
   build   2026-10-02 01:46:12 +0200
   app     Oct  2 2026 01:46:14 +0200
   commit  nogit
   heap    16 KiB available
   kstack  4096 B x 33 = 135168 B

microbenchmark: context-switch throughput (all arches) + per-switch cost
+ IRQ-entry latency where a cycle counter exists. Reporter woken by the
workload, not a timer. Telemetry OFF for clean numbers.
cycle counter: 2017270688 Hz (0 = no rate converts a reading; cycles only)

  lock-probe: hold+1 core=0 depth=0  (three nested, one outermost)
  call/reply: 8 B  1891 ns/round-trip  (528792 round-trips/s over 20000 calls / 37 ms)
  call/reply: 16 B  1889 ns/round-trip  (529125 round-trips/s over 20000 calls / 37 ms)
  call/reply: 32 B  1890 ns/round-trip  (528881 round-trips/s over 20000 calls / 37 ms)
  call/reply: 64 B  1892 ns/round-trip  (528440 round-trips/s over 20000 calls / 37 ms)
  call/reply: 128 B  1935 ns/round-trip  (516661 round-trips/s over 20000 calls / 38 ms)
  call/reply: 256 B  1894 ns/round-trip  (527717 round-trips/s over 20000 calls / 37 ms)
  call/reply: 8 B  1891 ns/round-trip  (528620 round-trips/s over 20000 calls / 37 ms) [generic path]
  call/reply: 16 B  1893 ns/round-trip  (528219 round-trips/s over 20000 calls / 37 ms) [generic path]
  call/reply: 32 B  1893 ns/round-trip  (528056 round-trips/s over 20000 calls / 37 ms) [generic path]
  call/reply: 64 B  1896 ns/round-trip  (527237 round-trips/s over 20000 calls / 37 ms) [generic path]
  call/reply: 128 B  1900 ns/round-trip  (526246 round-trips/s over 20000 calls / 38 ms) [generic path]
  call/reply: 256 B  1896 ns/round-trip  (527360 round-trips/s over 20000 calls / 37 ms) [generic path]
  call/reply: 32 B  1935 ns/round-trip  (516605 round-trips/s over 20000 calls / 38 ms) [caller outranks server, D1 donates]
  phase table (44 rows; cyc avg/max, min last and a floor; leaf -= NULL, composite -= NULL + k*(NEST-NULL)):
    NULL             24/120  min=20  n=260000
    NEST             74/41160  min=60  n=260000
    NEST_LOCK        55/13920  min=40  n=260000
    CALL_TOTAL       3576/68740  min=3500  n=259999
    CALL_VALIDATE    28/19320  min=20  n=260000
    CALL_LOCKED      3448/68340  min=3380  n=259999
    CALL_RESOLVE     38/60400  min=20  n=260000
    CALL_PEEK        25/12980  min=20  n=260000
    CALL_PROBE       23/50200  min=20  n=259999
    CALL_POP         26/13040  min=20  n=259999
    CALL_COPY        90/18800  min=60  n=259999
    CALL_MINT        168/44240  min=160  n=259999
    CALL_MINT_CAP    41/14060  min=40  n=259999
    CALL_MINT_INFO   54/17900  min=40  n=259999
    CALL_DONATE      23/60  min=20  n=19999
    CALL_PARK        38/12980  min=20  n=259999
    CALL_WAKE        2619/54680  min=2560  n=259999
    CALL_RESUME      24/17080  min=20  n=260000
    CALL_SLOW_TOTAL  6040/6040  min=6040  n=1
    CALL_SLOW_LOCKED 5780/5780  min=5780  n=1
    CALL_SLOW_DONATE 0/0  min=0  n=0
    CALL_SLOW_PARK   5280/5280  min=5280  n=1
    RECV_LOCKED      2988/65420  min=2920  n=259999
    RECV_RESOLVE     46/18940  min=40  n=260000
    RECV_SCAN        24/24660  min=20  n=259999
    RECV_PARK        2815/65220  min=2760  n=259999
    REPLY_TOTAL      248267/3218540  min=720  n=13
    REPLY_VALIDATE   120/140  min=100  n=13
    REPLY_LOCKED     376/23840  min=340  n=260000
    REPLY_LOOKUP     30/1060  min=20  n=260000
    REPLY_COPY       95/19420  min=60  n=260000
    REPLY_FUNNEL     29/400  min=20  n=260000
    REPLY_WAKE       93/23480  min=80  n=260000
    REPLY_RECV_TOTAL 3516/65960  min=1660  n=260000
    REPLY_RECV_TAIL  88/12900  min=80  n=259999
    WAKE_UNPARK      42/23320  min=40  n=520012
    PICK_NEXT        41/14180  min=40  n=520064
    SWITCH_TO        4540/81320660  min=2380  n=520013
    SWITCH_BOOK      41/400  min=40  n=520039
    MPU_APPLY        27/12940  min=20  n=520039
    MPU_COMMIT       0/0  min=0  n=0
    REENT_SEAT       23/16820  min=20  n=520039
    KTIME_REARM      32/14280  min=20  n=520039
    ARCH_SWITCH      4263/81319700  min=2100  n=520013
  ns-probe: cyc=4294967295 ns=2129098152 capped=0
  sat-probe: width=64 fits+1/0 wide+0/1 max=1000

  throughput: 1547137 ctx-sw/s  (646 ns/sw avg over 40000 switches / 25 ms)
  switch-probe: fastpath-swaps=0  (swapped inside the trap, so not in the switch row)
  swb-clock: 2000000 cycles in 776300 ticks
  swb-exact: p1=240 p50=240 p99=260 mean10=2485 n=40002
  switch:    240/256/14880 cyc  118/126/7376 ns  (p50/p99/max, n=40002)
  lock-hold: 208/768/29340 cyc  103/380/14544 ns  (p50/p99/max, n=80362)
  lock-site: core=0 site=0x40b5a5 max=29340
  irq-probe: line=6 raise=inject on=0 raised=100 hcore=none foreign=0 win=0
  irq:       0/0/0 cyc  0/0/0 ns  (p50/max/max, n=0)
  wcase-probe: line=6 raise=inject on=0 raised=100 hcore=none foreign=0 win=0
  wcase-irq[0B]:    0/0/0 cyc  0/0/0 ns  (p50/max/max, n=0)
  wcase-probe: line=6 raise=inject on=0 raised=100 hcore=none foreign=0 win=0
  wcase-irq[64B]:   0/0/0 cyc  0/0/0 ns  (p50/max/max, n=0)
  wcase-probe: line=6 raise=inject on=0 raised=100 hcore=none foreign=0 win=0
  wcase-irq[256B]:  0/0/0 cyc  0/0/0 ns  (p50/max/max, n=0)
  wcase-probe: line=6 raise=inject on=0 raised=100 hcore=none foreign=0 win=0
  wcase-irq[1024B]: 0/0/0 cyc  0/0/0 ns  (p50/max/max, n=0)
  e2e-settle: settled=2/2
  e2e-probe: line=7 closed=1000 dropped=0 tare=69/74 ns  (min/avg, n=64)
  e2e-passes: asked=1000 raised=1000
  e2e-local: 7680/9216/18123 ns  (p50/p99/max, n=1000)
  throughput: 1542402 ctx-sw/s  (648 ns/sw avg over 40000 switches / 25 ms)
  switch-probe: fastpath-swaps=0  (swapped inside the trap, so not in the switch row)
  swb-clock: 2000000 cycles in 776240 ticks
  swb-exact: p1=240 p50=240 p99=260 mean10=2497 n=40002
  switch:    240/256/13160 cyc  118/126/6523 ns  (p50/p99/max, n=40002)
  lock-hold: 208/768/27980 cyc  103/380/13870 ns  (p50/p99/max, n=80365)
  lock-site: core=0 site=0x40b5a5 max=27980
  irq-probe: line=6 raise=inject on=0 raised=100 hcore=none foreign=0 win=0
  irq:       0/0/0 cyc  0/0/0 ns  (p50/max/max, n=0)
  wcase-probe: line=6 raise=inject on=0 raised=100 hcore=none foreign=0 win=0
  wcase-irq[0B]:    0/0/0 cyc  0/0/0 ns  (p50/max/max, n=0)
  wcase-probe: line=6 raise=inject on=0 raised=100 hcore=none foreign=0 win=0
  wcase-irq[64B]:   0/0/0 cyc  0/0/0 ns  (p50/max/max, n=0)
  wcase-probe: line=6 raise=inject on=0 raised=100 hcore=none foreign=0 win=0
  wcase-irq[256B]:  0/0/0 cyc  0/0/0 ns  (p50/max/max, n=0)
  wcase-probe: line=6 raise=inject on=0 raised=100 hcore=none foreign=0 win=0
  wcase-irq[1024B]: 0/0/0 cyc  0/0/0 ns  (p50/max/max, n=0)
  e2e-settle: settled=2/2
  e2e-probe: line=7 closed=1000 dropped=0 tare=69/74 ns  (min/avg, n=64)
  e2e-passes: asked=1000 raised=1000
  e2e-local: 7680/11264/24261 ns  (p50/p99/max, n=1000)
  throughput: 1545974 ctx-sw/s  (646 ns/sw avg over 40000 switches / 25 ms)
  switch-probe: fastpath-swaps=0  (swapped inside the trap, so not in the switch row)
  swb-clock: 2000000 cycles in 776200 ticks
  swb-exact: p1=240 p50=240 p99=260 mean10=2485 n=40002
  switch:    240/256/13200 cyc  118/126/6543 ns  (p50/p99/max, n=40002)
  lock-hold: 208/768/30640 cyc  103/380/15188 ns  (p50/p99/max, n=80365)
  lock-site: core=0 site=0x40b5a5 max=30640
  irq-probe: line=6 raise=inject on=0 raised=100 hcore=none foreign=0 win=0
  irq:       0/0/0 cyc  0/0/0 ns  (p50/max/max, n=0)
  wcase-probe: line=6 raise=inject on=0 raised=100 hcore=none foreign=0 win=0
  wcase-irq[0B]:    0/0/0 cyc  0/0/0 ns  (p50/max/max, n=0)
  wcase-probe: line=6 raise=inject on=0 raised=100 hcore=none foreign=0 win=0
  wcase-irq[64B]:   0/0/0 cyc  0/0/0 ns  (p50/max/max, n=0)
  wcase-probe: line=6 raise=inject on=0 raised=100 hcore=none foreign=0 win=0
  wcase-irq[256B]:  0/0/0 cyc  0/0/0 ns  (p50/max/max, n=0)
  wcase-probe: line=6 raise=inject on=0 raised=100 hcore=none foreign=0 win=0
  wcase-irq[1024B]: 0/0/0 cyc  0/0/0 ns  (p50/max/max, n=0)
  e2e-settle: settled=2/2
  e2e-probe: line=7 closed=1000 dropped=0 tare=69/74 ns  (min/avg, n=64)
  e2e-passes: asked=1000 raised=1000
  e2e-local: 7680/8192/22962 ns  (p50/p99/max, n=1000)
  swb-clock: 2000000 cycles in 776220 ticks
  swb-exact: p1=240 p50=240 p99=260 mean10=2459 n=40002
  switch-vec: 240/256/920 cyc  118/126/456 ns  (p50/p99/max, n=40002)
  xtask ping-pong: 852 ns/switch  (40000 switches / 34 ms)
  xtask call/reply: 16 B  2359 ns/round-trip  (423858 round-trips/s over 20000 calls / 47 ms)
  spawn/exit: thread 15563 ns  (200 reps / 3 ms)
  spawn/exit: task 35015 ns  (200 reps / 7 ms)
bench: done

KICKOS-EXIT status 0
