?[2J?[001;001H?[=3h?[2J?[001;001H?[2J?[001;001H?[8;042;160t?[2J?[001;001H?[2J?[001;001H?[8;056;240t?[2J?[001;001HBdsDxe: loading Boot0002 "UEFI QEMU HARDDISK QM00001 " from PciRoot(0x0)/Pci(0x1F,0x2)/Sata(0x0,0xFFFF,0x0)
BdsDxe: starting Boot0002 "UEFI QEMU HARDDISK QM00001 " from PciRoot(0x0)/Pci(0x1F,0x2)/Sata(0x0,0xFFFF,0x0)

KICKOS-X1 8c41d7a2 x86_64/q35 uefi-handover entry
KICKOS-X1 8c41d7a2 x86_64/q35 uefi-handover handover if=1 paging=1 longmode=1 root=1 wp=1 nx=1 nxcap=1
KICKOS-X1 8c41d7a2 x86_64/q35 uefi-handover if_after_cli=0
KICKOS-X1 8c41d7a2 x86_64/q35 uefi-handover firmware=Debian distribution of EDK II
KICKOS-X1 8c41d7a2 x86_64/q35 uefi-handover revision=0x0000000000020046
KICKOS-X1 8c41d7a2 x86_64/q35 uefi-handover map descriptors=108 stride=48 version=1 conventional_pages=117610 arena=0x0000000001800000 arena_pages=107372
KICKOS-X1 8c41d7a2 x86_64/q35 uefi-handover fp found em=0 ts=0 mp=1 osfxsr=1 osxmmexcpt=1 osxsave=0
KICKOS-X1 8c41d7a2 x86_64/q35 uefi-handover fp enabled em=0 ts=0 mp=1 ne=1 osfxsr=1 osxmmexcpt=1 osxsave=1 xcr0=7 xsave=832
KICKOS-X1 8c41d7a2 x86_64/q35 uefi-handover boot services left
KICKOS-X1 8c41d7a2 x86_64/q35 uefi-handover if_after_exit=0
x86_64 app relocation: base=0x0000000000400000 load_delta=0x0000000000000000 app_words=266

  ==============================================
   KickOS 0.5.1  -  microkernel RTOS
  ==============================================
   board   qemu-x86_64
   arch    x86_64
   cpu     x86-64-v3
   mpu     off
   sched   tickless
   build   2026-10-02 01:46:12 +0200
   app     Oct  2 2026 01:46:14 +0200
   commit  nogit
   heap    16 KiB available
   kstack  4096 B x 33 = 135168 B

microbenchmark: context-switch throughput (all arches) + per-switch cost
+ IRQ-entry latency where a cycle counter exists. Reporter woken by the
workload, not a timer. Telemetry OFF for clean numbers.
cycle counter: 2011797791 Hz (0 = no rate converts a reading; cycles only)

  lock-probe: hold+1 core=0 depth=0  (three nested, one outermost)
  call/reply: 8 B  1905 ns/round-trip  (524761 round-trips/s over 20000 calls / 38 ms)
  call/reply: 16 B  1906 ns/round-trip  (524543 round-trips/s over 20000 calls / 38 ms)
  call/reply: 32 B  1905 ns/round-trip  (524745 round-trips/s over 20000 calls / 38 ms)
  call/reply: 64 B  1903 ns/round-trip  (525477 round-trips/s over 20000 calls / 38 ms)
  call/reply: 128 B  1905 ns/round-trip  (524914 round-trips/s over 20000 calls / 38 ms)
  call/reply: 256 B  1917 ns/round-trip  (521499 round-trips/s over 20000 calls / 38 ms)
  call/reply: 8 B  1938 ns/round-trip  (515841 round-trips/s over 20000 calls / 38 ms) [generic path]
  call/reply: 16 B  1937 ns/round-trip  (516222 round-trips/s over 20000 calls / 38 ms) [generic path]
  call/reply: 32 B  1904 ns/round-trip  (525138 round-trips/s over 20000 calls / 38 ms) [generic path]
  call/reply: 64 B  1903 ns/round-trip  (525291 round-trips/s over 20000 calls / 38 ms) [generic path]
  call/reply: 128 B  1908 ns/round-trip  (524097 round-trips/s over 20000 calls / 38 ms) [generic path]
  call/reply: 256 B  1910 ns/round-trip  (523345 round-trips/s over 20000 calls / 38 ms) [generic path]
  call/reply: 32 B  1942 ns/round-trip  (514683 round-trips/s over 20000 calls / 38 ms) [caller outranks server, D1 donates]
  phase table (44 rows; cyc avg/max, min last and a floor; leaf -= NULL, composite -= NULL + k*(NEST-NULL)):
    NULL             23/300  min=20  n=260000
    NEST             72/420  min=60  n=260000
    NEST_LOCK        53/11440  min=40  n=260000
    CALL_TOTAL       3595/90620  min=3500  n=259999
    CALL_VALIDATE    29/16100  min=20  n=260000
    CALL_LOCKED      3464/90480  min=3380  n=259999
    CALL_RESOLVE     38/14040  min=20  n=260000
    CALL_PEEK        24/360  min=20  n=260000
    CALL_PROBE       24/360  min=20  n=259999
    CALL_POP         25/14300  min=20  n=259999
    CALL_COPY        92/55540  min=80  n=259999
    CALL_MINT        171/46180  min=160  n=259999
    CALL_MINT_CAP    41/21120  min=40  n=259999
    CALL_MINT_INFO   53/46020  min=40  n=259999
    CALL_DONATE      24/60  min=20  n=19999
    CALL_PARK        39/14120  min=20  n=259999
    CALL_WAKE        2632/89640  min=2560  n=259999
    CALL_RESUME      25/13720  min=20  n=260000
    CALL_SLOW_TOTAL  6120/6120  min=6120  n=1
    CALL_SLOW_LOCKED 5880/5880  min=5880  n=1
    CALL_SLOW_DONATE 0/0  min=0  n=0
    CALL_SLOW_PARK   5360/5360  min=5360  n=1
    RECV_LOCKED      3002/92740  min=2940  n=259999
    RECV_RESOLVE     46/11980  min=40  n=260000
    RECV_SCAN        24/12780  min=20  n=259999
    RECV_PARK        2828/92540  min=2760  n=259999
    REPLY_TOTAL      246090/3189960  min=740  n=13
    REPLY_VALIDATE   126/140  min=120  n=13
    REPLY_LOCKED     379/47640  min=340  n=260000
    REPLY_LOOKUP     32/12780  min=20  n=260000
    REPLY_COPY       96/15000  min=60  n=260000
    REPLY_FUNNEL     28/10860  min=20  n=260000
    REPLY_WAKE       93/16440  min=80  n=260000
    REPLY_RECV_TOTAL 3534/93300  min=1700  n=260000
    REPLY_RECV_TAIL  89/16160  min=80  n=259999
    WAKE_UNPARK      42/15660  min=40  n=520012
    PICK_NEXT        41/20420  min=40  n=520064
    SWITCH_TO        4563/81371360  min=2380  n=520013
    SWITCH_BOOK      42/46980  min=40  n=520039
    MPU_APPLY        26/10220  min=20  n=520039
    MPU_COMMIT       0/0  min=0  n=0
    REENT_SEAT       24/14620  min=20  n=520039
    KTIME_REARM      31/21260  min=20  n=520039
    ARCH_SWITCH      4281/81370440  min=2100  n=520013
  ns-probe: cyc=4294967295 ns=2134890153 capped=0
  sat-probe: width=64 fits+1/0 wide+0/1 max=1000

  throughput: 1533584 ctx-sw/s  (652 ns/sw avg over 40000 switches / 26 ms)
  switch-probe: fastpath-swaps=0  (swapped inside the trap, so not in the switch row)
  swb-clock: 2000000 cycles in 778780 ticks
  swb-exact: p1=240 p50=240 p99=260 mean10=2498 n=40002
  switch:    240/256/12220 cyc  119/127/6074 ns  (p50/p99/max, n=40002)
  lock-hold: 208/768/30080 cyc  103/381/14951 ns  (p50/p99/max, n=80362)
  lock-site: core=0 site=0x40b5a5 max=30080
  irq-probe: line=6 raise=inject on=0 raised=100 hcore=none foreign=0 win=0
  irq:       0/0/0 cyc  0/0/0 ns  (p50/max/max, n=0)
  wcase-probe: line=6 raise=inject on=0 raised=100 hcore=none foreign=0 win=0
  wcase-irq[0B]:    0/0/0 cyc  0/0/0 ns  (p50/max/max, n=0)
  wcase-probe: line=6 raise=inject on=0 raised=100 hcore=none foreign=0 win=0
  wcase-irq[64B]:   0/0/0 cyc  0/0/0 ns  (p50/max/max, n=0)
  wcase-probe: line=6 raise=inject on=0 raised=100 hcore=none foreign=0 win=0
  wcase-irq[256B]:  0/0/0 cyc  0/0/0 ns  (p50/max/max, n=0)
  wcase-probe: line=6 raise=inject on=0 raised=100 hcore=none foreign=0 win=0
  wcase-irq[1024B]: 0/0/0 cyc  0/0/0 ns  (p50/max/max, n=0)
  e2e-settle: settled=2/2
  e2e-probe: line=7 closed=1000 dropped=0 tare=69/72 ns  (min/avg, n=64)
  e2e-passes: asked=1000 raised=1000
  e2e-local: 8192/8192/21493 ns  (p50/p99/max, n=1000)
  throughput: 1536448 ctx-sw/s  (650 ns/sw avg over 40000 switches / 26 ms)
  switch-probe: fastpath-swaps=0  (swapped inside the trap, so not in the switch row)
  swb-clock: 2000000 cycles in 779560 ticks
  swb-exact: p1=240 p50=240 p99=260 mean10=2499 n=40002
  switch:    240/256/16000 cyc  119/127/7953 ns  (p50/p99/max, n=40002)
  lock-hold: 208/768/27920 cyc  103/381/13878 ns  (p50/p99/max, n=80365)
  lock-site: core=0 site=0x40b5a5 max=27920
  irq-probe: line=6 raise=inject on=0 raised=100 hcore=none foreign=0 win=0
  irq:       0/0/0 cyc  0/0/0 ns  (p50/max/max, n=0)
  wcase-probe: line=6 raise=inject on=0 raised=100 hcore=none foreign=0 win=0
  wcase-irq[0B]:    0/0/0 cyc  0/0/0 ns  (p50/max/max, n=0)
  wcase-probe: line=6 raise=inject on=0 raised=100 hcore=none foreign=0 win=0
  wcase-irq[64B]:   0/0/0 cyc  0/0/0 ns  (p50/max/max, n=0)
  wcase-probe: line=6 raise=inject on=0 raised=100 hcore=none foreign=0 win=0
  wcase-irq[256B]:  0/0/0 cyc  0/0/0 ns  (p50/max/max, n=0)
  wcase-probe: line=6 raise=inject on=0 raised=100 hcore=none foreign=0 win=0
  wcase-irq[1024B]: 0/0/0 cyc  0/0/0 ns  (p50/max/max, n=0)
  e2e-settle: settled=2/2
  e2e-probe: line=7 closed=1000 dropped=0 tare=69/72 ns  (min/avg, n=64)
  e2e-passes: asked=1000 raised=1000
  e2e-local: 8192/9216/21374 ns  (p50/p99/max, n=1000)
  throughput: 1533711 ctx-sw/s  (652 ns/sw avg over 40000 switches / 26 ms)
  switch-probe: fastpath-swaps=0  (swapped inside the trap, so not in the switch row)
  swb-clock: 2000000 cycles in 779960 ticks
  swb-exact: p1=240 p50=240 p99=260 mean10=2494 n=40002
  switch:    240/256/15100 cyc  119/127/7505 ns  (p50/p99/max, n=40002)
  lock-hold: 208/768/28900 cyc  103/381/14365 ns  (p50/p99/max, n=80365)
  lock-site: core=0 site=0x40b5a5 max=28900
  irq-probe: line=6 raise=inject on=0 raised=100 hcore=none foreign=0 win=0
  irq:       0/0/0 cyc  0/0/0 ns  (p50/max/max, n=0)
  wcase-probe: line=6 raise=inject on=0 raised=100 hcore=none foreign=0 win=0
  wcase-irq[0B]:    0/0/0 cyc  0/0/0 ns  (p50/max/max, n=0)
  wcase-probe: line=6 raise=inject on=0 raised=100 hcore=none foreign=0 win=0
  wcase-irq[64B]:   0/0/0 cyc  0/0/0 ns  (p50/max/max, n=0)
  wcase-probe: line=6 raise=inject on=0 raised=100 hcore=none foreign=0 win=0
  wcase-irq[256B]:  0/0/0 cyc  0/0/0 ns  (p50/max/max, n=0)
  wcase-probe: line=6 raise=inject on=0 raised=100 hcore=none foreign=0 win=0
  wcase-irq[1024B]: 0/0/0 cyc  0/0/0 ns  (p50/max/max, n=0)
  e2e-settle: settled=2/2
  e2e-probe: line=7 closed=1000 dropped=0 tare=69/72 ns  (min/avg, n=64)
  e2e-passes: asked=1000 raised=1000
  e2e-local: 8192/9216/22646 ns  (p50/p99/max, n=1000)
  swb-clock: 2000000 cycles in 778660 ticks
  swb-exact: p1=240 p50=240 p99=260 mean10=2463 n=40002
  switch-vec: 240/256/580 cyc  119/127/288 ns  (p50/p99/max, n=40002)
  xtask ping-pong: 857 ns/switch  (40000 switches / 34 ms)
  xtask call/reply: 16 B  2367 ns/round-trip  (422383 round-trips/s over 20000 calls / 47 ms)
  spawn/exit: thread 15970 ns  (200 reps / 3 ms)
  spawn/exit: task 35423 ns  (200 reps / 7 ms)
bench: done

KICKOS-EXIT status 0
?[2J?[001;001H?[=3h?[2J?[001;001H?[2J?[001;001H?[8;042;160t?[2J?[001;001H?[2J?[001;001H?[8;056;240t?[2J?[001;001HBdsDxe: loading Boot0002 "UEFI QEMU HARDDISK QM00001 " from PciRoot(0x0)/Pci(0x1F,0x2)/Sata(0x0,0xFFFF,0x0)
BdsDxe: starting Boot0002 "UEFI QEMU HARDDISK QM00001 " from PciRoot(0x0)/Pci(0x1F,0x2)/Sata(0x0,0xFFFF,0x0)

KICKOS-X1 8c41d7a2 x86_64/q35 uefi-handover entry
KICKOS-X1 8c41d7a2 x86_64/q35 uefi-handover handover if=1 paging=1 longmode=1 root=1 wp=1 nx=1 nxcap=1
KICKOS-X1 8c41d7a2 x86_64/q35 uefi-handover if_after_cli=0
KICKOS-X1 8c41d7a2 x86_64/q35 uefi-handover firmware=Debian distribution of EDK II
KICKOS-X1 8c41d7a2 x86_64/q35 uefi-handover revision=0x0000000000020046
KICKOS-X1 8c41d7a2 x86_64/q35 uefi-handover map descriptors=108 stride=48 version=1 conventional_pages=117610 arena=0x0000000001800000 arena_pages=107372
KICKOS-X1 8c41d7a2 x86_64/q35 uefi-handover fp found em=0 ts=0 mp=1 osfxsr=1 osxmmexcpt=1 osxsave=0
KICKOS-X1 8c41d7a2 x86_64/q35 uefi-handover fp enabled em=0 ts=0 mp=1 ne=1 osfxsr=1 osxmmexcpt=1 osxsave=1 xcr0=7 xsave=832
KICKOS-X1 8c41d7a2 x86_64/q35 uefi-handover boot services left
KICKOS-X1 8c41d7a2 x86_64/q35 uefi-handover if_after_exit=0
x86_64 app relocation: base=0x0000000000400000 load_delta=0x0000000000000000 app_words=266

  ==============================================
   KickOS 0.5.1  -  microkernel RTOS
  ==============================================
   board   qemu-x86_64
   arch    x86_64
   cpu     x86-64-v3
   mpu     off
   sched   tickless
   build   2026-10-02 01:46:12 +0200
   app     Oct  2 2026 01:46:14 +0200
   commit  nogit
   heap    16 KiB available
   kstack  4096 B x 33 = 135168 B

microbenchmark: context-switch throughput (all arches) + per-switch cost
+ IRQ-entry latency where a cycle counter exists. Reporter woken by the
workload, not a timer. Telemetry OFF for clean numbers.
cycle counter: 2011797791 Hz (0 = no rate converts a reading; cycles only)

  lock-probe: hold+1 core=0 depth=0  (three nested, one outermost)
  call/reply: 8 B  1905 ns/round-trip  (524761 round-trips/s over 20000 calls / 38 ms)
  call/reply: 16 B  1906 ns/round-trip  (524543 round-trips/s over 20000 calls / 38 ms)
  call/reply: 32 B  1905 ns/round-trip  (524745 round-trips/s over 20000 calls / 38 ms)
  call/reply: 64 B  1903 ns/round-trip  (525477 round-trips/s over 20000 calls / 38 ms)
  call/reply: 128 B  1905 ns/round-trip  (524914 round-trips/s over 20000 calls / 38 ms)
  call/reply: 256 B  1917 ns/round-trip  (521499 round-trips/s over 20000 calls / 38 ms)
  call/reply: 8 B  1938 ns/round-trip  (515841 round-trips/s over 20000 calls / 38 ms) [generic path]
  call/reply: 16 B  1937 ns/round-trip  (516222 round-trips/s over 20000 calls / 38 ms) [generic path]
  call/reply: 32 B  1904 ns/round-trip  (525138 round-trips/s over 20000 calls / 38 ms) [generic path]
  call/reply: 64 B  1903 ns/round-trip  (525291 round-trips/s over 20000 calls / 38 ms) [generic path]
  call/reply: 128 B  1908 ns/round-trip  (524097 round-trips/s over 20000 calls / 38 ms) [generic path]
  call/reply: 256 B  1910 ns/round-trip  (523345 round-trips/s over 20000 calls / 38 ms) [generic path]
  call/reply: 32 B  1942 ns/round-trip  (514683 round-trips/s over 20000 calls / 38 ms) [caller outranks server, D1 donates]
  phase table (44 rows; cyc avg/max, min last and a floor; leaf -= NULL, composite -= NULL + k*(NEST-NULL)):
    NULL             23/300  min=20  n=260000
    NEST             72/420  min=60  n=260000
    NEST_LOCK        53/11440  min=40  n=260000
    CALL_TOTAL       3595/90620  min=3500  n=259999
    CALL_VALIDATE    29/16100  min=20  n=260000
    CALL_LOCKED      3464/90480  min=3380  n=259999
    CALL_RESOLVE     38/14040  min=20  n=260000
    CALL_PEEK        24/360  min=20  n=260000
    CALL_PROBE       24/360  min=20  n=259999
    CALL_POP         25/14300  min=20  n=259999
    CALL_COPY        92/55540  min=80  n=259999
    CALL_MINT        171/46180  min=160  n=259999
    CALL_MINT_CAP    41/21120  min=40  n=259999
    CALL_MINT_INFO   53/46020  min=40  n=259999
    CALL_DONATE      24/60  min=20  n=19999
    CALL_PARK        39/14120  min=20  n=259999
    CALL_WAKE        2632/89640  min=2560  n=259999
    CALL_RESUME      25/13720  min=20  n=260000
    CALL_SLOW_TOTAL  6120/6120  min=6120  n=1
    CALL_SLOW_LOCKED 5880/5880  min=5880  n=1
    CALL_SLOW_DONATE 0/0  min=0  n=0
    CALL_SLOW_PARK   5360/5360  min=5360  n=1
    RECV_LOCKED      3002/92740  min=2940  n=259999
    RECV_RESOLVE     46/11980  min=40  n=260000
    RECV_SCAN        24/12780  min=20  n=259999
    RECV_PARK        2828/92540  min=2760  n=259999
    REPLY_TOTAL      246090/3189960  min=740  n=13
    REPLY_VALIDATE   126/140  min=120  n=13
    REPLY_LOCKED     379/47640  min=340  n=260000
    REPLY_LOOKUP     32/12780  min=20  n=260000
    REPLY_COPY       96/15000  min=60  n=260000
    REPLY_FUNNEL     28/10860  min=20  n=260000
    REPLY_WAKE       93/16440  min=80  n=260000
    REPLY_RECV_TOTAL 3534/93300  min=1700  n=260000
    REPLY_RECV_TAIL  89/16160  min=80  n=259999
    WAKE_UNPARK      42/15660  min=40  n=520012
    PICK_NEXT        41/20420  min=40  n=520064
    SWITCH_TO        4563/81371360  min=2380  n=520013
    SWITCH_BOOK      42/46980  min=40  n=520039
    MPU_APPLY        26/10220  min=20  n=520039
    MPU_COMMIT       0/0  min=0  n=0
    REENT_SEAT       24/14620  min=20  n=520039
    KTIME_REARM      31/21260  min=20  n=520039
    ARCH_SWITCH      4281/81370440  min=2100  n=520013
  ns-probe: cyc=4294967295 ns=2134890153 capped=0
  sat-probe: width=64 fits+1/0 wide+0/1 max=1000

  throughput: 1533584 ctx-sw/s  (652 ns/sw avg over 40000 switches / 26 ms)
  switch-probe: fastpath-swaps=0  (swapped inside the trap, so not in the switch row)
  swb-clock: 2000000 cycles in 778780 ticks
  swb-exact: p1=240 p50=240 p99=260 mean10=2498 n=40002
  switch:    240/256/12220 cyc  119/127/6074 ns  (p50/p99/max, n=40002)
  lock-hold: 208/768/30080 cyc  103/381/14951 ns  (p50/p99/max, n=80362)
  lock-site: core=0 site=0x40b5a5 max=30080
  irq-probe: line=6 raise=inject on=0 raised=100 hcore=none foreign=0 win=0
  irq:       0/0/0 cyc  0/0/0 ns  (p50/max/max, n=0)
  wcase-probe: line=6 raise=inject on=0 raised=100 hcore=none foreign=0 win=0
  wcase-irq[0B]:    0/0/0 cyc  0/0/0 ns  (p50/max/max, n=0)
  wcase-probe: line=6 raise=inject on=0 raised=100 hcore=none foreign=0 win=0
  wcase-irq[64B]:   0/0/0 cyc  0/0/0 ns  (p50/max/max, n=0)
  wcase-probe: line=6 raise=inject on=0 raised=100 hcore=none foreign=0 win=0
  wcase-irq[256B]:  0/0/0 cyc  0/0/0 ns  (p50/max/max, n=0)
  wcase-probe: line=6 raise=inject on=0 raised=100 hcore=none foreign=0 win=0
  wcase-irq[1024B]: 0/0/0 cyc  0/0/0 ns  (p50/max/max, n=0)
  e2e-settle: settled=2/2
  e2e-probe: line=7 closed=1000 dropped=0 tare=69/72 ns  (min/avg, n=64)
  e2e-passes: asked=1000 raised=1000
  e2e-local: 8192/8192/21493 ns  (p50/p99/max, n=1000)
  throughput: 1536448 ctx-sw/s  (650 ns/sw avg over 40000 switches / 26 ms)
  switch-probe: fastpath-swaps=0  (swapped inside the trap, so not in the switch row)
  swb-clock: 2000000 cycles in 779560 ticks
  swb-exact: p1=240 p50=240 p99=260 mean10=2499 n=40002
  switch:    240/256/16000 cyc  119/127/7953 ns  (p50/p99/max, n=40002)
  lock-hold: 208/768/27920 cyc  103/381/13878 ns  (p50/p99/max, n=80365)
  lock-site: core=0 site=0x40b5a5 max=27920
  irq-probe: line=6 raise=inject on=0 raised=100 hcore=none foreign=0 win=0
  irq:       0/0/0 cyc  0/0/0 ns  (p50/max/max, n=0)
  wcase-probe: line=6 raise=inject on=0 raised=100 hcore=none foreign=0 win=0
  wcase-irq[0B]:    0/0/0 cyc  0/0/0 ns  (p50/max/max, n=0)
  wcase-probe: line=6 raise=inject on=0 raised=100 hcore=none foreign=0 win=0
  wcase-irq[64B]:   0/0/0 cyc  0/0/0 ns  (p50/max/max, n=0)
  wcase-probe: line=6 raise=inject on=0 raised=100 hcore=none foreign=0 win=0
  wcase-irq[256B]:  0/0/0 cyc  0/0/0 ns  (p50/max/max, n=0)
  wcase-probe: line=6 raise=inject on=0 raised=100 hcore=none foreign=0 win=0
  wcase-irq[1024B]: 0/0/0 cyc  0/0/0 ns  (p50/max/max, n=0)
  e2e-settle: settled=2/2
  e2e-probe: line=7 closed=1000 dropped=0 tare=69/72 ns  (min/avg, n=64)
  e2e-passes: asked=1000 raised=1000
  e2e-local: 8192/9216/21374 ns  (p50/p99/max, n=1000)
  throughput: 1533711 ctx-sw/s  (652 ns/sw avg over 40000 switches / 26 ms)
  switch-probe: fastpath-swaps=0  (swapped inside the trap, so not in the switch row)
  swb-clock: 2000000 cycles in 779960 ticks
  swb-exact: p1=240 p50=240 p99=260 mean10=2494 n=40002
  switch:    240/256/15100 cyc  119/127/7505 ns  (p50/p99/max, n=40002)
  lock-hold: 208/768/28900 cyc  103/381/14365 ns  (p50/p99/max, n=80365)
  lock-site: core=0 site=0x40b5a5 max=28900
  irq-probe: line=6 raise=inject on=0 raised=100 hcore=none foreign=0 win=0
  irq:       0/0/0 cyc  0/0/0 ns  (p50/max/max, n=0)
  wcase-probe: line=6 raise=inject on=0 raised=100 hcore=none foreign=0 win=0
  wcase-irq[0B]:    0/0/0 cyc  0/0/0 ns  (p50/max/max, n=0)
  wcase-probe: line=6 raise=inject on=0 raised=100 hcore=none foreign=0 win=0
  wcase-irq[64B]:   0/0/0 cyc  0/0/0 ns  (p50/max/max, n=0)
  wcase-probe: line=6 raise=inject on=0 raised=100 hcore=none foreign=0 win=0
  wcase-irq[256B]:  0/0/0 cyc  0/0/0 ns  (p50/max/max, n=0)
  wcase-probe: line=6 raise=inject on=0 raised=100 hcore=none foreign=0 win=0
  wcase-irq[1024B]: 0/0/0 cyc  0/0/0 ns  (p50/max/max, n=0)
  e2e-settle: settled=2/2
  e2e-probe: line=7 closed=1000 dropped=0 tare=69/72 ns  (min/avg, n=64)
  e2e-passes: asked=1000 raised=1000
  e2e-local: 8192/9216/22646 ns  (p50/p99/max, n=1000)
  swb-clock: 2000000 cycles in 778660 ticks
  swb-exact: p1=240 p50=240 p99=260 mean10=2463 n=40002
  switch-vec: 240/256/580 cyc  119/127/288 ns  (p50/p99/max, n=40002)
  xtask ping-pong: 857 ns/switch  (40000 switches / 34 ms)
  xtask call/reply: 16 B  2367 ns/round-trip  (422383 round-trips/s over 20000 calls / 47 ms)
  spawn/exit: thread 15970 ns  (200 reps / 3 ms)
  spawn/exit: task 35423 ns  (200 reps / 7 ms)
bench: done

KICKOS-EXIT status 0
