?[2J?[001;001H?[=3h?[2J?[001;001H?[2J?[001;001H?[8;042;160t?[2J?[001;001H?[2J?[001;001H?[8;056;240t?[2J?[001;001HBdsDxe: loading Boot0002 "UEFI QEMU HARDDISK QM00001 " from PciRoot(0x0)/Pci(0x1F,0x2)/Sata(0x0,0xFFFF,0x0)
BdsDxe: starting Boot0002 "UEFI QEMU HARDDISK QM00001 " from PciRoot(0x0)/Pci(0x1F,0x2)/Sata(0x0,0xFFFF,0x0)

KICKOS-X1 8c41d7a2 x86_64/q35 uefi-handover entry
KICKOS-X1 8c41d7a2 x86_64/q35 uefi-handover handover if=1 paging=1 longmode=1 root=1 wp=1 nx=1 nxcap=1
KICKOS-X1 8c41d7a2 x86_64/q35 uefi-handover if_after_cli=0
KICKOS-X1 8c41d7a2 x86_64/q35 uefi-handover firmware=Debian distribution of EDK II
KICKOS-X1 8c41d7a2 x86_64/q35 uefi-handover revision=0x0000000000020046
KICKOS-X1 8c41d7a2 x86_64/q35 uefi-handover map descriptors=113 stride=48 version=1 conventional_pages=118377 arena=0x0000000001800000 arena_pages=108270
KICKOS-X1 8c41d7a2 x86_64/q35 uefi-handover fp found em=0 ts=0 mp=1 osfxsr=1 osxmmexcpt=1 osxsave=0
KICKOS-X1 8c41d7a2 x86_64/q35 uefi-handover fp enabled em=0 ts=0 mp=1 ne=1 osfxsr=1 osxmmexcpt=1 osxsave=1 xcr0=7 xsave=832
KICKOS-X1 8c41d7a2 x86_64/q35 uefi-handover boot services left
KICKOS-X1 8c41d7a2 x86_64/q35 uefi-handover if_after_exit=0
x86_64 app relocation: base=0x0000000000400000 load_delta=0x0000000000000000 app_words=266

  ==============================================
   KickOS 0.5.1  -  microkernel RTOS
  ==============================================
   board   qemu-x86_64
   arch    x86_64
   cpu     x86-64-v3
   mpu     off
   sched   tickless
   build   2026-10-02 01:46:12 +0200
   app     Oct  2 2026 01:46:14 +0200
   commit  nogit
   heap    16 KiB available
   kstack  4096 B x 33 = 135168 B

microbenchmark: context-switch throughput (all arches) + per-switch cost
+ IRQ-entry latency where a cycle counter exists. Reporter woken by the
workload, not a timer. Telemetry OFF for clean numbers.
cycle counter: 1997248806 Hz (0 = no rate converts a reading; cycles only)

  lock-probe: hold+1 core=0 depth=0  (three nested, one outermost)
  call/reply: 8 B  1916 ns/round-trip  (521714 round-trips/s over 20000 calls / 38 ms)
  call/reply: 16 B  1913 ns/round-trip  (522641 round-trips/s over 20000 calls / 38 ms)
  call/reply: 32 B  1912 ns/round-trip  (522765 round-trips/s over 20000 calls / 38 ms)
  call/reply: 64 B  1914 ns/round-trip  (522436 round-trips/s over 20000 calls / 38 ms)
  call/reply: 128 B  1914 ns/round-trip  (522211 round-trips/s over 20000 calls / 38 ms)
  call/reply: 256 B  1917 ns/round-trip  (521510 round-trips/s over 20000 calls / 38 ms)
  call/reply: 8 B  1911 ns/round-trip  (523112 round-trips/s over 20000 calls / 38 ms) [generic path]
  call/reply: 16 B  1913 ns/round-trip  (522693 round-trips/s over 20000 calls / 38 ms) [generic path]
  call/reply: 32 B  1932 ns/round-trip  (517458 round-trips/s over 20000 calls / 38 ms) [generic path]
  call/reply: 64 B  1911 ns/round-trip  (523076 round-trips/s over 20000 calls / 38 ms) [generic path]
  call/reply: 128 B  1912 ns/round-trip  (522906 round-trips/s over 20000 calls / 38 ms) [generic path]
  call/reply: 256 B  1915 ns/round-trip  (521977 round-trips/s over 20000 calls / 38 ms) [generic path]
  call/reply: 32 B  1958 ns/round-trip  (510605 round-trips/s over 20000 calls / 39 ms) [caller outranks server, D1 donates]
  phase table (44 rows; cyc avg/max, min last and a floor; leaf -= NULL, composite -= NULL + k*(NEST-NULL)):
    NULL             24/16740  min=20  n=260000
    NEST             74/16820  min=60  n=260000
    NEST_LOCK        55/16980  min=40  n=260000
    CALL_TOTAL       3575/769260  min=3500  n=259999
    CALL_VALIDATE    29/380  min=20  n=260000
    CALL_LOCKED      3449/769120  min=3380  n=259999
    CALL_RESOLVE     38/380  min=20  n=260000
    CALL_PEEK        26/13860  min=20  n=260000
    CALL_PROBE       22/360  min=20  n=259999
    CALL_POP         27/380  min=20  n=259999
    CALL_COPY        91/1480  min=60  n=259999
    CALL_MINT        168/15900  min=160  n=259999
    CALL_MINT_CAP    41/400  min=40  n=259999
    CALL_MINT_INFO   53/11780  min=40  n=259999
    CALL_DONATE      24/13380  min=20  n=19999
    CALL_PARK        41/762420  min=20  n=259999
    CALL_WAKE        2617/54540  min=2560  n=259999
    CALL_RESUME      24/360  min=20  n=260000
    CALL_SLOW_TOTAL  6480/6480  min=6480  n=1
    CALL_SLOW_LOCKED 6220/6220  min=6220  n=1
    CALL_SLOW_DONATE 0/0  min=0  n=0
    CALL_SLOW_PARK   5720/5720  min=5720  n=1
    RECV_LOCKED      2987/766120  min=2940  n=259999
    RECV_RESOLVE     46/18180  min=40  n=260000
    RECV_SCAN        23/14200  min=20  n=259999
    RECV_PARK        2815/765920  min=2760  n=259999
    REPLY_TOTAL      246501/3195440  min=720  n=13
    REPLY_VALIDATE   113/140  min=100  n=13
    REPLY_LOCKED     377/19820  min=340  n=260000
    REPLY_LOOKUP     32/13520  min=20  n=260000
    REPLY_COPY       96/15740  min=60  n=260000
    REPLY_FUNNEL     28/18540  min=20  n=260000
    REPLY_WAKE       92/19540  min=80  n=260000
    REPLY_RECV_TOTAL 3516/766640  min=1640  n=260000
    REPLY_RECV_TAIL  89/36280  min=80  n=259999
    WAKE_UNPARK      41/19380  min=40  n=520012
    PICK_NEXT        41/40160  min=40  n=520064
    SWITCH_TO        4538/81430960  min=2380  n=520013
    SWITCH_BOOK      41/51400  min=40  n=520039
    MPU_APPLY        27/18640  min=20  n=520039
    MPU_COMMIT       0/0  min=0  n=0
    REENT_SEAT       23/17380  min=20  n=520039
    KTIME_REARM      31/18240  min=20  n=520039
    ARCH_SWITCH      4260/81430020  min=2100  n=520013
  ns-probe: cyc=4294967295 ns=2150441788 capped=0
  sat-probe: width=64 fits+1/0 wide+0/1 max=1000

  throughput: 1526567 ctx-sw/s  (655 ns/sw avg over 40000 switches / 26 ms)
  switch-probe: fastpath-swaps=0  (swapped inside the trap, so not in the switch row)
  swb-clock: 2000000 cycles in 777960 ticks
  swb-exact: p1=240 p50=240 p99=260 mean10=2492 n=40002
  switch:    240/256/12140 cyc  120/128/6078 ns  (p50/p99/max, n=40002)
  lock-hold: 208/768/28440 cyc  104/384/14239 ns  (p50/p99/max, n=80362)
  lock-site: core=0 site=0x40b5a5 max=28440
  irq-probe: line=6 raise=inject on=0 raised=100 hcore=none foreign=0 win=0
  irq:       0/0/0 cyc  0/0/0 ns  (p50/max/max, n=0)
  wcase-probe: line=6 raise=inject on=0 raised=100 hcore=none foreign=0 win=0
  wcase-irq[0B]:    0/0/0 cyc  0/0/0 ns  (p50/max/max, n=0)
  wcase-probe: line=6 raise=inject on=0 raised=100 hcore=none foreign=0 win=0
  wcase-irq[64B]:   0/0/0 cyc  0/0/0 ns  (p50/max/max, n=0)
  wcase-probe: line=6 raise=inject on=0 raised=100 hcore=none foreign=0 win=0
  wcase-irq[256B]:  0/0/0 cyc  0/0/0 ns  (p50/max/max, n=0)
  wcase-probe: line=6 raise=inject on=0 raised=100 hcore=none foreign=0 win=0
  wcase-irq[1024B]: 0/0/0 cyc  0/0/0 ns  (p50/max/max, n=0)
  e2e-settle: settled=2/2
  e2e-probe: line=7 closed=1000 dropped=0 tare=70/72 ns  (min/avg, n=64)
  e2e-passes: asked=1000 raised=1000
  e2e-local: 8192/9216/23382 ns  (p50/p99/max, n=1000)
  throughput: 1529198 ctx-sw/s  (653 ns/sw avg over 40000 switches / 26 ms)
  switch-probe: fastpath-swaps=0  (swapped inside the trap, so not in the switch row)
  swb-clock: 2000000 cycles in 778000 ticks
  swb-exact: p1=240 p50=240 p99=260 mean10=2488 n=40002
  switch:    240/256/11700 cyc  120/128/5858 ns  (p50/p99/max, n=40002)
  lock-hold: 208/768/30160 cyc  104/384/15100 ns  (p50/p99/max, n=80365)
  lock-site: core=0 site=0x40b5a5 max=30160
  irq-probe: line=6 raise=inject on=0 raised=100 hcore=none foreign=0 win=0
  irq:       0/0/0 cyc  0/0/0 ns  (p50/max/max, n=0)
  wcase-probe: line=6 raise=inject on=0 raised=100 hcore=none foreign=0 win=0
  wcase-irq[0B]:    0/0/0 cyc  0/0/0 ns  (p50/max/max, n=0)
  wcase-probe: line=6 raise=inject on=0 raised=100 hcore=none foreign=0 win=0
  wcase-irq[64B]:   0/0/0 cyc  0/0/0 ns  (p50/max/max, n=0)
  wcase-probe: line=6 raise=inject on=0 raised=100 hcore=none foreign=0 win=0
  wcase-irq[256B]:  0/0/0 cyc  0/0/0 ns  (p50/max/max, n=0)
  wcase-probe: line=6 raise=inject on=0 raised=100 hcore=none foreign=0 win=0
  wcase-irq[1024B]: 0/0/0 cyc  0/0/0 ns  (p50/max/max, n=0)
  e2e-settle: settled=2/2
  e2e-probe: line=7 closed=1000 dropped=0 tare=70/72 ns  (min/avg, n=64)
  e2e-passes: asked=1000 raised=1000
  e2e-local: 8192/8192/16012 ns  (p50/p99/max, n=1000)
  throughput: 1527789 ctx-sw/s  (654 ns/sw avg over 40000 switches / 26 ms)
  switch-probe: fastpath-swaps=0  (swapped inside the trap, so not in the switch row)
  swb-clock: 2000000 cycles in 777840 ticks
  swb-exact: p1=240 p50=240 p99=260 mean10=2494 n=40002
  switch:    240/256/15120 cyc  120/128/7570 ns  (p50/p99/max, n=40002)
  lock-hold: 208/768/27260 cyc  104/384/13648 ns  (p50/p99/max, n=80365)
  lock-site: core=0 site=0x40b5a5 max=27260
  irq-probe: line=6 raise=inject on=0 raised=100 hcore=none foreign=0 win=0
  irq:       0/0/0 cyc  0/0/0 ns  (p50/max/max, n=0)
  wcase-probe: line=6 raise=inject on=0 raised=100 hcore=none foreign=0 win=0
  wcase-irq[0B]:    0/0/0 cyc  0/0/0 ns  (p50/max/max, n=0)
  wcase-probe: line=6 raise=inject on=0 raised=100 hcore=none foreign=0 win=0
  wcase-irq[64B]:   0/0/0 cyc  0/0/0 ns  (p50/max/max, n=0)
  wcase-probe: line=6 raise=inject on=0 raised=100 hcore=none foreign=0 win=0
  wcase-irq[256B]:  0/0/0 cyc  0/0/0 ns  (p50/max/max, n=0)
  wcase-probe: line=6 raise=inject on=0 raised=100 hcore=none foreign=0 win=0
  wcase-irq[1024B]: 0/0/0 cyc  0/0/0 ns  (p50/max/max, n=0)
  e2e-settle: settled=2/2
  e2e-probe: line=7 closed=1000 dropped=0 tare=70/72 ns  (min/avg, n=64)
  e2e-passes: asked=1000 raised=1000
  e2e-local: 8192/8192/22181 ns  (p50/p99/max, n=1000)
  swb-clock: 2000000 cycles in 778000 ticks
  swb-exact: p1=240 p50=240 p99=260 mean10=2456 n=40002
  switch-vec: 240/256/14600 cyc  120/128/7310 ns  (p50/p99/max, n=40002)
  xtask ping-pong: 861 ns/switch  (40000 switches / 34 ms)
  xtask call/reply: 16 B  2383 ns/round-trip  (419529 round-trips/s over 20000 calls / 47 ms)
  spawn/exit: thread 15902 ns  (200 reps / 3 ms)
  spawn/exit: task 35765 ns  (200 reps / 7 ms)
bench: done

KICKOS-EXIT status 0
?[2J?[001;001H?[=3h?[2J?[001;001H?[2J?[001;001H?[8;042;160t?[2J?[001;001H?[2J?[001;001H?[8;056;240t?[2J?[001;001HBdsDxe: loading Boot0002 "UEFI QEMU HARDDISK QM00001 " from PciRoot(0x0)/Pci(0x1F,0x2)/Sata(0x0,0xFFFF,0x0)
BdsDxe: starting Boot0002 "UEFI QEMU HARDDISK QM00001 " from PciRoot(0x0)/Pci(0x1F,0x2)/Sata(0x0,0xFFFF,0x0)

KICKOS-X1 8c41d7a2 x86_64/q35 uefi-handover entry
KICKOS-X1 8c41d7a2 x86_64/q35 uefi-handover handover if=1 paging=1 longmode=1 root=1 wp=1 nx=1 nxcap=1
KICKOS-X1 8c41d7a2 x86_64/q35 uefi-handover if_after_cli=0
KICKOS-X1 8c41d7a2 x86_64/q35 uefi-handover firmware=Debian distribution of EDK II
KICKOS-X1 8c41d7a2 x86_64/q35 uefi-handover revision=0x0000000000020046
KICKOS-X1 8c41d7a2 x86_64/q35 uefi-handover map descriptors=113 stride=48 version=1 conventional_pages=118377 arena=0x0000000001800000 arena_pages=108270
KICKOS-X1 8c41d7a2 x86_64/q35 uefi-handover fp found em=0 ts=0 mp=1 osfxsr=1 osxmmexcpt=1 osxsave=0
KICKOS-X1 8c41d7a2 x86_64/q35 uefi-handover fp enabled em=0 ts=0 mp=1 ne=1 osfxsr=1 osxmmexcpt=1 osxsave=1 xcr0=7 xsave=832
KICKOS-X1 8c41d7a2 x86_64/q35 uefi-handover boot services left
KICKOS-X1 8c41d7a2 x86_64/q35 uefi-handover if_after_exit=0
x86_64 app relocation: base=0x0000000000400000 load_delta=0x0000000000000000 app_words=266

  ==============================================
   KickOS 0.5.1  -  microkernel RTOS
  ==============================================
   board   qemu-x86_64
   arch    x86_64
   cpu     x86-64-v3
   mpu     off
   sched   tickless
   build   2026-10-02 01:46:12 +0200
   app     Oct  2 2026 01:46:14 +0200
   commit  nogit
   heap    16 KiB available
   kstack  4096 B x 33 = 135168 B

microbenchmark: context-switch throughput (all arches) + per-switch cost
+ IRQ-entry latency where a cycle counter exists. Reporter woken by the
workload, not a timer. Telemetry OFF for clean numbers.
cycle counter: 1997248806 Hz (0 = no rate converts a reading; cycles only)

  lock-probe: hold+1 core=0 depth=0  (three nested, one outermost)
  call/reply: 8 B  1916 ns/round-trip  (521714 round-trips/s over 20000 calls / 38 ms)
  call/reply: 16 B  1913 ns/round-trip  (522641 round-trips/s over 20000 calls / 38 ms)
  call/reply: 32 B  1912 ns/round-trip  (522765 round-trips/s over 20000 calls / 38 ms)
  call/reply: 64 B  1914 ns/round-trip  (522436 round-trips/s over 20000 calls / 38 ms)
  call/reply: 128 B  1914 ns/round-trip  (522211 round-trips/s over 20000 calls / 38 ms)
  call/reply: 256 B  1917 ns/round-trip  (521510 round-trips/s over 20000 calls / 38 ms)
  call/reply: 8 B  1911 ns/round-trip  (523112 round-trips/s over 20000 calls / 38 ms) [generic path]
  call/reply: 16 B  1913 ns/round-trip  (522693 round-trips/s over 20000 calls / 38 ms) [generic path]
  call/reply: 32 B  1932 ns/round-trip  (517458 round-trips/s over 20000 calls / 38 ms) [generic path]
  call/reply: 64 B  1911 ns/round-trip  (523076 round-trips/s over 20000 calls / 38 ms) [generic path]
  call/reply: 128 B  1912 ns/round-trip  (522906 round-trips/s over 20000 calls / 38 ms) [generic path]
  call/reply: 256 B  1915 ns/round-trip  (521977 round-trips/s over 20000 calls / 38 ms) [generic path]
  call/reply: 32 B  1958 ns/round-trip  (510605 round-trips/s over 20000 calls / 39 ms) [caller outranks server, D1 donates]
  phase table (44 rows; cyc avg/max, min last and a floor; leaf -= NULL, composite -= NULL + k*(NEST-NULL)):
    NULL             24/16740  min=20  n=260000
    NEST             74/16820  min=60  n=260000
    NEST_LOCK        55/16980  min=40  n=260000
    CALL_TOTAL       3575/769260  min=3500  n=259999
    CALL_VALIDATE    29/380  min=20  n=260000
    CALL_LOCKED      3449/769120  min=3380  n=259999
    CALL_RESOLVE     38/380  min=20  n=260000
    CALL_PEEK        26/13860  min=20  n=260000
    CALL_PROBE       22/360  min=20  n=259999
    CALL_POP         27/380  min=20  n=259999
    CALL_COPY        91/1480  min=60  n=259999
    CALL_MINT        168/15900  min=160  n=259999
    CALL_MINT_CAP    41/400  min=40  n=259999
    CALL_MINT_INFO   53/11780  min=40  n=259999
    CALL_DONATE      24/13380  min=20  n=19999
    CALL_PARK        41/762420  min=20  n=259999
    CALL_WAKE        2617/54540  min=2560  n=259999
    CALL_RESUME      24/360  min=20  n=260000
    CALL_SLOW_TOTAL  6480/6480  min=6480  n=1
    CALL_SLOW_LOCKED 6220/6220  min=6220  n=1
    CALL_SLOW_DONATE 0/0  min=0  n=0
    CALL_SLOW_PARK   5720/5720  min=5720  n=1
    RECV_LOCKED      2987/766120  min=2940  n=259999
    RECV_RESOLVE     46/18180  min=40  n=260000
    RECV_SCAN        23/14200  min=20  n=259999
    RECV_PARK        2815/765920  min=2760  n=259999
    REPLY_TOTAL      246501/3195440  min=720  n=13
    REPLY_VALIDATE   113/140  min=100  n=13
    REPLY_LOCKED     377/19820  min=340  n=260000
    REPLY_LOOKUP     32/13520  min=20  n=260000
    REPLY_COPY       96/15740  min=60  n=260000
    REPLY_FUNNEL     28/18540  min=20  n=260000
    REPLY_WAKE       92/19540  min=80  n=260000
    REPLY_RECV_TOTAL 3516/766640  min=1640  n=260000
    REPLY_RECV_TAIL  89/36280  min=80  n=259999
    WAKE_UNPARK      41/19380  min=40  n=520012
    PICK_NEXT        41/40160  min=40  n=520064
    SWITCH_TO        4538/81430960  min=2380  n=520013
    SWITCH_BOOK      41/51400  min=40  n=520039
    MPU_APPLY        27/18640  min=20  n=520039
    MPU_COMMIT       0/0  min=0  n=0
    REENT_SEAT       23/17380  min=20  n=520039
    KTIME_REARM      31/18240  min=20  n=520039
    ARCH_SWITCH      4260/81430020  min=2100  n=520013
  ns-probe: cyc=4294967295 ns=2150441788 capped=0
  sat-probe: width=64 fits+1/0 wide+0/1 max=1000

  throughput: 1526567 ctx-sw/s  (655 ns/sw avg over 40000 switches / 26 ms)
  switch-probe: fastpath-swaps=0  (swapped inside the trap, so not in the switch row)
  swb-clock: 2000000 cycles in 777960 ticks
  swb-exact: p1=240 p50=240 p99=260 mean10=2492 n=40002
  switch:    240/256/12140 cyc  120/128/6078 ns  (p50/p99/max, n=40002)
  lock-hold: 208/768/28440 cyc  104/384/14239 ns  (p50/p99/max, n=80362)
  lock-site: core=0 site=0x40b5a5 max=28440
  irq-probe: line=6 raise=inject on=0 raised=100 hcore=none foreign=0 win=0
  irq:       0/0/0 cyc  0/0/0 ns  (p50/max/max, n=0)
  wcase-probe: line=6 raise=inject on=0 raised=100 hcore=none foreign=0 win=0
  wcase-irq[0B]:    0/0/0 cyc  0/0/0 ns  (p50/max/max, n=0)
  wcase-probe: line=6 raise=inject on=0 raised=100 hcore=none foreign=0 win=0
  wcase-irq[64B]:   0/0/0 cyc  0/0/0 ns  (p50/max/max, n=0)
  wcase-probe: line=6 raise=inject on=0 raised=100 hcore=none foreign=0 win=0
  wcase-irq[256B]:  0/0/0 cyc  0/0/0 ns  (p50/max/max, n=0)
  wcase-probe: line=6 raise=inject on=0 raised=100 hcore=none foreign=0 win=0
  wcase-irq[1024B]: 0/0/0 cyc  0/0/0 ns  (p50/max/max, n=0)
  e2e-settle: settled=2/2
  e2e-probe: line=7 closed=1000 dropped=0 tare=70/72 ns  (min/avg, n=64)
  e2e-passes: asked=1000 raised=1000
  e2e-local: 8192/9216/23382 ns  (p50/p99/max, n=1000)
  throughput: 1529198 ctx-sw/s  (653 ns/sw avg over 40000 switches / 26 ms)
  switch-probe: fastpath-swaps=0  (swapped inside the trap, so not in the switch row)
  swb-clock: 2000000 cycles in 778000 ticks
  swb-exact: p1=240 p50=240 p99=260 mean10=2488 n=40002
  switch:    240/256/11700 cyc  120/128/5858 ns  (p50/p99/max, n=40002)
  lock-hold: 208/768/30160 cyc  104/384/15100 ns  (p50/p99/max, n=80365)
  lock-site: core=0 site=0x40b5a5 max=30160
  irq-probe: line=6 raise=inject on=0 raised=100 hcore=none foreign=0 win=0
  irq:       0/0/0 cyc  0/0/0 ns  (p50/max/max, n=0)
  wcase-probe: line=6 raise=inject on=0 raised=100 hcore=none foreign=0 win=0
  wcase-irq[0B]:    0/0/0 cyc  0/0/0 ns  (p50/max/max, n=0)
  wcase-probe: line=6 raise=inject on=0 raised=100 hcore=none foreign=0 win=0
  wcase-irq[64B]:   0/0/0 cyc  0/0/0 ns  (p50/max/max, n=0)
  wcase-probe: line=6 raise=inject on=0 raised=100 hcore=none foreign=0 win=0
  wcase-irq[256B]:  0/0/0 cyc  0/0/0 ns  (p50/max/max, n=0)
  wcase-probe: line=6 raise=inject on=0 raised=100 hcore=none foreign=0 win=0
  wcase-irq[1024B]: 0/0/0 cyc  0/0/0 ns  (p50/max/max, n=0)
  e2e-settle: settled=2/2
  e2e-probe: line=7 closed=1000 dropped=0 tare=70/72 ns  (min/avg, n=64)
  e2e-passes: asked=1000 raised=1000
  e2e-local: 8192/8192/16012 ns  (p50/p99/max, n=1000)
  throughput: 1527789 ctx-sw/s  (654 ns/sw avg over 40000 switches / 26 ms)
  switch-probe: fastpath-swaps=0  (swapped inside the trap, so not in the switch row)
  swb-clock: 2000000 cycles in 777840 ticks
  swb-exact: p1=240 p50=240 p99=260 mean10=2494 n=40002
  switch:    240/256/15120 cyc  120/128/7570 ns  (p50/p99/max, n=40002)
  lock-hold: 208/768/27260 cyc  104/384/13648 ns  (p50/p99/max, n=80365)
  lock-site: core=0 site=0x40b5a5 max=27260
  irq-probe: line=6 raise=inject on=0 raised=100 hcore=none foreign=0 win=0
  irq:       0/0/0 cyc  0/0/0 ns  (p50/max/max, n=0)
  wcase-probe: line=6 raise=inject on=0 raised=100 hcore=none foreign=0 win=0
  wcase-irq[0B]:    0/0/0 cyc  0/0/0 ns  (p50/max/max, n=0)
  wcase-probe: line=6 raise=inject on=0 raised=100 hcore=none foreign=0 win=0
  wcase-irq[64B]:   0/0/0 cyc  0/0/0 ns  (p50/max/max, n=0)
  wcase-probe: line=6 raise=inject on=0 raised=100 hcore=none foreign=0 win=0
  wcase-irq[256B]:  0/0/0 cyc  0/0/0 ns  (p50/max/max, n=0)
  wcase-probe: line=6 raise=inject on=0 raised=100 hcore=none foreign=0 win=0
  wcase-irq[1024B]: 0/0/0 cyc  0/0/0 ns  (p50/max/max, n=0)
  e2e-settle: settled=2/2
  e2e-probe: line=7 closed=1000 dropped=0 tare=70/72 ns  (min/avg, n=64)
  e2e-passes: asked=1000 raised=1000
  e2e-local: 8192/8192/22181 ns  (p50/p99/max, n=1000)
  swb-clock: 2000000 cycles in 778000 ticks
  swb-exact: p1=240 p50=240 p99=260 mean10=2456 n=40002
  switch-vec: 240/256/14600 cyc  120/128/7310 ns  (p50/p99/max, n=40002)
  xtask ping-pong: 861 ns/switch  (40000 switches / 34 ms)
  xtask call/reply: 16 B  2383 ns/round-trip  (419529 round-trips/s over 20000 calls / 47 ms)
  spawn/exit: thread 15902 ns  (200 reps / 3 ms)
  spawn/exit: task 35765 ns  (200 reps / 7 ms)
bench: done

KICKOS-EXIT status 0
