?[2J?[001;001H?[=3h?[2J?[001;001H?[2J?[001;001H?[8;042;160t?[2J?[001;001H?[2J?[001;001H?[8;056;240t?[2J?[001;001HBdsDxe: loading Boot0002 "UEFI QEMU HARDDISK QM00001 " from PciRoot(0x0)/Pci(0x1F,0x2)/Sata(0x0,0xFFFF,0x0)
BdsDxe: starting Boot0002 "UEFI QEMU HARDDISK QM00001 " from PciRoot(0x0)/Pci(0x1F,0x2)/Sata(0x0,0xFFFF,0x0)

KICKOS-X1 8c41d7a2 x86_64/q35 uefi-handover entry
KICKOS-X1 8c41d7a2 x86_64/q35 uefi-handover handover if=1 paging=1 longmode=1 root=1 wp=1 nx=1 nxcap=1
KICKOS-X1 8c41d7a2 x86_64/q35 uefi-handover if_after_cli=0
KICKOS-X1 8c41d7a2 x86_64/q35 uefi-handover firmware=Debian distribution of EDK II
KICKOS-X1 8c41d7a2 x86_64/q35 uefi-handover revision=0x0000000000020046
KICKOS-X1 8c41d7a2 x86_64/q35 uefi-handover map descriptors=108 stride=48 version=1 conventional_pages=117610 arena=0x0000000001800000 arena_pages=107372
KICKOS-X1 8c41d7a2 x86_64/q35 uefi-handover fp found em=0 ts=0 mp=1 osfxsr=1 osxmmexcpt=1 osxsave=0
KICKOS-X1 8c41d7a2 x86_64/q35 uefi-handover fp enabled em=0 ts=0 mp=1 ne=1 osfxsr=1 osxmmexcpt=1 osxsave=1 xcr0=7 xsave=832
KICKOS-X1 8c41d7a2 x86_64/q35 uefi-handover boot services left
KICKOS-X1 8c41d7a2 x86_64/q35 uefi-handover if_after_exit=0
x86_64 app relocation: base=0x0000000000400000 load_delta=0x0000000000000000 app_words=266

  ==============================================
   KickOS 0.5.1  -  microkernel RTOS
  ==============================================
   board   qemu-x86_64
   arch    x86_64
   cpu     x86-64-v3
   mpu     off
   sched   tickless
   build   2026-10-02 01:46:12 +0200
   app     Oct  2 2026 01:46:14 +0200
   commit  nogit
   heap    16 KiB available
   kstack  4096 B x 33 = 135168 B

microbenchmark: context-switch throughput (all arches) + per-switch cost
+ IRQ-entry latency where a cycle counter exists. Reporter woken by the
workload, not a timer. Telemetry OFF for clean numbers.
cycle counter: 2029102621 Hz (0 = no rate converts a reading; cycles only)

  lock-probe: hold+1 core=0 depth=0  (three nested, one outermost)
  call/reply: 8 B  1880 ns/round-trip  (531751 round-trips/s over 20000 calls / 37 ms)
  call/reply: 16 B  1880 ns/round-trip  (531758 round-trips/s over 20000 calls / 37 ms)
  call/reply: 32 B  1880 ns/round-trip  (531833 round-trips/s over 20000 calls / 37 ms)
  call/reply: 64 B  1881 ns/round-trip  (531476 round-trips/s over 20000 calls / 37 ms)
  call/reply: 128 B  1884 ns/round-trip  (530714 round-trips/s over 20000 calls / 37 ms)
  call/reply: 256 B  1882 ns/round-trip  (531312 round-trips/s over 20000 calls / 37 ms)
  call/reply: 8 B  1879 ns/round-trip  (531937 round-trips/s over 20000 calls / 37 ms) [generic path]
  call/reply: 16 B  1882 ns/round-trip  (531228 round-trips/s over 20000 calls / 37 ms) [generic path]
  call/reply: 32 B  1904 ns/round-trip  (524960 round-trips/s over 20000 calls / 38 ms) [generic path]
  call/reply: 64 B  1881 ns/round-trip  (531547 round-trips/s over 20000 calls / 37 ms) [generic path]
  call/reply: 128 B  1882 ns/round-trip  (531288 round-trips/s over 20000 calls / 37 ms) [generic path]
  call/reply: 256 B  1883 ns/round-trip  (530844 round-trips/s over 20000 calls / 37 ms) [generic path]
  call/reply: 32 B  1918 ns/round-trip  (521126 round-trips/s over 20000 calls / 38 ms) [caller outranks server, D1 donates]
  phase table (44 rows; cyc avg/max, min last and a floor; leaf -= NULL, composite -= NULL + k*(NEST-NULL)):
    NULL             24/11480  min=20  n=260000
    NEST             74/17840  min=60  n=260000
    NEST_LOCK        55/38340  min=40  n=260000
    CALL_TOTAL       3571/725980  min=3500  n=259999
    CALL_VALIDATE    28/7860  min=20  n=260000
    CALL_LOCKED      3444/725840  min=3360  n=259999
    CALL_RESOLVE     38/12040  min=20  n=260000
    CALL_PEEK        25/360  min=20  n=260000
    CALL_PROBE       22/140  min=20  n=259999
    CALL_POP         26/5300  min=20  n=259999
    CALL_COPY        90/17100  min=80  n=259999
    CALL_MINT        170/719520  min=160  n=259999
    CALL_MINT_CAP    41/10240  min=40  n=259999
    CALL_MINT_INFO   54/14800  min=40  n=259999
    CALL_DONATE      23/60  min=20  n=19999
    CALL_PARK        38/12680  min=20  n=259999
    CALL_WAKE        2614/50120  min=2560  n=259999
    CALL_RESUME      24/360  min=20  n=260000
    CALL_SLOW_TOTAL  5980/5980  min=5980  n=1
    CALL_SLOW_LOCKED 5720/5720  min=5720  n=1
    CALL_SLOW_DONATE 0/0  min=0  n=0
    CALL_SLOW_PARK   5220/5220  min=5220  n=1
    RECV_LOCKED      2984/723240  min=2920  n=259999
    RECV_RESOLVE     46/14780  min=40  n=260000
    RECV_SCAN        24/540  min=20  n=259999
    RECV_PARK        2812/723060  min=2760  n=259999
    REPLY_TOTAL      249561/3235300  min=720  n=13
    REPLY_VALIDATE   115/140  min=100  n=13
    REPLY_LOCKED     375/42960  min=340  n=260000
    REPLY_LOOKUP     30/440  min=20  n=260000
    REPLY_COPY       95/42360  min=60  n=260000
    REPLY_FUNNEL     28/11380  min=20  n=260000
    REPLY_WAKE       92/13360  min=80  n=260000
    REPLY_RECV_TOTAL 3511/723860  min=1640  n=260000
    REPLY_RECV_TAIL  88/19080  min=80  n=259999
    WAKE_UNPARK      42/44280  min=40  n=520012
    PICK_NEXT        41/41940  min=40  n=520064
    SWITCH_TO        4533/81114680  min=2380  n=520013
    SWITCH_BOOK      41/14600  min=40  n=520039
    MPU_APPLY        27/15820  min=20  n=520039
    MPU_COMMIT       0/0  min=0  n=0
    REENT_SEAT       23/17760  min=20  n=520039
    KTIME_REARM      31/19900  min=20  n=520039
    ARCH_SWITCH      4256/81113780  min=2100  n=520013
  ns-probe: cyc=4294967295 ns=2116683133 capped=0
  sat-probe: width=64 fits+1/0 wide+0/1 max=1000

  throughput: 1538439 ctx-sw/s  (650 ns/sw avg over 40000 switches / 26 ms)
  switch-probe: fastpath-swaps=0  (swapped inside the trap, so not in the switch row)
  swb-clock: 2000000 cycles in 777220 ticks
  swb-exact: p1=240 p50=240 p99=280 mean10=2499 n=40002
  switch:    240/256/14120 cyc  118/126/6958 ns  (p50/p99/max, n=40002)
  lock-hold: 240/832/83020 cyc  118/410/40914 ns  (p50/p99/max, n=80362)
  lock-site: core=0 site=0x419048 max=83020
  irq-probe: line=6 raise=inject on=0 raised=100 hcore=none foreign=0 win=0
  irq:       0/0/0 cyc  0/0/0 ns  (p50/max/max, n=0)
  wcase-probe: line=6 raise=inject on=0 raised=100 hcore=none foreign=0 win=0
  wcase-irq[0B]:    0/0/0 cyc  0/0/0 ns  (p50/max/max, n=0)
  wcase-probe: line=6 raise=inject on=0 raised=100 hcore=none foreign=0 win=0
  wcase-irq[64B]:   0/0/0 cyc  0/0/0 ns  (p50/max/max, n=0)
  wcase-probe: line=6 raise=inject on=0 raised=100 hcore=none foreign=0 win=0
  wcase-irq[256B]:  0/0/0 cyc  0/0/0 ns  (p50/max/max, n=0)
  wcase-probe: line=6 raise=inject on=0 raised=100 hcore=none foreign=0 win=0
  wcase-irq[1024B]: 0/0/0 cyc  0/0/0 ns  (p50/max/max, n=0)
  e2e-settle: settled=2/2
  e2e-probe: line=7 closed=1000 dropped=0 tare=69/71 ns  (min/avg, n=64)
  e2e-passes: asked=1000 raised=1000
  e2e-local: 7680/8192/22285 ns  (p50/p99/max, n=1000)
  throughput: 1555610 ctx-sw/s  (642 ns/sw avg over 40000 switches / 25 ms)
  switch-probe: fastpath-swaps=0  (swapped inside the trap, so not in the switch row)
  swb-clock: 2000000 cycles in 776220 ticks
  swb-exact: p1=240 p50=240 p99=260 mean10=2482 n=40002
  switch:    240/256/15280 cyc  118/126/7530 ns  (p50/p99/max, n=40002)
  lock-hold: 208/768/28540 cyc  102/378/14065 ns  (p50/p99/max, n=80365)
  lock-site: core=0 site=0x40b5a5 max=28540
  irq-probe: line=6 raise=inject on=0 raised=100 hcore=none foreign=0 win=0
  irq:       0/0/0 cyc  0/0/0 ns  (p50/max/max, n=0)
  wcase-probe: line=6 raise=inject on=0 raised=100 hcore=none foreign=0 win=0
  wcase-irq[0B]:    0/0/0 cyc  0/0/0 ns  (p50/max/max, n=0)
  wcase-probe: line=6 raise=inject on=0 raised=100 hcore=none foreign=0 win=0
  wcase-irq[64B]:   0/0/0 cyc  0/0/0 ns  (p50/max/max, n=0)
  wcase-probe: line=6 raise=inject on=0 raised=100 hcore=none foreign=0 win=0
  wcase-irq[256B]:  0/0/0 cyc  0/0/0 ns  (p50/max/max, n=0)
  wcase-probe: line=6 raise=inject on=0 raised=100 hcore=none foreign=0 win=0
  wcase-irq[1024B]: 0/0/0 cyc  0/0/0 ns  (p50/max/max, n=0)
  e2e-settle: settled=2/2
  e2e-probe: line=7 closed=1000 dropped=0 tare=69/71 ns  (min/avg, n=64)
  e2e-passes: asked=1000 raised=1000
  e2e-local: 7680/9216/14982 ns  (p50/p99/max, n=1000)
  throughput: 1555463 ctx-sw/s  (642 ns/sw avg over 40000 switches / 25 ms)
  switch-probe: fastpath-swaps=0  (swapped inside the trap, so not in the switch row)
  swb-clock: 2000000 cycles in 777180 ticks
  swb-exact: p1=240 p50=240 p99=260 mean10=2482 n=40002
  switch:    240/256/15040 cyc  118/126/7412 ns  (p50/p99/max, n=40002)
  lock-hold: 208/768/40460 cyc  102/378/19939 ns  (p50/p99/max, n=80365)
  lock-site: core=0 site=0x419048 max=40460
  irq-probe: line=6 raise=inject on=0 raised=100 hcore=none foreign=0 win=0
  irq:       0/0/0 cyc  0/0/0 ns  (p50/max/max, n=0)
  wcase-probe: line=6 raise=inject on=0 raised=100 hcore=none foreign=0 win=0
  wcase-irq[0B]:    0/0/0 cyc  0/0/0 ns  (p50/max/max, n=0)
  wcase-probe: line=6 raise=inject on=0 raised=100 hcore=none foreign=0 win=0
  wcase-irq[64B]:   0/0/0 cyc  0/0/0 ns  (p50/max/max, n=0)
  wcase-probe: line=6 raise=inject on=0 raised=100 hcore=none foreign=0 win=0
  wcase-irq[256B]:  0/0/0 cyc  0/0/0 ns  (p50/max/max, n=0)
  wcase-probe: line=6 raise=inject on=0 raised=100 hcore=none foreign=0 win=0
  wcase-irq[1024B]: 0/0/0 cyc  0/0/0 ns  (p50/max/max, n=0)
  e2e-settle: settled=2/2
  e2e-probe: line=7 closed=1000 dropped=0 tare=69/71 ns  (min/avg, n=64)
  e2e-passes: asked=1000 raised=1000
  e2e-local: 7680/8192/24474 ns  (p50/p99/max, n=1000)
  swb-clock: 2000000 cycles in 776300 ticks
  swb-exact: p1=240 p50=240 p99=260 mean10=2464 n=40002
  switch-vec: 240/256/11500 cyc  118/126/5667 ns  (p50/p99/max, n=40002)
  xtask ping-pong: 848 ns/switch  (40000 switches / 33 ms)
  xtask call/reply: 16 B  2343 ns/round-trip  (426639 round-trips/s over 20000 calls / 46 ms)
  spawn/exit: thread 15640 ns  (200 reps / 3 ms)
  spawn/exit: task 34826 ns  (200 reps / 6 ms)
bench: done

KICKOS-EXIT status 0
?[2J?[001;001H?[=3h?[2J?[001;001H?[2J?[001;001H?[8;042;160t?[2J?[001;001H?[2J?[001;001H?[8;056;240t?[2J?[001;001HBdsDxe: loading Boot0002 "UEFI QEMU HARDDISK QM00001 " from PciRoot(0x0)/Pci(0x1F,0x2)/Sata(0x0,0xFFFF,0x0)
BdsDxe: starting Boot0002 "UEFI QEMU HARDDISK QM00001 " from PciRoot(0x0)/Pci(0x1F,0x2)/Sata(0x0,0xFFFF,0x0)

KICKOS-X1 8c41d7a2 x86_64/q35 uefi-handover entry
KICKOS-X1 8c41d7a2 x86_64/q35 uefi-handover handover if=1 paging=1 longmode=1 root=1 wp=1 nx=1 nxcap=1
KICKOS-X1 8c41d7a2 x86_64/q35 uefi-handover if_after_cli=0
KICKOS-X1 8c41d7a2 x86_64/q35 uefi-handover firmware=Debian distribution of EDK II
KICKOS-X1 8c41d7a2 x86_64/q35 uefi-handover revision=0x0000000000020046
KICKOS-X1 8c41d7a2 x86_64/q35 uefi-handover map descriptors=108 stride=48 version=1 conventional_pages=117610 arena=0x0000000001800000 arena_pages=107372
KICKOS-X1 8c41d7a2 x86_64/q35 uefi-handover fp found em=0 ts=0 mp=1 osfxsr=1 osxmmexcpt=1 osxsave=0
KICKOS-X1 8c41d7a2 x86_64/q35 uefi-handover fp enabled em=0 ts=0 mp=1 ne=1 osfxsr=1 osxmmexcpt=1 osxsave=1 xcr0=7 xsave=832
KICKOS-X1 8c41d7a2 x86_64/q35 uefi-handover boot services left
KICKOS-X1 8c41d7a2 x86_64/q35 uefi-handover if_after_exit=0
x86_64 app relocation: base=0x0000000000400000 load_delta=0x0000000000000000 app_words=266

  ==============================================
   KickOS 0.5.1  -  microkernel RTOS
  ==============================================
   board   qemu-x86_64
   arch    x86_64
   cpu     x86-64-v3
   mpu     off
   sched   tickless
   build   2026-10-02 01:46:12 +0200
   app     Oct  2 2026 01:46:14 +0200
   commit  nogit
   heap    16 KiB available
   kstack  4096 B x 33 = 135168 B

microbenchmark: context-switch throughput (all arches) + per-switch cost
+ IRQ-entry latency where a cycle counter exists. Reporter woken by the
workload, not a timer. Telemetry OFF for clean numbers.
cycle counter: 2029102621 Hz (0 = no rate converts a reading; cycles only)

  lock-probe: hold+1 core=0 depth=0  (three nested, one outermost)
  call/reply: 8 B  1880 ns/round-trip  (531751 round-trips/s over 20000 calls / 37 ms)
  call/reply: 16 B  1880 ns/round-trip  (531758 round-trips/s over 20000 calls / 37 ms)
  call/reply: 32 B  1880 ns/round-trip  (531833 round-trips/s over 20000 calls / 37 ms)
  call/reply: 64 B  1881 ns/round-trip  (531476 round-trips/s over 20000 calls / 37 ms)
  call/reply: 128 B  1884 ns/round-trip  (530714 round-trips/s over 20000 calls / 37 ms)
  call/reply: 256 B  1882 ns/round-trip  (531312 round-trips/s over 20000 calls / 37 ms)
  call/reply: 8 B  1879 ns/round-trip  (531937 round-trips/s over 20000 calls / 37 ms) [generic path]
  call/reply: 16 B  1882 ns/round-trip  (531228 round-trips/s over 20000 calls / 37 ms) [generic path]
  call/reply: 32 B  1904 ns/round-trip  (524960 round-trips/s over 20000 calls / 38 ms) [generic path]
  call/reply: 64 B  1881 ns/round-trip  (531547 round-trips/s over 20000 calls / 37 ms) [generic path]
  call/reply: 128 B  1882 ns/round-trip  (531288 round-trips/s over 20000 calls / 37 ms) [generic path]
  call/reply: 256 B  1883 ns/round-trip  (530844 round-trips/s over 20000 calls / 37 ms) [generic path]
  call/reply: 32 B  1918 ns/round-trip  (521126 round-trips/s over 20000 calls / 38 ms) [caller outranks server, D1 donates]
  phase table (44 rows; cyc avg/max, min last and a floor; leaf -= NULL, composite -= NULL + k*(NEST-NULL)):
    NULL             24/11480  min=20  n=260000
    NEST             74/17840  min=60  n=260000
    NEST_LOCK        55/38340  min=40  n=260000
    CALL_TOTAL       3571/725980  min=3500  n=259999
    CALL_VALIDATE    28/7860  min=20  n=260000
    CALL_LOCKED      3444/725840  min=3360  n=259999
    CALL_RESOLVE     38/12040  min=20  n=260000
    CALL_PEEK        25/360  min=20  n=260000
    CALL_PROBE       22/140  min=20  n=259999
    CALL_POP         26/5300  min=20  n=259999
    CALL_COPY        90/17100  min=80  n=259999
    CALL_MINT        170/719520  min=160  n=259999
    CALL_MINT_CAP    41/10240  min=40  n=259999
    CALL_MINT_INFO   54/14800  min=40  n=259999
    CALL_DONATE      23/60  min=20  n=19999
    CALL_PARK        38/12680  min=20  n=259999
    CALL_WAKE        2614/50120  min=2560  n=259999
    CALL_RESUME      24/360  min=20  n=260000
    CALL_SLOW_TOTAL  5980/5980  min=5980  n=1
    CALL_SLOW_LOCKED 5720/5720  min=5720  n=1
    CALL_SLOW_DONATE 0/0  min=0  n=0
    CALL_SLOW_PARK   5220/5220  min=5220  n=1
    RECV_LOCKED      2984/723240  min=2920  n=259999
    RECV_RESOLVE     46/14780  min=40  n=260000
    RECV_SCAN        24/540  min=20  n=259999
    RECV_PARK        2812/723060  min=2760  n=259999
    REPLY_TOTAL      249561/3235300  min=720  n=13
    REPLY_VALIDATE   115/140  min=100  n=13
    REPLY_LOCKED     375/42960  min=340  n=260000
    REPLY_LOOKUP     30/440  min=20  n=260000
    REPLY_COPY       95/42360  min=60  n=260000
    REPLY_FUNNEL     28/11380  min=20  n=260000
    REPLY_WAKE       92/13360  min=80  n=260000
    REPLY_RECV_TOTAL 3511/723860  min=1640  n=260000
    REPLY_RECV_TAIL  88/19080  min=80  n=259999
    WAKE_UNPARK      42/44280  min=40  n=520012
    PICK_NEXT        41/41940  min=40  n=520064
    SWITCH_TO        4533/81114680  min=2380  n=520013
    SWITCH_BOOK      41/14600  min=40  n=520039
    MPU_APPLY        27/15820  min=20  n=520039
    MPU_COMMIT       0/0  min=0  n=0
    REENT_SEAT       23/17760  min=20  n=520039
    KTIME_REARM      31/19900  min=20  n=520039
    ARCH_SWITCH      4256/81113780  min=2100  n=520013
  ns-probe: cyc=4294967295 ns=2116683133 capped=0
  sat-probe: width=64 fits+1/0 wide+0/1 max=1000

  throughput: 1538439 ctx-sw/s  (650 ns/sw avg over 40000 switches / 26 ms)
  switch-probe: fastpath-swaps=0  (swapped inside the trap, so not in the switch row)
  swb-clock: 2000000 cycles in 777220 ticks
  swb-exact: p1=240 p50=240 p99=280 mean10=2499 n=40002
  switch:    240/256/14120 cyc  118/126/6958 ns  (p50/p99/max, n=40002)
  lock-hold: 240/832/83020 cyc  118/410/40914 ns  (p50/p99/max, n=80362)
  lock-site: core=0 site=0x419048 max=83020
  irq-probe: line=6 raise=inject on=0 raised=100 hcore=none foreign=0 win=0
  irq:       0/0/0 cyc  0/0/0 ns  (p50/max/max, n=0)
  wcase-probe: line=6 raise=inject on=0 raised=100 hcore=none foreign=0 win=0
  wcase-irq[0B]:    0/0/0 cyc  0/0/0 ns  (p50/max/max, n=0)
  wcase-probe: line=6 raise=inject on=0 raised=100 hcore=none foreign=0 win=0
  wcase-irq[64B]:   0/0/0 cyc  0/0/0 ns  (p50/max/max, n=0)
  wcase-probe: line=6 raise=inject on=0 raised=100 hcore=none foreign=0 win=0
  wcase-irq[256B]:  0/0/0 cyc  0/0/0 ns  (p50/max/max, n=0)
  wcase-probe: line=6 raise=inject on=0 raised=100 hcore=none foreign=0 win=0
  wcase-irq[1024B]: 0/0/0 cyc  0/0/0 ns  (p50/max/max, n=0)
  e2e-settle: settled=2/2
  e2e-probe: line=7 closed=1000 dropped=0 tare=69/71 ns  (min/avg, n=64)
  e2e-passes: asked=1000 raised=1000
  e2e-local: 7680/8192/22285 ns  (p50/p99/max, n=1000)
  throughput: 1555610 ctx-sw/s  (642 ns/sw avg over 40000 switches / 25 ms)
  switch-probe: fastpath-swaps=0  (swapped inside the trap, so not in the switch row)
  swb-clock: 2000000 cycles in 776220 ticks
  swb-exact: p1=240 p50=240 p99=260 mean10=2482 n=40002
  switch:    240/256/15280 cyc  118/126/7530 ns  (p50/p99/max, n=40002)
  lock-hold: 208/768/28540 cyc  102/378/14065 ns  (p50/p99/max, n=80365)
  lock-site: core=0 site=0x40b5a5 max=28540
  irq-probe: line=6 raise=inject on=0 raised=100 hcore=none foreign=0 win=0
  irq:       0/0/0 cyc  0/0/0 ns  (p50/max/max, n=0)
  wcase-probe: line=6 raise=inject on=0 raised=100 hcore=none foreign=0 win=0
  wcase-irq[0B]:    0/0/0 cyc  0/0/0 ns  (p50/max/max, n=0)
  wcase-probe: line=6 raise=inject on=0 raised=100 hcore=none foreign=0 win=0
  wcase-irq[64B]:   0/0/0 cyc  0/0/0 ns  (p50/max/max, n=0)
  wcase-probe: line=6 raise=inject on=0 raised=100 hcore=none foreign=0 win=0
  wcase-irq[256B]:  0/0/0 cyc  0/0/0 ns  (p50/max/max, n=0)
  wcase-probe: line=6 raise=inject on=0 raised=100 hcore=none foreign=0 win=0
  wcase-irq[1024B]: 0/0/0 cyc  0/0/0 ns  (p50/max/max, n=0)
  e2e-settle: settled=2/2
  e2e-probe: line=7 closed=1000 dropped=0 tare=69/71 ns  (min/avg, n=64)
  e2e-passes: asked=1000 raised=1000
  e2e-local: 7680/9216/14982 ns  (p50/p99/max, n=1000)
  throughput: 1555463 ctx-sw/s  (642 ns/sw avg over 40000 switches / 25 ms)
  switch-probe: fastpath-swaps=0  (swapped inside the trap, so not in the switch row)
  swb-clock: 2000000 cycles in 777180 ticks
  swb-exact: p1=240 p50=240 p99=260 mean10=2482 n=40002
  switch:    240/256/15040 cyc  118/126/7412 ns  (p50/p99/max, n=40002)
  lock-hold: 208/768/40460 cyc  102/378/19939 ns  (p50/p99/max, n=80365)
  lock-site: core=0 site=0x419048 max=40460
  irq-probe: line=6 raise=inject on=0 raised=100 hcore=none foreign=0 win=0
  irq:       0/0/0 cyc  0/0/0 ns  (p50/max/max, n=0)
  wcase-probe: line=6 raise=inject on=0 raised=100 hcore=none foreign=0 win=0
  wcase-irq[0B]:    0/0/0 cyc  0/0/0 ns  (p50/max/max, n=0)
  wcase-probe: line=6 raise=inject on=0 raised=100 hcore=none foreign=0 win=0
  wcase-irq[64B]:   0/0/0 cyc  0/0/0 ns  (p50/max/max, n=0)
  wcase-probe: line=6 raise=inject on=0 raised=100 hcore=none foreign=0 win=0
  wcase-irq[256B]:  0/0/0 cyc  0/0/0 ns  (p50/max/max, n=0)
  wcase-probe: line=6 raise=inject on=0 raised=100 hcore=none foreign=0 win=0
  wcase-irq[1024B]: 0/0/0 cyc  0/0/0 ns  (p50/max/max, n=0)
  e2e-settle: settled=2/2
  e2e-probe: line=7 closed=1000 dropped=0 tare=69/71 ns  (min/avg, n=64)
  e2e-passes: asked=1000 raised=1000
  e2e-local: 7680/8192/24474 ns  (p50/p99/max, n=1000)
  swb-clock: 2000000 cycles in 776300 ticks
  swb-exact: p1=240 p50=240 p99=260 mean10=2464 n=40002
  switch-vec: 240/256/11500 cyc  118/126/5667 ns  (p50/p99/max, n=40002)
  xtask ping-pong: 848 ns/switch  (40000 switches / 33 ms)
  xtask call/reply: 16 B  2343 ns/round-trip  (426639 round-trips/s over 20000 calls / 46 ms)
  spawn/exit: thread 15640 ns  (200 reps / 3 ms)
  spawn/exit: task 34826 ns  (200 reps / 6 ms)
bench: done

KICKOS-EXIT status 0
