?[2J?[001;001H?[=3h?[2J?[001;001H?[2J?[001;001H?[8;042;160t?[2J?[001;001H?[2J?[001;001H?[8;056;240t?[2J?[001;001HBdsDxe: loading Boot0002 "UEFI QEMU HARDDISK QM00001 " from PciRoot(0x0)/Pci(0x1F,0x2)/Sata(0x0,0xFFFF,0x0)
BdsDxe: starting Boot0002 "UEFI QEMU HARDDISK QM00001 " from PciRoot(0x0)/Pci(0x1F,0x2)/Sata(0x0,0xFFFF,0x0)

KICKOS-X1 8c41d7a2 x86_64/q35 uefi-handover entry
KICKOS-X1 8c41d7a2 x86_64/q35 uefi-handover handover if=1 paging=1 longmode=1 root=1 wp=1 nx=1 nxcap=1
KICKOS-X1 8c41d7a2 x86_64/q35 uefi-handover if_after_cli=0
KICKOS-X1 8c41d7a2 x86_64/q35 uefi-handover firmware=Debian distribution of EDK II
KICKOS-X1 8c41d7a2 x86_64/q35 uefi-handover revision=0x0000000000020046
KICKOS-X1 8c41d7a2 x86_64/q35 uefi-handover map descriptors=113 stride=48 version=1 conventional_pages=118377 arena=0x0000000001800000 arena_pages=108270
KICKOS-X1 8c41d7a2 x86_64/q35 uefi-handover fp found em=0 ts=0 mp=1 osfxsr=1 osxmmexcpt=1 osxsave=0
KICKOS-X1 8c41d7a2 x86_64/q35 uefi-handover fp enabled em=0 ts=0 mp=1 ne=1 osfxsr=1 osxmmexcpt=1 osxsave=1 xcr0=7 xsave=832
KICKOS-X1 8c41d7a2 x86_64/q35 uefi-handover boot services left
KICKOS-X1 8c41d7a2 x86_64/q35 uefi-handover if_after_exit=0
x86_64 app relocation: base=0x0000000000400000 load_delta=0x0000000000000000 app_words=266

  ==============================================
   KickOS 0.5.1  -  microkernel RTOS
  ==============================================
   board   qemu-x86_64
   arch    x86_64
   cpu     x86-64-v3
   mpu     off
   sched   tickless
   build   2026-10-02 01:46:12 +0200
   app     Oct  2 2026 01:46:14 +0200
   commit  nogit
   heap    16 KiB available
   kstack  4096 B x 33 = 135168 B

microbenchmark: context-switch throughput (all arches) + per-switch cost
+ IRQ-entry latency where a cycle counter exists. Reporter woken by the
workload, not a timer. Telemetry OFF for clean numbers.
cycle counter: 2027823576 Hz (0 = no rate converts a reading; cycles only)

  lock-probe: hold+1 core=0 depth=0  (three nested, one outermost)
  call/reply: 8 B  1881 ns/round-trip  (531401 round-trips/s over 20000 calls / 37 ms)
  call/reply: 16 B  1925 ns/round-trip  (519277 round-trips/s over 20000 calls / 38 ms)
  call/reply: 32 B  1914 ns/round-trip  (522208 round-trips/s over 20000 calls / 38 ms)
  call/reply: 64 B  1882 ns/round-trip  (531207 round-trips/s over 20000 calls / 37 ms)
  call/reply: 128 B  1882 ns/round-trip  (531313 round-trips/s over 20000 calls / 37 ms)
  call/reply: 256 B  1882 ns/round-trip  (531089 round-trips/s over 20000 calls / 37 ms)
  call/reply: 8 B  1879 ns/round-trip  (531942 round-trips/s over 20000 calls / 37 ms) [generic path]
  call/reply: 16 B  1880 ns/round-trip  (531722 round-trips/s over 20000 calls / 37 ms) [generic path]
  call/reply: 32 B  1906 ns/round-trip  (524517 round-trips/s over 20000 calls / 38 ms) [generic path]
  call/reply: 64 B  1883 ns/round-trip  (530905 round-trips/s over 20000 calls / 37 ms) [generic path]
  call/reply: 128 B  1881 ns/round-trip  (531469 round-trips/s over 20000 calls / 37 ms) [generic path]
  call/reply: 256 B  1885 ns/round-trip  (530489 round-trips/s over 20000 calls / 37 ms) [generic path]
  call/reply: 32 B  1923 ns/round-trip  (519882 round-trips/s over 20000 calls / 38 ms) [caller outranks server, D1 donates]
  phase table (44 rows; cyc avg/max, min last and a floor; leaf -= NULL, composite -= NULL + k*(NEST-NULL)):
    NULL             24/120  min=20  n=260000
    NEST             74/14320  min=60  n=260000
    NEST_LOCK        55/45540  min=40  n=260000
    CALL_TOTAL       3582/1017700  min=3500  n=259999
    CALL_VALIDATE    28/340  min=20  n=260000
    CALL_LOCKED      3454/1017560  min=3360  n=259999
    CALL_RESOLVE     38/740  min=20  n=260000
    CALL_PEEK        26/16760  min=20  n=260000
    CALL_PROBE       22/4980  min=20  n=259999
    CALL_POP         27/380  min=20  n=259999
    CALL_COPY        90/18080  min=80  n=259999
    CALL_MINT        167/58280  min=160  n=259999
    CALL_MINT_CAP    41/55520  min=40  n=259999
    CALL_MINT_INFO   53/2320  min=40  n=259999
    CALL_DONATE      23/60  min=20  n=19999
    CALL_PARK        38/20340  min=20  n=259999
    CALL_WAKE        2626/1016720  min=2560  n=259999
    CALL_RESUME      24/140  min=20  n=260000
    CALL_SLOW_TOTAL  6120/6120  min=6120  n=1
    CALL_SLOW_LOCKED 5880/5880  min=5880  n=1
    CALL_SLOW_DONATE 0/0  min=0  n=0
    CALL_SLOW_PARK   5400/5400  min=5400  n=1
    RECV_LOCKED      2995/1014480  min=2920  n=259999
    RECV_RESOLVE     46/26780  min=40  n=260000
    RECV_SCAN        23/12340  min=20  n=259999
    RECV_PARK        2821/1014280  min=2760  n=259999
    REPLY_TOTAL      247007/3202340  min=700  n=13
    REPLY_VALIDATE   112/140  min=100  n=13
    REPLY_LOCKED     377/37720  min=340  n=260000
    REPLY_LOOKUP     30/16800  min=20  n=260000
    REPLY_COPY       95/15660  min=60  n=260000
    REPLY_FUNNEL     29/19800  min=20  n=260000
    REPLY_WAKE       93/19380  min=80  n=260000
    REPLY_RECV_TOTAL 3522/1015020  min=1660  n=260000
    REPLY_RECV_TAIL  87/19920  min=80  n=259999
    WAKE_UNPARK      41/16740  min=40  n=520012
    PICK_NEXT        41/16580  min=40  n=520064
    SWITCH_TO        4549/81218420  min=2380  n=520013
    SWITCH_BOOK      43/1010980  min=20  n=520039
    MPU_APPLY        27/16400  min=20  n=520039
    MPU_COMMIT       0/0  min=0  n=0
    REENT_SEAT       23/21900  min=20  n=520039
    KTIME_REARM      32/13660  min=20  n=520039
    ARCH_SWITCH      4270/81217480  min=2100  n=520013
  ns-probe: cyc=4294967295 ns=2118018226 capped=0
  sat-probe: width=64 fits+1/0 wide+0/1 max=1000

  throughput: 1553777 ctx-sw/s  (643 ns/sw avg over 40000 switches / 25 ms)
  switch-probe: fastpath-swaps=0  (swapped inside the trap, so not in the switch row)
  swb-clock: 2000000 cycles in 776160 ticks
  swb-exact: p1=240 p50=240 p99=260 mean10=2487 n=40002
  switch:    240/256/440 cyc  118/126/216 ns  (p50/p99/max, n=40002)
  lock-hold: 208/768/28900 cyc  102/378/14251 ns  (p50/p99/max, n=80359)
  lock-site: core=0 site=0x40b5a5 max=28900
  irq-probe: line=6 raise=inject on=0 raised=100 hcore=none foreign=0 win=0
  irq:       0/0/0 cyc  0/0/0 ns  (p50/max/max, n=0)
  wcase-probe: line=6 raise=inject on=0 raised=100 hcore=none foreign=0 win=0
  wcase-irq[0B]:    0/0/0 cyc  0/0/0 ns  (p50/max/max, n=0)
  wcase-probe: line=6 raise=inject on=0 raised=100 hcore=none foreign=0 win=0
  wcase-irq[64B]:   0/0/0 cyc  0/0/0 ns  (p50/max/max, n=0)
  wcase-probe: line=6 raise=inject on=0 raised=100 hcore=none foreign=0 win=0
  wcase-irq[256B]:  0/0/0 cyc  0/0/0 ns  (p50/max/max, n=0)
  wcase-probe: line=6 raise=inject on=0 raised=100 hcore=none foreign=0 win=0
  wcase-irq[1024B]: 0/0/0 cyc  0/0/0 ns  (p50/max/max, n=0)
  e2e-settle: settled=2/2
  e2e-probe: line=7 closed=1000 dropped=0 tare=69/72 ns  (min/avg, n=64)
  e2e-passes: asked=1000 raised=1000
  e2e-local: 7680/8192/16590 ns  (p50/p99/max, n=1000)
  throughput: 1551905 ctx-sw/s  (644 ns/sw avg over 40000 switches / 25 ms)
  switch-probe: fastpath-swaps=0  (swapped inside the trap, so not in the switch row)
  swb-clock: 2000000 cycles in 776260 ticks
  swb-exact: p1=240 p50=240 p99=260 mean10=2492 n=40002
  switch:    240/256/44860 cyc  118/126/22122 ns  (p50/p99/max, n=40002)
  lock-hold: 208/768/45800 cyc  102/378/22585 ns  (p50/p99/max, n=80366)
  lock-site: core=0 site=0x419048 max=45800
  irq-probe: line=6 raise=inject on=0 raised=100 hcore=none foreign=0 win=0
  irq:       0/0/0 cyc  0/0/0 ns  (p50/max/max, n=0)
  wcase-probe: line=6 raise=inject on=0 raised=100 hcore=none foreign=0 win=0
  wcase-irq[0B]:    0/0/0 cyc  0/0/0 ns  (p50/max/max, n=0)
  wcase-probe: line=6 raise=inject on=0 raised=100 hcore=none foreign=0 win=0
  wcase-irq[64B]:   0/0/0 cyc  0/0/0 ns  (p50/max/max, n=0)
  wcase-probe: line=6 raise=inject on=0 raised=100 hcore=none foreign=0 win=0
  wcase-irq[256B]:  0/0/0 cyc  0/0/0 ns  (p50/max/max, n=0)
  wcase-probe: line=6 raise=inject on=0 raised=100 hcore=none foreign=0 win=0
  wcase-irq[1024B]: 0/0/0 cyc  0/0/0 ns  (p50/max/max, n=0)
  e2e-settle: settled=2/2
  e2e-probe: line=7 closed=1000 dropped=0 tare=69/72 ns  (min/avg, n=64)
  e2e-passes: asked=1000 raised=1000
  e2e-local: 7680/8192/18769 ns  (p50/p99/max, n=1000)
  throughput: 1553497 ctx-sw/s  (643 ns/sw avg over 40000 switches / 25 ms)
  switch-probe: fastpath-swaps=0  (swapped inside the trap, so not in the switch row)
  swb-clock: 2000000 cycles in 776380 ticks
  swb-exact: p1=240 p50=240 p99=260 mean10=2492 n=40002
  switch:    240/256/420 cyc  118/126/207 ns  (p50/p99/max, n=40002)
  lock-hold: 208/768/28660 cyc  102/378/14133 ns  (p50/p99/max, n=80362)
  lock-site: core=0 site=0x40b5a5 max=28660
  irq-probe: line=6 raise=inject on=0 raised=100 hcore=none foreign=0 win=0
  irq:       0/0/0 cyc  0/0/0 ns  (p50/max/max, n=0)
  wcase-probe: line=6 raise=inject on=0 raised=100 hcore=none foreign=0 win=0
  wcase-irq[0B]:    0/0/0 cyc  0/0/0 ns  (p50/max/max, n=0)
  wcase-probe: line=6 raise=inject on=0 raised=100 hcore=none foreign=0 win=0
  wcase-irq[64B]:   0/0/0 cyc  0/0/0 ns  (p50/max/max, n=0)
  wcase-probe: line=6 raise=inject on=0 raised=100 hcore=none foreign=0 win=0
  wcase-irq[256B]:  0/0/0 cyc  0/0/0 ns  (p50/max/max, n=0)
  wcase-probe: line=6 raise=inject on=0 raised=100 hcore=none foreign=0 win=0
  wcase-irq[1024B]: 0/0/0 cyc  0/0/0 ns  (p50/max/max, n=0)
  e2e-settle: settled=2/2
  e2e-probe: line=7 closed=1000 dropped=0 tare=69/72 ns  (min/avg, n=64)
  e2e-passes: asked=1000 raised=1000
  e2e-local: 7680/7680/13127 ns  (p50/p99/max, n=1000)
  swb-clock: 2000000 cycles in 776400 ticks
  swb-exact: p1=240 p50=240 p99=260 mean10=2459 n=40002
  switch-vec: 240/256/16220 cyc  118/126/7998 ns  (p50/p99/max, n=40002)
  xtask ping-pong: 846 ns/switch  (40000 switches / 33 ms)
  xtask call/reply: 16 B  2350 ns/round-trip  (425449 round-trips/s over 20000 calls / 47 ms)
  spawn/exit: thread 15648 ns  (200 reps / 3 ms)
  spawn/exit: task 34909 ns  (200 reps / 6 ms)
bench: done

KICKOS-EXIT status 0
?[2J?[001;001H?[=3h?[2J?[001;001H?[2J?[001;001H?[8;042;160t?[2J?[001;001H?[2J?[001;001H?[8;056;240t?[2J?[001;001HBdsDxe: loading Boot0002 "UEFI QEMU HARDDISK QM00001 " from PciRoot(0x0)/Pci(0x1F,0x2)/Sata(0x0,0xFFFF,0x0)
BdsDxe: starting Boot0002 "UEFI QEMU HARDDISK QM00001 " from PciRoot(0x0)/Pci(0x1F,0x2)/Sata(0x0,0xFFFF,0x0)

KICKOS-X1 8c41d7a2 x86_64/q35 uefi-handover entry
KICKOS-X1 8c41d7a2 x86_64/q35 uefi-handover handover if=1 paging=1 longmode=1 root=1 wp=1 nx=1 nxcap=1
KICKOS-X1 8c41d7a2 x86_64/q35 uefi-handover if_after_cli=0
KICKOS-X1 8c41d7a2 x86_64/q35 uefi-handover firmware=Debian distribution of EDK II
KICKOS-X1 8c41d7a2 x86_64/q35 uefi-handover revision=0x0000000000020046
KICKOS-X1 8c41d7a2 x86_64/q35 uefi-handover map descriptors=113 stride=48 version=1 conventional_pages=118377 arena=0x0000000001800000 arena_pages=108270
KICKOS-X1 8c41d7a2 x86_64/q35 uefi-handover fp found em=0 ts=0 mp=1 osfxsr=1 osxmmexcpt=1 osxsave=0
KICKOS-X1 8c41d7a2 x86_64/q35 uefi-handover fp enabled em=0 ts=0 mp=1 ne=1 osfxsr=1 osxmmexcpt=1 osxsave=1 xcr0=7 xsave=832
KICKOS-X1 8c41d7a2 x86_64/q35 uefi-handover boot services left
KICKOS-X1 8c41d7a2 x86_64/q35 uefi-handover if_after_exit=0
x86_64 app relocation: base=0x0000000000400000 load_delta=0x0000000000000000 app_words=266

  ==============================================
   KickOS 0.5.1  -  microkernel RTOS
  ==============================================
   board   qemu-x86_64
   arch    x86_64
   cpu     x86-64-v3
   mpu     off
   sched   tickless
   build   2026-10-02 01:46:12 +0200
   app     Oct  2 2026 01:46:14 +0200
   commit  nogit
   heap    16 KiB available
   kstack  4096 B x 33 = 135168 B

microbenchmark: context-switch throughput (all arches) + per-switch cost
+ IRQ-entry latency where a cycle counter exists. Reporter woken by the
workload, not a timer. Telemetry OFF for clean numbers.
cycle counter: 2027823576 Hz (0 = no rate converts a reading; cycles only)

  lock-probe: hold+1 core=0 depth=0  (three nested, one outermost)
  call/reply: 8 B  1881 ns/round-trip  (531401 round-trips/s over 20000 calls / 37 ms)
  call/reply: 16 B  1925 ns/round-trip  (519277 round-trips/s over 20000 calls / 38 ms)
  call/reply: 32 B  1914 ns/round-trip  (522208 round-trips/s over 20000 calls / 38 ms)
  call/reply: 64 B  1882 ns/round-trip  (531207 round-trips/s over 20000 calls / 37 ms)
  call/reply: 128 B  1882 ns/round-trip  (531313 round-trips/s over 20000 calls / 37 ms)
  call/reply: 256 B  1882 ns/round-trip  (531089 round-trips/s over 20000 calls / 37 ms)
  call/reply: 8 B  1879 ns/round-trip  (531942 round-trips/s over 20000 calls / 37 ms) [generic path]
  call/reply: 16 B  1880 ns/round-trip  (531722 round-trips/s over 20000 calls / 37 ms) [generic path]
  call/reply: 32 B  1906 ns/round-trip  (524517 round-trips/s over 20000 calls / 38 ms) [generic path]
  call/reply: 64 B  1883 ns/round-trip  (530905 round-trips/s over 20000 calls / 37 ms) [generic path]
  call/reply: 128 B  1881 ns/round-trip  (531469 round-trips/s over 20000 calls / 37 ms) [generic path]
  call/reply: 256 B  1885 ns/round-trip  (530489 round-trips/s over 20000 calls / 37 ms) [generic path]
  call/reply: 32 B  1923 ns/round-trip  (519882 round-trips/s over 20000 calls / 38 ms) [caller outranks server, D1 donates]
  phase table (44 rows; cyc avg/max, min last and a floor; leaf -= NULL, composite -= NULL + k*(NEST-NULL)):
    NULL             24/120  min=20  n=260000
    NEST             74/14320  min=60  n=260000
    NEST_LOCK        55/45540  min=40  n=260000
    CALL_TOTAL       3582/1017700  min=3500  n=259999
    CALL_VALIDATE    28/340  min=20  n=260000
    CALL_LOCKED      3454/1017560  min=3360  n=259999
    CALL_RESOLVE     38/740  min=20  n=260000
    CALL_PEEK        26/16760  min=20  n=260000
    CALL_PROBE       22/4980  min=20  n=259999
    CALL_POP         27/380  min=20  n=259999
    CALL_COPY        90/18080  min=80  n=259999
    CALL_MINT        167/58280  min=160  n=259999
    CALL_MINT_CAP    41/55520  min=40  n=259999
    CALL_MINT_INFO   53/2320  min=40  n=259999
    CALL_DONATE      23/60  min=20  n=19999
    CALL_PARK        38/20340  min=20  n=259999
    CALL_WAKE        2626/1016720  min=2560  n=259999
    CALL_RESUME      24/140  min=20  n=260000
    CALL_SLOW_TOTAL  6120/6120  min=6120  n=1
    CALL_SLOW_LOCKED 5880/5880  min=5880  n=1
    CALL_SLOW_DONATE 0/0  min=0  n=0
    CALL_SLOW_PARK   5400/5400  min=5400  n=1
    RECV_LOCKED      2995/1014480  min=2920  n=259999
    RECV_RESOLVE     46/26780  min=40  n=260000
    RECV_SCAN        23/12340  min=20  n=259999
    RECV_PARK        2821/1014280  min=2760  n=259999
    REPLY_TOTAL      247007/3202340  min=700  n=13
    REPLY_VALIDATE   112/140  min=100  n=13
    REPLY_LOCKED     377/37720  min=340  n=260000
    REPLY_LOOKUP     30/16800  min=20  n=260000
    REPLY_COPY       95/15660  min=60  n=260000
    REPLY_FUNNEL     29/19800  min=20  n=260000
    REPLY_WAKE       93/19380  min=80  n=260000
    REPLY_RECV_TOTAL 3522/1015020  min=1660  n=260000
    REPLY_RECV_TAIL  87/19920  min=80  n=259999
    WAKE_UNPARK      41/16740  min=40  n=520012
    PICK_NEXT        41/16580  min=40  n=520064
    SWITCH_TO        4549/81218420  min=2380  n=520013
    SWITCH_BOOK      43/1010980  min=20  n=520039
    MPU_APPLY        27/16400  min=20  n=520039
    MPU_COMMIT       0/0  min=0  n=0
    REENT_SEAT       23/21900  min=20  n=520039
    KTIME_REARM      32/13660  min=20  n=520039
    ARCH_SWITCH      4270/81217480  min=2100  n=520013
  ns-probe: cyc=4294967295 ns=2118018226 capped=0
  sat-probe: width=64 fits+1/0 wide+0/1 max=1000

  throughput: 1553777 ctx-sw/s  (643 ns/sw avg over 40000 switches / 25 ms)
  switch-probe: fastpath-swaps=0  (swapped inside the trap, so not in the switch row)
  swb-clock: 2000000 cycles in 776160 ticks
  swb-exact: p1=240 p50=240 p99=260 mean10=2487 n=40002
  switch:    240/256/440 cyc  118/126/216 ns  (p50/p99/max, n=40002)
  lock-hold: 208/768/28900 cyc  102/378/14251 ns  (p50/p99/max, n=80359)
  lock-site: core=0 site=0x40b5a5 max=28900
  irq-probe: line=6 raise=inject on=0 raised=100 hcore=none foreign=0 win=0
  irq:       0/0/0 cyc  0/0/0 ns  (p50/max/max, n=0)
  wcase-probe: line=6 raise=inject on=0 raised=100 hcore=none foreign=0 win=0
  wcase-irq[0B]:    0/0/0 cyc  0/0/0 ns  (p50/max/max, n=0)
  wcase-probe: line=6 raise=inject on=0 raised=100 hcore=none foreign=0 win=0
  wcase-irq[64B]:   0/0/0 cyc  0/0/0 ns  (p50/max/max, n=0)
  wcase-probe: line=6 raise=inject on=0 raised=100 hcore=none foreign=0 win=0
  wcase-irq[256B]:  0/0/0 cyc  0/0/0 ns  (p50/max/max, n=0)
  wcase-probe: line=6 raise=inject on=0 raised=100 hcore=none foreign=0 win=0
  wcase-irq[1024B]: 0/0/0 cyc  0/0/0 ns  (p50/max/max, n=0)
  e2e-settle: settled=2/2
  e2e-probe: line=7 closed=1000 dropped=0 tare=69/72 ns  (min/avg, n=64)
  e2e-passes: asked=1000 raised=1000
  e2e-local: 7680/8192/16590 ns  (p50/p99/max, n=1000)
  throughput: 1551905 ctx-sw/s  (644 ns/sw avg over 40000 switches / 25 ms)
  switch-probe: fastpath-swaps=0  (swapped inside the trap, so not in the switch row)
  swb-clock: 2000000 cycles in 776260 ticks
  swb-exact: p1=240 p50=240 p99=260 mean10=2492 n=40002
  switch:    240/256/44860 cyc  118/126/22122 ns  (p50/p99/max, n=40002)
  lock-hold: 208/768/45800 cyc  102/378/22585 ns  (p50/p99/max, n=80366)
  lock-site: core=0 site=0x419048 max=45800
  irq-probe: line=6 raise=inject on=0 raised=100 hcore=none foreign=0 win=0
  irq:       0/0/0 cyc  0/0/0 ns  (p50/max/max, n=0)
  wcase-probe: line=6 raise=inject on=0 raised=100 hcore=none foreign=0 win=0
  wcase-irq[0B]:    0/0/0 cyc  0/0/0 ns  (p50/max/max, n=0)
  wcase-probe: line=6 raise=inject on=0 raised=100 hcore=none foreign=0 win=0
  wcase-irq[64B]:   0/0/0 cyc  0/0/0 ns  (p50/max/max, n=0)
  wcase-probe: line=6 raise=inject on=0 raised=100 hcore=none foreign=0 win=0
  wcase-irq[256B]:  0/0/0 cyc  0/0/0 ns  (p50/max/max, n=0)
  wcase-probe: line=6 raise=inject on=0 raised=100 hcore=none foreign=0 win=0
  wcase-irq[1024B]: 0/0/0 cyc  0/0/0 ns  (p50/max/max, n=0)
  e2e-settle: settled=2/2
  e2e-probe: line=7 closed=1000 dropped=0 tare=69/72 ns  (min/avg, n=64)
  e2e-passes: asked=1000 raised=1000
  e2e-local: 7680/8192/18769 ns  (p50/p99/max, n=1000)
  throughput: 1553497 ctx-sw/s  (643 ns/sw avg over 40000 switches / 25 ms)
  switch-probe: fastpath-swaps=0  (swapped inside the trap, so not in the switch row)
  swb-clock: 2000000 cycles in 776380 ticks
  swb-exact: p1=240 p50=240 p99=260 mean10=2492 n=40002
  switch:    240/256/420 cyc  118/126/207 ns  (p50/p99/max, n=40002)
  lock-hold: 208/768/28660 cyc  102/378/14133 ns  (p50/p99/max, n=80362)
  lock-site: core=0 site=0x40b5a5 max=28660
  irq-probe: line=6 raise=inject on=0 raised=100 hcore=none foreign=0 win=0
  irq:       0/0/0 cyc  0/0/0 ns  (p50/max/max, n=0)
  wcase-probe: line=6 raise=inject on=0 raised=100 hcore=none foreign=0 win=0
  wcase-irq[0B]:    0/0/0 cyc  0/0/0 ns  (p50/max/max, n=0)
  wcase-probe: line=6 raise=inject on=0 raised=100 hcore=none foreign=0 win=0
  wcase-irq[64B]:   0/0/0 cyc  0/0/0 ns  (p50/max/max, n=0)
  wcase-probe: line=6 raise=inject on=0 raised=100 hcore=none foreign=0 win=0
  wcase-irq[256B]:  0/0/0 cyc  0/0/0 ns  (p50/max/max, n=0)
  wcase-probe: line=6 raise=inject on=0 raised=100 hcore=none foreign=0 win=0
  wcase-irq[1024B]: 0/0/0 cyc  0/0/0 ns  (p50/max/max, n=0)
  e2e-settle: settled=2/2
  e2e-probe: line=7 closed=1000 dropped=0 tare=69/72 ns  (min/avg, n=64)
  e2e-passes: asked=1000 raised=1000
  e2e-local: 7680/7680/13127 ns  (p50/p99/max, n=1000)
  swb-clock: 2000000 cycles in 776400 ticks
  swb-exact: p1=240 p50=240 p99=260 mean10=2459 n=40002
  switch-vec: 240/256/16220 cyc  118/126/7998 ns  (p50/p99/max, n=40002)
  xtask ping-pong: 846 ns/switch  (40000 switches / 33 ms)
  xtask call/reply: 16 B  2350 ns/round-trip  (425449 round-trips/s over 20000 calls / 47 ms)
  spawn/exit: thread 15648 ns  (200 reps / 3 ms)
  spawn/exit: task 34909 ns  (200 reps / 6 ms)
bench: done

KICKOS-EXIT status 0
