?[2J?[001;001H?[=3h?[2J?[001;001H?[2J?[001;001H?[8;042;160t?[2J?[001;001H?[2J?[001;001H?[8;056;240t?[2J?[001;001HBdsDxe: loading Boot0002 "UEFI QEMU HARDDISK QM00001 " from PciRoot(0x0)/Pci(0x1F,0x2)/Sata(0x0,0xFFFF,0x0)
BdsDxe: starting Boot0002 "UEFI QEMU HARDDISK QM00001 " from PciRoot(0x0)/Pci(0x1F,0x2)/Sata(0x0,0xFFFF,0x0)

KICKOS-X1 8c41d7a2 x86_64/q35 uefi-handover entry
KICKOS-X1 8c41d7a2 x86_64/q35 uefi-handover handover if=1 paging=1 longmode=1 root=1 wp=1 nx=1 nxcap=1
KICKOS-X1 8c41d7a2 x86_64/q35 uefi-handover if_after_cli=0
KICKOS-X1 8c41d7a2 x86_64/q35 uefi-handover firmware=Debian distribution of EDK II
KICKOS-X1 8c41d7a2 x86_64/q35 uefi-handover revision=0x0000000000020046
KICKOS-X1 8c41d7a2 x86_64/q35 uefi-handover map descriptors=113 stride=48 version=1 conventional_pages=118377 arena=0x0000000001800000 arena_pages=108270
KICKOS-X1 8c41d7a2 x86_64/q35 uefi-handover fp found em=0 ts=0 mp=1 osfxsr=1 osxmmexcpt=1 osxsave=0
KICKOS-X1 8c41d7a2 x86_64/q35 uefi-handover fp enabled em=0 ts=0 mp=1 ne=1 osfxsr=1 osxmmexcpt=1 osxsave=1 xcr0=7 xsave=832
KICKOS-X1 8c41d7a2 x86_64/q35 uefi-handover boot services left
KICKOS-X1 8c41d7a2 x86_64/q35 uefi-handover if_after_exit=0
x86_64 app relocation: base=0x0000000000400000 load_delta=0x0000000000000000 app_words=266

  ==============================================
   KickOS 0.5.1  -  microkernel RTOS
  ==============================================
   board   qemu-x86_64
   arch    x86_64
   cpu     x86-64-v3
   mpu     off
   sched   tickless
   build   2026-10-02 01:46:12 +0200
   app     Oct  2 2026 01:46:14 +0200
   commit  nogit
   heap    16 KiB available
   kstack  4096 B x 33 = 135168 B

microbenchmark: context-switch throughput (all arches) + per-switch cost
+ IRQ-entry latency where a cycle counter exists. Reporter woken by the
workload, not a timer. Telemetry OFF for clean numbers.
cycle counter: 2038528523 Hz (0 = no rate converts a reading; cycles only)

  lock-probe: hold+1 core=0 depth=0  (three nested, one outermost)
  call/reply: 8 B  1873 ns/round-trip  (533623 round-trips/s over 20000 calls / 37 ms)
  call/reply: 16 B  1876 ns/round-trip  (532858 round-trips/s over 20000 calls / 37 ms)
  call/reply: 32 B  1874 ns/round-trip  (533356 round-trips/s over 20000 calls / 37 ms)
  call/reply: 64 B  1873 ns/round-trip  (533663 round-trips/s over 20000 calls / 37 ms)
  call/reply: 128 B  1874 ns/round-trip  (533369 round-trips/s over 20000 calls / 37 ms)
  call/reply: 256 B  1877 ns/round-trip  (532520 round-trips/s over 20000 calls / 37 ms)
  call/reply: 8 B  1874 ns/round-trip  (533518 round-trips/s over 20000 calls / 37 ms) [generic path]
  call/reply: 16 B  1875 ns/round-trip  (533161 round-trips/s over 20000 calls / 37 ms) [generic path]
  call/reply: 32 B  1882 ns/round-trip  (531153 round-trips/s over 20000 calls / 37 ms) [generic path]
  call/reply: 64 B  1874 ns/round-trip  (533549 round-trips/s over 20000 calls / 37 ms) [generic path]
  call/reply: 128 B  1877 ns/round-trip  (532654 round-trips/s over 20000 calls / 37 ms) [generic path]
  call/reply: 256 B  1927 ns/round-trip  (518732 round-trips/s over 20000 calls / 38 ms) [generic path]
  call/reply: 32 B  1914 ns/round-trip  (522387 round-trips/s over 20000 calls / 38 ms) [caller outranks server, D1 donates]
  phase table (44 rows; cyc avg/max, min last and a floor; leaf -= NULL, composite -= NULL + k*(NEST-NULL)):
    NULL             24/16740  min=20  n=260000
    NEST             74/23980  min=60  n=260000
    NEST_LOCK        55/16240  min=40  n=260000
    CALL_TOTAL       3580/107940  min=3500  n=259999
    CALL_VALIDATE    30/37580  min=20  n=260000
    CALL_LOCKED      3453/107800  min=3380  n=259999
    CALL_RESOLVE     38/11780  min=20  n=260000
    CALL_PEEK        26/11480  min=20  n=260000
    CALL_PROBE       23/15780  min=20  n=259999
    CALL_POP         26/17220  min=20  n=259999
    CALL_COPY        91/12240  min=80  n=259999
    CALL_MINT        167/18760  min=160  n=259999
    CALL_MINT_CAP    41/11800  min=40  n=259999
    CALL_MINT_INFO   53/12500  min=40  n=259999
    CALL_DONATE      23/60  min=20  n=19999
    CALL_PARK        38/780  min=20  n=259999
    CALL_WAKE        2623/106960  min=2560  n=259999
    CALL_RESUME      25/240  min=20  n=260000
    CALL_SLOW_TOTAL  6120/6120  min=6120  n=1
    CALL_SLOW_LOCKED 5860/5860  min=5860  n=1
    CALL_SLOW_DONATE 0/0  min=0  n=0
    CALL_SLOW_PARK   5380/5380  min=5380  n=1
    RECV_LOCKED      2991/68440  min=2940  n=259999
    RECV_RESOLVE     46/17620  min=40  n=260000
    RECV_SCAN        23/24100  min=20  n=259999
    RECV_PARK        2820/68140  min=2760  n=259999
    REPLY_TOTAL      247400/3207220  min=720  n=13
    REPLY_VALIDATE   120/140  min=100  n=13
    REPLY_LOCKED     377/103480  min=340  n=260000
    REPLY_LOOKUP     33/760  min=20  n=260000
    REPLY_COPY       96/17040  min=60  n=260000
    REPLY_FUNNEL     27/103000  min=20  n=260000
    REPLY_WAKE       92/16500  min=80  n=260000
    REPLY_RECV_TOTAL 3522/109600  min=1680  n=260000
    REPLY_RECV_TAIL  89/17540  min=80  n=259999
    WAKE_UNPARK      41/13820  min=40  n=520012
    PICK_NEXT        42/15560  min=40  n=520064
    SWITCH_TO        4547/81302440  min=2380  n=520013
    SWITCH_BOOK      41/14700  min=40  n=520039
    MPU_APPLY        27/17020  min=20  n=520039
    MPU_COMMIT       0/0  min=0  n=0
    REENT_SEAT       23/18560  min=20  n=520039
    KTIME_REARM      31/12980  min=20  n=520039
    ARCH_SWITCH      4267/81301440  min=2100  n=520013
  ns-probe: cyc=4294967295 ns=2106895854 capped=0
  sat-probe: width=64 fits+1/0 wide+0/1 max=1000

  throughput: 1557072 ctx-sw/s  (642 ns/sw avg over 40000 switches / 25 ms)
  switch-probe: fastpath-swaps=0  (swapped inside the trap, so not in the switch row)
  swb-clock: 2000000 cycles in 777960 ticks
  swb-exact: p1=240 p50=240 p99=260 mean10=2493 n=40002
  switch:    240/256/13560 cyc  117/125/6651 ns  (p50/p99/max, n=40002)
  lock-hold: 208/768/77840 cyc  102/376/38184 ns  (p50/p99/max, n=80362)
  lock-site: core=0 site=0x419048 max=77840
  irq-probe: line=6 raise=inject on=0 raised=100 hcore=none foreign=0 win=0
  irq:       0/0/0 cyc  0/0/0 ns  (p50/max/max, n=0)
  wcase-probe: line=6 raise=inject on=0 raised=100 hcore=none foreign=0 win=0
  wcase-irq[0B]:    0/0/0 cyc  0/0/0 ns  (p50/max/max, n=0)
  wcase-probe: line=6 raise=inject on=0 raised=100 hcore=none foreign=0 win=0
  wcase-irq[64B]:   0/0/0 cyc  0/0/0 ns  (p50/max/max, n=0)
  wcase-probe: line=6 raise=inject on=0 raised=100 hcore=none foreign=0 win=0
  wcase-irq[256B]:  0/0/0 cyc  0/0/0 ns  (p50/max/max, n=0)
  wcase-probe: line=6 raise=inject on=0 raised=100 hcore=none foreign=0 win=0
  wcase-irq[1024B]: 0/0/0 cyc  0/0/0 ns  (p50/max/max, n=0)
  e2e-settle: settled=2/2
  e2e-probe: line=7 closed=1000 dropped=0 tare=68/71 ns  (min/avg, n=64)
  e2e-passes: asked=1000 raised=1000
  e2e-local: 7680/8192/13628 ns  (p50/p99/max, n=1000)
  throughput: 1558027 ctx-sw/s  (641 ns/sw avg over 40000 switches / 25 ms)
  switch-probe: fastpath-swaps=0  (swapped inside the trap, so not in the switch row)
  swb-clock: 2000000 cycles in 778520 ticks
  swb-exact: p1=240 p50=260 p99=260 mean10=2503 n=40002
  switch:    256/256/13220 cyc  125/125/6485 ns  (p50/p99/max, n=40002)
  lock-hold: 208/768/26980 cyc  102/376/13235 ns  (p50/p99/max, n=80365)
  lock-site: core=0 site=0x40b5a5 max=26980
  irq-probe: line=6 raise=inject on=0 raised=100 hcore=none foreign=0 win=0
  irq:       0/0/0 cyc  0/0/0 ns  (p50/max/max, n=0)
  wcase-probe: line=6 raise=inject on=0 raised=100 hcore=none foreign=0 win=0
  wcase-irq[0B]:    0/0/0 cyc  0/0/0 ns  (p50/max/max, n=0)
  wcase-probe: line=6 raise=inject on=0 raised=100 hcore=none foreign=0 win=0
  wcase-irq[64B]:   0/0/0 cyc  0/0/0 ns  (p50/max/max, n=0)
  wcase-probe: line=6 raise=inject on=0 raised=100 hcore=none foreign=0 win=0
  wcase-irq[256B]:  0/0/0 cyc  0/0/0 ns  (p50/max/max, n=0)
  wcase-probe: line=6 raise=inject on=0 raised=100 hcore=none foreign=0 win=0
  wcase-irq[1024B]: 0/0/0 cyc  0/0/0 ns  (p50/max/max, n=0)
  e2e-settle: settled=2/2
  e2e-probe: line=7 closed=1000 dropped=0 tare=68/71 ns  (min/avg, n=64)
  e2e-passes: asked=1000 raised=1000
  e2e-local: 7680/8192/14579 ns  (p50/p99/max, n=1000)
  throughput: 1558963 ctx-sw/s  (641 ns/sw avg over 40000 switches / 25 ms)
  switch-probe: fastpath-swaps=0  (swapped inside the trap, so not in the switch row)
  swb-clock: 2000000 cycles in 777940 ticks
  swb-exact: p1=240 p50=260 p99=260 mean10=2502 n=40002
  switch:    256/256/400 cyc  125/125/196 ns  (p50/p99/max, n=40002)
  lock-hold: 208/768/26580 cyc  102/376/13038 ns  (p50/p99/max, n=80362)
  lock-site: core=0 site=0x40b5a5 max=26580
  irq-probe: line=6 raise=inject on=0 raised=100 hcore=none foreign=0 win=0
  irq:       0/0/0 cyc  0/0/0 ns  (p50/max/max, n=0)
  wcase-probe: line=6 raise=inject on=0 raised=100 hcore=none foreign=0 win=0
  wcase-irq[0B]:    0/0/0 cyc  0/0/0 ns  (p50/max/max, n=0)
  wcase-probe: line=6 raise=inject on=0 raised=100 hcore=none foreign=0 win=0
  wcase-irq[64B]:   0/0/0 cyc  0/0/0 ns  (p50/max/max, n=0)
  wcase-probe: line=6 raise=inject on=0 raised=100 hcore=none foreign=0 win=0
  wcase-irq[256B]:  0/0/0 cyc  0/0/0 ns  (p50/max/max, n=0)
  wcase-probe: line=6 raise=inject on=0 raised=100 hcore=none foreign=0 win=0
  wcase-irq[1024B]: 0/0/0 cyc  0/0/0 ns  (p50/max/max, n=0)
  e2e-settle: settled=2/2
  e2e-probe: line=7 closed=1000 dropped=0 tare=68/71 ns  (min/avg, n=64)
  e2e-passes: asked=1000 raised=1000
  e2e-local: 7680/8192/15482 ns  (p50/p99/max, n=1000)
  swb-clock: 2000000 cycles in 778480 ticks
  swb-exact: p1=240 p50=240 p99=260 mean10=2457 n=40002
  switch-vec: 240/256/17540 cyc  117/125/8604 ns  (p50/p99/max, n=40002)
  xtask ping-pong: 843 ns/switch  (40000 switches / 33 ms)
  xtask call/reply: 16 B  2340 ns/round-trip  (427211 round-trips/s over 20000 calls / 46 ms)
  spawn/exit: thread 15572 ns  (200 reps / 3 ms)
  spawn/exit: task 35456 ns  (200 reps / 7 ms)
bench: done

KICKOS-EXIT status 0
?[2J?[001;001H?[=3h?[2J?[001;001H?[2J?[001;001H?[8;042;160t?[2J?[001;001H?[2J?[001;001H?[8;056;240t?[2J?[001;001HBdsDxe: loading Boot0002 "UEFI QEMU HARDDISK QM00001 " from PciRoot(0x0)/Pci(0x1F,0x2)/Sata(0x0,0xFFFF,0x0)
BdsDxe: starting Boot0002 "UEFI QEMU HARDDISK QM00001 " from PciRoot(0x0)/Pci(0x1F,0x2)/Sata(0x0,0xFFFF,0x0)

KICKOS-X1 8c41d7a2 x86_64/q35 uefi-handover entry
KICKOS-X1 8c41d7a2 x86_64/q35 uefi-handover handover if=1 paging=1 longmode=1 root=1 wp=1 nx=1 nxcap=1
KICKOS-X1 8c41d7a2 x86_64/q35 uefi-handover if_after_cli=0
KICKOS-X1 8c41d7a2 x86_64/q35 uefi-handover firmware=Debian distribution of EDK II
KICKOS-X1 8c41d7a2 x86_64/q35 uefi-handover revision=0x0000000000020046
KICKOS-X1 8c41d7a2 x86_64/q35 uefi-handover map descriptors=113 stride=48 version=1 conventional_pages=118377 arena=0x0000000001800000 arena_pages=108270
KICKOS-X1 8c41d7a2 x86_64/q35 uefi-handover fp found em=0 ts=0 mp=1 osfxsr=1 osxmmexcpt=1 osxsave=0
KICKOS-X1 8c41d7a2 x86_64/q35 uefi-handover fp enabled em=0 ts=0 mp=1 ne=1 osfxsr=1 osxmmexcpt=1 osxsave=1 xcr0=7 xsave=832
KICKOS-X1 8c41d7a2 x86_64/q35 uefi-handover boot services left
KICKOS-X1 8c41d7a2 x86_64/q35 uefi-handover if_after_exit=0
x86_64 app relocation: base=0x0000000000400000 load_delta=0x0000000000000000 app_words=266

  ==============================================
   KickOS 0.5.1  -  microkernel RTOS
  ==============================================
   board   qemu-x86_64
   arch    x86_64
   cpu     x86-64-v3
   mpu     off
   sched   tickless
   build   2026-10-02 01:46:12 +0200
   app     Oct  2 2026 01:46:14 +0200
   commit  nogit
   heap    16 KiB available
   kstack  4096 B x 33 = 135168 B

microbenchmark: context-switch throughput (all arches) + per-switch cost
+ IRQ-entry latency where a cycle counter exists. Reporter woken by the
workload, not a timer. Telemetry OFF for clean numbers.
cycle counter: 2038528523 Hz (0 = no rate converts a reading; cycles only)

  lock-probe: hold+1 core=0 depth=0  (three nested, one outermost)
  call/reply: 8 B  1873 ns/round-trip  (533623 round-trips/s over 20000 calls / 37 ms)
  call/reply: 16 B  1876 ns/round-trip  (532858 round-trips/s over 20000 calls / 37 ms)
  call/reply: 32 B  1874 ns/round-trip  (533356 round-trips/s over 20000 calls / 37 ms)
  call/reply: 64 B  1873 ns/round-trip  (533663 round-trips/s over 20000 calls / 37 ms)
  call/reply: 128 B  1874 ns/round-trip  (533369 round-trips/s over 20000 calls / 37 ms)
  call/reply: 256 B  1877 ns/round-trip  (532520 round-trips/s over 20000 calls / 37 ms)
  call/reply: 8 B  1874 ns/round-trip  (533518 round-trips/s over 20000 calls / 37 ms) [generic path]
  call/reply: 16 B  1875 ns/round-trip  (533161 round-trips/s over 20000 calls / 37 ms) [generic path]
  call/reply: 32 B  1882 ns/round-trip  (531153 round-trips/s over 20000 calls / 37 ms) [generic path]
  call/reply: 64 B  1874 ns/round-trip  (533549 round-trips/s over 20000 calls / 37 ms) [generic path]
  call/reply: 128 B  1877 ns/round-trip  (532654 round-trips/s over 20000 calls / 37 ms) [generic path]
  call/reply: 256 B  1927 ns/round-trip  (518732 round-trips/s over 20000 calls / 38 ms) [generic path]
  call/reply: 32 B  1914 ns/round-trip  (522387 round-trips/s over 20000 calls / 38 ms) [caller outranks server, D1 donates]
  phase table (44 rows; cyc avg/max, min last and a floor; leaf -= NULL, composite -= NULL + k*(NEST-NULL)):
    NULL             24/16740  min=20  n=260000
    NEST             74/23980  min=60  n=260000
    NEST_LOCK        55/16240  min=40  n=260000
    CALL_TOTAL       3580/107940  min=3500  n=259999
    CALL_VALIDATE    30/37580  min=20  n=260000
    CALL_LOCKED      3453/107800  min=3380  n=259999
    CALL_RESOLVE     38/11780  min=20  n=260000
    CALL_PEEK        26/11480  min=20  n=260000
    CALL_PROBE       23/15780  min=20  n=259999
    CALL_POP         26/17220  min=20  n=259999
    CALL_COPY        91/12240  min=80  n=259999
    CALL_MINT        167/18760  min=160  n=259999
    CALL_MINT_CAP    41/11800  min=40  n=259999
    CALL_MINT_INFO   53/12500  min=40  n=259999
    CALL_DONATE      23/60  min=20  n=19999
    CALL_PARK        38/780  min=20  n=259999
    CALL_WAKE        2623/106960  min=2560  n=259999
    CALL_RESUME      25/240  min=20  n=260000
    CALL_SLOW_TOTAL  6120/6120  min=6120  n=1
    CALL_SLOW_LOCKED 5860/5860  min=5860  n=1
    CALL_SLOW_DONATE 0/0  min=0  n=0
    CALL_SLOW_PARK   5380/5380  min=5380  n=1
    RECV_LOCKED      2991/68440  min=2940  n=259999
    RECV_RESOLVE     46/17620  min=40  n=260000
    RECV_SCAN        23/24100  min=20  n=259999
    RECV_PARK        2820/68140  min=2760  n=259999
    REPLY_TOTAL      247400/3207220  min=720  n=13
    REPLY_VALIDATE   120/140  min=100  n=13
    REPLY_LOCKED     377/103480  min=340  n=260000
    REPLY_LOOKUP     33/760  min=20  n=260000
    REPLY_COPY       96/17040  min=60  n=260000
    REPLY_FUNNEL     27/103000  min=20  n=260000
    REPLY_WAKE       92/16500  min=80  n=260000
    REPLY_RECV_TOTAL 3522/109600  min=1680  n=260000
    REPLY_RECV_TAIL  89/17540  min=80  n=259999
    WAKE_UNPARK      41/13820  min=40  n=520012
    PICK_NEXT        42/15560  min=40  n=520064
    SWITCH_TO        4547/81302440  min=2380  n=520013
    SWITCH_BOOK      41/14700  min=40  n=520039
    MPU_APPLY        27/17020  min=20  n=520039
    MPU_COMMIT       0/0  min=0  n=0
    REENT_SEAT       23/18560  min=20  n=520039
    KTIME_REARM      31/12980  min=20  n=520039
    ARCH_SWITCH      4267/81301440  min=2100  n=520013
  ns-probe: cyc=4294967295 ns=2106895854 capped=0
  sat-probe: width=64 fits+1/0 wide+0/1 max=1000

  throughput: 1557072 ctx-sw/s  (642 ns/sw avg over 40000 switches / 25 ms)
  switch-probe: fastpath-swaps=0  (swapped inside the trap, so not in the switch row)
  swb-clock: 2000000 cycles in 777960 ticks
  swb-exact: p1=240 p50=240 p99=260 mean10=2493 n=40002
  switch:    240/256/13560 cyc  117/125/6651 ns  (p50/p99/max, n=40002)
  lock-hold: 208/768/77840 cyc  102/376/38184 ns  (p50/p99/max, n=80362)
  lock-site: core=0 site=0x419048 max=77840
  irq-probe: line=6 raise=inject on=0 raised=100 hcore=none foreign=0 win=0
  irq:       0/0/0 cyc  0/0/0 ns  (p50/max/max, n=0)
  wcase-probe: line=6 raise=inject on=0 raised=100 hcore=none foreign=0 win=0
  wcase-irq[0B]:    0/0/0 cyc  0/0/0 ns  (p50/max/max, n=0)
  wcase-probe: line=6 raise=inject on=0 raised=100 hcore=none foreign=0 win=0
  wcase-irq[64B]:   0/0/0 cyc  0/0/0 ns  (p50/max/max, n=0)
  wcase-probe: line=6 raise=inject on=0 raised=100 hcore=none foreign=0 win=0
  wcase-irq[256B]:  0/0/0 cyc  0/0/0 ns  (p50/max/max, n=0)
  wcase-probe: line=6 raise=inject on=0 raised=100 hcore=none foreign=0 win=0
  wcase-irq[1024B]: 0/0/0 cyc  0/0/0 ns  (p50/max/max, n=0)
  e2e-settle: settled=2/2
  e2e-probe: line=7 closed=1000 dropped=0 tare=68/71 ns  (min/avg, n=64)
  e2e-passes: asked=1000 raised=1000
  e2e-local: 7680/8192/13628 ns  (p50/p99/max, n=1000)
  throughput: 1558027 ctx-sw/s  (641 ns/sw avg over 40000 switches / 25 ms)
  switch-probe: fastpath-swaps=0  (swapped inside the trap, so not in the switch row)
  swb-clock: 2000000 cycles in 778520 ticks
  swb-exact: p1=240 p50=260 p99=260 mean10=2503 n=40002
  switch:    256/256/13220 cyc  125/125/6485 ns  (p50/p99/max, n=40002)
  lock-hold: 208/768/26980 cyc  102/376/13235 ns  (p50/p99/max, n=80365)
  lock-site: core=0 site=0x40b5a5 max=26980
  irq-probe: line=6 raise=inject on=0 raised=100 hcore=none foreign=0 win=0
  irq:       0/0/0 cyc  0/0/0 ns  (p50/max/max, n=0)
  wcase-probe: line=6 raise=inject on=0 raised=100 hcore=none foreign=0 win=0
  wcase-irq[0B]:    0/0/0 cyc  0/0/0 ns  (p50/max/max, n=0)
  wcase-probe: line=6 raise=inject on=0 raised=100 hcore=none foreign=0 win=0
  wcase-irq[64B]:   0/0/0 cyc  0/0/0 ns  (p50/max/max, n=0)
  wcase-probe: line=6 raise=inject on=0 raised=100 hcore=none foreign=0 win=0
  wcase-irq[256B]:  0/0/0 cyc  0/0/0 ns  (p50/max/max, n=0)
  wcase-probe: line=6 raise=inject on=0 raised=100 hcore=none foreign=0 win=0
  wcase-irq[1024B]: 0/0/0 cyc  0/0/0 ns  (p50/max/max, n=0)
  e2e-settle: settled=2/2
  e2e-probe: line=7 closed=1000 dropped=0 tare=68/71 ns  (min/avg, n=64)
  e2e-passes: asked=1000 raised=1000
  e2e-local: 7680/8192/14579 ns  (p50/p99/max, n=1000)
  throughput: 1558963 ctx-sw/s  (641 ns/sw avg over 40000 switches / 25 ms)
  switch-probe: fastpath-swaps=0  (swapped inside the trap, so not in the switch row)
  swb-clock: 2000000 cycles in 777940 ticks
  swb-exact: p1=240 p50=260 p99=260 mean10=2502 n=40002
  switch:    256/256/400 cyc  125/125/196 ns  (p50/p99/max, n=40002)
  lock-hold: 208/768/26580 cyc  102/376/13038 ns  (p50/p99/max, n=80362)
  lock-site: core=0 site=0x40b5a5 max=26580
  irq-probe: line=6 raise=inject on=0 raised=100 hcore=none foreign=0 win=0
  irq:       0/0/0 cyc  0/0/0 ns  (p50/max/max, n=0)
  wcase-probe: line=6 raise=inject on=0 raised=100 hcore=none foreign=0 win=0
  wcase-irq[0B]:    0/0/0 cyc  0/0/0 ns  (p50/max/max, n=0)
  wcase-probe: line=6 raise=inject on=0 raised=100 hcore=none foreign=0 win=0
  wcase-irq[64B]:   0/0/0 cyc  0/0/0 ns  (p50/max/max, n=0)
  wcase-probe: line=6 raise=inject on=0 raised=100 hcore=none foreign=0 win=0
  wcase-irq[256B]:  0/0/0 cyc  0/0/0 ns  (p50/max/max, n=0)
  wcase-probe: line=6 raise=inject on=0 raised=100 hcore=none foreign=0 win=0
  wcase-irq[1024B]: 0/0/0 cyc  0/0/0 ns  (p50/max/max, n=0)
  e2e-settle: settled=2/2
  e2e-probe: line=7 closed=1000 dropped=0 tare=68/71 ns  (min/avg, n=64)
  e2e-passes: asked=1000 raised=1000
  e2e-local: 7680/8192/15482 ns  (p50/p99/max, n=1000)
  swb-clock: 2000000 cycles in 778480 ticks
  swb-exact: p1=240 p50=240 p99=260 mean10=2457 n=40002
  switch-vec: 240/256/17540 cyc  117/125/8604 ns  (p50/p99/max, n=40002)
  xtask ping-pong: 843 ns/switch  (40000 switches / 33 ms)
  xtask call/reply: 16 B  2340 ns/round-trip  (427211 round-trips/s over 20000 calls / 46 ms)
  spawn/exit: thread 15572 ns  (200 reps / 3 ms)
  spawn/exit: task 35456 ns  (200 reps / 7 ms)
bench: done

KICKOS-EXIT status 0
