?[2J?[001;001H?[=3h?[2J?[001;001H?[2J?[001;001H?[8;042;160t?[2J?[001;001H?[2J?[001;001H?[8;056;240t?[2J?[001;001HBdsDxe: loading Boot0002 "UEFI QEMU HARDDISK QM00001 " from PciRoot(0x0)/Pci(0x1F,0x2)/Sata(0x0,0xFFFF,0x0)
BdsDxe: starting Boot0002 "UEFI QEMU HARDDISK QM00001 " from PciRoot(0x0)/Pci(0x1F,0x2)/Sata(0x0,0xFFFF,0x0)

KICKOS-X1 8c41d7a2 x86_64/q35 uefi-handover entry
KICKOS-X1 8c41d7a2 x86_64/q35 uefi-handover handover if=1 paging=1 longmode=1 root=1 wp=1 nx=1 nxcap=1
KICKOS-X1 8c41d7a2 x86_64/q35 uefi-handover if_after_cli=0
KICKOS-X1 8c41d7a2 x86_64/q35 uefi-handover firmware=Debian distribution of EDK II
KICKOS-X1 8c41d7a2 x86_64/q35 uefi-handover revision=0x0000000000020046
KICKOS-X1 8c41d7a2 x86_64/q35 uefi-handover map descriptors=113 stride=48 version=1 conventional_pages=118377 arena=0x0000000001800000 arena_pages=108270
KICKOS-X1 8c41d7a2 x86_64/q35 uefi-handover fp found em=0 ts=0 mp=1 osfxsr=1 osxmmexcpt=1 osxsave=0
KICKOS-X1 8c41d7a2 x86_64/q35 uefi-handover fp enabled em=0 ts=0 mp=1 ne=1 osfxsr=1 osxmmexcpt=1 osxsave=1 xcr0=7 xsave=832
KICKOS-X1 8c41d7a2 x86_64/q35 uefi-handover boot services left
KICKOS-X1 8c41d7a2 x86_64/q35 uefi-handover if_after_exit=0
x86_64 app relocation: base=0x0000000000400000 load_delta=0x0000000000000000 app_words=266

  ==============================================
   KickOS 0.5.1  -  microkernel RTOS
  ==============================================
   board   qemu-x86_64
   arch    x86_64
   cpu     x86-64-v3
   mpu     off
   sched   tickless
   build   2026-10-02 01:46:12 +0200
   app     Oct  2 2026 01:46:14 +0200
   commit  nogit
   heap    16 KiB available
   kstack  4096 B x 33 = 135168 B

microbenchmark: context-switch throughput (all arches) + per-switch cost
+ IRQ-entry latency where a cycle counter exists. Reporter woken by the
workload, not a timer. Telemetry OFF for clean numbers.
cycle counter: 2013454359 Hz (0 = no rate converts a reading; cycles only)

  lock-probe: hold+1 core=0 depth=0  (three nested, one outermost)
  call/reply: 8 B  1891 ns/round-trip  (528673 round-trips/s over 20000 calls / 37 ms)
  call/reply: 16 B  1894 ns/round-trip  (527919 round-trips/s over 20000 calls / 37 ms)
  call/reply: 32 B  1895 ns/round-trip  (527479 round-trips/s over 20000 calls / 37 ms)
  call/reply: 64 B  1893 ns/round-trip  (528008 round-trips/s over 20000 calls / 37 ms)
  call/reply: 128 B  1894 ns/round-trip  (527768 round-trips/s over 20000 calls / 37 ms)
  call/reply: 256 B  1912 ns/round-trip  (522958 round-trips/s over 20000 calls / 38 ms)
  call/reply: 8 B  1928 ns/round-trip  (518463 round-trips/s over 20000 calls / 38 ms) [generic path]
  call/reply: 16 B  1898 ns/round-trip  (526804 round-trips/s over 20000 calls / 37 ms) [generic path]
  call/reply: 32 B  1913 ns/round-trip  (522596 round-trips/s over 20000 calls / 38 ms) [generic path]
  call/reply: 64 B  1959 ns/round-trip  (510412 round-trips/s over 20000 calls / 39 ms) [generic path]
  call/reply: 128 B  1895 ns/round-trip  (527470 round-trips/s over 20000 calls / 37 ms) [generic path]
  call/reply: 256 B  1896 ns/round-trip  (527298 round-trips/s over 20000 calls / 37 ms) [generic path]
  call/reply: 32 B  1935 ns/round-trip  (516639 round-trips/s over 20000 calls / 38 ms) [caller outranks server, D1 donates]
  phase table (44 rows; cyc avg/max, min last and a floor; leaf -= NULL, composite -= NULL + k*(NEST-NULL)):
    NULL             24/13560  min=20  n=260000
    NEST             75/101800  min=60  n=260000
    NEST_LOCK        55/15840  min=40  n=260000
    CALL_TOTAL       3584/760820  min=3500  n=259999
    CALL_VALIDATE    27/13460  min=20  n=260000
    CALL_LOCKED      3456/760660  min=3360  n=259999
    CALL_RESOLVE     39/19740  min=20  n=260000
    CALL_PEEK        25/360  min=20  n=260000
    CALL_PROBE       23/14360  min=20  n=259999
    CALL_POP         27/12000  min=20  n=259999
    CALL_COPY        89/5720  min=60  n=259999
    CALL_MINT        169/49240  min=160  n=259999
    CALL_MINT_CAP    41/14060  min=40  n=259999
    CALL_MINT_INFO   54/48860  min=40  n=259999
    CALL_DONATE      23/60  min=20  n=19999
    CALL_PARK        38/1540  min=20  n=259999
    CALL_WAKE        2625/759820  min=2560  n=259999
    CALL_RESUME      24/11880  min=20  n=260000
    CALL_SLOW_TOTAL  6020/6020  min=6020  n=1
    CALL_SLOW_LOCKED 5780/5780  min=5780  n=1
    CALL_SLOW_DONATE 0/0  min=0  n=0
    CALL_SLOW_PARK   5280/5280  min=5280  n=1
    RECV_LOCKED      2997/762720  min=2920  n=259999
    RECV_RESOLVE     46/5200  min=40  n=260000
    RECV_SCAN        24/14640  min=20  n=259999
    RECV_PARK        2823/762520  min=2760  n=259999
    REPLY_TOTAL      246033/3189320  min=720  n=13
    REPLY_VALIDATE   123/140  min=100  n=13
    REPLY_LOCKED     377/23760  min=340  n=260000
    REPLY_LOOKUP     31/15580  min=20  n=260000
    REPLY_COPY       95/15460  min=60  n=260000
    REPLY_FUNNEL     28/23180  min=20  n=260000
    REPLY_WAKE       93/13560  min=80  n=260000
    REPLY_RECV_TOTAL 3526/763260  min=1660  n=260000
    REPLY_RECV_TAIL  87/17460  min=80  n=259999
    WAKE_UNPARK      42/11620  min=40  n=520012
    PICK_NEXT        41/16640  min=40  n=520064
    SWITCH_TO        4552/81535300  min=2380  n=520013
    SWITCH_BOOK      42/15460  min=40  n=520039
    MPU_APPLY        27/14520  min=20  n=520039
    MPU_COMMIT       0/0  min=0  n=0
    REENT_SEAT       23/15060  min=20  n=520039
    KTIME_REARM      32/14660  min=20  n=520039
    ARCH_SWITCH      4274/81534380  min=2100  n=520013
  ns-probe: cyc=4294967295 ns=2133133674 capped=0
  sat-probe: width=64 fits+1/0 wide+0/1 max=1000

  throughput: 1546500 ctx-sw/s  (646 ns/sw avg over 40000 switches / 25 ms)
  switch-probe: fastpath-swaps=0  (swapped inside the trap, so not in the switch row)
  swb-clock: 2000000 cycles in 776240 ticks
  swb-exact: p1=240 p50=240 p99=260 mean10=2481 n=40002
  switch:    240/256/11980 cyc  119/127/5949 ns  (p50/p99/max, n=40002)
  lock-hold: 208/768/29500 cyc  103/381/14651 ns  (p50/p99/max, n=80362)
  lock-site: core=0 site=0x40b5a5 max=29500
  irq-probe: line=6 raise=inject on=0 raised=100 hcore=none foreign=0 win=0
  irq:       0/0/0 cyc  0/0/0 ns  (p50/max/max, n=0)
  wcase-probe: line=6 raise=inject on=0 raised=100 hcore=none foreign=0 win=0
  wcase-irq[0B]:    0/0/0 cyc  0/0/0 ns  (p50/max/max, n=0)
  wcase-probe: line=6 raise=inject on=0 raised=100 hcore=none foreign=0 win=0
  wcase-irq[64B]:   0/0/0 cyc  0/0/0 ns  (p50/max/max, n=0)
  wcase-probe: line=6 raise=inject on=0 raised=100 hcore=none foreign=0 win=0
  wcase-irq[256B]:  0/0/0 cyc  0/0/0 ns  (p50/max/max, n=0)
  wcase-probe: line=6 raise=inject on=0 raised=100 hcore=none foreign=0 win=0
  wcase-irq[1024B]: 0/0/0 cyc  0/0/0 ns  (p50/max/max, n=0)
  e2e-settle: settled=2/2
  e2e-probe: line=7 closed=1000 dropped=0 tare=69/74 ns  (min/avg, n=64)
  e2e-passes: asked=1000 raised=1000
  e2e-local: 7680/8192/18168 ns  (p50/p99/max, n=1000)
  throughput: 1541670 ctx-sw/s  (648 ns/sw avg over 40000 switches / 25 ms)
  switch-probe: fastpath-swaps=0  (swapped inside the trap, so not in the switch row)
  swb-clock: 2000000 cycles in 776480 ticks
  swb-exact: p1=240 p50=240 p99=260 mean10=2490 n=40002
  switch:    240/256/13680 cyc  119/127/6794 ns  (p50/p99/max, n=40002)
  lock-hold: 208/768/28040 cyc  103/381/13926 ns  (p50/p99/max, n=80365)
  lock-site: core=0 site=0x40b5a5 max=28040
  irq-probe: line=6 raise=inject on=0 raised=100 hcore=none foreign=0 win=0
  irq:       0/0/0 cyc  0/0/0 ns  (p50/max/max, n=0)
  wcase-probe: line=6 raise=inject on=0 raised=100 hcore=none foreign=0 win=0
  wcase-irq[0B]:    0/0/0 cyc  0/0/0 ns  (p50/max/max, n=0)
  wcase-probe: line=6 raise=inject on=0 raised=100 hcore=none foreign=0 win=0
  wcase-irq[64B]:   0/0/0 cyc  0/0/0 ns  (p50/max/max, n=0)
  wcase-probe: line=6 raise=inject on=0 raised=100 hcore=none foreign=0 win=0
  wcase-irq[256B]:  0/0/0 cyc  0/0/0 ns  (p50/max/max, n=0)
  wcase-probe: line=6 raise=inject on=0 raised=100 hcore=none foreign=0 win=0
  wcase-irq[1024B]: 0/0/0 cyc  0/0/0 ns  (p50/max/max, n=0)
  e2e-settle: settled=2/2
  e2e-probe: line=7 closed=1000 dropped=0 tare=69/74 ns  (min/avg, n=64)
  e2e-passes: asked=1000 raised=1000
  e2e-local: 7680/10240/15228 ns  (p50/p99/max, n=1000)
  throughput: 1544297 ctx-sw/s  (647 ns/sw avg over 40000 switches / 25 ms)
  switch-probe: fastpath-swaps=0  (swapped inside the trap, so not in the switch row)
  swb-clock: 2000000 cycles in 776160 ticks
  swb-exact: p1=240 p50=240 p99=280 mean10=2487 n=40002
  switch:    240/256/560 cyc  119/127/278 ns  (p50/p99/max, n=40002)
  lock-hold: 208/768/44560 cyc  103/381/22131 ns  (p50/p99/max, n=80362)
  lock-site: core=0 site=0x40b5a5 max=44560
  irq-probe: line=6 raise=inject on=0 raised=100 hcore=none foreign=0 win=0
  irq:       0/0/0 cyc  0/0/0 ns  (p50/max/max, n=0)
  wcase-probe: line=6 raise=inject on=0 raised=100 hcore=none foreign=0 win=0
  wcase-irq[0B]:    0/0/0 cyc  0/0/0 ns  (p50/max/max, n=0)
  wcase-probe: line=6 raise=inject on=0 raised=100 hcore=none foreign=0 win=0
  wcase-irq[64B]:   0/0/0 cyc  0/0/0 ns  (p50/max/max, n=0)
  wcase-probe: line=6 raise=inject on=0 raised=100 hcore=none foreign=0 win=0
  wcase-irq[256B]:  0/0/0 cyc  0/0/0 ns  (p50/max/max, n=0)
  wcase-probe: line=6 raise=inject on=0 raised=100 hcore=none foreign=0 win=0
  wcase-irq[1024B]: 0/0/0 cyc  0/0/0 ns  (p50/max/max, n=0)
  e2e-settle: settled=2/2
  e2e-probe: line=7 closed=1000 dropped=0 tare=69/74 ns  (min/avg, n=64)
  e2e-passes: asked=1000 raised=1000
  e2e-local: 7680/9216/17492 ns  (p50/p99/max, n=1000)
  swb-clock: 2000000 cycles in 776320 ticks
  swb-exact: p1=240 p50=240 p99=260 mean10=2459 n=40002
  switch-vec: 240/256/17440 cyc  119/127/8661 ns  (p50/p99/max, n=40002)
  xtask ping-pong: 856 ns/switch  (40000 switches / 34 ms)
  xtask call/reply: 16 B  2370 ns/round-trip  (421779 round-trips/s over 20000 calls / 47 ms)
  spawn/exit: thread 15786 ns  (200 reps / 3 ms)
  spawn/exit: task 35683 ns  (200 reps / 7 ms)
bench: done

KICKOS-EXIT status 0
?[2J?[001;001H?[=3h?[2J?[001;001H?[2J?[001;001H?[8;042;160t?[2J?[001;001H?[2J?[001;001H?[8;056;240t?[2J?[001;001HBdsDxe: loading Boot0002 "UEFI QEMU HARDDISK QM00001 " from PciRoot(0x0)/Pci(0x1F,0x2)/Sata(0x0,0xFFFF,0x0)
BdsDxe: starting Boot0002 "UEFI QEMU HARDDISK QM00001 " from PciRoot(0x0)/Pci(0x1F,0x2)/Sata(0x0,0xFFFF,0x0)

KICKOS-X1 8c41d7a2 x86_64/q35 uefi-handover entry
KICKOS-X1 8c41d7a2 x86_64/q35 uefi-handover handover if=1 paging=1 longmode=1 root=1 wp=1 nx=1 nxcap=1
KICKOS-X1 8c41d7a2 x86_64/q35 uefi-handover if_after_cli=0
KICKOS-X1 8c41d7a2 x86_64/q35 uefi-handover firmware=Debian distribution of EDK II
KICKOS-X1 8c41d7a2 x86_64/q35 uefi-handover revision=0x0000000000020046
KICKOS-X1 8c41d7a2 x86_64/q35 uefi-handover map descriptors=113 stride=48 version=1 conventional_pages=118377 arena=0x0000000001800000 arena_pages=108270
KICKOS-X1 8c41d7a2 x86_64/q35 uefi-handover fp found em=0 ts=0 mp=1 osfxsr=1 osxmmexcpt=1 osxsave=0
KICKOS-X1 8c41d7a2 x86_64/q35 uefi-handover fp enabled em=0 ts=0 mp=1 ne=1 osfxsr=1 osxmmexcpt=1 osxsave=1 xcr0=7 xsave=832
KICKOS-X1 8c41d7a2 x86_64/q35 uefi-handover boot services left
KICKOS-X1 8c41d7a2 x86_64/q35 uefi-handover if_after_exit=0
x86_64 app relocation: base=0x0000000000400000 load_delta=0x0000000000000000 app_words=266

  ==============================================
   KickOS 0.5.1  -  microkernel RTOS
  ==============================================
   board   qemu-x86_64
   arch    x86_64
   cpu     x86-64-v3
   mpu     off
   sched   tickless
   build   2026-10-02 01:46:12 +0200
   app     Oct  2 2026 01:46:14 +0200
   commit  nogit
   heap    16 KiB available
   kstack  4096 B x 33 = 135168 B

microbenchmark: context-switch throughput (all arches) + per-switch cost
+ IRQ-entry latency where a cycle counter exists. Reporter woken by the
workload, not a timer. Telemetry OFF for clean numbers.
cycle counter: 2013454359 Hz (0 = no rate converts a reading; cycles only)

  lock-probe: hold+1 core=0 depth=0  (three nested, one outermost)
  call/reply: 8 B  1891 ns/round-trip  (528673 round-trips/s over 20000 calls / 37 ms)
  call/reply: 16 B  1894 ns/round-trip  (527919 round-trips/s over 20000 calls / 37 ms)
  call/reply: 32 B  1895 ns/round-trip  (527479 round-trips/s over 20000 calls / 37 ms)
  call/reply: 64 B  1893 ns/round-trip  (528008 round-trips/s over 20000 calls / 37 ms)
  call/reply: 128 B  1894 ns/round-trip  (527768 round-trips/s over 20000 calls / 37 ms)
  call/reply: 256 B  1912 ns/round-trip  (522958 round-trips/s over 20000 calls / 38 ms)
  call/reply: 8 B  1928 ns/round-trip  (518463 round-trips/s over 20000 calls / 38 ms) [generic path]
  call/reply: 16 B  1898 ns/round-trip  (526804 round-trips/s over 20000 calls / 37 ms) [generic path]
  call/reply: 32 B  1913 ns/round-trip  (522596 round-trips/s over 20000 calls / 38 ms) [generic path]
  call/reply: 64 B  1959 ns/round-trip  (510412 round-trips/s over 20000 calls / 39 ms) [generic path]
  call/reply: 128 B  1895 ns/round-trip  (527470 round-trips/s over 20000 calls / 37 ms) [generic path]
  call/reply: 256 B  1896 ns/round-trip  (527298 round-trips/s over 20000 calls / 37 ms) [generic path]
  call/reply: 32 B  1935 ns/round-trip  (516639 round-trips/s over 20000 calls / 38 ms) [caller outranks server, D1 donates]
  phase table (44 rows; cyc avg/max, min last and a floor; leaf -= NULL, composite -= NULL + k*(NEST-NULL)):
    NULL             24/13560  min=20  n=260000
    NEST             75/101800  min=60  n=260000
    NEST_LOCK        55/15840  min=40  n=260000
    CALL_TOTAL       3584/760820  min=3500  n=259999
    CALL_VALIDATE    27/13460  min=20  n=260000
    CALL_LOCKED      3456/760660  min=3360  n=259999
    CALL_RESOLVE     39/19740  min=20  n=260000
    CALL_PEEK        25/360  min=20  n=260000
    CALL_PROBE       23/14360  min=20  n=259999
    CALL_POP         27/12000  min=20  n=259999
    CALL_COPY        89/5720  min=60  n=259999
    CALL_MINT        169/49240  min=160  n=259999
    CALL_MINT_CAP    41/14060  min=40  n=259999
    CALL_MINT_INFO   54/48860  min=40  n=259999
    CALL_DONATE      23/60  min=20  n=19999
    CALL_PARK        38/1540  min=20  n=259999
    CALL_WAKE        2625/759820  min=2560  n=259999
    CALL_RESUME      24/11880  min=20  n=260000
    CALL_SLOW_TOTAL  6020/6020  min=6020  n=1
    CALL_SLOW_LOCKED 5780/5780  min=5780  n=1
    CALL_SLOW_DONATE 0/0  min=0  n=0
    CALL_SLOW_PARK   5280/5280  min=5280  n=1
    RECV_LOCKED      2997/762720  min=2920  n=259999
    RECV_RESOLVE     46/5200  min=40  n=260000
    RECV_SCAN        24/14640  min=20  n=259999
    RECV_PARK        2823/762520  min=2760  n=259999
    REPLY_TOTAL      246033/3189320  min=720  n=13
    REPLY_VALIDATE   123/140  min=100  n=13
    REPLY_LOCKED     377/23760  min=340  n=260000
    REPLY_LOOKUP     31/15580  min=20  n=260000
    REPLY_COPY       95/15460  min=60  n=260000
    REPLY_FUNNEL     28/23180  min=20  n=260000
    REPLY_WAKE       93/13560  min=80  n=260000
    REPLY_RECV_TOTAL 3526/763260  min=1660  n=260000
    REPLY_RECV_TAIL  87/17460  min=80  n=259999
    WAKE_UNPARK      42/11620  min=40  n=520012
    PICK_NEXT        41/16640  min=40  n=520064
    SWITCH_TO        4552/81535300  min=2380  n=520013
    SWITCH_BOOK      42/15460  min=40  n=520039
    MPU_APPLY        27/14520  min=20  n=520039
    MPU_COMMIT       0/0  min=0  n=0
    REENT_SEAT       23/15060  min=20  n=520039
    KTIME_REARM      32/14660  min=20  n=520039
    ARCH_SWITCH      4274/81534380  min=2100  n=520013
  ns-probe: cyc=4294967295 ns=2133133674 capped=0
  sat-probe: width=64 fits+1/0 wide+0/1 max=1000

  throughput: 1546500 ctx-sw/s  (646 ns/sw avg over 40000 switches / 25 ms)
  switch-probe: fastpath-swaps=0  (swapped inside the trap, so not in the switch row)
  swb-clock: 2000000 cycles in 776240 ticks
  swb-exact: p1=240 p50=240 p99=260 mean10=2481 n=40002
  switch:    240/256/11980 cyc  119/127/5949 ns  (p50/p99/max, n=40002)
  lock-hold: 208/768/29500 cyc  103/381/14651 ns  (p50/p99/max, n=80362)
  lock-site: core=0 site=0x40b5a5 max=29500
  irq-probe: line=6 raise=inject on=0 raised=100 hcore=none foreign=0 win=0
  irq:       0/0/0 cyc  0/0/0 ns  (p50/max/max, n=0)
  wcase-probe: line=6 raise=inject on=0 raised=100 hcore=none foreign=0 win=0
  wcase-irq[0B]:    0/0/0 cyc  0/0/0 ns  (p50/max/max, n=0)
  wcase-probe: line=6 raise=inject on=0 raised=100 hcore=none foreign=0 win=0
  wcase-irq[64B]:   0/0/0 cyc  0/0/0 ns  (p50/max/max, n=0)
  wcase-probe: line=6 raise=inject on=0 raised=100 hcore=none foreign=0 win=0
  wcase-irq[256B]:  0/0/0 cyc  0/0/0 ns  (p50/max/max, n=0)
  wcase-probe: line=6 raise=inject on=0 raised=100 hcore=none foreign=0 win=0
  wcase-irq[1024B]: 0/0/0 cyc  0/0/0 ns  (p50/max/max, n=0)
  e2e-settle: settled=2/2
  e2e-probe: line=7 closed=1000 dropped=0 tare=69/74 ns  (min/avg, n=64)
  e2e-passes: asked=1000 raised=1000
  e2e-local: 7680/8192/18168 ns  (p50/p99/max, n=1000)
  throughput: 1541670 ctx-sw/s  (648 ns/sw avg over 40000 switches / 25 ms)
  switch-probe: fastpath-swaps=0  (swapped inside the trap, so not in the switch row)
  swb-clock: 2000000 cycles in 776480 ticks
  swb-exact: p1=240 p50=240 p99=260 mean10=2490 n=40002
  switch:    240/256/13680 cyc  119/127/6794 ns  (p50/p99/max, n=40002)
  lock-hold: 208/768/28040 cyc  103/381/13926 ns  (p50/p99/max, n=80365)
  lock-site: core=0 site=0x40b5a5 max=28040
  irq-probe: line=6 raise=inject on=0 raised=100 hcore=none foreign=0 win=0
  irq:       0/0/0 cyc  0/0/0 ns  (p50/max/max, n=0)
  wcase-probe: line=6 raise=inject on=0 raised=100 hcore=none foreign=0 win=0
  wcase-irq[0B]:    0/0/0 cyc  0/0/0 ns  (p50/max/max, n=0)
  wcase-probe: line=6 raise=inject on=0 raised=100 hcore=none foreign=0 win=0
  wcase-irq[64B]:   0/0/0 cyc  0/0/0 ns  (p50/max/max, n=0)
  wcase-probe: line=6 raise=inject on=0 raised=100 hcore=none foreign=0 win=0
  wcase-irq[256B]:  0/0/0 cyc  0/0/0 ns  (p50/max/max, n=0)
  wcase-probe: line=6 raise=inject on=0 raised=100 hcore=none foreign=0 win=0
  wcase-irq[1024B]: 0/0/0 cyc  0/0/0 ns  (p50/max/max, n=0)
  e2e-settle: settled=2/2
  e2e-probe: line=7 closed=1000 dropped=0 tare=69/74 ns  (min/avg, n=64)
  e2e-passes: asked=1000 raised=1000
  e2e-local: 7680/10240/15228 ns  (p50/p99/max, n=1000)
  throughput: 1544297 ctx-sw/s  (647 ns/sw avg over 40000 switches / 25 ms)
  switch-probe: fastpath-swaps=0  (swapped inside the trap, so not in the switch row)
  swb-clock: 2000000 cycles in 776160 ticks
  swb-exact: p1=240 p50=240 p99=280 mean10=2487 n=40002
  switch:    240/256/560 cyc  119/127/278 ns  (p50/p99/max, n=40002)
  lock-hold: 208/768/44560 cyc  103/381/22131 ns  (p50/p99/max, n=80362)
  lock-site: core=0 site=0x40b5a5 max=44560
  irq-probe: line=6 raise=inject on=0 raised=100 hcore=none foreign=0 win=0
  irq:       0/0/0 cyc  0/0/0 ns  (p50/max/max, n=0)
  wcase-probe: line=6 raise=inject on=0 raised=100 hcore=none foreign=0 win=0
  wcase-irq[0B]:    0/0/0 cyc  0/0/0 ns  (p50/max/max, n=0)
  wcase-probe: line=6 raise=inject on=0 raised=100 hcore=none foreign=0 win=0
  wcase-irq[64B]:   0/0/0 cyc  0/0/0 ns  (p50/max/max, n=0)
  wcase-probe: line=6 raise=inject on=0 raised=100 hcore=none foreign=0 win=0
  wcase-irq[256B]:  0/0/0 cyc  0/0/0 ns  (p50/max/max, n=0)
  wcase-probe: line=6 raise=inject on=0 raised=100 hcore=none foreign=0 win=0
  wcase-irq[1024B]: 0/0/0 cyc  0/0/0 ns  (p50/max/max, n=0)
  e2e-settle: settled=2/2
  e2e-probe: line=7 closed=1000 dropped=0 tare=69/74 ns  (min/avg, n=64)
  e2e-passes: asked=1000 raised=1000
  e2e-local: 7680/9216/17492 ns  (p50/p99/max, n=1000)
  swb-clock: 2000000 cycles in 776320 ticks
  swb-exact: p1=240 p50=240 p99=260 mean10=2459 n=40002
  switch-vec: 240/256/17440 cyc  119/127/8661 ns  (p50/p99/max, n=40002)
  xtask ping-pong: 856 ns/switch  (40000 switches / 34 ms)
  xtask call/reply: 16 B  2370 ns/round-trip  (421779 round-trips/s over 20000 calls / 47 ms)
  spawn/exit: thread 15786 ns  (200 reps / 3 ms)
  spawn/exit: task 35683 ns  (200 reps / 7 ms)
bench: done

KICKOS-EXIT status 0
