?[2J?[001;001H?[=3h?[2J?[001;001H?[2J?[001;001H?[8;042;160t?[2J?[001;001H?[2J?[001;001H?[8;056;240t?[2J?[001;001HBdsDxe: loading Boot0002 "UEFI QEMU HARDDISK QM00001 " from PciRoot(0x0)/Pci(0x1F,0x2)/Sata(0x0,0xFFFF,0x0)
BdsDxe: starting Boot0002 "UEFI QEMU HARDDISK QM00001 " from PciRoot(0x0)/Pci(0x1F,0x2)/Sata(0x0,0xFFFF,0x0)

KICKOS-X1 8c41d7a2 x86_64/q35 uefi-handover entry
KICKOS-X1 8c41d7a2 x86_64/q35 uefi-handover handover if=1 paging=1 longmode=1 root=1 wp=1 nx=1 nxcap=1
KICKOS-X1 8c41d7a2 x86_64/q35 uefi-handover if_after_cli=0
KICKOS-X1 8c41d7a2 x86_64/q35 uefi-handover firmware=Debian distribution of EDK II
KICKOS-X1 8c41d7a2 x86_64/q35 uefi-handover revision=0x0000000000020046
KICKOS-X1 8c41d7a2 x86_64/q35 uefi-handover map descriptors=113 stride=48 version=1 conventional_pages=118377 arena=0x0000000001800000 arena_pages=108270
KICKOS-X1 8c41d7a2 x86_64/q35 uefi-handover fp found em=0 ts=0 mp=1 osfxsr=1 osxmmexcpt=1 osxsave=0
KICKOS-X1 8c41d7a2 x86_64/q35 uefi-handover fp enabled em=0 ts=0 mp=1 ne=1 osfxsr=1 osxmmexcpt=1 osxsave=1 xcr0=7 xsave=832
KICKOS-X1 8c41d7a2 x86_64/q35 uefi-handover boot services left
KICKOS-X1 8c41d7a2 x86_64/q35 uefi-handover if_after_exit=0
x86_64 app relocation: base=0x0000000000400000 load_delta=0x0000000000000000 app_words=266

  ==============================================
   KickOS 0.5.1  -  microkernel RTOS
  ==============================================
   board   qemu-x86_64
   arch    x86_64
   cpu     x86-64-v3
   mpu     off
   sched   tickless
   build   2026-10-02 01:46:12 +0200
   app     Oct  2 2026 01:46:14 +0200
   commit  nogit
   heap    16 KiB available
   kstack  4096 B x 33 = 135168 B

microbenchmark: context-switch throughput (all arches) + per-switch cost
+ IRQ-entry latency where a cycle counter exists. Reporter woken by the
workload, not a timer. Telemetry OFF for clean numbers.
cycle counter: 1997193372 Hz (0 = no rate converts a reading; cycles only)

  lock-probe: hold+1 core=0 depth=0  (three nested, one outermost)
  call/reply: 8 B  1916 ns/round-trip  (521724 round-trips/s over 20000 calls / 38 ms)
  call/reply: 16 B  1915 ns/round-trip  (521944 round-trips/s over 20000 calls / 38 ms)
  call/reply: 32 B  1917 ns/round-trip  (521454 round-trips/s over 20000 calls / 38 ms)
  call/reply: 64 B  1916 ns/round-trip  (521741 round-trips/s over 20000 calls / 38 ms)
  call/reply: 128 B  1917 ns/round-trip  (521647 round-trips/s over 20000 calls / 38 ms)
  call/reply: 256 B  1919 ns/round-trip  (521003 round-trips/s over 20000 calls / 38 ms)
  call/reply: 8 B  2033 ns/round-trip  (491681 round-trips/s over 20000 calls / 40 ms) [generic path]
  call/reply: 16 B  1916 ns/round-trip  (521744 round-trips/s over 20000 calls / 38 ms) [generic path]
  call/reply: 32 B  1934 ns/round-trip  (516982 round-trips/s over 20000 calls / 38 ms) [generic path]
  call/reply: 64 B  1917 ns/round-trip  (521566 round-trips/s over 20000 calls / 38 ms) [generic path]
  call/reply: 128 B  1915 ns/round-trip  (522015 round-trips/s over 20000 calls / 38 ms) [generic path]
  call/reply: 256 B  1922 ns/round-trip  (520288 round-trips/s over 20000 calls / 38 ms) [generic path]
  call/reply: 32 B  1954 ns/round-trip  (511563 round-trips/s over 20000 calls / 39 ms) [caller outranks server, D1 donates]
  phase table (44 rows; cyc avg/max, min last and a floor; leaf -= NULL, composite -= NULL + k*(NEST-NULL)):
    NULL             23/18200  min=20  n=260000
    NEST             73/18280  min=60  n=260000
    NEST_LOCK        53/380  min=40  n=260000
    CALL_TOTAL       3598/776580  min=3500  n=259999
    CALL_VALIDATE    30/11900  min=20  n=260000
    CALL_LOCKED      3469/776420  min=3380  n=259999
    CALL_RESOLVE     38/11340  min=20  n=260000
    CALL_PEEK        25/13140  min=20  n=260000
    CALL_PROBE       27/769000  min=20  n=259999
    CALL_POP         25/16540  min=20  n=259999
    CALL_COPY        92/14320  min=60  n=259999
    CALL_MINT        170/18620  min=160  n=259999
    CALL_MINT_CAP    41/500  min=40  n=259999
    CALL_MINT_INFO   52/18440  min=40  n=259999
    CALL_DONATE      23/60  min=20  n=19999
    CALL_PARK        39/16300  min=20  n=259999
    CALL_WAKE        2634/52860  min=2560  n=259999
    CALL_RESUME      25/360  min=20  n=260000
    CALL_SLOW_TOTAL  6120/6120  min=6120  n=1
    CALL_SLOW_LOCKED 5840/5840  min=5840  n=1
    CALL_SLOW_DONATE 0/0  min=0  n=0
    CALL_SLOW_PARK   5340/5340  min=5340  n=1
    RECV_LOCKED      3007/774000  min=2940  n=259999
    RECV_RESOLVE     46/13700  min=40  n=260000
    RECV_SCAN        23/19460  min=20  n=259999
    RECV_PARK        2833/773820  min=2760  n=259999
    REPLY_TOTAL      245967/3188720  min=720  n=13
    REPLY_VALIDATE   112/120  min=100  n=13
    REPLY_LOCKED     379/19520  min=340  n=260000
    REPLY_LOOKUP     33/18280  min=20  n=260000
    REPLY_COPY       96/14780  min=60  n=260000
    REPLY_FUNNEL     28/520  min=20  n=260000
    REPLY_WAKE       93/16160  min=80  n=260000
    REPLY_RECV_TOTAL 3539/774540  min=1740  n=260000
    REPLY_RECV_TAIL  88/17420  min=80  n=259999
    WAKE_UNPARK      42/16000  min=40  n=520012
    PICK_NEXT        41/20340  min=40  n=520064
    SWITCH_TO        4568/83899020  min=2380  n=520013
    SWITCH_BOOK      42/15420  min=40  n=520039
    MPU_APPLY        26/440  min=20  n=520039
    MPU_COMMIT       0/0  min=0  n=0
    REENT_SEAT       23/10900  min=20  n=520039
    KTIME_REARM      31/14560  min=20  n=520039
    ARCH_SWITCH      4286/83898080  min=2100  n=520013
  ns-probe: cyc=4294967295 ns=2150501476 capped=0
  sat-probe: width=64 fits+1/0 wide+0/1 max=1000

  throughput: 1524027 ctx-sw/s  (656 ns/sw avg over 40000 switches / 26 ms)
  switch-probe: fastpath-swaps=0  (swapped inside the trap, so not in the switch row)
  swb-clock: 2000000 cycles in 778660 ticks
  swb-exact: p1=240 p50=240 p99=260 mean10=2493 n=40002
  switch:    240/256/12100 cyc  120/128/6058 ns  (p50/p99/max, n=40002)
  lock-hold: 208/768/44320 cyc  104/384/22191 ns  (p50/p99/max, n=80362)
  lock-site: core=0 site=0x419048 max=44320
  irq-probe: line=6 raise=inject on=0 raised=100 hcore=none foreign=0 win=0
  irq:       0/0/0 cyc  0/0/0 ns  (p50/max/max, n=0)
  wcase-probe: line=6 raise=inject on=0 raised=100 hcore=none foreign=0 win=0
  wcase-irq[0B]:    0/0/0 cyc  0/0/0 ns  (p50/max/max, n=0)
  wcase-probe: line=6 raise=inject on=0 raised=100 hcore=none foreign=0 win=0
  wcase-irq[64B]:   0/0/0 cyc  0/0/0 ns  (p50/max/max, n=0)
  wcase-probe: line=6 raise=inject on=0 raised=100 hcore=none foreign=0 win=0
  wcase-irq[256B]:  0/0/0 cyc  0/0/0 ns  (p50/max/max, n=0)
  wcase-probe: line=6 raise=inject on=0 raised=100 hcore=none foreign=0 win=0
  wcase-irq[1024B]: 0/0/0 cyc  0/0/0 ns  (p50/max/max, n=0)
  e2e-settle: settled=2/2
  e2e-probe: line=7 closed=1000 dropped=0 tare=70/74 ns  (min/avg, n=64)
  e2e-passes: asked=1000 raised=1000
  e2e-local: 8192/8192/18246 ns  (p50/p99/max, n=1000)
  throughput: 1525218 ctx-sw/s  (655 ns/sw avg over 40000 switches / 26 ms)
  switch-probe: fastpath-swaps=0  (swapped inside the trap, so not in the switch row)
  swb-clock: 2000000 cycles in 779640 ticks
  swb-exact: p1=240 p50=260 p99=260 mean10=2507 n=40002
  switch:    256/256/12200 cyc  128/128/6108 ns  (p50/p99/max, n=40002)
  lock-hold: 208/768/26720 cyc  104/384/13378 ns  (p50/p99/max, n=80365)
  lock-site: core=0 site=0x40b5a5 max=26720
  irq-probe: line=6 raise=inject on=0 raised=100 hcore=none foreign=0 win=0
  irq:       0/0/0 cyc  0/0/0 ns  (p50/max/max, n=0)
  wcase-probe: line=6 raise=inject on=0 raised=100 hcore=none foreign=0 win=0
  wcase-irq[0B]:    0/0/0 cyc  0/0/0 ns  (p50/max/max, n=0)
  wcase-probe: line=6 raise=inject on=0 raised=100 hcore=none foreign=0 win=0
  wcase-irq[64B]:   0/0/0 cyc  0/0/0 ns  (p50/max/max, n=0)
  wcase-probe: line=6 raise=inject on=0 raised=100 hcore=none foreign=0 win=0
  wcase-irq[256B]:  0/0/0 cyc  0/0/0 ns  (p50/max/max, n=0)
  wcase-probe: line=6 raise=inject on=0 raised=100 hcore=none foreign=0 win=0
  wcase-irq[1024B]: 0/0/0 cyc  0/0/0 ns  (p50/max/max, n=0)
  e2e-settle: settled=2/2
  e2e-probe: line=7 closed=1000 dropped=0 tare=70/74 ns  (min/avg, n=64)
  e2e-passes: asked=1000 raised=1000
  e2e-local: 8192/8192/18106 ns  (p50/p99/max, n=1000)
  throughput: 1527910 ctx-sw/s  (654 ns/sw avg over 40000 switches / 26 ms)
  switch-probe: fastpath-swaps=0  (swapped inside the trap, so not in the switch row)
  swb-clock: 2000000 cycles in 779640 ticks
  swb-exact: p1=240 p50=240 p99=260 mean10=2489 n=40002
  switch:    240/256/14700 cyc  120/128/7360 ns  (p50/p99/max, n=40002)
  lock-hold: 208/768/30160 cyc  104/384/15101 ns  (p50/p99/max, n=80365)
  lock-site: core=0 site=0x40b5a5 max=30160
  irq-probe: line=6 raise=inject on=0 raised=100 hcore=none foreign=0 win=0
  irq:       0/0/0 cyc  0/0/0 ns  (p50/max/max, n=0)
  wcase-probe: line=6 raise=inject on=0 raised=100 hcore=none foreign=0 win=0
  wcase-irq[0B]:    0/0/0 cyc  0/0/0 ns  (p50/max/max, n=0)
  wcase-probe: line=6 raise=inject on=0 raised=100 hcore=none foreign=0 win=0
  wcase-irq[64B]:   0/0/0 cyc  0/0/0 ns  (p50/max/max, n=0)
  wcase-probe: line=6 raise=inject on=0 raised=100 hcore=none foreign=0 win=0
  wcase-irq[256B]:  0/0/0 cyc  0/0/0 ns  (p50/max/max, n=0)
  wcase-probe: line=6 raise=inject on=0 raised=100 hcore=none foreign=0 win=0
  wcase-irq[1024B]: 0/0/0 cyc  0/0/0 ns  (p50/max/max, n=0)
  e2e-settle: settled=2/2
  e2e-probe: line=7 closed=1000 dropped=0 tare=70/74 ns  (min/avg, n=64)
  e2e-passes: asked=1000 raised=1000
  e2e-local: 8192/9216/28019 ns  (p50/p99/max, n=1000)
  swb-clock: 2000000 cycles in 778660 ticks
  swb-exact: p1=240 p50=240 p99=260 mean10=2445 n=40002
  switch-vec: 240/256/14740 cyc  120/128/7380 ns  (p50/p99/max, n=40002)
  xtask ping-pong: 863 ns/switch  (40000 switches / 34 ms)
  xtask call/reply: 16 B  2386 ns/round-trip  (419055 round-trips/s over 20000 calls / 47 ms)
  spawn/exit: thread 15958 ns  (200 reps / 3 ms)
  spawn/exit: task 35573 ns  (200 reps / 7 ms)
bench: done

KICKOS-EXIT status 0
?[2J?[001;001H?[=3h?[2J?[001;001H?[2J?[001;001H?[8;042;160t?[2J?[001;001H?[2J?[001;001H?[8;056;240t?[2J?[001;001HBdsDxe: loading Boot0002 "UEFI QEMU HARDDISK QM00001 " from PciRoot(0x0)/Pci(0x1F,0x2)/Sata(0x0,0xFFFF,0x0)
BdsDxe: starting Boot0002 "UEFI QEMU HARDDISK QM00001 " from PciRoot(0x0)/Pci(0x1F,0x2)/Sata(0x0,0xFFFF,0x0)

KICKOS-X1 8c41d7a2 x86_64/q35 uefi-handover entry
KICKOS-X1 8c41d7a2 x86_64/q35 uefi-handover handover if=1 paging=1 longmode=1 root=1 wp=1 nx=1 nxcap=1
KICKOS-X1 8c41d7a2 x86_64/q35 uefi-handover if_after_cli=0
KICKOS-X1 8c41d7a2 x86_64/q35 uefi-handover firmware=Debian distribution of EDK II
KICKOS-X1 8c41d7a2 x86_64/q35 uefi-handover revision=0x0000000000020046
KICKOS-X1 8c41d7a2 x86_64/q35 uefi-handover map descriptors=113 stride=48 version=1 conventional_pages=118377 arena=0x0000000001800000 arena_pages=108270
KICKOS-X1 8c41d7a2 x86_64/q35 uefi-handover fp found em=0 ts=0 mp=1 osfxsr=1 osxmmexcpt=1 osxsave=0
KICKOS-X1 8c41d7a2 x86_64/q35 uefi-handover fp enabled em=0 ts=0 mp=1 ne=1 osfxsr=1 osxmmexcpt=1 osxsave=1 xcr0=7 xsave=832
KICKOS-X1 8c41d7a2 x86_64/q35 uefi-handover boot services left
KICKOS-X1 8c41d7a2 x86_64/q35 uefi-handover if_after_exit=0
x86_64 app relocation: base=0x0000000000400000 load_delta=0x0000000000000000 app_words=266

  ==============================================
   KickOS 0.5.1  -  microkernel RTOS
  ==============================================
   board   qemu-x86_64
   arch    x86_64
   cpu     x86-64-v3
   mpu     off
   sched   tickless
   build   2026-10-02 01:46:12 +0200
   app     Oct  2 2026 01:46:14 +0200
   commit  nogit
   heap    16 KiB available
   kstack  4096 B x 33 = 135168 B

microbenchmark: context-switch throughput (all arches) + per-switch cost
+ IRQ-entry latency where a cycle counter exists. Reporter woken by the
workload, not a timer. Telemetry OFF for clean numbers.
cycle counter: 1997193372 Hz (0 = no rate converts a reading; cycles only)

  lock-probe: hold+1 core=0 depth=0  (three nested, one outermost)
  call/reply: 8 B  1916 ns/round-trip  (521724 round-trips/s over 20000 calls / 38 ms)
  call/reply: 16 B  1915 ns/round-trip  (521944 round-trips/s over 20000 calls / 38 ms)
  call/reply: 32 B  1917 ns/round-trip  (521454 round-trips/s over 20000 calls / 38 ms)
  call/reply: 64 B  1916 ns/round-trip  (521741 round-trips/s over 20000 calls / 38 ms)
  call/reply: 128 B  1917 ns/round-trip  (521647 round-trips/s over 20000 calls / 38 ms)
  call/reply: 256 B  1919 ns/round-trip  (521003 round-trips/s over 20000 calls / 38 ms)
  call/reply: 8 B  2033 ns/round-trip  (491681 round-trips/s over 20000 calls / 40 ms) [generic path]
  call/reply: 16 B  1916 ns/round-trip  (521744 round-trips/s over 20000 calls / 38 ms) [generic path]
  call/reply: 32 B  1934 ns/round-trip  (516982 round-trips/s over 20000 calls / 38 ms) [generic path]
  call/reply: 64 B  1917 ns/round-trip  (521566 round-trips/s over 20000 calls / 38 ms) [generic path]
  call/reply: 128 B  1915 ns/round-trip  (522015 round-trips/s over 20000 calls / 38 ms) [generic path]
  call/reply: 256 B  1922 ns/round-trip  (520288 round-trips/s over 20000 calls / 38 ms) [generic path]
  call/reply: 32 B  1954 ns/round-trip  (511563 round-trips/s over 20000 calls / 39 ms) [caller outranks server, D1 donates]
  phase table (44 rows; cyc avg/max, min last and a floor; leaf -= NULL, composite -= NULL + k*(NEST-NULL)):
    NULL             23/18200  min=20  n=260000
    NEST             73/18280  min=60  n=260000
    NEST_LOCK        53/380  min=40  n=260000
    CALL_TOTAL       3598/776580  min=3500  n=259999
    CALL_VALIDATE    30/11900  min=20  n=260000
    CALL_LOCKED      3469/776420  min=3380  n=259999
    CALL_RESOLVE     38/11340  min=20  n=260000
    CALL_PEEK        25/13140  min=20  n=260000
    CALL_PROBE       27/769000  min=20  n=259999
    CALL_POP         25/16540  min=20  n=259999
    CALL_COPY        92/14320  min=60  n=259999
    CALL_MINT        170/18620  min=160  n=259999
    CALL_MINT_CAP    41/500  min=40  n=259999
    CALL_MINT_INFO   52/18440  min=40  n=259999
    CALL_DONATE      23/60  min=20  n=19999
    CALL_PARK        39/16300  min=20  n=259999
    CALL_WAKE        2634/52860  min=2560  n=259999
    CALL_RESUME      25/360  min=20  n=260000
    CALL_SLOW_TOTAL  6120/6120  min=6120  n=1
    CALL_SLOW_LOCKED 5840/5840  min=5840  n=1
    CALL_SLOW_DONATE 0/0  min=0  n=0
    CALL_SLOW_PARK   5340/5340  min=5340  n=1
    RECV_LOCKED      3007/774000  min=2940  n=259999
    RECV_RESOLVE     46/13700  min=40  n=260000
    RECV_SCAN        23/19460  min=20  n=259999
    RECV_PARK        2833/773820  min=2760  n=259999
    REPLY_TOTAL      245967/3188720  min=720  n=13
    REPLY_VALIDATE   112/120  min=100  n=13
    REPLY_LOCKED     379/19520  min=340  n=260000
    REPLY_LOOKUP     33/18280  min=20  n=260000
    REPLY_COPY       96/14780  min=60  n=260000
    REPLY_FUNNEL     28/520  min=20  n=260000
    REPLY_WAKE       93/16160  min=80  n=260000
    REPLY_RECV_TOTAL 3539/774540  min=1740  n=260000
    REPLY_RECV_TAIL  88/17420  min=80  n=259999
    WAKE_UNPARK      42/16000  min=40  n=520012
    PICK_NEXT        41/20340  min=40  n=520064
    SWITCH_TO        4568/83899020  min=2380  n=520013
    SWITCH_BOOK      42/15420  min=40  n=520039
    MPU_APPLY        26/440  min=20  n=520039
    MPU_COMMIT       0/0  min=0  n=0
    REENT_SEAT       23/10900  min=20  n=520039
    KTIME_REARM      31/14560  min=20  n=520039
    ARCH_SWITCH      4286/83898080  min=2100  n=520013
  ns-probe: cyc=4294967295 ns=2150501476 capped=0
  sat-probe: width=64 fits+1/0 wide+0/1 max=1000

  throughput: 1524027 ctx-sw/s  (656 ns/sw avg over 40000 switches / 26 ms)
  switch-probe: fastpath-swaps=0  (swapped inside the trap, so not in the switch row)
  swb-clock: 2000000 cycles in 778660 ticks
  swb-exact: p1=240 p50=240 p99=260 mean10=2493 n=40002
  switch:    240/256/12100 cyc  120/128/6058 ns  (p50/p99/max, n=40002)
  lock-hold: 208/768/44320 cyc  104/384/22191 ns  (p50/p99/max, n=80362)
  lock-site: core=0 site=0x419048 max=44320
  irq-probe: line=6 raise=inject on=0 raised=100 hcore=none foreign=0 win=0
  irq:       0/0/0 cyc  0/0/0 ns  (p50/max/max, n=0)
  wcase-probe: line=6 raise=inject on=0 raised=100 hcore=none foreign=0 win=0
  wcase-irq[0B]:    0/0/0 cyc  0/0/0 ns  (p50/max/max, n=0)
  wcase-probe: line=6 raise=inject on=0 raised=100 hcore=none foreign=0 win=0
  wcase-irq[64B]:   0/0/0 cyc  0/0/0 ns  (p50/max/max, n=0)
  wcase-probe: line=6 raise=inject on=0 raised=100 hcore=none foreign=0 win=0
  wcase-irq[256B]:  0/0/0 cyc  0/0/0 ns  (p50/max/max, n=0)
  wcase-probe: line=6 raise=inject on=0 raised=100 hcore=none foreign=0 win=0
  wcase-irq[1024B]: 0/0/0 cyc  0/0/0 ns  (p50/max/max, n=0)
  e2e-settle: settled=2/2
  e2e-probe: line=7 closed=1000 dropped=0 tare=70/74 ns  (min/avg, n=64)
  e2e-passes: asked=1000 raised=1000
  e2e-local: 8192/8192/18246 ns  (p50/p99/max, n=1000)
  throughput: 1525218 ctx-sw/s  (655 ns/sw avg over 40000 switches / 26 ms)
  switch-probe: fastpath-swaps=0  (swapped inside the trap, so not in the switch row)
  swb-clock: 2000000 cycles in 779640 ticks
  swb-exact: p1=240 p50=260 p99=260 mean10=2507 n=40002
  switch:    256/256/12200 cyc  128/128/6108 ns  (p50/p99/max, n=40002)
  lock-hold: 208/768/26720 cyc  104/384/13378 ns  (p50/p99/max, n=80365)
  lock-site: core=0 site=0x40b5a5 max=26720
  irq-probe: line=6 raise=inject on=0 raised=100 hcore=none foreign=0 win=0
  irq:       0/0/0 cyc  0/0/0 ns  (p50/max/max, n=0)
  wcase-probe: line=6 raise=inject on=0 raised=100 hcore=none foreign=0 win=0
  wcase-irq[0B]:    0/0/0 cyc  0/0/0 ns  (p50/max/max, n=0)
  wcase-probe: line=6 raise=inject on=0 raised=100 hcore=none foreign=0 win=0
  wcase-irq[64B]:   0/0/0 cyc  0/0/0 ns  (p50/max/max, n=0)
  wcase-probe: line=6 raise=inject on=0 raised=100 hcore=none foreign=0 win=0
  wcase-irq[256B]:  0/0/0 cyc  0/0/0 ns  (p50/max/max, n=0)
  wcase-probe: line=6 raise=inject on=0 raised=100 hcore=none foreign=0 win=0
  wcase-irq[1024B]: 0/0/0 cyc  0/0/0 ns  (p50/max/max, n=0)
  e2e-settle: settled=2/2
  e2e-probe: line=7 closed=1000 dropped=0 tare=70/74 ns  (min/avg, n=64)
  e2e-passes: asked=1000 raised=1000
  e2e-local: 8192/8192/18106 ns  (p50/p99/max, n=1000)
  throughput: 1527910 ctx-sw/s  (654 ns/sw avg over 40000 switches / 26 ms)
  switch-probe: fastpath-swaps=0  (swapped inside the trap, so not in the switch row)
  swb-clock: 2000000 cycles in 779640 ticks
  swb-exact: p1=240 p50=240 p99=260 mean10=2489 n=40002
  switch:    240/256/14700 cyc  120/128/7360 ns  (p50/p99/max, n=40002)
  lock-hold: 208/768/30160 cyc  104/384/15101 ns  (p50/p99/max, n=80365)
  lock-site: core=0 site=0x40b5a5 max=30160
  irq-probe: line=6 raise=inject on=0 raised=100 hcore=none foreign=0 win=0
  irq:       0/0/0 cyc  0/0/0 ns  (p50/max/max, n=0)
  wcase-probe: line=6 raise=inject on=0 raised=100 hcore=none foreign=0 win=0
  wcase-irq[0B]:    0/0/0 cyc  0/0/0 ns  (p50/max/max, n=0)
  wcase-probe: line=6 raise=inject on=0 raised=100 hcore=none foreign=0 win=0
  wcase-irq[64B]:   0/0/0 cyc  0/0/0 ns  (p50/max/max, n=0)
  wcase-probe: line=6 raise=inject on=0 raised=100 hcore=none foreign=0 win=0
  wcase-irq[256B]:  0/0/0 cyc  0/0/0 ns  (p50/max/max, n=0)
  wcase-probe: line=6 raise=inject on=0 raised=100 hcore=none foreign=0 win=0
  wcase-irq[1024B]: 0/0/0 cyc  0/0/0 ns  (p50/max/max, n=0)
  e2e-settle: settled=2/2
  e2e-probe: line=7 closed=1000 dropped=0 tare=70/74 ns  (min/avg, n=64)
  e2e-passes: asked=1000 raised=1000
  e2e-local: 8192/9216/28019 ns  (p50/p99/max, n=1000)
  swb-clock: 2000000 cycles in 778660 ticks
  swb-exact: p1=240 p50=240 p99=260 mean10=2445 n=40002
  switch-vec: 240/256/14740 cyc  120/128/7380 ns  (p50/p99/max, n=40002)
  xtask ping-pong: 863 ns/switch  (40000 switches / 34 ms)
  xtask call/reply: 16 B  2386 ns/round-trip  (419055 round-trips/s over 20000 calls / 47 ms)
  spawn/exit: thread 15958 ns  (200 reps / 3 ms)
  spawn/exit: task 35573 ns  (200 reps / 7 ms)
bench: done

KICKOS-EXIT status 0
