?[2J?[001;001H?[=3h?[2J?[001;001H?[2J?[001;001H?[8;042;160t?[2J?[001;001H?[2J?[001;001H?[8;056;240t?[2J?[001;001HBdsDxe: loading Boot0002 "UEFI QEMU HARDDISK QM00001 " from PciRoot(0x0)/Pci(0x1F,0x2)/Sata(0x0,0xFFFF,0x0)
BdsDxe: starting Boot0002 "UEFI QEMU HARDDISK QM00001 " from PciRoot(0x0)/Pci(0x1F,0x2)/Sata(0x0,0xFFFF,0x0)

KICKOS-X1 8c41d7a2 x86_64/q35 uefi-handover entry
KICKOS-X1 8c41d7a2 x86_64/q35 uefi-handover handover if=1 paging=1 longmode=1 root=1 wp=1 nx=1 nxcap=1
KICKOS-X1 8c41d7a2 x86_64/q35 uefi-handover if_after_cli=0
KICKOS-X1 8c41d7a2 x86_64/q35 uefi-handover firmware=Debian distribution of EDK II
KICKOS-X1 8c41d7a2 x86_64/q35 uefi-handover revision=0x0000000000020046
KICKOS-X1 8c41d7a2 x86_64/q35 uefi-handover map descriptors=113 stride=48 version=1 conventional_pages=118377 arena=0x0000000001800000 arena_pages=108270
KICKOS-X1 8c41d7a2 x86_64/q35 uefi-handover fp found em=0 ts=0 mp=1 osfxsr=1 osxmmexcpt=1 osxsave=0
KICKOS-X1 8c41d7a2 x86_64/q35 uefi-handover fp enabled em=0 ts=0 mp=1 ne=1 osfxsr=1 osxmmexcpt=1 osxsave=1 xcr0=7 xsave=832
KICKOS-X1 8c41d7a2 x86_64/q35 uefi-handover boot services left
KICKOS-X1 8c41d7a2 x86_64/q35 uefi-handover if_after_exit=0
x86_64 app relocation: base=0x0000000000400000 load_delta=0x0000000000000000 app_words=266

  ==============================================
   KickOS 0.5.1  -  microkernel RTOS
  ==============================================
   board   qemu-x86_64
   arch    x86_64
   cpu     x86-64-v3
   mpu     off
   sched   tickless
   build   2026-10-02 01:46:12 +0200
   app     Oct  2 2026 01:46:14 +0200
   commit  nogit
   heap    16 KiB available
   kstack  4096 B x 33 = 135168 B

microbenchmark: context-switch throughput (all arches) + per-switch cost
+ IRQ-entry latency where a cycle counter exists. Reporter woken by the
workload, not a timer. Telemetry OFF for clean numbers.
cycle counter: 2013629739 Hz (0 = no rate converts a reading; cycles only)

  lock-probe: hold+1 core=0 depth=0  (three nested, one outermost)
  call/reply: 8 B  1900 ns/round-trip  (526166 round-trips/s over 20000 calls / 38 ms)
  call/reply: 16 B  1901 ns/round-trip  (525799 round-trips/s over 20000 calls / 38 ms)
  call/reply: 32 B  1903 ns/round-trip  (525482 round-trips/s over 20000 calls / 38 ms)
  call/reply: 64 B  1898 ns/round-trip  (526777 round-trips/s over 20000 calls / 37 ms)
  call/reply: 128 B  1951 ns/round-trip  (512359 round-trips/s over 20000 calls / 39 ms)
  call/reply: 256 B  1935 ns/round-trip  (516596 round-trips/s over 20000 calls / 38 ms)
  call/reply: 8 B  1897 ns/round-trip  (526942 round-trips/s over 20000 calls / 37 ms) [generic path]
  call/reply: 16 B  1897 ns/round-trip  (527043 round-trips/s over 20000 calls / 37 ms) [generic path]
  call/reply: 32 B  1909 ns/round-trip  (523783 round-trips/s over 20000 calls / 38 ms) [generic path]
  call/reply: 64 B  1900 ns/round-trip  (526124 round-trips/s over 20000 calls / 38 ms) [generic path]
  call/reply: 128 B  1902 ns/round-trip  (525596 round-trips/s over 20000 calls / 38 ms) [generic path]
  call/reply: 256 B  1905 ns/round-trip  (524782 round-trips/s over 20000 calls / 38 ms) [generic path]
  call/reply: 32 B  1938 ns/round-trip  (515863 round-trips/s over 20000 calls / 38 ms) [caller outranks server, D1 donates]
  phase table (44 rows; cyc avg/max, min last and a floor; leaf -= NULL, composite -= NULL + k*(NEST-NULL)):
    NULL             24/140  min=20  n=260000
    NEST             74/10300  min=60  n=260000
    NEST_LOCK        54/380  min=40  n=260000
    CALL_TOTAL       3588/254220  min=3520  n=259999
    CALL_VALIDATE    29/16120  min=20  n=260000
    CALL_LOCKED      3460/254040  min=3380  n=259999
    CALL_RESOLVE     38/15480  min=20  n=260000
    CALL_PEEK        25/14020  min=20  n=260000
    CALL_PROBE       23/39300  min=20  n=259999
    CALL_POP         26/380  min=20  n=259999
    CALL_COPY        92/19720  min=80  n=259999
    CALL_MINT        169/19480  min=160  n=259999
    CALL_MINT_CAP    41/15200  min=40  n=259999
    CALL_MINT_INFO   53/19000  min=40  n=259999
    CALL_DONATE      23/360  min=20  n=19999
    CALL_PARK        38/720  min=20  n=259999
    CALL_WAKE        2629/253220  min=2560  n=259999
    CALL_RESUME      25/5000  min=20  n=260000
    CALL_SLOW_TOTAL  6400/6400  min=6400  n=1
    CALL_SLOW_LOCKED 6160/6160  min=6160  n=1
    CALL_SLOW_DONATE 0/0  min=0  n=0
    CALL_SLOW_PARK   5660/5660  min=5660  n=1
    RECV_LOCKED      3000/386500  min=2940  n=259999
    RECV_RESOLVE     46/21520  min=40  n=260000
    RECV_SCAN        23/360  min=20  n=259999
    RECV_PARK        2827/386320  min=2760  n=259999
    REPLY_TOTAL      252678/3275700  min=720  n=13
    REPLY_VALIDATE   120/140  min=100  n=13
    REPLY_LOCKED     379/47160  min=340  n=260000
    REPLY_LOOKUP     34/20800  min=20  n=260000
    REPLY_COPY       97/44360  min=60  n=260000
    REPLY_FUNNEL     27/500  min=20  n=260000
    REPLY_WAKE       92/15080  min=80  n=260000
    REPLY_RECV_TOTAL 3532/387100  min=1640  n=260000
    REPLY_RECV_TAIL  89/14180  min=80  n=259999
    WAKE_UNPARK      41/14940  min=40  n=520012
    PICK_NEXT        42/8060  min=40  n=520064
    SWITCH_TO        4558/81348960  min=2380  n=520013
    SWITCH_BOOK      42/15740  min=40  n=520039
    MPU_APPLY        27/14360  min=20  n=520039
    MPU_COMMIT       0/0  min=0  n=0
    REENT_SEAT       23/33800  min=20  n=520039
    KTIME_REARM      30/14940  min=20  n=520039
    ARCH_SWITCH      4277/81348060  min=2100  n=520013
  ns-probe: cyc=4294967295 ns=2132947886 capped=0
  sat-probe: width=64 fits+1/0 wide+0/1 max=1000

  throughput: 1536935 ctx-sw/s  (650 ns/sw avg over 40000 switches / 26 ms)
  switch-probe: fastpath-swaps=0  (swapped inside the trap, so not in the switch row)
  swb-clock: 2000000 cycles in 779040 ticks
  swb-exact: p1=240 p50=240 p99=260 mean10=2496 n=40002
  switch:    240/256/23200 cyc  119/127/11521 ns  (p50/p99/max, n=40002)
  lock-hold: 208/768/28620 cyc  103/381/14213 ns  (p50/p99/max, n=80363)
  lock-site: core=0 site=0x40b5a5 max=28620
  irq-probe: line=6 raise=inject on=0 raised=100 hcore=none foreign=0 win=0
  irq:       0/0/0 cyc  0/0/0 ns  (p50/max/max, n=0)
  wcase-probe: line=6 raise=inject on=0 raised=100 hcore=none foreign=0 win=0
  wcase-irq[0B]:    0/0/0 cyc  0/0/0 ns  (p50/max/max, n=0)
  wcase-probe: line=6 raise=inject on=0 raised=100 hcore=none foreign=0 win=0
  wcase-irq[64B]:   0/0/0 cyc  0/0/0 ns  (p50/max/max, n=0)
  wcase-probe: line=6 raise=inject on=0 raised=100 hcore=none foreign=0 win=0
  wcase-irq[256B]:  0/0/0 cyc  0/0/0 ns  (p50/max/max, n=0)
  wcase-probe: line=6 raise=inject on=0 raised=100 hcore=none foreign=0 win=0
  wcase-irq[1024B]: 0/0/0 cyc  0/0/0 ns  (p50/max/max, n=0)
  e2e-settle: settled=2/2
  e2e-probe: line=7 closed=1000 dropped=0 tare=69/76 ns  (min/avg, n=64)
  e2e-passes: asked=1000 raised=1000
  e2e-local: 8192/9216/29619 ns  (p50/p99/max, n=1000)
  throughput: 1539420 ctx-sw/s  (649 ns/sw avg over 40000 switches / 25 ms)
  switch-probe: fastpath-swaps=0  (swapped inside the trap, so not in the switch row)
  swb-clock: 2000000 cycles in 778760 ticks
  swb-exact: p1=240 p50=240 p99=260 mean10=2488 n=40002
  switch:    240/256/580 cyc  119/127/288 ns  (p50/p99/max, n=40002)
  lock-hold: 208/768/30720 cyc  103/381/15256 ns  (p50/p99/max, n=80362)
  lock-site: core=0 site=0x40b5a5 max=30720
  irq-probe: line=6 raise=inject on=0 raised=100 hcore=none foreign=0 win=0
  irq:       0/0/0 cyc  0/0/0 ns  (p50/max/max, n=0)
  wcase-probe: line=6 raise=inject on=0 raised=100 hcore=none foreign=0 win=0
  wcase-irq[0B]:    0/0/0 cyc  0/0/0 ns  (p50/max/max, n=0)
  wcase-probe: line=6 raise=inject on=0 raised=100 hcore=none foreign=0 win=0
  wcase-irq[64B]:   0/0/0 cyc  0/0/0 ns  (p50/max/max, n=0)
  wcase-probe: line=6 raise=inject on=0 raised=100 hcore=none foreign=0 win=0
  wcase-irq[256B]:  0/0/0 cyc  0/0/0 ns  (p50/max/max, n=0)
  wcase-probe: line=6 raise=inject on=0 raised=100 hcore=none foreign=0 win=0
  wcase-irq[1024B]: 0/0/0 cyc  0/0/0 ns  (p50/max/max, n=0)
  e2e-settle: settled=2/2
  e2e-probe: line=7 closed=1000 dropped=0 tare=69/76 ns  (min/avg, n=64)
  e2e-passes: asked=1000 raised=1000
  e2e-local: 8192/9216/25715 ns  (p50/p99/max, n=1000)
  throughput: 1443021 ctx-sw/s  (692 ns/sw avg over 40000 switches / 27 ms)
  switch-probe: fastpath-swaps=0  (swapped inside the trap, so not in the switch row)
  swb-clock: 2000000 cycles in 776360 ticks
  swb-exact: p1=240 p50=240 p99=760 mean10=2649 n=40002
  switch:    240/704/13240 cyc  119/349/6575 ns  (p50/p99/max, n=40002)
  lock-hold: 640/2304/33680 cyc  317/1144/16726 ns  (p50/p99/max, n=80365)
  lock-site: core=0 site=0x40b5a5 max=33680
  irq-probe: line=6 raise=inject on=0 raised=100 hcore=none foreign=0 win=0
  irq:       0/0/0 cyc  0/0/0 ns  (p50/max/max, n=0)
  wcase-probe: line=6 raise=inject on=0 raised=100 hcore=none foreign=0 win=0
  wcase-irq[0B]:    0/0/0 cyc  0/0/0 ns  (p50/max/max, n=0)
  wcase-probe: line=6 raise=inject on=0 raised=100 hcore=none foreign=0 win=0
  wcase-irq[64B]:   0/0/0 cyc  0/0/0 ns  (p50/max/max, n=0)
  wcase-probe: line=6 raise=inject on=0 raised=100 hcore=none foreign=0 win=0
  wcase-irq[256B]:  0/0/0 cyc  0/0/0 ns  (p50/max/max, n=0)
  wcase-probe: line=6 raise=inject on=0 raised=100 hcore=none foreign=0 win=0
  wcase-irq[1024B]: 0/0/0 cyc  0/0/0 ns  (p50/max/max, n=0)
  e2e-settle: settled=2/2
  e2e-probe: line=7 closed=1000 dropped=0 tare=69/76 ns  (min/avg, n=64)
  e2e-passes: asked=1000 raised=1000
  e2e-local: 8192/8192/18564 ns  (p50/p99/max, n=1000)
  swb-clock: 2000000 cycles in 778600 ticks
  swb-exact: p1=240 p50=240 p99=260 mean10=2449 n=40002
  switch-vec: 240/256/9780 cyc  119/127/4856 ns  (p50/p99/max, n=40002)
  xtask ping-pong: 856 ns/switch  (40000 switches / 34 ms)
  xtask call/reply: 16 B  2364 ns/round-trip  (422929 round-trips/s over 20000 calls / 47 ms)
  spawn/exit: thread 15803 ns  (200 reps / 3 ms)
  spawn/exit: task 35593 ns  (200 reps / 7 ms)
bench: done

KICKOS-EXIT status 0
?[2J?[001;001H?[=3h?[2J?[001;001H?[2J?[001;001H?[8;042;160t?[2J?[001;001H?[2J?[001;001H?[8;056;240t?[2J?[001;001HBdsDxe: loading Boot0002 "UEFI QEMU HARDDISK QM00001 " from PciRoot(0x0)/Pci(0x1F,0x2)/Sata(0x0,0xFFFF,0x0)
BdsDxe: starting Boot0002 "UEFI QEMU HARDDISK QM00001 " from PciRoot(0x0)/Pci(0x1F,0x2)/Sata(0x0,0xFFFF,0x0)

KICKOS-X1 8c41d7a2 x86_64/q35 uefi-handover entry
KICKOS-X1 8c41d7a2 x86_64/q35 uefi-handover handover if=1 paging=1 longmode=1 root=1 wp=1 nx=1 nxcap=1
KICKOS-X1 8c41d7a2 x86_64/q35 uefi-handover if_after_cli=0
KICKOS-X1 8c41d7a2 x86_64/q35 uefi-handover firmware=Debian distribution of EDK II
KICKOS-X1 8c41d7a2 x86_64/q35 uefi-handover revision=0x0000000000020046
KICKOS-X1 8c41d7a2 x86_64/q35 uefi-handover map descriptors=113 stride=48 version=1 conventional_pages=118377 arena=0x0000000001800000 arena_pages=108270
KICKOS-X1 8c41d7a2 x86_64/q35 uefi-handover fp found em=0 ts=0 mp=1 osfxsr=1 osxmmexcpt=1 osxsave=0
KICKOS-X1 8c41d7a2 x86_64/q35 uefi-handover fp enabled em=0 ts=0 mp=1 ne=1 osfxsr=1 osxmmexcpt=1 osxsave=1 xcr0=7 xsave=832
KICKOS-X1 8c41d7a2 x86_64/q35 uefi-handover boot services left
KICKOS-X1 8c41d7a2 x86_64/q35 uefi-handover if_after_exit=0
x86_64 app relocation: base=0x0000000000400000 load_delta=0x0000000000000000 app_words=266

  ==============================================
   KickOS 0.5.1  -  microkernel RTOS
  ==============================================
   board   qemu-x86_64
   arch    x86_64
   cpu     x86-64-v3
   mpu     off
   sched   tickless
   build   2026-10-02 01:46:12 +0200
   app     Oct  2 2026 01:46:14 +0200
   commit  nogit
   heap    16 KiB available
   kstack  4096 B x 33 = 135168 B

microbenchmark: context-switch throughput (all arches) + per-switch cost
+ IRQ-entry latency where a cycle counter exists. Reporter woken by the
workload, not a timer. Telemetry OFF for clean numbers.
cycle counter: 2013629739 Hz (0 = no rate converts a reading; cycles only)

  lock-probe: hold+1 core=0 depth=0  (three nested, one outermost)
  call/reply: 8 B  1900 ns/round-trip  (526166 round-trips/s over 20000 calls / 38 ms)
  call/reply: 16 B  1901 ns/round-trip  (525799 round-trips/s over 20000 calls / 38 ms)
  call/reply: 32 B  1903 ns/round-trip  (525482 round-trips/s over 20000 calls / 38 ms)
  call/reply: 64 B  1898 ns/round-trip  (526777 round-trips/s over 20000 calls / 37 ms)
  call/reply: 128 B  1951 ns/round-trip  (512359 round-trips/s over 20000 calls / 39 ms)
  call/reply: 256 B  1935 ns/round-trip  (516596 round-trips/s over 20000 calls / 38 ms)
  call/reply: 8 B  1897 ns/round-trip  (526942 round-trips/s over 20000 calls / 37 ms) [generic path]
  call/reply: 16 B  1897 ns/round-trip  (527043 round-trips/s over 20000 calls / 37 ms) [generic path]
  call/reply: 32 B  1909 ns/round-trip  (523783 round-trips/s over 20000 calls / 38 ms) [generic path]
  call/reply: 64 B  1900 ns/round-trip  (526124 round-trips/s over 20000 calls / 38 ms) [generic path]
  call/reply: 128 B  1902 ns/round-trip  (525596 round-trips/s over 20000 calls / 38 ms) [generic path]
  call/reply: 256 B  1905 ns/round-trip  (524782 round-trips/s over 20000 calls / 38 ms) [generic path]
  call/reply: 32 B  1938 ns/round-trip  (515863 round-trips/s over 20000 calls / 38 ms) [caller outranks server, D1 donates]
  phase table (44 rows; cyc avg/max, min last and a floor; leaf -= NULL, composite -= NULL + k*(NEST-NULL)):
    NULL             24/140  min=20  n=260000
    NEST             74/10300  min=60  n=260000
    NEST_LOCK        54/380  min=40  n=260000
    CALL_TOTAL       3588/254220  min=3520  n=259999
    CALL_VALIDATE    29/16120  min=20  n=260000
    CALL_LOCKED      3460/254040  min=3380  n=259999
    CALL_RESOLVE     38/15480  min=20  n=260000
    CALL_PEEK        25/14020  min=20  n=260000
    CALL_PROBE       23/39300  min=20  n=259999
    CALL_POP         26/380  min=20  n=259999
    CALL_COPY        92/19720  min=80  n=259999
    CALL_MINT        169/19480  min=160  n=259999
    CALL_MINT_CAP    41/15200  min=40  n=259999
    CALL_MINT_INFO   53/19000  min=40  n=259999
    CALL_DONATE      23/360  min=20  n=19999
    CALL_PARK        38/720  min=20  n=259999
    CALL_WAKE        2629/253220  min=2560  n=259999
    CALL_RESUME      25/5000  min=20  n=260000
    CALL_SLOW_TOTAL  6400/6400  min=6400  n=1
    CALL_SLOW_LOCKED 6160/6160  min=6160  n=1
    CALL_SLOW_DONATE 0/0  min=0  n=0
    CALL_SLOW_PARK   5660/5660  min=5660  n=1
    RECV_LOCKED      3000/386500  min=2940  n=259999
    RECV_RESOLVE     46/21520  min=40  n=260000
    RECV_SCAN        23/360  min=20  n=259999
    RECV_PARK        2827/386320  min=2760  n=259999
    REPLY_TOTAL      252678/3275700  min=720  n=13
    REPLY_VALIDATE   120/140  min=100  n=13
    REPLY_LOCKED     379/47160  min=340  n=260000
    REPLY_LOOKUP     34/20800  min=20  n=260000
    REPLY_COPY       97/44360  min=60  n=260000
    REPLY_FUNNEL     27/500  min=20  n=260000
    REPLY_WAKE       92/15080  min=80  n=260000
    REPLY_RECV_TOTAL 3532/387100  min=1640  n=260000
    REPLY_RECV_TAIL  89/14180  min=80  n=259999
    WAKE_UNPARK      41/14940  min=40  n=520012
    PICK_NEXT        42/8060  min=40  n=520064
    SWITCH_TO        4558/81348960  min=2380  n=520013
    SWITCH_BOOK      42/15740  min=40  n=520039
    MPU_APPLY        27/14360  min=20  n=520039
    MPU_COMMIT       0/0  min=0  n=0
    REENT_SEAT       23/33800  min=20  n=520039
    KTIME_REARM      30/14940  min=20  n=520039
    ARCH_SWITCH      4277/81348060  min=2100  n=520013
  ns-probe: cyc=4294967295 ns=2132947886 capped=0
  sat-probe: width=64 fits+1/0 wide+0/1 max=1000

  throughput: 1536935 ctx-sw/s  (650 ns/sw avg over 40000 switches / 26 ms)
  switch-probe: fastpath-swaps=0  (swapped inside the trap, so not in the switch row)
  swb-clock: 2000000 cycles in 779040 ticks
  swb-exact: p1=240 p50=240 p99=260 mean10=2496 n=40002
  switch:    240/256/23200 cyc  119/127/11521 ns  (p50/p99/max, n=40002)
  lock-hold: 208/768/28620 cyc  103/381/14213 ns  (p50/p99/max, n=80363)
  lock-site: core=0 site=0x40b5a5 max=28620
  irq-probe: line=6 raise=inject on=0 raised=100 hcore=none foreign=0 win=0
  irq:       0/0/0 cyc  0/0/0 ns  (p50/max/max, n=0)
  wcase-probe: line=6 raise=inject on=0 raised=100 hcore=none foreign=0 win=0
  wcase-irq[0B]:    0/0/0 cyc  0/0/0 ns  (p50/max/max, n=0)
  wcase-probe: line=6 raise=inject on=0 raised=100 hcore=none foreign=0 win=0
  wcase-irq[64B]:   0/0/0 cyc  0/0/0 ns  (p50/max/max, n=0)
  wcase-probe: line=6 raise=inject on=0 raised=100 hcore=none foreign=0 win=0
  wcase-irq[256B]:  0/0/0 cyc  0/0/0 ns  (p50/max/max, n=0)
  wcase-probe: line=6 raise=inject on=0 raised=100 hcore=none foreign=0 win=0
  wcase-irq[1024B]: 0/0/0 cyc  0/0/0 ns  (p50/max/max, n=0)
  e2e-settle: settled=2/2
  e2e-probe: line=7 closed=1000 dropped=0 tare=69/76 ns  (min/avg, n=64)
  e2e-passes: asked=1000 raised=1000
  e2e-local: 8192/9216/29619 ns  (p50/p99/max, n=1000)
  throughput: 1539420 ctx-sw/s  (649 ns/sw avg over 40000 switches / 25 ms)
  switch-probe: fastpath-swaps=0  (swapped inside the trap, so not in the switch row)
  swb-clock: 2000000 cycles in 778760 ticks
  swb-exact: p1=240 p50=240 p99=260 mean10=2488 n=40002
  switch:    240/256/580 cyc  119/127/288 ns  (p50/p99/max, n=40002)
  lock-hold: 208/768/30720 cyc  103/381/15256 ns  (p50/p99/max, n=80362)
  lock-site: core=0 site=0x40b5a5 max=30720
  irq-probe: line=6 raise=inject on=0 raised=100 hcore=none foreign=0 win=0
  irq:       0/0/0 cyc  0/0/0 ns  (p50/max/max, n=0)
  wcase-probe: line=6 raise=inject on=0 raised=100 hcore=none foreign=0 win=0
  wcase-irq[0B]:    0/0/0 cyc  0/0/0 ns  (p50/max/max, n=0)
  wcase-probe: line=6 raise=inject on=0 raised=100 hcore=none foreign=0 win=0
  wcase-irq[64B]:   0/0/0 cyc  0/0/0 ns  (p50/max/max, n=0)
  wcase-probe: line=6 raise=inject on=0 raised=100 hcore=none foreign=0 win=0
  wcase-irq[256B]:  0/0/0 cyc  0/0/0 ns  (p50/max/max, n=0)
  wcase-probe: line=6 raise=inject on=0 raised=100 hcore=none foreign=0 win=0
  wcase-irq[1024B]: 0/0/0 cyc  0/0/0 ns  (p50/max/max, n=0)
  e2e-settle: settled=2/2
  e2e-probe: line=7 closed=1000 dropped=0 tare=69/76 ns  (min/avg, n=64)
  e2e-passes: asked=1000 raised=1000
  e2e-local: 8192/9216/25715 ns  (p50/p99/max, n=1000)
  throughput: 1443021 ctx-sw/s  (692 ns/sw avg over 40000 switches / 27 ms)
  switch-probe: fastpath-swaps=0  (swapped inside the trap, so not in the switch row)
  swb-clock: 2000000 cycles in 776360 ticks
  swb-exact: p1=240 p50=240 p99=760 mean10=2649 n=40002
  switch:    240/704/13240 cyc  119/349/6575 ns  (p50/p99/max, n=40002)
  lock-hold: 640/2304/33680 cyc  317/1144/16726 ns  (p50/p99/max, n=80365)
  lock-site: core=0 site=0x40b5a5 max=33680
  irq-probe: line=6 raise=inject on=0 raised=100 hcore=none foreign=0 win=0
  irq:       0/0/0 cyc  0/0/0 ns  (p50/max/max, n=0)
  wcase-probe: line=6 raise=inject on=0 raised=100 hcore=none foreign=0 win=0
  wcase-irq[0B]:    0/0/0 cyc  0/0/0 ns  (p50/max/max, n=0)
  wcase-probe: line=6 raise=inject on=0 raised=100 hcore=none foreign=0 win=0
  wcase-irq[64B]:   0/0/0 cyc  0/0/0 ns  (p50/max/max, n=0)
  wcase-probe: line=6 raise=inject on=0 raised=100 hcore=none foreign=0 win=0
  wcase-irq[256B]:  0/0/0 cyc  0/0/0 ns  (p50/max/max, n=0)
  wcase-probe: line=6 raise=inject on=0 raised=100 hcore=none foreign=0 win=0
  wcase-irq[1024B]: 0/0/0 cyc  0/0/0 ns  (p50/max/max, n=0)
  e2e-settle: settled=2/2
  e2e-probe: line=7 closed=1000 dropped=0 tare=69/76 ns  (min/avg, n=64)
  e2e-passes: asked=1000 raised=1000
  e2e-local: 8192/8192/18564 ns  (p50/p99/max, n=1000)
  swb-clock: 2000000 cycles in 778600 ticks
  swb-exact: p1=240 p50=240 p99=260 mean10=2449 n=40002
  switch-vec: 240/256/9780 cyc  119/127/4856 ns  (p50/p99/max, n=40002)
  xtask ping-pong: 856 ns/switch  (40000 switches / 34 ms)
  xtask call/reply: 16 B  2364 ns/round-trip  (422929 round-trips/s over 20000 calls / 47 ms)
  spawn/exit: thread 15803 ns  (200 reps / 3 ms)
  spawn/exit: task 35593 ns  (200 reps / 7 ms)
bench: done

KICKOS-EXIT status 0
