?[2J?[001;001H?[=3h?[2J?[001;001H?[2J?[001;001H?[8;042;160t?[2J?[001;001H?[2J?[001;001H?[8;056;240t?[2J?[001;001HBdsDxe: loading Boot0002 "UEFI QEMU HARDDISK QM00001 " from PciRoot(0x0)/Pci(0x1F,0x2)/Sata(0x0,0xFFFF,0x0)
BdsDxe: starting Boot0002 "UEFI QEMU HARDDISK QM00001 " from PciRoot(0x0)/Pci(0x1F,0x2)/Sata(0x0,0xFFFF,0x0)

KICKOS-X1 8c41d7a2 x86_64/q35 uefi-handover entry
KICKOS-X1 8c41d7a2 x86_64/q35 uefi-handover handover if=1 paging=1 longmode=1 root=1 wp=1 nx=1 nxcap=1
KICKOS-X1 8c41d7a2 x86_64/q35 uefi-handover if_after_cli=0
KICKOS-X1 8c41d7a2 x86_64/q35 uefi-handover firmware=Debian distribution of EDK II
KICKOS-X1 8c41d7a2 x86_64/q35 uefi-handover revision=0x0000000000020046
KICKOS-X1 8c41d7a2 x86_64/q35 uefi-handover map descriptors=113 stride=48 version=1 conventional_pages=118377 arena=0x0000000001800000 arena_pages=108270
KICKOS-X1 8c41d7a2 x86_64/q35 uefi-handover fp found em=0 ts=0 mp=1 osfxsr=1 osxmmexcpt=1 osxsave=0
KICKOS-X1 8c41d7a2 x86_64/q35 uefi-handover fp enabled em=0 ts=0 mp=1 ne=1 osfxsr=1 osxmmexcpt=1 osxsave=1 xcr0=7 xsave=832
KICKOS-X1 8c41d7a2 x86_64/q35 uefi-handover boot services left
KICKOS-X1 8c41d7a2 x86_64/q35 uefi-handover if_after_exit=0
x86_64 app relocation: base=0x0000000000400000 load_delta=0x0000000000000000 app_words=266

  ==============================================
   KickOS 0.5.1  -  microkernel RTOS
  ==============================================
   board   qemu-x86_64
   arch    x86_64
   cpu     x86-64-v3
   mpu     off
   sched   tickless
   build   2026-10-02 01:46:12 +0200
   app     Oct  2 2026 01:46:14 +0200
   commit  nogit
   heap    16 KiB available
   kstack  4096 B x 33 = 135168 B

microbenchmark: context-switch throughput (all arches) + per-switch cost
+ IRQ-entry latency where a cycle counter exists. Reporter woken by the
workload, not a timer. Telemetry OFF for clean numbers.
cycle counter: 2012912948 Hz (0 = no rate converts a reading; cycles only)

  lock-probe: hold+1 core=0 depth=0  (three nested, one outermost)
  call/reply: 8 B  1893 ns/round-trip  (528133 round-trips/s over 20000 calls / 37 ms)
  call/reply: 16 B  1894 ns/round-trip  (527971 round-trips/s over 20000 calls / 37 ms)
  call/reply: 32 B  1897 ns/round-trip  (527045 round-trips/s over 20000 calls / 37 ms)
  call/reply: 64 B  1894 ns/round-trip  (527854 round-trips/s over 20000 calls / 37 ms)
  call/reply: 128 B  1896 ns/round-trip  (527252 round-trips/s over 20000 calls / 37 ms)
  call/reply: 256 B  1897 ns/round-trip  (527111 round-trips/s over 20000 calls / 37 ms)
  call/reply: 8 B  1893 ns/round-trip  (528039 round-trips/s over 20000 calls / 37 ms) [generic path]
  call/reply: 16 B  1896 ns/round-trip  (527329 round-trips/s over 20000 calls / 37 ms) [generic path]
  call/reply: 32 B  1922 ns/round-trip  (520186 round-trips/s over 20000 calls / 38 ms) [generic path]
  call/reply: 64 B  1895 ns/round-trip  (527494 round-trips/s over 20000 calls / 37 ms) [generic path]
  call/reply: 128 B  1895 ns/round-trip  (527502 round-trips/s over 20000 calls / 37 ms) [generic path]
  call/reply: 256 B  1898 ns/round-trip  (526739 round-trips/s over 20000 calls / 37 ms) [generic path]
  call/reply: 32 B  1934 ns/round-trip  (516924 round-trips/s over 20000 calls / 38 ms) [caller outranks server, D1 donates]
  phase table (44 rows; cyc avg/max, min last and a floor; leaf -= NULL, composite -= NULL + k*(NEST-NULL)):
    NULL             24/18440  min=20  n=260000
    NEST             74/18520  min=60  n=260000
    NEST_LOCK        55/12640  min=40  n=260000
    CALL_TOTAL       3569/102960  min=3500  n=259999
    CALL_VALIDATE    28/15400  min=20  n=260000
    CALL_LOCKED      3442/102680  min=3360  n=259999
    CALL_RESOLVE     38/12660  min=20  n=260000
    CALL_PEEK        25/360  min=20  n=260000
    CALL_PROBE       22/360  min=20  n=259999
    CALL_POP         26/240  min=20  n=259999
    CALL_COPY        89/18600  min=60  n=259999
    CALL_MINT        168/18160  min=160  n=259999
    CALL_MINT_CAP    41/15440  min=40  n=259999
    CALL_MINT_INFO   54/18020  min=40  n=259999
    CALL_DONATE      23/60  min=20  n=19999
    CALL_PARK        38/500  min=20  n=259999
    CALL_WAKE        2614/42020  min=2560  n=259999
    CALL_RESUME      24/360  min=20  n=260000
    CALL_SLOW_TOTAL  5960/5960  min=5960  n=1
    CALL_SLOW_LOCKED 5700/5700  min=5700  n=1
    CALL_SLOW_DONATE 0/0  min=0  n=0
    CALL_SLOW_PARK   5220/5220  min=5220  n=1
    RECV_LOCKED      2983/88320  min=2920  n=259999
    RECV_RESOLVE     46/15440  min=40  n=260000
    RECV_SCAN        23/17760  min=20  n=259999
    RECV_PARK        2810/88020  min=2760  n=259999
    REPLY_TOTAL      246463/3194960  min=720  n=13
    REPLY_VALIDATE   115/140  min=100  n=13
    REPLY_LOCKED     376/18880  min=340  n=260000
    REPLY_LOOKUP     31/5400  min=20  n=260000
    REPLY_COPY       95/17520  min=60  n=260000
    REPLY_FUNNEL     28/360  min=20  n=260000
    REPLY_WAKE       92/18600  min=80  n=260000
    REPLY_RECV_TOTAL 3510/88980  min=1640  n=260000
    REPLY_RECV_TAIL  87/15220  min=80  n=259999
    WAKE_UNPARK      41/18960  min=40  n=520012
    PICK_NEXT        41/19080  min=40  n=520064
    SWITCH_TO        4534/81080360  min=2360  n=520013
    SWITCH_BOOK      41/16060  min=20  n=520039
    MPU_APPLY        27/21980  min=20  n=520039
    MPU_COMMIT       0/0  min=0  n=0
    REENT_SEAT       23/18720  min=20  n=520039
    KTIME_REARM      32/16160  min=20  n=520039
    ARCH_SWITCH      4257/81079460  min=2080  n=520013
  ns-probe: cyc=4294967295 ns=2133707421 capped=0
  sat-probe: width=64 fits+1/0 wide+0/1 max=1000

  throughput: 1543890 ctx-sw/s  (647 ns/sw avg over 40000 switches / 25 ms)
  switch-probe: fastpath-swaps=0  (swapped inside the trap, so not in the switch row)
  swb-clock: 2000000 cycles in 776400 ticks
  swb-exact: p1=240 p50=240 p99=260 mean10=2476 n=40002
  switch:    240/256/19640 cyc  119/127/9757 ns  (p50/p99/max, n=40002)
  lock-hold: 208/768/33480 cyc  103/381/16632 ns  (p50/p99/max, n=80362)
  lock-site: core=0 site=0x419048 max=33480
  irq-probe: line=6 raise=inject on=0 raised=100 hcore=none foreign=0 win=0
  irq:       0/0/0 cyc  0/0/0 ns  (p50/max/max, n=0)
  wcase-probe: line=6 raise=inject on=0 raised=100 hcore=none foreign=0 win=0
  wcase-irq[0B]:    0/0/0 cyc  0/0/0 ns  (p50/max/max, n=0)
  wcase-probe: line=6 raise=inject on=0 raised=100 hcore=none foreign=0 win=0
  wcase-irq[64B]:   0/0/0 cyc  0/0/0 ns  (p50/max/max, n=0)
  wcase-probe: line=6 raise=inject on=0 raised=100 hcore=none foreign=0 win=0
  wcase-irq[256B]:  0/0/0 cyc  0/0/0 ns  (p50/max/max, n=0)
  wcase-probe: line=6 raise=inject on=0 raised=100 hcore=none foreign=0 win=0
  wcase-irq[1024B]: 0/0/0 cyc  0/0/0 ns  (p50/max/max, n=0)
  e2e-settle: settled=2/2
  e2e-probe: line=7 closed=1000 dropped=0 tare=69/72 ns  (min/avg, n=64)
  e2e-passes: asked=1000 raised=1000
  e2e-local: 7680/9216/18829 ns  (p50/p99/max, n=1000)
  throughput: 1505526 ctx-sw/s  (664 ns/sw avg over 40000 switches / 26 ms)
  switch-probe: fastpath-swaps=0  (swapped inside the trap, so not in the switch row)
  swb-clock: 2000000 cycles in 776380 ticks
  swb-exact: p1=240 p50=240 p99=740 mean10=2542 n=40002
  switch:    240/704/11620 cyc  119/349/5772 ns  (p50/p99/max, n=40002)
  lock-hold: 576/768/94180 cyc  286/381/46787 ns  (p50/p99/max, n=80365)
  lock-site: core=0 site=0x40b5a5 max=94180
  irq-probe: line=6 raise=inject on=0 raised=100 hcore=none foreign=0 win=0
  irq:       0/0/0 cyc  0/0/0 ns  (p50/max/max, n=0)
  wcase-probe: line=6 raise=inject on=0 raised=100 hcore=none foreign=0 win=0
  wcase-irq[0B]:    0/0/0 cyc  0/0/0 ns  (p50/max/max, n=0)
  wcase-probe: line=6 raise=inject on=0 raised=100 hcore=none foreign=0 win=0
  wcase-irq[64B]:   0/0/0 cyc  0/0/0 ns  (p50/max/max, n=0)
  wcase-probe: line=6 raise=inject on=0 raised=100 hcore=none foreign=0 win=0
  wcase-irq[256B]:  0/0/0 cyc  0/0/0 ns  (p50/max/max, n=0)
  wcase-probe: line=6 raise=inject on=0 raised=100 hcore=none foreign=0 win=0
  wcase-irq[1024B]: 0/0/0 cyc  0/0/0 ns  (p50/max/max, n=0)
  e2e-settle: settled=2/2
  e2e-probe: line=7 closed=1000 dropped=0 tare=69/72 ns  (min/avg, n=64)
  e2e-passes: asked=1000 raised=1000
  e2e-local: 7680/8192/18132 ns  (p50/p99/max, n=1000)
  throughput: 1543881 ctx-sw/s  (647 ns/sw avg over 40000 switches / 25 ms)
  switch-probe: fastpath-swaps=0  (swapped inside the trap, so not in the switch row)
  swb-clock: 2000000 cycles in 776360 ticks
  swb-exact: p1=240 p50=240 p99=260 mean10=2486 n=40002
  switch:    240/256/13160 cyc  119/127/6537 ns  (p50/p99/max, n=40002)
  lock-hold: 208/768/26900 cyc  103/381/13363 ns  (p50/p99/max, n=80365)
  lock-site: core=0 site=0x40b5a5 max=26900
  irq-probe: line=6 raise=inject on=0 raised=100 hcore=none foreign=0 win=0
  irq:       0/0/0 cyc  0/0/0 ns  (p50/max/max, n=0)
  wcase-probe: line=6 raise=inject on=0 raised=100 hcore=none foreign=0 win=0
  wcase-irq[0B]:    0/0/0 cyc  0/0/0 ns  (p50/max/max, n=0)
  wcase-probe: line=6 raise=inject on=0 raised=100 hcore=none foreign=0 win=0
  wcase-irq[64B]:   0/0/0 cyc  0/0/0 ns  (p50/max/max, n=0)
  wcase-probe: line=6 raise=inject on=0 raised=100 hcore=none foreign=0 win=0
  wcase-irq[256B]:  0/0/0 cyc  0/0/0 ns  (p50/max/max, n=0)
  wcase-probe: line=6 raise=inject on=0 raised=100 hcore=none foreign=0 win=0
  wcase-irq[1024B]: 0/0/0 cyc  0/0/0 ns  (p50/max/max, n=0)
  e2e-settle: settled=2/2
  e2e-probe: line=7 closed=1000 dropped=0 tare=69/72 ns  (min/avg, n=64)
  e2e-passes: asked=1000 raised=1000
  e2e-local: 7680/9216/18610 ns  (p50/p99/max, n=1000)
  swb-clock: 2000000 cycles in 776260 ticks
  swb-exact: p1=240 p50=240 p99=260 mean10=2460 n=40002
  switch-vec: 240/256/15980 cyc  119/127/7938 ns  (p50/p99/max, n=40002)
  xtask ping-pong: 885 ns/switch  (40000 switches / 35 ms)
  xtask call/reply: 16 B  2421 ns/round-trip  (413002 round-trips/s over 20000 calls / 48 ms)
  spawn/exit: thread 15636 ns  (200 reps / 3 ms)
  spawn/exit: task 35165 ns  (200 reps / 7 ms)
bench: done

KICKOS-EXIT status 0
?[2J?[001;001H?[=3h?[2J?[001;001H?[2J?[001;001H?[8;042;160t?[2J?[001;001H?[2J?[001;001H?[8;056;240t?[2J?[001;001HBdsDxe: loading Boot0002 "UEFI QEMU HARDDISK QM00001 " from PciRoot(0x0)/Pci(0x1F,0x2)/Sata(0x0,0xFFFF,0x0)
BdsDxe: starting Boot0002 "UEFI QEMU HARDDISK QM00001 " from PciRoot(0x0)/Pci(0x1F,0x2)/Sata(0x0,0xFFFF,0x0)

KICKOS-X1 8c41d7a2 x86_64/q35 uefi-handover entry
KICKOS-X1 8c41d7a2 x86_64/q35 uefi-handover handover if=1 paging=1 longmode=1 root=1 wp=1 nx=1 nxcap=1
KICKOS-X1 8c41d7a2 x86_64/q35 uefi-handover if_after_cli=0
KICKOS-X1 8c41d7a2 x86_64/q35 uefi-handover firmware=Debian distribution of EDK II
KICKOS-X1 8c41d7a2 x86_64/q35 uefi-handover revision=0x0000000000020046
KICKOS-X1 8c41d7a2 x86_64/q35 uefi-handover map descriptors=113 stride=48 version=1 conventional_pages=118377 arena=0x0000000001800000 arena_pages=108270
KICKOS-X1 8c41d7a2 x86_64/q35 uefi-handover fp found em=0 ts=0 mp=1 osfxsr=1 osxmmexcpt=1 osxsave=0
KICKOS-X1 8c41d7a2 x86_64/q35 uefi-handover fp enabled em=0 ts=0 mp=1 ne=1 osfxsr=1 osxmmexcpt=1 osxsave=1 xcr0=7 xsave=832
KICKOS-X1 8c41d7a2 x86_64/q35 uefi-handover boot services left
KICKOS-X1 8c41d7a2 x86_64/q35 uefi-handover if_after_exit=0
x86_64 app relocation: base=0x0000000000400000 load_delta=0x0000000000000000 app_words=266

  ==============================================
   KickOS 0.5.1  -  microkernel RTOS
  ==============================================
   board   qemu-x86_64
   arch    x86_64
   cpu     x86-64-v3
   mpu     off
   sched   tickless
   build   2026-10-02 01:46:12 +0200
   app     Oct  2 2026 01:46:14 +0200
   commit  nogit
   heap    16 KiB available
   kstack  4096 B x 33 = 135168 B

microbenchmark: context-switch throughput (all arches) + per-switch cost
+ IRQ-entry latency where a cycle counter exists. Reporter woken by the
workload, not a timer. Telemetry OFF for clean numbers.
cycle counter: 2012912948 Hz (0 = no rate converts a reading; cycles only)

  lock-probe: hold+1 core=0 depth=0  (three nested, one outermost)
  call/reply: 8 B  1893 ns/round-trip  (528133 round-trips/s over 20000 calls / 37 ms)
  call/reply: 16 B  1894 ns/round-trip  (527971 round-trips/s over 20000 calls / 37 ms)
  call/reply: 32 B  1897 ns/round-trip  (527045 round-trips/s over 20000 calls / 37 ms)
  call/reply: 64 B  1894 ns/round-trip  (527854 round-trips/s over 20000 calls / 37 ms)
  call/reply: 128 B  1896 ns/round-trip  (527252 round-trips/s over 20000 calls / 37 ms)
  call/reply: 256 B  1897 ns/round-trip  (527111 round-trips/s over 20000 calls / 37 ms)
  call/reply: 8 B  1893 ns/round-trip  (528039 round-trips/s over 20000 calls / 37 ms) [generic path]
  call/reply: 16 B  1896 ns/round-trip  (527329 round-trips/s over 20000 calls / 37 ms) [generic path]
  call/reply: 32 B  1922 ns/round-trip  (520186 round-trips/s over 20000 calls / 38 ms) [generic path]
  call/reply: 64 B  1895 ns/round-trip  (527494 round-trips/s over 20000 calls / 37 ms) [generic path]
  call/reply: 128 B  1895 ns/round-trip  (527502 round-trips/s over 20000 calls / 37 ms) [generic path]
  call/reply: 256 B  1898 ns/round-trip  (526739 round-trips/s over 20000 calls / 37 ms) [generic path]
  call/reply: 32 B  1934 ns/round-trip  (516924 round-trips/s over 20000 calls / 38 ms) [caller outranks server, D1 donates]
  phase table (44 rows; cyc avg/max, min last and a floor; leaf -= NULL, composite -= NULL + k*(NEST-NULL)):
    NULL             24/18440  min=20  n=260000
    NEST             74/18520  min=60  n=260000
    NEST_LOCK        55/12640  min=40  n=260000
    CALL_TOTAL       3569/102960  min=3500  n=259999
    CALL_VALIDATE    28/15400  min=20  n=260000
    CALL_LOCKED      3442/102680  min=3360  n=259999
    CALL_RESOLVE     38/12660  min=20  n=260000
    CALL_PEEK        25/360  min=20  n=260000
    CALL_PROBE       22/360  min=20  n=259999
    CALL_POP         26/240  min=20  n=259999
    CALL_COPY        89/18600  min=60  n=259999
    CALL_MINT        168/18160  min=160  n=259999
    CALL_MINT_CAP    41/15440  min=40  n=259999
    CALL_MINT_INFO   54/18020  min=40  n=259999
    CALL_DONATE      23/60  min=20  n=19999
    CALL_PARK        38/500  min=20  n=259999
    CALL_WAKE        2614/42020  min=2560  n=259999
    CALL_RESUME      24/360  min=20  n=260000
    CALL_SLOW_TOTAL  5960/5960  min=5960  n=1
    CALL_SLOW_LOCKED 5700/5700  min=5700  n=1
    CALL_SLOW_DONATE 0/0  min=0  n=0
    CALL_SLOW_PARK   5220/5220  min=5220  n=1
    RECV_LOCKED      2983/88320  min=2920  n=259999
    RECV_RESOLVE     46/15440  min=40  n=260000
    RECV_SCAN        23/17760  min=20  n=259999
    RECV_PARK        2810/88020  min=2760  n=259999
    REPLY_TOTAL      246463/3194960  min=720  n=13
    REPLY_VALIDATE   115/140  min=100  n=13
    REPLY_LOCKED     376/18880  min=340  n=260000
    REPLY_LOOKUP     31/5400  min=20  n=260000
    REPLY_COPY       95/17520  min=60  n=260000
    REPLY_FUNNEL     28/360  min=20  n=260000
    REPLY_WAKE       92/18600  min=80  n=260000
    REPLY_RECV_TOTAL 3510/88980  min=1640  n=260000
    REPLY_RECV_TAIL  87/15220  min=80  n=259999
    WAKE_UNPARK      41/18960  min=40  n=520012
    PICK_NEXT        41/19080  min=40  n=520064
    SWITCH_TO        4534/81080360  min=2360  n=520013
    SWITCH_BOOK      41/16060  min=20  n=520039
    MPU_APPLY        27/21980  min=20  n=520039
    MPU_COMMIT       0/0  min=0  n=0
    REENT_SEAT       23/18720  min=20  n=520039
    KTIME_REARM      32/16160  min=20  n=520039
    ARCH_SWITCH      4257/81079460  min=2080  n=520013
  ns-probe: cyc=4294967295 ns=2133707421 capped=0
  sat-probe: width=64 fits+1/0 wide+0/1 max=1000

  throughput: 1543890 ctx-sw/s  (647 ns/sw avg over 40000 switches / 25 ms)
  switch-probe: fastpath-swaps=0  (swapped inside the trap, so not in the switch row)
  swb-clock: 2000000 cycles in 776400 ticks
  swb-exact: p1=240 p50=240 p99=260 mean10=2476 n=40002
  switch:    240/256/19640 cyc  119/127/9757 ns  (p50/p99/max, n=40002)
  lock-hold: 208/768/33480 cyc  103/381/16632 ns  (p50/p99/max, n=80362)
  lock-site: core=0 site=0x419048 max=33480
  irq-probe: line=6 raise=inject on=0 raised=100 hcore=none foreign=0 win=0
  irq:       0/0/0 cyc  0/0/0 ns  (p50/max/max, n=0)
  wcase-probe: line=6 raise=inject on=0 raised=100 hcore=none foreign=0 win=0
  wcase-irq[0B]:    0/0/0 cyc  0/0/0 ns  (p50/max/max, n=0)
  wcase-probe: line=6 raise=inject on=0 raised=100 hcore=none foreign=0 win=0
  wcase-irq[64B]:   0/0/0 cyc  0/0/0 ns  (p50/max/max, n=0)
  wcase-probe: line=6 raise=inject on=0 raised=100 hcore=none foreign=0 win=0
  wcase-irq[256B]:  0/0/0 cyc  0/0/0 ns  (p50/max/max, n=0)
  wcase-probe: line=6 raise=inject on=0 raised=100 hcore=none foreign=0 win=0
  wcase-irq[1024B]: 0/0/0 cyc  0/0/0 ns  (p50/max/max, n=0)
  e2e-settle: settled=2/2
  e2e-probe: line=7 closed=1000 dropped=0 tare=69/72 ns  (min/avg, n=64)
  e2e-passes: asked=1000 raised=1000
  e2e-local: 7680/9216/18829 ns  (p50/p99/max, n=1000)
  throughput: 1505526 ctx-sw/s  (664 ns/sw avg over 40000 switches / 26 ms)
  switch-probe: fastpath-swaps=0  (swapped inside the trap, so not in the switch row)
  swb-clock: 2000000 cycles in 776380 ticks
  swb-exact: p1=240 p50=240 p99=740 mean10=2542 n=40002
  switch:    240/704/11620 cyc  119/349/5772 ns  (p50/p99/max, n=40002)
  lock-hold: 576/768/94180 cyc  286/381/46787 ns  (p50/p99/max, n=80365)
  lock-site: core=0 site=0x40b5a5 max=94180
  irq-probe: line=6 raise=inject on=0 raised=100 hcore=none foreign=0 win=0
  irq:       0/0/0 cyc  0/0/0 ns  (p50/max/max, n=0)
  wcase-probe: line=6 raise=inject on=0 raised=100 hcore=none foreign=0 win=0
  wcase-irq[0B]:    0/0/0 cyc  0/0/0 ns  (p50/max/max, n=0)
  wcase-probe: line=6 raise=inject on=0 raised=100 hcore=none foreign=0 win=0
  wcase-irq[64B]:   0/0/0 cyc  0/0/0 ns  (p50/max/max, n=0)
  wcase-probe: line=6 raise=inject on=0 raised=100 hcore=none foreign=0 win=0
  wcase-irq[256B]:  0/0/0 cyc  0/0/0 ns  (p50/max/max, n=0)
  wcase-probe: line=6 raise=inject on=0 raised=100 hcore=none foreign=0 win=0
  wcase-irq[1024B]: 0/0/0 cyc  0/0/0 ns  (p50/max/max, n=0)
  e2e-settle: settled=2/2
  e2e-probe: line=7 closed=1000 dropped=0 tare=69/72 ns  (min/avg, n=64)
  e2e-passes: asked=1000 raised=1000
  e2e-local: 7680/8192/18132 ns  (p50/p99/max, n=1000)
  throughput: 1543881 ctx-sw/s  (647 ns/sw avg over 40000 switches / 25 ms)
  switch-probe: fastpath-swaps=0  (swapped inside the trap, so not in the switch row)
  swb-clock: 2000000 cycles in 776360 ticks
  swb-exact: p1=240 p50=240 p99=260 mean10=2486 n=40002
  switch:    240/256/13160 cyc  119/127/6537 ns  (p50/p99/max, n=40002)
  lock-hold: 208/768/26900 cyc  103/381/13363 ns  (p50/p99/max, n=80365)
  lock-site: core=0 site=0x40b5a5 max=26900
  irq-probe: line=6 raise=inject on=0 raised=100 hcore=none foreign=0 win=0
  irq:       0/0/0 cyc  0/0/0 ns  (p50/max/max, n=0)
  wcase-probe: line=6 raise=inject on=0 raised=100 hcore=none foreign=0 win=0
  wcase-irq[0B]:    0/0/0 cyc  0/0/0 ns  (p50/max/max, n=0)
  wcase-probe: line=6 raise=inject on=0 raised=100 hcore=none foreign=0 win=0
  wcase-irq[64B]:   0/0/0 cyc  0/0/0 ns  (p50/max/max, n=0)
  wcase-probe: line=6 raise=inject on=0 raised=100 hcore=none foreign=0 win=0
  wcase-irq[256B]:  0/0/0 cyc  0/0/0 ns  (p50/max/max, n=0)
  wcase-probe: line=6 raise=inject on=0 raised=100 hcore=none foreign=0 win=0
  wcase-irq[1024B]: 0/0/0 cyc  0/0/0 ns  (p50/max/max, n=0)
  e2e-settle: settled=2/2
  e2e-probe: line=7 closed=1000 dropped=0 tare=69/72 ns  (min/avg, n=64)
  e2e-passes: asked=1000 raised=1000
  e2e-local: 7680/9216/18610 ns  (p50/p99/max, n=1000)
  swb-clock: 2000000 cycles in 776260 ticks
  swb-exact: p1=240 p50=240 p99=260 mean10=2460 n=40002
  switch-vec: 240/256/15980 cyc  119/127/7938 ns  (p50/p99/max, n=40002)
  xtask ping-pong: 885 ns/switch  (40000 switches / 35 ms)
  xtask call/reply: 16 B  2421 ns/round-trip  (413002 round-trips/s over 20000 calls / 48 ms)
  spawn/exit: thread 15636 ns  (200 reps / 3 ms)
  spawn/exit: task 35165 ns  (200 reps / 7 ms)
bench: done

KICKOS-EXIT status 0
