?[2J?[001;001H?[=3h?[2J?[001;001H?[2J?[001;001H?[8;042;160t?[2J?[001;001H?[2J?[001;001H?[8;056;240t?[2J?[001;001HBdsDxe: loading Boot0002 "UEFI QEMU HARDDISK QM00001 " from PciRoot(0x0)/Pci(0x1F,0x2)/Sata(0x0,0xFFFF,0x0)
BdsDxe: starting Boot0002 "UEFI QEMU HARDDISK QM00001 " from PciRoot(0x0)/Pci(0x1F,0x2)/Sata(0x0,0xFFFF,0x0)

KICKOS-X1 8c41d7a2 x86_64/q35 uefi-handover entry
KICKOS-X1 8c41d7a2 x86_64/q35 uefi-handover handover if=1 paging=1 longmode=1 root=1 wp=1 nx=1 nxcap=1
KICKOS-X1 8c41d7a2 x86_64/q35 uefi-handover if_after_cli=0
KICKOS-X1 8c41d7a2 x86_64/q35 uefi-handover firmware=Debian distribution of EDK II
KICKOS-X1 8c41d7a2 x86_64/q35 uefi-handover revision=0x0000000000020046
KICKOS-X1 8c41d7a2 x86_64/q35 uefi-handover map descriptors=108 stride=48 version=1 conventional_pages=117610 arena=0x0000000001800000 arena_pages=107372
KICKOS-X1 8c41d7a2 x86_64/q35 uefi-handover fp found em=0 ts=0 mp=1 osfxsr=1 osxmmexcpt=1 osxsave=0
KICKOS-X1 8c41d7a2 x86_64/q35 uefi-handover fp enabled em=0 ts=0 mp=1 ne=1 osfxsr=1 osxmmexcpt=1 osxsave=1 xcr0=7 xsave=832
KICKOS-X1 8c41d7a2 x86_64/q35 uefi-handover boot services left
KICKOS-X1 8c41d7a2 x86_64/q35 uefi-handover if_after_exit=0
x86_64 app relocation: base=0x0000000000400000 load_delta=0x0000000000000000 app_words=266

  ==============================================
   KickOS 0.5.1  -  microkernel RTOS
  ==============================================
   board   qemu-x86_64
   arch    x86_64
   cpu     x86-64-v3
   mpu     off
   sched   tickless
   build   2026-10-02 01:46:12 +0200
   app     Oct  2 2026 01:46:14 +0200
   commit  nogit
   heap    16 KiB available
   kstack  4096 B x 33 = 135168 B

microbenchmark: context-switch throughput (all arches) + per-switch cost
+ IRQ-entry latency where a cycle counter exists. Reporter woken by the
workload, not a timer. Telemetry OFF for clean numbers.
cycle counter: 2013366954 Hz (0 = no rate converts a reading; cycles only)

  lock-probe: hold+1 core=0 depth=0  (three nested, one outermost)
  call/reply: 8 B  1899 ns/round-trip  (526434 round-trips/s over 20000 calls / 37 ms)
  call/reply: 16 B  1895 ns/round-trip  (527476 round-trips/s over 20000 calls / 37 ms)
  call/reply: 32 B  1896 ns/round-trip  (527306 round-trips/s over 20000 calls / 37 ms)
  call/reply: 64 B  1898 ns/round-trip  (526811 round-trips/s over 20000 calls / 37 ms)
  call/reply: 128 B  1901 ns/round-trip  (526009 round-trips/s over 20000 calls / 38 ms)
  call/reply: 256 B  1900 ns/round-trip  (526293 round-trips/s over 20000 calls / 38 ms)
  call/reply: 8 B  1899 ns/round-trip  (526348 round-trips/s over 20000 calls / 37 ms) [generic path]
  call/reply: 16 B  1898 ns/round-trip  (526646 round-trips/s over 20000 calls / 37 ms) [generic path]
  call/reply: 32 B  1901 ns/round-trip  (525924 round-trips/s over 20000 calls / 38 ms) [generic path]
  call/reply: 64 B  1898 ns/round-trip  (526698 round-trips/s over 20000 calls / 37 ms) [generic path]
  call/reply: 128 B  1902 ns/round-trip  (525489 round-trips/s over 20000 calls / 38 ms) [generic path]
  call/reply: 256 B  1902 ns/round-trip  (525628 round-trips/s over 20000 calls / 38 ms) [generic path]
  call/reply: 32 B  1944 ns/round-trip  (514146 round-trips/s over 20000 calls / 38 ms) [caller outranks server, D1 donates]
  phase table (44 rows; cyc avg/max, min last and a floor; leaf -= NULL, composite -= NULL + k*(NEST-NULL)):
    NULL             24/140  min=20  n=260000
    NEST             74/220  min=60  n=260000
    NEST_LOCK        55/52740  min=40  n=260000
    CALL_TOTAL       3575/62860  min=3500  n=259999
    CALL_VALIDATE    29/14960  min=20  n=260000
    CALL_LOCKED      3447/62720  min=3360  n=259999
    CALL_RESOLVE     38/10900  min=20  n=260000
    CALL_PEEK        26/8740  min=20  n=260000
    CALL_PROBE       22/11480  min=20  n=259999
    CALL_POP         26/360  min=20  n=259999
    CALL_COPY        91/56180  min=60  n=259999
    CALL_MINT        168/14500  min=160  n=259999
    CALL_MINT_CAP    41/11620  min=40  n=259999
    CALL_MINT_INFO   53/13220  min=40  n=259999
    CALL_DONATE      24/180  min=20  n=19999
    CALL_PARK        38/14200  min=20  n=259999
    CALL_WAKE        2618/49160  min=2560  n=259999
    CALL_RESUME      24/10660  min=20  n=260000
    CALL_SLOW_TOTAL  6580/6580  min=6580  n=1
    CALL_SLOW_LOCKED 6340/6340  min=6340  n=1
    CALL_SLOW_DONATE 0/0  min=0  n=0
    CALL_SLOW_PARK   5840/5840  min=5840  n=1
    RECV_LOCKED      2986/60380  min=2920  n=259999
    RECV_RESOLVE     46/15000  min=40  n=260000
    RECV_SCAN        23/13380  min=20  n=259999
    RECV_PARK        2815/60160  min=2760  n=259999
    REPLY_TOTAL      258552/3352180  min=720  n=13
    REPLY_VALIDATE   120/140  min=100  n=13
    REPLY_LOCKED     377/45680  min=340  n=260000
    REPLY_LOOKUP     32/480  min=20  n=260000
    REPLY_COPY       95/15420  min=60  n=260000
    REPLY_FUNNEL     28/420  min=20  n=260000
    REPLY_WAKE       92/45400  min=80  n=260000
    REPLY_RECV_TOTAL 3515/60900  min=1680  n=260000
    REPLY_RECV_TAIL  89/16820  min=80  n=259999
    WAKE_UNPARK      42/45260  min=40  n=520012
    PICK_NEXT        41/17520  min=40  n=520064
    SWITCH_TO        4539/81678360  min=2380  n=520013
    SWITCH_BOOK      41/15880  min=40  n=520039
    MPU_APPLY        27/13180  min=20  n=520039
    MPU_COMMIT       0/0  min=0  n=0
    REENT_SEAT       23/16340  min=20  n=520039
    KTIME_REARM      31/14600  min=20  n=520039
    ARCH_SWITCH      4260/81677020  min=2100  n=520013
  ns-probe: cyc=4294967295 ns=2133226278 capped=0
  sat-probe: width=64 fits+1/0 wide+0/1 max=1000

  throughput: 1540701 ctx-sw/s  (649 ns/sw avg over 40000 switches / 25 ms)
  switch-probe: fastpath-swaps=0  (swapped inside the trap, so not in the switch row)
  swb-clock: 2000000 cycles in 777920 ticks
  swb-exact: p1=240 p50=240 p99=260 mean10=2495 n=40002
  switch:    240/256/12880 cyc  119/127/6397 ns  (p50/p99/max, n=40002)
  lock-hold: 208/768/28400 cyc  103/381/14105 ns  (p50/p99/max, n=80362)
  lock-site: core=0 site=0x40b5a5 max=28400
  irq-probe: line=6 raise=inject on=0 raised=100 hcore=none foreign=0 win=0
  irq:       0/0/0 cyc  0/0/0 ns  (p50/max/max, n=0)
  wcase-probe: line=6 raise=inject on=0 raised=100 hcore=none foreign=0 win=0
  wcase-irq[0B]:    0/0/0 cyc  0/0/0 ns  (p50/max/max, n=0)
  wcase-probe: line=6 raise=inject on=0 raised=100 hcore=none foreign=0 win=0
  wcase-irq[64B]:   0/0/0 cyc  0/0/0 ns  (p50/max/max, n=0)
  wcase-probe: line=6 raise=inject on=0 raised=100 hcore=none foreign=0 win=0
  wcase-irq[256B]:  0/0/0 cyc  0/0/0 ns  (p50/max/max, n=0)
  wcase-probe: line=6 raise=inject on=0 raised=100 hcore=none foreign=0 win=0
  wcase-irq[1024B]: 0/0/0 cyc  0/0/0 ns  (p50/max/max, n=0)
  e2e-settle: settled=2/2
  e2e-probe: line=7 closed=1000 dropped=0 tare=69/75 ns  (min/avg, n=64)
  e2e-passes: asked=1000 raised=1000
  e2e-local: 8192/9216/18427 ns  (p50/p99/max, n=1000)
  throughput: 1539654 ctx-sw/s  (649 ns/sw avg over 40000 switches / 25 ms)
  switch-probe: fastpath-swaps=0  (swapped inside the trap, so not in the switch row)
  swb-clock: 2000000 cycles in 777880 ticks
  swb-exact: p1=240 p50=240 p99=260 mean10=2497 n=40002
  switch:    240/256/15560 cyc  119/127/7728 ns  (p50/p99/max, n=40002)
  lock-hold: 208/768/27060 cyc  103/381/13440 ns  (p50/p99/max, n=80365)
  lock-site: core=0 site=0x40b5a5 max=27780
  irq-probe: line=6 raise=inject on=0 raised=100 hcore=none foreign=0 win=0
  irq:       0/0/0 cyc  0/0/0 ns  (p50/max/max, n=0)
  wcase-probe: line=6 raise=inject on=0 raised=100 hcore=none foreign=0 win=0
  wcase-irq[0B]:    0/0/0 cyc  0/0/0 ns  (p50/max/max, n=0)
  wcase-probe: line=6 raise=inject on=0 raised=100 hcore=none foreign=0 win=0
  wcase-irq[64B]:   0/0/0 cyc  0/0/0 ns  (p50/max/max, n=0)
  wcase-probe: line=6 raise=inject on=0 raised=100 hcore=none foreign=0 win=0
  wcase-irq[256B]:  0/0/0 cyc  0/0/0 ns  (p50/max/max, n=0)
  wcase-probe: line=6 raise=inject on=0 raised=100 hcore=none foreign=0 win=0
  wcase-irq[1024B]: 0/0/0 cyc  0/0/0 ns  (p50/max/max, n=0)
  e2e-settle: settled=2/2
  e2e-probe: line=7 closed=1000 dropped=0 tare=69/75 ns  (min/avg, n=64)
  e2e-passes: asked=1000 raised=1000
  e2e-local: 7680/8192/20870 ns  (p50/p99/max, n=1000)
  throughput: 1538014 ctx-sw/s  (650 ns/sw avg over 40000 switches / 26 ms)
  switch-probe: fastpath-swaps=0  (swapped inside the trap, so not in the switch row)
  swb-clock: 2000000 cycles in 777840 ticks
  swb-exact: p1=240 p50=240 p99=260 mean10=2493 n=40002
  switch:    240/256/25040 cyc  119/127/12436 ns  (p50/p99/max, n=40002)
  lock-hold: 208/768/32800 cyc  103/381/16291 ns  (p50/p99/max, n=80366)
  lock-site: core=0 site=0x40b5a5 max=32800
  irq-probe: line=6 raise=inject on=0 raised=100 hcore=none foreign=0 win=0
  irq:       0/0/0 cyc  0/0/0 ns  (p50/max/max, n=0)
  wcase-probe: line=6 raise=inject on=0 raised=100 hcore=none foreign=0 win=0
  wcase-irq[0B]:    0/0/0 cyc  0/0/0 ns  (p50/max/max, n=0)
  wcase-probe: line=6 raise=inject on=0 raised=100 hcore=none foreign=0 win=0
  wcase-irq[64B]:   0/0/0 cyc  0/0/0 ns  (p50/max/max, n=0)
  wcase-probe: line=6 raise=inject on=0 raised=100 hcore=none foreign=0 win=0
  wcase-irq[256B]:  0/0/0 cyc  0/0/0 ns  (p50/max/max, n=0)
  wcase-probe: line=6 raise=inject on=0 raised=100 hcore=none foreign=0 win=0
  wcase-irq[1024B]: 0/0/0 cyc  0/0/0 ns  (p50/max/max, n=0)
  e2e-settle: settled=2/2
  e2e-probe: line=7 closed=1000 dropped=0 tare=69/75 ns  (min/avg, n=64)
  e2e-passes: asked=1000 raised=1000
  e2e-local: 7680/8192/19112 ns  (p50/p99/max, n=1000)
  swb-clock: 2000000 cycles in 777840 ticks
  swb-exact: p1=240 p50=240 p99=260 mean10=2458 n=40002
  switch-vec: 240/256/11840 cyc  119/127/5880 ns  (p50/p99/max, n=40002)
  xtask ping-pong: 855 ns/switch  (40000 switches / 34 ms)
  xtask call/reply: 16 B  2367 ns/round-trip  (422418 round-trips/s over 20000 calls / 47 ms)
  spawn/exit: thread 15651 ns  (200 reps / 3 ms)
  spawn/exit: task 35071 ns  (200 reps / 7 ms)
bench: done

KICKOS-EXIT status 0
?[2J?[001;001H?[=3h?[2J?[001;001H?[2J?[001;001H?[8;042;160t?[2J?[001;001H?[2J?[001;001H?[8;056;240t?[2J?[001;001HBdsDxe: loading Boot0002 "UEFI QEMU HARDDISK QM00001 " from PciRoot(0x0)/Pci(0x1F,0x2)/Sata(0x0,0xFFFF,0x0)
BdsDxe: starting Boot0002 "UEFI QEMU HARDDISK QM00001 " from PciRoot(0x0)/Pci(0x1F,0x2)/Sata(0x0,0xFFFF,0x0)

KICKOS-X1 8c41d7a2 x86_64/q35 uefi-handover entry
KICKOS-X1 8c41d7a2 x86_64/q35 uefi-handover handover if=1 paging=1 longmode=1 root=1 wp=1 nx=1 nxcap=1
KICKOS-X1 8c41d7a2 x86_64/q35 uefi-handover if_after_cli=0
KICKOS-X1 8c41d7a2 x86_64/q35 uefi-handover firmware=Debian distribution of EDK II
KICKOS-X1 8c41d7a2 x86_64/q35 uefi-handover revision=0x0000000000020046
KICKOS-X1 8c41d7a2 x86_64/q35 uefi-handover map descriptors=108 stride=48 version=1 conventional_pages=117610 arena=0x0000000001800000 arena_pages=107372
KICKOS-X1 8c41d7a2 x86_64/q35 uefi-handover fp found em=0 ts=0 mp=1 osfxsr=1 osxmmexcpt=1 osxsave=0
KICKOS-X1 8c41d7a2 x86_64/q35 uefi-handover fp enabled em=0 ts=0 mp=1 ne=1 osfxsr=1 osxmmexcpt=1 osxsave=1 xcr0=7 xsave=832
KICKOS-X1 8c41d7a2 x86_64/q35 uefi-handover boot services left
KICKOS-X1 8c41d7a2 x86_64/q35 uefi-handover if_after_exit=0
x86_64 app relocation: base=0x0000000000400000 load_delta=0x0000000000000000 app_words=266

  ==============================================
   KickOS 0.5.1  -  microkernel RTOS
  ==============================================
   board   qemu-x86_64
   arch    x86_64
   cpu     x86-64-v3
   mpu     off
   sched   tickless
   build   2026-10-02 01:46:12 +0200
   app     Oct  2 2026 01:46:14 +0200
   commit  nogit
   heap    16 KiB available
   kstack  4096 B x 33 = 135168 B

microbenchmark: context-switch throughput (all arches) + per-switch cost
+ IRQ-entry latency where a cycle counter exists. Reporter woken by the
workload, not a timer. Telemetry OFF for clean numbers.
cycle counter: 2013366954 Hz (0 = no rate converts a reading; cycles only)

  lock-probe: hold+1 core=0 depth=0  (three nested, one outermost)
  call/reply: 8 B  1899 ns/round-trip  (526434 round-trips/s over 20000 calls / 37 ms)
  call/reply: 16 B  1895 ns/round-trip  (527476 round-trips/s over 20000 calls / 37 ms)
  call/reply: 32 B  1896 ns/round-trip  (527306 round-trips/s over 20000 calls / 37 ms)
  call/reply: 64 B  1898 ns/round-trip  (526811 round-trips/s over 20000 calls / 37 ms)
  call/reply: 128 B  1901 ns/round-trip  (526009 round-trips/s over 20000 calls / 38 ms)
  call/reply: 256 B  1900 ns/round-trip  (526293 round-trips/s over 20000 calls / 38 ms)
  call/reply: 8 B  1899 ns/round-trip  (526348 round-trips/s over 20000 calls / 37 ms) [generic path]
  call/reply: 16 B  1898 ns/round-trip  (526646 round-trips/s over 20000 calls / 37 ms) [generic path]
  call/reply: 32 B  1901 ns/round-trip  (525924 round-trips/s over 20000 calls / 38 ms) [generic path]
  call/reply: 64 B  1898 ns/round-trip  (526698 round-trips/s over 20000 calls / 37 ms) [generic path]
  call/reply: 128 B  1902 ns/round-trip  (525489 round-trips/s over 20000 calls / 38 ms) [generic path]
  call/reply: 256 B  1902 ns/round-trip  (525628 round-trips/s over 20000 calls / 38 ms) [generic path]
  call/reply: 32 B  1944 ns/round-trip  (514146 round-trips/s over 20000 calls / 38 ms) [caller outranks server, D1 donates]
  phase table (44 rows; cyc avg/max, min last and a floor; leaf -= NULL, composite -= NULL + k*(NEST-NULL)):
    NULL             24/140  min=20  n=260000
    NEST             74/220  min=60  n=260000
    NEST_LOCK        55/52740  min=40  n=260000
    CALL_TOTAL       3575/62860  min=3500  n=259999
    CALL_VALIDATE    29/14960  min=20  n=260000
    CALL_LOCKED      3447/62720  min=3360  n=259999
    CALL_RESOLVE     38/10900  min=20  n=260000
    CALL_PEEK        26/8740  min=20  n=260000
    CALL_PROBE       22/11480  min=20  n=259999
    CALL_POP         26/360  min=20  n=259999
    CALL_COPY        91/56180  min=60  n=259999
    CALL_MINT        168/14500  min=160  n=259999
    CALL_MINT_CAP    41/11620  min=40  n=259999
    CALL_MINT_INFO   53/13220  min=40  n=259999
    CALL_DONATE      24/180  min=20  n=19999
    CALL_PARK        38/14200  min=20  n=259999
    CALL_WAKE        2618/49160  min=2560  n=259999
    CALL_RESUME      24/10660  min=20  n=260000
    CALL_SLOW_TOTAL  6580/6580  min=6580  n=1
    CALL_SLOW_LOCKED 6340/6340  min=6340  n=1
    CALL_SLOW_DONATE 0/0  min=0  n=0
    CALL_SLOW_PARK   5840/5840  min=5840  n=1
    RECV_LOCKED      2986/60380  min=2920  n=259999
    RECV_RESOLVE     46/15000  min=40  n=260000
    RECV_SCAN        23/13380  min=20  n=259999
    RECV_PARK        2815/60160  min=2760  n=259999
    REPLY_TOTAL      258552/3352180  min=720  n=13
    REPLY_VALIDATE   120/140  min=100  n=13
    REPLY_LOCKED     377/45680  min=340  n=260000
    REPLY_LOOKUP     32/480  min=20  n=260000
    REPLY_COPY       95/15420  min=60  n=260000
    REPLY_FUNNEL     28/420  min=20  n=260000
    REPLY_WAKE       92/45400  min=80  n=260000
    REPLY_RECV_TOTAL 3515/60900  min=1680  n=260000
    REPLY_RECV_TAIL  89/16820  min=80  n=259999
    WAKE_UNPARK      42/45260  min=40  n=520012
    PICK_NEXT        41/17520  min=40  n=520064
    SWITCH_TO        4539/81678360  min=2380  n=520013
    SWITCH_BOOK      41/15880  min=40  n=520039
    MPU_APPLY        27/13180  min=20  n=520039
    MPU_COMMIT       0/0  min=0  n=0
    REENT_SEAT       23/16340  min=20  n=520039
    KTIME_REARM      31/14600  min=20  n=520039
    ARCH_SWITCH      4260/81677020  min=2100  n=520013
  ns-probe: cyc=4294967295 ns=2133226278 capped=0
  sat-probe: width=64 fits+1/0 wide+0/1 max=1000

  throughput: 1540701 ctx-sw/s  (649 ns/sw avg over 40000 switches / 25 ms)
  switch-probe: fastpath-swaps=0  (swapped inside the trap, so not in the switch row)
  swb-clock: 2000000 cycles in 777920 ticks
  swb-exact: p1=240 p50=240 p99=260 mean10=2495 n=40002
  switch:    240/256/12880 cyc  119/127/6397 ns  (p50/p99/max, n=40002)
  lock-hold: 208/768/28400 cyc  103/381/14105 ns  (p50/p99/max, n=80362)
  lock-site: core=0 site=0x40b5a5 max=28400
  irq-probe: line=6 raise=inject on=0 raised=100 hcore=none foreign=0 win=0
  irq:       0/0/0 cyc  0/0/0 ns  (p50/max/max, n=0)
  wcase-probe: line=6 raise=inject on=0 raised=100 hcore=none foreign=0 win=0
  wcase-irq[0B]:    0/0/0 cyc  0/0/0 ns  (p50/max/max, n=0)
  wcase-probe: line=6 raise=inject on=0 raised=100 hcore=none foreign=0 win=0
  wcase-irq[64B]:   0/0/0 cyc  0/0/0 ns  (p50/max/max, n=0)
  wcase-probe: line=6 raise=inject on=0 raised=100 hcore=none foreign=0 win=0
  wcase-irq[256B]:  0/0/0 cyc  0/0/0 ns  (p50/max/max, n=0)
  wcase-probe: line=6 raise=inject on=0 raised=100 hcore=none foreign=0 win=0
  wcase-irq[1024B]: 0/0/0 cyc  0/0/0 ns  (p50/max/max, n=0)
  e2e-settle: settled=2/2
  e2e-probe: line=7 closed=1000 dropped=0 tare=69/75 ns  (min/avg, n=64)
  e2e-passes: asked=1000 raised=1000
  e2e-local: 8192/9216/18427 ns  (p50/p99/max, n=1000)
  throughput: 1539654 ctx-sw/s  (649 ns/sw avg over 40000 switches / 25 ms)
  switch-probe: fastpath-swaps=0  (swapped inside the trap, so not in the switch row)
  swb-clock: 2000000 cycles in 777880 ticks
  swb-exact: p1=240 p50=240 p99=260 mean10=2497 n=40002
  switch:    240/256/15560 cyc  119/127/7728 ns  (p50/p99/max, n=40002)
  lock-hold: 208/768/27060 cyc  103/381/13440 ns  (p50/p99/max, n=80365)
  lock-site: core=0 site=0x40b5a5 max=27780
  irq-probe: line=6 raise=inject on=0 raised=100 hcore=none foreign=0 win=0
  irq:       0/0/0 cyc  0/0/0 ns  (p50/max/max, n=0)
  wcase-probe: line=6 raise=inject on=0 raised=100 hcore=none foreign=0 win=0
  wcase-irq[0B]:    0/0/0 cyc  0/0/0 ns  (p50/max/max, n=0)
  wcase-probe: line=6 raise=inject on=0 raised=100 hcore=none foreign=0 win=0
  wcase-irq[64B]:   0/0/0 cyc  0/0/0 ns  (p50/max/max, n=0)
  wcase-probe: line=6 raise=inject on=0 raised=100 hcore=none foreign=0 win=0
  wcase-irq[256B]:  0/0/0 cyc  0/0/0 ns  (p50/max/max, n=0)
  wcase-probe: line=6 raise=inject on=0 raised=100 hcore=none foreign=0 win=0
  wcase-irq[1024B]: 0/0/0 cyc  0/0/0 ns  (p50/max/max, n=0)
  e2e-settle: settled=2/2
  e2e-probe: line=7 closed=1000 dropped=0 tare=69/75 ns  (min/avg, n=64)
  e2e-passes: asked=1000 raised=1000
  e2e-local: 7680/8192/20870 ns  (p50/p99/max, n=1000)
  throughput: 1538014 ctx-sw/s  (650 ns/sw avg over 40000 switches / 26 ms)
  switch-probe: fastpath-swaps=0  (swapped inside the trap, so not in the switch row)
  swb-clock: 2000000 cycles in 777840 ticks
  swb-exact: p1=240 p50=240 p99=260 mean10=2493 n=40002
  switch:    240/256/25040 cyc  119/127/12436 ns  (p50/p99/max, n=40002)
  lock-hold: 208/768/32800 cyc  103/381/16291 ns  (p50/p99/max, n=80366)
  lock-site: core=0 site=0x40b5a5 max=32800
  irq-probe: line=6 raise=inject on=0 raised=100 hcore=none foreign=0 win=0
  irq:       0/0/0 cyc  0/0/0 ns  (p50/max/max, n=0)
  wcase-probe: line=6 raise=inject on=0 raised=100 hcore=none foreign=0 win=0
  wcase-irq[0B]:    0/0/0 cyc  0/0/0 ns  (p50/max/max, n=0)
  wcase-probe: line=6 raise=inject on=0 raised=100 hcore=none foreign=0 win=0
  wcase-irq[64B]:   0/0/0 cyc  0/0/0 ns  (p50/max/max, n=0)
  wcase-probe: line=6 raise=inject on=0 raised=100 hcore=none foreign=0 win=0
  wcase-irq[256B]:  0/0/0 cyc  0/0/0 ns  (p50/max/max, n=0)
  wcase-probe: line=6 raise=inject on=0 raised=100 hcore=none foreign=0 win=0
  wcase-irq[1024B]: 0/0/0 cyc  0/0/0 ns  (p50/max/max, n=0)
  e2e-settle: settled=2/2
  e2e-probe: line=7 closed=1000 dropped=0 tare=69/75 ns  (min/avg, n=64)
  e2e-passes: asked=1000 raised=1000
  e2e-local: 7680/8192/19112 ns  (p50/p99/max, n=1000)
  swb-clock: 2000000 cycles in 777840 ticks
  swb-exact: p1=240 p50=240 p99=260 mean10=2458 n=40002
  switch-vec: 240/256/11840 cyc  119/127/5880 ns  (p50/p99/max, n=40002)
  xtask ping-pong: 855 ns/switch  (40000 switches / 34 ms)
  xtask call/reply: 16 B  2367 ns/round-trip  (422418 round-trips/s over 20000 calls / 47 ms)
  spawn/exit: thread 15651 ns  (200 reps / 3 ms)
  spawn/exit: task 35071 ns  (200 reps / 7 ms)
bench: done

KICKOS-EXIT status 0
