?[2J?[001;001H?[=3h?[2J?[001;001H?[2J?[001;001H?[8;042;160t?[2J?[001;001H?[2J?[001;001H?[8;056;240t?[2J?[001;001HBdsDxe: loading Boot0002 "UEFI QEMU HARDDISK QM00001 " from PciRoot(0x0)/Pci(0x1F,0x2)/Sata(0x0,0xFFFF,0x0)
BdsDxe: starting Boot0002 "UEFI QEMU HARDDISK QM00001 " from PciRoot(0x0)/Pci(0x1F,0x2)/Sata(0x0,0xFFFF,0x0)

KICKOS-X1 8c41d7a2 x86_64/q35 uefi-handover entry
KICKOS-X1 8c41d7a2 x86_64/q35 uefi-handover handover if=1 paging=1 longmode=1 root=1 wp=1 nx=1 nxcap=1
KICKOS-X1 8c41d7a2 x86_64/q35 uefi-handover if_after_cli=0
KICKOS-X1 8c41d7a2 x86_64/q35 uefi-handover firmware=Debian distribution of EDK II
KICKOS-X1 8c41d7a2 x86_64/q35 uefi-handover revision=0x0000000000020046
KICKOS-X1 8c41d7a2 x86_64/q35 uefi-handover map descriptors=108 stride=48 version=1 conventional_pages=117610 arena=0x0000000001800000 arena_pages=107372
KICKOS-X1 8c41d7a2 x86_64/q35 uefi-handover fp found em=0 ts=0 mp=1 osfxsr=1 osxmmexcpt=1 osxsave=0
KICKOS-X1 8c41d7a2 x86_64/q35 uefi-handover fp enabled em=0 ts=0 mp=1 ne=1 osfxsr=1 osxmmexcpt=1 osxsave=1 xcr0=7 xsave=832
KICKOS-X1 8c41d7a2 x86_64/q35 uefi-handover boot services left
KICKOS-X1 8c41d7a2 x86_64/q35 uefi-handover if_after_exit=0
x86_64 app relocation: base=0x0000000000400000 load_delta=0x0000000000000000 app_words=266

  ==============================================
   KickOS 0.5.1  -  microkernel RTOS
  ==============================================
   board   qemu-x86_64
   arch    x86_64
   cpu     x86-64-v3
   mpu     off
   sched   tickless
   build   2026-10-02 01:46:12 +0200
   app     Oct  2 2026 01:46:14 +0200
   commit  nogit
   heap    16 KiB available
   kstack  4096 B x 33 = 135168 B

microbenchmark: context-switch throughput (all arches) + per-switch cost
+ IRQ-entry latency where a cycle counter exists. Reporter woken by the
workload, not a timer. Telemetry OFF for clean numbers.
cycle counter: 2012753658 Hz (0 = no rate converts a reading; cycles only)

  lock-probe: hold+1 core=0 depth=0  (three nested, one outermost)
  call/reply: 8 B  1898 ns/round-trip  (526673 round-trips/s over 20000 calls / 37 ms)
  call/reply: 16 B  1897 ns/round-trip  (526911 round-trips/s over 20000 calls / 37 ms)
  call/reply: 32 B  1896 ns/round-trip  (527148 round-trips/s over 20000 calls / 37 ms)
  call/reply: 64 B  1898 ns/round-trip  (526824 round-trips/s over 20000 calls / 37 ms)
  call/reply: 128 B  1916 ns/round-trip  (521730 round-trips/s over 20000 calls / 38 ms)
  call/reply: 256 B  1903 ns/round-trip  (525289 round-trips/s over 20000 calls / 38 ms)
  call/reply: 8 B  2002 ns/round-trip  (499434 round-trips/s over 20000 calls / 40 ms) [generic path]
  call/reply: 16 B  1958 ns/round-trip  (510664 round-trips/s over 20000 calls / 39 ms) [generic path]
  call/reply: 32 B  1915 ns/round-trip  (521946 round-trips/s over 20000 calls / 38 ms) [generic path]
  call/reply: 64 B  1991 ns/round-trip  (502024 round-trips/s over 20000 calls / 39 ms) [generic path]
  call/reply: 128 B  1945 ns/round-trip  (514106 round-trips/s over 20000 calls / 38 ms) [generic path]
  call/reply: 256 B  1900 ns/round-trip  (526242 round-trips/s over 20000 calls / 38 ms) [generic path]
  call/reply: 32 B  1937 ns/round-trip  (515996 round-trips/s over 20000 calls / 38 ms) [caller outranks server, D1 donates]
  phase table (44 rows; cyc avg/max, min last and a floor; leaf -= NULL, composite -= NULL + k*(NEST-NULL)):
    NULL             24/140  min=20  n=260000
    NEST             75/15100  min=60  n=260000
    NEST_LOCK        56/15600  min=40  n=260000
    CALL_TOTAL       3620/800460  min=3500  n=259999
    CALL_VALIDATE    29/16540  min=20  n=260000
    CALL_LOCKED      3492/800300  min=3360  n=259999
    CALL_RESOLVE     39/41760  min=20  n=260000
    CALL_PEEK        26/47500  min=20  n=260000
    CALL_PROBE       23/12280  min=20  n=259999
    CALL_POP         27/380  min=20  n=259999
    CALL_COPY        91/11980  min=80  n=259999
    CALL_MINT        170/17340  min=160  n=259999
    CALL_MINT_CAP    41/16500  min=40  n=259999
    CALL_MINT_INFO   54/13300  min=40  n=259999
    CALL_DONATE      23/160  min=20  n=19999
    CALL_PARK        39/91360  min=20  n=259999
    CALL_WAKE        2653/799480  min=2560  n=259999
    CALL_RESUME      25/11700  min=20  n=260000
    CALL_SLOW_TOTAL  5980/5980  min=5980  n=1
    CALL_SLOW_LOCKED 5740/5740  min=5740  n=1
    CALL_SLOW_DONATE 0/0  min=0  n=0
    CALL_SLOW_PARK   5240/5240  min=5240  n=1
    RECV_LOCKED      3025/797140  min=2920  n=259999
    RECV_RESOLVE     47/16980  min=40  n=260000
    RECV_SCAN        24/760  min=20  n=259999
    RECV_PARK        2851/796940  min=2760  n=259999
    REPLY_TOTAL      247949/3214220  min=700  n=13
    REPLY_VALIDATE   121/140  min=120  n=13
    REPLY_LOCKED     381/36680  min=340  n=260000
    REPLY_LOOKUP     32/13320  min=20  n=260000
    REPLY_COPY       96/13960  min=60  n=260000
    REPLY_FUNNEL     28/16500  min=20  n=260000
    REPLY_WAKE       93/35440  min=80  n=260000
    REPLY_RECV_TOTAL 3560/797680  min=1660  n=260000
    REPLY_RECV_TAIL  89/14540  min=80  n=259999
    WAKE_UNPARK      42/48800  min=40  n=520012
    PICK_NEXT        42/16420  min=40  n=520064
    SWITCH_TO        4596/83215300  min=2380  n=520013
    SWITCH_BOOK      42/21480  min=40  n=520039
    MPU_APPLY        27/620  min=20  n=520039
    MPU_COMMIT       0/0  min=0  n=0
    REENT_SEAT       23/11520  min=20  n=520039
    KTIME_REARM      31/15720  min=20  n=520039
    ARCH_SWITCH      4313/83214080  min=2100  n=520013
  ns-probe: cyc=4294967295 ns=2133876283 capped=0
  sat-probe: width=64 fits+1/0 wide+0/1 max=1000

  throughput: 1540826 ctx-sw/s  (649 ns/sw avg over 40000 switches / 25 ms)
  switch-probe: fastpath-swaps=0  (swapped inside the trap, so not in the switch row)
  swb-clock: 2000000 cycles in 777900 ticks
  swb-exact: p1=240 p50=240 p99=260 mean10=2482 n=40002
  switch:    240/256/13660 cyc  119/127/6786 ns  (p50/p99/max, n=40002)
  lock-hold: 208/768/29920 cyc  103/381/14865 ns  (p50/p99/max, n=80362)
  lock-site: core=0 site=0x40b5a5 max=29920
  irq-probe: line=6 raise=inject on=0 raised=100 hcore=none foreign=0 win=0
  irq:       0/0/0 cyc  0/0/0 ns  (p50/max/max, n=0)
  wcase-probe: line=6 raise=inject on=0 raised=100 hcore=none foreign=0 win=0
  wcase-irq[0B]:    0/0/0 cyc  0/0/0 ns  (p50/max/max, n=0)
  wcase-probe: line=6 raise=inject on=0 raised=100 hcore=none foreign=0 win=0
  wcase-irq[64B]:   0/0/0 cyc  0/0/0 ns  (p50/max/max, n=0)
  wcase-probe: line=6 raise=inject on=0 raised=100 hcore=none foreign=0 win=0
  wcase-irq[256B]:  0/0/0 cyc  0/0/0 ns  (p50/max/max, n=0)
  wcase-probe: line=6 raise=inject on=0 raised=100 hcore=none foreign=0 win=0
  wcase-irq[1024B]: 0/0/0 cyc  0/0/0 ns  (p50/max/max, n=0)
  e2e-settle: settled=2/2
  e2e-probe: line=7 closed=1000 dropped=0 tare=69/75 ns  (min/avg, n=64)
  e2e-passes: asked=1000 raised=1000
  e2e-local: 7680/8192/13455 ns  (p50/p99/max, n=1000)
  throughput: 1540676 ctx-sw/s  (649 ns/sw avg over 40000 switches / 25 ms)
  switch-probe: fastpath-swaps=0  (swapped inside the trap, so not in the switch row)
  swb-clock: 2000000 cycles in 777200 ticks
  swb-exact: p1=240 p50=240 p99=260 mean10=2486 n=40002
  switch:    240/256/540 cyc  119/127/268 ns  (p50/p99/max, n=40002)
  lock-hold: 208/768/33740 cyc  103/381/16763 ns  (p50/p99/max, n=80362)
  lock-site: core=0 site=0x40b5a5 max=33740
  irq-probe: line=6 raise=inject on=0 raised=100 hcore=none foreign=0 win=0
  irq:       0/0/0 cyc  0/0/0 ns  (p50/max/max, n=0)
  wcase-probe: line=6 raise=inject on=0 raised=100 hcore=none foreign=0 win=0
  wcase-irq[0B]:    0/0/0 cyc  0/0/0 ns  (p50/max/max, n=0)
  wcase-probe: line=6 raise=inject on=0 raised=100 hcore=none foreign=0 win=0
  wcase-irq[64B]:   0/0/0 cyc  0/0/0 ns  (p50/max/max, n=0)
  wcase-probe: line=6 raise=inject on=0 raised=100 hcore=none foreign=0 win=0
  wcase-irq[256B]:  0/0/0 cyc  0/0/0 ns  (p50/max/max, n=0)
  wcase-probe: line=6 raise=inject on=0 raised=100 hcore=none foreign=0 win=0
  wcase-irq[1024B]: 0/0/0 cyc  0/0/0 ns  (p50/max/max, n=0)
  e2e-settle: settled=2/2
  e2e-probe: line=7 closed=1000 dropped=0 tare=69/75 ns  (min/avg, n=64)
  e2e-passes: asked=1000 raised=1000
  e2e-local: 7680/8192/20191 ns  (p50/p99/max, n=1000)
  throughput: 1467967 ctx-sw/s  (681 ns/sw avg over 40000 switches / 27 ms)
  switch-probe: fastpath-swaps=0  (swapped inside the trap, so not in the switch row)
  swb-clock: 2000000 cycles in 776400 ticks
  swb-exact: p1=240 p50=240 p99=740 mean10=2607 n=40002
  switch:    240/704/47800 cyc  119/349/23748 ns  (p50/p99/max, n=40002)
  lock-hold: 576/2304/60720 cyc  286/1144/30167 ns  (p50/p99/max, n=80366)
  lock-site: core=0 site=0x419048 max=60720
  irq-probe: line=6 raise=inject on=0 raised=100 hcore=none foreign=0 win=0
  irq:       0/0/0 cyc  0/0/0 ns  (p50/max/max, n=0)
  wcase-probe: line=6 raise=inject on=0 raised=100 hcore=none foreign=0 win=0
  wcase-irq[0B]:    0/0/0 cyc  0/0/0 ns  (p50/max/max, n=0)
  wcase-probe: line=6 raise=inject on=0 raised=100 hcore=none foreign=0 win=0
  wcase-irq[64B]:   0/0/0 cyc  0/0/0 ns  (p50/max/max, n=0)
  wcase-probe: line=6 raise=inject on=0 raised=100 hcore=none foreign=0 win=0
  wcase-irq[256B]:  0/0/0 cyc  0/0/0 ns  (p50/max/max, n=0)
  wcase-probe: line=6 raise=inject on=0 raised=100 hcore=none foreign=0 win=0
  wcase-irq[1024B]: 0/0/0 cyc  0/0/0 ns  (p50/max/max, n=0)
  e2e-settle: settled=2/2
  e2e-probe: line=7 closed=1000 dropped=0 tare=69/75 ns  (min/avg, n=64)
  e2e-passes: asked=1000 raised=1000
  e2e-local: 7680/8192/19804 ns  (p50/p99/max, n=1000)
  swb-clock: 2000000 cycles in 777840 ticks
  swb-exact: p1=240 p50=240 p99=320 mean10=2492 n=40002
  switch-vec: 240/320/13520 cyc  119/158/6717 ns  (p50/p99/max, n=40002)
  xtask ping-pong: 854 ns/switch  (40000 switches / 34 ms)
  xtask call/reply: 16 B  2360 ns/round-trip  (423551 round-trips/s over 20000 calls / 47 ms)
  spawn/exit: thread 15635 ns  (200 reps / 3 ms)
  spawn/exit: task 35203 ns  (200 reps / 7 ms)
bench: done

KICKOS-EXIT status 0
?[2J?[001;001H?[=3h?[2J?[001;001H?[2J?[001;001H?[8;042;160t?[2J?[001;001H?[2J?[001;001H?[8;056;240t?[2J?[001;001HBdsDxe: loading Boot0002 "UEFI QEMU HARDDISK QM00001 " from PciRoot(0x0)/Pci(0x1F,0x2)/Sata(0x0,0xFFFF,0x0)
BdsDxe: starting Boot0002 "UEFI QEMU HARDDISK QM00001 " from PciRoot(0x0)/Pci(0x1F,0x2)/Sata(0x0,0xFFFF,0x0)

KICKOS-X1 8c41d7a2 x86_64/q35 uefi-handover entry
KICKOS-X1 8c41d7a2 x86_64/q35 uefi-handover handover if=1 paging=1 longmode=1 root=1 wp=1 nx=1 nxcap=1
KICKOS-X1 8c41d7a2 x86_64/q35 uefi-handover if_after_cli=0
KICKOS-X1 8c41d7a2 x86_64/q35 uefi-handover firmware=Debian distribution of EDK II
KICKOS-X1 8c41d7a2 x86_64/q35 uefi-handover revision=0x0000000000020046
KICKOS-X1 8c41d7a2 x86_64/q35 uefi-handover map descriptors=108 stride=48 version=1 conventional_pages=117610 arena=0x0000000001800000 arena_pages=107372
KICKOS-X1 8c41d7a2 x86_64/q35 uefi-handover fp found em=0 ts=0 mp=1 osfxsr=1 osxmmexcpt=1 osxsave=0
KICKOS-X1 8c41d7a2 x86_64/q35 uefi-handover fp enabled em=0 ts=0 mp=1 ne=1 osfxsr=1 osxmmexcpt=1 osxsave=1 xcr0=7 xsave=832
KICKOS-X1 8c41d7a2 x86_64/q35 uefi-handover boot services left
KICKOS-X1 8c41d7a2 x86_64/q35 uefi-handover if_after_exit=0
x86_64 app relocation: base=0x0000000000400000 load_delta=0x0000000000000000 app_words=266

  ==============================================
   KickOS 0.5.1  -  microkernel RTOS
  ==============================================
   board   qemu-x86_64
   arch    x86_64
   cpu     x86-64-v3
   mpu     off
   sched   tickless
   build   2026-10-02 01:46:12 +0200
   app     Oct  2 2026 01:46:14 +0200
   commit  nogit
   heap    16 KiB available
   kstack  4096 B x 33 = 135168 B

microbenchmark: context-switch throughput (all arches) + per-switch cost
+ IRQ-entry latency where a cycle counter exists. Reporter woken by the
workload, not a timer. Telemetry OFF for clean numbers.
cycle counter: 2012753658 Hz (0 = no rate converts a reading; cycles only)

  lock-probe: hold+1 core=0 depth=0  (three nested, one outermost)
  call/reply: 8 B  1898 ns/round-trip  (526673 round-trips/s over 20000 calls / 37 ms)
  call/reply: 16 B  1897 ns/round-trip  (526911 round-trips/s over 20000 calls / 37 ms)
  call/reply: 32 B  1896 ns/round-trip  (527148 round-trips/s over 20000 calls / 37 ms)
  call/reply: 64 B  1898 ns/round-trip  (526824 round-trips/s over 20000 calls / 37 ms)
  call/reply: 128 B  1916 ns/round-trip  (521730 round-trips/s over 20000 calls / 38 ms)
  call/reply: 256 B  1903 ns/round-trip  (525289 round-trips/s over 20000 calls / 38 ms)
  call/reply: 8 B  2002 ns/round-trip  (499434 round-trips/s over 20000 calls / 40 ms) [generic path]
  call/reply: 16 B  1958 ns/round-trip  (510664 round-trips/s over 20000 calls / 39 ms) [generic path]
  call/reply: 32 B  1915 ns/round-trip  (521946 round-trips/s over 20000 calls / 38 ms) [generic path]
  call/reply: 64 B  1991 ns/round-trip  (502024 round-trips/s over 20000 calls / 39 ms) [generic path]
  call/reply: 128 B  1945 ns/round-trip  (514106 round-trips/s over 20000 calls / 38 ms) [generic path]
  call/reply: 256 B  1900 ns/round-trip  (526242 round-trips/s over 20000 calls / 38 ms) [generic path]
  call/reply: 32 B  1937 ns/round-trip  (515996 round-trips/s over 20000 calls / 38 ms) [caller outranks server, D1 donates]
  phase table (44 rows; cyc avg/max, min last and a floor; leaf -= NULL, composite -= NULL + k*(NEST-NULL)):
    NULL             24/140  min=20  n=260000
    NEST             75/15100  min=60  n=260000
    NEST_LOCK        56/15600  min=40  n=260000
    CALL_TOTAL       3620/800460  min=3500  n=259999
    CALL_VALIDATE    29/16540  min=20  n=260000
    CALL_LOCKED      3492/800300  min=3360  n=259999
    CALL_RESOLVE     39/41760  min=20  n=260000
    CALL_PEEK        26/47500  min=20  n=260000
    CALL_PROBE       23/12280  min=20  n=259999
    CALL_POP         27/380  min=20  n=259999
    CALL_COPY        91/11980  min=80  n=259999
    CALL_MINT        170/17340  min=160  n=259999
    CALL_MINT_CAP    41/16500  min=40  n=259999
    CALL_MINT_INFO   54/13300  min=40  n=259999
    CALL_DONATE      23/160  min=20  n=19999
    CALL_PARK        39/91360  min=20  n=259999
    CALL_WAKE        2653/799480  min=2560  n=259999
    CALL_RESUME      25/11700  min=20  n=260000
    CALL_SLOW_TOTAL  5980/5980  min=5980  n=1
    CALL_SLOW_LOCKED 5740/5740  min=5740  n=1
    CALL_SLOW_DONATE 0/0  min=0  n=0
    CALL_SLOW_PARK   5240/5240  min=5240  n=1
    RECV_LOCKED      3025/797140  min=2920  n=259999
    RECV_RESOLVE     47/16980  min=40  n=260000
    RECV_SCAN        24/760  min=20  n=259999
    RECV_PARK        2851/796940  min=2760  n=259999
    REPLY_TOTAL      247949/3214220  min=700  n=13
    REPLY_VALIDATE   121/140  min=120  n=13
    REPLY_LOCKED     381/36680  min=340  n=260000
    REPLY_LOOKUP     32/13320  min=20  n=260000
    REPLY_COPY       96/13960  min=60  n=260000
    REPLY_FUNNEL     28/16500  min=20  n=260000
    REPLY_WAKE       93/35440  min=80  n=260000
    REPLY_RECV_TOTAL 3560/797680  min=1660  n=260000
    REPLY_RECV_TAIL  89/14540  min=80  n=259999
    WAKE_UNPARK      42/48800  min=40  n=520012
    PICK_NEXT        42/16420  min=40  n=520064
    SWITCH_TO        4596/83215300  min=2380  n=520013
    SWITCH_BOOK      42/21480  min=40  n=520039
    MPU_APPLY        27/620  min=20  n=520039
    MPU_COMMIT       0/0  min=0  n=0
    REENT_SEAT       23/11520  min=20  n=520039
    KTIME_REARM      31/15720  min=20  n=520039
    ARCH_SWITCH      4313/83214080  min=2100  n=520013
  ns-probe: cyc=4294967295 ns=2133876283 capped=0
  sat-probe: width=64 fits+1/0 wide+0/1 max=1000

  throughput: 1540826 ctx-sw/s  (649 ns/sw avg over 40000 switches / 25 ms)
  switch-probe: fastpath-swaps=0  (swapped inside the trap, so not in the switch row)
  swb-clock: 2000000 cycles in 777900 ticks
  swb-exact: p1=240 p50=240 p99=260 mean10=2482 n=40002
  switch:    240/256/13660 cyc  119/127/6786 ns  (p50/p99/max, n=40002)
  lock-hold: 208/768/29920 cyc  103/381/14865 ns  (p50/p99/max, n=80362)
  lock-site: core=0 site=0x40b5a5 max=29920
  irq-probe: line=6 raise=inject on=0 raised=100 hcore=none foreign=0 win=0
  irq:       0/0/0 cyc  0/0/0 ns  (p50/max/max, n=0)
  wcase-probe: line=6 raise=inject on=0 raised=100 hcore=none foreign=0 win=0
  wcase-irq[0B]:    0/0/0 cyc  0/0/0 ns  (p50/max/max, n=0)
  wcase-probe: line=6 raise=inject on=0 raised=100 hcore=none foreign=0 win=0
  wcase-irq[64B]:   0/0/0 cyc  0/0/0 ns  (p50/max/max, n=0)
  wcase-probe: line=6 raise=inject on=0 raised=100 hcore=none foreign=0 win=0
  wcase-irq[256B]:  0/0/0 cyc  0/0/0 ns  (p50/max/max, n=0)
  wcase-probe: line=6 raise=inject on=0 raised=100 hcore=none foreign=0 win=0
  wcase-irq[1024B]: 0/0/0 cyc  0/0/0 ns  (p50/max/max, n=0)
  e2e-settle: settled=2/2
  e2e-probe: line=7 closed=1000 dropped=0 tare=69/75 ns  (min/avg, n=64)
  e2e-passes: asked=1000 raised=1000
  e2e-local: 7680/8192/13455 ns  (p50/p99/max, n=1000)
  throughput: 1540676 ctx-sw/s  (649 ns/sw avg over 40000 switches / 25 ms)
  switch-probe: fastpath-swaps=0  (swapped inside the trap, so not in the switch row)
  swb-clock: 2000000 cycles in 777200 ticks
  swb-exact: p1=240 p50=240 p99=260 mean10=2486 n=40002
  switch:    240/256/540 cyc  119/127/268 ns  (p50/p99/max, n=40002)
  lock-hold: 208/768/33740 cyc  103/381/16763 ns  (p50/p99/max, n=80362)
  lock-site: core=0 site=0x40b5a5 max=33740
  irq-probe: line=6 raise=inject on=0 raised=100 hcore=none foreign=0 win=0
  irq:       0/0/0 cyc  0/0/0 ns  (p50/max/max, n=0)
  wcase-probe: line=6 raise=inject on=0 raised=100 hcore=none foreign=0 win=0
  wcase-irq[0B]:    0/0/0 cyc  0/0/0 ns  (p50/max/max, n=0)
  wcase-probe: line=6 raise=inject on=0 raised=100 hcore=none foreign=0 win=0
  wcase-irq[64B]:   0/0/0 cyc  0/0/0 ns  (p50/max/max, n=0)
  wcase-probe: line=6 raise=inject on=0 raised=100 hcore=none foreign=0 win=0
  wcase-irq[256B]:  0/0/0 cyc  0/0/0 ns  (p50/max/max, n=0)
  wcase-probe: line=6 raise=inject on=0 raised=100 hcore=none foreign=0 win=0
  wcase-irq[1024B]: 0/0/0 cyc  0/0/0 ns  (p50/max/max, n=0)
  e2e-settle: settled=2/2
  e2e-probe: line=7 closed=1000 dropped=0 tare=69/75 ns  (min/avg, n=64)
  e2e-passes: asked=1000 raised=1000
  e2e-local: 7680/8192/20191 ns  (p50/p99/max, n=1000)
  throughput: 1467967 ctx-sw/s  (681 ns/sw avg over 40000 switches / 27 ms)
  switch-probe: fastpath-swaps=0  (swapped inside the trap, so not in the switch row)
  swb-clock: 2000000 cycles in 776400 ticks
  swb-exact: p1=240 p50=240 p99=740 mean10=2607 n=40002
  switch:    240/704/47800 cyc  119/349/23748 ns  (p50/p99/max, n=40002)
  lock-hold: 576/2304/60720 cyc  286/1144/30167 ns  (p50/p99/max, n=80366)
  lock-site: core=0 site=0x419048 max=60720
  irq-probe: line=6 raise=inject on=0 raised=100 hcore=none foreign=0 win=0
  irq:       0/0/0 cyc  0/0/0 ns  (p50/max/max, n=0)
  wcase-probe: line=6 raise=inject on=0 raised=100 hcore=none foreign=0 win=0
  wcase-irq[0B]:    0/0/0 cyc  0/0/0 ns  (p50/max/max, n=0)
  wcase-probe: line=6 raise=inject on=0 raised=100 hcore=none foreign=0 win=0
  wcase-irq[64B]:   0/0/0 cyc  0/0/0 ns  (p50/max/max, n=0)
  wcase-probe: line=6 raise=inject on=0 raised=100 hcore=none foreign=0 win=0
  wcase-irq[256B]:  0/0/0 cyc  0/0/0 ns  (p50/max/max, n=0)
  wcase-probe: line=6 raise=inject on=0 raised=100 hcore=none foreign=0 win=0
  wcase-irq[1024B]: 0/0/0 cyc  0/0/0 ns  (p50/max/max, n=0)
  e2e-settle: settled=2/2
  e2e-probe: line=7 closed=1000 dropped=0 tare=69/75 ns  (min/avg, n=64)
  e2e-passes: asked=1000 raised=1000
  e2e-local: 7680/8192/19804 ns  (p50/p99/max, n=1000)
  swb-clock: 2000000 cycles in 777840 ticks
  swb-exact: p1=240 p50=240 p99=320 mean10=2492 n=40002
  switch-vec: 240/320/13520 cyc  119/158/6717 ns  (p50/p99/max, n=40002)
  xtask ping-pong: 854 ns/switch  (40000 switches / 34 ms)
  xtask call/reply: 16 B  2360 ns/round-trip  (423551 round-trips/s over 20000 calls / 47 ms)
  spawn/exit: thread 15635 ns  (200 reps / 3 ms)
  spawn/exit: task 35203 ns  (200 reps / 7 ms)
bench: done

KICKOS-EXIT status 0
