?[2J?[001;001H?[=3h?[2J?[001;001H?[2J?[001;001H?[8;042;160t?[2J?[001;001H?[2J?[001;001H?[8;056;240t?[2J?[001;001HBdsDxe: loading Boot0002 "UEFI QEMU HARDDISK QM00001 " from PciRoot(0x0)/Pci(0x1F,0x2)/Sata(0x0,0xFFFF,0x0)
BdsDxe: starting Boot0002 "UEFI QEMU HARDDISK QM00001 " from PciRoot(0x0)/Pci(0x1F,0x2)/Sata(0x0,0xFFFF,0x0)

KICKOS-X1 8c41d7a2 x86_64/q35 uefi-handover entry
KICKOS-X1 8c41d7a2 x86_64/q35 uefi-handover handover if=1 paging=1 longmode=1 root=1 wp=1 nx=1 nxcap=1
KICKOS-X1 8c41d7a2 x86_64/q35 uefi-handover if_after_cli=0
KICKOS-X1 8c41d7a2 x86_64/q35 uefi-handover firmware=Debian distribution of EDK II
KICKOS-X1 8c41d7a2 x86_64/q35 uefi-handover revision=0x0000000000020046
KICKOS-X1 8c41d7a2 x86_64/q35 uefi-handover map descriptors=108 stride=48 version=1 conventional_pages=117610 arena=0x0000000001800000 arena_pages=107372
KICKOS-X1 8c41d7a2 x86_64/q35 uefi-handover fp found em=0 ts=0 mp=1 osfxsr=1 osxmmexcpt=1 osxsave=0
KICKOS-X1 8c41d7a2 x86_64/q35 uefi-handover fp enabled em=0 ts=0 mp=1 ne=1 osfxsr=1 osxmmexcpt=1 osxsave=1 xcr0=7 xsave=832
KICKOS-X1 8c41d7a2 x86_64/q35 uefi-handover boot services left
KICKOS-X1 8c41d7a2 x86_64/q35 uefi-handover if_after_exit=0
x86_64 app relocation: base=0x0000000000400000 load_delta=0x0000000000000000 app_words=266

  ==============================================
   KickOS 0.5.1  -  microkernel RTOS
  ==============================================
   board   qemu-x86_64
   arch    x86_64
   cpu     x86-64-v3
   mpu     off
   sched   tickless
   build   2026-10-02 01:46:12 +0200
   app     Oct  2 2026 01:46:14 +0200
   commit  nogit
   heap    16 KiB available
   kstack  4096 B x 33 = 135168 B

microbenchmark: context-switch throughput (all arches) + per-switch cost
+ IRQ-entry latency where a cycle counter exists. Reporter woken by the
workload, not a timer. Telemetry OFF for clean numbers.
cycle counter: 1997203835 Hz (0 = no rate converts a reading; cycles only)

  lock-probe: hold+1 core=0 depth=0  (three nested, one outermost)
  call/reply: 8 B  1914 ns/round-trip  (522238 round-trips/s over 20000 calls / 38 ms)
  call/reply: 16 B  1914 ns/round-trip  (522406 round-trips/s over 20000 calls / 38 ms)
  call/reply: 32 B  1913 ns/round-trip  (522555 round-trips/s over 20000 calls / 38 ms)
  call/reply: 64 B  1915 ns/round-trip  (522120 round-trips/s over 20000 calls / 38 ms)
  call/reply: 128 B  1915 ns/round-trip  (522075 round-trips/s over 20000 calls / 38 ms)
  call/reply: 256 B  1950 ns/round-trip  (512816 round-trips/s over 20000 calls / 39 ms)
  call/reply: 8 B  1918 ns/round-trip  (521276 round-trips/s over 20000 calls / 38 ms) [generic path]
  call/reply: 16 B  1914 ns/round-trip  (522453 round-trips/s over 20000 calls / 38 ms) [generic path]
  call/reply: 32 B  1914 ns/round-trip  (522266 round-trips/s over 20000 calls / 38 ms) [generic path]
  call/reply: 64 B  1920 ns/round-trip  (520566 round-trips/s over 20000 calls / 38 ms) [generic path]
  call/reply: 128 B  1962 ns/round-trip  (509523 round-trips/s over 20000 calls / 39 ms) [generic path]
  call/reply: 256 B  1919 ns/round-trip  (521081 round-trips/s over 20000 calls / 38 ms) [generic path]
  call/reply: 32 B  1953 ns/round-trip  (511872 round-trips/s over 20000 calls / 39 ms) [caller outranks server, D1 donates]
  phase table (44 rows; cyc avg/max, min last and a floor; leaf -= NULL, composite -= NULL + k*(NEST-NULL)):
    NULL             24/440  min=20  n=260000
    NEST             74/16320  min=60  n=260000
    NEST_LOCK        55/14560  min=40  n=260000
    CALL_TOTAL       3587/67080  min=3500  n=259999
    CALL_VALIDATE    29/380  min=20  n=260000
    CALL_LOCKED      3459/66880  min=3380  n=259999
    CALL_RESOLVE     38/13280  min=20  n=260000
    CALL_PEEK        26/360  min=20  n=260000
    CALL_PROBE       23/340  min=20  n=259999
    CALL_POP         26/6960  min=20  n=259999
    CALL_COPY        92/15540  min=60  n=259999
    CALL_MINT        169/19000  min=160  n=259999
    CALL_MINT_CAP    41/18140  min=40  n=259999
    CALL_MINT_INFO   53/11880  min=40  n=259999
    CALL_DONATE      23/60  min=20  n=19999
    CALL_PARK        38/12140  min=20  n=259999
    CALL_WAKE        2628/65940  min=2560  n=259999
    CALL_RESUME      25/120  min=20  n=260000
    CALL_SLOW_TOTAL  6020/6020  min=6020  n=1
    CALL_SLOW_LOCKED 5760/5760  min=5760  n=1
    CALL_SLOW_DONATE 0/0  min=0  n=0
    CALL_SLOW_PARK   5260/5260  min=5260  n=1
    RECV_LOCKED      2996/68080  min=2940  n=259999
    RECV_RESOLVE     46/59800  min=40  n=260000
    RECV_SCAN        23/380  min=20  n=259999
    RECV_PARK        2824/51200  min=2760  n=259999
    REPLY_TOTAL      246173/3191200  min=740  n=13
    REPLY_VALIDATE   118/140  min=100  n=13
    REPLY_LOCKED     378/54760  min=340  n=260000
    REPLY_LOOKUP     33/18020  min=20  n=260000
    REPLY_COPY       96/18260  min=60  n=260000
    REPLY_FUNNEL     28/20840  min=20  n=260000
    REPLY_WAKE       92/11840  min=80  n=260000
    REPLY_RECV_TOTAL 3527/72700  min=1660  n=260000
    REPLY_RECV_TAIL  90/19540  min=80  n=259999
    WAKE_UNPARK      42/6820  min=40  n=520012
    PICK_NEXT        42/15820  min=40  n=520064
    SWITCH_TO        4554/81231660  min=2380  n=520013
    SWITCH_BOOK      42/15600  min=40  n=520039
    MPU_APPLY        27/11180  min=20  n=520039
    MPU_COMMIT       0/0  min=0  n=0
    REENT_SEAT       23/440  min=20  n=520039
    KTIME_REARM      31/23000  min=20  n=520039
    ARCH_SWITCH      4274/81230720  min=2100  n=520013
  ns-probe: cyc=4294967295 ns=2150490210 capped=0
  sat-probe: width=64 fits+1/0 wide+0/1 max=1000

  throughput: 1524134 ctx-sw/s  (656 ns/sw avg over 40000 switches / 26 ms)
  switch-probe: fastpath-swaps=0  (swapped inside the trap, so not in the switch row)
  swb-clock: 2000000 cycles in 778300 ticks
  swb-exact: p1=240 p50=260 p99=260 mean10=2504 n=40002
  switch:    256/256/13980 cyc  128/128/6999 ns  (p50/p99/max, n=40002)
  lock-hold: 208/768/28960 cyc  104/384/14500 ns  (p50/p99/max, n=80362)
  lock-site: core=0 site=0x40b5a5 max=28960
  irq-probe: line=6 raise=inject on=0 raised=100 hcore=none foreign=0 win=0
  irq:       0/0/0 cyc  0/0/0 ns  (p50/max/max, n=0)
  wcase-probe: line=6 raise=inject on=0 raised=100 hcore=none foreign=0 win=0
  wcase-irq[0B]:    0/0/0 cyc  0/0/0 ns  (p50/max/max, n=0)
  wcase-probe: line=6 raise=inject on=0 raised=100 hcore=none foreign=0 win=0
  wcase-irq[64B]:   0/0/0 cyc  0/0/0 ns  (p50/max/max, n=0)
  wcase-probe: line=6 raise=inject on=0 raised=100 hcore=none foreign=0 win=0
  wcase-irq[256B]:  0/0/0 cyc  0/0/0 ns  (p50/max/max, n=0)
  wcase-probe: line=6 raise=inject on=0 raised=100 hcore=none foreign=0 win=0
  wcase-irq[1024B]: 0/0/0 cyc  0/0/0 ns  (p50/max/max, n=0)
  e2e-settle: settled=2/2
  e2e-probe: line=7 closed=1000 dropped=0 tare=70/75 ns  (min/avg, n=64)
  e2e-passes: asked=1000 raised=1000
  e2e-local: 8192/8192/45153 ns  (p50/p99/max, n=1000)
  throughput: 1526850 ctx-sw/s  (654 ns/sw avg over 40000 switches / 26 ms)
  switch-probe: fastpath-swaps=0  (swapped inside the trap, so not in the switch row)
  swb-clock: 2000000 cycles in 778500 ticks
  swb-exact: p1=240 p50=240 p99=260 mean10=2491 n=40002
  switch:    240/256/16920 cyc  120/128/8471 ns  (p50/p99/max, n=40002)
  lock-hold: 208/768/39260 cyc  104/384/19657 ns  (p50/p99/max, n=80365)
  lock-site: core=0 site=0x419048 max=39260
  irq-probe: line=6 raise=inject on=0 raised=100 hcore=none foreign=0 win=0
  irq:       0/0/0 cyc  0/0/0 ns  (p50/max/max, n=0)
  wcase-probe: line=6 raise=inject on=0 raised=100 hcore=none foreign=0 win=0
  wcase-irq[0B]:    0/0/0 cyc  0/0/0 ns  (p50/max/max, n=0)
  wcase-probe: line=6 raise=inject on=0 raised=100 hcore=none foreign=0 win=0
  wcase-irq[64B]:   0/0/0 cyc  0/0/0 ns  (p50/max/max, n=0)
  wcase-probe: line=6 raise=inject on=0 raised=100 hcore=none foreign=0 win=0
  wcase-irq[256B]:  0/0/0 cyc  0/0/0 ns  (p50/max/max, n=0)
  wcase-probe: line=6 raise=inject on=0 raised=100 hcore=none foreign=0 win=0
  wcase-irq[1024B]: 0/0/0 cyc  0/0/0 ns  (p50/max/max, n=0)
  e2e-settle: settled=2/2
  e2e-probe: line=7 closed=1000 dropped=0 tare=70/75 ns  (min/avg, n=64)
  e2e-passes: asked=1000 raised=1000
  e2e-local: 8192/9216/18076 ns  (p50/p99/max, n=1000)
  throughput: 1528104 ctx-sw/s  (654 ns/sw avg over 40000 switches / 26 ms)
  switch-probe: fastpath-swaps=0  (swapped inside the trap, so not in the switch row)
  swb-clock: 2000000 cycles in 778140 ticks
  swb-exact: p1=240 p50=240 p99=260 mean10=2497 n=40002
  switch:    240/256/560 cyc  120/128/280 ns  (p50/p99/max, n=40002)
  lock-hold: 208/768/27080 cyc  104/384/13558 ns  (p50/p99/max, n=80362)
  lock-site: core=0 site=0x40b5a5 max=27080
  irq-probe: line=6 raise=inject on=0 raised=100 hcore=none foreign=0 win=0
  irq:       0/0/0 cyc  0/0/0 ns  (p50/max/max, n=0)
  wcase-probe: line=6 raise=inject on=0 raised=100 hcore=none foreign=0 win=0
  wcase-irq[0B]:    0/0/0 cyc  0/0/0 ns  (p50/max/max, n=0)
  wcase-probe: line=6 raise=inject on=0 raised=100 hcore=none foreign=0 win=0
  wcase-irq[64B]:   0/0/0 cyc  0/0/0 ns  (p50/max/max, n=0)
  wcase-probe: line=6 raise=inject on=0 raised=100 hcore=none foreign=0 win=0
  wcase-irq[256B]:  0/0/0 cyc  0/0/0 ns  (p50/max/max, n=0)
  wcase-probe: line=6 raise=inject on=0 raised=100 hcore=none foreign=0 win=0
  wcase-irq[1024B]: 0/0/0 cyc  0/0/0 ns  (p50/max/max, n=0)
  e2e-settle: settled=2/2
  e2e-probe: line=7 closed=1000 dropped=0 tare=70/75 ns  (min/avg, n=64)
  e2e-passes: asked=1000 raised=1000
  e2e-local: 8192/8192/26006 ns  (p50/p99/max, n=1000)
  swb-clock: 2000000 cycles in 778020 ticks
  swb-exact: p1=240 p50=240 p99=260 mean10=2451 n=40002
  switch-vec: 240/256/15860 cyc  120/128/7941 ns  (p50/p99/max, n=40002)
  xtask ping-pong: 860 ns/switch  (40000 switches / 34 ms)
  xtask call/reply: 16 B  2385 ns/round-trip  (419225 round-trips/s over 20000 calls / 47 ms)
  spawn/exit: thread 15726 ns  (200 reps / 3 ms)
  spawn/exit: task 35512 ns  (200 reps / 7 ms)
bench: done

KICKOS-EXIT status 0
?[2J?[001;001H?[=3h?[2J?[001;001H?[2J?[001;001H?[8;042;160t?[2J?[001;001H?[2J?[001;001H?[8;056;240t?[2J?[001;001HBdsDxe: loading Boot0002 "UEFI QEMU HARDDISK QM00001 " from PciRoot(0x0)/Pci(0x1F,0x2)/Sata(0x0,0xFFFF,0x0)
BdsDxe: starting Boot0002 "UEFI QEMU HARDDISK QM00001 " from PciRoot(0x0)/Pci(0x1F,0x2)/Sata(0x0,0xFFFF,0x0)

KICKOS-X1 8c41d7a2 x86_64/q35 uefi-handover entry
KICKOS-X1 8c41d7a2 x86_64/q35 uefi-handover handover if=1 paging=1 longmode=1 root=1 wp=1 nx=1 nxcap=1
KICKOS-X1 8c41d7a2 x86_64/q35 uefi-handover if_after_cli=0
KICKOS-X1 8c41d7a2 x86_64/q35 uefi-handover firmware=Debian distribution of EDK II
KICKOS-X1 8c41d7a2 x86_64/q35 uefi-handover revision=0x0000000000020046
KICKOS-X1 8c41d7a2 x86_64/q35 uefi-handover map descriptors=108 stride=48 version=1 conventional_pages=117610 arena=0x0000000001800000 arena_pages=107372
KICKOS-X1 8c41d7a2 x86_64/q35 uefi-handover fp found em=0 ts=0 mp=1 osfxsr=1 osxmmexcpt=1 osxsave=0
KICKOS-X1 8c41d7a2 x86_64/q35 uefi-handover fp enabled em=0 ts=0 mp=1 ne=1 osfxsr=1 osxmmexcpt=1 osxsave=1 xcr0=7 xsave=832
KICKOS-X1 8c41d7a2 x86_64/q35 uefi-handover boot services left
KICKOS-X1 8c41d7a2 x86_64/q35 uefi-handover if_after_exit=0
x86_64 app relocation: base=0x0000000000400000 load_delta=0x0000000000000000 app_words=266

  ==============================================
   KickOS 0.5.1  -  microkernel RTOS
  ==============================================
   board   qemu-x86_64
   arch    x86_64
   cpu     x86-64-v3
   mpu     off
   sched   tickless
   build   2026-10-02 01:46:12 +0200
   app     Oct  2 2026 01:46:14 +0200
   commit  nogit
   heap    16 KiB available
   kstack  4096 B x 33 = 135168 B

microbenchmark: context-switch throughput (all arches) + per-switch cost
+ IRQ-entry latency where a cycle counter exists. Reporter woken by the
workload, not a timer. Telemetry OFF for clean numbers.
cycle counter: 1997203835 Hz (0 = no rate converts a reading; cycles only)

  lock-probe: hold+1 core=0 depth=0  (three nested, one outermost)
  call/reply: 8 B  1914 ns/round-trip  (522238 round-trips/s over 20000 calls / 38 ms)
  call/reply: 16 B  1914 ns/round-trip  (522406 round-trips/s over 20000 calls / 38 ms)
  call/reply: 32 B  1913 ns/round-trip  (522555 round-trips/s over 20000 calls / 38 ms)
  call/reply: 64 B  1915 ns/round-trip  (522120 round-trips/s over 20000 calls / 38 ms)
  call/reply: 128 B  1915 ns/round-trip  (522075 round-trips/s over 20000 calls / 38 ms)
  call/reply: 256 B  1950 ns/round-trip  (512816 round-trips/s over 20000 calls / 39 ms)
  call/reply: 8 B  1918 ns/round-trip  (521276 round-trips/s over 20000 calls / 38 ms) [generic path]
  call/reply: 16 B  1914 ns/round-trip  (522453 round-trips/s over 20000 calls / 38 ms) [generic path]
  call/reply: 32 B  1914 ns/round-trip  (522266 round-trips/s over 20000 calls / 38 ms) [generic path]
  call/reply: 64 B  1920 ns/round-trip  (520566 round-trips/s over 20000 calls / 38 ms) [generic path]
  call/reply: 128 B  1962 ns/round-trip  (509523 round-trips/s over 20000 calls / 39 ms) [generic path]
  call/reply: 256 B  1919 ns/round-trip  (521081 round-trips/s over 20000 calls / 38 ms) [generic path]
  call/reply: 32 B  1953 ns/round-trip  (511872 round-trips/s over 20000 calls / 39 ms) [caller outranks server, D1 donates]
  phase table (44 rows; cyc avg/max, min last and a floor; leaf -= NULL, composite -= NULL + k*(NEST-NULL)):
    NULL             24/440  min=20  n=260000
    NEST             74/16320  min=60  n=260000
    NEST_LOCK        55/14560  min=40  n=260000
    CALL_TOTAL       3587/67080  min=3500  n=259999
    CALL_VALIDATE    29/380  min=20  n=260000
    CALL_LOCKED      3459/66880  min=3380  n=259999
    CALL_RESOLVE     38/13280  min=20  n=260000
    CALL_PEEK        26/360  min=20  n=260000
    CALL_PROBE       23/340  min=20  n=259999
    CALL_POP         26/6960  min=20  n=259999
    CALL_COPY        92/15540  min=60  n=259999
    CALL_MINT        169/19000  min=160  n=259999
    CALL_MINT_CAP    41/18140  min=40  n=259999
    CALL_MINT_INFO   53/11880  min=40  n=259999
    CALL_DONATE      23/60  min=20  n=19999
    CALL_PARK        38/12140  min=20  n=259999
    CALL_WAKE        2628/65940  min=2560  n=259999
    CALL_RESUME      25/120  min=20  n=260000
    CALL_SLOW_TOTAL  6020/6020  min=6020  n=1
    CALL_SLOW_LOCKED 5760/5760  min=5760  n=1
    CALL_SLOW_DONATE 0/0  min=0  n=0
    CALL_SLOW_PARK   5260/5260  min=5260  n=1
    RECV_LOCKED      2996/68080  min=2940  n=259999
    RECV_RESOLVE     46/59800  min=40  n=260000
    RECV_SCAN        23/380  min=20  n=259999
    RECV_PARK        2824/51200  min=2760  n=259999
    REPLY_TOTAL      246173/3191200  min=740  n=13
    REPLY_VALIDATE   118/140  min=100  n=13
    REPLY_LOCKED     378/54760  min=340  n=260000
    REPLY_LOOKUP     33/18020  min=20  n=260000
    REPLY_COPY       96/18260  min=60  n=260000
    REPLY_FUNNEL     28/20840  min=20  n=260000
    REPLY_WAKE       92/11840  min=80  n=260000
    REPLY_RECV_TOTAL 3527/72700  min=1660  n=260000
    REPLY_RECV_TAIL  90/19540  min=80  n=259999
    WAKE_UNPARK      42/6820  min=40  n=520012
    PICK_NEXT        42/15820  min=40  n=520064
    SWITCH_TO        4554/81231660  min=2380  n=520013
    SWITCH_BOOK      42/15600  min=40  n=520039
    MPU_APPLY        27/11180  min=20  n=520039
    MPU_COMMIT       0/0  min=0  n=0
    REENT_SEAT       23/440  min=20  n=520039
    KTIME_REARM      31/23000  min=20  n=520039
    ARCH_SWITCH      4274/81230720  min=2100  n=520013
  ns-probe: cyc=4294967295 ns=2150490210 capped=0
  sat-probe: width=64 fits+1/0 wide+0/1 max=1000

  throughput: 1524134 ctx-sw/s  (656 ns/sw avg over 40000 switches / 26 ms)
  switch-probe: fastpath-swaps=0  (swapped inside the trap, so not in the switch row)
  swb-clock: 2000000 cycles in 778300 ticks
  swb-exact: p1=240 p50=260 p99=260 mean10=2504 n=40002
  switch:    256/256/13980 cyc  128/128/6999 ns  (p50/p99/max, n=40002)
  lock-hold: 208/768/28960 cyc  104/384/14500 ns  (p50/p99/max, n=80362)
  lock-site: core=0 site=0x40b5a5 max=28960
  irq-probe: line=6 raise=inject on=0 raised=100 hcore=none foreign=0 win=0
  irq:       0/0/0 cyc  0/0/0 ns  (p50/max/max, n=0)
  wcase-probe: line=6 raise=inject on=0 raised=100 hcore=none foreign=0 win=0
  wcase-irq[0B]:    0/0/0 cyc  0/0/0 ns  (p50/max/max, n=0)
  wcase-probe: line=6 raise=inject on=0 raised=100 hcore=none foreign=0 win=0
  wcase-irq[64B]:   0/0/0 cyc  0/0/0 ns  (p50/max/max, n=0)
  wcase-probe: line=6 raise=inject on=0 raised=100 hcore=none foreign=0 win=0
  wcase-irq[256B]:  0/0/0 cyc  0/0/0 ns  (p50/max/max, n=0)
  wcase-probe: line=6 raise=inject on=0 raised=100 hcore=none foreign=0 win=0
  wcase-irq[1024B]: 0/0/0 cyc  0/0/0 ns  (p50/max/max, n=0)
  e2e-settle: settled=2/2
  e2e-probe: line=7 closed=1000 dropped=0 tare=70/75 ns  (min/avg, n=64)
  e2e-passes: asked=1000 raised=1000
  e2e-local: 8192/8192/45153 ns  (p50/p99/max, n=1000)
  throughput: 1526850 ctx-sw/s  (654 ns/sw avg over 40000 switches / 26 ms)
  switch-probe: fastpath-swaps=0  (swapped inside the trap, so not in the switch row)
  swb-clock: 2000000 cycles in 778500 ticks
  swb-exact: p1=240 p50=240 p99=260 mean10=2491 n=40002
  switch:    240/256/16920 cyc  120/128/8471 ns  (p50/p99/max, n=40002)
  lock-hold: 208/768/39260 cyc  104/384/19657 ns  (p50/p99/max, n=80365)
  lock-site: core=0 site=0x419048 max=39260
  irq-probe: line=6 raise=inject on=0 raised=100 hcore=none foreign=0 win=0
  irq:       0/0/0 cyc  0/0/0 ns  (p50/max/max, n=0)
  wcase-probe: line=6 raise=inject on=0 raised=100 hcore=none foreign=0 win=0
  wcase-irq[0B]:    0/0/0 cyc  0/0/0 ns  (p50/max/max, n=0)
  wcase-probe: line=6 raise=inject on=0 raised=100 hcore=none foreign=0 win=0
  wcase-irq[64B]:   0/0/0 cyc  0/0/0 ns  (p50/max/max, n=0)
  wcase-probe: line=6 raise=inject on=0 raised=100 hcore=none foreign=0 win=0
  wcase-irq[256B]:  0/0/0 cyc  0/0/0 ns  (p50/max/max, n=0)
  wcase-probe: line=6 raise=inject on=0 raised=100 hcore=none foreign=0 win=0
  wcase-irq[1024B]: 0/0/0 cyc  0/0/0 ns  (p50/max/max, n=0)
  e2e-settle: settled=2/2
  e2e-probe: line=7 closed=1000 dropped=0 tare=70/75 ns  (min/avg, n=64)
  e2e-passes: asked=1000 raised=1000
  e2e-local: 8192/9216/18076 ns  (p50/p99/max, n=1000)
  throughput: 1528104 ctx-sw/s  (654 ns/sw avg over 40000 switches / 26 ms)
  switch-probe: fastpath-swaps=0  (swapped inside the trap, so not in the switch row)
  swb-clock: 2000000 cycles in 778140 ticks
  swb-exact: p1=240 p50=240 p99=260 mean10=2497 n=40002
  switch:    240/256/560 cyc  120/128/280 ns  (p50/p99/max, n=40002)
  lock-hold: 208/768/27080 cyc  104/384/13558 ns  (p50/p99/max, n=80362)
  lock-site: core=0 site=0x40b5a5 max=27080
  irq-probe: line=6 raise=inject on=0 raised=100 hcore=none foreign=0 win=0
  irq:       0/0/0 cyc  0/0/0 ns  (p50/max/max, n=0)
  wcase-probe: line=6 raise=inject on=0 raised=100 hcore=none foreign=0 win=0
  wcase-irq[0B]:    0/0/0 cyc  0/0/0 ns  (p50/max/max, n=0)
  wcase-probe: line=6 raise=inject on=0 raised=100 hcore=none foreign=0 win=0
  wcase-irq[64B]:   0/0/0 cyc  0/0/0 ns  (p50/max/max, n=0)
  wcase-probe: line=6 raise=inject on=0 raised=100 hcore=none foreign=0 win=0
  wcase-irq[256B]:  0/0/0 cyc  0/0/0 ns  (p50/max/max, n=0)
  wcase-probe: line=6 raise=inject on=0 raised=100 hcore=none foreign=0 win=0
  wcase-irq[1024B]: 0/0/0 cyc  0/0/0 ns  (p50/max/max, n=0)
  e2e-settle: settled=2/2
  e2e-probe: line=7 closed=1000 dropped=0 tare=70/75 ns  (min/avg, n=64)
  e2e-passes: asked=1000 raised=1000
  e2e-local: 8192/8192/26006 ns  (p50/p99/max, n=1000)
  swb-clock: 2000000 cycles in 778020 ticks
  swb-exact: p1=240 p50=240 p99=260 mean10=2451 n=40002
  switch-vec: 240/256/15860 cyc  120/128/7941 ns  (p50/p99/max, n=40002)
  xtask ping-pong: 860 ns/switch  (40000 switches / 34 ms)
  xtask call/reply: 16 B  2385 ns/round-trip  (419225 round-trips/s over 20000 calls / 47 ms)
  spawn/exit: thread 15726 ns  (200 reps / 3 ms)
  spawn/exit: task 35512 ns  (200 reps / 7 ms)
bench: done

KICKOS-EXIT status 0
