
  ========ets Jul 29 2019 12:21:46

rst:0x1 (POWERON_RESET),boot:0x13 (SPI_FAST_FLASH_BOOT)
configsip: 0, SPIWP:0xee
clk_drv:0x00,q_drv:0x00,d_drv:0x00,cs0_drv:0x00,hd_drv:0x00,wp_drv:0x00
mode:DIO, clock div:2
load:0x3ffb0000,len:9708
ho 0 tail 12 room 4
load:0x40080000,len:51440
entry 0x4008?
??H????????????????????????????????????????????????j
   KickOS 0.5.1  -  microkernel RTOS
  ==============================================
   board   esp32-wroom
   arch    lx6
   cpu     lx6
   mpu     off
   sched   tickless
   build   2026-10-01 23:50:27 +0200
   app     Oct  1 2026 23:50:35 +0200
   commit  faf82af9
   heap    16 KiB available

microbenchmark: context-switch throughput (all arches) + per-switch cost
+ IRQ-entry latency where a cycle counter exists. Reporter woken by the
workload, not a timer. Telemetry OFF for clean numbers.
cycle counter: 240000000 Hz (0 = no rate converts a reading; cycles only)

  lock-probe: hold+1 core=0 depth=0  (three nested, one outermost)
  call/reply: 8 B  37236 ns/round-trip  (26855 round-trips/s over 20000 calls / 744 ms)
  call/reply: 16 B  37313 ns/round-trip  (26800 round-trips/s over 20000 calls / 746 ms)
  call/reply: 32 B  37479 ns/round-trip  (26681 round-trips/s over 20000 calls / 749 ms)
  call/reply: 64 B  37813 ns/round-trip  (26445 round-trips/s over 20000 calls / 756 ms)
  call/reply: 128 B  38479 ns/round-trip  (25987 round-trips/s over 20000 calls / 769 ms)
  call/reply: 256 B  39813 ns/round-trip  (25117 round-trips/s over 20000 calls / 796 ms)
  call/reply: 8 B  36979 ns/round-trip  (27041 round-trips/s over 20000 calls / 739 ms) [generic path]
  call/reply: 16 B  37063 ns/round-trip  (26981 round-trips/s over 20000 calls / 741 ms) [generic path]
  call/reply: 32 B  37229 ns/round-trip  (26860 round-trips/s over 20000 calls / 744 ms) [generic path]
  call/reply: 64 B  37563 ns/round-trip  (26621 round-trips/s over 20000 calls / 751 ms) [generic path]
  call/reply: 128 B  38229 ns/round-trip  (26157 round-trips/s over 20000 calls / 764 ms) [generic path]
  call/reply: 256 B  39563 ns/round-trip  (25276 round-trips/s over 20000 calls / 791 ms) [generic path]
  call/reply: 32 B  38370 ns/round-trip  (26061 round-trips/s over 20000 calls / 767 ms) [caller outranks server, D1 donates]
  phase table (44 rows; cyc avg/max, min last and a floor; leaf -= NULL, composite -= NULL + k*(NEST-NULL)):
    NULL             1/1  min=1  n=260000
    NEST             77/78  min=75  n=260000
    NEST_LOCK        24/24  min=24  n=260000
    CALL_TOTAL       8468/13630  min=7548  n=259999
    CALL_VALIDATE    157/203  min=146  n=260000
    CALL_LOCKED      8113/13267  min=7181  n=259999
    CALL_RESOLVE     156/156  min=156  n=260000
    CALL_PEEK        26/27  min=22  n=260000
    CALL_PROBE       22/22  min=22  n=259999
    CALL_POP         58/58  min=58  n=259999
    CALL_COPY        175/395  min=85  n=259999
    CALL_MINT        455/456  min=450  n=259999
    CALL_MINT_CAP    216/216  min=216  n=259999
    CALL_MINT_INFO   82/82  min=82  n=259999
    CALL_DONATE      25/25  min=25  n=19999
    CALL_PARK        146/146  min=146  n=259999
    CALL_WAKE        6138/11389  min=5173  n=259999
    CALL_RESUME      30/30  min=30  n=260000
    CALL_SLOW_TOTAL  8584/8584  min=8584  n=1
    CALL_SLOW_LOCKED 8186/8186  min=8186  n=1
    CALL_SLOW_DONATE 0/0  min=0  n=0
    CALL_SLOW_PARK   7480/7480  min=7480  n=1
    RECV_LOCKED      6446/6965  min=6316  n=259999
    RECV_RESOLVE     237/314  min=237  n=260000
    RECV_SCAN        41/41  min=41  n=259999
    RECV_PARK        5934/6378  min=5804  n=259999
    REPLY_TOTAL      4177/35781  min=1450  n=13
    REPLY_VALIDATE   126/126  min=126  n=13
    REPLY_LOCKED     1063/1275  min=944  n=260000
    REPLY_LOOKUP     286/287  min=266  n=260000
    REPLY_COPY       171/391  min=81  n=260000
    REPLY_FUNNEL     80/182  min=72  n=260000
    REPLY_WAKE       195/196  min=194  n=260000
    REPLY_RECV_TOTAL 8316/8768  min=1771  n=260000
    REPLY_RECV_TAIL  195/195  min=195  n=259999
    WAKE_UNPARK      65/86  min=65  n=520012
    PICK_NEXT        39/60  min=39  n=520064
    SWITCH_TO        10097/191133573  min=4659  n=520013
    SWITCH_BOOK      68/69  min=68  n=520039
    MPU_APPLY        1/1  min=1  n=520039
    MPU_COMMIT       0/0  min=0  n=0
    REENT_SEAT       40/413  min=40  n=520039
    KTIME_REARM      94/95  min=75  n=520039
    ARCH_SWITCH      9484/191132589  min=4044  n=520013
  ns-probe: cyc=4294967295 ns=4294967295 capped=1
  sat-probe: width=32 (no delta this counter forms is too wide)

  throughput: 78274 ctx-sw/s  (12775 ns/sw avg over 40000 switches / 511 ms)
  switch-probe: fastpath-swaps=0  (swapped inside the trap, so not in the switch row)
  switch:    176/176/179 cyc  733/733/745 ns  (p50/p99/max, n=39998)
  lock-hold: 640/1664/2686 cyc  2666/6933/11191 ns  (p50/p99/max, n=80015)
  lock-site: core=0 site=0x40081f6c max=2686
  irq-probe: line=6 raise=inject on=0 raised=100 hcore=0 foreign=0 win=565
  irq:       256/301/301 cyc  1066/1254/1254 ns  (p50/max/max, n=100)
  wcase-probe: line=6 raise=inject on=0 raised=100 hcore=0 foreign=0 win=529
  wcase-irq[0B]:    256/293/293 cyc  1066/1220/1220 ns  (p50/max/max, n=100)
  wcase-probe: line=6 raise=inject on=0 raised=100 hcore=0 foreign=0 win=6433
  wcase-irq[64B]:   832/848/848 cyc  3466/3533/3533 ns  (p50/max/max, n=100)
  wcase-probe: line=6 raise=inject on=0 raised=100 hcore=0 foreign=0 win=2812
  wcase-irq[256B]:  2560/2576/2576 cyc  10666/10733/10733 ns  (p50/max/max, n=100)
  wcase-probe: line=6 raise=inject on=0 raised=100 hcore=0 foreign=0 win=14765
  wcase-irq[1024B]: 9216/9488/9488 cyc  38400/39533/39533 ns  (p50/max/max, n=100)
  e2e-settle: settled=2/2
  e2e-probe: line=7 closed=1000 dropped=0 tare=900/900 ns  (min/avg, n=64)
  e2e-passes: asked=1000 raised=1000
  e2e-local: 12288/12288/35475 ns  (p50/p99/max, n=1000)
  throughput: 78277 ctx-sw/s  (12774 ns/sw avg over 40000 switches / 510 ms)
  switch-probe: fastpath-swaps=0  (swapped inside the trap, so not in the switch row)
  switch:    176/176/179 cyc  733/733/745 ns  (p50/p99/max, n=40001)
  lock-hold: 640/1664/2686 cyc  2666/6933/11191 ns  (p50/p99/max, n=80018)
  lock-site: core=0 site=0x40081f6c max=2686
  irq-probe: line=6 raise=inject on=0 raised=100 hcore=0 foreign=0 win=565
  irq:       256/301/301 cyc  1066/1254/1254 ns  (p50/max/max, n=100)
  wcase-probe: line=6 raise=inject on=0 raised=100 hcore=0 foreign=0 win=529
  wcase-irq[0B]:    256/293/293 cyc  1066/1220/1220 ns  (p50/max/max, n=100)
  wcase-probe: line=6 raise=inject on=0 raised=100 hcore=0 foreign=0 win=6433
  wcase-irq[64B]:   832/848/848 cyc  3466/3533/3533 ns  (p50/max/max, n=100)
  wcase-probe: line=6 raise=inject on=0 raised=100 hcore=0 foreign=0 win=2812
  wcase-irq[256B]:  2560/2576/2576 cyc  10666/10733/10733 ns  (p50/max/max, n=100)
  wcase-probe: line=6 raise=inject on=0 raised=100 hcore=0 foreign=0 win=14765
  wcase-irq[1024B]: 9216/9488/9488 cyc  38400/39533/39533 ns  (p50/max/max, n=100)
  e2e-settle: settled=2/2
  e2e-probe: line=7 closed=1000 dropped=0 tare=900/900 ns  (min/avg, n=64)
  e2e-passes: asked=1000 raised=1000
  e2e-local: 12288/12288/35500 ns  (p50/p99/max, n=1000)
  throughput: 78277 ctx-sw/s  (12774 ns/sw avg over 40000 switches / 510 ms)
  switch-probe: fastpath-swaps=0  (swapped inside the trap, so not in the switch row)
  switch:    176/176/179 cyc  733/733/745 ns  (p50/p99/max, n=40001)
  lock-hold: 640/1664/2686 cyc  2666/6933/11191 ns  (p50/p99/max, n=80018)
  lock-site: core=0 site=0x40081f6c max=2686
  irq-probe: line=6 raise=inject on=0 raised=100 hcore=0 foreign=0 win=565
  irq:       256/301/301 cyc  1066/1254/1254 ns  (p50/max/max, n=100)
  wcase-probe: line=6 raise=inject on=0 raised=100 hcore=0 foreign=0 win=529
  wcase-irq[0B]:    256/293/293 cyc  1066/1220/1220 ns  (p50/max/max, n=100)
  wcase-probe: line=6 raise=inject on=0 raised=100 hcore=0 foreign=0 win=6433
  wcase-irq[64B]:   832/848/848 cyc  3466/3533/3533 ns  (p50/max/max, n=100)
  wcase-probe: line=6 raise=inject on=0 raised=100 hcore=0 foreign=0 win=2812
  wcase-irq[256B]:  2560/2576/2576 cyc  10666/10733/10733 ns  (p50/max/max, n=100)
  wcase-probe: line=6 raise=inject on=0 raised=100 hcore=0 foreign=0 win=14765
  wcase-irq[1024B]: 9216/9488/9488 cyc  38400/39533/39533 ns  (p50/max/max, n=100)
  e2e-settle: settled=2/2
  e2e-probe: line=7 closed=1000 dropped=0 tare=900/900 ns  (min/avg, n=64)
  e2e-passes: asked=1000 raised=1000
  e2e-local: 12288/12288/35500 ns  (p50/p99/max, n=1000)
  xtask ping-pong: 12776 ns/switch  (40000 switches / 511 ms)
  xtask call/reply: 16 B  37313 ns/round-trip  (26800 round-trips/s over 20000 calls / 746 ms)
  spawn/exit: thread 67274 ns  (200 reps / 13 ms)
  spawn/exit: task 74970 ns  (200 reps / 14 ms)
bench: done
