?
  ==============================================
   KickOS 0.5.1  -  microkernel RTOS
  ==============================================
   board   f411disco
   arch    armv7m
   cpu     cortex-m4
   mpu     enforce
   sched   tickless
   build   2026-10-02 00:52:10 +0200
   app     Oct  2 2026 00:52:14 +0200
   commit  faf82af9
   heap    12 KiB available
   kstack  1072 B x 9 = 9648 B

microbenchmark: context-switch throughput (all arches) + per-switch cost
+ IRQ-entry latency where a cycle counter exists. Reporter woken by the
workload, not a timer. Telemetry OFF for clean numbers.
cycle counter: 84000000 Hz (0 = no rate converts a reading; cycles only)

  lock-probe: hold+1 core=0 depth=0  (three nested, one outermost)
  call/reply: 8 B  84077 ns/round-trip  (11893 round-trips/s over 20000 calls / 1681 ms)
  call/reply: 16 B  85008 ns/round-trip  (11763 round-trips/s over 20000 calls / 1700 ms)
  call/reply: 32 B  105163 ns/round-trip  (9508 round-trips/s over 20000 calls / 2103 ms)
  call/reply: 64 B  106306 ns/round-trip  (9406 round-trips/s over 20000 calls / 2126 ms)
  call/reply: 128 B  108592 ns/round-trip  (9208 round-trips/s over 20000 calls / 2171 ms)
  call/reply: 256 B  113163 ns/round-trip  (8836 round-trips/s over 20000 calls / 2263 ms)
  call/reply: 8 B  103961 ns/round-trip  (9618 round-trips/s over 20000 calls / 2079 ms) [generic path]
  call/reply: 16 B  104247 ns/round-trip  (9592 round-trips/s over 20000 calls / 2084 ms) [generic path]
  call/reply: 32 B  104819 ns/round-trip  (9540 round-trips/s over 20000 calls / 2096 ms) [generic path]
  call/reply: 64 B  105962 ns/round-trip  (9437 round-trips/s over 20000 calls / 2119 ms) [generic path]
  call/reply: 128 B  108248 ns/round-trip  (9238 round-trips/s over 20000 calls / 2164 ms) [generic path]
  call/reply: 256 B  112819 ns/round-trip  (8863 round-trips/s over 20000 calls / 2256 ms) [generic path]
  call/reply: 32 B  108044 ns/round-trip  (9255 round-trips/s over 20000 calls / 2160 ms) [caller outranks server, D1 donates]
  phase table (44 rows; cyc avg/max, min last and a floor; leaf -= NULL, composite -= NULL + k*(NEST-NULL)):
    NULL             1/1  min=1  n=220000
    NEST             56/57  min=56  n=220000
    NEST_LOCK        36/36  min=36  n=220000
    CALL_TOTAL       3142/3532  min=3008  n=219999
    CALL_VALIDATE    270/415  min=270  n=220000
    CALL_LOCKED      2695/2933  min=2561  n=219999
    CALL_RESOLVE     161/161  min=161  n=220000
    CALL_PEEK        12/13  min=12  n=220000
    CALL_PROBE       19/19  min=19  n=219999
    CALL_POP         52/52  min=52  n=219999
    CALL_COPY        221/467  min=95  n=219999
    CALL_MINT        438/440  min=438  n=219999
    CALL_MINT_CAP    241/241  min=241  n=219999
    CALL_MINT_INFO   79/79  min=79  n=219999
    CALL_DONATE      38/38  min=38  n=19999
    CALL_PARK        165/166  min=164  n=219999
    CALL_WAKE        906/907  min=906  n=219999
    CALL_RESUME      29/172  min=29  n=220000
    CALL_SLOW_TOTAL  2478/2478  min=2478  n=1
    CALL_SLOW_LOCKED 2031/2031  min=2031  n=1
    CALL_SLOW_DONATE 0/0  min=0  n=0
    CALL_SLOW_PARK   1439/1439  min=1439  n=1
    RECV_LOCKED      1389/2008  min=1386  n=259999
    RECV_RESOLVE     280/344  min=280  n=260000
    RECV_SCAN        46/46  min=46  n=259999
    RECV_PARK        895/1442  min=892  n=259999
    REPLY_TOTAL      1535/2134  min=1371  n=13
    REPLY_VALIDATE   145/145  min=145  n=13
    REPLY_LOCKED     986/1243  min=863  n=260000
    REPLY_LOOKUP     272/272  min=272  n=260000
    REPLY_COPY       204/468  min=96  n=260000
    REPLY_FUNNEL     92/218  min=82  n=260000
    REPLY_WAKE       179/182  min=179  n=260000
    REPLY_RECV_TOTAL 3451/3850  min=2108  n=260000
    REPLY_RECV_TAIL  216/364  min=215  n=259999
    WAKE_UNPARK      71/77  min=68  n=520012
    PICK_NEXT        29/29  min=29  n=480064
    SWITCH_TO        544/1096  min=542  n=480039
    SWITCH_BOOK      74/80  min=74  n=520039
    MPU_APPLY        21/22  min=21  n=520039
    MPU_COMMIT       189/189  min=189  n=520039
    REENT_SEAT       44/590  min=43  n=520039
    KTIME_REARM      63/65  min=63  n=520039
    ARCH_SWITCH      22/22  min=22  n=480039
  ns-probe: cyc=4294967295 ns=4294967295 capped=1
  sat-probe: width=32 (no delta this counter forms is too wide)

  throughput: 27613 ctx-sw/s  (36214 ns/sw avg over 40000 switches / 1448 ms)
  switch-probe: fastpath-swaps=0  (swapped inside the trap, so not in the switch row)
  switch:    80/80/224 cyc  952/952/2666 ns  (p50/p99/max, n=40002)
  lock-hold: 576/1024/2355 cyc  6857/12190/28035 ns  (p50/p99/max, n=80018)
  lock-site: core=0 site=0x80047bb max=2355
  irq-probe: line=6 raise=stir on=0 raised=100 hcore=0 foreign=0 win=201
  irq:       32/40/40 cyc  380/476/476 ns  (p50/max/max, n=100)
  wcase-probe: line=6 raise=stir on=0 raised=100 hcore=0 foreign=0 win=220
  wcase-irq[0B]:    48/53/53 cyc  571/630/630 ns  (p50/max/max, n=100)
  wcase-probe: line=6 raise=stir on=0 raised=100 hcore=0 foreign=0 win=665
  wcase-irq[64B]:   480/499/499 cyc  5714/5940/5940 ns  (p50/max/max, n=100)
  wcase-probe: line=6 raise=stir on=0 raised=100 hcore=0 foreign=0 win=2009
  wcase-irq[256B]:  1792/1842/1842 cyc  21333/21928/21928 ns  (p50/max/max, n=100)
  wcase-probe: line=6 raise=stir on=0 raised=100 hcore=0 foreign=0 win=7389
  wcase-irq[1024B]: 7168/7218/7218 cyc  85333/85928/85928 ns  (p50/max/max, n=100)
  e2e-settle: settled=2/2
  e2e-probe: line=7 closed=1000 dropped=0 tare=4261/4347 ns  (min/avg, n=64)
  e2e-passes: asked=1000 raised=1000
  e2e-local: 28672/30720/32048 ns  (p50/p99/max, n=1000)
  throughput: 27614 ctx-sw/s  (36212 ns/sw avg over 40000 switches / 1448 ms)
  switch-probe: fastpath-swaps=0  (swapped inside the trap, so not in the switch row)
  switch:    80/80/226 cyc  952/952/2690 ns  (p50/p99/max, n=40002)
  lock-hold: 576/1024/2355 cyc  6857/12190/28035 ns  (p50/p99/max, n=80018)
  lock-site: core=0 site=0x80047bb max=2355
  irq-probe: line=6 raise=stir on=0 raised=100 hcore=0 foreign=0 win=215
  irq:       32/40/40 cyc  380/476/476 ns  (p50/max/max, n=100)
  wcase-probe: line=6 raise=stir on=0 raised=100 hcore=0 foreign=0 win=220
  wcase-irq[0B]:    48/53/53 cyc  571/630/630 ns  (p50/max/max, n=100)
  wcase-probe: line=6 raise=stir on=0 raised=100 hcore=0 foreign=0 win=671
  wcase-irq[64B]:   480/499/499 cyc  5714/5940/5940 ns  (p50/max/max, n=100)
  wcase-probe: line=6 raise=stir on=0 raised=100 hcore=0 foreign=0 win=2008
  wcase-irq[256B]:  1792/1842/1842 cyc  21333/21928/21928 ns  (p50/max/max, n=100)
  wcase-probe: line=6 raise=stir on=0 raised=100 hcore=0 foreign=0 win=7389
  wcase-irq[1024B]: 7168/7218/7218 cyc  85333/85928/85928 ns  (p50/max/max, n=100)
  e2e-settle: settled=2/2
  e2e-probe: line=7 closed=1000 dropped=0 tare=4261/4347 ns  (min/avg, n=64)
  e2e-passes: asked=1000 raised=1000
  e2e-local: 28672/30720/32048 ns  (p50/p99/max, n=1000)
  throughput: 27614 ctx-sw/s  (36212 ns/sw avg over 40000 switches / 1448 ms)
  switch-probe: fastpath-swaps=0  (swapped inside the trap, so not in the switch row)
  switch:    80/80/226 cyc  952/952/2690 ns  (p50/p99/max, n=40002)
  lock-hold: 576/1024/2355 cyc  6857/12190/28035 ns  (p50/p99/max, n=80018)
  lock-site: core=0 site=0x80047bb max=2355
  irq-probe: line=6 raise=stir on=0 raised=100 hcore=0 foreign=0 win=215
  irq:       32/40/40 cyc  380/476/476 ns  (p50/max/max, n=100)
  wcase-probe: line=6 raise=stir on=0 raised=100 hcore=0 foreign=0 win=220
  wcase-irq[0B]:    48/53/53 cyc  571/630/630 ns  (p50/max/max, n=100)
  wcase-probe: line=6 raise=stir on=0 raised=100 hcore=0 foreign=0 win=671
  wcase-irq[64B]:   480/499/499 cyc  5714/5940/5940 ns  (p50/max/max, n=100)
  wcase-probe: line=6 raise=stir on=0 raised=100 hcore=0 foreign=0 win=2008
  wcase-irq[256B]:  1792/1842/1842 cyc  21333/21928/21928 ns  (p50/max/max, n=100)
  wcase-probe: line=6 raise=stir on=0 raised=100 hcore=0 foreign=0 win=7389
  wcase-irq[1024B]: 7168/7218/7218 cyc  85333/85928/85928 ns  (p50/max/max, n=100)
  e2e-settle: settled=2/2
  e2e-probe: line=7 closed=1000 dropped=0 tare=4261/4347 ns  (min/avg, n=64)
  e2e-passes: asked=1000 raised=1000
  e2e-local: 28672/30720/32048 ns  (p50/p99/max, n=1000)
  xtask ping-pong: 36289 ns/switch  (40000 switches / 1451 ms)
  xtask call/reply: 16 B  85006 ns/round-trip  (11763 round-trips/s over 20000 calls / 1700 ms)
  spawn/exit: thread 220073 ns  (200 reps / 44 ms)
  spawn/exit: task 245597 ns  (200 reps / 49 ms)
bench: done
