  call/reply: 64 B  66375 ns/round-trip  (15065 round-trips/s over 20000 calls / 1327 ms) [generic path]

  ==============================================
   KickOS 0.5.1  -  microkernel RTOS
  ==============================================
   board   xmc4800-relax
   arch    armv7m
   cpu     cortex-m4
   mpu     enforce
   sched   tickless
   build   2026-10-02 00:59:01 +0200
   app     Oct  2 2026 00:59:02 +0200
   commit  faf82af9
   heap    28 KiB available
   kstack  1072 B x 9 = 9648 B

microbenchmark: context-switch throughput (all arches) + per-switch cost
+ IRQ-entry latency where a cycle counter exists. Reporter woken by the
workload, not a timer. Telemetry OFF for clean numbers.
cycle counter: 144000000 Hz (0 = no rate converts a reading; cycles only)

  lock-probe: hold+1 core=0 depth=0  (three nested, one outermost)
  call/reply: 8 B  53201 ns/round-trip  (18796 round-trips/s over 20000 calls / 1064 ms)
  call/reply: 16 B  53721 ns/round-trip  (18614 round-trips/s over 20000 calls / 1074 ms)
  call/reply: 32 B  65894 ns/round-trip  (15175 round-trips/s over 20000 calls / 1317 ms)
  call/reply: 64 B  66561 ns/round-trip  (15023 round-trips/s over 20000 calls / 1331 ms)
  call/reply: 128 B  67894 ns/round-trip  (14728 round-trips/s over 20000 calls / 1357 ms)
  call/reply: 256 B  70561 ns/round-trip  (14172 round-trips/s over 20000 calls / 1411 ms)
  call/reply: 8 B  65207 ns/round-trip  (15335 round-trips/s over 20000 calls / 1304 ms) [generic path]
  call/reply: 16 B  65375 ns/round-trip  (15296 round-trips/s over 20000 calls / 1307 ms) [generic path]
  call/reply: 32 B  65708 ns/round-trip  (15218 round-trips/s over 20000 calls / 1314 ms) [generic path]
  call/reply: 64 B  66375 ns/round-trip  (15065 round-trips/s over 20000 calls / 1327 ms) [generic path]
  call/reply: 128 B  67708 ns/round-trip  (14769 round-trips/s over 20000 calls / 1354 ms) [generic path]
  call/reply: 256 B  70375 ns/round-trip  (14209 round-trips/s over 20000 calls / 1407 ms) [generic path]
  call/reply: 32 B  67708 ns/round-trip  (14769 round-trips/s over 20000 calls / 1354 ms) [caller outranks server, D1 donates]
  phase table (44 rows; cyc avg/max, min last and a floor; leaf -= NULL, composite -= NULL + k*(NEST-NULL)):
    NULL             0/0  min=0  n=220000
    NEST             0/0  min=0  n=220000
    NEST_LOCK        0/0  min=0  n=220000
    CALL_TOTAL       0/0  min=0  n=219999
    CALL_VALIDATE    0/0  min=0  n=220000
    CALL_LOCKED      0/0  min=0  n=219999
    CALL_RESOLVE     0/0  min=0  n=220000
    CALL_PEEK        0/0  min=0  n=220000
    CALL_PROBE       0/0  min=0  n=219999
    CALL_POP         0/0  min=0  n=219999
    CALL_COPY        0/0  min=0  n=219999
    CALL_MINT        0/0  min=0  n=219999
    CALL_MINT_CAP    0/0  min=0  n=219999
    CALL_MINT_INFO   0/0  min=0  n=219999
    CALL_DONATE      0/0  min=0  n=19999
    CALL_PARK        0/0  min=0  n=219999
    CALL_WAKE        0/0  min=0  n=219999
    CALL_RESUME      0/0  min=0  n=220000
    CALL_SLOW_TOTAL  0/0  min=0  n=1
    CALL_SLOW_LOCKED 0/0  min=0  n=1
    CALL_SLOW_DONATE 0/0  min=0  n=0
    CALL_SLOW_PARK   0/0  min=0  n=1
    RECV_LOCKED      0/0  min=0  n=259999
    RECV_RESOLVE     0/0  min=0  n=260000
    RECV_SCAN        0/0  min=0  n=259999
    RECV_PARK        0/0  min=0  n=259999
    REPLY_TOTAL      0/0  min=0  n=13
    REPLY_VALIDATE   0/0  min=0  n=13
    REPLY_LOCKED     0/0  min=0  n=260000
    REPLY_LOOKUP     0/0  min=0  n=260000
    REPLY_COPY       0/0  min=0  n=260000
    REPLY_FUNNEL     0/0  min=0  n=260000
    REPLY_WAKE       0/0  min=0  n=260000
    REPLY_RECV_TOTAL 0/0  min=0  n=260000
    REPLY_RECV_TAIL  0/0  min=0  n=259999
    WAKE_UNPARK      0/0  min=0  n=520012
    PICK_NEXT        0/0  min=0  n=480064
    SWITCH_TO        0/0  min=0  n=480039
    SWITCH_BOOK      0/0  min=0  n=520039
    MPU_APPLY        0/0  min=0  n=520039
    MPU_COMMIT       0/0  min=0  n=520039
    REENT_SEAT       0/0  min=0  n=520039
    KTIME_REARM      0/0  min=0  n=520039
    ARCH_SWITCH      0/0  min=0  n=480039
  ns-probe: cyc=4294967295 ns=4294967295 capped=1
  sat-probe: width=32 (no delta this counter forms is too wide)

  throughput: 47960 ctx-sw/s  (20850 ns/sw avg over 40000 switches / 834 ms)
  switch-probe: fastpath-swaps=0  (swapped inside the trap, so not in the switch row)
  switch:    0/0/0 cyc  0/0/0 ns  (min/avg/max, n=40002)
  lock-hold: 0/0/0 cyc  0/0/0 ns  (min/avg/max, n=80021)
  lock-site: core=0 site=0x8006f4f max=0
  irq-probe: line=6 raise=stir on=0 raised=100 hcore=0 foreign=0 win=0
  irq:       1/1/1 cyc  6/6/6 ns  (min/avg/max, n=100)
  wcase-probe: line=6 raise=stir on=0 raised=100 hcore=0 foreign=0 win=0
  wcase-irq[0B]:    1/1/1 cyc  6/6/6 ns  (min/avg/max, n=100)
  wcase-probe: line=6 raise=stir on=0 raised=100 hcore=0 foreign=0 win=0
  wcase-irq[64B]:   1/1/1 cyc  6/6/6 ns  (min/avg/max, n=100)
  wcase-probe: line=6 raise=stir on=0 raised=100 hcore=0 foreign=0 win=0
  wcase-irq[256B]:  1/1/1 cyc  6/6/6 ns  (min/avg/max, n=100)
  wcase-probe: line=6 raise=stir on=0 raised=100 hcore=0 foreign=0 win=0
  wcase-irq[1024B]: 1/1/1 cyc  6/6/6 ns  (min/avg/max, n=100)
  e2e-settle: settled=2/2
  e2e-probe: line=7 closed=1000 dropped=0 tare=3055/3151 ns  (min/avg, n=64)
  e2e-passes: asked=1000 raised=1000
  e2e-local: 18625/19097/20431 ns  (min/avg/max, n=1000)
  throughput: 47973 ctx-sw/s  (20845 ns/sw avg over 40000 switches / 833 ms)
  switch-probe: fastpath-swaps=0  (swapped inside the trap, so not in the switch row)
  switch:    0/0/0 cyc  0/0/0 ns  (min/avg/max, n=40002)
  lock-hold: 0/0/0 cyc  0/0/0 ns  (min/avg/max, n=80021)
  lock-site: core=0 site=0x8006f4f max=0
  irq-probe: line=6 raise=stir on=0 raised=100 hcore=0 foreign=0 win=0
  irq:       1/1/1 cyc  6/6/6 ns  (min/avg/max, n=100)
  wcase-probe: line=6 raise=stir on=0 raised=100 hcore=0 foreign=0 win=0
  wcase-irq[0B]:    1/1/1 cyc  6/6/6 ns  (min/avg/max, n=100)
  wcase-probe: line=6 raise=stir on=0 raised=100 hcore=0 foreign=0 win=0
  wcase-irq[64B]:   1/1/1 cyc  6/6/6 ns  (min/avg/max, n=100)
  wcase-probe: line=6 raise=stir on=0 raised=100 hcore=0 foreign=0 win=0
  wcase-irq[256B]:  1/1/1 cyc  6/6/6 ns  (min/avg/max, n=100)
  wcase-probe: line=6 raise=stir on=0 raised=100 hcore=0 foreign=0 win=0
  wcase-irq[1024B]: 1/1/1 cyc  6/6/6 ns  (min/avg/max, n=100)
  e2e-settle: settled=2/2
  e2e-probe: line=7 closed=1000 dropped=0 tare=3055/3151 ns  (min/avg, n=64)
  e2e-passes: asked=1000 raised=1000
  e2e-local: 18625/19095/20431 ns  (min/avg/max, n=1000)
  throughput: 47973 ctx-sw/s  (20845 ns/sw avg over 40000 switches / 833 ms)
  switch-probe: fastpath-swaps=0  (swapped inside the trap, so not in the switch row)
  switch:    0/0/0 cyc  0/0/0 ns  (min/avg/max, n=40002)
  lock-hold: 0/0/0 cyc  0/0/0 ns  (min/avg/max, n=80021)
  lock-site: core=0 site=0x8006f4f max=0
  irq-probe: line=6 raise=stir on=0 raised=100 hcore=0 foreign=0 win=0
  irq:       1/1/1 cyc  6/6/6 ns  (min/avg/max, n=100)
  wcase-probe: line=6 raise=stir on=0 raised=100 hcore=0 foreign=0 win=0
  wcase-irq[0B]:    1/1/1 cyc  6/6/6 ns  (min/avg/max, n=100)
  wcase-probe: line=6 raise=stir on=0 raised=100 hcore=0 foreign=0 win=0
  wcase-irq[64B]:   1/1/1 cyc  6/6/6 ns  (min/avg/max, n=100)
  wcase-probe: line=6 raise=stir on=0 raised=100 hcore=0 foreign=0 win=0
  wcase-irq[256B]:  1/1/1 cyc  6/6/6 ns  (min/avg/max, n=100)
  wcase-probe: line=6 raise=stir on=0 raised=100 hcore=0 foreign=0 win=0
  wcase-irq[1024B]: 1/1/1 cyc  6/6/6 ns  (min/avg/max, n=100)
  e2e-settle: settled=2/2
  e2e-probe: line=7 closed=1000 dropped=0 tare=3055/3151 ns  (min/avg, n=64)
  e2e-passes: asked=1000 raised=1000
  e2e-local: 18625/19097/20417 ns  (min/avg/max, n=1000)
  xtask ping-pong: 21202 ns/switch  (40000 switches / 848 ms)
  xtask call/reply: 16 B  53717 ns/round-trip  (18615 round-trips/s over 20000 calls / 1074 ms)
  spawn/exit: thread 133554 ns  (200 reps / 26 ms)
  spawn/exit: task 150564 ns  (200 reps / 30 ms)
bench: done
