ESP-ROM:esp32c6-20220919
Build:Sep 19 2022
rst:0x1 (POWERON),boot:0xc (SPI_FAST_FLASH_BOOT)
SPIWP:0xee
mode:DIO, clock div:2
load:0x40800000,len:0x16220
load:0x40838000,len:0x14e20
SHA-256 comparison failed:
Calculated: fb5eb1f077c2bff09f4e3069f9ce0ce2cd2915a66a4d7b186cc27174348cf317
Expected: ffffffffffffffffffffffffffffffffffffffffffffffffffffffffffffffff
Attempting to boot anyway...
entry 0x40800000

  ==============================================
   KickOS 0.5.1  -  microkernel RTOS
  ==============================================
   board   esp32c6-wroom
   arch    rv32imac
   cpu     rv32imac_zicsr
   mpu     off
   sched   tickless
   build   2026-09-27 17:27:11 +0200
   app     Sep 27 2026 17:22:18 +0200
   commit  45516b62
   heap    16 KiB available
   kstack  1184 B x 7 = 8288 B

# c6amp: LP RTC 597379 Hz
# ampdiag: peer node=1 vectors=0x40838c01 tag=0 clk=20000000 self clk=160000000
ampping: 2 of 2 node app(s) alive on the port the partition names, own row 1
ampping: node 0 calls node 1 port 3
  ping 1 -> pong 2 from node 1 (4 byte(s))
  (node 1 answered on attempt 2)
  ping 2 -> pong 3 from node 1 (4 byte(s))
  ping 3 -> pong 4 from node 1 (4 byte(s))
  (node 1 answered on attempt 2)
  ping 4 -> pong 5 from node 1 (4 byte(s))
ampping: node 1 answered 4 round(s), its own record says 4
ampping: node 0 done, 4 round(s) across the partition
ampping: the doorbell has no seat, so no raise of it can be deferred (rc -38)
# ampdiag: node=0 core=0 bells=6 drains=7
# ampdiag: node=1 core=1 bells=21 drains=22
