[2J[001;001H[=3h[2J[001;001H[2J[001;001H[8;042;160t[2J[001;001H[2J[001;001H[8;056;240t[2J[001;001HBdsDxe: loading Boot0002 "UEFI QEMU HARDDISK QM00001 " from PciRoot(0x0)/Pci(0x1F,0x2)/Sata(0x0,0xFFFF,0x0)
BdsDxe: starting Boot0002 "UEFI QEMU HARDDISK QM00001 " from PciRoot(0x0)/Pci(0x1F,0x2)/Sata(0x0,0xFFFF,0x0)

KICKOS-X1 8c41d7a2 x86_64/q35 uefi-handover entry
KICKOS-X1 8c41d7a2 x86_64/q35 uefi-handover handover if=1 paging=1 longmode=1 root=1 wp=1 nx=1 nxcap=1
KICKOS-X1 8c41d7a2 x86_64/q35 uefi-handover if_after_cli=0
KICKOS-X1 8c41d7a2 x86_64/q35 uefi-handover firmware=Debian distribution of EDK II
KICKOS-X1 8c41d7a2 x86_64/q35 uefi-handover revision=0x0000000000020046
KICKOS-X1 8c41d7a2 x86_64/q35 uefi-handover map descriptors=109 stride=48 version=1 conventional_pages=117679 arena=0x0000000001800000 arena_pages=107372
KICKOS-X1 8c41d7a2 x86_64/q35 uefi-handover fp found em=0 ts=0 mp=1 osfxsr=1 osxmmexcpt=1 osxsave=0
KICKOS-X1 8c41d7a2 x86_64/q35 uefi-handover fp trapped em=1 ts=1 mp=1 osfxsr=0 osxmmexcpt=0 osxsave=0
KICKOS-X1 8c41d7a2 x86_64/q35 uefi-handover boot services left
KICKOS-X1 8c41d7a2 x86_64/q35 uefi-handover if_after_exit=0
x86_64 app relocation: base=0x0000000000400000 load_delta=0x0000000000000000 app_words=0

  ==============================================
   KickOS 0.5.1  -  microkernel RTOS
  ==============================================
   board   qemu-x86_64
   arch    x86_64
   cpu     x86-64
   mpu     off
   sched   tickless
   build   2026-09-30 09:45:54 +0200
   app     Sep 30 2026 09:45:54 +0200
   commit  10deab0c
   heap    none
   kstack  4096 B x 33 = 135168 B

microbenchmark: context-switch throughput (all arches) + per-switch cost
+ IRQ-entry latency where a cycle counter exists. Reporter woken by the
workload, not a timer. Telemetry OFF for clean numbers.
cycle counter: 1999511128 Hz (0 = no rate converts a reading; cycles only)

  lock-probe: hold+1 core=0 depth=0  (three nested, one outermost)
  call/reply: 8 B  8022 ns/round-trip  (124649 round-trips/s over 20000 calls / 160 ms)
  call/reply: 16 B  7942 ns/round-trip  (125908 round-trips/s over 20000 calls / 158 ms)
  call/reply: 32 B  7935 ns/round-trip  (126011 round-trips/s over 20000 calls / 158 ms)
  call/reply: 64 B  8009 ns/round-trip  (124848 round-trips/s over 20000 calls / 160 ms)
  call/reply: 128 B  7953 ns/round-trip  (125728 round-trips/s over 20000 calls / 159 ms)
  call/reply: 256 B  8003 ns/round-trip  (124950 round-trips/s over 20000 calls / 160 ms)
  call/reply: 8 B  7830 ns/round-trip  (127706 round-trips/s over 20000 calls / 156 ms) [generic path]
  call/reply: 16 B  7830 ns/round-trip  (127707 round-trips/s over 20000 calls / 156 ms) [generic path]
  call/reply: 32 B  7926 ns/round-trip  (126160 round-trips/s over 20000 calls / 158 ms) [generic path]
  call/reply: 64 B  7895 ns/round-trip  (126654 round-trips/s over 20000 calls / 157 ms) [generic path]
  call/reply: 128 B  8055 ns/round-trip  (124139 round-trips/s over 20000 calls / 161 ms) [generic path]
  call/reply: 256 B  7964 ns/round-trip  (125557 round-trips/s over 20000 calls / 159 ms) [generic path]
  call/reply: 32 B  8135 ns/round-trip  (122915 round-trips/s over 20000 calls / 162 ms) [caller outranks server, D1 donates]
  phase table (44 rows; cyc avg/max, min last and a floor; leaf -= NULL, composite -= NULL + k*(NEST-NULL)):
    NULL             15/12000  min=1  n=260000
    NEST             85/26760  min=79  n=260000
    NEST_LOCK        47/40960  min=40  n=260000
    CALL_TOTAL       14837/2327380  min=14160  n=259999
    CALL_VALIDATE    175/15120  min=140  n=260000
    CALL_LOCKED      14307/2326759  min=13640  n=259999
    CALL_RESOLVE     220/607620  min=180  n=260000
    CALL_PEEK        53/21960  min=20  n=260000
    CALL_PROBE       82/29140  min=60  n=259999
    CALL_POP         124/95080  min=100  n=259999
    CALL_COPY        1432/63620  min=1320  n=259999
    CALL_MINT        1386/728100  min=1260  n=259999
    CALL_MINT_CAP    381/723520  min=320  n=259999
    CALL_MINT_INFO   861/53280  min=780  n=259999
    CALL_DONATE      111/20120  min=80  n=19999
    CALL_PARK        260/124160  min=220  n=259999
    CALL_WAKE        9759/2321600  min=9340  n=259999
    CALL_RESUME      153/13700  min=120  n=260000
    CALL_SLOW_TOTAL  440540/440540  min=440540  n=1
    CALL_SLOW_LOCKED 422900/422900  min=422900  n=1
    CALL_SLOW_DONATE 0/0  min=0  n=0
    CALL_SLOW_PARK   318960/318960  min=318960  n=1
    RECV_LOCKED      10064/1435520  min=9600  n=259999
    RECV_RESOLVE     250/194620  min=220  n=260000
    RECV_SCAN        128/109720  min=100  n=259999
    RECV_PARK        9405/1124340  min=8980  n=259999
    REPLY_TOTAL      58163/423560  min=7180  n=13
    REPLY_VALIDATE   7390/36860  min=2280  n=13
    REPLY_LOCKED     2480/404020  min=2300  n=260000
    REPLY_LOOKUP     323/202280  min=280  n=260000
    REPLY_COPY       1448/49940  min=1320  n=260000
    REPLY_FUNNEL     198/64320  min=160  n=260000
    REPLY_WAKE       223/30200  min=200  n=260000
    REPLY_RECV_TOTAL 14400/1948360  min=13740  n=260000
    REPLY_RECV_TAIL  429/98800  min=380  n=259999
    WAKE_UNPARK      64/27000  min=40  n=520012
    PICK_NEXT        47/63480  min=20  n=520064
    SWITCH_TO        17095/325708700  min=8480  n=520013
    SWITCH_BOOK      70/101180  min=59  n=520039
    MPU_APPLY        108/15520  min=80  n=520039
    MPU_COMMIT       0/0  min=0  n=0
    REENT_SEAT       0/0  min=0  n=0
    KTIME_REARM      62/87760  min=40  n=520039
    ARCH_SWITCH      16547/325706780  min=7920  n=520013
  ns-probe: cyc=4294967295 ns=2148008698 capped=0
  sat-probe: width=64 fits+1/0 wide+0/1 max=1000

  throughput: 513728 ctx-sw/s  (1946 ns/sw avg over 40000 switches / 77 ms)
  switch-probe: fastpath-swaps=0  (swapped inside the trap, so not in the switch row)
  switch:    60/80/460 cyc  30/40/230 ns  (p50/p99/max, n=40002)
  lock-hold: 1024/1792/38460 cyc  512/896/19234 ns  (p50/p99/max, n=80245)
  lock-site: core=0 site=0x416918 max=38460
  irq-probe: line=6 raise=inject on=0 raised=100 hcore=none foreign=0 win=0
  irq:       0/0/0 cyc  0/0/0 ns  (p50/max/max, n=0)
  wcase-probe: line=6 raise=inject on=0 raised=100 hcore=none foreign=0 win=0
  wcase-irq[0B]:    0/0/0 cyc  0/0/0 ns  (p50/max/max, n=0)
  wcase-probe: line=6 raise=inject on=0 raised=100 hcore=none foreign=0 win=0
  wcase-irq[64B]:   0/0/0 cyc  0/0/0 ns  (p50/max/max, n=0)
  wcase-probe: line=6 raise=inject on=0 raised=100 hcore=none foreign=0 win=0
  wcase-irq[256B]:  0/0/0 cyc  0/0/0 ns  (p50/max/max, n=0)
  wcase-probe: line=6 raise=inject on=0 raised=100 hcore=none foreign=0 win=0
  wcase-irq[1024B]: 0/0/0 cyc  0/0/0 ns  (p50/max/max, n=0)
  e2e-settle: settled=2/2
  e2e-probe: line=7 closed=1000 dropped=0 tare=290/574 ns  (min/avg, n=64)
  e2e-passes: asked=1000 raised=1000
  e2e-local: 4096/4608/637326 ns  (p50/p99/max, n=1000)
  throughput: 512693 ctx-sw/s  (1950 ns/sw avg over 40000 switches / 78 ms)
  switch-probe: fastpath-swaps=0  (swapped inside the trap, so not in the switch row)
  switch:    60/80/9400 cyc  30/40/4701 ns  (p50/p99/max, n=40002)
  lock-hold: 704/1792/14900 cyc  352/896/7451 ns  (p50/p99/max, n=80250)
  lock-site: core=0 site=0x416918 max=14900
  irq-probe: line=6 raise=inject on=0 raised=100 hcore=none foreign=0 win=0
  irq:       0/0/0 cyc  0/0/0 ns  (p50/max/max, n=0)
  wcase-probe: line=6 raise=inject on=0 raised=100 hcore=none foreign=0 win=0
  wcase-irq[0B]:    0/0/0 cyc  0/0/0 ns  (p50/max/max, n=0)
  wcase-probe: line=6 raise=inject on=0 raised=100 hcore=none foreign=0 win=0
  wcase-irq[64B]:   0/0/0 cyc  0/0/0 ns  (p50/max/max, n=0)
  wcase-probe: line=6 raise=inject on=0 raised=100 hcore=none foreign=0 win=0
  wcase-irq[256B]:  0/0/0 cyc  0/0/0 ns  (p50/max/max, n=0)
  wcase-probe: line=6 raise=inject on=0 raised=100 hcore=none foreign=0 win=0
  wcase-irq[1024B]: 0/0/0 cyc  0/0/0 ns  (p50/max/max, n=0)
  e2e-settle: settled=2/2
  e2e-probe: line=7 closed=1000 dropped=0 tare=290/574 ns  (min/avg, n=64)
  e2e-passes: asked=1000 raised=1000
  e2e-local: 4096/4608/75748 ns  (p50/p99/max, n=1000)
  throughput: 515081 ctx-sw/s  (1941 ns/sw avg over 40000 switches / 77 ms)
  switch-probe: fastpath-swaps=0  (swapped inside the trap, so not in the switch row)
  switch:    60/80/380 cyc  30/40/190 ns  (p50/p99/max, n=40002)
  lock-hold: 896/1792/39100 cyc  448/896/19554 ns  (p50/p99/max, n=80248)
  lock-site: core=0 site=0x416918 max=39100
  irq-probe: line=6 raise=inject on=0 raised=100 hcore=none foreign=0 win=0
  irq:       0/0/0 cyc  0/0/0 ns  (p50/max/max, n=0)
  wcase-probe: line=6 raise=inject on=0 raised=100 hcore=none foreign=0 win=0
  wcase-irq[0B]:    0/0/0 cyc  0/0/0 ns  (p50/max/max, n=0)
  wcase-probe: line=6 raise=inject on=0 raised=100 hcore=none foreign=0 win=0
  wcase-irq[64B]:   0/0/0 cyc  0/0/0 ns  (p50/max/max, n=0)
  wcase-probe: line=6 raise=inject on=0 raised=100 hcore=none foreign=0 win=0
  wcase-irq[256B]:  0/0/0 cyc  0/0/0 ns  (p50/max/max, n=0)
  wcase-probe: line=6 raise=inject on=0 raised=100 hcore=none foreign=0 win=0
  wcase-irq[1024B]: 0/0/0 cyc  0/0/0 ns  (p50/max/max, n=0)
  e2e-settle: settled=2/2
  e2e-probe: line=7 closed=1000 dropped=0 tare=290/574 ns  (min/avg, n=64)
  e2e-passes: asked=1000 raised=1000
  e2e-local: 4096/4096/50162 ns  (p50/p99/max, n=1000)
  xtask ping-pong: 7542 ns/switch  (40000 switches / 301 ms)
  xtask call/reply: 16 B  24602 ns/round-trip  (40646 round-trips/s over 20000 calls / 492 ms)
  spawn/exit: thread 38638 ns  (200 reps / 7 ms)
  spawn/exit: task 85143 ns  (200 reps / 17 ms)
bench: done

KICKOS-EXIT status 0
POLL_OK=1 POLL_MS=4600
