
  ==============================================
   KickOS 0.5.1  -  microkernel RTOS
  ==============================================
   board   qemu-arm64
   arch    armv8a
   cpu     cortex-a53
   mpu     off
   sched   tickless
   build   2026-09-30 09:46:00 +0200
   app     Sep 30 2026 09:46:00 +0200
   commit  10deab0c
   heap    64 KiB available
   kstack  4096 B x 17 = 69632 B

microbenchmark: context-switch throughput (all arches) + per-switch cost
+ IRQ-entry latency where a cycle counter exists. Reporter woken by the
workload, not a timer. Telemetry OFF for clean numbers.
cycle counter: 0 Hz (0 = no rate converts a reading; cycles only)

  lock-probe: hold+1 core=0 depth=0  (three nested, one outermost)
  call/reply: 8 B  19458 ns/round-trip  (51390 round-trips/s over 20000 calls / 389 ms)
  call/reply: 16 B  19494 ns/round-trip  (51297 round-trips/s over 20000 calls / 389 ms)
  call/reply: 32 B  19302 ns/round-trip  (51806 round-trips/s over 20000 calls / 386 ms)
  call/reply: 64 B  19613 ns/round-trip  (50985 round-trips/s over 20000 calls / 392 ms)
  call/reply: 128 B  19374 ns/round-trip  (51614 round-trips/s over 20000 calls / 387 ms)
  call/reply: 256 B  19513 ns/round-trip  (51246 round-trips/s over 20000 calls / 390 ms)
  call/reply: 8 B  19487 ns/round-trip  (51314 round-trips/s over 20000 calls / 389 ms) [generic path]
  call/reply: 16 B  19488 ns/round-trip  (51311 round-trips/s over 20000 calls / 389 ms) [generic path]
  call/reply: 32 B  19486 ns/round-trip  (51317 round-trips/s over 20000 calls / 389 ms) [generic path]
  call/reply: 64 B  19477 ns/round-trip  (51340 round-trips/s over 20000 calls / 389 ms) [generic path]
  call/reply: 128 B  19545 ns/round-trip  (51163 round-trips/s over 20000 calls / 390 ms) [generic path]
  call/reply: 256 B  19572 ns/round-trip  (51091 round-trips/s over 20000 calls / 391 ms) [generic path]
  call/reply: 32 B  19910 ns/round-trip  (50224 round-trips/s over 20000 calls / 398 ms) [caller outranks server, D1 donates]
  phase table (44 rows; cyc avg/max, min last and a floor; leaf -= NULL, composite -= NULL + k*(NEST-NULL)):
    NULL             87/8696  min=70  n=260000
    NEST             354/16822  min=321  n=260000
    NEST_LOCK        239/23985  min=210  n=260000
    CALL_TOTAL       17882/1063602  min=17303  n=259999
    CALL_VALIDATE    158/19016  min=140  n=260000
    CALL_LOCKED      17067/1062741  min=16551  n=259999
    CALL_RESOLVE     227/7725  min=190  n=260000
    CALL_PEEK        158/19987  min=140  n=260000
    CALL_PROBE       158/11061  min=140  n=259999
    CALL_POP         172/18355  min=150  n=259999
    CALL_COPY        773/32712  min=692  n=259999
    CALL_MINT        1063/71515  min=991  n=259999
    CALL_MINT_CAP    267/42821  min=230  n=259999
    CALL_MINT_INFO   438/26560  min=391  n=259999
    CALL_DONATE      182/8616  min=160  n=19999
    CALL_PARK        259/27953  min=220  n=259999
    CALL_WAKE        11879/1057620  min=11462  n=259999
    CALL_RESUME      162/7123  min=140  n=260000
    CALL_SLOW_TOTAL  203744/203744  min=203744  n=1
    CALL_SLOW_LOCKED 197361/197361  min=197361  n=1
    CALL_SLOW_DONATE 0/0  min=0  n=0
    CALL_SLOW_PARK   148119/148119  min=148119  n=1
    RECV_LOCKED      14169/514909  min=13675  n=259999
    RECV_RESOLVE     254/43372  min=220  n=260000
    RECV_SCAN        196/17704  min=180  n=259999
    RECV_PARK        13274/439026  min=12794  n=259999
    REPLY_TOTAL      47608/402327  min=6182  n=13
    REPLY_VALIDATE   4504/13966  min=1653  n=13
    REPLY_LOCKED     2154/174648  min=1994  n=260000
    REPLY_LOOKUP     323/94428  min=271  n=260000
    REPLY_COPY       586/16381  min=511  n=260000
    REPLY_FUNNEL     226/31900  min=200  n=260000
    REPLY_WAKE       362/20148  min=310  n=260000
    REPLY_RECV_TOTAL 17590/698996  min=17032  n=260000
    REPLY_RECV_TAIL  455/43953  min=420  n=259999
    WAKE_UNPARK      102/19787  min=80  n=520012
    PICK_NEXT        105/11552  min=80  n=520064
    SWITCH_TO        21685/398557867  min=10790  n=520013
    SWITCH_BOOK      129/67037  min=90  n=520039
    MPU_APPLY        147/7865  min=120  n=520039
    MPU_COMMIT       0/0  min=0  n=0
    REENT_SEAT       118/15098  min=100  n=520039
    KTIME_REARM      142/22923  min=110  n=520039
    ARCH_SWITCH      20474/398553358  min=9598  n=520013
  ns-probe: rate=0 (nothing converts, so no ns column is printed)
  sat-probe: width=64 fits+1/0 wide+0/1 max=1000

  throughput: 173281 ctx-sw/s  (5770 ns/sw avg over 40000 switches / 230 ms)
  switch-probe: fastpath-swaps=0  (swapped inside the trap, so not in the switch row)
  switch:    160/192/6432 cyc  (p50/p99/max, n=40002)
  lock-hold: 1152/2560/19206 cyc  (p50/p99/max, n=80235)
  lock-site: core=0 site=0xffffff80400191dc max=19206
  irq-probe: line=200 raise=inject on=0 raised=100 hcore=none foreign=0 win=0
  irq:       0/0/0 cyc  (p50/max/max, n=0)
  wcase-probe: line=200 raise=inject on=0 raised=100 hcore=none foreign=0 win=0
  wcase-irq[0B]:    0/0/0 cyc  (p50/max/max, n=0)
  wcase-probe: line=200 raise=inject on=0 raised=100 hcore=none foreign=0 win=0
  wcase-irq[64B]:   0/0/0 cyc  (p50/max/max, n=0)
  wcase-probe: line=200 raise=inject on=0 raised=100 hcore=none foreign=0 win=0
  wcase-irq[256B]:  0/0/0 cyc  (p50/max/max, n=0)
  wcase-probe: line=200 raise=inject on=0 raised=100 hcore=none foreign=0 win=0
  wcase-irq[1024B]: 0/0/0 cyc  (p50/max/max, n=0)
  e2e-settle: settled=2/2
  e2e-probe: line=201 closed=1000 dropped=0 tare=960/1234 ns  (min/avg, n=64)
  e2e-passes: asked=1000 raised=1000
  e2e-local: 8192/10240/251216 ns  (p50/p99/max, n=1000)
  throughput: 173840 ctx-sw/s  (5752 ns/sw avg over 40000 switches / 230 ms)
  switch-probe: fastpath-swaps=0  (swapped inside the trap, so not in the switch row)
  switch:    176/176/1123 cyc  (p50/p99/max, n=40002)
  lock-hold: 1152/2560/34255 cyc  (p50/p99/max, n=80238)
  lock-site: core=0 site=0xffffff8040006f18 max=34255
  irq-probe: line=200 raise=inject on=0 raised=100 hcore=none foreign=0 win=0
  irq:       0/0/0 cyc  (p50/max/max, n=0)
  wcase-probe: line=200 raise=inject on=0 raised=100 hcore=none foreign=0 win=0
  wcase-irq[0B]:    0/0/0 cyc  (p50/max/max, n=0)
  wcase-probe: line=200 raise=inject on=0 raised=100 hcore=none foreign=0 win=0
  wcase-irq[64B]:   0/0/0 cyc  (p50/max/max, n=0)
  wcase-probe: line=200 raise=inject on=0 raised=100 hcore=none foreign=0 win=0
  wcase-irq[256B]:  0/0/0 cyc  (p50/max/max, n=0)
  wcase-probe: line=200 raise=inject on=0 raised=100 hcore=none foreign=0 win=0
  wcase-irq[1024B]: 0/0/0 cyc  (p50/max/max, n=0)
  e2e-settle: settled=2/2
  e2e-probe: line=201 closed=1000 dropped=0 tare=960/1234 ns  (min/avg, n=64)
  e2e-passes: asked=1000 raised=1000
  e2e-local: 8192/12288/29184 ns  (p50/p99/max, n=1000)
  throughput: 170741 ctx-sw/s  (5856 ns/sw avg over 40000 switches / 234 ms)
  switch-probe: fastpath-swaps=0  (swapped inside the trap, so not in the switch row)
  switch:    176/240/4639 cyc  (p50/p99/max, n=40002)
  lock-hold: 2304/2560/50415 cyc  (p50/p99/max, n=80238)
  lock-site: core=0 site=0xffffff8040006f18 max=50415
  irq-probe: line=200 raise=inject on=0 raised=100 hcore=none foreign=0 win=0
  irq:       0/0/0 cyc  (p50/max/max, n=0)
  wcase-probe: line=200 raise=inject on=0 raised=100 hcore=none foreign=0 win=0
  wcase-irq[0B]:    0/0/0 cyc  (p50/max/max, n=0)
  wcase-probe: line=200 raise=inject on=0 raised=100 hcore=none foreign=0 win=0
  wcase-irq[64B]:   0/0/0 cyc  (p50/max/max, n=0)
  wcase-probe: line=200 raise=inject on=0 raised=100 hcore=none foreign=0 win=0
  wcase-irq[256B]:  0/0/0 cyc  (p50/max/max, n=0)
  wcase-probe: line=200 raise=inject on=0 raised=100 hcore=none foreign=0 win=0
  wcase-irq[1024B]: 0/0/0 cyc  (p50/max/max, n=0)
  e2e-settle: settled=2/2
  e2e-probe: line=201 closed=1000 dropped=0 tare=960/1234 ns  (min/avg, n=64)
  e2e-passes: asked=1000 raised=1000
  e2e-local: 8192/8192/38912 ns  (p50/p99/max, n=1000)
  xtask ping-pong: 13375 ns/switch  (40000 switches / 535 ms)
  xtask call/reply: 16 B  41107 ns/round-trip  (24326 round-trips/s over 20000 calls / 822 ms)
  spawn/exit: thread 26105 ns  (200 reps / 5 ms)
  spawn/exit: task 107460 ns  (200 reps / 21 ms)
bench: done
POLL_OK=1 POLL_MS=8200
