
  ==============================================
   KickOS 0.5.1  -  microkernel RTOS
  ==============================================
   board   qemu-riscv64
   arch    rv64imac
   cpu     rv64imac_zicsr_zmmul_zaamo_zalrsc_zca
   mpu     off
   sched   tickless
   build   2026-09-30 09:46:06 +0200
   app     Sep 30 2026 09:46:07 +0200
   commit  10deab0c
   heap    64 KiB available
   kstack  4096 B x 17 = 69632 B

microbenchmark: context-switch throughput (all arches) + per-switch cost
+ IRQ-entry latency where a cycle counter exists. Reporter woken by the
workload, not a timer. Telemetry OFF for clean numbers.
cycle counter: 0 Hz (0 = no rate converts a reading; cycles only)

  lock-probe: hold+1 core=0 depth=0  (three nested, one outermost)
  call/reply: 8 B  21849 ns/round-trip  (45767 round-trips/s over 20000 calls / 436 ms)
  call/reply: 16 B  21902 ns/round-trip  (45656 round-trips/s over 20000 calls / 438 ms)
  call/reply: 32 B  21699 ns/round-trip  (46083 round-trips/s over 20000 calls / 433 ms)
  call/reply: 64 B  21511 ns/round-trip  (46487 round-trips/s over 20000 calls / 430 ms)
  call/reply: 128 B  21652 ns/round-trip  (46185 round-trips/s over 20000 calls / 433 ms)
  call/reply: 256 B  21620 ns/round-trip  (46251 round-trips/s over 20000 calls / 432 ms)
  call/reply: 8 B  21630 ns/round-trip  (46231 round-trips/s over 20000 calls / 432 ms) [generic path]
  call/reply: 16 B  21381 ns/round-trip  (46768 round-trips/s over 20000 calls / 427 ms) [generic path]
  call/reply: 32 B  21426 ns/round-trip  (46670 round-trips/s over 20000 calls / 428 ms) [generic path]
  call/reply: 64 B  21686 ns/round-trip  (46111 round-trips/s over 20000 calls / 433 ms) [generic path]
  call/reply: 128 B  21569 ns/round-trip  (46361 round-trips/s over 20000 calls / 431 ms) [generic path]
  call/reply: 256 B  21580 ns/round-trip  (46338 round-trips/s over 20000 calls / 431 ms) [generic path]
  call/reply: 32 B  21938 ns/round-trip  (45582 round-trips/s over 20000 calls / 438 ms) [caller outranks server, D1 donates]
  phase table (44 rows; cyc avg/max, min last and a floor; leaf -= NULL, composite -= NULL + k*(NEST-NULL)):
    NULL             129/11260  min=100  n=260000
    NEST             548/13940  min=480  n=260000
    NEST_LOCK        622/54180  min=540  n=260000
    CALL_TOTAL       40065/2056720  min=38400  n=259999
    CALL_VALIDATE    343/36460  min=320  n=260000
    CALL_LOCKED      38400/2054980  min=36820  n=259999
    CALL_RESOLVE     510/54100  min=440  n=260000
    CALL_PEEK        195/14900  min=180  n=260000
    CALL_PROBE       268/22520  min=240  n=259999
    CALL_POP         367/56820  min=320  n=259999
    CALL_COPY        2867/180940  min=2640  n=259999
    CALL_MINT        3070/150460  min=2880  n=259999
    CALL_MINT_CAP    550/91100  min=500  n=259999
    CALL_MINT_INFO   1622/111140  min=1480  n=259999
    CALL_DONATE      296/13640  min=260  n=19999
    CALL_PARK        579/56680  min=520  n=259999
    CALL_WAKE        25908/2042500  min=24820  n=259999
    CALL_RESUME      225/10540  min=200  n=260000
    CALL_SLOW_TOTAL  376600/376600  min=376600  n=1
    CALL_SLOW_LOCKED 364240/364240  min=364240  n=1
    CALL_SLOW_DONATE 0/0  min=0  n=0
    CALL_SLOW_PARK   271180/271180  min=271180  n=1
    RECV_LOCKED      29576/1014860  min=28440  n=259999
    RECV_RESOLVE     597/74620  min=520  n=260000
    RECV_SCAN        367/44000  min=300  n=259999
    RECV_PARK        27454/877920  min=26360  n=259999
    REPLY_TOTAL      112624/1034500  min=15560  n=13
    REPLY_VALIDATE   9916/22460  min=3800  n=13
    REPLY_LOCKED     5804/986040  min=5420  n=260000
    REPLY_LOOKUP     619/176920  min=560  n=260000
    REPLY_COPY       2693/981700  min=2480  n=260000
    REPLY_FUNNEL     333/56020  min=280  n=260000
    REPLY_WAKE       813/66640  min=700  n=260000
    REPLY_RECV_TOTAL 38957/1328620  min=37400  n=260000
    REPLY_RECV_TAIL  1129/81520  min=1060  n=259999
    WAKE_UNPARK      270/65360  min=180  n=520012
    PICK_NEXT        385/36980  min=340  n=520064
    SWITCH_TO        46761/876810760  min=23280  n=520013
    SWITCH_BOOK      213/150420  min=180  n=520039
    MPU_APPLY        378/60600  min=340  n=520039
    MPU_COMMIT       0/0  min=0  n=0
    REENT_SEAT       132/91920  min=100  n=520039
    KTIME_REARM      315/257820  min=220  n=520039
    ARCH_SWITCH      44399/876795420  min=21000  n=520013
  ns-probe: rate=0 (nothing converts, so no ns column is printed)
  sat-probe: width=64 fits+1/0 wide+0/1 max=1000

  throughput: 164528 ctx-sw/s  (6077 ns/sw avg over 40000 switches / 243 ms)
  switch-probe: fastpath-swaps=0  (swapped inside the trap, so not in the switch row)
  switch:    240/256/4660 cyc  (p50/p99/max, n=40002)
  lock-hold: 3072/4608/61240 cyc  (p50/p99/max, n=80235)
  lock-site: core=0 site=0xffffffff80002ae2 max=61240
  irq-probe: line=6 raise=inject on=0 raised=100 hcore=none foreign=0 win=0
  irq:       0/0/0 cyc  (p50/max/max, n=0)
  wcase-probe: line=6 raise=inject on=0 raised=100 hcore=none foreign=0 win=0
  wcase-irq[0B]:    0/0/0 cyc  (p50/max/max, n=0)
  wcase-probe: line=6 raise=inject on=0 raised=100 hcore=none foreign=0 win=0
  wcase-irq[64B]:   0/0/0 cyc  (p50/max/max, n=0)
  wcase-probe: line=6 raise=inject on=0 raised=100 hcore=none foreign=0 win=0
  wcase-irq[256B]:  0/0/0 cyc  (p50/max/max, n=0)
  wcase-probe: line=6 raise=inject on=0 raised=100 hcore=none foreign=0 win=0
  wcase-irq[1024B]: 0/0/0 cyc  (p50/max/max, n=0)
  e2e-settle: settled=2/2
  e2e-probe: line=7 closed=1000 dropped=0 tare=900/1251 ns  (min/avg, n=64)
  e2e-passes: asked=1000 raised=1000
  e2e-local: 6144/6144/218600 ns  (p50/p99/max, n=1000)
  throughput: 163701 ctx-sw/s  (6108 ns/sw avg over 40000 switches / 244 ms)
  switch-probe: fastpath-swaps=0  (swapped inside the trap, so not in the switch row)
  switch:    240/320/13300 cyc  (p50/p99/max, n=40002)
  lock-hold: 3328/5120/67760 cyc  (p50/p99/max, n=80239)
  lock-site: core=0 site=0xffffffff80002ae2 max=67760
  irq-probe: line=6 raise=inject on=0 raised=100 hcore=none foreign=0 win=0
  irq:       0/0/0 cyc  (p50/max/max, n=0)
  wcase-probe: line=6 raise=inject on=0 raised=100 hcore=none foreign=0 win=0
  wcase-irq[0B]:    0/0/0 cyc  (p50/max/max, n=0)
  wcase-probe: line=6 raise=inject on=0 raised=100 hcore=none foreign=0 win=0
  wcase-irq[64B]:   0/0/0 cyc  (p50/max/max, n=0)
  wcase-probe: line=6 raise=inject on=0 raised=100 hcore=none foreign=0 win=0
  wcase-irq[256B]:  0/0/0 cyc  (p50/max/max, n=0)
  wcase-probe: line=6 raise=inject on=0 raised=100 hcore=none foreign=0 win=0
  wcase-irq[1024B]: 0/0/0 cyc  (p50/max/max, n=0)
  e2e-settle: settled=2/2
  e2e-probe: line=7 closed=1000 dropped=0 tare=900/1251 ns  (min/avg, n=64)
  e2e-passes: asked=1000 raised=1000
  e2e-local: 6144/9216/34200 ns  (p50/p99/max, n=1000)
  throughput: 160698 ctx-sw/s  (6222 ns/sw avg over 40000 switches / 248 ms)
  switch-probe: fastpath-swaps=0  (swapped inside the trap, so not in the switch row)
  switch:    240/320/28400 cyc  (p50/p99/max, n=40002)
  lock-hold: 4608/5120/104640 cyc  (p50/p99/max, n=80239)
  lock-site: core=0 site=0xffffffff800014a2 max=104640
  irq-probe: line=6 raise=inject on=0 raised=100 hcore=none foreign=0 win=0
  irq:       0/0/0 cyc  (p50/max/max, n=0)
  wcase-probe: line=6 raise=inject on=0 raised=100 hcore=none foreign=0 win=0
  wcase-irq[0B]:    0/0/0 cyc  (p50/max/max, n=0)
  wcase-probe: line=6 raise=inject on=0 raised=100 hcore=none foreign=0 win=0
  wcase-irq[64B]:   0/0/0 cyc  (p50/max/max, n=0)
  wcase-probe: line=6 raise=inject on=0 raised=100 hcore=none foreign=0 win=0
  wcase-irq[256B]:  0/0/0 cyc  (p50/max/max, n=0)
  wcase-probe: line=6 raise=inject on=0 raised=100 hcore=none foreign=0 win=0
  wcase-irq[1024B]: 0/0/0 cyc  (p50/max/max, n=0)
  e2e-settle: settled=2/2
  e2e-probe: line=7 closed=1000 dropped=0 tare=900/1251 ns  (min/avg, n=64)
  e2e-passes: asked=1000 raised=1000
  e2e-local: 6144/6656/39900 ns  (p50/p99/max, n=1000)
  xtask ping-pong: 12337 ns/switch  (40000 switches / 493 ms)
  xtask call/reply: 16 B  38531 ns/round-trip  (25953 round-trips/s over 20000 calls / 770 ms)
  spawn/exit: thread 54039 ns  (200 reps / 10 ms)
  spawn/exit: task 131986 ns  (200 reps / 26 ms)
bench: done
POLL_OK=1 POLL_MS=8600
