[2J[001;001H[=3h[2J[001;001H[2J[001;001H[8;042;160t[2J[001;001H[2J[001;001H[8;056;240t[2J[001;001HBdsDxe: loading Boot0002 "UEFI QEMU HARDDISK QM00001 " from PciRoot(0x0)/Pci(0x1F,0x2)/Sata(0x0,0xFFFF,0x0)
BdsDxe: starting Boot0002 "UEFI QEMU HARDDISK QM00001 " from PciRoot(0x0)/Pci(0x1F,0x2)/Sata(0x0,0xFFFF,0x0)

KICKOS-X1 8c41d7a2 x86_64/q35 uefi-handover entry
KICKOS-X1 8c41d7a2 x86_64/q35 uefi-handover handover if=1 paging=1 longmode=1 root=1 wp=1 nx=1 nxcap=1
KICKOS-X1 8c41d7a2 x86_64/q35 uefi-handover if_after_cli=0
KICKOS-X1 8c41d7a2 x86_64/q35 uefi-handover firmware=Debian distribution of EDK II
KICKOS-X1 8c41d7a2 x86_64/q35 uefi-handover revision=0x0000000000020046
KICKOS-X1 8c41d7a2 x86_64/q35 uefi-handover map descriptors=109 stride=48 version=1 conventional_pages=117679 arena=0x0000000001800000 arena_pages=107372
KICKOS-X1 8c41d7a2 x86_64/q35 uefi-handover fp found em=0 ts=0 mp=1 osfxsr=1 osxmmexcpt=1 osxsave=0
KICKOS-X1 8c41d7a2 x86_64/q35 uefi-handover fp trapped em=1 ts=1 mp=1 osfxsr=0 osxmmexcpt=0 osxsave=0
KICKOS-X1 8c41d7a2 x86_64/q35 uefi-handover boot services left
KICKOS-X1 8c41d7a2 x86_64/q35 uefi-handover if_after_exit=0
x86_64 app relocation: base=0x0000000000400000 load_delta=0x0000000000000000 app_words=0

  ==============================================
   KickOS 0.5.1  -  microkernel RTOS
  ==============================================
   board   qemu-x86_64
   arch    x86_64
   cpu     x86-64
   mpu     off
   sched   tickless
   build   2026-09-30 09:45:54 +0200
   app     Sep 30 2026 09:45:54 +0200
   commit  10deab0c
   heap    none
   kstack  4096 B x 33 = 135168 B

microbenchmark: context-switch throughput (all arches) + per-switch cost
+ IRQ-entry latency where a cycle counter exists. Reporter woken by the
workload, not a timer. Telemetry OFF for clean numbers.
cycle counter: 1999537975 Hz (0 = no rate converts a reading; cycles only)

  lock-probe: hold+1 core=0 depth=0  (three nested, one outermost)
  call/reply: 8 B  7917 ns/round-trip  (126297 round-trips/s over 20000 calls / 158 ms)
  call/reply: 16 B  7865 ns/round-trip  (127137 round-trips/s over 20000 calls / 157 ms)
  call/reply: 32 B  7837 ns/round-trip  (127595 round-trips/s over 20000 calls / 156 ms)
  call/reply: 64 B  7810 ns/round-trip  (128032 round-trips/s over 20000 calls / 156 ms)
  call/reply: 128 B  7862 ns/round-trip  (127192 round-trips/s over 20000 calls / 157 ms)
  call/reply: 256 B  8057 ns/round-trip  (124107 round-trips/s over 20000 calls / 161 ms)
  call/reply: 8 B  7858 ns/round-trip  (127246 round-trips/s over 20000 calls / 157 ms) [generic path]
  call/reply: 16 B  7873 ns/round-trip  (127001 round-trips/s over 20000 calls / 157 ms) [generic path]
  call/reply: 32 B  7842 ns/round-trip  (127505 round-trips/s over 20000 calls / 156 ms) [generic path]
  call/reply: 64 B  7851 ns/round-trip  (127361 round-trips/s over 20000 calls / 157 ms) [generic path]
  call/reply: 128 B  7910 ns/round-trip  (126422 round-trips/s over 20000 calls / 158 ms) [generic path]
  call/reply: 256 B  7937 ns/round-trip  (125985 round-trips/s over 20000 calls / 158 ms) [generic path]
  call/reply: 32 B  8111 ns/round-trip  (123287 round-trips/s over 20000 calls / 162 ms) [caller outranks server, D1 donates]
  phase table (44 rows; cyc avg/max, min last and a floor; leaf -= NULL, composite -= NULL + k*(NEST-NULL)):
    NULL             15/4420  min=1  n=260000
    NEST             85/26060  min=79  n=260000
    NEST_LOCK        47/40360  min=40  n=260000
    CALL_TOTAL       14725/2361920  min=14240  n=259999
    CALL_VALIDATE    169/14400  min=159  n=260000
    CALL_LOCKED      14221/2361300  min=13740  n=259999
    CALL_RESOLVE     219/32740  min=180  n=260000
    CALL_PEEK        50/21500  min=20  n=260000
    CALL_PROBE       81/27700  min=60  n=259999
    CALL_POP         124/37720  min=100  n=259999
    CALL_COPY        1451/57220  min=1340  n=259999
    CALL_MINT        1376/190320  min=1280  n=259999
    CALL_MINT_CAP    382/98500  min=320  n=259999
    CALL_MINT_INFO   845/51760  min=780  n=259999
    CALL_DONATE      111/21520  min=80  n=19999
    CALL_PARK        237/61440  min=220  n=259999
    CALL_WAKE        9691/2356440  min=9320  n=259999
    CALL_RESUME      153/21480  min=120  n=260000
    CALL_SLOW_TOTAL  437360/437360  min=437360  n=1
    CALL_SLOW_LOCKED 419180/419180  min=419180  n=1
    CALL_SLOW_DONATE 0/0  min=0  n=0
    CALL_SLOW_PARK   315940/315940  min=315940  n=1
    RECV_LOCKED      9951/1258520  min=9640  n=259999
    RECV_RESOLVE     246/88420  min=220  n=260000
    RECV_SCAN        143/39800  min=100  n=259999
    RECV_PARK        9321/1083300  min=8980  n=259999
    REPLY_TOTAL      47153/283160  min=5540  n=13
    REPLY_VALIDATE   6072/38100  min=1120  n=13
    REPLY_LOCKED     2474/405900  min=2300  n=260000
    REPLY_LOOKUP     319/203260  min=280  n=260000
    REPLY_COPY       1451/41460  min=1340  n=260000
    REPLY_FUNNEL     199/64660  min=160  n=260000
    REPLY_WAKE       222/30180  min=200  n=260000
    REPLY_RECV_TOTAL 14306/1726680  min=13840  n=260000
    REPLY_RECV_TAIL  434/98080  min=400  n=259999
    WAKE_UNPARK      65/26580  min=40  n=520012
    PICK_NEXT        45/20140  min=20  n=520064
    SWITCH_TO        16965/324625380  min=8520  n=520013
    SWITCH_BOOK      66/53819  min=40  n=520039
    MPU_APPLY        108/12560  min=80  n=520039
    MPU_COMMIT       0/0  min=0  n=0
    REENT_SEAT       0/0  min=0  n=0
    KTIME_REARM      65/8160  min=40  n=520039
    ARCH_SWITCH      16427/324623460  min=7960  n=520013
  ns-probe: cyc=4294967295 ns=2147979857 capped=0
  sat-probe: width=64 fits+1/0 wide+0/1 max=1000

  throughput: 516102 ctx-sw/s  (1937 ns/sw avg over 40000 switches / 77 ms)
  switch-probe: fastpath-swaps=0  (swapped inside the trap, so not in the switch row)
  switch:    60/80/120 cyc  30/40/60 ns  (p50/p99/max, n=40002)
  lock-hold: 768/1792/14260 cyc  384/896/7131 ns  (p50/p99/max, n=80244)
  lock-site: core=0 site=0x416918 max=14260
  irq-probe: line=6 raise=inject on=0 raised=100 hcore=none foreign=0 win=0
  irq:       0/0/0 cyc  0/0/0 ns  (p50/max/max, n=0)
  wcase-probe: line=6 raise=inject on=0 raised=100 hcore=none foreign=0 win=0
  wcase-irq[0B]:    0/0/0 cyc  0/0/0 ns  (p50/max/max, n=0)
  wcase-probe: line=6 raise=inject on=0 raised=100 hcore=none foreign=0 win=0
  wcase-irq[64B]:   0/0/0 cyc  0/0/0 ns  (p50/max/max, n=0)
  wcase-probe: line=6 raise=inject on=0 raised=100 hcore=none foreign=0 win=0
  wcase-irq[256B]:  0/0/0 cyc  0/0/0 ns  (p50/max/max, n=0)
  wcase-probe: line=6 raise=inject on=0 raised=100 hcore=none foreign=0 win=0
  wcase-irq[1024B]: 0/0/0 cyc  0/0/0 ns  (p50/max/max, n=0)
  e2e-settle: settled=2/2
  e2e-probe: line=7 closed=1000 dropped=0 tare=290/567 ns  (min/avg, n=64)
  e2e-passes: asked=1000 raised=1000
  e2e-local: 4096/4096/605250 ns  (p50/p99/max, n=1000)
  throughput: 516487 ctx-sw/s  (1936 ns/sw avg over 40000 switches / 77 ms)
  switch-probe: fastpath-swaps=0  (swapped inside the trap, so not in the switch row)
  switch:    60/80/100 cyc  30/40/50 ns  (p50/p99/max, n=40002)
  lock-hold: 704/1792/15980 cyc  352/896/7991 ns  (p50/p99/max, n=80247)
  lock-site: core=0 site=0x416918 max=15980
  irq-probe: line=6 raise=inject on=0 raised=100 hcore=none foreign=0 win=0
  irq:       0/0/0 cyc  0/0/0 ns  (p50/max/max, n=0)
  wcase-probe: line=6 raise=inject on=0 raised=100 hcore=none foreign=0 win=0
  wcase-irq[0B]:    0/0/0 cyc  0/0/0 ns  (p50/max/max, n=0)
  wcase-probe: line=6 raise=inject on=0 raised=100 hcore=none foreign=0 win=0
  wcase-irq[64B]:   0/0/0 cyc  0/0/0 ns  (p50/max/max, n=0)
  wcase-probe: line=6 raise=inject on=0 raised=100 hcore=none foreign=0 win=0
  wcase-irq[256B]:  0/0/0 cyc  0/0/0 ns  (p50/max/max, n=0)
  wcase-probe: line=6 raise=inject on=0 raised=100 hcore=none foreign=0 win=0
  wcase-irq[1024B]: 0/0/0 cyc  0/0/0 ns  (p50/max/max, n=0)
  e2e-settle: settled=2/2
  e2e-probe: line=7 closed=1000 dropped=0 tare=290/567 ns  (min/avg, n=64)
  e2e-passes: asked=1000 raised=1000
  e2e-local: 4096/4096/40529 ns  (p50/p99/max, n=1000)
  throughput: 521458 ctx-sw/s  (1917 ns/sw avg over 40000 switches / 76 ms)
  switch-probe: fastpath-swaps=0  (swapped inside the trap, so not in the switch row)
  switch:    60/80/240 cyc  30/40/120 ns  (p50/p99/max, n=40002)
  lock-hold: 704/1792/41120 cyc  352/896/20564 ns  (p50/p99/max, n=80248)
  lock-site: core=0 site=0x416918 max=41120
  irq-probe: line=6 raise=inject on=0 raised=100 hcore=none foreign=0 win=0
  irq:       0/0/0 cyc  0/0/0 ns  (p50/max/max, n=0)
  wcase-probe: line=6 raise=inject on=0 raised=100 hcore=none foreign=0 win=0
  wcase-irq[0B]:    0/0/0 cyc  0/0/0 ns  (p50/max/max, n=0)
  wcase-probe: line=6 raise=inject on=0 raised=100 hcore=none foreign=0 win=0
  wcase-irq[64B]:   0/0/0 cyc  0/0/0 ns  (p50/max/max, n=0)
  wcase-probe: line=6 raise=inject on=0 raised=100 hcore=none foreign=0 win=0
  wcase-irq[256B]:  0/0/0 cyc  0/0/0 ns  (p50/max/max, n=0)
  wcase-probe: line=6 raise=inject on=0 raised=100 hcore=none foreign=0 win=0
  wcase-irq[1024B]: 0/0/0 cyc  0/0/0 ns  (p50/max/max, n=0)
  e2e-settle: settled=2/2
  e2e-probe: line=7 closed=1000 dropped=0 tare=290/567 ns  (min/avg, n=64)
  e2e-passes: asked=1000 raised=1000
  e2e-local: 4096/4096/25676 ns  (p50/p99/max, n=1000)
  xtask ping-pong: 7522 ns/switch  (40000 switches / 300 ms)
  xtask call/reply: 16 B  24667 ns/round-trip  (40539 round-trips/s over 20000 calls / 493 ms)
  spawn/exit: thread 38341 ns  (200 reps / 7 ms)
  spawn/exit: task 84984 ns  (200 reps / 16 ms)
bench: done

KICKOS-EXIT status 0
POLL_OK=1 POLL_MS=4600
