
  ==============================================
   KickOS 0.5.1  -  microkernel RTOS
  ==============================================
   board   qemu-arm64
   arch    armv8a
   cpu     cortex-a53
   mpu     off
   sched   tickless
   build   2026-09-30 09:46:00 +0200
   app     Sep 30 2026 09:46:00 +0200
   commit  10deab0c
   heap    64 KiB available
   kstack  4096 B x 17 = 69632 B

microbenchmark: context-switch throughput (all arches) + per-switch cost
+ IRQ-entry latency where a cycle counter exists. Reporter woken by the
workload, not a timer. Telemetry OFF for clean numbers.
cycle counter: 0 Hz (0 = no rate converts a reading; cycles only)

  lock-probe: hold+1 core=0 depth=0  (three nested, one outermost)
  call/reply: 8 B  19422 ns/round-trip  (51486 round-trips/s over 20000 calls / 388 ms)
  call/reply: 16 B  19188 ns/round-trip  (52115 round-trips/s over 20000 calls / 383 ms)
  call/reply: 32 B  19098 ns/round-trip  (52360 round-trips/s over 20000 calls / 381 ms)
  call/reply: 64 B  19275 ns/round-trip  (51878 round-trips/s over 20000 calls / 385 ms)
  call/reply: 128 B  19152 ns/round-trip  (52212 round-trips/s over 20000 calls / 383 ms)
  call/reply: 256 B  19393 ns/round-trip  (51563 round-trips/s over 20000 calls / 387 ms)
  call/reply: 8 B  19149 ns/round-trip  (52220 round-trips/s over 20000 calls / 382 ms) [generic path]
  call/reply: 16 B  19268 ns/round-trip  (51898 round-trips/s over 20000 calls / 385 ms) [generic path]
  call/reply: 32 B  19332 ns/round-trip  (51725 round-trips/s over 20000 calls / 386 ms) [generic path]
  call/reply: 64 B  19301 ns/round-trip  (51809 round-trips/s over 20000 calls / 386 ms) [generic path]
  call/reply: 128 B  19162 ns/round-trip  (52185 round-trips/s over 20000 calls / 383 ms) [generic path]
  call/reply: 256 B  19351 ns/round-trip  (51676 round-trips/s over 20000 calls / 387 ms) [generic path]
  call/reply: 32 B  19721 ns/round-trip  (50706 round-trips/s over 20000 calls / 394 ms) [caller outranks server, D1 donates]
  phase table (44 rows; cyc avg/max, min last and a floor; leaf -= NULL, composite -= NULL + k*(NEST-NULL)):
    NULL             85/4549  min=70  n=260000
    NEST             348/11382  min=320  n=260000
    NEST_LOCK        244/15609  min=220  n=260000
    CALL_TOTAL       17684/1081346  min=17103  n=259999
    CALL_VALIDATE    159/29446  min=140  n=260000
    CALL_LOCKED      16867/1080484  min=16311  n=259999
    CALL_RESOLVE     210/23875  min=190  n=260000
    CALL_PEEK        156/8526  min=140  n=260000
    CALL_PROBE       153/11251  min=140  n=259999
    CALL_POP         168/18615  min=150  n=259999
    CALL_COPY        765/17773  min=701  n=259999
    CALL_MINT        1034/71946  min=961  n=259999
    CALL_MINT_CAP    258/43431  min=230  n=259999
    CALL_MINT_INFO   424/38783  min=390  n=259999
    CALL_DONATE      176/8907  min=150  n=19999
    CALL_PARK        256/27943  min=220  n=259999
    CALL_WAKE        11760/1075385  min=11352  n=259999
    CALL_RESUME      157/8466  min=140  n=260000
    CALL_SLOW_TOTAL  209033/209033  min=209033  n=1
    CALL_SLOW_LOCKED 202200/202200  min=202200  n=1
    CALL_SLOW_DONATE 0/0  min=0  n=0
    CALL_SLOW_PARK   149982/149982  min=149982  n=1
    RECV_LOCKED      13975/669951  min=13526  n=259999
    RECV_RESOLVE     253/43442  min=230  n=260000
    RECV_SCAN        195/17503  min=170  n=259999
    RECV_PARK        13092/667336  min=12653  n=259999
    REPLY_TOTAL      52823/462200  min=8796  n=13
    REPLY_VALIDATE   5222/14247  min=3196  n=13
    REPLY_LOCKED     2144/170882  min=1984  n=260000
    REPLY_LOOKUP     332/93436  min=270  n=260000
    REPLY_COPY       568/31288  min=510  n=260000
    REPLY_FUNNEL     222/28874  min=200  n=260000
    REPLY_WAKE       379/35837  min=311  n=260000
    REPLY_RECV_TOTAL 17382/707502  min=16842  n=260000
    REPLY_RECV_TAIL  454/43923  min=420  n=259999
    WAKE_UNPARK      112/35567  min=80  n=520012
    PICK_NEXT        108/17243  min=80  n=520064
    SWITCH_TO        21427/394823567  min=10640  n=520013
    SWITCH_BOOK      132/78388  min=90  n=520039
    MPU_APPLY        142/28504  min=120  n=520039
    MPU_COMMIT       0/0  min=0  n=0
    REENT_SEAT       119/15319  min=100  n=520039
    KTIME_REARM      150/15610  min=120  n=520039
    ARCH_SWITCH      20223/394817496  min=9478  n=520013
  ns-probe: rate=0 (nothing converts, so no ns column is printed)
  sat-probe: width=64 fits+1/0 wide+0/1 max=1000

  throughput: 174336 ctx-sw/s  (5736 ns/sw avg over 40000 switches / 229 ms)
  switch-probe: fastpath-swaps=0  (swapped inside the trap, so not in the switch row)
  switch:    160/176/3256 cyc  (p50/p99/max, n=40002)
  lock-hold: 1152/2560/28284 cyc  (p50/p99/max, n=80235)
  lock-site: core=0 site=0xffffff8040006f18 max=28284
  irq-probe: line=200 raise=inject on=0 raised=100 hcore=none foreign=0 win=0
  irq:       0/0/0 cyc  (p50/max/max, n=0)
  wcase-probe: line=200 raise=inject on=0 raised=100 hcore=none foreign=0 win=0
  wcase-irq[0B]:    0/0/0 cyc  (p50/max/max, n=0)
  wcase-probe: line=200 raise=inject on=0 raised=100 hcore=none foreign=0 win=0
  wcase-irq[64B]:   0/0/0 cyc  (p50/max/max, n=0)
  wcase-probe: line=200 raise=inject on=0 raised=100 hcore=none foreign=0 win=0
  wcase-irq[256B]:  0/0/0 cyc  (p50/max/max, n=0)
  wcase-probe: line=200 raise=inject on=0 raised=100 hcore=none foreign=0 win=0
  wcase-irq[1024B]: 0/0/0 cyc  (p50/max/max, n=0)
  e2e-settle: settled=2/2
  e2e-probe: line=201 closed=1000 dropped=0 tare=960/1247 ns  (min/avg, n=64)
  e2e-passes: asked=1000 raised=1000
  e2e-local: 8192/8192/226624 ns  (p50/p99/max, n=1000)
  throughput: 170516 ctx-sw/s  (5864 ns/sw avg over 40000 switches / 234 ms)
  switch-probe: fastpath-swaps=0  (swapped inside the trap, so not in the switch row)
  switch:    176/192/411 cyc  (p50/p99/max, n=40002)
  lock-hold: 1152/2560/17833 cyc  (p50/p99/max, n=80237)
  lock-site: core=0 site=0xffffff80400191dc max=17833
  irq-probe: line=200 raise=inject on=0 raised=100 hcore=none foreign=0 win=0
  irq:       0/0/0 cyc  (p50/max/max, n=0)
  wcase-probe: line=200 raise=inject on=0 raised=100 hcore=none foreign=0 win=0
  wcase-irq[0B]:    0/0/0 cyc  (p50/max/max, n=0)
  wcase-probe: line=200 raise=inject on=0 raised=100 hcore=none foreign=0 win=0
  wcase-irq[64B]:   0/0/0 cyc  (p50/max/max, n=0)
  wcase-probe: line=200 raise=inject on=0 raised=100 hcore=none foreign=0 win=0
  wcase-irq[256B]:  0/0/0 cyc  (p50/max/max, n=0)
  wcase-probe: line=200 raise=inject on=0 raised=100 hcore=none foreign=0 win=0
  wcase-irq[1024B]: 0/0/0 cyc  (p50/max/max, n=0)
  e2e-settle: settled=2/2
  e2e-probe: line=201 closed=1000 dropped=0 tare=960/1247 ns  (min/avg, n=64)
  e2e-passes: asked=1000 raised=1000
  e2e-local: 8192/11264/42080 ns  (p50/p99/max, n=1000)
  throughput: 174307 ctx-sw/s  (5737 ns/sw avg over 40000 switches / 229 ms)
  switch-probe: fastpath-swaps=0  (swapped inside the trap, so not in the switch row)
  switch:    160/224/2986 cyc  (p50/p99/max, n=40002)
  lock-hold: 1152/2560/37911 cyc  (p50/p99/max, n=80238)
  lock-site: core=0 site=0xffffff8040006f18 max=37911
  irq-probe: line=200 raise=inject on=0 raised=100 hcore=none foreign=0 win=0
  irq:       0/0/0 cyc  (p50/max/max, n=0)
  wcase-probe: line=200 raise=inject on=0 raised=100 hcore=none foreign=0 win=0
  wcase-irq[0B]:    0/0/0 cyc  (p50/max/max, n=0)
  wcase-probe: line=200 raise=inject on=0 raised=100 hcore=none foreign=0 win=0
  wcase-irq[64B]:   0/0/0 cyc  (p50/max/max, n=0)
  wcase-probe: line=200 raise=inject on=0 raised=100 hcore=none foreign=0 win=0
  wcase-irq[256B]:  0/0/0 cyc  (p50/max/max, n=0)
  wcase-probe: line=200 raise=inject on=0 raised=100 hcore=none foreign=0 win=0
  wcase-irq[1024B]: 0/0/0 cyc  (p50/max/max, n=0)
  e2e-settle: settled=2/2
  e2e-probe: line=201 closed=1000 dropped=0 tare=960/1247 ns  (min/avg, n=64)
  e2e-passes: asked=1000 raised=1000
  e2e-local: 8192/8192/40720 ns  (p50/p99/max, n=1000)
  xtask ping-pong: 13221 ns/switch  (40000 switches / 528 ms)
  xtask call/reply: 16 B  40674 ns/round-trip  (24585 round-trips/s over 20000 calls / 813 ms)
  spawn/exit: thread 25664 ns  (200 reps / 5 ms)
  spawn/exit: task 105419 ns  (200 reps / 21 ms)
bench: done
POLL_OK=1 POLL_MS=8000
