
  ==============================================
   KickOS 0.5.1  -  microkernel RTOS
  ==============================================
   board   qemu-arm64
   arch    armv8a
   cpu     cortex-a53
   mpu     off
   sched   tickless
   build   2026-09-30 09:46:00 +0200
   app     Sep 30 2026 09:46:00 +0200
   commit  10deab0c
   heap    64 KiB available
   kstack  4096 B x 17 = 69632 B

microbenchmark: context-switch throughput (all arches) + per-switch cost
+ IRQ-entry latency where a cycle counter exists. Reporter woken by the
workload, not a timer. Telemetry OFF for clean numbers.
cycle counter: 0 Hz (0 = no rate converts a reading; cycles only)

  lock-probe: hold+1 core=0 depth=0  (three nested, one outermost)
  call/reply: 8 B  20976 ns/round-trip  (47673 round-trips/s over 20000 calls / 419 ms)
  call/reply: 16 B  19422 ns/round-trip  (51486 round-trips/s over 20000 calls / 388 ms)
  call/reply: 32 B  19636 ns/round-trip  (50926 round-trips/s over 20000 calls / 392 ms)
  call/reply: 64 B  19548 ns/round-trip  (51154 round-trips/s over 20000 calls / 390 ms)
  call/reply: 128 B  19298 ns/round-trip  (51817 round-trips/s over 20000 calls / 385 ms)
  call/reply: 256 B  19320 ns/round-trip  (51759 round-trips/s over 20000 calls / 386 ms)
  call/reply: 8 B  19265 ns/round-trip  (51906 round-trips/s over 20000 calls / 385 ms) [generic path]
  call/reply: 16 B  19178 ns/round-trip  (52142 round-trips/s over 20000 calls / 383 ms) [generic path]
  call/reply: 32 B  19399 ns/round-trip  (51548 round-trips/s over 20000 calls / 387 ms) [generic path]
  call/reply: 64 B  19294 ns/round-trip  (51829 round-trips/s over 20000 calls / 385 ms) [generic path]
  call/reply: 128 B  19325 ns/round-trip  (51743 round-trips/s over 20000 calls / 386 ms) [generic path]
  call/reply: 256 B  19347 ns/round-trip  (51685 round-trips/s over 20000 calls / 386 ms) [generic path]
  call/reply: 32 B  19902 ns/round-trip  (50244 round-trips/s over 20000 calls / 398 ms) [caller outranks server, D1 donates]
  phase table (44 rows; cyc avg/max, min last and a floor; leaf -= NULL, composite -= NULL + k*(NEST-NULL)):
    NULL             86/4588  min=70  n=260000
    NEST             351/20399  min=320  n=260000
    NEST_LOCK        233/15649  min=200  n=260000
    CALL_TOTAL       17868/986848  min=17072  n=259999
    CALL_VALIDATE    162/16481  min=140  n=260000
    CALL_LOCKED      17036/985966  min=16241  n=259999
    CALL_RESOLVE     223/234251  min=180  n=260000
    CALL_PEEK        157/32942  min=140  n=260000
    CALL_PROBE       154/21982  min=140  n=259999
    CALL_POP         168/30387  min=140  n=259999
    CALL_COPY        776/23875  min=691  n=259999
    CALL_MINT        1059/72487  min=971  n=259999
    CALL_MINT_CAP    272/43802  min=240  n=259999
    CALL_MINT_INFO   431/41057  min=390  n=259999
    CALL_DONATE      180/9158  min=160  n=19999
    CALL_PARK        250/29605  min=220  n=259999
    CALL_WAKE        11873/980767  min=11331  n=259999
    CALL_RESUME      160/14978  min=130  n=260000
    CALL_SLOW_TOTAL  215435/215435  min=215435  n=1
    CALL_SLOW_LOCKED 208703/208703  min=208703  n=1
    CALL_SLOW_DONATE 0/0  min=0  n=0
    CALL_SLOW_PARK   152277/152277  min=152277  n=1
    RECV_LOCKED      14161/517174  min=13475  n=259999
    RECV_RESOLVE     256/42991  min=210  n=260000
    RECV_SCAN        199/26900  min=180  n=259999
    RECV_PARK        13265/441081  min=12604  n=259999
    REPLY_TOTAL      50808/442714  min=9447  n=13
    REPLY_VALIDATE   5298/11422  min=3567  n=13
    REPLY_LOCKED     2156/171283  min=1994  n=260000
    REPLY_LOOKUP     325/93686  min=270  n=260000
    REPLY_COPY       592/22382  min=511  n=260000
    REPLY_FUNNEL     225/28684  min=200  n=260000
    REPLY_WAKE       360/18726  min=310  n=260000
    REPLY_RECV_TOTAL 17581/701831  min=16801  n=260000
    REPLY_RECV_TAIL  451/44263  min=411  n=259999
    WAKE_UNPARK      100/16491  min=80  n=520012
    PICK_NEXT        104/8837  min=80  n=520064
    SWITCH_TO        21688/420388998  min=10620  n=520013
    SWITCH_BOOK      131/69201  min=90  n=520039
    MPU_APPLY        144/41288  min=120  n=520039
    MPU_COMMIT       0/0  min=0  n=0
    REENT_SEAT       123/14798  min=100  n=520039
    KTIME_REARM      148/20239  min=120  n=520039
    ARCH_SWITCH      20477/420335747  min=9437  n=520013
  ns-probe: rate=0 (nothing converts, so no ns column is printed)
  sat-probe: width=64 fits+1/0 wide+0/1 max=1000

  throughput: 170305 ctx-sw/s  (5871 ns/sw avg over 40000 switches / 234 ms)
  switch-probe: fastpath-swaps=0  (swapped inside the trap, so not in the switch row)
  switch:    176/256/5932 cyc  (p50/p99/max, n=40002)
  lock-hold: 1280/3584/37521 cyc  (p50/p99/max, n=80235)
  lock-site: core=0 site=0xffffff8040006f18 max=37521
  irq-probe: line=200 raise=inject on=0 raised=100 hcore=none foreign=0 win=0
  irq:       0/0/0 cyc  (p50/max/max, n=0)
  wcase-probe: line=200 raise=inject on=0 raised=100 hcore=none foreign=0 win=0
  wcase-irq[0B]:    0/0/0 cyc  (p50/max/max, n=0)
  wcase-probe: line=200 raise=inject on=0 raised=100 hcore=none foreign=0 win=0
  wcase-irq[64B]:   0/0/0 cyc  (p50/max/max, n=0)
  wcase-probe: line=200 raise=inject on=0 raised=100 hcore=none foreign=0 win=0
  wcase-irq[256B]:  0/0/0 cyc  (p50/max/max, n=0)
  wcase-probe: line=200 raise=inject on=0 raised=100 hcore=none foreign=0 win=0
  wcase-irq[1024B]: 0/0/0 cyc  (p50/max/max, n=0)
  e2e-settle: settled=2/2
  e2e-probe: line=201 closed=1000 dropped=0 tare=960/1247 ns  (min/avg, n=64)
  e2e-passes: asked=1000 raised=1000
  e2e-local: 8192/8192/248960 ns  (p50/p99/max, n=1000)
  throughput: 174006 ctx-sw/s  (5746 ns/sw avg over 40000 switches / 229 ms)
  switch-probe: fastpath-swaps=0  (swapped inside the trap, so not in the switch row)
  switch:    160/176/4488 cyc  (p50/p99/max, n=40002)
  lock-hold: 1024/2560/20599 cyc  (p50/p99/max, n=80238)
  lock-site: core=0 site=0xffffff80400191dc max=20599
  irq-probe: line=200 raise=inject on=0 raised=100 hcore=none foreign=0 win=0
  irq:       0/0/0 cyc  (p50/max/max, n=0)
  wcase-probe: line=200 raise=inject on=0 raised=100 hcore=none foreign=0 win=0
  wcase-irq[0B]:    0/0/0 cyc  (p50/max/max, n=0)
  wcase-probe: line=200 raise=inject on=0 raised=100 hcore=none foreign=0 win=0
  wcase-irq[64B]:   0/0/0 cyc  (p50/max/max, n=0)
  wcase-probe: line=200 raise=inject on=0 raised=100 hcore=none foreign=0 win=0
  wcase-irq[256B]:  0/0/0 cyc  (p50/max/max, n=0)
  wcase-probe: line=200 raise=inject on=0 raised=100 hcore=none foreign=0 win=0
  wcase-irq[1024B]: 0/0/0 cyc  (p50/max/max, n=0)
  e2e-settle: settled=2/2
  e2e-probe: line=201 closed=1000 dropped=0 tare=960/1247 ns  (min/avg, n=64)
  e2e-passes: asked=1000 raised=1000
  e2e-local: 8192/13312/42784 ns  (p50/p99/max, n=1000)
  throughput: 173815 ctx-sw/s  (5753 ns/sw avg over 40000 switches / 230 ms)
  switch-probe: fastpath-swaps=0  (swapped inside the trap, so not in the switch row)
  switch:    160/240/14528 cyc  (p50/p99/max, n=40002)
  lock-hold: 1152/2560/34545 cyc  (p50/p99/max, n=80239)
  lock-site: core=0 site=0xffffff8040006f18 max=34545
  irq-probe: line=200 raise=inject on=0 raised=100 hcore=none foreign=0 win=0
  irq:       0/0/0 cyc  (p50/max/max, n=0)
  wcase-probe: line=200 raise=inject on=0 raised=100 hcore=none foreign=0 win=0
  wcase-irq[0B]:    0/0/0 cyc  (p50/max/max, n=0)
  wcase-probe: line=200 raise=inject on=0 raised=100 hcore=none foreign=0 win=0
  wcase-irq[64B]:   0/0/0 cyc  (p50/max/max, n=0)
  wcase-probe: line=200 raise=inject on=0 raised=100 hcore=none foreign=0 win=0
  wcase-irq[256B]:  0/0/0 cyc  (p50/max/max, n=0)
  wcase-probe: line=200 raise=inject on=0 raised=100 hcore=none foreign=0 win=0
  wcase-irq[1024B]: 0/0/0 cyc  (p50/max/max, n=0)
  e2e-settle: settled=2/2
  e2e-probe: line=201 closed=1000 dropped=0 tare=960/1247 ns  (min/avg, n=64)
  e2e-passes: asked=1000 raised=1000
  e2e-local: 8192/12288/42640 ns  (p50/p99/max, n=1000)
  xtask ping-pong: 13339 ns/switch  (40000 switches / 533 ms)
  xtask call/reply: 16 B  41085 ns/round-trip  (24339 round-trips/s over 20000 calls / 821 ms)
  spawn/exit: thread 26150 ns  (200 reps / 5 ms)
  spawn/exit: task 108150 ns  (200 reps / 21 ms)
bench: done
POLL_OK=1 POLL_MS=8000
