
  ==============================================
   KickOS 0.5.1  -  microkernel RTOS
  ==============================================
   board   qemu-riscv64
   arch    rv64imac
   cpu     rv64imac_zicsr_zmmul_zaamo_zalrsc_zca
   mpu     off
   sched   tickless
   build   2026-09-30 09:46:06 +0200
   app     Sep 30 2026 09:46:07 +0200
   commit  10deab0c
   heap    64 KiB available
   kstack  4096 B x 17 = 69632 B

microbenchmark: context-switch throughput (all arches) + per-switch cost
+ IRQ-entry latency where a cycle counter exists. Reporter woken by the
workload, not a timer. Telemetry OFF for clean numbers.
cycle counter: 0 Hz (0 = no rate converts a reading; cycles only)

  lock-probe: hold+1 core=0 depth=0  (three nested, one outermost)
  call/reply: 8 B  21683 ns/round-trip  (46118 round-trips/s over 20000 calls / 433 ms)
  call/reply: 16 B  21273 ns/round-trip  (47006 round-trips/s over 20000 calls / 425 ms)
  call/reply: 32 B  21587 ns/round-trip  (46323 round-trips/s over 20000 calls / 431 ms)
  call/reply: 64 B  21399 ns/round-trip  (46730 round-trips/s over 20000 calls / 427 ms)
  call/reply: 128 B  21322 ns/round-trip  (46898 round-trips/s over 20000 calls / 426 ms)
  call/reply: 256 B  21583 ns/round-trip  (46331 round-trips/s over 20000 calls / 431 ms)
  call/reply: 8 B  21390 ns/round-trip  (46749 round-trips/s over 20000 calls / 427 ms) [generic path]
  call/reply: 16 B  21136 ns/round-trip  (47310 round-trips/s over 20000 calls / 422 ms) [generic path]
  call/reply: 32 B  21167 ns/round-trip  (47241 round-trips/s over 20000 calls / 423 ms) [generic path]
  call/reply: 64 B  21344 ns/round-trip  (46849 round-trips/s over 20000 calls / 426 ms) [generic path]
  call/reply: 128 B  21335 ns/round-trip  (46869 round-trips/s over 20000 calls / 426 ms) [generic path]
  call/reply: 256 B  21352 ns/round-trip  (46833 round-trips/s over 20000 calls / 427 ms) [generic path]
  call/reply: 32 B  21470 ns/round-trip  (46576 round-trips/s over 20000 calls / 429 ms) [caller outranks server, D1 donates]
  phase table (44 rows; cyc avg/max, min last and a floor; leaf -= NULL, composite -= NULL + k*(NEST-NULL)):
    NULL             122/9400  min=100  n=260000
    NEST             530/34660  min=480  n=260000
    NEST_LOCK        596/29500  min=540  n=260000
    CALL_TOTAL       39577/2158040  min=37800  n=259999
    CALL_VALIDATE    338/14360  min=300  n=260000
    CALL_LOCKED      37979/2156320  min=36220  n=259999
    CALL_RESOLVE     512/10820  min=440  n=260000
    CALL_PEEK        198/30980  min=180  n=260000
    CALL_PROBE       266/22180  min=240  n=259999
    CALL_POP         367/40640  min=340  n=259999
    CALL_COPY        2811/449140  min=2600  n=259999
    CALL_MINT        3016/151360  min=2800  n=259999
    CALL_MINT_CAP    560/92180  min=500  n=259999
    CALL_MINT_INFO   1573/96800  min=1420  n=259999
    CALL_DONATE      289/14920  min=260  n=19999
    CALL_PARK        583/91060  min=520  n=259999
    CALL_WAKE        25659/2143820  min=24480  n=259999
    CALL_RESUME      225/13760  min=200  n=260000
    CALL_SLOW_TOTAL  376320/376320  min=376320  n=1
    CALL_SLOW_LOCKED 364660/364660  min=364660  n=1
    CALL_SLOW_DONATE 0/0  min=0  n=0
    CALL_SLOW_PARK   266860/266860  min=266860  n=1
    RECV_LOCKED      29236/993980  min=27900  n=259999
    RECV_RESOLVE     620/73980  min=540  n=260000
    RECV_SCAN        367/57660  min=320  n=259999
    RECV_PARK        27110/858340  min=25860  n=259999
    REPLY_TOTAL      119407/1105200  min=24280  n=13
    REPLY_VALIDATE   11126/25300  min=8240  n=13
    REPLY_LOCKED     5739/334560  min=5420  n=260000
    REPLY_LOOKUP     601/178220  min=560  n=260000
    REPLY_COPY       2669/64660  min=2460  n=260000
    REPLY_FUNNEL     326/92880  min=280  n=260000
    REPLY_WAKE       807/44860  min=700  n=260000
    REPLY_RECV_TOTAL 38491/1308240  min=36760  n=260000
    REPLY_RECV_TAIL  1128/81000  min=1040  n=259999
    WAKE_UNPARK      256/38360  min=180  n=520012
    PICK_NEXT        403/19800  min=340  n=520064
    SWITCH_TO        46207/867279200  min=22980  n=520013
    SWITCH_BOOK      209/167640  min=180  n=520039
    MPU_APPLY        369/39300  min=320  n=520039
    MPU_COMMIT       0/0  min=0  n=0
    REENT_SEAT       135/36380  min=100  n=520039
    KTIME_REARM      309/43580  min=220  n=520039
    ARCH_SWITCH      43860/867178440  min=20700  n=520013
  ns-probe: rate=0 (nothing converts, so no ns column is printed)
  sat-probe: width=64 fits+1/0 wide+0/1 max=1000

  throughput: 164467 ctx-sw/s  (6080 ns/sw avg over 40000 switches / 243 ms)
  switch-probe: fastpath-swaps=0  (swapped inside the trap, so not in the switch row)
  switch:    240/256/1820 cyc  (p50/p99/max, n=40002)
  lock-hold: 4608/5120/40340 cyc  (p50/p99/max, n=80235)
  lock-site: core=0 site=0xffffffff800014a2 max=40340
  irq-probe: line=6 raise=inject on=0 raised=100 hcore=none foreign=0 win=0
  irq:       0/0/0 cyc  (p50/max/max, n=0)
  wcase-probe: line=6 raise=inject on=0 raised=100 hcore=none foreign=0 win=0
  wcase-irq[0B]:    0/0/0 cyc  (p50/max/max, n=0)
  wcase-probe: line=6 raise=inject on=0 raised=100 hcore=none foreign=0 win=0
  wcase-irq[64B]:   0/0/0 cyc  (p50/max/max, n=0)
  wcase-probe: line=6 raise=inject on=0 raised=100 hcore=none foreign=0 win=0
  wcase-irq[256B]:  0/0/0 cyc  (p50/max/max, n=0)
  wcase-probe: line=6 raise=inject on=0 raised=100 hcore=none foreign=0 win=0
  wcase-irq[1024B]: 0/0/0 cyc  (p50/max/max, n=0)
  e2e-settle: settled=2/2
  e2e-probe: line=7 closed=1000 dropped=0 tare=900/1223 ns  (min/avg, n=64)
  e2e-passes: asked=1000 raised=1000
  e2e-local: 6144/6144/234800 ns  (p50/p99/max, n=1000)
  throughput: 162801 ctx-sw/s  (6142 ns/sw avg over 40000 switches / 245 ms)
  switch-probe: fastpath-swaps=0  (swapped inside the trap, so not in the switch row)
  switch:    240/352/9120 cyc  (p50/p99/max, n=40002)
  lock-hold: 4608/6656/105980 cyc  (p50/p99/max, n=80238)
  lock-site: core=0 site=0xffffffff80002ae2 max=105980
  irq-probe: line=6 raise=inject on=0 raised=100 hcore=none foreign=0 win=0
  irq:       0/0/0 cyc  (p50/max/max, n=0)
  wcase-probe: line=6 raise=inject on=0 raised=100 hcore=none foreign=0 win=0
  wcase-irq[0B]:    0/0/0 cyc  (p50/max/max, n=0)
  wcase-probe: line=6 raise=inject on=0 raised=100 hcore=none foreign=0 win=0
  wcase-irq[64B]:   0/0/0 cyc  (p50/max/max, n=0)
  wcase-probe: line=6 raise=inject on=0 raised=100 hcore=none foreign=0 win=0
  wcase-irq[256B]:  0/0/0 cyc  (p50/max/max, n=0)
  wcase-probe: line=6 raise=inject on=0 raised=100 hcore=none foreign=0 win=0
  wcase-irq[1024B]: 0/0/0 cyc  (p50/max/max, n=0)
  e2e-settle: settled=2/2
  e2e-probe: line=7 closed=1000 dropped=0 tare=900/1223 ns  (min/avg, n=64)
  e2e-passes: asked=1000 raised=1000
  e2e-local: 6144/6144/41400 ns  (p50/p99/max, n=1000)
  throughput: 160895 ctx-sw/s  (6215 ns/sw avg over 40000 switches / 248 ms)
  switch-probe: fastpath-swaps=0  (swapped inside the trap, so not in the switch row)
  switch:    240/320/6360 cyc  (p50/p99/max, n=40002)
  lock-hold: 4608/5120/57060 cyc  (p50/p99/max, n=80238)
  lock-site: core=0 site=0xffffffff800014a2 max=57060
  irq-probe: line=6 raise=inject on=0 raised=100 hcore=none foreign=0 win=0
  irq:       0/0/0 cyc  (p50/max/max, n=0)
  wcase-probe: line=6 raise=inject on=0 raised=100 hcore=none foreign=0 win=0
  wcase-irq[0B]:    0/0/0 cyc  (p50/max/max, n=0)
  wcase-probe: line=6 raise=inject on=0 raised=100 hcore=none foreign=0 win=0
  wcase-irq[64B]:   0/0/0 cyc  (p50/max/max, n=0)
  wcase-probe: line=6 raise=inject on=0 raised=100 hcore=none foreign=0 win=0
  wcase-irq[256B]:  0/0/0 cyc  (p50/max/max, n=0)
  wcase-probe: line=6 raise=inject on=0 raised=100 hcore=none foreign=0 win=0
  wcase-irq[1024B]: 0/0/0 cyc  (p50/max/max, n=0)
  e2e-settle: settled=2/2
  e2e-probe: line=7 closed=1000 dropped=0 tare=900/1223 ns  (min/avg, n=64)
  e2e-passes: asked=1000 raised=1000
  e2e-local: 6144/6144/31700 ns  (p50/p99/max, n=1000)
  xtask ping-pong: 12211 ns/switch  (40000 switches / 488 ms)
  xtask call/reply: 16 B  38177 ns/round-trip  (26193 round-trips/s over 20000 calls / 763 ms)
  spawn/exit: thread 53964 ns  (200 reps / 10 ms)
  spawn/exit: task 132477 ns  (200 reps / 26 ms)
bench: done
POLL_OK=1 POLL_MS=8400
