
  ==============================================
   KickOS 0.5.1  -  microkernel RTOS
  ==============================================
   board   qemu-riscv64
   arch    rv64imac
   cpu     rv64imac_zicsr_zmmul_zaamo_zalrsc_zca
   mpu     off
   sched   tickless
   build   2026-09-30 09:46:06 +0200
   app     Sep 30 2026 09:46:07 +0200
   commit  10deab0c
   heap    64 KiB available
   kstack  4096 B x 17 = 69632 B

microbenchmark: context-switch throughput (all arches) + per-switch cost
+ IRQ-entry latency where a cycle counter exists. Reporter woken by the
workload, not a timer. Telemetry OFF for clean numbers.
cycle counter: 0 Hz (0 = no rate converts a reading; cycles only)

  lock-probe: hold+1 core=0 depth=0  (three nested, one outermost)
  call/reply: 8 B  21657 ns/round-trip  (46173 round-trips/s over 20000 calls / 433 ms)
  call/reply: 16 B  21555 ns/round-trip  (46392 round-trips/s over 20000 calls / 431 ms)
  call/reply: 32 B  21624 ns/round-trip  (46244 round-trips/s over 20000 calls / 432 ms)
  call/reply: 64 B  21555 ns/round-trip  (46392 round-trips/s over 20000 calls / 431 ms)
  call/reply: 128 B  21616 ns/round-trip  (46261 round-trips/s over 20000 calls / 432 ms)
  call/reply: 256 B  21849 ns/round-trip  (45768 round-trips/s over 20000 calls / 436 ms)
  call/reply: 8 B  21633 ns/round-trip  (46224 round-trips/s over 20000 calls / 432 ms) [generic path]
  call/reply: 16 B  21188 ns/round-trip  (47195 round-trips/s over 20000 calls / 423 ms) [generic path]
  call/reply: 32 B  21391 ns/round-trip  (46748 round-trips/s over 20000 calls / 427 ms) [generic path]
  call/reply: 64 B  21180 ns/round-trip  (47212 round-trips/s over 20000 calls / 423 ms) [generic path]
  call/reply: 128 B  21401 ns/round-trip  (46724 round-trips/s over 20000 calls / 428 ms) [generic path]
  call/reply: 256 B  21438 ns/round-trip  (46646 round-trips/s over 20000 calls / 428 ms) [generic path]
  call/reply: 32 B  21577 ns/round-trip  (46343 round-trips/s over 20000 calls / 431 ms) [caller outranks server, D1 donates]
  phase table (44 rows; cyc avg/max, min last and a floor; leaf -= NULL, composite -= NULL + k*(NEST-NULL)):
    NULL             128/7900  min=100  n=260000
    NEST             543/59680  min=480  n=260000
    NEST_LOCK        614/63500  min=560  n=260000
    CALL_TOTAL       39855/2035400  min=38020  n=259999
    CALL_VALIDATE    377/268080  min=320  n=260000
    CALL_LOCKED      38175/2033620  min=36380  n=259999
    CALL_RESOLVE     531/626360  min=440  n=260000
    CALL_PEEK        195/31120  min=180  n=260000
    CALL_PROBE       264/45640  min=240  n=259999
    CALL_POP         371/38860  min=320  n=259999
    CALL_COPY        2878/183260  min=2640  n=259999
    CALL_MINT        3054/148900  min=2860  n=259999
    CALL_MINT_CAP    553/90760  min=500  n=259999
    CALL_MINT_INFO   1610/48760  min=1460  n=259999
    CALL_DONATE      284/15780  min=260  n=19999
    CALL_PARK        583/56300  min=520  n=259999
    CALL_WAKE        25677/2020700  min=24460  n=259999
    CALL_RESUME      224/17820  min=200  n=260000
    CALL_SLOW_TOTAL  382400/382400  min=382400  n=1
    CALL_SLOW_LOCKED 370480/370480  min=370480  n=1
    CALL_SLOW_DONATE 0/0  min=0  n=0
    CALL_SLOW_PARK   267740/267740  min=267740  n=1
    RECV_LOCKED      29461/990240  min=28040  n=259999
    RECV_RESOLVE     603/73760  min=520  n=260000
    RECV_SCAN        361/37440  min=320  n=259999
    RECV_PARK        27335/854980  min=26040  n=259999
    REPLY_TOTAL      113938/1054480  min=20580  n=13
    REPLY_VALIDATE   10393/22580  min=6640  n=13
    REPLY_LOCKED     5761/329560  min=5400  n=260000
    REPLY_LOOKUP     618/175480  min=560  n=260000
    REPLY_COPY       2655/95440  min=2440  n=260000
    REPLY_FUNNEL     335/54680  min=280  n=260000
    REPLY_WAKE       805/32180  min=700  n=260000
    REPLY_RECV_TOTAL 38754/1301360  min=36940  n=260000
    REPLY_RECV_TAIL  1120/79640  min=1020  n=259999
    WAKE_UNPARK      266/31220  min=180  n=520012
    PICK_NEXT        381/88420  min=340  n=520064
    SWITCH_TO        46449/872845620  min=22940  n=520013
    SWITCH_BOOK      222/150980  min=160  n=520039
    MPU_APPLY        379/38100  min=340  n=520039
    MPU_COMMIT       0/0  min=0  n=0
    REENT_SEAT       132/43140  min=100  n=520039
    KTIME_REARM      314/56340  min=240  n=520039
    ARCH_SWITCH      44086/872830860  min=20700  n=520013
  ns-probe: rate=0 (nothing converts, so no ns column is printed)
  sat-probe: width=64 fits+1/0 wide+0/1 max=1000

  throughput: 165003 ctx-sw/s  (6060 ns/sw avg over 40000 switches / 242 ms)
  switch-probe: fastpath-swaps=0  (swapped inside the trap, so not in the switch row)
  switch:    240/320/8460 cyc  (p50/p99/max, n=40002)
  lock-hold: 3328/4608/58480 cyc  (p50/p99/max, n=80235)
  lock-site: core=0 site=0xffffffff80002ae2 max=58480
  irq-probe: line=6 raise=inject on=0 raised=100 hcore=none foreign=0 win=0
  irq:       0/0/0 cyc  (p50/max/max, n=0)
  wcase-probe: line=6 raise=inject on=0 raised=100 hcore=none foreign=0 win=0
  wcase-irq[0B]:    0/0/0 cyc  (p50/max/max, n=0)
  wcase-probe: line=6 raise=inject on=0 raised=100 hcore=none foreign=0 win=0
  wcase-irq[64B]:   0/0/0 cyc  (p50/max/max, n=0)
  wcase-probe: line=6 raise=inject on=0 raised=100 hcore=none foreign=0 win=0
  wcase-irq[256B]:  0/0/0 cyc  (p50/max/max, n=0)
  wcase-probe: line=6 raise=inject on=0 raised=100 hcore=none foreign=0 win=0
  wcase-irq[1024B]: 0/0/0 cyc  (p50/max/max, n=0)
  e2e-settle: settled=2/2
  e2e-probe: line=7 closed=1000 dropped=0 tare=900/1231 ns  (min/avg, n=64)
  e2e-passes: asked=1000 raised=1000
  e2e-local: 6144/6144/234800 ns  (p50/p99/max, n=1000)
  throughput: 162952 ctx-sw/s  (6136 ns/sw avg over 40000 switches / 245 ms)
  switch-probe: fastpath-swaps=0  (swapped inside the trap, so not in the switch row)
  switch:    256/352/6540 cyc  (p50/p99/max, n=40002)
  lock-hold: 4608/6656/57780 cyc  (p50/p99/max, n=80238)
  lock-site: core=0 site=0xffffffff800014a2 max=57780
  irq-probe: line=6 raise=inject on=0 raised=100 hcore=none foreign=0 win=0
  irq:       0/0/0 cyc  (p50/max/max, n=0)
  wcase-probe: line=6 raise=inject on=0 raised=100 hcore=none foreign=0 win=0
  wcase-irq[0B]:    0/0/0 cyc  (p50/max/max, n=0)
  wcase-probe: line=6 raise=inject on=0 raised=100 hcore=none foreign=0 win=0
  wcase-irq[64B]:   0/0/0 cyc  (p50/max/max, n=0)
  wcase-probe: line=6 raise=inject on=0 raised=100 hcore=none foreign=0 win=0
  wcase-irq[256B]:  0/0/0 cyc  (p50/max/max, n=0)
  wcase-probe: line=6 raise=inject on=0 raised=100 hcore=none foreign=0 win=0
  wcase-irq[1024B]: 0/0/0 cyc  (p50/max/max, n=0)
  e2e-settle: settled=2/2
  e2e-probe: line=7 closed=1000 dropped=0 tare=900/1231 ns  (min/avg, n=64)
  e2e-passes: asked=1000 raised=1000
  e2e-local: 6144/9216/41600 ns  (p50/p99/max, n=1000)
  throughput: 164709 ctx-sw/s  (6071 ns/sw avg over 40000 switches / 242 ms)
  switch-probe: fastpath-swaps=0  (swapped inside the trap, so not in the switch row)
  switch:    256/288/1560 cyc  (p50/p99/max, n=40002)
  lock-hold: 3328/4608/116800 cyc  (p50/p99/max, n=80238)
  lock-site: core=0 site=0xffffffff800014a2 max=116800
  irq-probe: line=6 raise=inject on=0 raised=100 hcore=none foreign=0 win=0
  irq:       0/0/0 cyc  (p50/max/max, n=0)
  wcase-probe: line=6 raise=inject on=0 raised=100 hcore=none foreign=0 win=0
  wcase-irq[0B]:    0/0/0 cyc  (p50/max/max, n=0)
  wcase-probe: line=6 raise=inject on=0 raised=100 hcore=none foreign=0 win=0
  wcase-irq[64B]:   0/0/0 cyc  (p50/max/max, n=0)
  wcase-probe: line=6 raise=inject on=0 raised=100 hcore=none foreign=0 win=0
  wcase-irq[256B]:  0/0/0 cyc  (p50/max/max, n=0)
  wcase-probe: line=6 raise=inject on=0 raised=100 hcore=none foreign=0 win=0
  wcase-irq[1024B]: 0/0/0 cyc  (p50/max/max, n=0)
  e2e-settle: settled=2/2
  e2e-probe: line=7 closed=1000 dropped=0 tare=900/1231 ns  (min/avg, n=64)
  e2e-passes: asked=1000 raised=1000
  e2e-local: 5632/6144/30300 ns  (p50/p99/max, n=1000)
  xtask ping-pong: 12210 ns/switch  (40000 switches / 488 ms)
  xtask call/reply: 16 B  37941 ns/round-trip  (26356 round-trips/s over 20000 calls / 758 ms)
  spawn/exit: thread 53205 ns  (200 reps / 10 ms)
  spawn/exit: task 130702 ns  (200 reps / 26 ms)
bench: done
POLL_OK=1 POLL_MS=8600
