
  ==============================================
   KickOS 0.5.1  -  microkernel RTOS
  ==============================================
   board   qemu-riscv64
   arch    rv64imac
   cpu     rv64imac_zicsr_zmmul_zaamo_zalrsc_zca
   mpu     off
   sched   tickless
   build   2026-09-30 09:46:06 +0200
   app     Sep 30 2026 09:46:07 +0200
   commit  10deab0c
   heap    64 KiB available
   kstack  4096 B x 17 = 69632 B

microbenchmark: context-switch throughput (all arches) + per-switch cost
+ IRQ-entry latency where a cycle counter exists. Reporter woken by the
workload, not a timer. Telemetry OFF for clean numbers.
cycle counter: 0 Hz (0 = no rate converts a reading; cycles only)

  lock-probe: hold+1 core=0 depth=0  (three nested, one outermost)
  call/reply: 8 B  21398 ns/round-trip  (46732 round-trips/s over 20000 calls / 427 ms)
  call/reply: 16 B  21167 ns/round-trip  (47243 round-trips/s over 20000 calls / 423 ms)
  call/reply: 32 B  21172 ns/round-trip  (47230 round-trips/s over 20000 calls / 423 ms)
  call/reply: 64 B  21261 ns/round-trip  (47034 round-trips/s over 20000 calls / 425 ms)
  call/reply: 128 B  21381 ns/round-trip  (46768 round-trips/s over 20000 calls / 427 ms)
  call/reply: 256 B  21257 ns/round-trip  (47042 round-trips/s over 20000 calls / 425 ms)
  call/reply: 8 B  21062 ns/round-trip  (47477 round-trips/s over 20000 calls / 421 ms) [generic path]
  call/reply: 16 B  21123 ns/round-trip  (47339 round-trips/s over 20000 calls / 422 ms) [generic path]
  call/reply: 32 B  21196 ns/round-trip  (47178 round-trips/s over 20000 calls / 423 ms) [generic path]
  call/reply: 64 B  21070 ns/round-trip  (47460 round-trips/s over 20000 calls / 421 ms) [generic path]
  call/reply: 128 B  21320 ns/round-trip  (46902 round-trips/s over 20000 calls / 426 ms) [generic path]
  call/reply: 256 B  21406 ns/round-trip  (46714 round-trips/s over 20000 calls / 428 ms) [generic path]
  call/reply: 32 B  21532 ns/round-trip  (46440 round-trips/s over 20000 calls / 430 ms) [caller outranks server, D1 donates]
  phase table (44 rows; cyc avg/max, min last and a floor; leaf -= NULL, composite -= NULL + k*(NEST-NULL)):
    NULL             130/11520  min=100  n=260000
    NEST             541/22760  min=480  n=260000
    NEST_LOCK        608/33900  min=560  n=260000
    CALL_TOTAL       39369/2121860  min=37900  n=259999
    CALL_VALIDATE    335/48300  min=320  n=260000
    CALL_LOCKED      37734/2120180  min=36300  n=259999
    CALL_RESOLVE     507/52380  min=440  n=260000
    CALL_PEEK        199/14840  min=180  n=260000
    CALL_PROBE       265/21820  min=240  n=259999
    CALL_POP         365/39900  min=320  n=259999
    CALL_COPY        2793/313420  min=2600  n=259999
    CALL_MINT        3003/152320  min=2840  n=259999
    CALL_MINT_CAP    551/92980  min=500  n=259999
    CALL_MINT_INFO   1571/88840  min=1420  n=259999
    CALL_DONATE      294/13980  min=260  n=19999
    CALL_PARK        575/56240  min=520  n=259999
    CALL_WAKE        25493/2107940  min=24540  n=259999
    CALL_RESUME      224/10580  min=200  n=260000
    CALL_SLOW_TOTAL  383700/383700  min=383700  n=1
    CALL_SLOW_LOCKED 371680/371680  min=371680  n=1
    CALL_SLOW_DONATE 0/0  min=0  n=0
    CALL_SLOW_PARK   273420/273420  min=273420  n=1
    RECV_LOCKED      29020/999600  min=27980  n=259999
    RECV_RESOLVE     603/74380  min=540  n=260000
    RECV_SCAN        367/39000  min=320  n=259999
    RECV_PARK        26901/863100  min=25920  n=259999
    REPLY_TOTAL      119976/1128080  min=19460  n=13
    REPLY_VALIDATE   10193/24740  min=3740  n=13
    REPLY_LOCKED     5746/333800  min=5460  n=260000
    REPLY_LOOKUP     609/177100  min=560  n=260000
    REPLY_COPY       2653/52740  min=2460  n=260000
    REPLY_FUNNEL     332/55520  min=280  n=260000
    REPLY_WAKE       809/26040  min=720  n=260000
    REPLY_RECV_TOTAL 38262/1312440  min=36840  n=260000
    REPLY_RECV_TAIL  1102/80340  min=1040  n=259999
    WAKE_UNPARK      258/23100  min=180  n=520012
    PICK_NEXT        381/37500  min=320  n=520064
    SWITCH_TO        45911/860701020  min=23040  n=520013
    SWITCH_BOOK      209/166440  min=180  n=520039
    MPU_APPLY        373/45460  min=340  n=520039
    MPU_COMMIT       0/0  min=0  n=0
    REENT_SEAT       131/27500  min=100  n=520039
    KTIME_REARM      317/53960  min=220  n=520039
    ARCH_SWITCH      43584/860684920  min=20740  n=520013
  ns-probe: rate=0 (nothing converts, so no ns column is printed)
  sat-probe: width=64 fits+1/0 wide+0/1 max=1000

  throughput: 163942 ctx-sw/s  (6099 ns/sw avg over 40000 switches / 243 ms)
  switch-probe: fastpath-swaps=0  (swapped inside the trap, so not in the switch row)
  switch:    256/320/2180 cyc  (p50/p99/max, n=40002)
  lock-hold: 3584/5120/87860 cyc  (p50/p99/max, n=80235)
  lock-site: core=0 site=0xffffffff800014a2 max=87860
  irq-probe: line=6 raise=inject on=0 raised=100 hcore=none foreign=0 win=0
  irq:       0/0/0 cyc  (p50/max/max, n=0)
  wcase-probe: line=6 raise=inject on=0 raised=100 hcore=none foreign=0 win=0
  wcase-irq[0B]:    0/0/0 cyc  (p50/max/max, n=0)
  wcase-probe: line=6 raise=inject on=0 raised=100 hcore=none foreign=0 win=0
  wcase-irq[64B]:   0/0/0 cyc  (p50/max/max, n=0)
  wcase-probe: line=6 raise=inject on=0 raised=100 hcore=none foreign=0 win=0
  wcase-irq[256B]:  0/0/0 cyc  (p50/max/max, n=0)
  wcase-probe: line=6 raise=inject on=0 raised=100 hcore=none foreign=0 win=0
  wcase-irq[1024B]: 0/0/0 cyc  (p50/max/max, n=0)
  e2e-settle: settled=2/2
  e2e-probe: line=7 closed=1000 dropped=0 tare=900/1246 ns  (min/avg, n=64)
  e2e-passes: asked=1000 raised=1000
  e2e-local: 6144/6144/221000 ns  (p50/p99/max, n=1000)
  throughput: 165516 ctx-sw/s  (6041 ns/sw avg over 40000 switches / 241 ms)
  switch-probe: fastpath-swaps=0  (swapped inside the trap, so not in the switch row)
  switch:    256/256/680 cyc  (p50/p99/max, n=40002)
  lock-hold: 3072/4608/36380 cyc  (p50/p99/max, n=80237)
  lock-site: core=0 site=0xffffffff800014a2 max=36380
  irq-probe: line=6 raise=inject on=0 raised=100 hcore=none foreign=0 win=0
  irq:       0/0/0 cyc  (p50/max/max, n=0)
  wcase-probe: line=6 raise=inject on=0 raised=100 hcore=none foreign=0 win=0
  wcase-irq[0B]:    0/0/0 cyc  (p50/max/max, n=0)
  wcase-probe: line=6 raise=inject on=0 raised=100 hcore=none foreign=0 win=0
  wcase-irq[64B]:   0/0/0 cyc  (p50/max/max, n=0)
  wcase-probe: line=6 raise=inject on=0 raised=100 hcore=none foreign=0 win=0
  wcase-irq[256B]:  0/0/0 cyc  (p50/max/max, n=0)
  wcase-probe: line=6 raise=inject on=0 raised=100 hcore=none foreign=0 win=0
  wcase-irq[1024B]: 0/0/0 cyc  (p50/max/max, n=0)
  e2e-settle: settled=2/2
  e2e-probe: line=7 closed=1000 dropped=0 tare=900/1246 ns  (min/avg, n=64)
  e2e-passes: asked=1000 raised=1000
  e2e-local: 6144/6144/42000 ns  (p50/p99/max, n=1000)
  throughput: 165109 ctx-sw/s  (6056 ns/sw avg over 40000 switches / 242 ms)
  switch-probe: fastpath-swaps=0  (swapped inside the trap, so not in the switch row)
  switch:    240/256/1740 cyc  (p50/p99/max, n=40002)
  lock-hold: 3072/5120/39560 cyc  (p50/p99/max, n=80238)
  lock-site: core=0 site=0xffffffff800014a2 max=39560
  irq-probe: line=6 raise=inject on=0 raised=100 hcore=none foreign=0 win=0
  irq:       0/0/0 cyc  (p50/max/max, n=0)
  wcase-probe: line=6 raise=inject on=0 raised=100 hcore=none foreign=0 win=0
  wcase-irq[0B]:    0/0/0 cyc  (p50/max/max, n=0)
  wcase-probe: line=6 raise=inject on=0 raised=100 hcore=none foreign=0 win=0
  wcase-irq[64B]:   0/0/0 cyc  (p50/max/max, n=0)
  wcase-probe: line=6 raise=inject on=0 raised=100 hcore=none foreign=0 win=0
  wcase-irq[256B]:  0/0/0 cyc  (p50/max/max, n=0)
  wcase-probe: line=6 raise=inject on=0 raised=100 hcore=none foreign=0 win=0
  wcase-irq[1024B]: 0/0/0 cyc  (p50/max/max, n=0)
  e2e-settle: settled=2/2
  e2e-probe: line=7 closed=1000 dropped=0 tare=900/1246 ns  (min/avg, n=64)
  e2e-passes: asked=1000 raised=1000
  e2e-local: 6144/6144/40700 ns  (p50/p99/max, n=1000)
  xtask ping-pong: 12269 ns/switch  (40000 switches / 490 ms)
  xtask call/reply: 16 B  38267 ns/round-trip  (26132 round-trips/s over 20000 calls / 765 ms)
  spawn/exit: thread 53838 ns  (200 reps / 10 ms)
  spawn/exit: task 132703 ns  (200 reps / 26 ms)
bench: done
POLL_OK=1 POLL_MS=8400
