[2J[001;001H[=3h[2J[001;001H[2J[001;001H[8;042;160t[2J[001;001H[2J[001;001H[8;056;240t[2J[001;001HBdsDxe: loading Boot0002 "UEFI QEMU HARDDISK QM00001 " from PciRoot(0x0)/Pci(0x1F,0x2)/Sata(0x0,0xFFFF,0x0)
BdsDxe: starting Boot0002 "UEFI QEMU HARDDISK QM00001 " from PciRoot(0x0)/Pci(0x1F,0x2)/Sata(0x0,0xFFFF,0x0)

KICKOS-X1 8c41d7a2 x86_64/q35 uefi-handover entry
KICKOS-X1 8c41d7a2 x86_64/q35 uefi-handover handover if=1 paging=1 longmode=1 root=1 wp=1 nx=1 nxcap=1
KICKOS-X1 8c41d7a2 x86_64/q35 uefi-handover if_after_cli=0
KICKOS-X1 8c41d7a2 x86_64/q35 uefi-handover firmware=Debian distribution of EDK II
KICKOS-X1 8c41d7a2 x86_64/q35 uefi-handover revision=0x0000000000020046
KICKOS-X1 8c41d7a2 x86_64/q35 uefi-handover map descriptors=109 stride=48 version=1 conventional_pages=117679 arena=0x0000000001800000 arena_pages=107372
KICKOS-X1 8c41d7a2 x86_64/q35 uefi-handover fp found em=0 ts=0 mp=1 osfxsr=1 osxmmexcpt=1 osxsave=0
KICKOS-X1 8c41d7a2 x86_64/q35 uefi-handover fp trapped em=1 ts=1 mp=1 osfxsr=0 osxmmexcpt=0 osxsave=0
KICKOS-X1 8c41d7a2 x86_64/q35 uefi-handover boot services left
KICKOS-X1 8c41d7a2 x86_64/q35 uefi-handover if_after_exit=0
x86_64 app relocation: base=0x0000000000400000 load_delta=0x0000000000000000 app_words=0

  ==============================================
   KickOS 0.5.1  -  microkernel RTOS
  ==============================================
   board   qemu-x86_64
   arch    x86_64
   cpu     x86-64
   mpu     off
   sched   tickless
   build   2026-09-30 09:45:54 +0200
   app     Sep 30 2026 09:45:54 +0200
   commit  10deab0c
   heap    none
   kstack  4096 B x 33 = 135168 B

microbenchmark: context-switch throughput (all arches) + per-switch cost
+ IRQ-entry latency where a cycle counter exists. Reporter woken by the
workload, not a timer. Telemetry OFF for clean numbers.
cycle counter: 1998776128 Hz (0 = no rate converts a reading; cycles only)

  lock-probe: hold+1 core=0 depth=0  (three nested, one outermost)
  call/reply: 8 B  8016 ns/round-trip  (124749 round-trips/s over 20000 calls / 160 ms)
  call/reply: 16 B  7950 ns/round-trip  (125776 round-trips/s over 20000 calls / 159 ms)
  call/reply: 32 B  7910 ns/round-trip  (126415 round-trips/s over 20000 calls / 158 ms)
  call/reply: 64 B  7947 ns/round-trip  (125824 round-trips/s over 20000 calls / 158 ms)
  call/reply: 128 B  7983 ns/round-trip  (125258 round-trips/s over 20000 calls / 159 ms)
  call/reply: 256 B  7991 ns/round-trip  (125138 round-trips/s over 20000 calls / 159 ms)
  call/reply: 8 B  7934 ns/round-trip  (126028 round-trips/s over 20000 calls / 158 ms) [generic path]
  call/reply: 16 B  7918 ns/round-trip  (126282 round-trips/s over 20000 calls / 158 ms) [generic path]
  call/reply: 32 B  7866 ns/round-trip  (127118 round-trips/s over 20000 calls / 157 ms) [generic path]
  call/reply: 64 B  7865 ns/round-trip  (127138 round-trips/s over 20000 calls / 157 ms) [generic path]
  call/reply: 128 B  7996 ns/round-trip  (125048 round-trips/s over 20000 calls / 159 ms) [generic path]
  call/reply: 256 B  8025 ns/round-trip  (124604 round-trips/s over 20000 calls / 160 ms) [generic path]
  call/reply: 32 B  8204 ns/round-trip  (121888 round-trips/s over 20000 calls / 164 ms) [caller outranks server, D1 donates]
  phase table (44 rows; cyc avg/max, min last and a floor; leaf -= NULL, composite -= NULL + k*(NEST-NULL)):
    NULL             15/4760  min=1  n=260000
    NEST             85/26420  min=79  n=260000
    NEST_LOCK        46/41760  min=40  n=260000
    CALL_TOTAL       14846/2363880  min=14160  n=259999
    CALL_VALIDATE    186/14600  min=160  n=260000
    CALL_LOCKED      14318/2363280  min=13660  n=259999
    CALL_RESOLVE     219/19920  min=180  n=260000
    CALL_PEEK        49/22560  min=20  n=260000
    CALL_PROBE       82/28940  min=60  n=259999
    CALL_POP         121/95720  min=100  n=259999
    CALL_COPY        1427/57740  min=1320  n=259999
    CALL_MINT        1390/192180  min=1260  n=259999
    CALL_MINT_CAP    407/100080  min=320  n=259999
    CALL_MINT_INFO   842/52380  min=760  n=259999
    CALL_DONATE      119/20980  min=100  n=19999
    CALL_PARK        241/61880  min=220  n=259999
    CALL_WAKE        9802/2358360  min=9340  n=259999
    CALL_RESUME      156/21620  min=120  n=260000
    CALL_SLOW_TOTAL  440880/440880  min=440880  n=1
    CALL_SLOW_LOCKED 424160/424160  min=424160  n=1
    CALL_SLOW_DONATE 0/0  min=0  n=0
    CALL_SLOW_PARK   321020/321020  min=321020  n=1
    RECV_LOCKED      10018/1340720  min=9500  n=259999
    RECV_RESOLVE     255/90500  min=220  n=260000
    RECV_SCAN        137/40860  min=100  n=259999
    RECV_PARK        9381/1163480  min=8860  n=259999
    REPLY_TOTAL      53347/351400  min=5800  n=13
    REPLY_VALIDATE   6501/40000  min=1140  n=13
    REPLY_LOCKED     2509/545160  min=2320  n=260000
    REPLY_LOOKUP     331/533259  min=280  n=260000
    REPLY_COPY       1452/75340  min=1340  n=260000
    REPLY_FUNNEL     212/66500  min=160  n=260000
    REPLY_WAKE       228/29620  min=200  n=260000
    REPLY_RECV_TOTAL 14442/1724140  min=13740  n=260000
    REPLY_RECV_TAIL  435/99280  min=400  n=259999
    WAKE_UNPARK      63/26840  min=40  n=520012
    PICK_NEXT        50/15600  min=20  n=520064
    SWITCH_TO        17109/328275760  min=8420  n=520013
    SWITCH_BOOK      68/77240  min=40  n=520039
    MPU_APPLY        111/484880  min=80  n=520039
    MPU_COMMIT       0/0  min=0  n=0
    REENT_SEAT       0/0  min=0  n=0
    KTIME_REARM      62/12000  min=40  n=520039
    ARCH_SWITCH      16565/328273580  min=7880  n=520013
  ns-probe: cyc=4294967295 ns=2148798574 capped=0
  sat-probe: width=64 fits+1/0 wide+0/1 max=1000

  throughput: 515163 ctx-sw/s  (1941 ns/sw avg over 40000 switches / 77 ms)
  switch-probe: fastpath-swaps=0  (swapped inside the trap, so not in the switch row)
  switch:    60/80/400 cyc  30/40/200 ns  (p50/p99/max, n=40002)
  lock-hold: 896/1792/41700 cyc  448/896/20862 ns  (p50/p99/max, n=80245)
  lock-site: core=0 site=0x416918 max=41700
  irq-probe: line=6 raise=inject on=0 raised=100 hcore=none foreign=0 win=0
  irq:       0/0/0 cyc  0/0/0 ns  (p50/max/max, n=0)
  wcase-probe: line=6 raise=inject on=0 raised=100 hcore=none foreign=0 win=0
  wcase-irq[0B]:    0/0/0 cyc  0/0/0 ns  (p50/max/max, n=0)
  wcase-probe: line=6 raise=inject on=0 raised=100 hcore=none foreign=0 win=0
  wcase-irq[64B]:   0/0/0 cyc  0/0/0 ns  (p50/max/max, n=0)
  wcase-probe: line=6 raise=inject on=0 raised=100 hcore=none foreign=0 win=0
  wcase-irq[256B]:  0/0/0 cyc  0/0/0 ns  (p50/max/max, n=0)
  wcase-probe: line=6 raise=inject on=0 raised=100 hcore=none foreign=0 win=0
  wcase-irq[1024B]: 0/0/0 cyc  0/0/0 ns  (p50/max/max, n=0)
  e2e-settle: settled=2/2
  e2e-probe: line=7 closed=1000 dropped=0 tare=310/574 ns  (min/avg, n=64)
  e2e-passes: asked=1000 raised=1000
  e2e-local: 4096/4096/617477 ns  (p50/p99/max, n=1000)
  throughput: 512391 ctx-sw/s  (1951 ns/sw avg over 40000 switches / 78 ms)
  switch-probe: fastpath-swaps=0  (swapped inside the trap, so not in the switch row)
  switch:    60/80/3900 cyc  30/40/1951 ns  (p50/p99/max, n=40002)
  lock-hold: 896/1792/10020 cyc  448/896/5013 ns  (p50/p99/max, n=80250)
  lock-site: core=0 site=0x416918 max=10020
  irq-probe: line=6 raise=inject on=0 raised=100 hcore=none foreign=0 win=0
  irq:       0/0/0 cyc  0/0/0 ns  (p50/max/max, n=0)
  wcase-probe: line=6 raise=inject on=0 raised=100 hcore=none foreign=0 win=0
  wcase-irq[0B]:    0/0/0 cyc  0/0/0 ns  (p50/max/max, n=0)
  wcase-probe: line=6 raise=inject on=0 raised=100 hcore=none foreign=0 win=0
  wcase-irq[64B]:   0/0/0 cyc  0/0/0 ns  (p50/max/max, n=0)
  wcase-probe: line=6 raise=inject on=0 raised=100 hcore=none foreign=0 win=0
  wcase-irq[256B]:  0/0/0 cyc  0/0/0 ns  (p50/max/max, n=0)
  wcase-probe: line=6 raise=inject on=0 raised=100 hcore=none foreign=0 win=0
  wcase-irq[1024B]: 0/0/0 cyc  0/0/0 ns  (p50/max/max, n=0)
  e2e-settle: settled=2/2
  e2e-probe: line=7 closed=1000 dropped=0 tare=310/574 ns  (min/avg, n=64)
  e2e-passes: asked=1000 raised=1000
  e2e-local: 4096/4096/28448 ns  (p50/p99/max, n=1000)
  throughput: 513190 ctx-sw/s  (1948 ns/sw avg over 40000 switches / 77 ms)
  switch-probe: fastpath-swaps=0  (swapped inside the trap, so not in the switch row)
  switch:    60/80/240 cyc  30/40/120 ns  (p50/p99/max, n=40002)
  lock-hold: 960/1792/17780 cyc  480/896/8895 ns  (p50/p99/max, n=80248)
  lock-site: core=0 site=0x416918 max=17780
  irq-probe: line=6 raise=inject on=0 raised=100 hcore=none foreign=0 win=0
  irq:       0/0/0 cyc  0/0/0 ns  (p50/max/max, n=0)
  wcase-probe: line=6 raise=inject on=0 raised=100 hcore=none foreign=0 win=0
  wcase-irq[0B]:    0/0/0 cyc  0/0/0 ns  (p50/max/max, n=0)
  wcase-probe: line=6 raise=inject on=0 raised=100 hcore=none foreign=0 win=0
  wcase-irq[64B]:   0/0/0 cyc  0/0/0 ns  (p50/max/max, n=0)
  wcase-probe: line=6 raise=inject on=0 raised=100 hcore=none foreign=0 win=0
  wcase-irq[256B]:  0/0/0 cyc  0/0/0 ns  (p50/max/max, n=0)
  wcase-probe: line=6 raise=inject on=0 raised=100 hcore=none foreign=0 win=0
  wcase-irq[1024B]: 0/0/0 cyc  0/0/0 ns  (p50/max/max, n=0)
  e2e-settle: settled=2/2
  e2e-probe: line=7 closed=1000 dropped=0 tare=310/574 ns  (min/avg, n=64)
  e2e-passes: asked=1000 raised=1000
  e2e-local: 4096/4608/44377 ns  (p50/p99/max, n=1000)
  xtask ping-pong: 7699 ns/switch  (40000 switches / 307 ms)
  xtask call/reply: 16 B  24716 ns/round-trip  (40458 round-trips/s over 20000 calls / 494 ms)
  spawn/exit: thread 39034 ns  (200 reps / 7 ms)
  spawn/exit: task 85118 ns  (200 reps / 17 ms)
bench: done

KICKOS-EXIT status 0
POLL_OK=1 POLL_MS=4600
