[2J[001;001H[=3h[2J[001;001H[2J[001;001H[8;042;160t[2J[001;001H[2J[001;001H[8;056;240t[2J[001;001HBdsDxe: loading Boot0002 "UEFI QEMU HARDDISK QM00001 " from PciRoot(0x0)/Pci(0x1F,0x2)/Sata(0x0,0xFFFF,0x0)
BdsDxe: starting Boot0002 "UEFI QEMU HARDDISK QM00001 " from PciRoot(0x0)/Pci(0x1F,0x2)/Sata(0x0,0xFFFF,0x0)

KICKOS-X1 8c41d7a2 x86_64/q35 uefi-handover entry
KICKOS-X1 8c41d7a2 x86_64/q35 uefi-handover handover if=1 paging=1 longmode=1 root=1 wp=1 nx=1 nxcap=1
KICKOS-X1 8c41d7a2 x86_64/q35 uefi-handover if_after_cli=0
KICKOS-X1 8c41d7a2 x86_64/q35 uefi-handover firmware=Debian distribution of EDK II
KICKOS-X1 8c41d7a2 x86_64/q35 uefi-handover revision=0x0000000000020046
KICKOS-X1 8c41d7a2 x86_64/q35 uefi-handover map descriptors=109 stride=48 version=1 conventional_pages=117679 arena=0x0000000001800000 arena_pages=107372
KICKOS-X1 8c41d7a2 x86_64/q35 uefi-handover fp found em=0 ts=0 mp=1 osfxsr=1 osxmmexcpt=1 osxsave=0
KICKOS-X1 8c41d7a2 x86_64/q35 uefi-handover fp trapped em=1 ts=1 mp=1 osfxsr=0 osxmmexcpt=0 osxsave=0
KICKOS-X1 8c41d7a2 x86_64/q35 uefi-handover boot services left
KICKOS-X1 8c41d7a2 x86_64/q35 uefi-handover if_after_exit=0
x86_64 app relocation: base=0x0000000000400000 load_delta=0x0000000000000000 app_words=0

  ==============================================
   KickOS 0.5.1  -  microkernel RTOS
  ==============================================
   board   qemu-x86_64
   arch    x86_64
   cpu     x86-64
   mpu     off
   sched   tickless
   build   2026-09-30 09:45:54 +0200
   app     Sep 30 2026 09:45:54 +0200
   commit  10deab0c
   heap    none
   kstack  4096 B x 33 = 135168 B

microbenchmark: context-switch throughput (all arches) + per-switch cost
+ IRQ-entry latency where a cycle counter exists. Reporter woken by the
workload, not a timer. Telemetry OFF for clean numbers.
cycle counter: 1998522577 Hz (0 = no rate converts a reading; cycles only)

  lock-probe: hold+1 core=0 depth=0  (three nested, one outermost)
  call/reply: 8 B  7901 ns/round-trip  (126557 round-trips/s over 20000 calls / 158 ms)
  call/reply: 16 B  7674 ns/round-trip  (130305 round-trips/s over 20000 calls / 153 ms)
  call/reply: 32 B  7715 ns/round-trip  (129609 round-trips/s over 20000 calls / 154 ms)
  call/reply: 64 B  7701 ns/round-trip  (129846 round-trips/s over 20000 calls / 154 ms)
  call/reply: 128 B  7715 ns/round-trip  (129604 round-trips/s over 20000 calls / 154 ms)
  call/reply: 256 B  7895 ns/round-trip  (126654 round-trips/s over 20000 calls / 157 ms)
  call/reply: 8 B  7705 ns/round-trip  (129777 round-trips/s over 20000 calls / 154 ms) [generic path]
  call/reply: 16 B  7710 ns/round-trip  (129701 round-trips/s over 20000 calls / 154 ms) [generic path]
  call/reply: 32 B  7730 ns/round-trip  (129363 round-trips/s over 20000 calls / 154 ms) [generic path]
  call/reply: 64 B  7692 ns/round-trip  (129997 round-trips/s over 20000 calls / 153 ms) [generic path]
  call/reply: 128 B  7872 ns/round-trip  (127024 round-trips/s over 20000 calls / 157 ms) [generic path]
  call/reply: 256 B  7874 ns/round-trip  (126994 round-trips/s over 20000 calls / 157 ms) [generic path]
  call/reply: 32 B  7916 ns/round-trip  (126318 round-trips/s over 20000 calls / 158 ms) [caller outranks server, D1 donates]
  phase table (44 rows; cyc avg/max, min last and a floor; leaf -= NULL, composite -= NULL + k*(NEST-NULL)):
    NULL             15/11940  min=1  n=260000
    NEST             84/34499  min=60  n=260000
    NEST_LOCK        46/39480  min=40  n=260000
    CALL_TOTAL       14463/2360600  min=13900  n=259999
    CALL_VALIDATE    166/14120  min=140  n=260000
    CALL_LOCKED      13961/2359920  min=13400  n=259999
    CALL_RESOLVE     211/23300  min=180  n=260000
    CALL_PEEK        49/36740  min=20  n=260000
    CALL_PROBE       80/27180  min=60  n=259999
    CALL_POP         123/36500  min=100  n=259999
    CALL_COPY        1405/56220  min=1300  n=259999
    CALL_MINT        1329/185140  min=1220  n=259999
    CALL_MINT_CAP    372/96540  min=319  n=259999
    CALL_MINT_INFO   820/50220  min=760  n=259999
    CALL_DONATE      114/20500  min=80  n=19999
    CALL_PARK        235/61320  min=200  n=259999
    CALL_WAKE        9535/2354600  min=9140  n=259999
    CALL_RESUME      163/13720  min=120  n=260000
    CALL_SLOW_TOTAL  434020/434020  min=434020  n=1
    CALL_SLOW_LOCKED 417240/417240  min=417240  n=1
    CALL_SLOW_DONATE 0/0  min=0  n=0
    CALL_SLOW_PARK   319480/319480  min=319480  n=1
    RECV_LOCKED      9824/1302940  min=9380  n=259999
    RECV_RESOLVE     245/88480  min=200  n=260000
    RECV_SCAN        140/40320  min=100  n=259999
    RECV_PARK        9202/1128400  min=8800  n=259999
    REPLY_TOTAL      49378/317200  min=6160  n=13
    REPLY_VALIDATE   5935/42120  min=920  n=13
    REPLY_LOCKED     2430/396400  min=2260  n=260000
    REPLY_LOOKUP     319/197900  min=280  n=260000
    REPLY_COPY       1405/40580  min=1300  n=260000
    REPLY_FUNNEL     197/64640  min=160  n=260000
    REPLY_WAKE       218/39640  min=200  n=260000
    REPLY_RECV_TOTAL 14092/1679040  min=13540  n=260000
    REPLY_RECV_TAIL  425/96980  min=360  n=259999
    WAKE_UNPARK      68/39200  min=40  n=520012
    PICK_NEXT        44/14920  min=20  n=520064
    SWITCH_TO        16704/317433020  min=8320  n=520013
    SWITCH_BOOK      67/52780  min=40  n=520039
    MPU_APPLY        106/18820  min=80  n=520039
    MPU_COMMIT       0/0  min=0  n=0
    REENT_SEAT       0/0  min=0  n=0
    KTIME_REARM      60/52180  min=40  n=520039
    ARCH_SWITCH      16166/317344120  min=7780  n=520013
  ns-probe: cyc=4294967295 ns=2149071191 capped=0
  sat-probe: width=64 fits+1/0 wide+0/1 max=1000

  throughput: 521873 ctx-sw/s  (1916 ns/sw avg over 40000 switches / 76 ms)
  switch-probe: fastpath-swaps=0  (swapped inside the trap, so not in the switch row)
  switch:    60/80/80 cyc  30/40/40 ns  (p50/p99/max, n=40002)
  lock-hold: 640/1792/14360 cyc  320/896/7185 ns  (p50/p99/max, n=80243)
  lock-site: core=0 site=0x416918 max=14360
  irq-probe: line=6 raise=inject on=0 raised=100 hcore=none foreign=0 win=0
  irq:       0/0/0 cyc  0/0/0 ns  (p50/max/max, n=0)
  wcase-probe: line=6 raise=inject on=0 raised=100 hcore=none foreign=0 win=0
  wcase-irq[0B]:    0/0/0 cyc  0/0/0 ns  (p50/max/max, n=0)
  wcase-probe: line=6 raise=inject on=0 raised=100 hcore=none foreign=0 win=0
  wcase-irq[64B]:   0/0/0 cyc  0/0/0 ns  (p50/max/max, n=0)
  wcase-probe: line=6 raise=inject on=0 raised=100 hcore=none foreign=0 win=0
  wcase-irq[256B]:  0/0/0 cyc  0/0/0 ns  (p50/max/max, n=0)
  wcase-probe: line=6 raise=inject on=0 raised=100 hcore=none foreign=0 win=0
  wcase-irq[1024B]: 0/0/0 cyc  0/0/0 ns  (p50/max/max, n=0)
  e2e-settle: settled=2/2
  e2e-probe: line=7 closed=1000 dropped=0 tare=280/551 ns  (min/avg, n=64)
  e2e-passes: asked=1000 raised=1000
  e2e-local: 4096/4096/588735 ns  (p50/p99/max, n=1000)
  throughput: 523057 ctx-sw/s  (1911 ns/sw avg over 40000 switches / 76 ms)
  switch-probe: fastpath-swaps=0  (swapped inside the trap, so not in the switch row)
  switch:    60/80/220 cyc  30/40/110 ns  (p50/p99/max, n=40002)
  lock-hold: 960/1792/42920 cyc  480/896/21475 ns  (p50/p99/max, n=80248)
  lock-site: core=0 site=0x416918 max=42920
  irq-probe: line=6 raise=inject on=0 raised=100 hcore=none foreign=0 win=0
  irq:       0/0/0 cyc  0/0/0 ns  (p50/max/max, n=0)
  wcase-probe: line=6 raise=inject on=0 raised=100 hcore=none foreign=0 win=0
  wcase-irq[0B]:    0/0/0 cyc  0/0/0 ns  (p50/max/max, n=0)
  wcase-probe: line=6 raise=inject on=0 raised=100 hcore=none foreign=0 win=0
  wcase-irq[64B]:   0/0/0 cyc  0/0/0 ns  (p50/max/max, n=0)
  wcase-probe: line=6 raise=inject on=0 raised=100 hcore=none foreign=0 win=0
  wcase-irq[256B]:  0/0/0 cyc  0/0/0 ns  (p50/max/max, n=0)
  wcase-probe: line=6 raise=inject on=0 raised=100 hcore=none foreign=0 win=0
  wcase-irq[1024B]: 0/0/0 cyc  0/0/0 ns  (p50/max/max, n=0)
  e2e-settle: settled=2/2
  e2e-probe: line=7 closed=1000 dropped=0 tare=280/551 ns  (min/avg, n=64)
  e2e-passes: asked=1000 raised=1000
  e2e-local: 4096/4096/32974 ns  (p50/p99/max, n=1000)
  throughput: 525908 ctx-sw/s  (1901 ns/sw avg over 40000 switches / 76 ms)
  switch-probe: fastpath-swaps=0  (swapped inside the trap, so not in the switch row)
  switch:    60/80/7460 cyc  30/40/3732 ns  (p50/p99/max, n=40002)
  lock-hold: 896/1792/26500 cyc  448/896/13259 ns  (p50/p99/max, n=80250)
  lock-site: core=0 site=0x416918 max=26500
  irq-probe: line=6 raise=inject on=0 raised=100 hcore=none foreign=0 win=0
  irq:       0/0/0 cyc  0/0/0 ns  (p50/max/max, n=0)
  wcase-probe: line=6 raise=inject on=0 raised=100 hcore=none foreign=0 win=0
  wcase-irq[0B]:    0/0/0 cyc  0/0/0 ns  (p50/max/max, n=0)
  wcase-probe: line=6 raise=inject on=0 raised=100 hcore=none foreign=0 win=0
  wcase-irq[64B]:   0/0/0 cyc  0/0/0 ns  (p50/max/max, n=0)
  wcase-probe: line=6 raise=inject on=0 raised=100 hcore=none foreign=0 win=0
  wcase-irq[256B]:  0/0/0 cyc  0/0/0 ns  (p50/max/max, n=0)
  wcase-probe: line=6 raise=inject on=0 raised=100 hcore=none foreign=0 win=0
  wcase-irq[1024B]: 0/0/0 cyc  0/0/0 ns  (p50/max/max, n=0)
  e2e-settle: settled=2/2
  e2e-probe: line=7 closed=1000 dropped=0 tare=280/551 ns  (min/avg, n=64)
  e2e-passes: asked=1000 raised=1000
  e2e-local: 4096/4096/9547 ns  (p50/p99/max, n=1000)
  xtask ping-pong: 7372 ns/switch  (40000 switches / 294 ms)
  xtask call/reply: 16 B  23783 ns/round-trip  (42045 round-trips/s over 20000 calls / 475 ms)
  spawn/exit: thread 37704 ns  (200 reps / 7 ms)
  spawn/exit: task 83769 ns  (200 reps / 16 ms)
bench: done

KICKOS-EXIT status 0
POLL_OK=1 POLL_MS=4600
