
  ==============================================
   KickOS 0.5.1  -  microkernel RTOS
  ==============================================
   board   qemu-riscv
   arch    rv32imac
   cpu     rv32imac_zicsr
   mpu     off
   sched   tickless
   build   2026-09-30 09:46:13 +0200
   app     Sep 30 2026 09:46:13 +0200
   commit  10deab0c
   heap    16 KiB available
   kstack  1184 B x 17 = 20128 B

microbenchmark: context-switch throughput (all arches) + per-switch cost
+ IRQ-entry latency where a cycle counter exists. Reporter woken by the
workload, not a timer. Telemetry OFF for clean numbers.
cycle counter: 0 Hz (0 = no rate converts a reading; cycles only)

  lock-probe: hold+1 core=0 depth=0  (three nested, one outermost)
  call/reply: 8 B  10192 ns/round-trip  (98116 round-trips/s over 20000 calls / 203 ms)
  call/reply: 16 B  10165 ns/round-trip  (98369 round-trips/s over 20000 calls / 203 ms)
  call/reply: 32 B  16667 ns/round-trip  (59997 round-trips/s over 20000 calls / 333 ms)
  call/reply: 64 B  16523 ns/round-trip  (60519 round-trips/s over 20000 calls / 330 ms)
  call/reply: 128 B  16502 ns/round-trip  (60597 round-trips/s over 20000 calls / 330 ms)
  call/reply: 256 B  16798 ns/round-trip  (59528 round-trips/s over 20000 calls / 335 ms)
  call/reply: 8 B  16546 ns/round-trip  (60434 round-trips/s over 20000 calls / 330 ms) [generic path]
  call/reply: 16 B  16451 ns/round-trip  (60785 round-trips/s over 20000 calls / 329 ms) [generic path]
  call/reply: 32 B  16536 ns/round-trip  (60472 round-trips/s over 20000 calls / 330 ms) [generic path]
  call/reply: 64 B  16762 ns/round-trip  (59658 round-trips/s over 20000 calls / 335 ms) [generic path]
  call/reply: 128 B  16686 ns/round-trip  (59929 round-trips/s over 20000 calls / 333 ms) [generic path]
  call/reply: 256 B  16831 ns/round-trip  (59413 round-trips/s over 20000 calls / 336 ms) [generic path]
  call/reply: 32 B  16945 ns/round-trip  (59011 round-trips/s over 20000 calls / 338 ms) [caller outranks server, D1 donates]
  phase table (44 rows; cyc avg/max, min last and a floor; leaf -= NULL, composite -= NULL + k*(NEST-NULL)):
    NULL             75/3440  min=40  n=220000
    NEST             462/1286460  min=420  n=220000
    NEST_LOCK        376/51520  min=340  n=220000
    CALL_TOTAL       12093/1308020  min=11540  n=219999
    CALL_VALIDATE    281/37360  min=240  n=220000
    CALL_LOCKED      11004/1305040  min=10460  n=219999
    CALL_RESOLVE     448/31220  min=400  n=220000
    CALL_PEEK        237/20800  min=220  n=220000
    CALL_PROBE       211/21640  min=180  n=219999
    CALL_POP         288/19700  min=260  n=219999
    CALL_COPY        399/36280  min=260  n=219999
    CALL_MINT        1344/92040  min=1260  n=219999
    CALL_MINT_CAP    444/22340  min=400  n=219999
    CALL_MINT_INFO   337/25660  min=300  n=219999
    CALL_DONATE      169/22120  min=160  n=19999
    CALL_PARK        530/47100  min=480  n=219999
    CALL_WAKE        3622/264580  min=3360  n=219999
    CALL_RESUME      322/22420  min=280  n=220000
    CALL_SLOW_TOTAL  190820/190820  min=190820  n=1
    CALL_SLOW_LOCKED 171080/171080  min=171080  n=1
    CALL_SLOW_DONATE 0/0  min=0  n=0
    CALL_SLOW_PARK   68780/68780  min=68780  n=1
    RECV_LOCKED      4840/273460  min=4540  n=259999
    RECV_RESOLVE     516/85860  min=440  n=260000
    RECV_SCAN        201/43180  min=180  n=259999
    RECV_PARK        3365/271580  min=3080  n=259999
    REPLY_TOTAL      43623/171800  min=9900  n=13
    REPLY_VALIDATE   9132/31420  min=1620  n=13
    REPLY_LOCKED     3070/383220  min=2280  n=260000
    REPLY_LOOKUP     616/185700  min=520  n=260000
    REPLY_COPY       411/38700  min=220  n=260000
    REPLY_FUNNEL     260/63440  min=180  n=260000
    REPLY_WAKE       638/52040  min=560  n=260000
    REPLY_RECV_TOTAL 9911/582160  min=8960  n=260000
    REPLY_RECV_TAIL  839/104480  min=760  n=259999
    WAKE_UNPARK      166/260100  min=120  n=520012
    PICK_NEXT        184/31000  min=160  n=480064
    SWITCH_TO        2304/270080  min=2060  n=480039
    SWITCH_BOOK      142/142860  min=120  n=520039
    MPU_APPLY        115/12160  min=60  n=520039
    MPU_COMMIT       0/0  min=0  n=0
    REENT_SEAT       181/30420  min=160  n=520039
    KTIME_REARM      193/8040  min=140  n=520039
    ARCH_SWITCH      701/267480  min=580  n=480039
  ns-probe: rate=0 (nothing converts, so no ns column is printed)
  sat-probe: width=32 (no delta this counter forms is too wide)

  throughput: 167632 ctx-sw/s  (5965 ns/sw avg over 40000 switches / 238 ms)
  switch-probe: fastpath-swaps=0  (swapped inside the trap, so not in the switch row)
  switch:    1536/1536/10400 cyc  (p50/p99/max, n=40001)
  lock-hold: 2304/3840/23800 cyc  (p50/p99/max, n=80241)
  lock-site: core=0 site=0x80001e50 max=23800
  irq-probe: line=6 raise=inject on=0 raised=100 hcore=0 foreign=0 win=234260
  irq:       1408/170300/170300 cyc  (p50/max/max, n=100)
  wcase-probe: line=6 raise=inject on=0 raised=100 hcore=0 foreign=0 win=26000
  wcase-irq[0B]:    1536/20840/20840 cyc  (p50/max/max, n=100)
  wcase-probe: line=6 raise=inject on=0 raised=100 hcore=0 foreign=0 win=15480
  wcase-irq[64B]:   1792/14760/14760 cyc  (p50/max/max, n=100)
  wcase-probe: line=6 raise=inject on=0 raised=100 hcore=0 foreign=0 win=4480
  wcase-irq[256B]:  2304/3640/3640 cyc  (p50/max/max, n=100)
  wcase-probe: line=6 raise=inject on=0 raised=100 hcore=0 foreign=0 win=5820
  wcase-irq[1024B]: 4608/5200/5200 cyc  (p50/max/max, n=100)
  e2e-settle: settled=2/2
  e2e-probe: line=7 closed=1000 dropped=0 tare=1400/1817 ns  (min/avg, n=64)
  e2e-passes: asked=1000 raised=1000
  e2e-local: 6656/7168/195200 ns  (p50/p99/max, n=1000)
  throughput: 168012 ctx-sw/s  (5951 ns/sw avg over 40000 switches / 238 ms)
  switch-probe: fastpath-swaps=0  (swapped inside the trap, so not in the switch row)
  switch:    1536/1536/7820 cyc  (p50/p99/max, n=40001)
  lock-hold: 2304/3840/54180 cyc  (p50/p99/max, n=80240)
  lock-site: core=0 site=0x80001e50 max=54180
  irq-probe: line=6 raise=inject on=0 raised=100 hcore=0 foreign=0 win=19700
  irq:       1408/13900/13900 cyc  (p50/max/max, n=100)
  wcase-probe: line=6 raise=inject on=0 raised=100 hcore=0 foreign=0 win=4020
  wcase-irq[0B]:    1536/3400/3400 cyc  (p50/max/max, n=100)
  wcase-probe: line=6 raise=inject on=0 raised=100 hcore=0 foreign=0 win=2640
  wcase-irq[64B]:   1792/2140/2140 cyc  (p50/max/max, n=100)
  wcase-probe: line=6 raise=inject on=0 raised=100 hcore=0 foreign=0 win=3080
  wcase-irq[256B]:  2304/2620/2620 cyc  (p50/max/max, n=100)
  wcase-probe: line=6 raise=inject on=0 raised=100 hcore=0 foreign=0 win=5520
  wcase-irq[1024B]: 4608/5060/5060 cyc  (p50/max/max, n=100)
  e2e-settle: settled=2/2
  e2e-probe: line=7 closed=1000 dropped=0 tare=1400/1817 ns  (min/avg, n=64)
  e2e-passes: asked=1000 raised=1000
  e2e-local: 6656/6656/24400 ns  (p50/p99/max, n=1000)
  throughput: 166776 ctx-sw/s  (5996 ns/sw avg over 40000 switches / 239 ms)
  switch-probe: fastpath-swaps=0  (swapped inside the trap, so not in the switch row)
  switch:    1536/1920/15460 cyc  (p50/p99/max, n=40001)
  lock-hold: 3584/3840/65900 cyc  (p50/p99/max, n=80241)
  lock-site: core=0 site=0x80001e50 max=65900
  irq-probe: line=6 raise=inject on=0 raised=100 hcore=0 foreign=0 win=17540
  irq:       1408/13120/13120 cyc  (p50/max/max, n=100)
  wcase-probe: line=6 raise=inject on=0 raised=100 hcore=0 foreign=0 win=4820
  wcase-irq[0B]:    1536/4180/4180 cyc  (p50/max/max, n=100)
  wcase-probe: line=6 raise=inject on=0 raised=100 hcore=0 foreign=0 win=3420
  wcase-irq[64B]:   1792/2920/2920 cyc  (p50/max/max, n=100)
  wcase-probe: line=6 raise=inject on=0 raised=100 hcore=0 foreign=0 win=10480
  wcase-irq[256B]:  2304/9780/9780 cyc  (p50/max/max, n=100)
  wcase-probe: line=6 raise=inject on=0 raised=100 hcore=0 foreign=0 win=7300
  wcase-irq[1024B]: 4608/6640/6640 cyc  (p50/max/max, n=100)
  e2e-settle: settled=2/2
  e2e-probe: line=7 closed=1000 dropped=0 tare=1400/1817 ns  (min/avg, n=64)
  e2e-passes: asked=1000 raised=1000
  e2e-local: 6656/6656/27900 ns  (p50/p99/max, n=1000)
  xtask ping-pong: 6024 ns/switch  (40000 switches / 240 ms)
  xtask call/reply: 16 B  10185 ns/round-trip  (98179 round-trips/s over 20000 calls / 203 ms)
  spawn/exit: thread 18075 ns  (200 reps / 3 ms)
  spawn/exit: task 21297 ns  (200 reps / 4 ms)
bench: done
POLL_OK=1 POLL_MS=5400
