[2J[001;001H[=3h[2J[001;001H[2J[001;001H[8;042;160t[2J[001;001H[2J[001;001H[8;056;240t[2J[001;001HBdsDxe: loading Boot0002 "UEFI QEMU HARDDISK QM00001 " from PciRoot(0x0)/Pci(0x1F,0x2)/Sata(0x0,0xFFFF,0x0)
BdsDxe: starting Boot0002 "UEFI QEMU HARDDISK QM00001 " from PciRoot(0x0)/Pci(0x1F,0x2)/Sata(0x0,0xFFFF,0x0)

KICKOS-X1 8c41d7a2 x86_64/q35 uefi-handover entry
KICKOS-X1 8c41d7a2 x86_64/q35 uefi-handover handover if=1 paging=1 longmode=1 root=1 wp=1 nx=1 nxcap=1
KICKOS-X1 8c41d7a2 x86_64/q35 uefi-handover if_after_cli=0
KICKOS-X1 8c41d7a2 x86_64/q35 uefi-handover firmware=Debian distribution of EDK II
KICKOS-X1 8c41d7a2 x86_64/q35 uefi-handover revision=0x0000000000020046
KICKOS-X1 8c41d7a2 x86_64/q35 uefi-handover map descriptors=109 stride=48 version=1 conventional_pages=117679 arena=0x0000000001800000 arena_pages=107372
KICKOS-X1 8c41d7a2 x86_64/q35 uefi-handover fp found em=0 ts=0 mp=1 osfxsr=1 osxmmexcpt=1 osxsave=0
KICKOS-X1 8c41d7a2 x86_64/q35 uefi-handover fp trapped em=1 ts=1 mp=1 osfxsr=0 osxmmexcpt=0 osxsave=0
KICKOS-X1 8c41d7a2 x86_64/q35 uefi-handover boot services left
KICKOS-X1 8c41d7a2 x86_64/q35 uefi-handover if_after_exit=0
x86_64 app relocation: base=0x0000000000400000 load_delta=0x0000000000000000 app_words=0

  ==============================================
   KickOS 0.5.1  -  microkernel RTOS
  ==============================================
   board   qemu-x86_64
   arch    x86_64
   cpu     x86-64
   mpu     off
   sched   tickless
   build   2026-09-30 09:45:54 +0200
   app     Sep 30 2026 09:45:54 +0200
   commit  10deab0c
   heap    none
   kstack  4096 B x 33 = 135168 B

microbenchmark: context-switch throughput (all arches) + per-switch cost
+ IRQ-entry latency where a cycle counter exists. Reporter woken by the
workload, not a timer. Telemetry OFF for clean numbers.
cycle counter: 1998771952 Hz (0 = no rate converts a reading; cycles only)

  lock-probe: hold+1 core=0 depth=0  (three nested, one outermost)
  call/reply: 8 B  7929 ns/round-trip  (126118 round-trips/s over 20000 calls / 158 ms)
  call/reply: 16 B  7889 ns/round-trip  (126758 round-trips/s over 20000 calls / 157 ms)
  call/reply: 32 B  7929 ns/round-trip  (126104 round-trips/s over 20000 calls / 158 ms)
  call/reply: 64 B  8015 ns/round-trip  (124757 round-trips/s over 20000 calls / 160 ms)
  call/reply: 128 B  7890 ns/round-trip  (126738 round-trips/s over 20000 calls / 157 ms)
  call/reply: 256 B  7983 ns/round-trip  (125265 round-trips/s over 20000 calls / 159 ms)
  call/reply: 8 B  7777 ns/round-trip  (128571 round-trips/s over 20000 calls / 155 ms) [generic path]
  call/reply: 16 B  7915 ns/round-trip  (126329 round-trips/s over 20000 calls / 158 ms) [generic path]
  call/reply: 32 B  7973 ns/round-trip  (125418 round-trips/s over 20000 calls / 159 ms) [generic path]
  call/reply: 64 B  7882 ns/round-trip  (126863 round-trips/s over 20000 calls / 157 ms) [generic path]
  call/reply: 128 B  7959 ns/round-trip  (125637 round-trips/s over 20000 calls / 159 ms) [generic path]
  call/reply: 256 B  7934 ns/round-trip  (126039 round-trips/s over 20000 calls / 158 ms) [generic path]
  call/reply: 32 B  8036 ns/round-trip  (124426 round-trips/s over 20000 calls / 160 ms) [caller outranks server, D1 donates]
  phase table (44 rows; cyc avg/max, min last and a floor; leaf -= NULL, composite -= NULL + k*(NEST-NULL)):
    NULL             15/15780  min=1  n=260000
    NEST             85/25540  min=79  n=260000
    NEST_LOCK        47/41620  min=40  n=260000
    CALL_TOTAL       14771/2318800  min=14120  n=259999
    CALL_VALIDATE    169/14340  min=140  n=260000
    CALL_LOCKED      14255/2318080  min=13600  n=259999
    CALL_RESOLVE     218/25840  min=180  n=260000
    CALL_PEEK        50/22460  min=20  n=260000
    CALL_PROBE       84/28880  min=60  n=259999
    CALL_POP         124/37680  min=100  n=259999
    CALL_COPY        1452/121120  min=1340  n=259999
    CALL_MINT        1375/215240  min=1260  n=259999
    CALL_MINT_CAP    381/122760  min=320  n=259999
    CALL_MINT_INFO   854/51940  min=780  n=259999
    CALL_DONATE      117/22980  min=100  n=19999
    CALL_PARK        242/63280  min=220  n=259999
    CALL_WAKE        9725/2313160  min=9280  n=259999
    CALL_RESUME      153/14000  min=120  n=260000
    CALL_SLOW_TOTAL  443040/443040  min=443040  n=1
    CALL_SLOW_LOCKED 423220/423220  min=423220  n=1
    CALL_SLOW_DONATE 0/0  min=0  n=0
    CALL_SLOW_PARK   321720/321720  min=321720  n=1
    RECV_LOCKED      9999/1301720  min=9580  n=259999
    RECV_RESOLVE     247/90440  min=220  n=260000
    RECV_SCAN        141/40840  min=100  n=259999
    RECV_PARK        9363/1123280  min=8980  n=259999
    REPLY_TOTAL      52884/295380  min=8220  n=13
    REPLY_VALIDATE   7978/34460  min=1600  n=13
    REPLY_LOCKED     2492/413340  min=2300  n=260000
    REPLY_LOOKUP     317/202760  min=280  n=260000
    REPLY_COPY       1475/57660  min=1340  n=260000
    REPLY_FUNNEL     199/66600  min=160  n=260000
    REPLY_WAKE       220/49520  min=200  n=260000
    REPLY_RECV_TOTAL 14358/1680860  min=13720  n=260000
    REPLY_RECV_TAIL  437/116800  min=380  n=259999
    WAKE_UNPARK      70/27500  min=40  n=520012
    PICK_NEXT        45/16060  min=20  n=520064
    SWITCH_TO        17027/321551140  min=8500  n=520013
    SWITCH_BOOK      68/50680  min=40  n=520039
    MPU_APPLY        107/12520  min=80  n=520039
    MPU_COMMIT       0/0  min=0  n=0
    REENT_SEAT       0/0  min=0  n=0
    KTIME_REARM      61/25780  min=40  n=520039
    ARCH_SWITCH      16486/321549160  min=7940  n=520013
  ns-probe: cyc=4294967295 ns=2148803064 capped=0
  sat-probe: width=64 fits+1/0 wide+0/1 max=1000

  throughput: 519299 ctx-sw/s  (1925 ns/sw avg over 40000 switches / 77 ms)
  switch-probe: fastpath-swaps=0  (swapped inside the trap, so not in the switch row)
  switch:    60/80/100 cyc  30/40/50 ns  (p50/p99/max, n=40002)
  lock-hold: 704/1792/35180 cyc  352/896/17600 ns  (p50/p99/max, n=80244)
  lock-site: core=0 site=0x416918 max=35180
  irq-probe: line=6 raise=inject on=0 raised=100 hcore=none foreign=0 win=0
  irq:       0/0/0 cyc  0/0/0 ns  (p50/max/max, n=0)
  wcase-probe: line=6 raise=inject on=0 raised=100 hcore=none foreign=0 win=0
  wcase-irq[0B]:    0/0/0 cyc  0/0/0 ns  (p50/max/max, n=0)
  wcase-probe: line=6 raise=inject on=0 raised=100 hcore=none foreign=0 win=0
  wcase-irq[64B]:   0/0/0 cyc  0/0/0 ns  (p50/max/max, n=0)
  wcase-probe: line=6 raise=inject on=0 raised=100 hcore=none foreign=0 win=0
  wcase-irq[256B]:  0/0/0 cyc  0/0/0 ns  (p50/max/max, n=0)
  wcase-probe: line=6 raise=inject on=0 raised=100 hcore=none foreign=0 win=0
  wcase-irq[1024B]: 0/0/0 cyc  0/0/0 ns  (p50/max/max, n=0)
  e2e-settle: settled=2/2
  e2e-probe: line=7 closed=1000 dropped=0 tare=290/584 ns  (min/avg, n=64)
  e2e-passes: asked=1000 raised=1000
  e2e-local: 4096/4096/605081 ns  (p50/p99/max, n=1000)
  throughput: 518809 ctx-sw/s  (1927 ns/sw avg over 40000 switches / 77 ms)
  switch-probe: fastpath-swaps=0  (swapped inside the trap, so not in the switch row)
  switch:    60/80/100 cyc  30/40/50 ns  (p50/p99/max, n=40002)
  lock-hold: 896/1792/30440 cyc  448/896/15229 ns  (p50/p99/max, n=80247)
  lock-site: core=0 site=0x416918 max=30440
  irq-probe: line=6 raise=inject on=0 raised=100 hcore=none foreign=0 win=0
  irq:       0/0/0 cyc  0/0/0 ns  (p50/max/max, n=0)
  wcase-probe: line=6 raise=inject on=0 raised=100 hcore=none foreign=0 win=0
  wcase-irq[0B]:    0/0/0 cyc  0/0/0 ns  (p50/max/max, n=0)
  wcase-probe: line=6 raise=inject on=0 raised=100 hcore=none foreign=0 win=0
  wcase-irq[64B]:   0/0/0 cyc  0/0/0 ns  (p50/max/max, n=0)
  wcase-probe: line=6 raise=inject on=0 raised=100 hcore=none foreign=0 win=0
  wcase-irq[256B]:  0/0/0 cyc  0/0/0 ns  (p50/max/max, n=0)
  wcase-probe: line=6 raise=inject on=0 raised=100 hcore=none foreign=0 win=0
  wcase-irq[1024B]: 0/0/0 cyc  0/0/0 ns  (p50/max/max, n=0)
  e2e-settle: settled=2/2
  e2e-probe: line=7 closed=1000 dropped=0 tare=290/584 ns  (min/avg, n=64)
  e2e-passes: asked=1000 raised=1000
  e2e-local: 4096/4096/42516 ns  (p50/p99/max, n=1000)
  throughput: 518173 ctx-sw/s  (1929 ns/sw avg over 40000 switches / 77 ms)
  switch-probe: fastpath-swaps=0  (swapped inside the trap, so not in the switch row)
  switch:    60/80/400 cyc  30/40/200 ns  (p50/p99/max, n=40002)
  lock-hold: 704/1792/9980 cyc  352/896/4993 ns  (p50/p99/max, n=80248)
  lock-site: core=0 site=0x416918 max=9980
  irq-probe: line=6 raise=inject on=0 raised=100 hcore=none foreign=0 win=0
  irq:       0/0/0 cyc  0/0/0 ns  (p50/max/max, n=0)
  wcase-probe: line=6 raise=inject on=0 raised=100 hcore=none foreign=0 win=0
  wcase-irq[0B]:    0/0/0 cyc  0/0/0 ns  (p50/max/max, n=0)
  wcase-probe: line=6 raise=inject on=0 raised=100 hcore=none foreign=0 win=0
  wcase-irq[64B]:   0/0/0 cyc  0/0/0 ns  (p50/max/max, n=0)
  wcase-probe: line=6 raise=inject on=0 raised=100 hcore=none foreign=0 win=0
  wcase-irq[256B]:  0/0/0 cyc  0/0/0 ns  (p50/max/max, n=0)
  wcase-probe: line=6 raise=inject on=0 raised=100 hcore=none foreign=0 win=0
  wcase-irq[1024B]: 0/0/0 cyc  0/0/0 ns  (p50/max/max, n=0)
  e2e-settle: settled=2/2
  e2e-probe: line=7 closed=1000 dropped=0 tare=290/584 ns  (min/avg, n=64)
  e2e-passes: asked=1000 raised=1000
  e2e-local: 4096/12288/49161 ns  (p50/p99/max, n=1000)
  xtask ping-pong: 7596 ns/switch  (40000 switches / 303 ms)
  xtask call/reply: 16 B  24538 ns/round-trip  (40751 round-trips/s over 20000 calls / 490 ms)
  spawn/exit: thread 38733 ns  (200 reps / 7 ms)
  spawn/exit: task 85219 ns  (200 reps / 17 ms)
bench: done

KICKOS-EXIT status 0
POLL_OK=1 POLL_MS=4600
