[2J[001;001H[=3h[2J[001;001H[2J[001;001H[8;042;160t[2J[001;001H[2J[001;001H[8;056;240t[2J[001;001HBdsDxe: loading Boot0002 "UEFI QEMU HARDDISK QM00001 " from PciRoot(0x0)/Pci(0x1F,0x2)/Sata(0x0,0xFFFF,0x0)
BdsDxe: starting Boot0002 "UEFI QEMU HARDDISK QM00001 " from PciRoot(0x0)/Pci(0x1F,0x2)/Sata(0x0,0xFFFF,0x0)

KICKOS-X1 8c41d7a2 x86_64/q35 uefi-handover entry
KICKOS-X1 8c41d7a2 x86_64/q35 uefi-handover handover if=1 paging=1 longmode=1 root=1 wp=1 nx=1 nxcap=1
KICKOS-X1 8c41d7a2 x86_64/q35 uefi-handover if_after_cli=0
KICKOS-X1 8c41d7a2 x86_64/q35 uefi-handover firmware=Debian distribution of EDK II
KICKOS-X1 8c41d7a2 x86_64/q35 uefi-handover revision=0x0000000000020046
KICKOS-X1 8c41d7a2 x86_64/q35 uefi-handover map descriptors=109 stride=48 version=1 conventional_pages=117679 arena=0x0000000001800000 arena_pages=107372
KICKOS-X1 8c41d7a2 x86_64/q35 uefi-handover fp found em=0 ts=0 mp=1 osfxsr=1 osxmmexcpt=1 osxsave=0
KICKOS-X1 8c41d7a2 x86_64/q35 uefi-handover fp trapped em=1 ts=1 mp=1 osfxsr=0 osxmmexcpt=0 osxsave=0
KICKOS-X1 8c41d7a2 x86_64/q35 uefi-handover boot services left
KICKOS-X1 8c41d7a2 x86_64/q35 uefi-handover if_after_exit=0
x86_64 app relocation: base=0x0000000000400000 load_delta=0x0000000000000000 app_words=0

  ==============================================
   KickOS 0.5.1  -  microkernel RTOS
  ==============================================
   board   qemu-x86_64
   arch    x86_64
   cpu     x86-64
   mpu     off
   sched   tickless
   build   2026-09-30 09:45:54 +0200
   app     Sep 30 2026 09:45:54 +0200
   commit  10deab0c
   heap    none
   kstack  4096 B x 33 = 135168 B

microbenchmark: context-switch throughput (all arches) + per-switch cost
+ IRQ-entry latency where a cycle counter exists. Reporter woken by the
workload, not a timer. Telemetry OFF for clean numbers.
cycle counter: 1999458031 Hz (0 = no rate converts a reading; cycles only)

  lock-probe: hold+1 core=0 depth=0  (three nested, one outermost)
  call/reply: 8 B  7946 ns/round-trip  (125834 round-trips/s over 20000 calls / 158 ms)
  call/reply: 16 B  7814 ns/round-trip  (127974 round-trips/s over 20000 calls / 156 ms)
  call/reply: 32 B  7860 ns/round-trip  (127226 round-trips/s over 20000 calls / 157 ms)
  call/reply: 64 B  7871 ns/round-trip  (127040 round-trips/s over 20000 calls / 157 ms)
  call/reply: 128 B  8000 ns/round-trip  (124990 round-trips/s over 20000 calls / 160 ms)
  call/reply: 256 B  7954 ns/round-trip  (125721 round-trips/s over 20000 calls / 159 ms)
  call/reply: 8 B  7897 ns/round-trip  (126618 round-trips/s over 20000 calls / 157 ms) [generic path]
  call/reply: 16 B  7963 ns/round-trip  (125578 round-trips/s over 20000 calls / 159 ms) [generic path]
  call/reply: 32 B  7831 ns/round-trip  (127686 round-trips/s over 20000 calls / 156 ms) [generic path]
  call/reply: 64 B  7820 ns/round-trip  (127871 round-trips/s over 20000 calls / 156 ms) [generic path]
  call/reply: 128 B  7895 ns/round-trip  (126654 round-trips/s over 20000 calls / 157 ms) [generic path]
  call/reply: 256 B  7989 ns/round-trip  (125162 round-trips/s over 20000 calls / 159 ms) [generic path]
  call/reply: 32 B  8068 ns/round-trip  (123932 round-trips/s over 20000 calls / 161 ms) [caller outranks server, D1 donates]
  phase table (44 rows; cyc avg/max, min last and a floor; leaf -= NULL, composite -= NULL + k*(NEST-NULL)):
    NULL             15/5380  min=1  n=260000
    NEST             85/25460  min=79  n=260000
    NEST_LOCK        48/45540  min=40  n=260000
    CALL_TOTAL       14740/2342460  min=14040  n=259999
    CALL_VALIDATE    172/28060  min=159  n=260000
    CALL_LOCKED      14225/2341840  min=13520  n=259999
    CALL_RESOLVE     219/18820  min=180  n=260000
    CALL_PEEK        50/21700  min=20  n=260000
    CALL_PROBE       82/39700  min=60  n=259999
    CALL_POP         124/39080  min=100  n=259999
    CALL_COPY        1441/58280  min=1320  n=259999
    CALL_MINT        1359/662720  min=1260  n=259999
    CALL_MINT_CAP    379/659559  min=320  n=259999
    CALL_MINT_INFO   837/77100  min=760  n=259999
    CALL_DONATE      118/19880  min=100  n=19999
    CALL_PARK        244/70240  min=220  n=259999
    CALL_WAKE        9721/2336940  min=9240  n=259999
    CALL_RESUME      150/13660  min=120  n=260000
    CALL_SLOW_TOTAL  466040/466040  min=466040  n=1
    CALL_SLOW_LOCKED 448780/448780  min=448780  n=1
    CALL_SLOW_DONATE 0/0  min=0  n=0
    CALL_SLOW_PARK   341360/341360  min=341360  n=1
    RECV_LOCKED      9988/1310240  min=9520  n=259999
    RECV_RESOLVE     255/88980  min=220  n=260000
    RECV_SCAN        141/39980  min=100  n=259999
    RECV_PARK        9349/1135260  min=8880  n=259999
    REPLY_TOTAL      63801/452480  min=8320  n=13
    REPLY_VALIDATE   8396/37920  min=2020  n=13
    REPLY_LOCKED     2470/400960  min=2300  n=260000
    REPLY_LOOKUP     318/201600  min=280  n=260000
    REPLY_COPY       1439/33880  min=1320  n=260000
    REPLY_FUNNEL     202/63280  min=160  n=260000
    REPLY_WAKE       225/29620  min=200  n=260000
    REPLY_RECV_TOTAL 14314/1686320  min=13640  n=260000
    REPLY_RECV_TAIL  436/98060  min=380  n=259999
    WAKE_UNPARK      65/41120  min=40  n=520012
    PICK_NEXT        46/15120  min=20  n=520064
    SWITCH_TO        17009/323083060  min=8420  n=520013
    SWITCH_BOOK      67/88220  min=40  n=520039
    MPU_APPLY        108/13980  min=80  n=520039
    MPU_COMMIT       0/0  min=0  n=0
    REENT_SEAT       0/0  min=0  n=0
    KTIME_REARM      61/15820  min=40  n=520039
    ARCH_SWITCH      16468/323080900  min=7860  n=520013
  ns-probe: cyc=4294967295 ns=2148065740 capped=0
  sat-probe: width=64 fits+1/0 wide+0/1 max=1000

  throughput: 504624 ctx-sw/s  (1981 ns/sw avg over 40000 switches / 79 ms)
  switch-probe: fastpath-swaps=0  (swapped inside the trap, so not in the switch row)
  switch:    60/80/1200 cyc  30/40/600 ns  (p50/p99/max, n=40002)
  lock-hold: 1664/1920/34620 cyc  832/960/17314 ns  (p50/p99/max, n=80246)
  lock-site: core=0 site=0x416918 max=34620
  irq-probe: line=6 raise=inject on=0 raised=100 hcore=none foreign=0 win=0
  irq:       0/0/0 cyc  0/0/0 ns  (p50/max/max, n=0)
  wcase-probe: line=6 raise=inject on=0 raised=100 hcore=none foreign=0 win=0
  wcase-irq[0B]:    0/0/0 cyc  0/0/0 ns  (p50/max/max, n=0)
  wcase-probe: line=6 raise=inject on=0 raised=100 hcore=none foreign=0 win=0
  wcase-irq[64B]:   0/0/0 cyc  0/0/0 ns  (p50/max/max, n=0)
  wcase-probe: line=6 raise=inject on=0 raised=100 hcore=none foreign=0 win=0
  wcase-irq[256B]:  0/0/0 cyc  0/0/0 ns  (p50/max/max, n=0)
  wcase-probe: line=6 raise=inject on=0 raised=100 hcore=none foreign=0 win=0
  wcase-irq[1024B]: 0/0/0 cyc  0/0/0 ns  (p50/max/max, n=0)
  e2e-settle: settled=2/2
  e2e-probe: line=7 closed=1000 dropped=0 tare=290/564 ns  (min/avg, n=64)
  e2e-passes: asked=1000 raised=1000
  e2e-local: 4096/4096/630931 ns  (p50/p99/max, n=1000)
  throughput: 503953 ctx-sw/s  (1984 ns/sw avg over 40000 switches / 79 ms)
  switch-probe: fastpath-swaps=0  (swapped inside the trap, so not in the switch row)
  switch:    60/80/420 cyc  30/40/210 ns  (p50/p99/max, n=40002)
  lock-hold: 960/1920/32860 cyc  480/960/16434 ns  (p50/p99/max, n=80248)
  lock-site: core=0 site=0x416918 max=32860
  irq-probe: line=6 raise=inject on=0 raised=100 hcore=none foreign=0 win=0
  irq:       0/0/0 cyc  0/0/0 ns  (p50/max/max, n=0)
  wcase-probe: line=6 raise=inject on=0 raised=100 hcore=none foreign=0 win=0
  wcase-irq[0B]:    0/0/0 cyc  0/0/0 ns  (p50/max/max, n=0)
  wcase-probe: line=6 raise=inject on=0 raised=100 hcore=none foreign=0 win=0
  wcase-irq[64B]:   0/0/0 cyc  0/0/0 ns  (p50/max/max, n=0)
  wcase-probe: line=6 raise=inject on=0 raised=100 hcore=none foreign=0 win=0
  wcase-irq[256B]:  0/0/0 cyc  0/0/0 ns  (p50/max/max, n=0)
  wcase-probe: line=6 raise=inject on=0 raised=100 hcore=none foreign=0 win=0
  wcase-irq[1024B]: 0/0/0 cyc  0/0/0 ns  (p50/max/max, n=0)
  e2e-settle: settled=2/2
  e2e-probe: line=7 closed=1000 dropped=0 tare=290/564 ns  (min/avg, n=64)
  e2e-passes: asked=1000 raised=1000
  e2e-local: 4096/4096/61077 ns  (p50/p99/max, n=1000)
  throughput: 498503 ctx-sw/s  (2006 ns/sw avg over 40000 switches / 80 ms)
  switch-probe: fastpath-swaps=0  (swapped inside the trap, so not in the switch row)
  switch:    60/160/1360 cyc  30/80/680 ns  (p50/p99/max, n=40002)
  lock-hold: 1664/2560/44880 cyc  832/1280/22446 ns  (p50/p99/max, n=80250)
  lock-site: core=0 site=0x416918 max=44880
  irq-probe: line=6 raise=inject on=0 raised=100 hcore=none foreign=0 win=0
  irq:       0/0/0 cyc  0/0/0 ns  (p50/max/max, n=0)
  wcase-probe: line=6 raise=inject on=0 raised=100 hcore=none foreign=0 win=0
  wcase-irq[0B]:    0/0/0 cyc  0/0/0 ns  (p50/max/max, n=0)
  wcase-probe: line=6 raise=inject on=0 raised=100 hcore=none foreign=0 win=0
  wcase-irq[64B]:   0/0/0 cyc  0/0/0 ns  (p50/max/max, n=0)
  wcase-probe: line=6 raise=inject on=0 raised=100 hcore=none foreign=0 win=0
  wcase-irq[256B]:  0/0/0 cyc  0/0/0 ns  (p50/max/max, n=0)
  wcase-probe: line=6 raise=inject on=0 raised=100 hcore=none foreign=0 win=0
  wcase-irq[1024B]: 0/0/0 cyc  0/0/0 ns  (p50/max/max, n=0)
  e2e-settle: settled=2/2
  e2e-probe: line=7 closed=1000 dropped=0 tare=290/564 ns  (min/avg, n=64)
  e2e-passes: asked=1000 raised=1000
  e2e-local: 4096/5632/48183 ns  (p50/p99/max, n=1000)
  xtask ping-pong: 7608 ns/switch  (40000 switches / 304 ms)
  xtask call/reply: 16 B  24703 ns/round-trip  (40480 round-trips/s over 20000 calls / 494 ms)
  spawn/exit: thread 38467 ns  (200 reps / 7 ms)
  spawn/exit: task 84839 ns  (200 reps / 16 ms)
bench: done

KICKOS-EXIT status 0
POLL_OK=1 POLL_MS=4600
