?
  ==============================================
   KickOS 0.5.1  -  microkernel RTOS
  ==============================================
   board   f411disco
   arch    armv7m
   cpu     cortex-m4
   mpu     enforce
   sched   tickless
   build   2026-09-30 10:16:12 +0200
   app     Sep 30 2026 10:16:12 +0200
   commit  10deab0c
   heap    10 KiB available
   kstack  1008 B x 9 = 9072 B

microbenchmark: context-switch throughput (all arches) + per-switch cost
+ IRQ-entry latency where a cycle counter exists. Reporter woken by the
workload, not a timer. Telemetry OFF for clean numbers.
cycle counter: 84000000 Hz (0 = no rate converts a reading; cycles only)

  lock-probe: hold+1 core=0 depth=0  (three nested, one outermost)
  call/reply: 8 B  81446 ns/round-trip  (12277 round-trips/s over 20000 calls / 1628 ms)
  call/reply: 16 B  82425 ns/round-trip  (12132 round-trips/s over 20000 calls / 1648 ms)
  call/reply: 32 B  102175 ns/round-trip  (9787 round-trips/s over 20000 calls / 2043 ms)
  call/reply: 64 B  103508 ns/round-trip  (9661 round-trips/s over 20000 calls / 2070 ms)
  call/reply: 128 B  106175 ns/round-trip  (9418 round-trips/s over 20000 calls / 2123 ms)
  call/reply: 256 B  111508 ns/round-trip  (8967 round-trips/s over 20000 calls / 2230 ms)
  call/reply: 8 B  100830 ns/round-trip  (9917 round-trips/s over 20000 calls / 2016 ms) [generic path]
  call/reply: 16 B  101164 ns/round-trip  (9884 round-trips/s over 20000 calls / 2023 ms) [generic path]
  call/reply: 32 B  101831 ns/round-trip  (9820 round-trips/s over 20000 calls / 2036 ms) [generic path]
  call/reply: 64 B  103164 ns/round-trip  (9693 round-trips/s over 20000 calls / 2063 ms) [generic path]
  call/reply: 128 B  105831 ns/round-trip  (9448 round-trips/s over 20000 calls / 2116 ms) [generic path]
  call/reply: 256 B  111164 ns/round-trip  (8995 round-trips/s over 20000 calls / 2223 ms) [generic path]
  call/reply: 32 B  105032 ns/round-trip  (9520 round-trips/s over 20000 calls / 2100 ms) [caller outranks server, D1 donates]
  phase table (44 rows; cyc avg/max, min last and a floor; leaf -= NULL, composite -= NULL + k*(NEST-NULL)):
    NULL             1/1  min=1  n=220000
    NEST             56/57  min=56  n=220000
    NEST_LOCK        36/36  min=36  n=220000
    CALL_TOTAL       3093/3523  min=2938  n=219999
    CALL_VALIDATE    191/340  min=191  n=220000
    CALL_LOCKED      2728/3007  min=2573  n=219999
    CALL_RESOLVE     151/151  min=151  n=220000
    CALL_PEEK        12/13  min=12  n=220000
    CALL_PROBE       19/19  min=19  n=219999
    CALL_POP         52/52  min=52  n=219999
    CALL_COPY        252/539  min=105  n=219999
    CALL_MINT        447/449  min=447  n=219999
    CALL_MINT_CAP    238/238  min=238  n=219999
    CALL_MINT_INFO   85/85  min=85  n=219999
    CALL_DONATE      38/38  min=38  n=19999
    CALL_PARK        167/168  min=166  n=219999
    CALL_WAKE        909/913  min=909  n=219999
    CALL_RESUME      28/174  min=28  n=220000
    CALL_SLOW_TOTAL  2819/2819  min=2819  n=1
    CALL_SLOW_LOCKED 2452/2452  min=2452  n=1
    CALL_SLOW_DONATE 0/0  min=0  n=0
    CALL_SLOW_PARK   1869/1869  min=1869  n=1
    RECV_LOCKED      1303/2342  min=1300  n=259999
    RECV_RESOLVE     189/252  min=189  n=260000
    RECV_SCAN        49/49  min=49  n=259999
    RECV_PARK        903/1872  min=900  n=259999
    REPLY_TOTAL      1552/2144  min=1370  n=13
    REPLY_VALIDATE   134/134  min=134  n=13
    REPLY_LOCKED     1012/1319  min=876  n=260000
    REPLY_LOOKUP     276/276  min=276  n=260000
    REPLY_COPY       226/540  min=100  n=260000
    REPLY_FUNNEL     94/218  min=84  n=260000
    REPLY_WAKE       181/184  min=181  n=260000
    REPLY_RECV_TOTAL 3257/3710  min=1902  n=260000
    REPLY_RECV_TAIL  216/371  min=215  n=259999
    WAKE_UNPARK      70/75  min=68  n=520012
    PICK_NEXT        28/28  min=28  n=480064
    SWITCH_TO        551/1526  min=550  n=480039
    SWITCH_BOOK      80/86  min=80  n=520039
    MPU_APPLY        21/21  min=21  n=520039
    MPU_COMMIT       185/186  min=185  n=520039
    REENT_SEAT       44/1014  min=43  n=520039
    KTIME_REARM      65/65  min=65  n=520039
    ARCH_SWITCH      23/23  min=23  n=480039
  ns-probe: cyc=4294967295 ns=4294967295 capped=1
  sat-probe: width=32 (no delta this counter forms is too wide)

  throughput: 27566 ctx-sw/s  (36275 ns/sw avg over 40000 switches / 1451 ms)
  switch-probe: fastpath-swaps=0  (swapped inside the trap, so not in the switch row)
  switch:    80/80/229 cyc  952/952/2726 ns  (p50/p99/max, n=40002)
  lock-hold: 576/1024/2708 cyc  6857/12190/32238 ns  (p50/p99/max, n=80018)
  lock-site: core=0 site=0x800432b max=2708
  irq-probe: line=6 raise=stir on=0 raised=100 hcore=0 foreign=0 win=221
  irq:       32/41/41 cyc  380/488/488 ns  (p50/max/max, n=100)
  wcase-probe: line=6 raise=stir on=0 raised=100 hcore=0 foreign=0 win=242
  wcase-irq[0B]:    48/52/52 cyc  571/619/619 ns  (p50/max/max, n=100)
  wcase-probe: line=6 raise=stir on=0 raised=100 hcore=0 foreign=0 win=934
  wcase-irq[64B]:   704/758/758 cyc  8380/9023/9023 ns  (p50/max/max, n=100)
  wcase-probe: line=6 raise=stir on=0 raised=100 hcore=0 foreign=0 win=3046
  wcase-irq[256B]:  2816/2868/2868 cyc  33523/34142/34142 ns  (p50/max/max, n=100)
  wcase-probe: line=6 raise=stir on=0 raised=100 hcore=0 foreign=0 win=11622
  wcase-irq[1024B]: 11264/11316/11316 cyc  134095/134714/134714 ns  (p50/max/max, n=100)
  e2e-settle: settled=2/2
  e2e-probe: line=7 closed=1000 dropped=0 tare=4333/4417 ns  (min/avg, n=64)
  e2e-passes: asked=1000 raised=1000
  e2e-local: 28672/30720/32024 ns  (p50/p99/max, n=1000)
  throughput: 27569 ctx-sw/s  (36271 ns/sw avg over 40000 switches / 1450 ms)
  switch-probe: fastpath-swaps=0  (swapped inside the trap, so not in the switch row)
  switch:    80/80/229 cyc  952/952/2726 ns  (p50/p99/max, n=40002)
  lock-hold: 576/1024/2709 cyc  6857/12190/32250 ns  (p50/p99/max, n=80018)
  lock-site: core=0 site=0x800432b max=2709
  irq-probe: line=6 raise=stir on=0 raised=100 hcore=0 foreign=0 win=217
  irq:       32/41/41 cyc  380/488/488 ns  (p50/max/max, n=100)
  wcase-probe: line=6 raise=stir on=0 raised=100 hcore=0 foreign=0 win=242
  wcase-irq[0B]:    48/52/52 cyc  571/619/619 ns  (p50/max/max, n=100)
  wcase-probe: line=6 raise=stir on=0 raised=100 hcore=0 foreign=0 win=934
  wcase-irq[64B]:   704/758/758 cyc  8380/9023/9023 ns  (p50/max/max, n=100)
  wcase-probe: line=6 raise=stir on=0 raised=100 hcore=0 foreign=0 win=3046
  wcase-irq[256B]:  2816/2868/2868 cyc  33523/34142/34142 ns  (p50/max/max, n=100)
  wcase-probe: line=6 raise=stir on=0 raised=100 hcore=0 foreign=0 win=11608
  wcase-irq[1024B]: 11264/11316/11316 cyc  134095/134714/134714 ns  (p50/max/max, n=100)
  e2e-settle: settled=2/2
  e2e-probe: line=7 closed=1000 dropped=0 tare=4333/4417 ns  (min/avg, n=64)
  e2e-passes: asked=1000 raised=1000
  e2e-local: 28672/30720/32024 ns  (p50/p99/max, n=1000)
  throughput: 27569 ctx-sw/s  (36271 ns/sw avg over 40000 switches / 1450 ms)
  switch-probe: fastpath-swaps=0  (swapped inside the trap, so not in the switch row)
  switch:    80/80/229 cyc  952/952/2726 ns  (p50/p99/max, n=40002)
  lock-hold: 576/1024/2709 cyc  6857/12190/32250 ns  (p50/p99/max, n=80018)
  lock-site: core=0 site=0x800432b max=2709
  irq-probe: line=6 raise=stir on=0 raised=100 hcore=0 foreign=0 win=217
  irq:       32/41/41 cyc  380/488/488 ns  (p50/max/max, n=100)
  wcase-probe: line=6 raise=stir on=0 raised=100 hcore=0 foreign=0 win=242
  wcase-irq[0B]:    48/52/52 cyc  571/619/619 ns  (p50/max/max, n=100)
  wcase-probe: line=6 raise=stir on=0 raised=100 hcore=0 foreign=0 win=934
  wcase-irq[64B]:   704/758/758 cyc  8380/9023/9023 ns  (p50/max/max, n=100)
  wcase-probe: line=6 raise=stir on=0 raised=100 hcore=0 foreign=0 win=3046
  wcase-irq[256B]:  2816/2868/2868 cyc  33523/34142/34142 ns  (p50/max/max, n=100)
  wcase-probe: line=6 raise=stir on=0 raised=100 hcore=0 foreign=0 win=11608
  wcase-irq[1024B]: 11264/11316/11316 cyc  134095/134714/134714 ns  (p50/max/max, n=100)
  e2e-settle: settled=2/2
  e2e-probe: line=7 closed=1000 dropped=0 tare=4333/4417 ns  (min/avg, n=64)
  e2e-passes: asked=1000 raised=1000
  e2e-local: 28672/30720/32024 ns  (p50/p99/max, n=1000)
  xtask ping-pong: 36307 ns/switch  (40000 switches / 1452 ms)
  xtask call/reply: 16 B  82423 ns/round-trip  (12132 round-trips/s over 20000 calls / 1648 ms)
  spawn/exit: thread 232002 ns  (200 reps / 46 ms)
  spawn/exit: task 255544 ns  (200 reps / 51 ms)
bench: done
