
  ==============================================
   KickOS 0.5.1  -  microkernel RTOS
  ==============================================
   board   qemu-riscv64
   arch    rv64imac
   cpu     rv64imac_zicsr_zmmul_zaamo_zalrsc_zca
   mpu     off
   sched   tickless
   build   2026-09-30 09:46:06 +0200
   app     Sep 30 2026 09:46:07 +0200
   commit  10deab0c
   heap    64 KiB available
   kstack  4096 B x 17 = 69632 B

microbenchmark: context-switch throughput (all arches) + per-switch cost
+ IRQ-entry latency where a cycle counter exists. Reporter woken by the
workload, not a timer. Telemetry OFF for clean numbers.
cycle counter: 0 Hz (0 = no rate converts a reading; cycles only)

  lock-probe: hold+1 core=0 depth=0  (three nested, one outermost)
  call/reply: 8 B  21474 ns/round-trip  (46566 round-trips/s over 20000 calls / 429 ms)
  call/reply: 16 B  21246 ns/round-trip  (47067 round-trips/s over 20000 calls / 424 ms)
  call/reply: 32 B  21198 ns/round-trip  (47173 round-trips/s over 20000 calls / 423 ms)
  call/reply: 64 B  21260 ns/round-trip  (47035 round-trips/s over 20000 calls / 425 ms)
  call/reply: 128 B  21192 ns/round-trip  (47186 round-trips/s over 20000 calls / 423 ms)
  call/reply: 256 B  21357 ns/round-trip  (46821 round-trips/s over 20000 calls / 427 ms)
  call/reply: 8 B  21210 ns/round-trip  (47146 round-trips/s over 20000 calls / 424 ms) [generic path]
  call/reply: 16 B  21387 ns/round-trip  (46756 round-trips/s over 20000 calls / 427 ms) [generic path]
  call/reply: 32 B  21192 ns/round-trip  (47185 round-trips/s over 20000 calls / 423 ms) [generic path]
  call/reply: 64 B  21287 ns/round-trip  (46976 round-trips/s over 20000 calls / 425 ms) [generic path]
  call/reply: 128 B  21188 ns/round-trip  (47196 round-trips/s over 20000 calls / 423 ms) [generic path]
  call/reply: 256 B  21273 ns/round-trip  (47007 round-trips/s over 20000 calls / 425 ms) [generic path]
  call/reply: 32 B  21650 ns/round-trip  (46188 round-trips/s over 20000 calls / 433 ms) [caller outranks server, D1 donates]
  phase table (44 rows; cyc avg/max, min last and a floor; leaf -= NULL, composite -= NULL + k*(NEST-NULL)):
    NULL             122/39620  min=100  n=260000
    NEST             526/40320  min=480  n=260000
    NEST_LOCK        600/52540  min=520  n=260000
    CALL_TOTAL       39441/2038920  min=38000  n=259999
    CALL_VALIDATE    340/24480  min=300  n=260000
    CALL_LOCKED      37818/2037160  min=36440  n=259999
    CALL_RESOLVE     507/38420  min=440  n=260000
    CALL_PEEK        196/14800  min=160  n=260000
    CALL_PROBE       259/32900  min=240  n=259999
    CALL_POP         365/103940  min=340  n=259999
    CALL_COPY        2817/102580  min=2580  n=259999
    CALL_MINT        3022/151200  min=2860  n=259999
    CALL_MINT_CAP    587/92240  min=540  n=259999
    CALL_MINT_INFO   1566/104060  min=1440  n=259999
    CALL_DONATE      290/15300  min=260  n=19999
    CALL_PARK        579/55900  min=520  n=259999
    CALL_WAKE        25528/2024860  min=24680  n=259999
    CALL_RESUME      225/15820  min=200  n=260000
    CALL_SLOW_TOTAL  376940/376940  min=376940  n=1
    CALL_SLOW_LOCKED 364840/364840  min=364840  n=1
    CALL_SLOW_DONATE 0/0  min=0  n=0
    CALL_SLOW_PARK   271700/271700  min=271700  n=1
    RECV_LOCKED      29123/1007580  min=28180  n=259999
    RECV_RESOLVE     607/73820  min=500  n=260000
    RECV_SCAN        361/43540  min=320  n=259999
    RECV_PARK        27011/857300  min=26060  n=259999
    REPLY_TOTAL      116338/1068500  min=24800  n=13
    REPLY_VALIDATE   10776/23640  min=8500  n=13
    REPLY_LOCKED     5692/334180  min=5340  n=260000
    REPLY_LOOKUP     594/177320  min=560  n=260000
    REPLY_COPY       2654/178740  min=2440  n=260000
    REPLY_FUNNEL     328/274700  min=280  n=260000
    REPLY_WAKE       789/75300  min=680  n=260000
    REPLY_RECV_TOTAL 38347/1309660  min=37060  n=260000
    REPLY_RECV_TAIL  1117/80600  min=1040  n=259999
    WAKE_UNPARK      255/74420  min=180  n=520012
    PICK_NEXT        378/107460  min=340  n=520064
    SWITCH_TO        46028/865335840  min=23160  n=520013
    SWITCH_BOOK      206/156480  min=180  n=520039
    MPU_APPLY        373/250800  min=320  n=520039
    MPU_COMMIT       0/0  min=0  n=0
    REENT_SEAT       136/27580  min=100  n=520039
    KTIME_REARM      305/46920  min=220  n=520039
    ARCH_SWITCH      43674/865320380  min=20820  n=520013
  ns-probe: rate=0 (nothing converts, so no ns column is printed)
  sat-probe: width=64 fits+1/0 wide+0/1 max=1000

  throughput: 166613 ctx-sw/s  (6001 ns/sw avg over 40000 switches / 240 ms)
  switch-probe: fastpath-swaps=0  (swapped inside the trap, so not in the switch row)
  switch:    240/256/5380 cyc  (p50/p99/max, n=40002)
  lock-hold: 3072/4608/79980 cyc  (p50/p99/max, n=80235)
  lock-site: core=0 site=0xffffffff80002ae2 max=79980
  irq-probe: line=6 raise=inject on=0 raised=100 hcore=none foreign=0 win=0
  irq:       0/0/0 cyc  (p50/max/max, n=0)
  wcase-probe: line=6 raise=inject on=0 raised=100 hcore=none foreign=0 win=0
  wcase-irq[0B]:    0/0/0 cyc  (p50/max/max, n=0)
  wcase-probe: line=6 raise=inject on=0 raised=100 hcore=none foreign=0 win=0
  wcase-irq[64B]:   0/0/0 cyc  (p50/max/max, n=0)
  wcase-probe: line=6 raise=inject on=0 raised=100 hcore=none foreign=0 win=0
  wcase-irq[256B]:  0/0/0 cyc  (p50/max/max, n=0)
  wcase-probe: line=6 raise=inject on=0 raised=100 hcore=none foreign=0 win=0
  wcase-irq[1024B]: 0/0/0 cyc  (p50/max/max, n=0)
  e2e-settle: settled=2/2
  e2e-probe: line=7 closed=1000 dropped=0 tare=900/1345 ns  (min/avg, n=64)
  e2e-passes: asked=1000 raised=1000
  e2e-local: 5632/6144/258900 ns  (p50/p99/max, n=1000)
  throughput: 164011 ctx-sw/s  (6097 ns/sw avg over 40000 switches / 243 ms)
  switch-probe: fastpath-swaps=0  (swapped inside the trap, so not in the switch row)
  switch:    256/256/12460 cyc  (p50/p99/max, n=40002)
  lock-hold: 4608/4608/61140 cyc  (p50/p99/max, n=80239)
  lock-site: core=0 site=0xffffffff800014a2 max=61140
  irq-probe: line=6 raise=inject on=0 raised=100 hcore=none foreign=0 win=0
  irq:       0/0/0 cyc  (p50/max/max, n=0)
  wcase-probe: line=6 raise=inject on=0 raised=100 hcore=none foreign=0 win=0
  wcase-irq[0B]:    0/0/0 cyc  (p50/max/max, n=0)
  wcase-probe: line=6 raise=inject on=0 raised=100 hcore=none foreign=0 win=0
  wcase-irq[64B]:   0/0/0 cyc  (p50/max/max, n=0)
  wcase-probe: line=6 raise=inject on=0 raised=100 hcore=none foreign=0 win=0
  wcase-irq[256B]:  0/0/0 cyc  (p50/max/max, n=0)
  wcase-probe: line=6 raise=inject on=0 raised=100 hcore=none foreign=0 win=0
  wcase-irq[1024B]: 0/0/0 cyc  (p50/max/max, n=0)
  e2e-settle: settled=2/2
  e2e-probe: line=7 closed=1000 dropped=0 tare=900/1345 ns  (min/avg, n=64)
  e2e-passes: asked=1000 raised=1000
  e2e-local: 6144/6144/35400 ns  (p50/p99/max, n=1000)
  throughput: 165195 ctx-sw/s  (6053 ns/sw avg over 40000 switches / 242 ms)
  switch-probe: fastpath-swaps=0  (swapped inside the trap, so not in the switch row)
  switch:    256/256/39120 cyc  (p50/p99/max, n=40002)
  lock-hold: 3072/4608/44140 cyc  (p50/p99/max, n=80239)
  lock-site: core=0 site=0xffffffff800014a2 max=44140
  irq-probe: line=6 raise=inject on=0 raised=100 hcore=none foreign=0 win=0
  irq:       0/0/0 cyc  (p50/max/max, n=0)
  wcase-probe: line=6 raise=inject on=0 raised=100 hcore=none foreign=0 win=0
  wcase-irq[0B]:    0/0/0 cyc  (p50/max/max, n=0)
  wcase-probe: line=6 raise=inject on=0 raised=100 hcore=none foreign=0 win=0
  wcase-irq[64B]:   0/0/0 cyc  (p50/max/max, n=0)
  wcase-probe: line=6 raise=inject on=0 raised=100 hcore=none foreign=0 win=0
  wcase-irq[256B]:  0/0/0 cyc  (p50/max/max, n=0)
  wcase-probe: line=6 raise=inject on=0 raised=100 hcore=none foreign=0 win=0
  wcase-irq[1024B]: 0/0/0 cyc  (p50/max/max, n=0)
  e2e-settle: settled=2/2
  e2e-probe: line=7 closed=1000 dropped=0 tare=900/1345 ns  (min/avg, n=64)
  e2e-passes: asked=1000 raised=1000
  e2e-local: 6144/6144/35400 ns  (p50/p99/max, n=1000)
  xtask ping-pong: 12340 ns/switch  (40000 switches / 493 ms)
  xtask call/reply: 16 B  38409 ns/round-trip  (26035 round-trips/s over 20000 calls / 768 ms)
  spawn/exit: thread 54030 ns  (200 reps / 10 ms)
  spawn/exit: task 130385 ns  (200 reps / 26 ms)
bench: done
POLL_OK=1 POLL_MS=8400
