
  ==============================================
   KickOS 0.5.1  -  microkernel RTOS
  ==============================================
   board   qemu-riscv
   arch    rv32imac
   cpu     rv32imac_zicsr
   mpu     off
   sched   tickless
   build   2026-09-30 09:46:13 +0200
   app     Sep 30 2026 09:46:13 +0200
   commit  10deab0c
   heap    16 KiB available
   kstack  1184 B x 17 = 20128 B

microbenchmark: context-switch throughput (all arches) + per-switch cost
+ IRQ-entry latency where a cycle counter exists. Reporter woken by the
workload, not a timer. Telemetry OFF for clean numbers.
cycle counter: 0 Hz (0 = no rate converts a reading; cycles only)

  lock-probe: hold+1 core=0 depth=0  (three nested, one outermost)
  call/reply: 8 B  15520 ns/round-trip  (64431 round-trips/s over 20000 calls / 310 ms)
  call/reply: 16 B  15407 ns/round-trip  (64903 round-trips/s over 20000 calls / 308 ms)
  call/reply: 32 B  23151 ns/round-trip  (43193 round-trips/s over 20000 calls / 463 ms)
  call/reply: 64 B  23356 ns/round-trip  (42815 round-trips/s over 20000 calls / 467 ms)
  call/reply: 128 B  23210 ns/round-trip  (43083 round-trips/s over 20000 calls / 464 ms)
  call/reply: 256 B  23382 ns/round-trip  (42766 round-trips/s over 20000 calls / 467 ms)
  call/reply: 8 B  23363 ns/round-trip  (42801 round-trips/s over 20000 calls / 467 ms) [generic path]
  call/reply: 16 B  23101 ns/round-trip  (43286 round-trips/s over 20000 calls / 462 ms) [generic path]
  call/reply: 32 B  22934 ns/round-trip  (43601 round-trips/s over 20000 calls / 458 ms) [generic path]
  call/reply: 64 B  23196 ns/round-trip  (43110 round-trips/s over 20000 calls / 463 ms) [generic path]
  call/reply: 128 B  23247 ns/round-trip  (43014 round-trips/s over 20000 calls / 464 ms) [generic path]
  call/reply: 256 B  23218 ns/round-trip  (43068 round-trips/s over 20000 calls / 464 ms) [generic path]
  call/reply: 32 B  23468 ns/round-trip  (42610 round-trips/s over 20000 calls / 469 ms) [caller outranks server, D1 donates]
  phase table (44 rows; cyc avg/max, min last and a floor; leaf -= NULL, composite -= NULL + k*(NEST-NULL)):
    NULL             92/9940  min=80  n=220000
    NEST             579/24360  min=520  n=220000
    NEST_LOCK        492/53660  min=440  n=220000
    CALL_TOTAL       16854/710880  min=16220  n=219999
    CALL_VALIDATE    432/35640  min=360  n=220000
    CALL_LOCKED      15200/565100  min=14560  n=219999
    CALL_RESOLVE     662/19640  min=600  n=220000
    CALL_PEEK        311/42860  min=280  n=220000
    CALL_PROBE       285/128380  min=240  n=219999
    CALL_POP         388/17120  min=340  n=219999
    CALL_COPY        499/40420  min=380  n=219999
    CALL_MINT        1804/90240  min=1700  n=219999
    CALL_MINT_CAP    632/26260  min=580  n=219999
    CALL_MINT_INFO   419/57140  min=380  n=219999
    CALL_DONATE      280/21820  min=260  n=19999
    CALL_PARK        840/28800  min=780  n=219999
    CALL_WAKE        5334/101760  min=5060  n=219999
    CALL_RESUME      459/27080  min=420  n=220000
    CALL_SLOW_TOTAL  177600/177600  min=177600  n=1
    CALL_SLOW_LOCKED 157200/157200  min=157200  n=1
    CALL_SLOW_DONATE 0/0  min=0  n=0
    CALL_SLOW_PARK   57120/57120  min=57120  n=1
    RECV_LOCKED      7440/246300  min=7000  n=259999
    RECV_RESOLVE     829/84920  min=760  n=260000
    RECV_SCAN        322/43660  min=300  n=259999
    RECV_PARK        5205/156880  min=4820  n=259999
    REPLY_TOTAL      44866/167380  min=14520  n=13
    REPLY_VALIDATE   9146/28900  min=3140  n=13
    REPLY_LOCKED     4253/381260  min=3580  n=260000
    REPLY_LOOKUP     902/183300  min=800  n=260000
    REPLY_COPY       479/17680  min=340  n=260000
    REPLY_FUNNEL     420/63880  min=340  n=260000
    REPLY_WAKE       902/51680  min=820  n=260000
    REPLY_RECV_TOTAL 14782/601160  min=13860  n=260000
    REPLY_RECV_TAIL  1186/104980  min=1100  n=259999
    WAKE_UNPARK      254/42600  min=220  n=520012
    PICK_NEXT        360/52220  min=320  n=480064
    SWITCH_TO        3416/187880  min=3120  n=480039
    SWITCH_BOOK      244/136260  min=220  n=520039
    MPU_APPLY        129/10620  min=80  n=520039
    MPU_COMMIT       0/0  min=0  n=0
    REENT_SEAT       355/29460  min=300  n=520039
    KTIME_REARM      329/57940  min=280  n=520039
    ARCH_SWITCH      882/85520  min=740  n=480039
  ns-probe: rate=0 (nothing converts, so no ns column is printed)
  sat-probe: width=32 (no delta this counter forms is too wide)

  throughput: 112012 ctx-sw/s  (8927 ns/sw avg over 40000 switches / 357 ms)
  switch-probe: fastpath-swaps=0  (swapped inside the trap, so not in the switch row)
  switch:    1792/1920/112820 cyc  (p50/p99/max, n=40001)
  lock-hold: 3584/6144/42600 cyc  (p50/p99/max, n=80242)
  lock-site: core=0 site=0x80001e50 max=42600
  irq-probe: line=6 raise=inject on=0 raised=100 hcore=0 foreign=0 win=232180
  irq:       2048/168760/168760 cyc  (p50/max/max, n=100)
  wcase-probe: line=6 raise=inject on=0 raised=100 hcore=0 foreign=0 win=27220
  wcase-irq[0B]:    2048/21900/21900 cyc  (p50/max/max, n=100)
  wcase-probe: line=6 raise=inject on=0 raised=100 hcore=0 foreign=0 win=16860
  wcase-irq[64B]:   2304/15980/15980 cyc  (p50/max/max, n=100)
  wcase-probe: line=6 raise=inject on=0 raised=100 hcore=0 foreign=0 win=4480
  wcase-irq[256B]:  3072/3720/3720 cyc  (p50/max/max, n=100)
  wcase-probe: line=6 raise=inject on=0 raised=100 hcore=0 foreign=0 win=6320
  wcase-irq[1024B]: 5120/5620/5620 cyc  (p50/max/max, n=100)
  e2e-settle: settled=2/2
  e2e-probe: line=7 closed=1000 dropped=0 tare=1900/2318 ns  (min/avg, n=64)
  e2e-passes: asked=1000 raised=1000
  e2e-local: 9216/26624/198200 ns  (p50/p99/max, n=1000)
  throughput: 111673 ctx-sw/s  (8954 ns/sw avg over 40000 switches / 358 ms)
  switch-probe: fastpath-swaps=0  (swapped inside the trap, so not in the switch row)
  switch:    1792/1920/11060 cyc  (p50/p99/max, n=40001)
  lock-hold: 3584/6144/81700 cyc  (p50/p99/max, n=80241)
  lock-site: core=0 site=0x80001e50 max=81700
  irq-probe: line=6 raise=inject on=0 raised=100 hcore=0 foreign=0 win=18940
  irq:       1920/13240/13240 cyc  (p50/max/max, n=100)
  wcase-probe: line=6 raise=inject on=0 raised=100 hcore=0 foreign=0 win=5540
  wcase-irq[0B]:    2048/4660/4660 cyc  (p50/max/max, n=100)
  wcase-probe: line=6 raise=inject on=0 raised=100 hcore=0 foreign=0 win=4620
  wcase-irq[64B]:   2304/3920/3920 cyc  (p50/max/max, n=100)
  wcase-probe: line=6 raise=inject on=0 raised=100 hcore=0 foreign=0 win=4680
  wcase-irq[256B]:  2816/4000/4000 cyc  (p50/max/max, n=100)
  wcase-probe: line=6 raise=inject on=0 raised=100 hcore=0 foreign=0 win=6580
  wcase-irq[1024B]: 5120/5920/5920 cyc  (p50/max/max, n=100)
  e2e-settle: settled=2/2
  e2e-probe: line=7 closed=1000 dropped=0 tare=1900/2318 ns  (min/avg, n=64)
  e2e-passes: asked=1000 raised=1000
  e2e-local: 8192/9216/28200 ns  (p50/p99/max, n=1000)
  throughput: 112200 ctx-sw/s  (8912 ns/sw avg over 40000 switches / 356 ms)
  switch-probe: fastpath-swaps=0  (swapped inside the trap, so not in the switch row)
  switch:    1792/1920/7980 cyc  (p50/p99/max, n=40001)
  lock-hold: 3328/6144/39800 cyc  (p50/p99/max, n=80240)
  lock-site: core=0 site=0x80001e50 max=39800
  irq-probe: line=6 raise=inject on=0 raised=100 hcore=0 foreign=0 win=16400
  irq:       1920/10880/10880 cyc  (p50/max/max, n=100)
  wcase-probe: line=6 raise=inject on=0 raised=100 hcore=0 foreign=0 win=5060
  wcase-irq[0B]:    2048/4200/4200 cyc  (p50/max/max, n=100)
  wcase-probe: line=6 raise=inject on=0 raised=100 hcore=0 foreign=0 win=3740
  wcase-irq[64B]:   2304/3060/3060 cyc  (p50/max/max, n=100)
  wcase-probe: line=6 raise=inject on=0 raised=100 hcore=0 foreign=0 win=3780
  wcase-irq[256B]:  3072/3100/3100 cyc  (p50/max/max, n=100)
  wcase-probe: line=6 raise=inject on=0 raised=100 hcore=0 foreign=0 win=6380
  wcase-irq[1024B]: 5120/5680/5680 cyc  (p50/max/max, n=100)
  e2e-settle: settled=2/2
  e2e-probe: line=7 closed=1000 dropped=0 tare=1900/2318 ns  (min/avg, n=64)
  e2e-passes: asked=1000 raised=1000
  e2e-local: 8192/9216/25300 ns  (p50/p99/max, n=1000)
  xtask ping-pong: 8909 ns/switch  (40000 switches / 356 ms)
  xtask call/reply: 16 B  15476 ns/round-trip  (64612 round-trips/s over 20000 calls / 309 ms)
  spawn/exit: thread 25628 ns  (200 reps / 5 ms)
  spawn/exit: task 30697 ns  (200 reps / 6 ms)
bench: done
POLL_OK=1 POLL_MS=7600
