
  ==============================================
   KickOS 0.5.1  -  microkernel RTOS
  ==============================================
   board   qemu-riscv
   arch    rv32imac
   cpu     rv32imac_zicsr
   mpu     off
   sched   tickless
   build   2026-09-30 09:46:13 +0200
   app     Sep 30 2026 09:46:13 +0200
   commit  10deab0c
   heap    16 KiB available
   kstack  1184 B x 17 = 20128 B

microbenchmark: context-switch throughput (all arches) + per-switch cost
+ IRQ-entry latency where a cycle counter exists. Reporter woken by the
workload, not a timer. Telemetry OFF for clean numbers.
cycle counter: 0 Hz (0 = no rate converts a reading; cycles only)

  lock-probe: hold+1 core=0 depth=0  (three nested, one outermost)
  call/reply: 8 B  10357 ns/round-trip  (96552 round-trips/s over 20000 calls / 207 ms)
  call/reply: 16 B  10382 ns/round-trip  (96316 round-trips/s over 20000 calls / 207 ms)
  call/reply: 32 B  16929 ns/round-trip  (59068 round-trips/s over 20000 calls / 338 ms)
  call/reply: 64 B  16910 ns/round-trip  (59133 round-trips/s over 20000 calls / 338 ms)
  call/reply: 128 B  16993 ns/round-trip  (58845 round-trips/s over 20000 calls / 339 ms)
  call/reply: 256 B  17081 ns/round-trip  (58542 round-trips/s over 20000 calls / 341 ms)
  call/reply: 8 B  16767 ns/round-trip  (59640 round-trips/s over 20000 calls / 335 ms) [generic path]
  call/reply: 16 B  16832 ns/round-trip  (59409 round-trips/s over 20000 calls / 336 ms) [generic path]
  call/reply: 32 B  16838 ns/round-trip  (59386 round-trips/s over 20000 calls / 336 ms) [generic path]
  call/reply: 64 B  16965 ns/round-trip  (58944 round-trips/s over 20000 calls / 339 ms) [generic path]
  call/reply: 128 B  16796 ns/round-trip  (59536 round-trips/s over 20000 calls / 335 ms) [generic path]
  call/reply: 256 B  17326 ns/round-trip  (57713 round-trips/s over 20000 calls / 346 ms) [generic path]
  call/reply: 32 B  17247 ns/round-trip  (57978 round-trips/s over 20000 calls / 344 ms) [caller outranks server, D1 donates]
  phase table (44 rows; cyc avg/max, min last and a floor; leaf -= NULL, composite -= NULL + k*(NEST-NULL)):
    NULL             85/8060  min=40  n=220000
    NEST             501/24320  min=440  n=220000
    NEST_LOCK        395/52020  min=360  n=220000
    CALL_TOTAL       12452/728800  min=11860  n=219999
    CALL_VALIDATE    297/27760  min=240  n=220000
    CALL_LOCKED      11293/568980  min=10800  n=219999
    CALL_RESOLVE     455/18880  min=400  n=220000
    CALL_PEEK        239/23680  min=220  n=220000
    CALL_PROBE       221/20020  min=200  n=219999
    CALL_POP         281/17260  min=220  n=219999
    CALL_COPY        397/40340  min=260  n=219999
    CALL_MINT        1369/111120  min=1280  n=219999
    CALL_MINT_CAP    451/23080  min=400  n=219999
    CALL_MINT_INFO   346/43240  min=300  n=219999
    CALL_DONATE      171/23740  min=160  n=19999
    CALL_PARK        560/37260  min=440  n=219999
    CALL_WAKE        3743/199180  min=3440  n=219999
    CALL_RESUME      333/63120  min=260  n=220000
    CALL_SLOW_TOTAL  185560/185560  min=185560  n=1
    CALL_SLOW_LOCKED 164780/164780  min=164780  n=1
    CALL_SLOW_DONATE 0/0  min=0  n=0
    CALL_SLOW_PARK   58120/58120  min=58120  n=1
    RECV_LOCKED      4992/236680  min=4680  n=259999
    RECV_RESOLVE     520/82600  min=440  n=260000
    RECV_SCAN        213/46900  min=180  n=259999
    RECV_PARK        3456/137560  min=3160  n=259999
    REPLY_TOTAL      44658/177240  min=13800  n=13
    REPLY_VALIDATE   8915/32300  min=3720  n=13
    REPLY_LOCKED     3144/373160  min=2280  n=260000
    REPLY_LOOKUP     627/179380  min=480  n=260000
    REPLY_COPY       402/18440  min=220  n=260000
    REPLY_FUNNEL     284/71460  min=160  n=260000
    REPLY_WAKE       667/56880  min=580  n=260000
    REPLY_RECV_TOTAL 10140/564600  min=8980  n=260000
    REPLY_RECV_TAIL  857/101760  min=780  n=259999
    WAKE_UNPARK      158/35680  min=120  n=520012
    PICK_NEXT        187/19260  min=160  n=480064
    SWITCH_TO        2380/197340  min=2120  n=480039
    SWITCH_BOOK      155/150780  min=120  n=520039
    MPU_APPLY        139/12180  min=40  n=520039
    MPU_COMMIT       0/0  min=0  n=0
    REENT_SEAT       182/133400  min=160  n=520039
    KTIME_REARM      196/37680  min=140  n=520039
    ARCH_SWITCH      724/195380  min=580  n=480039
  ns-probe: rate=0 (nothing converts, so no ns column is printed)
  sat-probe: width=32 (no delta this counter forms is too wide)

  throughput: 166035 ctx-sw/s  (6022 ns/sw avg over 40000 switches / 240 ms)
  switch-probe: fastpath-swaps=0  (swapped inside the trap, so not in the switch row)
  switch:    1536/1920/15300 cyc  (p50/p99/max, n=40001)
  lock-hold: 2560/3840/36260 cyc  (p50/p99/max, n=80241)
  lock-site: core=0 site=0x80001e50 max=36260
  irq-probe: line=6 raise=inject on=0 raised=100 hcore=0 foreign=0 win=233260
  irq:       1408/169680/169680 cyc  (p50/max/max, n=100)
  wcase-probe: line=6 raise=inject on=0 raised=100 hcore=0 foreign=0 win=25560
  wcase-irq[0B]:    1536/20480/20480 cyc  (p50/max/max, n=100)
  wcase-probe: line=6 raise=inject on=0 raised=100 hcore=0 foreign=0 win=15340
  wcase-irq[64B]:   1792/14680/14680 cyc  (p50/max/max, n=100)
  wcase-probe: line=6 raise=inject on=0 raised=100 hcore=0 foreign=0 win=3180
  wcase-irq[256B]:  2304/2700/2700 cyc  (p50/max/max, n=100)
  wcase-probe: line=6 raise=inject on=0 raised=100 hcore=0 foreign=0 win=5540
  wcase-irq[1024B]: 4608/5080/5080 cyc  (p50/max/max, n=100)
  e2e-settle: settled=2/2
  e2e-probe: line=7 closed=1000 dropped=0 tare=1400/1810 ns  (min/avg, n=64)
  e2e-passes: asked=1000 raised=1000
  e2e-local: 6656/6656/193000 ns  (p50/p99/max, n=1000)
  throughput: 164959 ctx-sw/s  (6062 ns/sw avg over 40000 switches / 242 ms)
  switch-probe: fastpath-swaps=0  (swapped inside the trap, so not in the switch row)
  switch:    1536/1920/80360 cyc  (p50/p99/max, n=40001)
  lock-hold: 3584/4608/41240 cyc  (p50/p99/max, n=80241)
  lock-site: core=0 site=0x80004372 max=41240
  irq-probe: line=6 raise=inject on=0 raised=100 hcore=0 foreign=0 win=20300
  irq:       1536/14560/14560 cyc  (p50/max/max, n=100)
  wcase-probe: line=6 raise=inject on=0 raised=100 hcore=0 foreign=0 win=4820
  wcase-irq[0B]:    1536/4140/4140 cyc  (p50/max/max, n=100)
  wcase-probe: line=6 raise=inject on=0 raised=100 hcore=0 foreign=0 win=3880
  wcase-irq[64B]:   1792/3420/3420 cyc  (p50/max/max, n=100)
  wcase-probe: line=6 raise=inject on=0 raised=100 hcore=0 foreign=0 win=3500
  wcase-irq[256B]:  2304/3000/3000 cyc  (p50/max/max, n=100)
  wcase-probe: line=6 raise=inject on=0 raised=100 hcore=0 foreign=0 win=5800
  wcase-irq[1024B]: 4608/5300/5300 cyc  (p50/max/max, n=100)
  e2e-settle: settled=2/2
  e2e-probe: line=7 closed=1000 dropped=0 tare=1400/1810 ns  (min/avg, n=64)
  e2e-passes: asked=1000 raised=1000
  e2e-local: 6656/6656/30900 ns  (p50/p99/max, n=1000)
  throughput: 167236 ctx-sw/s  (5979 ns/sw avg over 40000 switches / 239 ms)
  switch-probe: fastpath-swaps=0  (swapped inside the trap, so not in the switch row)
  switch:    1536/1536/43700 cyc  (p50/p99/max, n=40001)
  lock-hold: 2304/3840/41120 cyc  (p50/p99/max, n=80241)
  lock-site: core=0 site=0x80001e50 max=41120
  irq-probe: line=6 raise=inject on=0 raised=100 hcore=0 foreign=0 win=19360
  irq:       2304/13300/13300 cyc  (p50/max/max, n=100)
  wcase-probe: line=6 raise=inject on=0 raised=100 hcore=0 foreign=0 win=6040
  wcase-irq[0B]:    1536/5180/5180 cyc  (p50/max/max, n=100)
  wcase-probe: line=6 raise=inject on=0 raised=100 hcore=0 foreign=0 win=5080
  wcase-irq[64B]:   1664/4380/4380 cyc  (p50/max/max, n=100)
  wcase-probe: line=6 raise=inject on=0 raised=100 hcore=0 foreign=0 win=13780
  wcase-irq[256B]:  2304/4740/4740 cyc  (p50/max/max, n=100)
  wcase-probe: line=6 raise=inject on=0 raised=100 hcore=0 foreign=0 win=9160
  wcase-irq[1024B]: 4608/8380/8380 cyc  (p50/max/max, n=100)
  e2e-settle: settled=2/2
  e2e-probe: line=7 closed=1000 dropped=0 tare=1400/1810 ns  (min/avg, n=64)
  e2e-passes: asked=1000 raised=1000
  e2e-local: 6656/8192/26800 ns  (p50/p99/max, n=1000)
  xtask ping-pong: 6102 ns/switch  (40000 switches / 244 ms)
  xtask call/reply: 16 B  10223 ns/round-trip  (97810 round-trips/s over 20000 calls / 204 ms)
  spawn/exit: thread 18058 ns  (200 reps / 3 ms)
  spawn/exit: task 21357 ns  (200 reps / 4 ms)
bench: done
POLL_OK=1 POLL_MS=5400
