
  ==============================================
   KickOS 0.5.1  -  microkernel RTOS
  ==============================================
   board   qemu-arm64
   arch    armv8a
   cpu     cortex-a53
   mpu     off
   sched   tickless
   build   2026-09-30 09:46:00 +0200
   app     Sep 30 2026 09:46:00 +0200
   commit  10deab0c
   heap    64 KiB available
   kstack  4096 B x 17 = 69632 B

microbenchmark: context-switch throughput (all arches) + per-switch cost
+ IRQ-entry latency where a cycle counter exists. Reporter woken by the
workload, not a timer. Telemetry OFF for clean numbers.
cycle counter: 0 Hz (0 = no rate converts a reading; cycles only)

  lock-probe: hold+1 core=0 depth=0  (three nested, one outermost)
  call/reply: 8 B  19559 ns/round-trip  (51125 round-trips/s over 20000 calls / 391 ms)
  call/reply: 16 B  19384 ns/round-trip  (51587 round-trips/s over 20000 calls / 387 ms)
  call/reply: 32 B  19562 ns/round-trip  (51119 round-trips/s over 20000 calls / 391 ms)
  call/reply: 64 B  19564 ns/round-trip  (51114 round-trips/s over 20000 calls / 391 ms)
  call/reply: 128 B  19652 ns/round-trip  (50885 round-trips/s over 20000 calls / 393 ms)
  call/reply: 256 B  19533 ns/round-trip  (51192 round-trips/s over 20000 calls / 390 ms)
  call/reply: 8 B  19503 ns/round-trip  (51273 round-trips/s over 20000 calls / 390 ms) [generic path]
  call/reply: 16 B  19424 ns/round-trip  (51482 round-trips/s over 20000 calls / 388 ms) [generic path]
  call/reply: 32 B  19471 ns/round-trip  (51357 round-trips/s over 20000 calls / 389 ms) [generic path]
  call/reply: 64 B  19398 ns/round-trip  (51549 round-trips/s over 20000 calls / 387 ms) [generic path]
  call/reply: 128 B  19403 ns/round-trip  (51536 round-trips/s over 20000 calls / 388 ms) [generic path]
  call/reply: 256 B  19530 ns/round-trip  (51201 round-trips/s over 20000 calls / 390 ms) [generic path]
  call/reply: 32 B  20012 ns/round-trip  (49968 round-trips/s over 20000 calls / 400 ms) [caller outranks server, D1 donates]
  phase table (44 rows; cyc avg/max, min last and a floor; leaf -= NULL, composite -= NULL + k*(NEST-NULL)):
    NULL             88/13525  min=70  n=260000
    NEST             354/13907  min=320  n=260000
    NEST_LOCK        238/35427  min=200  n=260000
    CALL_TOTAL       17914/1050798  min=17293  n=259999
    CALL_VALIDATE    161/8075  min=140  n=260000
    CALL_LOCKED      17091/1049957  min=16501  n=259999
    CALL_RESOLVE     228/24717  min=190  n=260000
    CALL_PEEK        157/10700  min=140  n=260000
    CALL_PROBE       154/12634  min=140  n=259999
    CALL_POP         170/21601  min=150  n=259999
    CALL_COPY        784/33794  min=701  n=259999
    CALL_MINT        1057/71454  min=972  n=259999
    CALL_MINT_CAP    261/42911  min=230  n=259999
    CALL_MINT_INFO   437/16661  min=390  n=259999
    CALL_DONATE      181/11491  min=160  n=19999
    CALL_PARK        253/27772  min=220  n=259999
    CALL_WAKE        11929/1044757  min=11501  n=259999
    CALL_RESUME      158/48491  min=130  n=260000
    CALL_SLOW_TOTAL  241174/241174  min=241174  n=1
    CALL_SLOW_LOCKED 233400/233400  min=233400  n=1
    CALL_SLOW_DONATE 0/0  min=0  n=0
    CALL_SLOW_PARK   180941/180941  min=180941  n=1
    RECV_LOCKED      14184/515310  min=13686  n=259999
    RECV_RESOLVE     260/42580  min=220  n=260000
    RECV_SCAN        195/34004  min=180  n=259999
    RECV_PARK        13286/440409  min=12804  n=259999
    REPLY_TOTAL      47253/381508  min=11461  n=13
    REPLY_VALIDATE   5545/13545  min=2926  n=13
    REPLY_LOCKED     2162/175841  min=2004  n=260000
    REPLY_LOOKUP     318/97383  min=270  n=260000
    REPLY_COPY       593/19707  min=531  n=260000
    REPLY_FUNNEL     224/29165  min=200  n=260000
    REPLY_WAKE       365/12003  min=311  n=260000
    REPLY_RECV_TOTAL 17614/699687  min=17002  n=260000
    REPLY_RECV_TAIL  451/44454  min=411  n=259999
    WAKE_UNPARK      102/67758  min=80  n=520012
    PICK_NEXT        106/7444  min=80  n=520064
    SWITCH_TO        21722/400599256  min=10770  n=520013
    SWITCH_BOOK      137/56897  min=90  n=520039
    MPU_APPLY        145/18565  min=120  n=520039
    MPU_COMMIT       0/0  min=0  n=0
    REENT_SEAT       121/15779  min=100  n=520039
    KTIME_REARM      149/9619  min=120  n=520039
    ARCH_SWITCH      20493/400593957  min=9548  n=520013
  ns-probe: rate=0 (nothing converts, so no ns column is printed)
  sat-probe: width=64 fits+1/0 wide+0/1 max=1000

  throughput: 171220 ctx-sw/s  (5840 ns/sw avg over 40000 switches / 233 ms)
  switch-probe: fastpath-swaps=0  (swapped inside the trap, so not in the switch row)
  switch:    176/240/5660 cyc  (p50/p99/max, n=40002)
  lock-hold: 1280/2560/25729 cyc  (p50/p99/max, n=80235)
  lock-site: core=0 site=0xffffff8040006f18 max=25729
  irq-probe: line=200 raise=inject on=0 raised=100 hcore=none foreign=0 win=0
  irq:       0/0/0 cyc  (p50/max/max, n=0)
  wcase-probe: line=200 raise=inject on=0 raised=100 hcore=none foreign=0 win=0
  wcase-irq[0B]:    0/0/0 cyc  (p50/max/max, n=0)
  wcase-probe: line=200 raise=inject on=0 raised=100 hcore=none foreign=0 win=0
  wcase-irq[64B]:   0/0/0 cyc  (p50/max/max, n=0)
  wcase-probe: line=200 raise=inject on=0 raised=100 hcore=none foreign=0 win=0
  wcase-irq[256B]:  0/0/0 cyc  (p50/max/max, n=0)
  wcase-probe: line=200 raise=inject on=0 raised=100 hcore=none foreign=0 win=0
  wcase-irq[1024B]: 0/0/0 cyc  (p50/max/max, n=0)
  e2e-settle: settled=2/2
  e2e-probe: line=201 closed=1000 dropped=0 tare=960/1271 ns  (min/avg, n=64)
  e2e-passes: asked=1000 raised=1000
  e2e-local: 8192/9216/317952 ns  (p50/p99/max, n=1000)
  throughput: 171743 ctx-sw/s  (5822 ns/sw avg over 40000 switches / 232 ms)
  switch-probe: fastpath-swaps=0  (swapped inside the trap, so not in the switch row)
  switch:    176/208/17333 cyc  (p50/p99/max, n=40002)
  lock-hold: 1024/2560/37491 cyc  (p50/p99/max, n=80239)
  lock-site: core=0 site=0xffffff8040006f18 max=37491
  irq-probe: line=200 raise=inject on=0 raised=100 hcore=none foreign=0 win=0
  irq:       0/0/0 cyc  (p50/max/max, n=0)
  wcase-probe: line=200 raise=inject on=0 raised=100 hcore=none foreign=0 win=0
  wcase-irq[0B]:    0/0/0 cyc  (p50/max/max, n=0)
  wcase-probe: line=200 raise=inject on=0 raised=100 hcore=none foreign=0 win=0
  wcase-irq[64B]:   0/0/0 cyc  (p50/max/max, n=0)
  wcase-probe: line=200 raise=inject on=0 raised=100 hcore=none foreign=0 win=0
  wcase-irq[256B]:  0/0/0 cyc  (p50/max/max, n=0)
  wcase-probe: line=200 raise=inject on=0 raised=100 hcore=none foreign=0 win=0
  wcase-irq[1024B]: 0/0/0 cyc  (p50/max/max, n=0)
  e2e-settle: settled=2/2
  e2e-probe: line=201 closed=1000 dropped=0 tare=960/1271 ns  (min/avg, n=64)
  e2e-passes: asked=1000 raised=1000
  e2e-local: 8192/9216/42224 ns  (p50/p99/max, n=1000)
  throughput: 173273 ctx-sw/s  (5771 ns/sw avg over 40000 switches / 230 ms)
  switch-probe: fastpath-swaps=0  (swapped inside the trap, so not in the switch row)
  switch:    176/192/2524 cyc  (p50/p99/max, n=40002)
  lock-hold: 1024/2560/20609 cyc  (p50/p99/max, n=80238)
  lock-site: core=0 site=0xffffff80400191dc max=20609
  irq-probe: line=200 raise=inject on=0 raised=100 hcore=none foreign=0 win=0
  irq:       0/0/0 cyc  (p50/max/max, n=0)
  wcase-probe: line=200 raise=inject on=0 raised=100 hcore=none foreign=0 win=0
  wcase-irq[0B]:    0/0/0 cyc  (p50/max/max, n=0)
  wcase-probe: line=200 raise=inject on=0 raised=100 hcore=none foreign=0 win=0
  wcase-irq[64B]:   0/0/0 cyc  (p50/max/max, n=0)
  wcase-probe: line=200 raise=inject on=0 raised=100 hcore=none foreign=0 win=0
  wcase-irq[256B]:  0/0/0 cyc  (p50/max/max, n=0)
  wcase-probe: line=200 raise=inject on=0 raised=100 hcore=none foreign=0 win=0
  wcase-irq[1024B]: 0/0/0 cyc  (p50/max/max, n=0)
  e2e-settle: settled=2/2
  e2e-probe: line=201 closed=1000 dropped=0 tare=960/1271 ns  (min/avg, n=64)
  e2e-passes: asked=1000 raised=1000
  e2e-local: 8192/9216/36176 ns  (p50/p99/max, n=1000)
  xtask ping-pong: 13501 ns/switch  (40000 switches / 540 ms)
  xtask call/reply: 16 B  41372 ns/round-trip  (24170 round-trips/s over 20000 calls / 827 ms)
  spawn/exit: thread 26195 ns  (200 reps / 5 ms)
  spawn/exit: task 109338 ns  (200 reps / 21 ms)
bench: done
POLL_OK=1 POLL_MS=8200
