
  ==============================================
   KickOS 0.5.1  -  microkernel RTOS
  ==============================================
   board   qemu-arm64
   arch    armv8a
   cpu     cortex-a53
   mpu     off
   sched   tickless
   build   2026-09-30 09:46:00 +0200
   app     Sep 30 2026 09:46:00 +0200
   commit  10deab0c
   heap    64 KiB available
   kstack  4096 B x 17 = 69632 B

microbenchmark: context-switch throughput (all arches) + per-switch cost
+ IRQ-entry latency where a cycle counter exists. Reporter woken by the
workload, not a timer. Telemetry OFF for clean numbers.
cycle counter: 0 Hz (0 = no rate converts a reading; cycles only)

  lock-probe: hold+1 core=0 depth=0  (three nested, one outermost)
  call/reply: 8 B  19414 ns/round-trip  (51506 round-trips/s over 20000 calls / 388 ms)
  call/reply: 16 B  19455 ns/round-trip  (51400 round-trips/s over 20000 calls / 389 ms)
  call/reply: 32 B  19325 ns/round-trip  (51744 round-trips/s over 20000 calls / 386 ms)
  call/reply: 64 B  19340 ns/round-trip  (51704 round-trips/s over 20000 calls / 386 ms)
  call/reply: 128 B  19260 ns/round-trip  (51918 round-trips/s over 20000 calls / 385 ms)
  call/reply: 256 B  19473 ns/round-trip  (51351 round-trips/s over 20000 calls / 389 ms)
  call/reply: 8 B  19394 ns/round-trip  (51560 round-trips/s over 20000 calls / 387 ms) [generic path]
  call/reply: 16 B  19313 ns/round-trip  (51776 round-trips/s over 20000 calls / 386 ms) [generic path]
  call/reply: 32 B  19390 ns/round-trip  (51572 round-trips/s over 20000 calls / 387 ms) [generic path]
  call/reply: 64 B  19259 ns/round-trip  (51921 round-trips/s over 20000 calls / 385 ms) [generic path]
  call/reply: 128 B  19334 ns/round-trip  (51720 round-trips/s over 20000 calls / 386 ms) [generic path]
  call/reply: 256 B  19604 ns/round-trip  (51008 round-trips/s over 20000 calls / 392 ms) [generic path]
  call/reply: 32 B  19773 ns/round-trip  (50573 round-trips/s over 20000 calls / 395 ms) [caller outranks server, D1 donates]
  phase table (44 rows; cyc avg/max, min last and a floor; leaf -= NULL, composite -= NULL + k*(NEST-NULL)):
    NULL             86/5711  min=70  n=260000
    NEST             346/12714  min=320  n=260000
    NEST_LOCK        236/17253  min=200  n=260000
    CALL_TOTAL       17805/1010904  min=17212  n=259999
    CALL_VALIDATE    159/25688  min=140  n=260000
    CALL_LOCKED      16978/1010062  min=16410  n=259999
    CALL_RESOLVE     220/11081  min=180  n=260000
    CALL_PEEK        156/31049  min=140  n=260000
    CALL_PROBE       152/11261  min=140  n=259999
    CALL_POP         166/18746  min=150  n=259999
    CALL_COPY        766/24957  min=691  n=259999
    CALL_MINT        1064/71294  min=981  n=259999
    CALL_MINT_CAP    265/43222  min=230  n=259999
    CALL_MINT_INFO   435/21250  min=400  n=259999
    CALL_DONATE      177/9027  min=160  n=19999
    CALL_PARK        244/26560  min=220  n=259999
    CALL_WAKE        11862/1004983  min=11431  n=259999
    CALL_RESUME      156/14086  min=140  n=260000
    CALL_SLOW_TOTAL  209595/209595  min=209595  n=1
    CALL_SLOW_LOCKED 202081/202081  min=202081  n=1
    CALL_SLOW_DONATE 0/0  min=0  n=0
    CALL_SLOW_PARK   151095/151095  min=151095  n=1
    RECV_LOCKED      14089/535799  min=13606  n=259999
    RECV_RESOLVE     254/42901  min=220  n=260000
    RECV_SCAN        194/18085  min=180  n=259999
    RECV_PARK        13182/459997  min=12684  n=259999
    REPLY_TOTAL      51930/456911  min=9148  n=13
    REPLY_VALIDATE   5074/11592  min=2215  n=13
    REPLY_LOCKED     2145/486496  min=1983  n=260000
    REPLY_LOOKUP     318/91933  min=270  n=260000
    REPLY_COPY       569/15900  min=500  n=260000
    REPLY_FUNNEL     224/483731  min=200  n=260000
    REPLY_WAKE       364/12444  min=320  n=260000
    REPLY_RECV_TOTAL 17488/718883  min=16902  n=260000
    REPLY_RECV_TAIL  451/43311  min=410  n=259999
    WAKE_UNPARK      100/11882  min=80  n=520012
    PICK_NEXT        105/6692  min=80  n=520064
    SWITCH_TO        21567/395857900  min=10720  n=520013
    SWITCH_BOOK      131/76554  min=90  n=520039
    MPU_APPLY        141/11912  min=120  n=520039
    MPU_COMMIT       0/0  min=0  n=0
    REENT_SEAT       119/18344  min=100  n=520039
    KTIME_REARM      146/24126  min=120  n=520039
    ARCH_SWITCH      20344/395851508  min=9508  n=520013
  ns-probe: rate=0 (nothing converts, so no ns column is printed)
  sat-probe: width=64 fits+1/0 wide+0/1 max=1000

  throughput: 172552 ctx-sw/s  (5795 ns/sw avg over 40000 switches / 231 ms)
  switch-probe: fastpath-swaps=0  (swapped inside the trap, so not in the switch row)
  switch:    176/176/2775 cyc  (p50/p99/max, n=40002)
  lock-hold: 896/2560/22542 cyc  (p50/p99/max, n=80235)
  lock-site: core=0 site=0xffffff8040006f18 max=22542
  irq-probe: line=200 raise=inject on=0 raised=100 hcore=none foreign=0 win=0
  irq:       0/0/0 cyc  (p50/max/max, n=0)
  wcase-probe: line=200 raise=inject on=0 raised=100 hcore=none foreign=0 win=0
  wcase-irq[0B]:    0/0/0 cyc  (p50/max/max, n=0)
  wcase-probe: line=200 raise=inject on=0 raised=100 hcore=none foreign=0 win=0
  wcase-irq[64B]:   0/0/0 cyc  (p50/max/max, n=0)
  wcase-probe: line=200 raise=inject on=0 raised=100 hcore=none foreign=0 win=0
  wcase-irq[256B]:  0/0/0 cyc  (p50/max/max, n=0)
  wcase-probe: line=200 raise=inject on=0 raised=100 hcore=none foreign=0 win=0
  wcase-irq[1024B]: 0/0/0 cyc  (p50/max/max, n=0)
  e2e-settle: settled=2/2
  e2e-probe: line=201 closed=1000 dropped=0 tare=944/1236 ns  (min/avg, n=64)
  e2e-passes: asked=1000 raised=1000
  e2e-local: 8192/11264/235072 ns  (p50/p99/max, n=1000)
  throughput: 173388 ctx-sw/s  (5767 ns/sw avg over 40000 switches / 230 ms)
  switch-probe: fastpath-swaps=0  (swapped inside the trap, so not in the switch row)
  switch:    176/176/2905 cyc  (p50/p99/max, n=40002)
  lock-hold: 832/2560/17723 cyc  (p50/p99/max, n=80238)
  lock-site: core=0 site=0xffffff80400191dc max=17723
  irq-probe: line=200 raise=inject on=0 raised=100 hcore=none foreign=0 win=0
  irq:       0/0/0 cyc  (p50/max/max, n=0)
  wcase-probe: line=200 raise=inject on=0 raised=100 hcore=none foreign=0 win=0
  wcase-irq[0B]:    0/0/0 cyc  (p50/max/max, n=0)
  wcase-probe: line=200 raise=inject on=0 raised=100 hcore=none foreign=0 win=0
  wcase-irq[64B]:   0/0/0 cyc  (p50/max/max, n=0)
  wcase-probe: line=200 raise=inject on=0 raised=100 hcore=none foreign=0 win=0
  wcase-irq[256B]:  0/0/0 cyc  (p50/max/max, n=0)
  wcase-probe: line=200 raise=inject on=0 raised=100 hcore=none foreign=0 win=0
  wcase-irq[1024B]: 0/0/0 cyc  (p50/max/max, n=0)
  e2e-settle: settled=2/2
  e2e-probe: line=201 closed=1000 dropped=0 tare=944/1236 ns  (min/avg, n=64)
  e2e-passes: asked=1000 raised=1000
  e2e-local: 8192/8192/28464 ns  (p50/p99/max, n=1000)
  throughput: 172246 ctx-sw/s  (5805 ns/sw avg over 40000 switches / 232 ms)
  switch-probe: fastpath-swaps=0  (swapped inside the trap, so not in the switch row)
  switch:    176/176/3597 cyc  (p50/p99/max, n=40002)
  lock-hold: 1280/2560/47219 cyc  (p50/p99/max, n=80238)
  lock-site: core=0 site=0xffffff8040006f18 max=47219
  irq-probe: line=200 raise=inject on=0 raised=100 hcore=none foreign=0 win=0
  irq:       0/0/0 cyc  (p50/max/max, n=0)
  wcase-probe: line=200 raise=inject on=0 raised=100 hcore=none foreign=0 win=0
  wcase-irq[0B]:    0/0/0 cyc  (p50/max/max, n=0)
  wcase-probe: line=200 raise=inject on=0 raised=100 hcore=none foreign=0 win=0
  wcase-irq[64B]:   0/0/0 cyc  (p50/max/max, n=0)
  wcase-probe: line=200 raise=inject on=0 raised=100 hcore=none foreign=0 win=0
  wcase-irq[256B]:  0/0/0 cyc  (p50/max/max, n=0)
  wcase-probe: line=200 raise=inject on=0 raised=100 hcore=none foreign=0 win=0
  wcase-irq[1024B]: 0/0/0 cyc  (p50/max/max, n=0)
  e2e-settle: settled=2/2
  e2e-probe: line=201 closed=1000 dropped=0 tare=944/1236 ns  (min/avg, n=64)
  e2e-passes: asked=1000 raised=1000
  e2e-local: 8192/8192/35200 ns  (p50/p99/max, n=1000)
  xtask ping-pong: 13302 ns/switch  (40000 switches / 532 ms)
  xtask call/reply: 16 B  40683 ns/round-trip  (24580 round-trips/s over 20000 calls / 813 ms)
  spawn/exit: thread 26409 ns  (200 reps / 5 ms)
  spawn/exit: task 106720 ns  (200 reps / 21 ms)
bench: done
POLL_OK=1 POLL_MS=8000
