
  ==============================================
   KickOS 0.5.1  -  microkernel RTOS
  ==============================================
   board   qemu-arm64
   arch    armv8a
   cpu     cortex-a53
   mpu     off
   sched   tickless
   build   2026-09-30 09:46:00 +0200
   app     Sep 30 2026 09:46:00 +0200
   commit  10deab0c
   heap    64 KiB available
   kstack  4096 B x 17 = 69632 B

microbenchmark: context-switch throughput (all arches) + per-switch cost
+ IRQ-entry latency where a cycle counter exists. Reporter woken by the
workload, not a timer. Telemetry OFF for clean numbers.
cycle counter: 0 Hz (0 = no rate converts a reading; cycles only)

  lock-probe: hold+1 core=0 depth=0  (three nested, one outermost)
  call/reply: 8 B  19216 ns/round-trip  (52039 round-trips/s over 20000 calls / 384 ms)
  call/reply: 16 B  19128 ns/round-trip  (52276 round-trips/s over 20000 calls / 382 ms)
  call/reply: 32 B  19224 ns/round-trip  (52017 round-trips/s over 20000 calls / 384 ms)
  call/reply: 64 B  19190 ns/round-trip  (52110 round-trips/s over 20000 calls / 383 ms)
  call/reply: 128 B  19341 ns/round-trip  (51701 round-trips/s over 20000 calls / 386 ms)
  call/reply: 256 B  19388 ns/round-trip  (51576 round-trips/s over 20000 calls / 387 ms)
  call/reply: 8 B  19330 ns/round-trip  (51732 round-trips/s over 20000 calls / 386 ms) [generic path]
  call/reply: 16 B  19135 ns/round-trip  (52259 round-trips/s over 20000 calls / 382 ms) [generic path]
  call/reply: 32 B  19142 ns/round-trip  (52239 round-trips/s over 20000 calls / 382 ms) [generic path]
  call/reply: 64 B  19330 ns/round-trip  (51730 round-trips/s over 20000 calls / 386 ms) [generic path]
  call/reply: 128 B  19122 ns/round-trip  (52295 round-trips/s over 20000 calls / 382 ms) [generic path]
  call/reply: 256 B  19221 ns/round-trip  (52025 round-trips/s over 20000 calls / 384 ms) [generic path]
  call/reply: 32 B  19690 ns/round-trip  (50785 round-trips/s over 20000 calls / 393 ms) [caller outranks server, D1 donates]
  phase table (44 rows; cyc avg/max, min last and a floor; leaf -= NULL, composite -= NULL + k*(NEST-NULL)):
    NULL             85/3386  min=70  n=260000
    NEST             348/25698  min=320  n=260000
    NEST_LOCK        229/15429  min=200  n=260000
    CALL_TOTAL       17655/1046380  min=17022  n=259999
    CALL_VALIDATE    159/5841  min=140  n=260000
    CALL_LOCKED      16835/1045489  min=16221  n=259999
    CALL_RESOLVE     225/7053  min=190  n=260000
    CALL_PEEK        157/8376  min=140  n=260000
    CALL_PROBE       155/35467  min=140  n=259999
    CALL_POP         168/19477  min=150  n=259999
    CALL_COPY        763/22111  min=681  n=259999
    CALL_MINT        1045/72686  min=971  n=259999
    CALL_MINT_CAP    261/44133  min=230  n=259999
    CALL_MINT_INFO   429/17633  min=390  n=259999
    CALL_DONATE      178/8957  min=170  n=19999
    CALL_PARK        255/317909  min=220  n=259999
    CALL_WAKE        11716/1040298  min=11301  n=259999
    CALL_RESUME      157/27782  min=130  n=260000
    CALL_SLOW_TOTAL  207170/207170  min=207170  n=1
    CALL_SLOW_LOCKED 200076/200076  min=200076  n=1
    CALL_SLOW_DONATE 0/0  min=0  n=0
    CALL_SLOW_PARK   150613/150613  min=150613  n=1
    RECV_LOCKED      13993/633624  min=13485  n=259999
    RECV_RESOLVE     254/42991  min=220  n=260000
    RECV_SCAN        197/17634  min=180  n=259999
    RECV_PARK        13106/631148  min=12594  n=259999
    REPLY_TOTAL      49984/429208  min=9438  n=13
    REPLY_VALIDATE   4789/11672  min=2104  n=13
    REPLY_LOCKED     2123/170070  min=1983  n=260000
    REPLY_LOOKUP     320/93196  min=270  n=260000
    REPLY_COPY       577/28643  min=511  n=260000
    REPLY_FUNNEL     226/55945  min=200  n=260000
    REPLY_WAKE       356/11822  min=301  n=260000
    REPLY_RECV_TOTAL 17368/702653  min=16731  n=260000
    REPLY_RECV_TAIL  443/47279  min=410  n=259999
    WAKE_UNPARK      99/11692  min=80  n=520012
    PICK_NEXT        111/19597  min=81  n=520064
    SWITCH_TO        21395/394192874  min=10580  n=520013
    SWITCH_BOOK      131/62818  min=90  n=520039
    MPU_APPLY        144/7804  min=120  n=520039
    MPU_COMMIT       0/0  min=0  n=0
    REENT_SEAT       119/34305  min=100  n=520039
    KTIME_REARM      148/24757  min=120  n=520039
    ARCH_SWITCH      20193/394185851  min=9388  n=520013
  ns-probe: rate=0 (nothing converts, so no ns column is printed)
  sat-probe: width=64 fits+1/0 wide+0/1 max=1000

  throughput: 172467 ctx-sw/s  (5798 ns/sw avg over 40000 switches / 231 ms)
  switch-probe: fastpath-swaps=0  (swapped inside the trap, so not in the switch row)
  switch:    176/176/3336 cyc  (p50/p99/max, n=40002)
  lock-hold: 2048/2560/38924 cyc  (p50/p99/max, n=80235)
  lock-site: core=0 site=0xffffff80400191dc max=38924
  irq-probe: line=200 raise=inject on=0 raised=100 hcore=none foreign=0 win=0
  irq:       0/0/0 cyc  (p50/max/max, n=0)
  wcase-probe: line=200 raise=inject on=0 raised=100 hcore=none foreign=0 win=0
  wcase-irq[0B]:    0/0/0 cyc  (p50/max/max, n=0)
  wcase-probe: line=200 raise=inject on=0 raised=100 hcore=none foreign=0 win=0
  wcase-irq[64B]:   0/0/0 cyc  (p50/max/max, n=0)
  wcase-probe: line=200 raise=inject on=0 raised=100 hcore=none foreign=0 win=0
  wcase-irq[256B]:  0/0/0 cyc  (p50/max/max, n=0)
  wcase-probe: line=200 raise=inject on=0 raised=100 hcore=none foreign=0 win=0
  wcase-irq[1024B]: 0/0/0 cyc  (p50/max/max, n=0)
  e2e-settle: settled=2/2
  e2e-probe: line=201 closed=1000 dropped=0 tare=976/1249 ns  (min/avg, n=64)
  e2e-passes: asked=1000 raised=1000
  e2e-local: 8192/12288/236224 ns  (p50/p99/max, n=1000)
  throughput: 174411 ctx-sw/s  (5733 ns/sw avg over 40000 switches / 229 ms)
  switch-probe: fastpath-swaps=0  (swapped inside the trap, so not in the switch row)
  switch:    176/208/4198 cyc  (p50/p99/max, n=40002)
  lock-hold: 1152/2560/30618 cyc  (p50/p99/max, n=80238)
  lock-site: core=0 site=0xffffff8040006f18 max=30618
  irq-probe: line=200 raise=inject on=0 raised=100 hcore=none foreign=0 win=0
  irq:       0/0/0 cyc  (p50/max/max, n=0)
  wcase-probe: line=200 raise=inject on=0 raised=100 hcore=none foreign=0 win=0
  wcase-irq[0B]:    0/0/0 cyc  (p50/max/max, n=0)
  wcase-probe: line=200 raise=inject on=0 raised=100 hcore=none foreign=0 win=0
  wcase-irq[64B]:   0/0/0 cyc  (p50/max/max, n=0)
  wcase-probe: line=200 raise=inject on=0 raised=100 hcore=none foreign=0 win=0
  wcase-irq[256B]:  0/0/0 cyc  (p50/max/max, n=0)
  wcase-probe: line=200 raise=inject on=0 raised=100 hcore=none foreign=0 win=0
  wcase-irq[1024B]: 0/0/0 cyc  (p50/max/max, n=0)
  e2e-settle: settled=2/2
  e2e-probe: line=201 closed=1000 dropped=0 tare=976/1249 ns  (min/avg, n=64)
  e2e-passes: asked=1000 raised=1000
  e2e-local: 8192/8192/35376 ns  (p50/p99/max, n=1000)
  throughput: 172604 ctx-sw/s  (5793 ns/sw avg over 40000 switches / 231 ms)
  switch-probe: fastpath-swaps=0  (swapped inside the trap, so not in the switch row)
  switch:    176/240/1293 cyc  (p50/p99/max, n=40002)
  lock-hold: 2304/2560/37771 cyc  (p50/p99/max, n=80238)
  lock-site: core=0 site=0xffffff80400191dc max=37771
  irq-probe: line=200 raise=inject on=0 raised=100 hcore=none foreign=0 win=0
  irq:       0/0/0 cyc  (p50/max/max, n=0)
  wcase-probe: line=200 raise=inject on=0 raised=100 hcore=none foreign=0 win=0
  wcase-irq[0B]:    0/0/0 cyc  (p50/max/max, n=0)
  wcase-probe: line=200 raise=inject on=0 raised=100 hcore=none foreign=0 win=0
  wcase-irq[64B]:   0/0/0 cyc  (p50/max/max, n=0)
  wcase-probe: line=200 raise=inject on=0 raised=100 hcore=none foreign=0 win=0
  wcase-irq[256B]:  0/0/0 cyc  (p50/max/max, n=0)
  wcase-probe: line=200 raise=inject on=0 raised=100 hcore=none foreign=0 win=0
  wcase-irq[1024B]: 0/0/0 cyc  (p50/max/max, n=0)
  e2e-settle: settled=2/2
  e2e-probe: line=201 closed=1000 dropped=0 tare=976/1249 ns  (min/avg, n=64)
  e2e-passes: asked=1000 raised=1000
  e2e-local: 8192/8192/38928 ns  (p50/p99/max, n=1000)
  xtask ping-pong: 13294 ns/switch  (40000 switches / 531 ms)
  xtask call/reply: 16 B  40368 ns/round-trip  (24771 round-trips/s over 20000 calls / 807 ms)
  spawn/exit: thread 25630 ns  (200 reps / 5 ms)
  spawn/exit: task 105834 ns  (200 reps / 21 ms)
bench: done
POLL_OK=1 POLL_MS=8000
