
  ==============================================
   KickOS 0.5.1  -  microkernel RTOS
  ==============================================
   board   qemu-arm64
   arch    armv8a
   cpu     cortex-a53
   mpu     off
   sched   tickless
   build   2026-09-30 09:46:00 +0200
   app     Sep 30 2026 09:46:00 +0200
   commit  10deab0c
   heap    64 KiB available
   kstack  4096 B x 17 = 69632 B

microbenchmark: context-switch throughput (all arches) + per-switch cost
+ IRQ-entry latency where a cycle counter exists. Reporter woken by the
workload, not a timer. Telemetry OFF for clean numbers.
cycle counter: 0 Hz (0 = no rate converts a reading; cycles only)

  lock-probe: hold+1 core=0 depth=0  (three nested, one outermost)
  call/reply: 8 B  18955 ns/round-trip  (52756 round-trips/s over 20000 calls / 379 ms)
  call/reply: 16 B  18923 ns/round-trip  (52845 round-trips/s over 20000 calls / 378 ms)
  call/reply: 32 B  18940 ns/round-trip  (52797 round-trips/s over 20000 calls / 378 ms)
  call/reply: 64 B  18909 ns/round-trip  (52883 round-trips/s over 20000 calls / 378 ms)
  call/reply: 128 B  18987 ns/round-trip  (52666 round-trips/s over 20000 calls / 379 ms)
  call/reply: 256 B  19101 ns/round-trip  (52352 round-trips/s over 20000 calls / 382 ms)
  call/reply: 8 B  18993 ns/round-trip  (52649 round-trips/s over 20000 calls / 379 ms) [generic path]
  call/reply: 16 B  18818 ns/round-trip  (53137 round-trips/s over 20000 calls / 376 ms) [generic path]
  call/reply: 32 B  18892 ns/round-trip  (52931 round-trips/s over 20000 calls / 377 ms) [generic path]
  call/reply: 64 B  18919 ns/round-trip  (52854 round-trips/s over 20000 calls / 378 ms) [generic path]
  call/reply: 128 B  19040 ns/round-trip  (52518 round-trips/s over 20000 calls / 380 ms) [generic path]
  call/reply: 256 B  19176 ns/round-trip  (52146 round-trips/s over 20000 calls / 383 ms) [generic path]
  call/reply: 32 B  19452 ns/round-trip  (51406 round-trips/s over 20000 calls / 389 ms) [caller outranks server, D1 donates]
  phase table (44 rows; cyc avg/max, min last and a floor; leaf -= NULL, composite -= NULL + k*(NEST-NULL)):
    NULL             84/9829  min=70  n=260000
    NEST             343/34254  min=311  n=260000
    NEST_LOCK        229/15770  min=190  n=260000
    CALL_TOTAL       17398/1002386  min=16812  n=259999
    CALL_VALIDATE    156/13776  min=140  n=260000
    CALL_LOCKED      16599/1001535  min=16040  n=259999
    CALL_RESOLVE     220/34685  min=180  n=260000
    CALL_PEEK        153/8205  min=140  n=260000
    CALL_PROBE       151/42460  min=140  n=259999
    CALL_POP         166/21179  min=150  n=259999
    CALL_COPY        756/19707  min=682  n=259999
    CALL_MINT        1025/70243  min=951  n=259999
    CALL_MINT_CAP    255/42480  min=230  n=259999
    CALL_MINT_INFO   420/16171  min=380  n=259999
    CALL_DONATE      176/9698  min=150  n=19999
    CALL_PARK        248/27191  min=220  n=259999
    CALL_WAKE        11567/996545  min=11191  n=259999
    CALL_RESUME      156/18174  min=130  n=260000
    CALL_SLOW_TOTAL  206348/206348  min=206348  n=1
    CALL_SLOW_LOCKED 198875/198875  min=198875  n=1
    CALL_SLOW_DONATE 0/0  min=0  n=0
    CALL_SLOW_PARK   149041/149041  min=149041  n=1
    RECV_LOCKED      13772/787071  min=13285  n=259999
    RECV_RESOLVE     248/42580  min=210  n=260000
    RECV_SCAN        192/17342  min=170  n=259999
    RECV_PARK        12902/784587  min=12403  n=259999
    REPLY_TOTAL      52008/462070  min=8727  n=13
    REPLY_VALIDATE   4953/11772  min=1633  n=13
    REPLY_LOCKED     2110/167035  min=1963  n=260000
    REPLY_LOOKUP     325/91402  min=270  n=260000
    REPLY_COPY       560/111309  min=501  n=260000
    REPLY_FUNNEL     220/28513  min=200  n=260000
    REPLY_WAKE       369/35046  min=310  n=260000
    REPLY_RECV_TOTAL 17131/797250  min=16531  n=260000
    REPLY_RECV_TAIL  443/42791  min=410  n=259999
    WAKE_UNPARK      107/34735  min=80  n=520012
    PICK_NEXT        103/20118  min=80  n=520064
    SWITCH_TO        21104/389442772  min=10490  n=520013
    SWITCH_BOOK      133/82576  min=90  n=520039
    MPU_APPLY        140/20238  min=120  n=520039
    MPU_COMMIT       0/0  min=0  n=0
    REENT_SEAT       116/22222  min=100  n=520039
    KTIME_REARM      144/16782  min=110  n=520039
    ARCH_SWITCH      19921/389436790  min=9317  n=520013
  ns-probe: rate=0 (nothing converts, so no ns column is printed)
  sat-probe: width=64 fits+1/0 wide+0/1 max=1000

  throughput: 175484 ctx-sw/s  (5698 ns/sw avg over 40000 switches / 227 ms)
  switch-probe: fastpath-swaps=0  (swapped inside the trap, so not in the switch row)
  switch:    160/240/7214 cyc  (p50/p99/max, n=40002)
  lock-hold: 1152/2816/28594 cyc  (p50/p99/max, n=80235)
  lock-site: core=0 site=0xffffff80400191dc max=28594
  irq-probe: line=200 raise=inject on=0 raised=100 hcore=none foreign=0 win=0
  irq:       0/0/0 cyc  (p50/max/max, n=0)
  wcase-probe: line=200 raise=inject on=0 raised=100 hcore=none foreign=0 win=0
  wcase-irq[0B]:    0/0/0 cyc  (p50/max/max, n=0)
  wcase-probe: line=200 raise=inject on=0 raised=100 hcore=none foreign=0 win=0
  wcase-irq[64B]:   0/0/0 cyc  (p50/max/max, n=0)
  wcase-probe: line=200 raise=inject on=0 raised=100 hcore=none foreign=0 win=0
  wcase-irq[256B]:  0/0/0 cyc  (p50/max/max, n=0)
  wcase-probe: line=200 raise=inject on=0 raised=100 hcore=none foreign=0 win=0
  wcase-irq[1024B]: 0/0/0 cyc  (p50/max/max, n=0)
  e2e-settle: settled=2/2
  e2e-probe: line=201 closed=1000 dropped=0 tare=944/1222 ns  (min/avg, n=64)
  e2e-passes: asked=1000 raised=1000
  e2e-local: 8192/12288/229136 ns  (p50/p99/max, n=1000)
  throughput: 174464 ctx-sw/s  (5731 ns/sw avg over 40000 switches / 229 ms)
  switch-probe: fastpath-swaps=0  (swapped inside the trap, so not in the switch row)
  switch:    160/240/5119 cyc  (p50/p99/max, n=40002)
  lock-hold: 2304/3584/57358 cyc  (p50/p99/max, n=80238)
  lock-site: core=0 site=0xffffff8040006f18 max=57358
  irq-probe: line=200 raise=inject on=0 raised=100 hcore=none foreign=0 win=0
  irq:       0/0/0 cyc  (p50/max/max, n=0)
  wcase-probe: line=200 raise=inject on=0 raised=100 hcore=none foreign=0 win=0
  wcase-irq[0B]:    0/0/0 cyc  (p50/max/max, n=0)
  wcase-probe: line=200 raise=inject on=0 raised=100 hcore=none foreign=0 win=0
  wcase-irq[64B]:   0/0/0 cyc  (p50/max/max, n=0)
  wcase-probe: line=200 raise=inject on=0 raised=100 hcore=none foreign=0 win=0
  wcase-irq[256B]:  0/0/0 cyc  (p50/max/max, n=0)
  wcase-probe: line=200 raise=inject on=0 raised=100 hcore=none foreign=0 win=0
  wcase-irq[1024B]: 0/0/0 cyc  (p50/max/max, n=0)
  e2e-settle: settled=2/2
  e2e-probe: line=201 closed=1000 dropped=0 tare=944/1222 ns  (min/avg, n=64)
  e2e-passes: asked=1000 raised=1000
  e2e-local: 8192/8192/43216 ns  (p50/p99/max, n=1000)
  throughput: 177961 ctx-sw/s  (5619 ns/sw avg over 40000 switches / 224 ms)
  switch-probe: fastpath-swaps=0  (swapped inside the trap, so not in the switch row)
  switch:    160/176/4278 cyc  (p50/p99/max, n=40002)
  lock-hold: 1152/2560/18135 cyc  (p50/p99/max, n=80238)
  lock-site: core=0 site=0xffffff80400191dc max=18135
  irq-probe: line=200 raise=inject on=0 raised=100 hcore=none foreign=0 win=0
  irq:       0/0/0 cyc  (p50/max/max, n=0)
  wcase-probe: line=200 raise=inject on=0 raised=100 hcore=none foreign=0 win=0
  wcase-irq[0B]:    0/0/0 cyc  (p50/max/max, n=0)
  wcase-probe: line=200 raise=inject on=0 raised=100 hcore=none foreign=0 win=0
  wcase-irq[64B]:   0/0/0 cyc  (p50/max/max, n=0)
  wcase-probe: line=200 raise=inject on=0 raised=100 hcore=none foreign=0 win=0
  wcase-irq[256B]:  0/0/0 cyc  (p50/max/max, n=0)
  wcase-probe: line=200 raise=inject on=0 raised=100 hcore=none foreign=0 win=0
  wcase-irq[1024B]: 0/0/0 cyc  (p50/max/max, n=0)
  e2e-settle: settled=2/2
  e2e-probe: line=201 closed=1000 dropped=0 tare=944/1222 ns  (min/avg, n=64)
  e2e-passes: asked=1000 raised=1000
  e2e-local: 8192/8192/40032 ns  (p50/p99/max, n=1000)
  xtask ping-pong: 13021 ns/switch  (40000 switches / 520 ms)
  xtask call/reply: 16 B  40124 ns/round-trip  (24922 round-trips/s over 20000 calls / 802 ms)
  spawn/exit: thread 25684 ns  (200 reps / 5 ms)
  spawn/exit: task 106296 ns  (200 reps / 21 ms)
bench: done
POLL_OK=1 POLL_MS=8000
