
  ==============================================
   KickOS 0.5.1  -  microkernel RTOS
  ==============================================
   board   qemu-arm64
   arch    armv8a
   cpu     cortex-a53
   mpu     off
   sched   tickless
   build   2026-09-30 09:46:00 +0200
   app     Sep 30 2026 09:46:00 +0200
   commit  10deab0c
   heap    64 KiB available
   kstack  4096 B x 17 = 69632 B

microbenchmark: context-switch throughput (all arches) + per-switch cost
+ IRQ-entry latency where a cycle counter exists. Reporter woken by the
workload, not a timer. Telemetry OFF for clean numbers.
cycle counter: 0 Hz (0 = no rate converts a reading; cycles only)

  lock-probe: hold+1 core=0 depth=0  (three nested, one outermost)
  call/reply: 8 B  19175 ns/round-trip  (52150 round-trips/s over 20000 calls / 383 ms)
  call/reply: 16 B  19057 ns/round-trip  (52473 round-trips/s over 20000 calls / 381 ms)
  call/reply: 32 B  19157 ns/round-trip  (52198 round-trips/s over 20000 calls / 383 ms)
  call/reply: 64 B  18991 ns/round-trip  (52655 round-trips/s over 20000 calls / 379 ms)
  call/reply: 128 B  19081 ns/round-trip  (52407 round-trips/s over 20000 calls / 381 ms)
  call/reply: 256 B  19122 ns/round-trip  (52294 round-trips/s over 20000 calls / 382 ms)
  call/reply: 8 B  19057 ns/round-trip  (52473 round-trips/s over 20000 calls / 381 ms) [generic path]
  call/reply: 16 B  18988 ns/round-trip  (52662 round-trips/s over 20000 calls / 379 ms) [generic path]
  call/reply: 32 B  18983 ns/round-trip  (52678 round-trips/s over 20000 calls / 379 ms) [generic path]
  call/reply: 64 B  18998 ns/round-trip  (52636 round-trips/s over 20000 calls / 379 ms) [generic path]
  call/reply: 128 B  19072 ns/round-trip  (52431 round-trips/s over 20000 calls / 381 ms) [generic path]
  call/reply: 256 B  19139 ns/round-trip  (52248 round-trips/s over 20000 calls / 382 ms) [generic path]
  call/reply: 32 B  19358 ns/round-trip  (51656 round-trips/s over 20000 calls / 387 ms) [caller outranks server, D1 donates]
  phase table (44 rows; cyc avg/max, min last and a floor; leaf -= NULL, composite -= NULL + k*(NEST-NULL)):
    NULL             85/20919  min=70  n=260000
    NEST             344/24656  min=320  n=260000
    NEST_LOCK        229/18195  min=200  n=260000
    CALL_TOTAL       17499/1076447  min=16981  n=259999
    CALL_VALIDATE    159/10390  min=140  n=260000
    CALL_LOCKED      16691/1075625  min=16210  n=259999
    CALL_RESOLVE     221/7885  min=190  n=260000
    CALL_PEEK        156/8256  min=140  n=260000
    CALL_PROBE       153/24126  min=140  n=259999
    CALL_POP         168/18204  min=150  n=259999
    CALL_COPY        765/21280  min=701  n=259999
    CALL_MINT        1039/71394  min=971  n=259999
    CALL_MINT_CAP    259/42861  min=230  n=259999
    CALL_MINT_INFO   426/17402  min=390  n=259999
    CALL_DONATE      179/8526  min=170  n=19999
    CALL_PARK        248/28093  min=220  n=259999
    CALL_WAKE        11629/1070585  min=11311  n=259999
    CALL_RESUME      158/20789  min=140  n=260000
    CALL_SLOW_TOTAL  207410/207410  min=207410  n=1
    CALL_SLOW_LOCKED 200628/200628  min=200628  n=1
    CALL_SLOW_DONATE 0/0  min=0  n=0
    CALL_SLOW_PARK   149050/149050  min=149050  n=1
    RECV_LOCKED      13857/506594  min=13425  n=259999
    RECV_RESOLVE     255/42470  min=220  n=260000
    RECV_SCAN        196/17293  min=180  n=259999
    RECV_PARK        12970/432023  min=12564  n=259999
    REPLY_TOTAL      51925/445178  min=8826  n=13
    REPLY_VALIDATE   5070/13765  min=1753  n=13
    REPLY_LOCKED     2102/168126  min=1974  n=260000
    REPLY_LOOKUP     321/91482  min=270  n=260000
    REPLY_COPY       569/18264  min=501  n=260000
    REPLY_FUNNEL     221/28543  min=190  n=260000
    REPLY_WAKE       354/39545  min=311  n=260000
    REPLY_RECV_TOTAL 17203/688406  min=16731  n=260000
    REPLY_RECV_TAIL  446/43622  min=410  n=259999
    WAKE_UNPARK      99/39224  min=80  n=520012
    PICK_NEXT        105/21390  min=80  n=520064
    SWITCH_TO        21205/387559277  min=10580  n=520013
    SWITCH_BOOK      127/71976  min=90  n=520039
    MPU_APPLY        142/8456  min=120  n=520039
    MPU_COMMIT       0/0  min=0  n=0
    REENT_SEAT       118/18305  min=100  n=520039
    KTIME_REARM      145/16802  min=111  n=520039
    ARCH_SWITCH      20016/387552724  min=9448  n=520013
  ns-probe: rate=0 (nothing converts, so no ns column is printed)
  sat-probe: width=64 fits+1/0 wide+0/1 max=1000

  throughput: 173318 ctx-sw/s  (5769 ns/sw avg over 40000 switches / 230 ms)
  switch-probe: fastpath-swaps=0  (swapped inside the trap, so not in the switch row)
  switch:    176/176/3176 cyc  (p50/p99/max, n=40002)
  lock-hold: 1152/2560/24837 cyc  (p50/p99/max, n=80235)
  lock-site: core=0 site=0xffffff8040006f18 max=24837
  irq-probe: line=200 raise=inject on=0 raised=100 hcore=none foreign=0 win=0
  irq:       0/0/0 cyc  (p50/max/max, n=0)
  wcase-probe: line=200 raise=inject on=0 raised=100 hcore=none foreign=0 win=0
  wcase-irq[0B]:    0/0/0 cyc  (p50/max/max, n=0)
  wcase-probe: line=200 raise=inject on=0 raised=100 hcore=none foreign=0 win=0
  wcase-irq[64B]:   0/0/0 cyc  (p50/max/max, n=0)
  wcase-probe: line=200 raise=inject on=0 raised=100 hcore=none foreign=0 win=0
  wcase-irq[256B]:  0/0/0 cyc  (p50/max/max, n=0)
  wcase-probe: line=200 raise=inject on=0 raised=100 hcore=none foreign=0 win=0
  wcase-irq[1024B]: 0/0/0 cyc  (p50/max/max, n=0)
  e2e-settle: settled=2/2
  e2e-probe: line=201 closed=1000 dropped=0 tare=944/1233 ns  (min/avg, n=64)
  e2e-passes: asked=1000 raised=1000
  e2e-local: 8192/8192/239072 ns  (p50/p99/max, n=1000)
  throughput: 171421 ctx-sw/s  (5833 ns/sw avg over 40000 switches / 233 ms)
  switch-probe: fastpath-swaps=0  (swapped inside the trap, so not in the switch row)
  switch:    176/176/831 cyc  (p50/p99/max, n=40002)
  lock-hold: 1152/2560/17974 cyc  (p50/p99/max, n=80237)
  lock-site: core=0 site=0xffffff8040006f18 max=17974
  irq-probe: line=200 raise=inject on=0 raised=100 hcore=none foreign=0 win=0
  irq:       0/0/0 cyc  (p50/max/max, n=0)
  wcase-probe: line=200 raise=inject on=0 raised=100 hcore=none foreign=0 win=0
  wcase-irq[0B]:    0/0/0 cyc  (p50/max/max, n=0)
  wcase-probe: line=200 raise=inject on=0 raised=100 hcore=none foreign=0 win=0
  wcase-irq[64B]:   0/0/0 cyc  (p50/max/max, n=0)
  wcase-probe: line=200 raise=inject on=0 raised=100 hcore=none foreign=0 win=0
  wcase-irq[256B]:  0/0/0 cyc  (p50/max/max, n=0)
  wcase-probe: line=200 raise=inject on=0 raised=100 hcore=none foreign=0 win=0
  wcase-irq[1024B]: 0/0/0 cyc  (p50/max/max, n=0)
  e2e-settle: settled=2/2
  e2e-probe: line=201 closed=1000 dropped=0 tare=944/1233 ns  (min/avg, n=64)
  e2e-passes: asked=1000 raised=1000
  e2e-local: 8192/8192/43152 ns  (p50/p99/max, n=1000)
  throughput: 173480 ctx-sw/s  (5764 ns/sw avg over 40000 switches / 230 ms)
  switch-probe: fastpath-swaps=0  (swapped inside the trap, so not in the switch row)
  switch:    160/224/9337 cyc  (p50/p99/max, n=40002)
  lock-hold: 1280/2560/45646 cyc  (p50/p99/max, n=80238)
  lock-site: core=0 site=0xffffff8040006f18 max=45646
  irq-probe: line=200 raise=inject on=0 raised=100 hcore=none foreign=0 win=0
  irq:       0/0/0 cyc  (p50/max/max, n=0)
  wcase-probe: line=200 raise=inject on=0 raised=100 hcore=none foreign=0 win=0
  wcase-irq[0B]:    0/0/0 cyc  (p50/max/max, n=0)
  wcase-probe: line=200 raise=inject on=0 raised=100 hcore=none foreign=0 win=0
  wcase-irq[64B]:   0/0/0 cyc  (p50/max/max, n=0)
  wcase-probe: line=200 raise=inject on=0 raised=100 hcore=none foreign=0 win=0
  wcase-irq[256B]:  0/0/0 cyc  (p50/max/max, n=0)
  wcase-probe: line=200 raise=inject on=0 raised=100 hcore=none foreign=0 win=0
  wcase-irq[1024B]: 0/0/0 cyc  (p50/max/max, n=0)
  e2e-settle: settled=2/2
  e2e-probe: line=201 closed=1000 dropped=0 tare=944/1233 ns  (min/avg, n=64)
  e2e-passes: asked=1000 raised=1000
  e2e-local: 8192/9216/36080 ns  (p50/p99/max, n=1000)
  xtask ping-pong: 13271 ns/switch  (40000 switches / 530 ms)
  xtask call/reply: 16 B  40711 ns/round-trip  (24562 round-trips/s over 20000 calls / 814 ms)
  spawn/exit: thread 25793 ns  (200 reps / 5 ms)
  spawn/exit: task 106130 ns  (200 reps / 21 ms)
bench: done
POLL_OK=1 POLL_MS=8000
