
  ==============================================
   KickOS 0.5.1  -  microkernel RTOS
  ==============================================
   board   qemu-riscv64
   arch    rv64imac
   cpu     rv64imac_zicsr_zmmul_zaamo_zalrsc_zca
   mpu     off
   sched   tickless
   build   2026-09-30 09:46:06 +0200
   app     Sep 30 2026 09:46:07 +0200
   commit  10deab0c
   heap    64 KiB available
   kstack  4096 B x 17 = 69632 B

microbenchmark: context-switch throughput (all arches) + per-switch cost
+ IRQ-entry latency where a cycle counter exists. Reporter woken by the
workload, not a timer. Telemetry OFF for clean numbers.
cycle counter: 0 Hz (0 = no rate converts a reading; cycles only)

  lock-probe: hold+1 core=0 depth=0  (three nested, one outermost)
  call/reply: 8 B  21630 ns/round-trip  (46230 round-trips/s over 20000 calls / 432 ms)
  call/reply: 16 B  21369 ns/round-trip  (46794 round-trips/s over 20000 calls / 427 ms)
  call/reply: 32 B  21528 ns/round-trip  (46450 round-trips/s over 20000 calls / 430 ms)
  call/reply: 64 B  21410 ns/round-trip  (46706 round-trips/s over 20000 calls / 428 ms)
  call/reply: 128 B  21430 ns/round-trip  (46662 round-trips/s over 20000 calls / 428 ms)
  call/reply: 256 B  21467 ns/round-trip  (46582 round-trips/s over 20000 calls / 429 ms)
  call/reply: 8 B  21300 ns/round-trip  (46946 round-trips/s over 20000 calls / 426 ms) [generic path]
  call/reply: 16 B  21428 ns/round-trip  (46667 round-trips/s over 20000 calls / 428 ms) [generic path]
  call/reply: 32 B  21074 ns/round-trip  (47450 round-trips/s over 20000 calls / 421 ms) [generic path]
  call/reply: 64 B  21341 ns/round-trip  (46856 round-trips/s over 20000 calls / 426 ms) [generic path]
  call/reply: 128 B  21414 ns/round-trip  (46698 round-trips/s over 20000 calls / 428 ms) [generic path]
  call/reply: 256 B  21310 ns/round-trip  (46924 round-trips/s over 20000 calls / 426 ms) [generic path]
  call/reply: 32 B  21645 ns/round-trip  (46199 round-trips/s over 20000 calls / 432 ms) [caller outranks server, D1 donates]
  phase table (44 rows; cyc avg/max, min last and a floor; leaf -= NULL, composite -= NULL + k*(NEST-NULL)):
    NULL             128/11500  min=100  n=260000
    NEST             544/29420  min=480  n=260000
    NEST_LOCK        606/29920  min=560  n=260000
    CALL_TOTAL       39656/2108460  min=38340  n=259999
    CALL_VALIDATE    338/35500  min=300  n=260000
    CALL_LOCKED      38004/2106620  min=36700  n=259999
    CALL_RESOLVE     505/12580  min=440  n=260000
    CALL_PEEK        194/45240  min=180  n=260000
    CALL_PROBE       264/22900  min=240  n=259999
    CALL_POP         362/39620  min=320  n=259999
    CALL_COPY        2799/43000  min=2600  n=259999
    CALL_MINT        3020/149780  min=2840  n=259999
    CALL_MINT_CAP    553/91600  min=500  n=259999
    CALL_MINT_INFO   1582/90640  min=1440  n=259999
    CALL_DONATE      288/15460  min=260  n=19999
    CALL_PARK        574/55860  min=520  n=259999
    CALL_WAKE        25696/2094460  min=24820  n=259999
    CALL_RESUME      222/10220  min=200  n=260000
    CALL_SLOW_TOTAL  360520/360520  min=360520  n=1
    CALL_SLOW_LOCKED 348320/348320  min=348320  n=1
    CALL_SLOW_DONATE 0/0  min=0  n=0
    CALL_SLOW_PARK   257980/257980  min=257980  n=1
    RECV_LOCKED      29277/994820  min=28220  n=259999
    RECV_RESOLVE     599/74040  min=540  n=260000
    RECV_SCAN        363/35360  min=320  n=259999
    RECV_PARK        27158/858960  min=26200  n=259999
    REPLY_TOTAL      118338/1098260  min=20480  n=13
    REPLY_VALIDATE   10246/26380  min=5700  n=13
    REPLY_LOCKED     5750/331440  min=5400  n=260000
    REPLY_LOOKUP     608/176500  min=560  n=260000
    REPLY_COPY       2664/42040  min=2480  n=260000
    REPLY_FUNNEL     340/55320  min=280  n=260000
    REPLY_WAKE       802/47280  min=700  n=260000
    REPLY_RECV_TOTAL 38542/1308720  min=37160  n=260000
    REPLY_RECV_TAIL  1111/79940  min=1040  n=259999
    WAKE_UNPARK      257/28360  min=180  n=520012
    PICK_NEXT        385/31540  min=320  n=520064
    SWITCH_TO        46291/865180440  min=23320  n=520013
    SWITCH_BOOK      212/169380  min=180  n=520039
    MPU_APPLY        376/36320  min=340  n=520039
    MPU_COMMIT       0/0  min=0  n=0
    REENT_SEAT       130/29360  min=80  n=520039
    KTIME_REARM      320/35020  min=220  n=520039
    ARCH_SWITCH      43899/865141840  min=20960  n=520013
  ns-probe: rate=0 (nothing converts, so no ns column is printed)
  sat-probe: width=64 fits+1/0 wide+0/1 max=1000

  throughput: 165338 ctx-sw/s  (6048 ns/sw avg over 40000 switches / 241 ms)
  switch-probe: fastpath-swaps=0  (swapped inside the trap, so not in the switch row)
  switch:    256/256/10760 cyc  (p50/p99/max, n=40002)
  lock-hold: 3328/4608/68460 cyc  (p50/p99/max, n=80236)
  lock-site: core=0 site=0xffffffff80002ae2 max=68460
  irq-probe: line=6 raise=inject on=0 raised=100 hcore=none foreign=0 win=0
  irq:       0/0/0 cyc  (p50/max/max, n=0)
  wcase-probe: line=6 raise=inject on=0 raised=100 hcore=none foreign=0 win=0
  wcase-irq[0B]:    0/0/0 cyc  (p50/max/max, n=0)
  wcase-probe: line=6 raise=inject on=0 raised=100 hcore=none foreign=0 win=0
  wcase-irq[64B]:   0/0/0 cyc  (p50/max/max, n=0)
  wcase-probe: line=6 raise=inject on=0 raised=100 hcore=none foreign=0 win=0
  wcase-irq[256B]:  0/0/0 cyc  (p50/max/max, n=0)
  wcase-probe: line=6 raise=inject on=0 raised=100 hcore=none foreign=0 win=0
  wcase-irq[1024B]: 0/0/0 cyc  (p50/max/max, n=0)
  e2e-settle: settled=2/2
  e2e-probe: line=7 closed=1000 dropped=0 tare=900/1220 ns  (min/avg, n=64)
  e2e-passes: asked=1000 raised=1000
  e2e-local: 5632/7680/221800 ns  (p50/p99/max, n=1000)
  throughput: 164824 ctx-sw/s  (6067 ns/sw avg over 40000 switches / 242 ms)
  switch-probe: fastpath-swaps=0  (swapped inside the trap, so not in the switch row)
  switch:    256/320/9400 cyc  (p50/p99/max, n=40002)
  lock-hold: 3328/5120/45580 cyc  (p50/p99/max, n=80238)
  lock-site: core=0 site=0xffffffff800014a2 max=45580
  irq-probe: line=6 raise=inject on=0 raised=100 hcore=none foreign=0 win=0
  irq:       0/0/0 cyc  (p50/max/max, n=0)
  wcase-probe: line=6 raise=inject on=0 raised=100 hcore=none foreign=0 win=0
  wcase-irq[0B]:    0/0/0 cyc  (p50/max/max, n=0)
  wcase-probe: line=6 raise=inject on=0 raised=100 hcore=none foreign=0 win=0
  wcase-irq[64B]:   0/0/0 cyc  (p50/max/max, n=0)
  wcase-probe: line=6 raise=inject on=0 raised=100 hcore=none foreign=0 win=0
  wcase-irq[256B]:  0/0/0 cyc  (p50/max/max, n=0)
  wcase-probe: line=6 raise=inject on=0 raised=100 hcore=none foreign=0 win=0
  wcase-irq[1024B]: 0/0/0 cyc  (p50/max/max, n=0)
  e2e-settle: settled=2/2
  e2e-probe: line=7 closed=1000 dropped=0 tare=900/1220 ns  (min/avg, n=64)
  e2e-passes: asked=1000 raised=1000
  e2e-local: 6144/6144/29400 ns  (p50/p99/max, n=1000)
  throughput: 164319 ctx-sw/s  (6085 ns/sw avg over 40000 switches / 243 ms)
  switch-probe: fastpath-swaps=0  (swapped inside the trap, so not in the switch row)
  switch:    240/320/13720 cyc  (p50/p99/max, n=40002)
  lock-hold: 4608/4608/111280 cyc  (p50/p99/max, n=80239)
  lock-site: core=0 site=0xffffffff800014a2 max=111280
  irq-probe: line=6 raise=inject on=0 raised=100 hcore=none foreign=0 win=0
  irq:       0/0/0 cyc  (p50/max/max, n=0)
  wcase-probe: line=6 raise=inject on=0 raised=100 hcore=none foreign=0 win=0
  wcase-irq[0B]:    0/0/0 cyc  (p50/max/max, n=0)
  wcase-probe: line=6 raise=inject on=0 raised=100 hcore=none foreign=0 win=0
  wcase-irq[64B]:   0/0/0 cyc  (p50/max/max, n=0)
  wcase-probe: line=6 raise=inject on=0 raised=100 hcore=none foreign=0 win=0
  wcase-irq[256B]:  0/0/0 cyc  (p50/max/max, n=0)
  wcase-probe: line=6 raise=inject on=0 raised=100 hcore=none foreign=0 win=0
  wcase-irq[1024B]: 0/0/0 cyc  (p50/max/max, n=0)
  e2e-settle: settled=2/2
  e2e-probe: line=7 closed=1000 dropped=0 tare=900/1220 ns  (min/avg, n=64)
  e2e-passes: asked=1000 raised=1000
  e2e-local: 6144/6144/42300 ns  (p50/p99/max, n=1000)
  xtask ping-pong: 12219 ns/switch  (40000 switches / 488 ms)
  xtask call/reply: 16 B  38346 ns/round-trip  (26077 round-trips/s over 20000 calls / 766 ms)
  spawn/exit: thread 53651 ns  (200 reps / 10 ms)
  spawn/exit: task 130191 ns  (200 reps / 26 ms)
bench: done
POLL_OK=1 POLL_MS=8400
