
  ==============================================
   KickOS 0.5.1  -  microkernel RTOS
  ==============================================
   board   qemu-riscv
   arch    rv32imac
   cpu     rv32imac_zicsr
   mpu     off
   sched   tickless
   build   2026-09-30 09:46:13 +0200
   app     Sep 30 2026 09:46:13 +0200
   commit  10deab0c
   heap    16 KiB available
   kstack  1184 B x 17 = 20128 B

microbenchmark: context-switch throughput (all arches) + per-switch cost
+ IRQ-entry latency where a cycle counter exists. Reporter woken by the
workload, not a timer. Telemetry OFF for clean numbers.
cycle counter: 0 Hz (0 = no rate converts a reading; cycles only)

  lock-probe: hold+1 core=0 depth=0  (three nested, one outermost)
  call/reply: 8 B  10299 ns/round-trip  (97090 round-trips/s over 20000 calls / 205 ms)
  call/reply: 16 B  10304 ns/round-trip  (97043 round-trips/s over 20000 calls / 206 ms)
  call/reply: 32 B  16673 ns/round-trip  (59974 round-trips/s over 20000 calls / 333 ms)
  call/reply: 64 B  16714 ns/round-trip  (59828 round-trips/s over 20000 calls / 334 ms)
  call/reply: 128 B  16778 ns/round-trip  (59599 round-trips/s over 20000 calls / 335 ms)
  call/reply: 256 B  17224 ns/round-trip  (58056 round-trips/s over 20000 calls / 344 ms)
  call/reply: 8 B  16641 ns/round-trip  (60092 round-trips/s over 20000 calls / 332 ms) [generic path]
  call/reply: 16 B  16606 ns/round-trip  (60219 round-trips/s over 20000 calls / 332 ms) [generic path]
  call/reply: 32 B  16681 ns/round-trip  (59946 round-trips/s over 20000 calls / 333 ms) [generic path]
  call/reply: 64 B  16938 ns/round-trip  (59035 round-trips/s over 20000 calls / 338 ms) [generic path]
  call/reply: 128 B  16787 ns/round-trip  (59569 round-trips/s over 20000 calls / 335 ms) [generic path]
  call/reply: 256 B  16850 ns/round-trip  (59345 round-trips/s over 20000 calls / 337 ms) [generic path]
  call/reply: 32 B  16983 ns/round-trip  (58879 round-trips/s over 20000 calls / 339 ms) [caller outranks server, D1 donates]
  phase table (44 rows; cyc avg/max, min last and a floor; leaf -= NULL, composite -= NULL + k*(NEST-NULL)):
    NULL             71/9900  min=40  n=220000
    NEST             453/25220  min=400  n=220000
    NEST_LOCK        390/88340  min=340  n=220000
    CALL_TOTAL       12220/727860  min=11620  n=219999
    CALL_VALIDATE    286/26000  min=240  n=220000
    CALL_LOCKED      11129/575140  min=10560  n=219999
    CALL_RESOLVE     464/43580  min=400  n=220000
    CALL_PEEK        242/28140  min=220  n=220000
    CALL_PROBE       214/41200  min=200  n=219999
    CALL_POP         290/17240  min=220  n=219999
    CALL_COPY        412/22520  min=260  n=219999
    CALL_MINT        1361/108340  min=1280  n=219999
    CALL_MINT_CAP    442/30880  min=400  n=219999
    CALL_MINT_INFO   345/27000  min=300  n=219999
    CALL_DONATE      170/22060  min=140  n=19999
    CALL_PARK        526/28300  min=440  n=219999
    CALL_WAKE        3682/109780  min=3380  n=219999
    CALL_RESUME      326/34260  min=280  n=220000
    CALL_SLOW_TOTAL  190080/190080  min=190080  n=1
    CALL_SLOW_LOCKED 169600/169600  min=169600  n=1
    CALL_SLOW_DONATE 0/0  min=0  n=0
    CALL_SLOW_PARK   65540/65540  min=65540  n=1
    RECV_LOCKED      4881/241760  min=4580  n=259999
    RECV_RESOLVE     530/83860  min=460  n=260000
    RECV_SCAN        197/43340  min=180  n=259999
    RECV_PARK        3392/109900  min=3100  n=259999
    REPLY_TOTAL      41586/168080  min=12260  n=13
    REPLY_VALIDATE   8749/29900  min=3260  n=13
    REPLY_LOCKED     3106/380820  min=2260  n=260000
    REPLY_LOOKUP     633/184140  min=500  n=260000
    REPLY_COPY       414/22240  min=220  n=260000
    REPLY_FUNNEL     259/65340  min=180  n=260000
    REPLY_WAKE       643/69500  min=560  n=260000
    REPLY_RECV_TOTAL 10010/577560  min=9080  n=260000
    REPLY_RECV_TAIL  858/104300  min=760  n=259999
    WAKE_UNPARK      177/31400  min=120  n=520012
    PICK_NEXT        188/40420  min=160  n=480064
    SWITCH_TO        2336/184980  min=2080  n=480039
    SWITCH_BOOK      144/123000  min=120  n=520039
    MPU_APPLY        112/40400  min=60  n=520039
    MPU_COMMIT       0/0  min=0  n=0
    REENT_SEAT       182/185340  min=160  n=520039
    KTIME_REARM      196/14720  min=140  n=520039
    ARCH_SWITCH      723/103360  min=580  n=480039
  ns-probe: rate=0 (nothing converts, so no ns column is printed)
  sat-probe: width=32 (no delta this counter forms is too wide)

  throughput: 166050 ctx-sw/s  (6022 ns/sw avg over 40000 switches / 240 ms)
  switch-probe: fastpath-swaps=0  (swapped inside the trap, so not in the switch row)
  switch:    1408/1536/12200 cyc  (p50/p99/max, n=40001)
  lock-hold: 2304/3840/44260 cyc  (p50/p99/max, n=80241)
  lock-site: core=0 site=0x80001e50 max=44260
  irq-probe: line=6 raise=inject on=0 raised=100 hcore=0 foreign=0 win=231020
  irq:       1408/169000/169000 cyc  (p50/max/max, n=100)
  wcase-probe: line=6 raise=inject on=0 raised=100 hcore=0 foreign=0 win=25660
  wcase-irq[0B]:    1536/20800/20800 cyc  (p50/max/max, n=100)
  wcase-probe: line=6 raise=inject on=0 raised=100 hcore=0 foreign=0 win=15320
  wcase-irq[64B]:   1792/14560/14560 cyc  (p50/max/max, n=100)
  wcase-probe: line=6 raise=inject on=0 raised=100 hcore=0 foreign=0 win=3200
  wcase-irq[256B]:  2304/2700/2700 cyc  (p50/max/max, n=100)
  wcase-probe: line=6 raise=inject on=0 raised=100 hcore=0 foreign=0 win=5460
  wcase-irq[1024B]: 4608/5000/5000 cyc  (p50/max/max, n=100)
  e2e-settle: settled=2/2
  e2e-probe: line=7 closed=1000 dropped=0 tare=1400/1812 ns  (min/avg, n=64)
  e2e-passes: asked=1000 raised=1000
  e2e-local: 6656/6656/193100 ns  (p50/p99/max, n=1000)
  throughput: 165629 ctx-sw/s  (6037 ns/sw avg over 40000 switches / 241 ms)
  switch-probe: fastpath-swaps=0  (swapped inside the trap, so not in the switch row)
  switch:    1408/1920/16400 cyc  (p50/p99/max, n=40001)
  lock-hold: 2560/3840/32880 cyc  (p50/p99/max, n=80241)
  lock-site: core=0 site=0x80004372 max=32880
  irq-probe: line=6 raise=inject on=0 raised=100 hcore=0 foreign=0 win=17020
  irq:       1536/12160/12160 cyc  (p50/max/max, n=100)
  wcase-probe: line=6 raise=inject on=0 raised=100 hcore=0 foreign=0 win=4660
  wcase-irq[0B]:    1536/4040/4040 cyc  (p50/max/max, n=100)
  wcase-probe: line=6 raise=inject on=0 raised=100 hcore=0 foreign=0 win=4700
  wcase-irq[64B]:   1792/4240/4240 cyc  (p50/max/max, n=100)
  wcase-probe: line=6 raise=inject on=0 raised=100 hcore=0 foreign=0 win=3540
  wcase-irq[256B]:  2304/3100/3100 cyc  (p50/max/max, n=100)
  wcase-probe: line=6 raise=inject on=0 raised=100 hcore=0 foreign=0 win=5480
  wcase-irq[1024B]: 4608/5000/5000 cyc  (p50/max/max, n=100)
  e2e-settle: settled=2/2
  e2e-probe: line=7 closed=1000 dropped=0 tare=1400/1812 ns  (min/avg, n=64)
  e2e-passes: asked=1000 raised=1000
  e2e-local: 6656/6656/27600 ns  (p50/p99/max, n=1000)
  throughput: 165906 ctx-sw/s  (6027 ns/sw avg over 40000 switches / 241 ms)
  switch-probe: fastpath-swaps=0  (swapped inside the trap, so not in the switch row)
  switch:    1408/1536/19000 cyc  (p50/p99/max, n=40001)
  lock-hold: 2560/3840/54480 cyc  (p50/p99/max, n=80241)
  lock-site: core=0 site=0x80001e50 max=54480
  irq-probe: line=6 raise=inject on=0 raised=100 hcore=0 foreign=0 win=10080
  irq:       1536/6800/6800 cyc  (p50/max/max, n=100)
  wcase-probe: line=6 raise=inject on=0 raised=100 hcore=0 foreign=0 win=4320
  wcase-irq[0B]:    1536/3700/3700 cyc  (p50/max/max, n=100)
  wcase-probe: line=6 raise=inject on=0 raised=100 hcore=0 foreign=0 win=2840
  wcase-irq[64B]:   1792/2380/2380 cyc  (p50/max/max, n=100)
  wcase-probe: line=6 raise=inject on=0 raised=100 hcore=0 foreign=0 win=8480
  wcase-irq[256B]:  2304/8040/8040 cyc  (p50/max/max, n=100)
  wcase-probe: line=6 raise=inject on=0 raised=100 hcore=0 foreign=0 win=6240
  wcase-irq[1024B]: 4608/5080/5080 cyc  (p50/max/max, n=100)
  e2e-settle: settled=2/2
  e2e-probe: line=7 closed=1000 dropped=0 tare=1400/1812 ns  (min/avg, n=64)
  e2e-passes: asked=1000 raised=1000
  e2e-local: 6656/6656/18300 ns  (p50/p99/max, n=1000)
  xtask ping-pong: 6002 ns/switch  (40000 switches / 240 ms)
  xtask call/reply: 16 B  10236 ns/round-trip  (97691 round-trips/s over 20000 calls / 204 ms)
  spawn/exit: thread 18098 ns  (200 reps / 3 ms)
  spawn/exit: task 21425 ns  (200 reps / 4 ms)
bench: done
POLL_OK=1 POLL_MS=5400
