[2J[001;001H[=3h[2J[001;001H[2J[001;001H[8;042;160t[2J[001;001H[2J[001;001H[8;056;240t[2J[001;001HBdsDxe: loading Boot0002 "UEFI QEMU HARDDISK QM00001 " from PciRoot(0x0)/Pci(0x1F,0x2)/Sata(0x0,0xFFFF,0x0)
BdsDxe: starting Boot0002 "UEFI QEMU HARDDISK QM00001 " from PciRoot(0x0)/Pci(0x1F,0x2)/Sata(0x0,0xFFFF,0x0)

KICKOS-X1 8c41d7a2 x86_64/q35 uefi-handover entry
KICKOS-X1 8c41d7a2 x86_64/q35 uefi-handover handover if=1 paging=1 longmode=1 root=1 wp=1 nx=1 nxcap=1
KICKOS-X1 8c41d7a2 x86_64/q35 uefi-handover if_after_cli=0
KICKOS-X1 8c41d7a2 x86_64/q35 uefi-handover firmware=Debian distribution of EDK II
KICKOS-X1 8c41d7a2 x86_64/q35 uefi-handover revision=0x0000000000020046
KICKOS-X1 8c41d7a2 x86_64/q35 uefi-handover map descriptors=109 stride=48 version=1 conventional_pages=117679 arena=0x0000000001800000 arena_pages=107372
KICKOS-X1 8c41d7a2 x86_64/q35 uefi-handover fp found em=0 ts=0 mp=1 osfxsr=1 osxmmexcpt=1 osxsave=0
KICKOS-X1 8c41d7a2 x86_64/q35 uefi-handover fp trapped em=1 ts=1 mp=1 osfxsr=0 osxmmexcpt=0 osxsave=0
KICKOS-X1 8c41d7a2 x86_64/q35 uefi-handover boot services left
KICKOS-X1 8c41d7a2 x86_64/q35 uefi-handover if_after_exit=0
x86_64 app relocation: base=0x0000000000400000 load_delta=0x0000000000000000 app_words=0

  ==============================================
   KickOS 0.5.1  -  microkernel RTOS
  ==============================================
   board   qemu-x86_64
   arch    x86_64
   cpu     x86-64
   mpu     off
   sched   tickless
   build   2026-09-30 09:45:54 +0200
   app     Sep 30 2026 09:45:54 +0200
   commit  10deab0c
   heap    none
   kstack  4096 B x 33 = 135168 B

microbenchmark: context-switch throughput (all arches) + per-switch cost
+ IRQ-entry latency where a cycle counter exists. Reporter woken by the
workload, not a timer. Telemetry OFF for clean numbers.
cycle counter: 1998554196 Hz (0 = no rate converts a reading; cycles only)

  lock-probe: hold+1 core=0 depth=0  (three nested, one outermost)
  call/reply: 8 B  8018 ns/round-trip  (124715 round-trips/s over 20000 calls / 160 ms)
  call/reply: 16 B  7890 ns/round-trip  (126730 round-trips/s over 20000 calls / 157 ms)
  call/reply: 32 B  7902 ns/round-trip  (126535 round-trips/s over 20000 calls / 158 ms)
  call/reply: 64 B  7925 ns/round-trip  (126175 round-trips/s over 20000 calls / 158 ms)
  call/reply: 128 B  7923 ns/round-trip  (126209 round-trips/s over 20000 calls / 158 ms)
  call/reply: 256 B  8008 ns/round-trip  (124861 round-trips/s over 20000 calls / 160 ms)
  call/reply: 8 B  7814 ns/round-trip  (127974 round-trips/s over 20000 calls / 156 ms) [generic path]
  call/reply: 16 B  7844 ns/round-trip  (127471 round-trips/s over 20000 calls / 156 ms) [generic path]
  call/reply: 32 B  7980 ns/round-trip  (125312 round-trips/s over 20000 calls / 159 ms) [generic path]
  call/reply: 64 B  7875 ns/round-trip  (126979 round-trips/s over 20000 calls / 157 ms) [generic path]
  call/reply: 128 B  7921 ns/round-trip  (126241 round-trips/s over 20000 calls / 158 ms) [generic path]
  call/reply: 256 B  8039 ns/round-trip  (124384 round-trips/s over 20000 calls / 160 ms) [generic path]
  call/reply: 32 B  8142 ns/round-trip  (122805 round-trips/s over 20000 calls / 162 ms) [caller outranks server, D1 donates]
  phase table (44 rows; cyc avg/max, min last and a floor; leaf -= NULL, composite -= NULL + k*(NEST-NULL)):
    NULL             15/4280  min=1  n=260000
    NEST             85/133780  min=60  n=260000
    NEST_LOCK        47/41560  min=40  n=260000
    CALL_TOTAL       14791/2203880  min=14200  n=259999
    CALL_VALIDATE    173/52140  min=159  n=260000
    CALL_LOCKED      14281/2202939  min=13680  n=259999
    CALL_RESOLVE     214/15860  min=200  n=260000
    CALL_PEEK        51/21640  min=40  n=260000
    CALL_PROBE       82/28420  min=60  n=259999
    CALL_POP         120/38680  min=100  n=259999
    CALL_COPY        1446/58560  min=1340  n=259999
    CALL_MINT        1372/218840  min=1260  n=259999
    CALL_MINT_CAP    383/107800  min=320  n=259999
    CALL_MINT_INFO   834/63420  min=760  n=259999
    CALL_DONATE      116/21560  min=80  n=19999
    CALL_PARK        246/63700  min=220  n=259999
    CALL_WAKE        9765/2197920  min=9400  n=259999
    CALL_RESUME      150/25880  min=120  n=260000
    CALL_SLOW_TOTAL  443440/443440  min=443440  n=1
    CALL_SLOW_LOCKED 427240/427240  min=427240  n=1
    CALL_SLOW_DONATE 0/0  min=0  n=0
    CALL_SLOW_PARK   326640/326640  min=326640  n=1
    RECV_LOCKED      10015/1433360  min=9600  n=259999
    RECV_RESOLVE     248/91820  min=220  n=260000
    RECV_SCAN        138/42380  min=100  n=259999
    RECV_PARK        9388/1253740  min=8980  n=259999
    REPLY_TOTAL      54473/417040  min=5820  n=13
    REPLY_VALIDATE   4729/31460  min=680  n=13
    REPLY_LOCKED     2481/405500  min=2320  n=260000
    REPLY_LOOKUP     336/202840  min=300  n=260000
    REPLY_COPY       1443/34300  min=1340  n=260000
    REPLY_FUNNEL     196/64960  min=160  n=260000
    REPLY_WAKE       221/29980  min=200  n=260000
    REPLY_RECV_TOTAL 14366/1815800  min=13780  n=260000
    REPLY_RECV_TAIL  436/98480  min=400  n=259999
    WAKE_UNPARK      67/27180  min=40  n=520012
    PICK_NEXT        45/15700  min=20  n=520064
    SWITCH_TO        17074/325870800  min=8520  n=520013
    SWITCH_BOOK      75/70919  min=40  n=520039
    MPU_APPLY        109/12080  min=80  n=520039
    MPU_COMMIT       0/0  min=0  n=0
    REENT_SEAT       0/0  min=0  n=0
    KTIME_REARM      61/36980  min=40  n=520039
    ARCH_SWITCH      16523/325868260  min=7920  n=520013
  ns-probe: cyc=4294967295 ns=2149037190 capped=0
  sat-probe: width=64 fits+1/0 wide+0/1 max=1000

  throughput: 509544 ctx-sw/s  (1962 ns/sw avg over 40000 switches / 78 ms)
  switch-probe: fastpath-swaps=0  (swapped inside the trap, so not in the switch row)
  switch:    60/80/400 cyc  30/40/200 ns  (p50/p99/max, n=40002)
  lock-hold: 704/1792/39340 cyc  352/896/19684 ns  (p50/p99/max, n=80245)
  lock-site: core=0 site=0x416918 max=39340
  irq-probe: line=6 raise=inject on=0 raised=100 hcore=none foreign=0 win=0
  irq:       0/0/0 cyc  0/0/0 ns  (p50/max/max, n=0)
  wcase-probe: line=6 raise=inject on=0 raised=100 hcore=none foreign=0 win=0
  wcase-irq[0B]:    0/0/0 cyc  0/0/0 ns  (p50/max/max, n=0)
  wcase-probe: line=6 raise=inject on=0 raised=100 hcore=none foreign=0 win=0
  wcase-irq[64B]:   0/0/0 cyc  0/0/0 ns  (p50/max/max, n=0)
  wcase-probe: line=6 raise=inject on=0 raised=100 hcore=none foreign=0 win=0
  wcase-irq[256B]:  0/0/0 cyc  0/0/0 ns  (p50/max/max, n=0)
  wcase-probe: line=6 raise=inject on=0 raised=100 hcore=none foreign=0 win=0
  wcase-irq[1024B]: 0/0/0 cyc  0/0/0 ns  (p50/max/max, n=0)
  e2e-settle: settled=2/2
  e2e-probe: line=7 closed=1000 dropped=0 tare=290/591 ns  (min/avg, n=64)
  e2e-passes: asked=1000 raised=1000
  e2e-local: 4096/4096/580260 ns  (p50/p99/max, n=1000)
  throughput: 517490 ctx-sw/s  (1932 ns/sw avg over 40000 switches / 77 ms)
  switch-probe: fastpath-swaps=0  (swapped inside the trap, so not in the switch row)
  switch:    60/80/140 cyc  30/40/70 ns  (p50/p99/max, n=40002)
  lock-hold: 704/1792/38620 cyc  352/896/19323 ns  (p50/p99/max, n=80247)
  lock-site: core=0 site=0x416918 max=38620
  irq-probe: line=6 raise=inject on=0 raised=100 hcore=none foreign=0 win=0
  irq:       0/0/0 cyc  0/0/0 ns  (p50/max/max, n=0)
  wcase-probe: line=6 raise=inject on=0 raised=100 hcore=none foreign=0 win=0
  wcase-irq[0B]:    0/0/0 cyc  0/0/0 ns  (p50/max/max, n=0)
  wcase-probe: line=6 raise=inject on=0 raised=100 hcore=none foreign=0 win=0
  wcase-irq[64B]:   0/0/0 cyc  0/0/0 ns  (p50/max/max, n=0)
  wcase-probe: line=6 raise=inject on=0 raised=100 hcore=none foreign=0 win=0
  wcase-irq[256B]:  0/0/0 cyc  0/0/0 ns  (p50/max/max, n=0)
  wcase-probe: line=6 raise=inject on=0 raised=100 hcore=none foreign=0 win=0
  wcase-irq[1024B]: 0/0/0 cyc  0/0/0 ns  (p50/max/max, n=0)
  e2e-settle: settled=2/2
  e2e-probe: line=7 closed=1000 dropped=0 tare=290/591 ns  (min/avg, n=64)
  e2e-passes: asked=1000 raised=1000
  e2e-local: 4096/4096/57151 ns  (p50/p99/max, n=1000)
  throughput: 516060 ctx-sw/s  (1937 ns/sw avg over 40000 switches / 77 ms)
  switch-probe: fastpath-swaps=0  (swapped inside the trap, so not in the switch row)
  switch:    60/80/200 cyc  30/40/100 ns  (p50/p99/max, n=40002)
  lock-hold: 1024/1792/33860 cyc  512/896/16942 ns  (p50/p99/max, n=80248)
  lock-site: core=0 site=0x416918 max=33860
  irq-probe: line=6 raise=inject on=0 raised=100 hcore=none foreign=0 win=0
  irq:       0/0/0 cyc  0/0/0 ns  (p50/max/max, n=0)
  wcase-probe: line=6 raise=inject on=0 raised=100 hcore=none foreign=0 win=0
  wcase-irq[0B]:    0/0/0 cyc  0/0/0 ns  (p50/max/max, n=0)
  wcase-probe: line=6 raise=inject on=0 raised=100 hcore=none foreign=0 win=0
  wcase-irq[64B]:   0/0/0 cyc  0/0/0 ns  (p50/max/max, n=0)
  wcase-probe: line=6 raise=inject on=0 raised=100 hcore=none foreign=0 win=0
  wcase-irq[256B]:  0/0/0 cyc  0/0/0 ns  (p50/max/max, n=0)
  wcase-probe: line=6 raise=inject on=0 raised=100 hcore=none foreign=0 win=0
  wcase-irq[1024B]: 0/0/0 cyc  0/0/0 ns  (p50/max/max, n=0)
  e2e-settle: settled=2/2
  e2e-probe: line=7 closed=1000 dropped=0 tare=290/591 ns  (min/avg, n=64)
  e2e-passes: asked=1000 raised=1000
  e2e-local: 4096/4096/27640 ns  (p50/p99/max, n=1000)
  xtask ping-pong: 7637 ns/switch  (40000 switches / 305 ms)
  xtask call/reply: 16 B  24809 ns/round-trip  (40306 round-trips/s over 20000 calls / 496 ms)
  spawn/exit: thread 38994 ns  (200 reps / 7 ms)
  spawn/exit: task 85999 ns  (200 reps / 17 ms)
bench: done

KICKOS-EXIT status 0
POLL_OK=1 POLL_MS=4600
