
  ==============================================
   KickOS 0.5.1  -  microkernel RTOS
  ==============================================
   board   qemu-riscv
   arch    rv32imac
   cpu     rv32imac_zicsr
   mpu     off
   sched   tickless
   build   2026-09-30 09:46:13 +0200
   app     Sep 30 2026 09:46:13 +0200
   commit  10deab0c
   heap    16 KiB available
   kstack  1184 B x 17 = 20128 B

microbenchmark: context-switch throughput (all arches) + per-switch cost
+ IRQ-entry latency where a cycle counter exists. Reporter woken by the
workload, not a timer. Telemetry OFF for clean numbers.
cycle counter: 0 Hz (0 = no rate converts a reading; cycles only)

  lock-probe: hold+1 core=0 depth=0  (three nested, one outermost)
  call/reply: 8 B  10382 ns/round-trip  (96313 round-trips/s over 20000 calls / 207 ms)
  call/reply: 16 B  10310 ns/round-trip  (96990 round-trips/s over 20000 calls / 206 ms)
  call/reply: 32 B  17055 ns/round-trip  (58633 round-trips/s over 20000 calls / 341 ms)
  call/reply: 64 B  17063 ns/round-trip  (58603 round-trips/s over 20000 calls / 341 ms)
  call/reply: 128 B  16628 ns/round-trip  (60139 round-trips/s over 20000 calls / 332 ms)
  call/reply: 256 B  16857 ns/round-trip  (59320 round-trips/s over 20000 calls / 337 ms)
  call/reply: 8 B  16686 ns/round-trip  (59930 round-trips/s over 20000 calls / 333 ms) [generic path]
  call/reply: 16 B  16723 ns/round-trip  (59797 round-trips/s over 20000 calls / 334 ms) [generic path]
  call/reply: 32 B  16529 ns/round-trip  (60499 round-trips/s over 20000 calls / 330 ms) [generic path]
  call/reply: 64 B  16455 ns/round-trip  (60770 round-trips/s over 20000 calls / 329 ms) [generic path]
  call/reply: 128 B  16653 ns/round-trip  (60048 round-trips/s over 20000 calls / 333 ms) [generic path]
  call/reply: 256 B  16804 ns/round-trip  (59509 round-trips/s over 20000 calls / 336 ms) [generic path]
  call/reply: 32 B  16829 ns/round-trip  (59420 round-trips/s over 20000 calls / 336 ms) [caller outranks server, D1 donates]
  phase table (44 rows; cyc avg/max, min last and a floor; leaf -= NULL, composite -= NULL + k*(NEST-NULL)):
    NULL             73/9460  min=40  n=220000
    NEST             456/63200  min=420  n=220000
    NEST_LOCK        405/52960  min=340  n=220000
    CALL_TOTAL       12231/705000  min=11580  n=219999
    CALL_VALIDATE    293/27220  min=240  n=220000
    CALL_LOCKED      11134/550520  min=10540  n=219999
    CALL_RESOLVE     443/44700  min=400  n=220000
    CALL_PEEK        262/19640  min=220  n=220000
    CALL_PROBE       216/30900  min=180  n=219999
    CALL_POP         293/22860  min=220  n=219999
    CALL_COPY        395/24700  min=280  n=219999
    CALL_MINT        1353/93520  min=1280  n=219999
    CALL_MINT_CAP    442/22940  min=400  n=219999
    CALL_MINT_INFO   343/27480  min=300  n=219999
    CALL_DONATE      168/22620  min=140  n=19999
    CALL_PARK        525/29780  min=460  n=219999
    CALL_WAKE        3658/63140  min=3360  n=219999
    CALL_RESUME      328/59520  min=280  n=220000
    CALL_SLOW_TOTAL  176740/176740  min=176740  n=1
    CALL_SLOW_LOCKED 157560/157560  min=157560  n=1
    CALL_SLOW_DONATE 0/0  min=0  n=0
    CALL_SLOW_PARK   58900/58900  min=58900  n=1
    RECV_LOCKED      4889/240040  min=4540  n=259999
    RECV_RESOLVE     513/82680  min=460  n=260000
    RECV_SCAN        198/43020  min=180  n=259999
    RECV_PARK        3403/106260  min=3080  n=259999
    REPLY_TOTAL      42496/170660  min=9060  n=13
    REPLY_VALIDATE   8533/32960  min=1500  n=13
    REPLY_LOCKED     3056/374000  min=2300  n=260000
    REPLY_LOOKUP     614/179500  min=500  n=260000
    REPLY_COPY       400/56380  min=220  n=260000
    REPLY_FUNNEL     259/64760  min=160  n=260000
    REPLY_WAKE       628/35420  min=560  n=260000
    REPLY_RECV_TOTAL 9960/568020  min=9100  n=260000
    REPLY_RECV_TAIL  859/102820  min=780  n=259999
    WAKE_UNPARK      165/31260  min=120  n=520012
    PICK_NEXT        188/33640  min=160  n=480064
    SWITCH_TO        2336/185280  min=2060  n=480039
    SWITCH_BOOK      144/142140  min=120  n=520039
    MPU_APPLY        122/33020  min=40  n=520039
    MPU_COMMIT       0/0  min=0  n=0
    REENT_SEAT       182/30300  min=160  n=520039
    KTIME_REARM      196/35700  min=140  n=520039
    ARCH_SWITCH      721/83760  min=580  n=480039
  ns-probe: rate=0 (nothing converts, so no ns column is printed)
  sat-probe: width=32 (no delta this counter forms is too wide)

  throughput: 168498 ctx-sw/s  (5934 ns/sw avg over 40000 switches / 237 ms)
  switch-probe: fastpath-swaps=0  (swapped inside the trap, so not in the switch row)
  switch:    1408/1536/34580 cyc  (p50/p99/max, n=40001)
  lock-hold: 2304/3840/38100 cyc  (p50/p99/max, n=80241)
  lock-site: core=0 site=0x80001e50 max=38100
  irq-probe: line=6 raise=inject on=0 raised=100 hcore=0 foreign=0 win=231300
  irq:       1408/168200/168200 cyc  (p50/max/max, n=100)
  wcase-probe: line=6 raise=inject on=0 raised=100 hcore=0 foreign=0 win=25660
  wcase-irq[0B]:    1536/21380/21380 cyc  (p50/max/max, n=100)
  wcase-probe: line=6 raise=inject on=0 raised=100 hcore=0 foreign=0 win=15280
  wcase-irq[64B]:   1792/14660/14660 cyc  (p50/max/max, n=100)
  wcase-probe: line=6 raise=inject on=0 raised=100 hcore=0 foreign=0 win=3240
  wcase-irq[256B]:  2304/2740/2740 cyc  (p50/max/max, n=100)
  wcase-probe: line=6 raise=inject on=0 raised=100 hcore=0 foreign=0 win=5560
  wcase-irq[1024B]: 4608/5140/5140 cyc  (p50/max/max, n=100)
  e2e-settle: settled=2/2
  e2e-probe: line=7 closed=1000 dropped=0 tare=1400/1826 ns  (min/avg, n=64)
  e2e-passes: asked=1000 raised=1000
  e2e-local: 6656/6656/195500 ns  (p50/p99/max, n=1000)
  throughput: 165573 ctx-sw/s  (6039 ns/sw avg over 40000 switches / 241 ms)
  switch-probe: fastpath-swaps=0  (swapped inside the trap, so not in the switch row)
  switch:    1408/2048/13680 cyc  (p50/p99/max, n=40001)
  lock-hold: 3584/5120/93060 cyc  (p50/p99/max, n=80241)
  lock-site: core=0 site=0x80001e50 max=93060
  irq-probe: line=6 raise=inject on=0 raised=100 hcore=0 foreign=0 win=22160
  irq:       1536/16600/16600 cyc  (p50/max/max, n=100)
  wcase-probe: line=6 raise=inject on=0 raised=100 hcore=0 foreign=0 win=5000
  wcase-irq[0B]:    1536/4360/4360 cyc  (p50/max/max, n=100)
  wcase-probe: line=6 raise=inject on=0 raised=100 hcore=0 foreign=0 win=3860
  wcase-irq[64B]:   1792/3400/3400 cyc  (p50/max/max, n=100)
  wcase-probe: line=6 raise=inject on=0 raised=100 hcore=0 foreign=0 win=3520
  wcase-irq[256B]:  2304/3040/3040 cyc  (p50/max/max, n=100)
  wcase-probe: line=6 raise=inject on=0 raised=100 hcore=0 foreign=0 win=5520
  wcase-irq[1024B]: 4608/5080/5080 cyc  (p50/max/max, n=100)
  e2e-settle: settled=2/2
  e2e-probe: line=7 closed=1000 dropped=0 tare=1400/1826 ns  (min/avg, n=64)
  e2e-passes: asked=1000 raised=1000
  e2e-local: 6656/12288/77500 ns  (p50/p99/max, n=1000)
  throughput: 168332 ctx-sw/s  (5940 ns/sw avg over 40000 switches / 237 ms)
  switch-probe: fastpath-swaps=0  (swapped inside the trap, so not in the switch row)
  switch:    1408/1536/15980 cyc  (p50/p99/max, n=40001)
  lock-hold: 2304/3840/40060 cyc  (p50/p99/max, n=80241)
  lock-site: core=0 site=0x80001e50 max=40060
  irq-probe: line=6 raise=inject on=0 raised=100 hcore=0 foreign=0 win=7400
  irq:       1408/5400/5400 cyc  (p50/max/max, n=100)
  wcase-probe: line=6 raise=inject on=0 raised=100 hcore=0 foreign=0 win=3740
  wcase-irq[0B]:    1536/3140/3140 cyc  (p50/max/max, n=100)
  wcase-probe: line=6 raise=inject on=0 raised=100 hcore=0 foreign=0 win=3540
  wcase-irq[64B]:   1792/2860/2860 cyc  (p50/max/max, n=100)
  wcase-probe: line=6 raise=inject on=0 raised=100 hcore=0 foreign=0 win=4760
  wcase-irq[256B]:  2304/4000/4000 cyc  (p50/max/max, n=100)
  wcase-probe: line=6 raise=inject on=0 raised=100 hcore=0 foreign=0 win=8180
  wcase-irq[1024B]: 4608/7540/7540 cyc  (p50/max/max, n=100)
  e2e-settle: settled=2/2
  e2e-probe: line=7 closed=1000 dropped=0 tare=1400/1826 ns  (min/avg, n=64)
  e2e-passes: asked=1000 raised=1000
  e2e-local: 6656/10240/19100 ns  (p50/p99/max, n=1000)
  xtask ping-pong: 6009 ns/switch  (40000 switches / 240 ms)
  xtask call/reply: 16 B  10336 ns/round-trip  (96744 round-trips/s over 20000 calls / 206 ms)
  spawn/exit: thread 18509 ns  (200 reps / 3 ms)
  spawn/exit: task 21179 ns  (200 reps / 4 ms)
bench: done
POLL_OK=1 POLL_MS=5400
