[2J[001;001H[=3h[2J[001;001H[2J[001;001H[8;042;160t[2J[001;001H[2J[001;001H[8;056;240t[2J[001;001HBdsDxe: loading Boot0002 "UEFI QEMU HARDDISK QM00001 " from PciRoot(0x0)/Pci(0x1F,0x2)/Sata(0x0,0xFFFF,0x0)
BdsDxe: starting Boot0002 "UEFI QEMU HARDDISK QM00001 " from PciRoot(0x0)/Pci(0x1F,0x2)/Sata(0x0,0xFFFF,0x0)

KICKOS-X1 8c41d7a2 x86_64/q35 uefi-handover entry
KICKOS-X1 8c41d7a2 x86_64/q35 uefi-handover handover if=1 paging=1 longmode=1 root=1 wp=1 nx=1 nxcap=1
KICKOS-X1 8c41d7a2 x86_64/q35 uefi-handover if_after_cli=0
KICKOS-X1 8c41d7a2 x86_64/q35 uefi-handover firmware=Debian distribution of EDK II
KICKOS-X1 8c41d7a2 x86_64/q35 uefi-handover revision=0x0000000000020046
KICKOS-X1 8c41d7a2 x86_64/q35 uefi-handover map descriptors=109 stride=48 version=1 conventional_pages=117655 arena=0x0000000001800000 arena_pages=107372
KICKOS-X1 8c41d7a2 x86_64/q35 uefi-handover fp found em=0 ts=0 mp=1 osfxsr=1 osxmmexcpt=1 osxsave=0
KICKOS-X1 8c41d7a2 x86_64/q35 uefi-handover fp trapped em=1 ts=1 mp=1 osfxsr=0 osxmmexcpt=0 osxsave=0
KICKOS-X1 8c41d7a2 x86_64/q35 uefi-handover boot services left
KICKOS-X1 8c41d7a2 x86_64/q35 uefi-handover if_after_exit=0
x86_64 app relocation: base=0x0000000000400000 load_delta=0x0000000000000000 app_words=0

  ==============================================
   KickOS 0.5.1  -  microkernel RTOS
  ==============================================
   board   qemu-x86_64
   arch    x86_64
   cpu     x86-64-v3
   mpu     off
   sched   tickless
   build   2026-09-30 09:45:56 +0200
   app     Sep 30 2026 09:45:57 +0200
   commit  628de9cb
   heap    none
   kstack  4096 B x 33 = 135168 B

microbenchmark: context-switch throughput (all arches) + per-switch cost
+ IRQ-entry latency where a cycle counter exists. Reporter woken by the
workload, not a timer. Telemetry OFF for clean numbers.
cycle counter: 1998619821 Hz (0 = no rate converts a reading; cycles only)

  lock-probe: hold+1 core=0 depth=0  (three nested, one outermost)
  call/reply: 8 B  8819 ns/round-trip  (113385 round-trips/s over 20000 calls / 176 ms)
  call/reply: 16 B  8712 ns/round-trip  (114775 round-trips/s over 20000 calls / 174 ms)
  call/reply: 32 B  8654 ns/round-trip  (115540 round-trips/s over 20000 calls / 173 ms)
  call/reply: 64 B  8722 ns/round-trip  (114644 round-trips/s over 20000 calls / 174 ms)
  call/reply: 128 B  8675 ns/round-trip  (115264 round-trips/s over 20000 calls / 173 ms)
  call/reply: 256 B  8723 ns/round-trip  (114630 round-trips/s over 20000 calls / 174 ms)
  call/reply: 8 B  8586 ns/round-trip  (116461 round-trips/s over 20000 calls / 171 ms) [generic path]
  call/reply: 16 B  8609 ns/round-trip  (116150 round-trips/s over 20000 calls / 172 ms) [generic path]
  call/reply: 32 B  8598 ns/round-trip  (116301 round-trips/s over 20000 calls / 171 ms) [generic path]
  call/reply: 64 B  8710 ns/round-trip  (114802 round-trips/s over 20000 calls / 174 ms) [generic path]
  call/reply: 128 B  8664 ns/round-trip  (115419 round-trips/s over 20000 calls / 173 ms) [generic path]
  call/reply: 256 B  8737 ns/round-trip  (114444 round-trips/s over 20000 calls / 174 ms) [generic path]
  call/reply: 32 B  8786 ns/round-trip  (113817 round-trips/s over 20000 calls / 175 ms) [caller outranks server, D1 donates]
  phase table (44 rows; cyc avg/max, min last and a floor; leaf -= NULL, composite -= NULL + k*(NEST-NULL)):
    NULL             15/4780  min=1  n=260000
    NEST             85/25660  min=79  n=260000
    NEST_LOCK        47/40980  min=40  n=260000
    CALL_TOTAL       16222/2538700  min=15740  n=259999
    CALL_VALIDATE    180/41840  min=160  n=260000
    CALL_LOCKED      15738/2538059  min=15280  n=259999
    CALL_RESOLVE     213/16480  min=180  n=260000
    CALL_PEEK        92/21540  min=80  n=260000
    CALL_PROBE       44/30220  min=20  n=259999
    CALL_POP         169/41840  min=140  n=259999
    CALL_COPY        1729/63380  min=1600  n=259999
    CALL_MINT        1376/190040  min=1320  n=259999
    CALL_MINT_CAP    222/97760  min=200  n=259999
    CALL_MINT_INFO   975/51900  min=920  n=259999
    CALL_DONATE      96/20940  min=80  n=19999
    CALL_PARK        384/63660  min=360  n=259999
    CALL_WAKE        10657/2532940  min=10300  n=259999
    CALL_RESUME      98/33240  min=80  n=260000
    CALL_SLOW_TOTAL  507060/507060  min=507060  n=1
    CALL_SLOW_LOCKED 488160/488160  min=488160  n=1
    CALL_SLOW_DONATE 0/0  min=0  n=0
    CALL_SLOW_PARK   389200/389200  min=389200  n=1
    RECV_LOCKED      11296/1302060  min=10940  n=259999
    RECV_RESOLVE     445/122820  min=400  n=260000
    RECV_SCAN        189/38780  min=160  n=259999
    RECV_PARK        10404/1097680  min=10040  n=259999
    REPLY_TOTAL      60343/448300  min=5980  n=13
    REPLY_VALIDATE   6220/34200  min=880  n=13
    REPLY_LOCKED     2798/455720  min=2640  n=260000
    REPLY_LOOKUP     349/252380  min=320  n=260000
    REPLY_COPY       1634/42580  min=1520  n=260000
    REPLY_FUNNEL     191/63340  min=140  n=260000
    REPLY_WAKE       279/42200  min=200  n=260000
    REPLY_RECV_TOTAL 15997/1701940  min=15540  n=260000
    REPLY_RECV_TAIL  265/99840  min=240  n=259999
    WAKE_UNPARK      112/26820  min=40  n=520012
    PICK_NEXT        47/40520  min=20  n=520064
    SWITCH_TO        18680/354146060  min=9460  n=520013
    SWITCH_BOOK      74/87480  min=59  n=520039
    MPU_APPLY        182/17380  min=100  n=520039
    MPU_COMMIT       0/0  min=0  n=0
    REENT_SEAT       0/0  min=0  n=0
    KTIME_REARM      116/15200  min=100  n=520039
    ARCH_SWITCH      17997/354054980  min=8760  n=520013
  ns-probe: cyc=4294967295 ns=2148966626 capped=0
  sat-probe: width=64 fits+1/0 wide+0/1 max=1000

  throughput: 470804 ctx-sw/s  (2124 ns/sw avg over 40000 switches / 84 ms)
  switch-probe: fastpath-swaps=0  (swapped inside the trap, so not in the switch row)
  switch:    60/80/260 cyc  30/40/130 ns  (p50/p99/max, n=40002)
  lock-hold: 1024/1920/45240 cyc  512/960/22635 ns  (p50/p99/max, n=80245)
  lock-site: core=0 site=0x418288 max=45240
  irq-probe: line=6 raise=inject on=0 raised=100 hcore=none foreign=0 win=0
  irq:       0/0/0 cyc  0/0/0 ns  (p50/max/max, n=0)
  wcase-probe: line=6 raise=inject on=0 raised=100 hcore=none foreign=0 win=0
  wcase-irq[0B]:    0/0/0 cyc  0/0/0 ns  (p50/max/max, n=0)
  wcase-probe: line=6 raise=inject on=0 raised=100 hcore=none foreign=0 win=0
  wcase-irq[64B]:   0/0/0 cyc  0/0/0 ns  (p50/max/max, n=0)
  wcase-probe: line=6 raise=inject on=0 raised=100 hcore=none foreign=0 win=0
  wcase-irq[256B]:  0/0/0 cyc  0/0/0 ns  (p50/max/max, n=0)
  wcase-probe: line=6 raise=inject on=0 raised=100 hcore=none foreign=0 win=0
  wcase-irq[1024B]: 0/0/0 cyc  0/0/0 ns  (p50/max/max, n=0)
  e2e-settle: settled=2/2
  e2e-probe: line=7 closed=1000 dropped=0 tare=310/582 ns  (min/avg, n=64)
  e2e-passes: asked=1000 raised=1000
  e2e-local: 4096/5120/617016 ns  (p50/p99/max, n=1000)
  throughput: 467961 ctx-sw/s  (2136 ns/sw avg over 40000 switches / 85 ms)
  switch-probe: fastpath-swaps=0  (swapped inside the trap, so not in the switch row)
  switch:    60/80/240 cyc  30/40/120 ns  (p50/p99/max, n=40002)
  lock-hold: 1280/2048/15900 cyc  640/1024/7955 ns  (p50/p99/max, n=80248)
  lock-site: core=0 site=0x418288 max=15900
  irq-probe: line=6 raise=inject on=0 raised=100 hcore=none foreign=0 win=0
  irq:       0/0/0 cyc  0/0/0 ns  (p50/max/max, n=0)
  wcase-probe: line=6 raise=inject on=0 raised=100 hcore=none foreign=0 win=0
  wcase-irq[0B]:    0/0/0 cyc  0/0/0 ns  (p50/max/max, n=0)
  wcase-probe: line=6 raise=inject on=0 raised=100 hcore=none foreign=0 win=0
  wcase-irq[64B]:   0/0/0 cyc  0/0/0 ns  (p50/max/max, n=0)
  wcase-probe: line=6 raise=inject on=0 raised=100 hcore=none foreign=0 win=0
  wcase-irq[256B]:  0/0/0 cyc  0/0/0 ns  (p50/max/max, n=0)
  wcase-probe: line=6 raise=inject on=0 raised=100 hcore=none foreign=0 win=0
  wcase-irq[1024B]: 0/0/0 cyc  0/0/0 ns  (p50/max/max, n=0)
  e2e-settle: settled=2/2
  e2e-probe: line=7 closed=1000 dropped=0 tare=310/582 ns  (min/avg, n=64)
  e2e-passes: asked=1000 raised=1000
  e2e-local: 4096/4096/66476 ns  (p50/p99/max, n=1000)
  throughput: 471678 ctx-sw/s  (2120 ns/sw avg over 40000 switches / 84 ms)
  switch-probe: fastpath-swaps=0  (swapped inside the trap, so not in the switch row)
  switch:    60/80/6760 cyc  30/40/3382 ns  (p50/p99/max, n=40002)
  lock-hold: 1024/1920/17740 cyc  512/960/8876 ns  (p50/p99/max, n=80250)
  lock-site: core=0 site=0x418288 max=17740
  irq-probe: line=6 raise=inject on=0 raised=100 hcore=none foreign=0 win=0
  irq:       0/0/0 cyc  0/0/0 ns  (p50/max/max, n=0)
  wcase-probe: line=6 raise=inject on=0 raised=100 hcore=none foreign=0 win=0
  wcase-irq[0B]:    0/0/0 cyc  0/0/0 ns  (p50/max/max, n=0)
  wcase-probe: line=6 raise=inject on=0 raised=100 hcore=none foreign=0 win=0
  wcase-irq[64B]:   0/0/0 cyc  0/0/0 ns  (p50/max/max, n=0)
  wcase-probe: line=6 raise=inject on=0 raised=100 hcore=none foreign=0 win=0
  wcase-irq[256B]:  0/0/0 cyc  0/0/0 ns  (p50/max/max, n=0)
  wcase-probe: line=6 raise=inject on=0 raised=100 hcore=none foreign=0 win=0
  wcase-irq[1024B]: 0/0/0 cyc  0/0/0 ns  (p50/max/max, n=0)
  e2e-settle: settled=2/2
  e2e-probe: line=7 closed=1000 dropped=0 tare=310/582 ns  (min/avg, n=64)
  e2e-passes: asked=1000 raised=1000
  e2e-local: 4096/4096/23026 ns  (p50/p99/max, n=1000)
  xtask ping-pong: 7996 ns/switch  (40000 switches / 319 ms)
  xtask call/reply: 16 B  25413 ns/round-trip  (39349 round-trips/s over 20000 calls / 508 ms)
  spawn/exit: thread 45322 ns  (200 reps / 9 ms)
  spawn/exit: task 89561 ns  (200 reps / 17 ms)
bench: done

KICKOS-EXIT status 0
POLL_OK=1 POLL_MS=4800
