
  ==============================================
   KickOS 0.5.1  -  microkernel RTOS
  ==============================================
   board   qemu-riscv
   arch    rv32imac
   cpu     rv32imac_zicsr
   mpu     off
   sched   tickless
   build   2026-09-30 09:46:16 +0200
   app     Sep 30 2026 09:46:16 +0200
   commit  628de9cb
   heap    16 KiB available
   kstack  1184 B x 17 = 20128 B

microbenchmark: context-switch throughput (all arches) + per-switch cost
+ IRQ-entry latency where a cycle counter exists. Reporter woken by the
workload, not a timer. Telemetry OFF for clean numbers.
cycle counter: 0 Hz (0 = no rate converts a reading; cycles only)

  lock-probe: hold+1 core=0 depth=0  (three nested, one outermost)
  call/reply: 8 B  11215 ns/round-trip  (89165 round-trips/s over 20000 calls / 224 ms)
  call/reply: 16 B  11081 ns/round-trip  (90237 round-trips/s over 20000 calls / 221 ms)
  call/reply: 32 B  17636 ns/round-trip  (56699 round-trips/s over 20000 calls / 352 ms)
  call/reply: 64 B  17734 ns/round-trip  (56386 round-trips/s over 20000 calls / 354 ms)
  call/reply: 128 B  17617 ns/round-trip  (56761 round-trips/s over 20000 calls / 352 ms)
  call/reply: 256 B  17738 ns/round-trip  (56375 round-trips/s over 20000 calls / 354 ms)
  call/reply: 8 B  17628 ns/round-trip  (56727 round-trips/s over 20000 calls / 352 ms) [generic path]
  call/reply: 16 B  17967 ns/round-trip  (55656 round-trips/s over 20000 calls / 359 ms) [generic path]
  call/reply: 32 B  17677 ns/round-trip  (56569 round-trips/s over 20000 calls / 353 ms) [generic path]
  call/reply: 64 B  17642 ns/round-trip  (56680 round-trips/s over 20000 calls / 352 ms) [generic path]
  call/reply: 128 B  17777 ns/round-trip  (56251 round-trips/s over 20000 calls / 355 ms) [generic path]
  call/reply: 256 B  17899 ns/round-trip  (55866 round-trips/s over 20000 calls / 357 ms) [generic path]
  call/reply: 32 B  18214 ns/round-trip  (54901 round-trips/s over 20000 calls / 364 ms) [caller outranks server, D1 donates]
  phase table (44 rows; cyc avg/max, min last and a floor; leaf -= NULL, composite -= NULL + k*(NEST-NULL)):
    NULL             143/36380  min=120  n=220000
    NEST             591/37020  min=540  n=220000
    NEST_LOCK        395/69480  min=360  n=220000
    CALL_TOTAL       12907/700560  min=12380  n=219999
    CALL_VALIDATE    555/36820  min=520  n=220000
    CALL_LOCKED      11281/559480  min=10800  n=219999
    CALL_RESOLVE     472/37880  min=420  n=220000
    CALL_PEEK        227/32340  min=200  n=220000
    CALL_PROBE       272/21080  min=240  n=219999
    CALL_POP         288/33020  min=260  n=219999
    CALL_COPY        459/31140  min=320  n=219999
    CALL_MINT        1563/91800  min=1460  n=219999
    CALL_MINT_CAP    477/67220  min=440  n=219999
    CALL_MINT_INFO   323/30160  min=280  n=219999
    CALL_DONATE      171/22620  min=160  n=19999
    CALL_PARK        451/33380  min=400  n=219999
    CALL_WAKE        3712/83300  min=3460  n=219999
    CALL_RESUME      207/36660  min=180  n=220000
    CALL_SLOW_TOTAL  156220/156220  min=156220  n=1
    CALL_SLOW_LOCKED 136780/136780  min=136780  n=1
    CALL_SLOW_DONATE 0/0  min=0  n=0
    CALL_SLOW_PARK   37700/37700  min=37700  n=1
    RECV_LOCKED      5680/267100  min=5280  n=259999
    RECV_RESOLVE     663/112060  min=540  n=260000
    RECV_SCAN        283/42240  min=160  n=259999
    RECV_PARK        3827/114540  min=3540  n=259999
    REPLY_TOTAL      44413/173700  min=16000  n=13
    REPLY_VALIDATE   10653/32420  min=5940  n=13
    REPLY_LOCKED     2755/370800  min=2420  n=260000
    REPLY_LOOKUP     553/179020  min=500  n=260000
    REPLY_COPY       346/45880  min=180  n=260000
    REPLY_FUNNEL     283/62020  min=200  n=260000
    REPLY_WAKE       555/31580  min=480  n=260000
    REPLY_RECV_TOTAL 10878/612580  min=10040  n=260000
    REPLY_RECV_TAIL  1042/101940  min=800  n=259999
    WAKE_UNPARK      145/31000  min=100  n=520012
    PICK_NEXT        185/45860  min=160  n=480064
    SWITCH_TO        2596/183460  min=2320  n=480039
    SWITCH_BOOK      181/146860  min=160  n=520039
    MPU_APPLY        142/68820  min=40  n=520039
    MPU_COMMIT       0/0  min=0  n=0
    REENT_SEAT       233/27500  min=200  n=520039
    KTIME_REARM      253/33920  min=180  n=520039
    ARCH_SWITCH      667/80140  min=540  n=480039
  ns-probe: rate=0 (nothing converts, so no ns column is printed)
  sat-probe: width=32 (no delta this counter forms is too wide)

  throughput: 161674 ctx-sw/s  (6185 ns/sw avg over 40000 switches / 247 ms)
  switch-probe: fastpath-swaps=0  (swapped inside the trap, so not in the switch row)
  switch:    1408/1920/11600 cyc  (p50/p99/max, n=40001)
  lock-hold: 3840/4096/50440 cyc  (p50/p99/max, n=80241)
  lock-site: core=0 site=0x80001e50 max=50440
  irq-probe: line=6 raise=inject on=0 raised=100 hcore=0 foreign=0 win=237180
  irq:       1408/173260/173260 cyc  (p50/max/max, n=100)
  wcase-probe: line=6 raise=inject on=0 raised=100 hcore=0 foreign=0 win=25280
  wcase-irq[0B]:    1536/20620/20620 cyc  (p50/max/max, n=100)
  wcase-probe: line=6 raise=inject on=0 raised=100 hcore=0 foreign=0 win=15700
  wcase-irq[64B]:   1792/15040/15040 cyc  (p50/max/max, n=100)
  wcase-probe: line=6 raise=inject on=0 raised=100 hcore=0 foreign=0 win=3220
  wcase-irq[256B]:  2304/2640/2640 cyc  (p50/max/max, n=100)
  wcase-probe: line=6 raise=inject on=0 raised=100 hcore=0 foreign=0 win=12520
  wcase-irq[1024B]: 4608/12000/12000 cyc  (p50/max/max, n=100)
  e2e-settle: settled=2/2
  e2e-probe: line=7 closed=1000 dropped=0 tare=1400/1817 ns  (min/avg, n=64)
  e2e-passes: asked=1000 raised=1000
  e2e-local: 6656/6656/204600 ns  (p50/p99/max, n=1000)
  throughput: 162252 ctx-sw/s  (6163 ns/sw avg over 40000 switches / 246 ms)
  switch-probe: fastpath-swaps=0  (swapped inside the trap, so not in the switch row)
  switch:    1408/1536/10700 cyc  (p50/p99/max, n=40001)
  lock-hold: 2560/4096/40920 cyc  (p50/p99/max, n=80241)
  lock-site: core=0 site=0x80001e50 max=40920
  irq-probe: line=6 raise=inject on=0 raised=100 hcore=0 foreign=0 win=17840
  irq:       1408/12880/12880 cyc  (p50/max/max, n=100)
  wcase-probe: line=6 raise=inject on=0 raised=100 hcore=0 foreign=0 win=4080
  wcase-irq[0B]:    1536/3340/3340 cyc  (p50/max/max, n=100)
  wcase-probe: line=6 raise=inject on=0 raised=100 hcore=0 foreign=0 win=3160
  wcase-irq[64B]:   1664/2640/2640 cyc  (p50/max/max, n=100)
  wcase-probe: line=6 raise=inject on=0 raised=100 hcore=0 foreign=0 win=3540
  wcase-irq[256B]:  2304/3060/3060 cyc  (p50/max/max, n=100)
  wcase-probe: line=6 raise=inject on=0 raised=100 hcore=0 foreign=0 win=5540
  wcase-irq[1024B]: 4608/5080/5080 cyc  (p50/max/max, n=100)
  e2e-settle: settled=2/2
  e2e-probe: line=7 closed=1000 dropped=0 tare=1400/1817 ns  (min/avg, n=64)
  e2e-passes: asked=1000 raised=1000
  e2e-local: 6656/6656/26700 ns  (p50/p99/max, n=1000)
  throughput: 161921 ctx-sw/s  (6175 ns/sw avg over 40000 switches / 247 ms)
  switch-probe: fastpath-swaps=0  (swapped inside the trap, so not in the switch row)
  switch:    1536/1536/9880 cyc  (p50/p99/max, n=40001)
  lock-hold: 2560/4096/23960 cyc  (p50/p99/max, n=80240)
  lock-site: core=0 site=0x80001e50 max=23960
  irq-probe: line=6 raise=inject on=0 raised=100 hcore=0 foreign=0 win=4880
  irq:       1408/3160/3160 cyc  (p50/max/max, n=100)
  wcase-probe: line=6 raise=inject on=0 raised=100 hcore=0 foreign=0 win=5520
  wcase-irq[0B]:    1536/5000/5000 cyc  (p50/max/max, n=100)
  wcase-probe: line=6 raise=inject on=0 raised=100 hcore=0 foreign=0 win=2540
  wcase-irq[64B]:   1792/2040/2040 cyc  (p50/max/max, n=100)
  wcase-probe: line=6 raise=inject on=0 raised=100 hcore=0 foreign=0 win=3280
  wcase-irq[256B]:  2304/2780/2780 cyc  (p50/max/max, n=100)
  wcase-probe: line=6 raise=inject on=0 raised=100 hcore=0 foreign=0 win=5580
  wcase-irq[1024B]: 4608/5100/5100 cyc  (p50/max/max, n=100)
  e2e-settle: settled=2/2
  e2e-probe: line=7 closed=1000 dropped=0 tare=1400/1817 ns  (min/avg, n=64)
  e2e-passes: asked=1000 raised=1000
  e2e-local: 6656/6656/11700 ns  (p50/p99/max, n=1000)
  xtask ping-pong: 6222 ns/switch  (40000 switches / 248 ms)
  xtask call/reply: 16 B  11177 ns/round-trip  (89468 round-trips/s over 20000 calls / 223 ms)
  spawn/exit: thread 18286 ns  (200 reps / 3 ms)
  spawn/exit: task 22217 ns  (200 reps / 4 ms)
bench: done
POLL_OK=1 POLL_MS=5800
