
  ==============================================
   KickOS 0.5.1  -  microkernel RTOS
  ==============================================
   board   qemu-riscv64
   arch    rv64imac
   cpu     rv64imac_zicsr_zmmul_zaamo_zalrsc_zca
   mpu     off
   sched   tickless
   build   2026-09-30 09:46:09 +0200
   app     Sep 30 2026 09:46:10 +0200
   commit  628de9cb
   heap    64 KiB available
   kstack  4096 B x 17 = 69632 B

microbenchmark: context-switch throughput (all arches) + per-switch cost
+ IRQ-entry latency where a cycle counter exists. Reporter woken by the
workload, not a timer. Telemetry OFF for clean numbers.
cycle counter: 0 Hz (0 = no rate converts a reading; cycles only)

  lock-probe: hold+1 core=0 depth=0  (three nested, one outermost)
  call/reply: 8 B  21538 ns/round-trip  (46428 round-trips/s over 20000 calls / 430 ms)
  call/reply: 16 B  21464 ns/round-trip  (46588 round-trips/s over 20000 calls / 429 ms)
  call/reply: 32 B  21514 ns/round-trip  (46480 round-trips/s over 20000 calls / 430 ms)
  call/reply: 64 B  21483 ns/round-trip  (46548 round-trips/s over 20000 calls / 429 ms)
  call/reply: 128 B  21599 ns/round-trip  (46297 round-trips/s over 20000 calls / 431 ms)
  call/reply: 256 B  21571 ns/round-trip  (46357 round-trips/s over 20000 calls / 431 ms)
  call/reply: 8 B  21520 ns/round-trip  (46468 round-trips/s over 20000 calls / 430 ms) [generic path]
  call/reply: 16 B  21342 ns/round-trip  (46855 round-trips/s over 20000 calls / 426 ms) [generic path]
  call/reply: 32 B  21244 ns/round-trip  (47071 round-trips/s over 20000 calls / 424 ms) [generic path]
  call/reply: 64 B  21480 ns/round-trip  (46554 round-trips/s over 20000 calls / 429 ms) [generic path]
  call/reply: 128 B  21730 ns/round-trip  (46018 round-trips/s over 20000 calls / 434 ms) [generic path]
  call/reply: 256 B  21551 ns/round-trip  (46401 round-trips/s over 20000 calls / 431 ms) [generic path]
  call/reply: 32 B  21967 ns/round-trip  (45522 round-trips/s over 20000 calls / 439 ms) [caller outranks server, D1 donates]
  phase table (44 rows; cyc avg/max, min last and a floor; leaf -= NULL, composite -= NULL + k*(NEST-NULL)):
    NULL             178/180040  min=160  n=260000
    NEST             676/181660  min=600  n=260000
    NEST_LOCK        582/111140  min=540  n=260000
    CALL_TOTAL       39720/2241840  min=38160  n=259999
    CALL_VALIDATE    446/74300  min=360  n=260000
    CALL_LOCKED      37969/2240020  min=36480  n=259999
    CALL_RESOLVE     468/36420  min=420  n=260000
    CALL_PEEK        275/965620  min=240  n=260000
    CALL_PROBE       287/37700  min=260  n=259999
    CALL_POP         338/37940  min=300  n=259999
    CALL_COPY        2760/244720  min=2540  n=259999
    CALL_MINT        2974/149280  min=2820  n=259999
    CALL_MINT_CAP    543/90700  min=500  n=259999
    CALL_MINT_INFO   1739/91320  min=1600  n=259999
    CALL_DONATE      288/16140  min=260  n=19999
    CALL_PARK        607/53740  min=560  n=259999
    CALL_WAKE        25648/2227540  min=24660  n=259999
    CALL_RESUME      300/13520  min=260  n=260000
    CALL_SLOW_TOTAL  384000/384000  min=384000  n=1
    CALL_SLOW_LOCKED 372040/372040  min=372040  n=1
    CALL_SLOW_DONATE 0/0  min=0  n=0
    CALL_SLOW_PARK   278040/278040  min=278040  n=1
    RECV_LOCKED      29517/1020060  min=28440  n=259999
    RECV_RESOLVE     865/253480  min=760  n=260000
    RECV_SCAN        351/223560  min=320  n=259999
    RECV_PARK        27337/1017020  min=26300  n=259999
    REPLY_TOTAL      120440/1109040  min=25500  n=13
    REPLY_VALIDATE   11690/24900  min=8800  n=13
    REPLY_LOCKED     6076/335040  min=5720  n=260000
    REPLY_LOOKUP     712/177620  min=620  n=260000
    REPLY_COPY       2702/58320  min=2460  n=260000
    REPLY_FUNNEL     399/56720  min=340  n=260000
    REPLY_WAKE       857/42900  min=760  n=260000
    REPLY_RECV_TOTAL 39230/1340580  min=37780  n=260000
    REPLY_RECV_TAIL  902/116640  min=840  n=259999
    WAKE_UNPARK      257/56840  min=180  n=520012
    PICK_NEXT        283/29340  min=240  n=520064
    SWITCH_TO        46505/877986200  min=23000  n=520013
    SWITCH_BOOK      244/204700  min=220  n=520039
    MPU_APPLY        338/45080  min=300  n=520039
    MPU_COMMIT       0/0  min=0  n=0
    REENT_SEAT       154/25560  min=100  n=520039
    KTIME_REARM      228/49140  min=200  n=520039
    ARCH_SWITCH      44230/877969520  min=20760  n=520013
  ns-probe: rate=0 (nothing converts, so no ns column is printed)
  sat-probe: width=64 fits+1/0 wide+0/1 max=1000

  throughput: 163926 ctx-sw/s  (6100 ns/sw avg over 40000 switches / 244 ms)
  switch-probe: fastpath-swaps=0  (swapped inside the trap, so not in the switch row)
  switch:    240/416/9640 cyc  (p50/p99/max, n=40002)
  lock-hold: 4608/7680/85700 cyc  (p50/p99/max, n=80235)
  lock-site: core=0 site=0xffffffff800014a2 max=85700
  irq-probe: line=6 raise=inject on=0 raised=100 hcore=none foreign=0 win=0
  irq:       0/0/0 cyc  (p50/max/max, n=0)
  wcase-probe: line=6 raise=inject on=0 raised=100 hcore=none foreign=0 win=0
  wcase-irq[0B]:    0/0/0 cyc  (p50/max/max, n=0)
  wcase-probe: line=6 raise=inject on=0 raised=100 hcore=none foreign=0 win=0
  wcase-irq[64B]:   0/0/0 cyc  (p50/max/max, n=0)
  wcase-probe: line=6 raise=inject on=0 raised=100 hcore=none foreign=0 win=0
  wcase-irq[256B]:  0/0/0 cyc  (p50/max/max, n=0)
  wcase-probe: line=6 raise=inject on=0 raised=100 hcore=none foreign=0 win=0
  wcase-irq[1024B]: 0/0/0 cyc  (p50/max/max, n=0)
  e2e-settle: settled=2/2
  e2e-probe: line=7 closed=1000 dropped=0 tare=800/1207 ns  (min/avg, n=64)
  e2e-passes: asked=1000 raised=1000
  e2e-local: 5632/6144/242000 ns  (p50/p99/max, n=1000)
  throughput: 166960 ctx-sw/s  (5989 ns/sw avg over 40000 switches / 239 ms)
  switch-probe: fastpath-swaps=0  (swapped inside the trap, so not in the switch row)
  switch:    240/256/5540 cyc  (p50/p99/max, n=40002)
  lock-hold: 3072/5120/33460 cyc  (p50/p99/max, n=80238)
  lock-site: core=0 site=0xffffffff800014a2 max=33460
  irq-probe: line=6 raise=inject on=0 raised=100 hcore=none foreign=0 win=0
  irq:       0/0/0 cyc  (p50/max/max, n=0)
  wcase-probe: line=6 raise=inject on=0 raised=100 hcore=none foreign=0 win=0
  wcase-irq[0B]:    0/0/0 cyc  (p50/max/max, n=0)
  wcase-probe: line=6 raise=inject on=0 raised=100 hcore=none foreign=0 win=0
  wcase-irq[64B]:   0/0/0 cyc  (p50/max/max, n=0)
  wcase-probe: line=6 raise=inject on=0 raised=100 hcore=none foreign=0 win=0
  wcase-irq[256B]:  0/0/0 cyc  (p50/max/max, n=0)
  wcase-probe: line=6 raise=inject on=0 raised=100 hcore=none foreign=0 win=0
  wcase-irq[1024B]: 0/0/0 cyc  (p50/max/max, n=0)
  e2e-settle: settled=2/2
  e2e-probe: line=7 closed=1000 dropped=0 tare=800/1207 ns  (min/avg, n=64)
  e2e-passes: asked=1000 raised=1000
  e2e-local: 5632/6144/42900 ns  (p50/p99/max, n=1000)
  throughput: 167274 ctx-sw/s  (5978 ns/sw avg over 40000 switches / 239 ms)
  switch-probe: fastpath-swaps=0  (swapped inside the trap, so not in the switch row)
  switch:    240/256/16680 cyc  (p50/p99/max, n=40002)
  lock-hold: 2304/5120/39300 cyc  (p50/p99/max, n=80239)
  lock-site: core=0 site=0xffffffff800014a2 max=39300
  irq-probe: line=6 raise=inject on=0 raised=100 hcore=none foreign=0 win=0
  irq:       0/0/0 cyc  (p50/max/max, n=0)
  wcase-probe: line=6 raise=inject on=0 raised=100 hcore=none foreign=0 win=0
  wcase-irq[0B]:    0/0/0 cyc  (p50/max/max, n=0)
  wcase-probe: line=6 raise=inject on=0 raised=100 hcore=none foreign=0 win=0
  wcase-irq[64B]:   0/0/0 cyc  (p50/max/max, n=0)
  wcase-probe: line=6 raise=inject on=0 raised=100 hcore=none foreign=0 win=0
  wcase-irq[256B]:  0/0/0 cyc  (p50/max/max, n=0)
  wcase-probe: line=6 raise=inject on=0 raised=100 hcore=none foreign=0 win=0
  wcase-irq[1024B]: 0/0/0 cyc  (p50/max/max, n=0)
  e2e-settle: settled=2/2
  e2e-probe: line=7 closed=1000 dropped=0 tare=800/1207 ns  (min/avg, n=64)
  e2e-passes: asked=1000 raised=1000
  e2e-local: 5632/6144/29800 ns  (p50/p99/max, n=1000)
  xtask ping-pong: 12602 ns/switch  (40000 switches / 504 ms)
  xtask call/reply: 16 B  38985 ns/round-trip  (25650 round-trips/s over 20000 calls / 779 ms)
  spawn/exit: thread 56453 ns  (200 reps / 11 ms)
  spawn/exit: task 131922 ns  (200 reps / 26 ms)
bench: done
POLL_OK=1 POLL_MS=8600
