
  ==============================================
   KickOS 0.5.1  -  microkernel RTOS
  ==============================================
   board   qemu-riscv
   arch    rv32imac
   cpu     rv32imac_zicsr
   mpu     off
   sched   tickless
   build   2026-09-30 09:46:16 +0200
   app     Sep 30 2026 09:46:16 +0200
   commit  628de9cb
   heap    16 KiB available
   kstack  1184 B x 17 = 20128 B

microbenchmark: context-switch throughput (all arches) + per-switch cost
+ IRQ-entry latency where a cycle counter exists. Reporter woken by the
workload, not a timer. Telemetry OFF for clean numbers.
cycle counter: 0 Hz (0 = no rate converts a reading; cycles only)

  lock-probe: hold+1 core=0 depth=0  (three nested, one outermost)
  call/reply: 8 B  11166 ns/round-trip  (89550 round-trips/s over 20000 calls / 223 ms)
  call/reply: 16 B  11041 ns/round-trip  (90569 round-trips/s over 20000 calls / 220 ms)
  call/reply: 32 B  17707 ns/round-trip  (56473 round-trips/s over 20000 calls / 354 ms)
  call/reply: 64 B  17687 ns/round-trip  (56536 round-trips/s over 20000 calls / 353 ms)
  call/reply: 128 B  17922 ns/round-trip  (55795 round-trips/s over 20000 calls / 358 ms)
  call/reply: 256 B  17771 ns/round-trip  (56268 round-trips/s over 20000 calls / 355 ms)
  call/reply: 8 B  17797 ns/round-trip  (56186 round-trips/s over 20000 calls / 355 ms) [generic path]
  call/reply: 16 B  17619 ns/round-trip  (56754 round-trips/s over 20000 calls / 352 ms) [generic path]
  call/reply: 32 B  17803 ns/round-trip  (56168 round-trips/s over 20000 calls / 356 ms) [generic path]
  call/reply: 64 B  17796 ns/round-trip  (56189 round-trips/s over 20000 calls / 355 ms) [generic path]
  call/reply: 128 B  17779 ns/round-trip  (56244 round-trips/s over 20000 calls / 355 ms) [generic path]
  call/reply: 256 B  17913 ns/round-trip  (55823 round-trips/s over 20000 calls / 358 ms) [generic path]
  call/reply: 32 B  18026 ns/round-trip  (55472 round-trips/s over 20000 calls / 360 ms) [caller outranks server, D1 donates]
  phase table (44 rows; cyc avg/max, min last and a floor; leaf -= NULL, composite -= NULL + k*(NEST-NULL)):
    NULL             142/33740  min=120  n=220000
    NEST             580/34740  min=540  n=220000
    NEST_LOCK        377/51780  min=340  n=220000
    CALL_TOTAL       12958/680500  min=12480  n=219999
    CALL_VALIDATE    540/28680  min=480  n=220000
    CALL_LOCKED      11381/545600  min=10880  n=219999
    CALL_RESOLVE     469/19220  min=420  n=220000
    CALL_PEEK        227/52200  min=200  n=220000
    CALL_PROBE       272/19660  min=240  n=219999
    CALL_POP         281/35700  min=260  n=219999
    CALL_COPY        500/50280  min=340  n=219999
    CALL_MINT        1569/88080  min=1480  n=219999
    CALL_MINT_CAP    463/34620  min=420  n=219999
    CALL_MINT_INFO   350/41700  min=300  n=219999
    CALL_DONATE      213/21860  min=180  n=19999
    CALL_PARK        437/35140  min=400  n=219999
    CALL_WAKE        3812/65500  min=3540  n=219999
    CALL_RESUME      245/51940  min=200  n=220000
    CALL_SLOW_TOTAL  158700/158700  min=158700  n=1
    CALL_SLOW_LOCKED 139480/139480  min=139480  n=1
    CALL_SLOW_DONATE 0/0  min=0  n=0
    CALL_SLOW_PARK   38880/38880  min=38880  n=1
    RECV_LOCKED      5691/269140  min=5320  n=259999
    RECV_RESOLVE     675/111840  min=540  n=260000
    RECV_SCAN        293/43440  min=160  n=259999
    RECV_PARK        3827/116040  min=3540  n=259999
    REPLY_TOTAL      40813/172640  min=9940  n=13
    REPLY_VALIDATE   9052/33820  min=1340  n=13
    REPLY_LOCKED     2784/458720  min=2440  n=260000
    REPLY_LOOKUP     559/250040  min=500  n=260000
    REPLY_COPY       359/19360  min=200  n=260000
    REPLY_FUNNEL     281/66340  min=200  n=260000
    REPLY_WAKE       537/33200  min=480  n=260000
    REPLY_RECV_TOTAL 10888/617940  min=10120  n=260000
    REPLY_RECV_TAIL  1056/101620  min=780  n=259999
    WAKE_UNPARK      144/30920  min=100  n=520012
    PICK_NEXT        197/34220  min=160  n=480064
    SWITCH_TO        2608/185980  min=2320  n=480039
    SWITCH_BOOK      181/129140  min=160  n=520039
    MPU_APPLY        142/19520  min=40  n=520039
    MPU_COMMIT       0/0  min=0  n=0
    REENT_SEAT       222/51220  min=200  n=520039
    KTIME_REARM      253/35180  min=180  n=520039
    ARCH_SWITCH      665/108220  min=540  n=480039
  ns-probe: rate=0 (nothing converts, so no ns column is printed)
  sat-probe: width=32 (no delta this counter forms is too wide)

  throughput: 164275 ctx-sw/s  (6087 ns/sw avg over 40000 switches / 243 ms)
  switch-probe: fastpath-swaps=0  (swapped inside the trap, so not in the switch row)
  switch:    1408/1536/21200 cyc  (p50/p99/max, n=40001)
  lock-hold: 2560/4096/46760 cyc  (p50/p99/max, n=80241)
  lock-site: core=0 site=0x80001e50 max=46760
  irq-probe: line=6 raise=inject on=0 raised=100 hcore=0 foreign=0 win=234000
  irq:       1280/169900/169900 cyc  (p50/max/max, n=100)
  wcase-probe: line=6 raise=inject on=0 raised=100 hcore=0 foreign=0 win=25880
  wcase-irq[0B]:    1408/20900/20900 cyc  (p50/max/max, n=100)
  wcase-probe: line=6 raise=inject on=0 raised=100 hcore=0 foreign=0 win=15360
  wcase-irq[64B]:   1664/14680/14680 cyc  (p50/max/max, n=100)
  wcase-probe: line=6 raise=inject on=0 raised=100 hcore=0 foreign=0 win=3520
  wcase-irq[256B]:  2304/2980/2980 cyc  (p50/max/max, n=100)
  wcase-probe: line=6 raise=inject on=0 raised=100 hcore=0 foreign=0 win=12720
  wcase-irq[1024B]: 4608/12240/12240 cyc  (p50/max/max, n=100)
  e2e-settle: settled=2/2
  e2e-probe: line=7 closed=1000 dropped=0 tare=1400/1760 ns  (min/avg, n=64)
  e2e-passes: asked=1000 raised=1000
  e2e-local: 6656/6656/206600 ns  (p50/p99/max, n=1000)
  throughput: 164807 ctx-sw/s  (6067 ns/sw avg over 40000 switches / 242 ms)
  switch-probe: fastpath-swaps=0  (swapped inside the trap, so not in the switch row)
  switch:    1408/1920/35180 cyc  (p50/p99/max, n=40001)
  lock-hold: 2560/4096/39300 cyc  (p50/p99/max, n=80241)
  lock-site: core=0 site=0x80001e50 max=39300
  irq-probe: line=6 raise=inject on=0 raised=100 hcore=0 foreign=0 win=15260
  irq:       1280/11240/11240 cyc  (p50/max/max, n=100)
  wcase-probe: line=6 raise=inject on=0 raised=100 hcore=0 foreign=0 win=3920
  wcase-irq[0B]:    1408/2740/2740 cyc  (p50/max/max, n=100)
  wcase-probe: line=6 raise=inject on=0 raised=100 hcore=0 foreign=0 win=3700
  wcase-irq[64B]:   1664/3000/3000 cyc  (p50/max/max, n=100)
  wcase-probe: line=6 raise=inject on=0 raised=100 hcore=0 foreign=0 win=4360
  wcase-irq[256B]:  2304/3560/3560 cyc  (p50/max/max, n=100)
  wcase-probe: line=6 raise=inject on=0 raised=100 hcore=0 foreign=0 win=40720
  wcase-irq[1024B]: 4608/40240/40240 cyc  (p50/max/max, n=100)
  e2e-settle: settled=2/2
  e2e-probe: line=7 closed=1000 dropped=0 tare=1400/1760 ns  (min/avg, n=64)
  e2e-passes: asked=1000 raised=1000
  e2e-local: 6656/10240/26900 ns  (p50/p99/max, n=1000)
  throughput: 164416 ctx-sw/s  (6082 ns/sw avg over 40000 switches / 243 ms)
  switch-probe: fastpath-swaps=0  (swapped inside the trap, so not in the switch row)
  switch:    1408/1536/21860 cyc  (p50/p99/max, n=40001)
  lock-hold: 2304/4096/38840 cyc  (p50/p99/max, n=80241)
  lock-site: core=0 site=0x80001e50 max=38840
  irq-probe: line=6 raise=inject on=0 raised=100 hcore=0 foreign=0 win=18480
  irq:       1280/13720/13720 cyc  (p50/max/max, n=100)
  wcase-probe: line=6 raise=inject on=0 raised=100 hcore=0 foreign=0 win=4880
  wcase-irq[0B]:    1408/3580/3580 cyc  (p50/max/max, n=100)
  wcase-probe: line=6 raise=inject on=0 raised=100 hcore=0 foreign=0 win=4060
  wcase-irq[64B]:   1664/3520/3520 cyc  (p50/max/max, n=100)
  wcase-probe: line=6 raise=inject on=0 raised=100 hcore=0 foreign=0 win=3580
  wcase-irq[256B]:  2304/3020/3020 cyc  (p50/max/max, n=100)
  wcase-probe: line=6 raise=inject on=0 raised=100 hcore=0 foreign=0 win=5460
  wcase-irq[1024B]: 4608/4960/4960 cyc  (p50/max/max, n=100)
  e2e-settle: settled=2/2
  e2e-probe: line=7 closed=1000 dropped=0 tare=1400/1760 ns  (min/avg, n=64)
  e2e-passes: asked=1000 raised=1000
  e2e-local: 6656/6656/29800 ns  (p50/p99/max, n=1000)
  xtask ping-pong: 6094 ns/switch  (40000 switches / 243 ms)
  xtask call/reply: 16 B  11146 ns/round-trip  (89711 round-trips/s over 20000 calls / 222 ms)
  spawn/exit: thread 18628 ns  (200 reps / 3 ms)
  spawn/exit: task 22089 ns  (200 reps / 4 ms)
bench: done
POLL_OK=1 POLL_MS=5800
