
  ==============================================
   KickOS 0.5.1  -  microkernel RTOS
  ==============================================
   board   qemu-riscv
   arch    rv32imac
   cpu     rv32imac_zicsr
   mpu     off
   sched   tickless
   build   2026-09-30 09:46:16 +0200
   app     Sep 30 2026 09:46:16 +0200
   commit  628de9cb
   heap    16 KiB available
   kstack  1184 B x 17 = 20128 B

microbenchmark: context-switch throughput (all arches) + per-switch cost
+ IRQ-entry latency where a cycle counter exists. Reporter woken by the
workload, not a timer. Telemetry OFF for clean numbers.
cycle counter: 0 Hz (0 = no rate converts a reading; cycles only)

  lock-probe: hold+1 core=0 depth=0  (three nested, one outermost)
  call/reply: 8 B  11293 ns/round-trip  (88543 round-trips/s over 20000 calls / 225 ms)
  call/reply: 16 B  11197 ns/round-trip  (89306 round-trips/s over 20000 calls / 223 ms)
  call/reply: 32 B  17887 ns/round-trip  (55904 round-trips/s over 20000 calls / 357 ms)
  call/reply: 64 B  17965 ns/round-trip  (55661 round-trips/s over 20000 calls / 359 ms)
  call/reply: 128 B  17823 ns/round-trip  (56104 round-trips/s over 20000 calls / 356 ms)
  call/reply: 256 B  18016 ns/round-trip  (55505 round-trips/s over 20000 calls / 360 ms)
  call/reply: 8 B  17977 ns/round-trip  (55626 round-trips/s over 20000 calls / 359 ms) [generic path]
  call/reply: 16 B  18048 ns/round-trip  (55406 round-trips/s over 20000 calls / 360 ms) [generic path]
  call/reply: 32 B  17873 ns/round-trip  (55949 round-trips/s over 20000 calls / 357 ms) [generic path]
  call/reply: 64 B  17971 ns/round-trip  (55644 round-trips/s over 20000 calls / 359 ms) [generic path]
  call/reply: 128 B  17960 ns/round-trip  (55677 round-trips/s over 20000 calls / 359 ms) [generic path]
  call/reply: 256 B  18034 ns/round-trip  (55450 round-trips/s over 20000 calls / 360 ms) [generic path]
  call/reply: 32 B  18174 ns/round-trip  (55020 round-trips/s over 20000 calls / 363 ms) [caller outranks server, D1 donates]
  phase table (44 rows; cyc avg/max, min last and a floor; leaf -= NULL, composite -= NULL + k*(NEST-NULL)):
    NULL             141/10480  min=120  n=220000
    NEST             585/24700  min=540  n=220000
    NEST_LOCK        398/52020  min=360  n=220000
    CALL_TOTAL       13087/685500  min=12520  n=219999
    CALL_VALIDATE    567/83840  min=500  n=220000
    CALL_LOCKED      11413/551520  min=10880  n=219999
    CALL_RESOLVE     471/31840  min=420  n=220000
    CALL_PEEK        228/19060  min=200  n=220000
    CALL_PROBE       289/62380  min=240  n=219999
    CALL_POP         286/15880  min=260  n=219999
    CALL_COPY        467/39060  min=340  n=219999
    CALL_MINT        1547/87320  min=1440  n=219999
    CALL_MINT_CAP    476/21840  min=440  n=219999
    CALL_MINT_INFO   319/26200  min=280  n=219999
    CALL_DONATE      212/21820  min=180  n=19999
    CALL_PARK        469/72140  min=400  n=219999
    CALL_WAKE        3816/234980  min=3520  n=219999
    CALL_RESUME      203/54280  min=180  n=220000
    CALL_SLOW_TOTAL  156760/156760  min=156760  n=1
    CALL_SLOW_LOCKED 136900/136900  min=136900  n=1
    CALL_SLOW_DONATE 0/0  min=0  n=0
    CALL_SLOW_PARK   38220/38220  min=38220  n=1
    RECV_LOCKED      5788/269560  min=5360  n=259999
    RECV_RESOLVE     671/112740  min=560  n=260000
    RECV_SCAN        286/44160  min=160  n=259999
    RECV_PARK        3891/70860  min=3600  n=259999
    REPLY_TOTAL      43250/174660  min=14940  n=13
    REPLY_VALIDATE   10200/36100  min=2380  n=13
    REPLY_LOCKED     2772/373100  min=2440  n=260000
    REPLY_LOOKUP     564/180240  min=500  n=260000
    REPLY_COPY       357/38760  min=200  n=260000
    REPLY_FUNNEL     281/61640  min=200  n=260000
    REPLY_WAKE       557/40900  min=500  n=260000
    REPLY_RECV_TOTAL 11058/614540  min=10180  n=260000
    REPLY_RECV_TAIL  1051/100840  min=780  n=259999
    WAKE_UNPARK      145/39820  min=100  n=520012
    PICK_NEXT        202/20240  min=160  n=480064
    SWITCH_TO        2640/233040  min=2360  n=480039
    SWITCH_BOOK      183/139380  min=160  n=520039
    MPU_APPLY        145/21520  min=60  n=520039
    MPU_COMMIT       0/0  min=0  n=0
    REENT_SEAT       227/36560  min=200  n=520039
    KTIME_REARM      253/55600  min=180  n=520039
    ARCH_SWITCH      663/95800  min=540  n=480039
  ns-probe: rate=0 (nothing converts, so no ns column is printed)
  sat-probe: width=32 (no delta this counter forms is too wide)

  throughput: 163172 ctx-sw/s  (6128 ns/sw avg over 40000 switches / 245 ms)
  switch-probe: fastpath-swaps=0  (swapped inside the trap, so not in the switch row)
  switch:    1408/1920/17020 cyc  (p50/p99/max, n=40001)
  lock-hold: 2560/4096/40420 cyc  (p50/p99/max, n=80241)
  lock-site: core=0 site=0x800048ce max=40420
  irq-probe: line=6 raise=inject on=0 raised=100 hcore=0 foreign=0 win=236820
  irq:       1280/172860/172860 cyc  (p50/max/max, n=100)
  wcase-probe: line=6 raise=inject on=0 raised=100 hcore=0 foreign=0 win=25700
  wcase-irq[0B]:    1536/20680/20680 cyc  (p50/max/max, n=100)
  wcase-probe: line=6 raise=inject on=0 raised=100 hcore=0 foreign=0 win=15100
  wcase-irq[64B]:   1792/14360/14360 cyc  (p50/max/max, n=100)
  wcase-probe: line=6 raise=inject on=0 raised=100 hcore=0 foreign=0 win=3640
  wcase-irq[256B]:  2304/3080/3080 cyc  (p50/max/max, n=100)
  wcase-probe: line=6 raise=inject on=0 raised=100 hcore=0 foreign=0 win=5680
  wcase-irq[1024B]: 4608/5160/5160 cyc  (p50/max/max, n=100)
  e2e-settle: settled=2/2
  e2e-probe: line=7 closed=1000 dropped=0 tare=1400/1817 ns  (min/avg, n=64)
  e2e-passes: asked=1000 raised=1000
  e2e-local: 6656/10240/205200 ns  (p50/p99/max, n=1000)
  throughput: 163539 ctx-sw/s  (6114 ns/sw avg over 40000 switches / 244 ms)
  switch-probe: fastpath-swaps=0  (swapped inside the trap, so not in the switch row)
  switch:    1408/1536/16120 cyc  (p50/p99/max, n=40001)
  lock-hold: 2560/4096/55640 cyc  (p50/p99/max, n=80241)
  lock-site: core=0 site=0x80001e50 max=55640
  irq-probe: line=6 raise=inject on=0 raised=100 hcore=0 foreign=0 win=18300
  irq:       1280/13340/13340 cyc  (p50/max/max, n=100)
  wcase-probe: line=6 raise=inject on=0 raised=100 hcore=0 foreign=0 win=4780
  wcase-irq[0B]:    1408/3640/3640 cyc  (p50/max/max, n=100)
  wcase-probe: line=6 raise=inject on=0 raised=100 hcore=0 foreign=0 win=3660
  wcase-irq[64B]:   1792/3080/3080 cyc  (p50/max/max, n=100)
  wcase-probe: line=6 raise=inject on=0 raised=100 hcore=0 foreign=0 win=3940
  wcase-irq[256B]:  2304/3260/3260 cyc  (p50/max/max, n=100)
  wcase-probe: line=6 raise=inject on=0 raised=100 hcore=0 foreign=0 win=18420
  wcase-irq[1024B]: 4608/17620/17620 cyc  (p50/max/max, n=100)
  e2e-settle: settled=2/2
  e2e-probe: line=7 closed=1000 dropped=0 tare=1400/1817 ns  (min/avg, n=64)
  e2e-passes: asked=1000 raised=1000
  e2e-local: 6656/9216/28700 ns  (p50/p99/max, n=1000)
  throughput: 163448 ctx-sw/s  (6118 ns/sw avg over 40000 switches / 244 ms)
  switch-probe: fastpath-swaps=0  (swapped inside the trap, so not in the switch row)
  switch:    1408/1536/47940 cyc  (p50/p99/max, n=40001)
  lock-hold: 2560/4096/49740 cyc  (p50/p99/max, n=80241)
  lock-site: core=0 site=0x800048ce max=49740
  irq-probe: line=6 raise=inject on=0 raised=100 hcore=0 foreign=0 win=16460
  irq:       1280/11580/11580 cyc  (p50/max/max, n=100)
  wcase-probe: line=6 raise=inject on=0 raised=100 hcore=0 foreign=0 win=4680
  wcase-irq[0B]:    1536/3380/3380 cyc  (p50/max/max, n=100)
  wcase-probe: line=6 raise=inject on=0 raised=100 hcore=0 foreign=0 win=3500
  wcase-irq[64B]:   1792/2960/2960 cyc  (p50/max/max, n=100)
  wcase-probe: line=6 raise=inject on=0 raised=100 hcore=0 foreign=0 win=3420
  wcase-irq[256B]:  2304/2920/2920 cyc  (p50/max/max, n=100)
  wcase-probe: line=6 raise=inject on=0 raised=100 hcore=0 foreign=0 win=5660
  wcase-irq[1024B]: 4608/5140/5140 cyc  (p50/max/max, n=100)
  e2e-settle: settled=2/2
  e2e-probe: line=7 closed=1000 dropped=0 tare=1400/1817 ns  (min/avg, n=64)
  e2e-passes: asked=1000 raised=1000
  e2e-local: 6656/7168/29400 ns  (p50/p99/max, n=1000)
  xtask ping-pong: 6149 ns/switch  (40000 switches / 245 ms)
  xtask call/reply: 16 B  11054 ns/round-trip  (90461 round-trips/s over 20000 calls / 221 ms)
  spawn/exit: thread 18572 ns  (200 reps / 3 ms)
  spawn/exit: task 22243 ns  (200 reps / 4 ms)
bench: done
POLL_OK=1 POLL_MS=5800
