
  ==============================================
   KickOS 0.5.1  -  microkernel RTOS
  ==============================================
   board   qemu-riscv
   arch    rv32imac
   cpu     rv32imac_zicsr
   mpu     off
   sched   tickless
   build   2026-09-30 09:46:16 +0200
   app     Sep 30 2026 09:46:16 +0200
   commit  628de9cb
   heap    16 KiB available
   kstack  1184 B x 17 = 20128 B

microbenchmark: context-switch throughput (all arches) + per-switch cost
+ IRQ-entry latency where a cycle counter exists. Reporter woken by the
workload, not a timer. Telemetry OFF for clean numbers.
cycle counter: 0 Hz (0 = no rate converts a reading; cycles only)

  lock-probe: hold+1 core=0 depth=0  (three nested, one outermost)
  call/reply: 8 B  11115 ns/round-trip  (89964 round-trips/s over 20000 calls / 222 ms)
  call/reply: 16 B  11081 ns/round-trip  (90237 round-trips/s over 20000 calls / 221 ms)
  call/reply: 32 B  17645 ns/round-trip  (56670 round-trips/s over 20000 calls / 352 ms)
  call/reply: 64 B  17744 ns/round-trip  (56355 round-trips/s over 20000 calls / 354 ms)
  call/reply: 128 B  17960 ns/round-trip  (55676 round-trips/s over 20000 calls / 359 ms)
  call/reply: 256 B  18564 ns/round-trip  (53867 round-trips/s over 20000 calls / 371 ms)
  call/reply: 8 B  17582 ns/round-trip  (56876 round-trips/s over 20000 calls / 351 ms) [generic path]
  call/reply: 16 B  17703 ns/round-trip  (56487 round-trips/s over 20000 calls / 354 ms) [generic path]
  call/reply: 32 B  17719 ns/round-trip  (56433 round-trips/s over 20000 calls / 354 ms) [generic path]
  call/reply: 64 B  17903 ns/round-trip  (55853 round-trips/s over 20000 calls / 358 ms) [generic path]
  call/reply: 128 B  18020 ns/round-trip  (55493 round-trips/s over 20000 calls / 360 ms) [generic path]
  call/reply: 256 B  18017 ns/round-trip  (55500 round-trips/s over 20000 calls / 360 ms) [generic path]
  call/reply: 32 B  18222 ns/round-trip  (54876 round-trips/s over 20000 calls / 364 ms) [caller outranks server, D1 donates]
  phase table (44 rows; cyc avg/max, min last and a floor; leaf -= NULL, composite -= NULL + k*(NEST-NULL)):
    NULL             140/8360  min=120  n=220000
    NEST             587/24960  min=540  n=220000
    NEST_LOCK        395/51620  min=360  n=220000
    CALL_TOTAL       13035/722000  min=12480  n=219999
    CALL_VALIDATE    560/33560  min=500  n=220000
    CALL_LOCKED      11376/580420  min=10860  n=219999
    CALL_RESOLVE     476/19060  min=420  n=220000
    CALL_PEEK        227/29480  min=200  n=220000
    CALL_PROBE       279/34460  min=240  n=219999
    CALL_POP         288/16400  min=260  n=219999
    CALL_COPY        465/22400  min=340  n=219999
    CALL_MINT        1548/89280  min=1460  n=219999
    CALL_MINT_CAP    477/58480  min=440  n=219999
    CALL_MINT_INFO   318/41460  min=280  n=219999
    CALL_DONATE      212/22420  min=180  n=19999
    CALL_PARK        455/30600  min=400  n=219999
    CALL_WAKE        3779/263960  min=3500  n=219999
    CALL_RESUME      206/27060  min=180  n=220000
    CALL_SLOW_TOTAL  155440/155440  min=155440  n=1
    CALL_SLOW_LOCKED 136780/136780  min=136780  n=1
    CALL_SLOW_DONATE 0/0  min=0  n=0
    CALL_SLOW_PARK   38140/38140  min=38140  n=1
    RECV_LOCKED      5765/271680  min=5340  n=259999
    RECV_RESOLVE     671/114380  min=540  n=260000
    RECV_SCAN        289/43920  min=180  n=259999
    RECV_PARK        3874/88180  min=3600  n=259999
    REPLY_TOTAL      35872/166840  min=14160  n=13
    REPLY_VALIDATE   8976/33620  min=3720  n=13
    REPLY_LOCKED     2763/377500  min=2460  n=260000
    REPLY_LOOKUP     555/182640  min=500  n=260000
    REPLY_COPY       353/16900  min=220  n=260000
    REPLY_FUNNEL     280/62320  min=220  n=260000
    REPLY_WAKE       558/133260  min=500  n=260000
    REPLY_RECV_TOTAL 10987/622560  min=10180  n=260000
    REPLY_RECV_TAIL  1060/102820  min=780  n=259999
    WAKE_UNPARK      144/31160  min=100  n=520012
    PICK_NEXT        197/19940  min=160  n=480064
    SWITCH_TO        2625/262680  min=2340  n=480039
    SWITCH_BOOK      180/65660  min=160  n=520039
    MPU_APPLY        142/7540  min=40  n=520039
    MPU_COMMIT       0/0  min=0  n=0
    REENT_SEAT       223/30980  min=200  n=520039
    KTIME_REARM      254/40320  min=180  n=520039
    ARCH_SWITCH      661/259740  min=540  n=480039
  ns-probe: rate=0 (nothing converts, so no ns column is printed)
  sat-probe: width=32 (no delta this counter forms is too wide)

  throughput: 163916 ctx-sw/s  (6100 ns/sw avg over 40000 switches / 244 ms)
  switch-probe: fastpath-swaps=0  (swapped inside the trap, so not in the switch row)
  switch:    1408/1536/48980 cyc  (p50/p99/max, n=40001)
  lock-hold: 2048/4096/34240 cyc  (p50/p99/max, n=80241)
  lock-site: core=0 site=0x800048ce max=34240
  irq-probe: line=6 raise=inject on=0 raised=100 hcore=0 foreign=0 win=319560
  irq:       1280/235440/235440 cyc  (p50/max/max, n=100)
  wcase-probe: line=6 raise=inject on=0 raised=100 hcore=0 foreign=0 win=26260
  wcase-irq[0B]:    1536/21240/21240 cyc  (p50/max/max, n=100)
  wcase-probe: line=6 raise=inject on=0 raised=100 hcore=0 foreign=0 win=15140
  wcase-irq[64B]:   1664/14540/14540 cyc  (p50/max/max, n=100)
  wcase-probe: line=6 raise=inject on=0 raised=100 hcore=0 foreign=0 win=3480
  wcase-irq[256B]:  2304/2940/2940 cyc  (p50/max/max, n=100)
  wcase-probe: line=6 raise=inject on=0 raised=100 hcore=0 foreign=0 win=5480
  wcase-irq[1024B]: 4608/4980/4980 cyc  (p50/max/max, n=100)
  e2e-settle: settled=2/2
  e2e-probe: line=7 closed=1000 dropped=0 tare=1400/1771 ns  (min/avg, n=64)
  e2e-passes: asked=1000 raised=1000
  e2e-local: 6656/9216/209700 ns  (p50/p99/max, n=1000)
  throughput: 163438 ctx-sw/s  (6118 ns/sw avg over 40000 switches / 244 ms)
  switch-probe: fastpath-swaps=0  (swapped inside the trap, so not in the switch row)
  switch:    1408/1536/14680 cyc  (p50/p99/max, n=40001)
  lock-hold: 2304/4096/58580 cyc  (p50/p99/max, n=80241)
  lock-site: core=0 site=0x800048ce max=58580
  irq-probe: line=6 raise=inject on=0 raised=100 hcore=0 foreign=0 win=20960
  irq:       1280/15100/15100 cyc  (p50/max/max, n=100)
  wcase-probe: line=6 raise=inject on=0 raised=100 hcore=0 foreign=0 win=4960
  wcase-irq[0B]:    1536/3700/3700 cyc  (p50/max/max, n=100)
  wcase-probe: line=6 raise=inject on=0 raised=100 hcore=0 foreign=0 win=2980
  wcase-irq[64B]:   1664/2440/2440 cyc  (p50/max/max, n=100)
  wcase-probe: line=6 raise=inject on=0 raised=100 hcore=0 foreign=0 win=6380
  wcase-irq[256B]:  2304/5880/5880 cyc  (p50/max/max, n=100)
  wcase-probe: line=6 raise=inject on=0 raised=100 hcore=0 foreign=0 win=5500
  wcase-irq[1024B]: 4608/4980/4980 cyc  (p50/max/max, n=100)
  e2e-settle: settled=2/2
  e2e-probe: line=7 closed=1000 dropped=0 tare=1400/1771 ns  (min/avg, n=64)
  e2e-passes: asked=1000 raised=1000
  e2e-local: 6656/8192/32100 ns  (p50/p99/max, n=1000)
  throughput: 164131 ctx-sw/s  (6092 ns/sw avg over 40000 switches / 243 ms)
  switch-probe: fastpath-swaps=0  (swapped inside the trap, so not in the switch row)
  switch:    1408/1920/12260 cyc  (p50/p99/max, n=40001)
  lock-hold: 2560/4096/35260 cyc  (p50/p99/max, n=80241)
  lock-site: core=0 site=0x800048ce max=35260
  irq-probe: line=6 raise=inject on=0 raised=100 hcore=0 foreign=0 win=19300
  irq:       1280/13840/13840 cyc  (p50/max/max, n=100)
  wcase-probe: line=6 raise=inject on=0 raised=100 hcore=0 foreign=0 win=5080
  wcase-irq[0B]:    1408/3880/3880 cyc  (p50/max/max, n=100)
  wcase-probe: line=6 raise=inject on=0 raised=100 hcore=0 foreign=0 win=9040
  wcase-irq[64B]:   1664/8540/8540 cyc  (p50/max/max, n=100)
  wcase-probe: line=6 raise=inject on=0 raised=100 hcore=0 foreign=0 win=3100
  wcase-irq[256B]:  2304/2540/2540 cyc  (p50/max/max, n=100)
  wcase-probe: line=6 raise=inject on=0 raised=100 hcore=0 foreign=0 win=5540
  wcase-irq[1024B]: 4608/5020/5020 cyc  (p50/max/max, n=100)
  e2e-settle: settled=2/2
  e2e-probe: line=7 closed=1000 dropped=0 tare=1400/1771 ns  (min/avg, n=64)
  e2e-passes: asked=1000 raised=1000
  e2e-local: 6656/6656/28500 ns  (p50/p99/max, n=1000)
  xtask ping-pong: 6085 ns/switch  (40000 switches / 243 ms)
  xtask call/reply: 16 B  11081 ns/round-trip  (90243 round-trips/s over 20000 calls / 221 ms)
  spawn/exit: thread 18421 ns  (200 reps / 3 ms)
  spawn/exit: task 22117 ns  (200 reps / 4 ms)
bench: done
POLL_OK=1 POLL_MS=5800
