[2J[001;001H[=3h[2J[001;001H[2J[001;001H[8;042;160t[2J[001;001H[2J[001;001H[8;056;240t[2J[001;001HBdsDxe: loading Boot0002 "UEFI QEMU HARDDISK QM00001 " from PciRoot(0x0)/Pci(0x1F,0x2)/Sata(0x0,0xFFFF,0x0)
BdsDxe: starting Boot0002 "UEFI QEMU HARDDISK QM00001 " from PciRoot(0x0)/Pci(0x1F,0x2)/Sata(0x0,0xFFFF,0x0)

KICKOS-X1 8c41d7a2 x86_64/q35 uefi-handover entry
KICKOS-X1 8c41d7a2 x86_64/q35 uefi-handover handover if=1 paging=1 longmode=1 root=1 wp=1 nx=1 nxcap=1
KICKOS-X1 8c41d7a2 x86_64/q35 uefi-handover if_after_cli=0
KICKOS-X1 8c41d7a2 x86_64/q35 uefi-handover firmware=Debian distribution of EDK II
KICKOS-X1 8c41d7a2 x86_64/q35 uefi-handover revision=0x0000000000020046
KICKOS-X1 8c41d7a2 x86_64/q35 uefi-handover map descriptors=109 stride=48 version=1 conventional_pages=117655 arena=0x0000000001800000 arena_pages=107372
KICKOS-X1 8c41d7a2 x86_64/q35 uefi-handover fp found em=0 ts=0 mp=1 osfxsr=1 osxmmexcpt=1 osxsave=0
KICKOS-X1 8c41d7a2 x86_64/q35 uefi-handover fp trapped em=1 ts=1 mp=1 osfxsr=0 osxmmexcpt=0 osxsave=0
KICKOS-X1 8c41d7a2 x86_64/q35 uefi-handover boot services left
KICKOS-X1 8c41d7a2 x86_64/q35 uefi-handover if_after_exit=0
x86_64 app relocation: base=0x0000000000400000 load_delta=0x0000000000000000 app_words=0

  ==============================================
   KickOS 0.5.1  -  microkernel RTOS
  ==============================================
   board   qemu-x86_64
   arch    x86_64
   cpu     x86-64-v3
   mpu     off
   sched   tickless
   build   2026-09-30 09:45:56 +0200
   app     Sep 30 2026 09:45:57 +0200
   commit  628de9cb
   heap    none
   kstack  4096 B x 33 = 135168 B

microbenchmark: context-switch throughput (all arches) + per-switch cost
+ IRQ-entry latency where a cycle counter exists. Reporter woken by the
workload, not a timer. Telemetry OFF for clean numbers.
cycle counter: 1999206270 Hz (0 = no rate converts a reading; cycles only)

  lock-probe: hold+1 core=0 depth=0  (three nested, one outermost)
  call/reply: 8 B  8963 ns/round-trip  (111566 round-trips/s over 20000 calls / 179 ms)
  call/reply: 16 B  8813 ns/round-trip  (113468 round-trips/s over 20000 calls / 176 ms)
  call/reply: 32 B  8688 ns/round-trip  (115091 round-trips/s over 20000 calls / 173 ms)
  call/reply: 64 B  8833 ns/round-trip  (113208 round-trips/s over 20000 calls / 176 ms)
  call/reply: 128 B  9327 ns/round-trip  (107208 round-trips/s over 20000 calls / 186 ms)
  call/reply: 256 B  8932 ns/round-trip  (111945 round-trips/s over 20000 calls / 178 ms)
  call/reply: 8 B  8703 ns/round-trip  (114895 round-trips/s over 20000 calls / 174 ms) [generic path]
  call/reply: 16 B  8674 ns/round-trip  (115286 round-trips/s over 20000 calls / 173 ms) [generic path]
  call/reply: 32 B  8653 ns/round-trip  (115563 round-trips/s over 20000 calls / 173 ms) [generic path]
  call/reply: 64 B  8661 ns/round-trip  (115450 round-trips/s over 20000 calls / 173 ms) [generic path]
  call/reply: 128 B  8772 ns/round-trip  (113991 round-trips/s over 20000 calls / 175 ms) [generic path]
  call/reply: 256 B  8863 ns/round-trip  (112824 round-trips/s over 20000 calls / 177 ms) [generic path]
  call/reply: 32 B  9002 ns/round-trip  (111086 round-trips/s over 20000 calls / 180 ms) [caller outranks server, D1 donates]
  phase table (44 rows; cyc avg/max, min last and a floor; leaf -= NULL, composite -= NULL + k*(NEST-NULL)):
    NULL             15/4980  min=1  n=260000
    NEST             85/25440  min=60  n=260000
    NEST_LOCK        50/40620  min=40  n=260000
    CALL_TOTAL       16495/2717880  min=15700  n=259999
    CALL_VALIDATE    188/72340  min=160  n=260000
    CALL_LOCKED      16006/2717240  min=15200  n=259999
    CALL_RESOLVE     210/36820  min=180  n=260000
    CALL_PEEK        90/21840  min=80  n=260000
    CALL_PROBE       47/37400  min=20  n=259999
    CALL_POP         173/45560  min=140  n=259999
    CALL_COPY        1732/59980  min=1580  n=259999
    CALL_MINT        1395/190960  min=1300  n=259999
    CALL_MINT_CAP    227/98720  min=200  n=259999
    CALL_MINT_INFO   989/53940  min=920  n=259999
    CALL_DONATE      96/20620  min=80  n=19999
    CALL_PARK        390/71000  min=360  n=259999
    CALL_WAKE        10861/2712180  min=10300  n=259999
    CALL_RESUME      100/13800  min=80  n=260000
    CALL_SLOW_TOTAL  450080/450080  min=450080  n=1
    CALL_SLOW_LOCKED 434220/434220  min=434220  n=1
    CALL_SLOW_DONATE 0/0  min=0  n=0
    CALL_SLOW_PARK   332160/332160  min=332160  n=1
    RECV_LOCKED      11515/1370840  min=10920  n=259999
    RECV_RESOLVE     452/120420  min=400  n=260000
    RECV_SCAN        195/39480  min=180  n=259999
    RECV_PARK        10614/1168400  min=10080  n=259999
    REPLY_TOTAL      86992/699100  min=12240  n=13
    REPLY_VALIDATE   11632/39280  min=4080  n=13
    REPLY_LOCKED     2813/509460  min=2600  n=260000
    REPLY_LOOKUP     360/211800  min=320  n=260000
    REPLY_COPY       1633/54420  min=1480  n=260000
    REPLY_FUNNEL     196/503980  min=140  n=260000
    REPLY_WAKE       285/186700  min=200  n=260000
    REPLY_RECV_TOTAL 16284/1766120  min=15480  n=260000
    REPLY_RECV_TAIL  263/99640  min=240  n=259999
    WAKE_UNPARK      113/26200  min=40  n=520012
    PICK_NEXT        51/14700  min=20  n=520064
    SWITCH_TO        19027/373370720  min=9460  n=520013
    SWITCH_BOOK      76/169900  min=40  n=520039
    MPU_APPLY        187/47160  min=140  n=520039
    MPU_COMMIT       0/0  min=0  n=0
    REENT_SEAT       0/0  min=0  n=0
    KTIME_REARM      116/14740  min=100  n=520039
    ARCH_SWITCH      18321/373367680  min=8740  n=520013
  ns-probe: cyc=4294967295 ns=2148336246 capped=0
  sat-probe: width=64 fits+1/0 wide+0/1 max=1000

  throughput: 429749 ctx-sw/s  (2326 ns/sw avg over 40000 switches / 93 ms)
  switch-probe: fastpath-swaps=0  (swapped inside the trap, so not in the switch row)
  switch:    80/120/240 cyc  40/60/120 ns  (p50/p99/max, n=40002)
  lock-hold: 1664/3328/39440 cyc  832/1664/19727 ns  (p50/p99/max, n=80246)
  lock-site: core=0 site=0x40ad27 max=39440
  irq-probe: line=6 raise=inject on=0 raised=100 hcore=none foreign=0 win=0
  irq:       0/0/0 cyc  0/0/0 ns  (p50/max/max, n=0)
  wcase-probe: line=6 raise=inject on=0 raised=100 hcore=none foreign=0 win=0
  wcase-irq[0B]:    0/0/0 cyc  0/0/0 ns  (p50/max/max, n=0)
  wcase-probe: line=6 raise=inject on=0 raised=100 hcore=none foreign=0 win=0
  wcase-irq[64B]:   0/0/0 cyc  0/0/0 ns  (p50/max/max, n=0)
  wcase-probe: line=6 raise=inject on=0 raised=100 hcore=none foreign=0 win=0
  wcase-irq[256B]:  0/0/0 cyc  0/0/0 ns  (p50/max/max, n=0)
  wcase-probe: line=6 raise=inject on=0 raised=100 hcore=none foreign=0 win=0
  wcase-irq[1024B]: 0/0/0 cyc  0/0/0 ns  (p50/max/max, n=0)
  e2e-settle: settled=2/2
  e2e-probe: line=7 closed=1000 dropped=0 tare=310/605 ns  (min/avg, n=64)
  e2e-passes: asked=1000 raised=1000
  e2e-local: 4096/4096/667705 ns  (p50/p99/max, n=1000)
  throughput: 456392 ctx-sw/s  (2191 ns/sw avg over 40000 switches / 87 ms)
  switch-probe: fastpath-swaps=0  (swapped inside the trap, so not in the switch row)
  switch:    80/120/400 cyc  40/60/200 ns  (p50/p99/max, n=40002)
  lock-hold: 1536/3072/55860 cyc  768/1536/27941 ns  (p50/p99/max, n=80249)
  lock-site: core=0 site=0x40ad27 max=55860
  irq-probe: line=6 raise=inject on=0 raised=100 hcore=none foreign=0 win=0
  irq:       0/0/0 cyc  0/0/0 ns  (p50/max/max, n=0)
  wcase-probe: line=6 raise=inject on=0 raised=100 hcore=none foreign=0 win=0
  wcase-irq[0B]:    0/0/0 cyc  0/0/0 ns  (p50/max/max, n=0)
  wcase-probe: line=6 raise=inject on=0 raised=100 hcore=none foreign=0 win=0
  wcase-irq[64B]:   0/0/0 cyc  0/0/0 ns  (p50/max/max, n=0)
  wcase-probe: line=6 raise=inject on=0 raised=100 hcore=none foreign=0 win=0
  wcase-irq[256B]:  0/0/0 cyc  0/0/0 ns  (p50/max/max, n=0)
  wcase-probe: line=6 raise=inject on=0 raised=100 hcore=none foreign=0 win=0
  wcase-irq[1024B]: 0/0/0 cyc  0/0/0 ns  (p50/max/max, n=0)
  e2e-settle: settled=2/2
  e2e-probe: line=7 closed=1000 dropped=0 tare=310/605 ns  (min/avg, n=64)
  e2e-passes: asked=1000 raised=1000
  e2e-local: 4096/4096/64046 ns  (p50/p99/max, n=1000)
  throughput: 465276 ctx-sw/s  (2149 ns/sw avg over 40000 switches / 85 ms)
  switch-probe: fastpath-swaps=0  (swapped inside the trap, so not in the switch row)
  switch:    80/96/260 cyc  40/48/130 ns  (p50/p99/max, n=40002)
  lock-hold: 1152/2048/21840 cyc  576/1024/10924 ns  (p50/p99/max, n=80248)
  lock-site: core=0 site=0x418288 max=21840
  irq-probe: line=6 raise=inject on=0 raised=100 hcore=none foreign=0 win=0
  irq:       0/0/0 cyc  0/0/0 ns  (p50/max/max, n=0)
  wcase-probe: line=6 raise=inject on=0 raised=100 hcore=none foreign=0 win=0
  wcase-irq[0B]:    0/0/0 cyc  0/0/0 ns  (p50/max/max, n=0)
  wcase-probe: line=6 raise=inject on=0 raised=100 hcore=none foreign=0 win=0
  wcase-irq[64B]:   0/0/0 cyc  0/0/0 ns  (p50/max/max, n=0)
  wcase-probe: line=6 raise=inject on=0 raised=100 hcore=none foreign=0 win=0
  wcase-irq[256B]:  0/0/0 cyc  0/0/0 ns  (p50/max/max, n=0)
  wcase-probe: line=6 raise=inject on=0 raised=100 hcore=none foreign=0 win=0
  wcase-irq[1024B]: 0/0/0 cyc  0/0/0 ns  (p50/max/max, n=0)
  e2e-settle: settled=2/2
  e2e-probe: line=7 closed=1000 dropped=0 tare=310/605 ns  (min/avg, n=64)
  e2e-passes: asked=1000 raised=1000
  e2e-local: 4096/4096/27961 ns  (p50/p99/max, n=1000)
  xtask ping-pong: 7989 ns/switch  (40000 switches / 319 ms)
  xtask call/reply: 16 B  25901 ns/round-trip  (38608 round-trips/s over 20000 calls / 518 ms)
  spawn/exit: thread 46082 ns  (200 reps / 9 ms)
  spawn/exit: task 90347 ns  (200 reps / 18 ms)
bench: done

KICKOS-EXIT status 0
POLL_OK=1 POLL_MS=5000
