  call/reply: 64 B  66660 ns/round-trip  (15001 round-trips/s over 20000 calls / 1333 ms) [generic path]

  ==============================================
   KickOS 0.5.1  -  microkernel RTOS
  ==============================================
   board   xmc4800-relax
   arch    armv7m
   cpu     cortex-m4
   mpu     enforce
   sched   tickless
   build   2026-09-30 10:00:02 +0200
   app     Sep 30 2026 10:00:03 +0200
   commit  628de9cb
   heap    26 KiB available
   kstack  1008 B x 9 = 9072 B

microbenchmark: context-switch throughput (all arches) + per-switch cost
+ IRQ-entry latency where a cycle counter exists. Reporter woken by the
workload, not a timer. Telemetry OFF for clean numbers.
cycle counter: 144000000 Hz (0 = no rate converts a reading; cycles only)

  lock-probe: hold+1 core=0 depth=0  (three nested, one outermost)
  call/reply: 8 B  53652 ns/round-trip  (18638 round-trips/s over 20000 calls / 1073 ms)
  call/reply: 16 B  54205 ns/round-trip  (18448 round-trips/s over 20000 calls / 1084 ms)
  call/reply: 32 B  66138 ns/round-trip  (15119 round-trips/s over 20000 calls / 1322 ms)
  call/reply: 64 B  66915 ns/round-trip  (14944 round-trips/s over 20000 calls / 1338 ms)
  call/reply: 128 B  68471 ns/round-trip  (14604 round-trips/s over 20000 calls / 1369 ms)
  call/reply: 256 B  71582 ns/round-trip  (13969 round-trips/s over 20000 calls / 1431 ms)
  call/reply: 8 B  65297 ns/round-trip  (15314 round-trips/s over 20000 calls / 1305 ms) [generic path]
  call/reply: 16 B  65494 ns/round-trip  (15268 round-trips/s over 20000 calls / 1309 ms) [generic path]
  call/reply: 32 B  65883 ns/round-trip  (15178 round-trips/s over 20000 calls / 1317 ms) [generic path]
  call/reply: 64 B  66660 ns/round-trip  (15001 round-trips/s over 20000 calls / 1333 ms) [generic path]
  call/reply: 128 B  68216 ns/round-trip  (14659 round-trips/s over 20000 calls / 1364 ms) [generic path]
  call/reply: 256 B  71327 ns/round-trip  (14019 round-trips/s over 20000 calls / 1426 ms) [generic path]
  call/reply: 32 B  68049 ns/round-trip  (14695 round-trips/s over 20000 calls / 1360 ms) [caller outranks server, D1 donates]
  phase table (44 rows; cyc avg/max, min last and a floor; leaf -= NULL, composite -= NULL + k*(NEST-NULL)):
    NULL             0/0  min=0  n=220000
    NEST             0/0  min=0  n=220000
    NEST_LOCK        0/0  min=0  n=220000
    CALL_TOTAL       0/0  min=0  n=219999
    CALL_VALIDATE    0/0  min=0  n=220000
    CALL_LOCKED      0/0  min=0  n=219999
    CALL_RESOLVE     0/0  min=0  n=220000
    CALL_PEEK        0/0  min=0  n=220000
    CALL_PROBE       0/0  min=0  n=219999
    CALL_POP         0/0  min=0  n=219999
    CALL_COPY        0/0  min=0  n=219999
    CALL_MINT        0/0  min=0  n=219999
    CALL_MINT_CAP    0/0  min=0  n=219999
    CALL_MINT_INFO   0/0  min=0  n=219999
    CALL_DONATE      0/0  min=0  n=19999
    CALL_PARK        0/0  min=0  n=219999
    CALL_WAKE        0/0  min=0  n=219999
    CALL_RESUME      0/0  min=0  n=220000
    CALL_SLOW_TOTAL  0/0  min=0  n=1
    CALL_SLOW_LOCKED 0/0  min=0  n=1
    CALL_SLOW_DONATE 0/0  min=0  n=0
    CALL_SLOW_PARK   0/0  min=0  n=1
    RECV_LOCKED      0/0  min=0  n=259999
    RECV_RESOLVE     0/0  min=0  n=260000
    RECV_SCAN        0/0  min=0  n=259999
    RECV_PARK        0/0  min=0  n=259999
    REPLY_TOTAL      0/0  min=0  n=13
    REPLY_VALIDATE   0/0  min=0  n=13
    REPLY_LOCKED     0/0  min=0  n=260000
    REPLY_LOOKUP     0/0  min=0  n=260000
    REPLY_COPY       0/0  min=0  n=260000
    REPLY_FUNNEL     0/0  min=0  n=260000
    REPLY_WAKE       0/0  min=0  n=260000
    REPLY_RECV_TOTAL 0/0  min=0  n=260000
    REPLY_RECV_TAIL  0/0  min=0  n=259999
    WAKE_UNPARK      0/0  min=0  n=520012
    PICK_NEXT        0/0  min=0  n=480064
    SWITCH_TO        0/0  min=0  n=480039
    SWITCH_BOOK      0/0  min=0  n=520039
    MPU_APPLY        0/0  min=0  n=520039
    MPU_COMMIT       0/0  min=0  n=520039
    REENT_SEAT       0/0  min=0  n=520039
    KTIME_REARM      0/0  min=0  n=520039
    ARCH_SWITCH      0/0  min=0  n=480039
  ns-probe: cyc=4294967295 ns=4294967295 capped=1
  sat-probe: width=32 (no delta this counter forms is too wide)

  throughput: 46762 ctx-sw/s  (21384 ns/sw avg over 40000 switches / 855 ms)
  switch-probe: fastpath-swaps=0  (swapped inside the trap, so not in the switch row)
  switch:    0/0/0 cyc  0/0/0 ns  (min/avg/max, n=40002)
  lock-hold: 0/0/0 cyc  0/0/0 ns  (min/avg/max, n=80021)
  lock-site: core=0 site=0x8006f0b max=0
  irq-probe: line=6 raise=stir on=0 raised=100 hcore=0 foreign=0 win=0
  irq:       1/1/1 cyc  6/6/6 ns  (min/avg/max, n=100)
  wcase-probe: line=6 raise=stir on=0 raised=100 hcore=0 foreign=0 win=0
  wcase-irq[0B]:    1/1/1 cyc  6/6/6 ns  (min/avg/max, n=100)
  wcase-probe: line=6 raise=stir on=0 raised=100 hcore=0 foreign=0 win=0
  wcase-irq[64B]:   1/1/1 cyc  6/6/6 ns  (min/avg/max, n=100)
  wcase-probe: line=6 raise=stir on=0 raised=100 hcore=0 foreign=0 win=0
  wcase-irq[256B]:  1/1/1 cyc  6/6/6 ns  (min/avg/max, n=100)
  wcase-probe: line=6 raise=stir on=0 raised=100 hcore=0 foreign=0 win=0
  wcase-irq[1024B]: 1/1/1 cyc  6/6/6 ns  (min/avg/max, n=100)
  e2e-settle: settled=2/2
  e2e-probe: line=7 closed=1000 dropped=0 tare=2944/2998 ns  (min/avg, n=64)
  e2e-passes: asked=1000 raised=1000
  e2e-local: 18694/19072/20528 ns  (min/avg/max, n=1000)
  throughput: 46783 ctx-sw/s  (21375 ns/sw avg over 40000 switches / 855 ms)
  switch-probe: fastpath-swaps=0  (swapped inside the trap, so not in the switch row)
  switch:    0/0/0 cyc  0/0/0 ns  (min/avg/max, n=40002)
  lock-hold: 0/0/0 cyc  0/0/0 ns  (min/avg/max, n=80021)
  lock-site: core=0 site=0x8006f0b max=0
  irq-probe: line=6 raise=stir on=0 raised=100 hcore=0 foreign=0 win=0
  irq:       1/1/1 cyc  6/6/6 ns  (min/avg/max, n=100)
  wcase-probe: line=6 raise=stir on=0 raised=100 hcore=0 foreign=0 win=0
  wcase-irq[0B]:    1/1/1 cyc  6/6/6 ns  (min/avg/max, n=100)
  wcase-probe: line=6 raise=stir on=0 raised=100 hcore=0 foreign=0 win=0
  wcase-irq[64B]:   1/1/1 cyc  6/6/6 ns  (min/avg/max, n=100)
  wcase-probe: line=6 raise=stir on=0 raised=100 hcore=0 foreign=0 win=0
  wcase-irq[256B]:  1/1/1 cyc  6/6/6 ns  (min/avg/max, n=100)
  wcase-probe: line=6 raise=stir on=0 raised=100 hcore=0 foreign=0 win=0
  wcase-irq[1024B]: 1/1/1 cyc  6/6/6 ns  (min/avg/max, n=100)
  e2e-settle: settled=2/2
  e2e-probe: line=7 closed=1000 dropped=0 tare=2944/2998 ns  (min/avg, n=64)
  e2e-passes: asked=1000 raised=1000
  e2e-local: 18694/19079/20528 ns  (min/avg/max, n=1000)
  throughput: 46783 ctx-sw/s  (21375 ns/sw avg over 40000 switches / 855 ms)
  switch-probe: fastpath-swaps=0  (swapped inside the trap, so not in the switch row)
  switch:    0/0/0 cyc  0/0/0 ns  (min/avg/max, n=40002)
  lock-hold: 0/0/0 cyc  0/0/0 ns  (min/avg/max, n=80021)
  lock-site: core=0 site=0x8006f0b max=0
  irq-probe: line=6 raise=stir on=0 raised=100 hcore=0 foreign=0 win=0
  irq:       1/1/1 cyc  6/6/6 ns  (min/avg/max, n=100)
  wcase-probe: line=6 raise=stir on=0 raised=100 hcore=0 foreign=0 win=0
  wcase-irq[0B]:    1/1/1 cyc  6/6/6 ns  (min/avg/max, n=100)
  wcase-probe: line=6 raise=stir on=0 raised=100 hcore=0 foreign=0 win=0
  wcase-irq[64B]:   1/1/1 cyc  6/6/6 ns  (min/avg/max, n=100)
  wcase-probe: line=6 raise=stir on=0 raised=100 hcore=0 foreign=0 win=0
  wcase-irq[256B]:  1/1/1 cyc  6/6/6 ns  (min/avg/max, n=100)
  wcase-probe: line=6 raise=stir on=0 raised=100 hcore=0 foreign=0 win=0
  wcase-irq[1024B]: 1/1/1 cyc  6/6/6 ns  (min/avg/max, n=100)
  e2e-settle: settled=2/2
  e2e-probe: line=7 closed=1000 dropped=0 tare=2944/2998 ns  (min/avg, n=64)
  e2e-passes: asked=1000 raised=1000
  e2e-local: 18694/19070/20528 ns  (min/avg/max, n=1000)
  xtask ping-pong: 21501 ns/switch  (40000 switches / 860 ms)
  xtask call/reply: 16 B  54202 ns/round-trip  (18449 round-trips/s over 20000 calls / 1084 ms)
  spawn/exit: thread 145161 ns  (200 reps / 29 ms)
  spawn/exit: task 161413 ns  (200 reps / 32 ms)
bench: done
