89a1feac34b25f59e36d440da1094
Expected: ffffffffffffffffffffffffffffffffffffffffffffffffffffffffffffffff
Attempting to boot anyway...
entry 0x40800000

  ==============================================
   KickOS?ESP-ROM:esp32c6-20220919
Build:Sep 19 2022
rst:0x1 (POWERON),boot:0xc (SPI_FAST_FLASH_BOOT)
SPIWP:0xee
mode:DIO, clock div:2
load:0x40800000,len:0x120b4
load:0x40820000,len:0x40
load:0x40830000,len:0x138
SHA-256 comparison failed:
Calculated: 185b7748dd4d480ce0a293c762aef13604d89a1feac34b25f59e36d440da1094
Expected: ffffffffffffffffffffffffffffffffffffffffffffffffffffffffffffffff
Attempting to boot anyway...
entry 0x40800000

  ==============================================
   KickOS 0.5.1  -  microkernel RTOS
  ==============================================
   board   esp32c6-wroom
   arch    rv32imac
   cpu     rv32imac_zicsr
   mpu     enforce
   sched   tickless
   build   2026-09-30 10:27:00 +0200
   app     Sep 30 2026 10:27:01 +0200
   commit  628de9cb
   heap    26 KiB available
   kstack  1184 B x 17 = 20128 B

microbenchmark: context-switch throughput (all arches) + per-switch cost
+ IRQ-entry latency where a cycle counter exists. Reporter woken by the
workload, not a timer. Telemetry OFF for clean numbers.
cycle counter: 160000000 Hz (0 = no rate converts a reading; cycles only)

  lock-probe: hold+1 core=0 depth=0  (three nested, one outermost)
  call/reply: 8 B  38769 ns/round-trip  (25793 round-trips/s over 20000 calls / 775 ms)
  call/reply: 16 B  39388 ns/round-trip  (25388 round-trips/s over 20000 calls / 787 ms)
  call/reply: 32 B  50301 ns/round-trip  (19880 round-trips/s over 20000 calls / 1006 ms)
  call/reply: 64 B  51401 ns/round-trip  (19454 round-trips/s over 20000 calls / 1028 ms)
  call/reply: 128 B  53601 ns/round-trip  (18656 round-trips/s over 20000 calls / 1072 ms)
  call/reply: 256 B  58013 ns/round-trip  (17237 round-trips/s over 20000 calls / 1160 ms)
  call/reply: 8 B  49363 ns/round-trip  (20257 round-trips/s over 20000 calls / 987 ms) [generic path]
  call/reply: 16 B  49638 ns/round-trip  (20145 round-trips/s over 20000 calls / 992 ms) [generic path]
  call/reply: 32 B  50188 ns/round-trip  (19924 round-trips/s over 20000 calls / 1003 ms) [generic path]
  call/reply: 64 B  51288 ns/round-trip  (19497 round-trips/s over 20000 calls / 1025 ms) [generic path]
  call/reply: 128 B  53488 ns/round-trip  (18695 round-trips/s over 20000 calls / 1069 ms) [generic path]
  call/reply: 256 B  57901 ns/round-trip  (17270 round-trips/s over 20000 calls / 1158 ms) [generic path]
  call/reply: 32 B  51456 ns/round-trip  (19433 round-trips/s over 20000 calls / 1029 ms) [caller outranks server, D1 donates]
  phase table (44 rows; cyc avg/max, min last and a floor; leaf -= NULL, composite -= NULL + k*(NEST-NULL)):
    NULL             2/2  min=2  n=220000
    NEST             54/54  min=54  n=220000
    NEST_LOCK        30/30  min=30  n=220000
    CALL_TOTAL       2959/3405  min=2721  n=219999
    CALL_VALIDATE    238/238  min=238  n=220000
    CALL_LOCKED      2578/3024  min=2340  n=219999
    CALL_RESOLVE     145/145  min=145  n=220000
    CALL_PEEK        18/19  min=18  n=220000
    CALL_PROBE       18/18  min=18  n=219999
    CALL_POP         53/53  min=53  n=219999
    CALL_COPY        325/775  min=93  n=219999
    CALL_MINT        446/446  min=446  n=219999
    CALL_MINT_CAP    245/245  min=245  n=219999
    CALL_MINT_INFO   93/93  min=93  n=219999
    CALL_DONATE      24/24  min=24  n=19999
    CALL_PARK        128/128  min=128  n=219999
    CALL_WAKE        799/799  min=799  n=219999
    CALL_RESUME      28/28  min=28  n=220000
    CALL_SLOW_TOTAL  2535/2535  min=2535  n=1
    CALL_SLOW_LOCKED 2154/2154  min=2154  n=1
    CALL_SLOW_DONATE 0/0  min=0  n=0
    CALL_SLOW_PARK   1619/1619  min=1619  n=1
    RECV_LOCKED      1199/2113  min=1197  n=259999
    RECV_RESOLVE     228/304  min=228  n=260000
    RECV_SCAN        36/36  min=36  n=259999
    RECV_PARK        784/1622  min=782  n=259999
    REPLY_TOTAL      1449/1887  min=1204  n=13
    REPLY_VALIDATE   144/144  min=144  n=13
    REPLY_LOCKED     932/1409  min=726  n=260000
    REPLY_LOOKUP     225/225  min=225  n=260000
    REPLY_COPY       290/775  min=92  n=260000
    REPLY_FUNNEL     60/152  min=53  n=260000
    REPLY_WAKE       136/139  min=136  n=260000
    REPLY_RECV_TOTAL 3081/8071  min=1883  n=260000
    REPLY_RECV_TAIL  169/169  min=169  n=259999
    WAKE_UNPARK      53/55  min=51  n=520012
    PICK_NEXT        60/60  min=60  n=480064
    SWITCH_TO        466/1306  min=466  n=480039
    SWITCH_BOOK      63/68  min=63  n=520039
    MPU_APPLY        19/20  min=19  n=520039
    MPU_COMMIT       75/75  min=75  n=520039
    REENT_SEAT       24/865  min=24  n=520039
    KTIME_REARM      55/55  min=55  n=520039
    ARCH_SWITCH      22/22  min=22  n=480039
  ns-probe: cyc=4294967295 ns=4294967295 capped=1
  sat-probe: width=32 (no delta this counter forms is too wide)

  throughput: 56231 ctx-sw/s  (17783 ns/sw avg over 40000 switches / 711 ms)
  switch-probe: fastpath-swaps=0  (swapped inside the trap, so not in the switch row)
  switch:    144/144/156 cyc  900/900/975 ns  (p50/p99/max, n=40001)
  lock-hold: 512/896/2073 cyc  3200/5600/12956 ns  (p50/p99/max, n=80018)
  lock-site: core=0 site=0x4080544a max=2073
  irq-probe: line=6 raise=inject on=0 raised=100 hcore=0 foreign=0 win=345
  irq:       192/198/198 cyc  1200/1237/1237 ns  (p50/max/max, n=100)
  wcase-probe: line=6 raise=inject on=0 raised=100 hcore=0 foreign=0 win=351
  wcase-irq[0B]:    208/211/211 cyc  1300/1318/1318 ns  (p50/max/max, n=100)
  wcase-probe: line=6 raise=inject on=0 raised=100 hcore=0 foreign=0 win=992
  wcase-irq[64B]:   832/852/852 cyc  5200/5325/5325 ns  (p50/max/max, n=100)
  wcase-probe: line=6 raise=inject on=0 raised=100 hcore=0 foreign=0 win=4985
  wcase-irq[256B]:  2560/4845/4845 cyc  16000/30281/30281 ns  (p50/max/max, n=100)
  wcase-probe: line=6 raise=inject on=0 raised=100 hcore=0 foreign=0 win=15933
  wcase-irq[1024B]: 10240/15793/15793 cyc  64000/98706/98706 ns  (p50/max/max, n=100)
  e2e-settle: settled=2/2
  e2e-probe: line=7 closed=1000 dropped=0 tare=2387/2387 ns  (min/avg, n=64)
  e2e-passes: asked=1000 raised=1000
  e2e-local: 15360/15360/47832 ns  (p50/p99/max, n=1000)
  throughput: 56243 ctx-sw/s  (17779 ns/sw avg over 40000 switches / 711 ms)
  switch-probe: fastpath-swaps=0  (swapped inside the trap, so not in the switch row)
  switch:    144/144/156 cyc  900/900/975 ns  (p50/p99/max, n=40001)
  lock-hold: 512/896/2073 cyc  3200/5600/12956 ns  (p50/p99/max, n=80018)
  lock-site: core=0 site=0x4080544a max=2073
  irq-probe: line=6 raise=inject on=0 raised=100 hcore=0 foreign=0 win=345
  irq:       192/198/198 cyc  1200/1237/1237 ns  (p50/max/max, n=100)
  wcase-probe: line=6 raise=inject on=0 raised=100 hcore=0 foreign=0 win=351
  wcase-irq[0B]:    208/211/211 cyc  1300/1318/1318 ns  (p50/max/max, n=100)
  wcase-probe: line=6 raise=inject on=0 raised=100 hcore=0 foreign=0 win=992
  wcase-irq[64B]:   832/852/852 cyc  5200/5325/5325 ns  (p50/max/max, n=100)
  wcase-probe: line=6 raise=inject on=0 raised=100 hcore=0 foreign=0 win=4985
  wcase-irq[256B]:  2560/4845/4845 cyc  16000/30281/30281 ns  (p50/max/max, n=100)
  wcase-probe: line=6 raise=inject on=0 raised=100 hcore=0 foreign=0 win=15933
  wcase-irq[1024B]: 10240/15793/15793 cyc  64000/98706/98706 ns  (p50/max/max, n=100)
  e2e-settle: settled=2/2
  e2e-probe: line=7 closed=1000 dropped=0 tare=2387/2387 ns  (min/avg, n=64)
  e2e-passes: asked=1000 raised=1000
  e2e-local: 15360/15360/47832 ns  (p50/p99/max, n=1000)
  throughput: 56243 ctx-sw/s  (17779 ns/sw avg over 40000 switches / 711 ms)
  switch-probe: fastpath-swaps=0  (swapped inside the trap, so not in the switch row)
  switch:    144/144/156 cyc  900/900/975 ns  (p50/p99/max, n=40001)
  lock-hold: 512/896/2073 cyc  3200/5600/12956 ns  (p50/p99/max, n=80018)
  lock-site: core=0 site=0x4080544a max=2073
  irq-probe: line=6 raise=inject on=0 raised=100 hcore=0 foreign=0 win=345
  irq:       192/198/198 cyc  1200/1237/1237 ns  (p50/max/max, n=100)
  wcase-probe: line=6 raise=inject on=0 raised=100 hcore=0 foreign=0 win=351
  wcase-irq[0B]:    208/211/211 cyc  1300/1318/1318 ns  (p50/max/max, n=100)
  wcase-probe: line=6 raise=inject on=0 raised=100 hcore=0 foreign=0 win=992
  wcase-irq[64B]:   832/852/852 cyc  5200/5325/5325 ns  (p50/max/max, n=100)
  wcase-probe: line=6 raise=inject on=0 raised=100 hcore=0 foreign=0 win=4985
  wcase-irq[256B]:  2560/4845/4845 cyc  16000/30281/30281 ns  (p50/max/max, n=100)
  wcase-probe: line=6 raise=inject on=0 raised=100 hcore=0 foreign=0 win=15933
  wcase-irq[1024B]: 10240/15793/15793 cyc  64000/98706/98706 ns  (p50/max/max, n=100)
  e2e-settle: settled=2/2
  e2e-probe: line=7 closed=1000 dropped=0 tare=2387/2387 ns  (min/avg, n=64)
  e2e-passes: asked=1000 raised=1000
  e2e-local: 15360/15360/47832 ns  (p50/p99/max, n=1000)
  xtask ping-pong: 17764 ns/switch  (40000 switches / 710 ms)
  xtask call/reply: 16 B  39388 ns/round-trip  (25388 round-trips/s over 20000 calls / 787 ms)
  spawn/exit: thread 164316 ns  (200 reps / 32 ms)
  spawn/exit: task 177560 ns  (200 reps / 35 ms)
bench: done
