
  ==============================================
   KickOS 0.5.1  -  microkernel RTOS
  ==============================================
   board   qemu-riscv64
   arch    rv64imac
   cpu     rv64imac_zicsr_zmmul_zaamo_zalrsc_zca
   mpu     off
   sched   tickless
   build   2026-09-30 09:46:09 +0200
   app     Sep 30 2026 09:46:10 +0200
   commit  628de9cb
   heap    64 KiB available
   kstack  4096 B x 17 = 69632 B

microbenchmark: context-switch throughput (all arches) + per-switch cost
+ IRQ-entry latency where a cycle counter exists. Reporter woken by the
workload, not a timer. Telemetry OFF for clean numbers.
cycle counter: 0 Hz (0 = no rate converts a reading; cycles only)

  lock-probe: hold+1 core=0 depth=0  (three nested, one outermost)
  call/reply: 8 B  21801 ns/round-trip  (45868 round-trips/s over 20000 calls / 436 ms)
  call/reply: 16 B  21522 ns/round-trip  (46463 round-trips/s over 20000 calls / 430 ms)
  call/reply: 32 B  21545 ns/round-trip  (46412 round-trips/s over 20000 calls / 430 ms)
  call/reply: 64 B  21506 ns/round-trip  (46496 round-trips/s over 20000 calls / 430 ms)
  call/reply: 128 B  21551 ns/round-trip  (46399 round-trips/s over 20000 calls / 431 ms)
  call/reply: 256 B  21587 ns/round-trip  (46322 round-trips/s over 20000 calls / 431 ms)
  call/reply: 8 B  21575 ns/round-trip  (46349 round-trips/s over 20000 calls / 431 ms) [generic path]
  call/reply: 16 B  21496 ns/round-trip  (46518 round-trips/s over 20000 calls / 429 ms) [generic path]
  call/reply: 32 B  21634 ns/round-trip  (46221 round-trips/s over 20000 calls / 432 ms) [generic path]
  call/reply: 64 B  21563 ns/round-trip  (46374 round-trips/s over 20000 calls / 431 ms) [generic path]
  call/reply: 128 B  21626 ns/round-trip  (46239 round-trips/s over 20000 calls / 432 ms) [generic path]
  call/reply: 256 B  21769 ns/round-trip  (45936 round-trips/s over 20000 calls / 435 ms) [generic path]
  call/reply: 32 B  22131 ns/round-trip  (45185 round-trips/s over 20000 calls / 442 ms) [caller outranks server, D1 donates]
  phase table (44 rows; cyc avg/max, min last and a floor; leaf -= NULL, composite -= NULL + k*(NEST-NULL)):
    NULL             182/62800  min=160  n=260000
    NEST             691/75740  min=600  n=260000
    NEST_LOCK        588/65340  min=540  n=260000
    CALL_TOTAL       39883/2289960  min=38320  n=259999
    CALL_VALIDATE    407/48140  min=360  n=260000
    CALL_LOCKED      38173/2288160  min=36620  n=259999
    CALL_RESOLVE     470/47700  min=400  n=260000
    CALL_PEEK        276/13140  min=240  n=260000
    CALL_PROBE       289/30700  min=260  n=259999
    CALL_POP         336/37720  min=300  n=259999
    CALL_COPY        2783/115640  min=2560  n=259999
    CALL_MINT        2986/267700  min=2820  n=259999
    CALL_MINT_CAP    547/88140  min=500  n=259999
    CALL_MINT_INFO   1749/265900  min=1600  n=259999
    CALL_DONATE      287/14920  min=260  n=19999
    CALL_PARK        605/66300  min=560  n=259999
    CALL_WAKE        25811/2275840  min=24780  n=259999
    CALL_RESUME      302/28180  min=260  n=260000
    CALL_SLOW_TOTAL  383920/383920  min=383920  n=1
    CALL_SLOW_LOCKED 371480/371480  min=371480  n=1
    CALL_SLOW_DONATE 0/0  min=0  n=0
    CALL_SLOW_PARK   276540/276540  min=276540  n=1
    RECV_LOCKED      29574/1009260  min=28380  n=259999
    RECV_RESOLVE     868/106140  min=760  n=260000
    RECV_SCAN        348/35620  min=320  n=259999
    RECV_PARK        27370/841000  min=26240  n=259999
    REPLY_TOTAL      120992/1105560  min=27040  n=13
    REPLY_VALIDATE   11738/26260  min=9460  n=13
    REPLY_LOCKED     6133/329960  min=5740  n=260000
    REPLY_LOOKUP     735/174580  min=640  n=260000
    REPLY_COPY       2730/67040  min=2500  n=260000
    REPLY_FUNNEL     398/55960  min=340  n=260000
    REPLY_WAKE       867/39960  min=780  n=260000
    REPLY_RECV_TOTAL 39382/1330600  min=37780  n=260000
    REPLY_RECV_TAIL  939/167200  min=880  n=259999
    WAKE_UNPARK      256/42700  min=180  n=520012
    PICK_NEXT        283/87120  min=240  n=520064
    SWITCH_TO        46716/884556600  min=23120  n=520013
    SWITCH_BOOK      240/177920  min=200  n=520039
    MPU_APPLY        335/31280  min=300  n=520039
    MPU_COMMIT       0/0  min=0  n=0
    REENT_SEAT       164/24840  min=120  n=520039
    KTIME_REARM      227/15680  min=200  n=520039
    ARCH_SWITCH      44420/884540360  min=20840  n=520013
  ns-probe: rate=0 (nothing converts, so no ns column is printed)
  sat-probe: width=64 fits+1/0 wide+0/1 max=1000

  throughput: 167221 ctx-sw/s  (5980 ns/sw avg over 40000 switches / 239 ms)
  switch-probe: fastpath-swaps=0  (swapped inside the trap, so not in the switch row)
  switch:    256/256/13080 cyc  (p50/p99/max, n=40002)
  lock-hold: 3328/5120/35440 cyc  (p50/p99/max, n=80236)
  lock-site: core=0 site=0xffffffff80002dd2 max=35440
  irq-probe: line=6 raise=inject on=0 raised=100 hcore=none foreign=0 win=0
  irq:       0/0/0 cyc  (p50/max/max, n=0)
  wcase-probe: line=6 raise=inject on=0 raised=100 hcore=none foreign=0 win=0
  wcase-irq[0B]:    0/0/0 cyc  (p50/max/max, n=0)
  wcase-probe: line=6 raise=inject on=0 raised=100 hcore=none foreign=0 win=0
  wcase-irq[64B]:   0/0/0 cyc  (p50/max/max, n=0)
  wcase-probe: line=6 raise=inject on=0 raised=100 hcore=none foreign=0 win=0
  wcase-irq[256B]:  0/0/0 cyc  (p50/max/max, n=0)
  wcase-probe: line=6 raise=inject on=0 raised=100 hcore=none foreign=0 win=0
  wcase-irq[1024B]: 0/0/0 cyc  (p50/max/max, n=0)
  e2e-settle: settled=2/2
  e2e-probe: line=7 closed=1000 dropped=0 tare=900/1206 ns  (min/avg, n=64)
  e2e-passes: asked=1000 raised=1000
  e2e-local: 5632/6144/249700 ns  (p50/p99/max, n=1000)
  throughput: 165380 ctx-sw/s  (6046 ns/sw avg over 40000 switches / 241 ms)
  switch-probe: fastpath-swaps=0  (swapped inside the trap, so not in the switch row)
  switch:    256/288/5680 cyc  (p50/p99/max, n=40002)
  lock-hold: 3584/5120/76380 cyc  (p50/p99/max, n=80238)
  lock-site: core=0 site=0xffffffff800014a2 max=76380
  irq-probe: line=6 raise=inject on=0 raised=100 hcore=none foreign=0 win=0
  irq:       0/0/0 cyc  (p50/max/max, n=0)
  wcase-probe: line=6 raise=inject on=0 raised=100 hcore=none foreign=0 win=0
  wcase-irq[0B]:    0/0/0 cyc  (p50/max/max, n=0)
  wcase-probe: line=6 raise=inject on=0 raised=100 hcore=none foreign=0 win=0
  wcase-irq[64B]:   0/0/0 cyc  (p50/max/max, n=0)
  wcase-probe: line=6 raise=inject on=0 raised=100 hcore=none foreign=0 win=0
  wcase-irq[256B]:  0/0/0 cyc  (p50/max/max, n=0)
  wcase-probe: line=6 raise=inject on=0 raised=100 hcore=none foreign=0 win=0
  wcase-irq[1024B]: 0/0/0 cyc  (p50/max/max, n=0)
  e2e-settle: settled=2/2
  e2e-probe: line=7 closed=1000 dropped=0 tare=900/1206 ns  (min/avg, n=64)
  e2e-passes: asked=1000 raised=1000
  e2e-local: 5632/6144/41200 ns  (p50/p99/max, n=1000)
  throughput: 166756 ctx-sw/s  (5996 ns/sw avg over 40000 switches / 239 ms)
  switch-probe: fastpath-swaps=0  (swapped inside the trap, so not in the switch row)
  switch:    256/352/1880 cyc  (p50/p99/max, n=40002)
  lock-hold: 3328/5120/49580 cyc  (p50/p99/max, n=80238)
  lock-site: core=0 site=0xffffffff800014a2 max=49580
  irq-probe: line=6 raise=inject on=0 raised=100 hcore=none foreign=0 win=0
  irq:       0/0/0 cyc  (p50/max/max, n=0)
  wcase-probe: line=6 raise=inject on=0 raised=100 hcore=none foreign=0 win=0
  wcase-irq[0B]:    0/0/0 cyc  (p50/max/max, n=0)
  wcase-probe: line=6 raise=inject on=0 raised=100 hcore=none foreign=0 win=0
  wcase-irq[64B]:   0/0/0 cyc  (p50/max/max, n=0)
  wcase-probe: line=6 raise=inject on=0 raised=100 hcore=none foreign=0 win=0
  wcase-irq[256B]:  0/0/0 cyc  (p50/max/max, n=0)
  wcase-probe: line=6 raise=inject on=0 raised=100 hcore=none foreign=0 win=0
  wcase-irq[1024B]: 0/0/0 cyc  (p50/max/max, n=0)
  e2e-settle: settled=2/2
  e2e-probe: line=7 closed=1000 dropped=0 tare=900/1206 ns  (min/avg, n=64)
  e2e-passes: asked=1000 raised=1000
  e2e-local: 5632/6656/39500 ns  (p50/p99/max, n=1000)
  xtask ping-pong: 12763 ns/switch  (40000 switches / 510 ms)
  xtask call/reply: 16 B  39304 ns/round-trip  (25442 round-trips/s over 20000 calls / 786 ms)
  spawn/exit: thread 56307 ns  (200 reps / 11 ms)
  spawn/exit: task 139101 ns  (200 reps / 27 ms)
bench: done
POLL_OK=1 POLL_MS=8600
