
  ==============================================
   KickOS 0.5.1  -  microkernel RTOS
  ==============================================
   board   qemu-arm64
   arch    armv8a
   cpu     cortex-a53
   mpu     off
   sched   tickless
   build   2026-09-30 09:46:03 +0200
   app     Sep 30 2026 09:46:03 +0200
   commit  628de9cb
   heap    64 KiB available
   kstack  4096 B x 17 = 69632 B

microbenchmark: context-switch throughput (all arches) + per-switch cost
+ IRQ-entry latency where a cycle counter exists. Reporter woken by the
workload, not a timer. Telemetry OFF for clean numbers.
cycle counter: 0 Hz (0 = no rate converts a reading; cycles only)

  lock-probe: hold+1 core=0 depth=0  (three nested, one outermost)
  call/reply: 8 B  19345 ns/round-trip  (51690 round-trips/s over 20000 calls / 386 ms)
  call/reply: 16 B  19159 ns/round-trip  (52194 round-trips/s over 20000 calls / 383 ms)
  call/reply: 32 B  19306 ns/round-trip  (51795 round-trips/s over 20000 calls / 386 ms)
  call/reply: 64 B  19329 ns/round-trip  (51733 round-trips/s over 20000 calls / 386 ms)
  call/reply: 128 B  19239 ns/round-trip  (51977 round-trips/s over 20000 calls / 384 ms)
  call/reply: 256 B  19305 ns/round-trip  (51798 round-trips/s over 20000 calls / 386 ms)
  call/reply: 8 B  19384 ns/round-trip  (51588 round-trips/s over 20000 calls / 387 ms) [generic path]
  call/reply: 16 B  19164 ns/round-trip  (52180 round-trips/s over 20000 calls / 383 ms) [generic path]
  call/reply: 32 B  19200 ns/round-trip  (52081 round-trips/s over 20000 calls / 384 ms) [generic path]
  call/reply: 64 B  19084 ns/round-trip  (52399 round-trips/s over 20000 calls / 381 ms) [generic path]
  call/reply: 128 B  19178 ns/round-trip  (52140 round-trips/s over 20000 calls / 383 ms) [generic path]
  call/reply: 256 B  19192 ns/round-trip  (52104 round-trips/s over 20000 calls / 383 ms) [generic path]
  call/reply: 32 B  19872 ns/round-trip  (50321 round-trips/s over 20000 calls / 397 ms) [caller outranks server, D1 donates]
  phase table (44 rows; cyc avg/max, min last and a floor; leaf -= NULL, composite -= NULL + k*(NEST-NULL)):
    NULL             110/24245  min=100  n=260000
    NEST             357/34295  min=330  n=260000
    NEST_LOCK        230/17673  min=190  n=260000
    CALL_TOTAL       17685/1169020  min=17002  n=259999
    CALL_VALIDATE    218/8196  min=190  n=260000
    CALL_LOCKED      16836/1168129  min=16180  n=259999
    CALL_RESOLVE     174/5040  min=150  n=260000
    CALL_PEEK        148/18334  min=130  n=260000
    CALL_PROBE       131/28824  min=110  n=259999
    CALL_POP         170/21070  min=150  n=259999
    CALL_COPY        625/20709  min=551  n=259999
    CALL_MINT        1038/72767  min=971  n=259999
    CALL_MINT_CAP    257/44353  min=220  n=259999
    CALL_MINT_INFO   384/19437  min=340  n=259999
    CALL_DONATE      156/9278  min=140  n=19999
    CALL_PARK        239/26780  min=210  n=259999
    CALL_WAKE        11972/1163250  min=11531  n=259999
    CALL_RESUME      159/29676  min=140  n=260000
    CALL_SLOW_TOTAL  211538/211538  min=211538  n=1
    CALL_SLOW_LOCKED 204846/204846  min=204846  n=1
    CALL_SLOW_DONATE 0/0  min=0  n=0
    CALL_SLOW_PARK   155503/155503  min=155503  n=1
    RECV_LOCKED      14203/529797  min=13656  n=259999
    RECV_RESOLVE     354/57138  min=330  n=260000
    RECV_SCAN        161/18314  min=140  n=259999
    RECV_PARK        13107/440429  min=12583  n=259999
    REPLY_TOTAL      44496/363665  min=8155  n=13
    REPLY_VALIDATE   5020/14628  min=1834  n=13
    REPLY_LOCKED     1894/169369  min=1763  n=260000
    REPLY_LOOKUP     249/91312  min=230  n=260000
    REPLY_COPY       480/12443  min=420  n=260000
    REPLY_FUNNEL     123/29135  min=90  n=260000
    REPLY_WAKE       421/24487  min=380  n=260000
    REPLY_RECV_TOTAL 17297/744272  min=16632  n=260000
    REPLY_RECV_TAIL  505/49383  min=461  n=259999
    WAKE_UNPARK      163/23594  min=110  n=520012
    PICK_NEXT        95/5932  min=70  n=520064
    SWITCH_TO        21471/397767282  min=10730  n=520013
    SWITCH_BOOK      102/54953  min=90  n=520039
    MPU_APPLY        134/12073  min=110  n=520039
    MPU_COMMIT       0/0  min=0  n=0
    REENT_SEAT       112/11101  min=90  n=520039
    KTIME_REARM      114/22603  min=90  n=520039
    ARCH_SWITCH      20223/397762152  min=9498  n=520013
  ns-probe: rate=0 (nothing converts, so no ns column is printed)
  sat-probe: width=64 fits+1/0 wide+0/1 max=1000

  throughput: 162661 ctx-sw/s  (6147 ns/sw avg over 40000 switches / 245 ms)
  switch-probe: fastpath-swaps=0  (swapped inside the trap, so not in the switch row)
  switch:    176/256/5210 cyc  (p50/p99/max, n=40002)
  lock-hold: 2560/3840/487929 cyc  (p50/p99/max, n=80235)
  lock-site: core=0 site=0xffffff804001a1dc max=487929
  irq-probe: line=200 raise=inject on=0 raised=100 hcore=none foreign=0 win=0
  irq:       0/0/0 cyc  (p50/max/max, n=0)
  wcase-probe: line=200 raise=inject on=0 raised=100 hcore=none foreign=0 win=0
  wcase-irq[0B]:    0/0/0 cyc  (p50/max/max, n=0)
  wcase-probe: line=200 raise=inject on=0 raised=100 hcore=none foreign=0 win=0
  wcase-irq[64B]:   0/0/0 cyc  (p50/max/max, n=0)
  wcase-probe: line=200 raise=inject on=0 raised=100 hcore=none foreign=0 win=0
  wcase-irq[256B]:  0/0/0 cyc  (p50/max/max, n=0)
  wcase-probe: line=200 raise=inject on=0 raised=100 hcore=none foreign=0 win=0
  wcase-irq[1024B]: 0/0/0 cyc  (p50/max/max, n=0)
  e2e-settle: settled=2/2
  e2e-probe: line=201 closed=1000 dropped=0 tare=944/1267 ns  (min/avg, n=64)
  e2e-passes: asked=1000 raised=1000
  e2e-local: 8192/8192/251120 ns  (p50/p99/max, n=1000)
  throughput: 166810 ctx-sw/s  (5994 ns/sw avg over 40000 switches / 239 ms)
  switch-probe: fastpath-swaps=0  (swapped inside the trap, so not in the switch row)
  switch:    176/176/441 cyc  (p50/p99/max, n=40002)
  lock-hold: 1280/2560/24527 cyc  (p50/p99/max, n=80237)
  lock-site: core=0 site=0xffffff8040007328 max=24527
  irq-probe: line=200 raise=inject on=0 raised=100 hcore=none foreign=0 win=0
  irq:       0/0/0 cyc  (p50/max/max, n=0)
  wcase-probe: line=200 raise=inject on=0 raised=100 hcore=none foreign=0 win=0
  wcase-irq[0B]:    0/0/0 cyc  (p50/max/max, n=0)
  wcase-probe: line=200 raise=inject on=0 raised=100 hcore=none foreign=0 win=0
  wcase-irq[64B]:   0/0/0 cyc  (p50/max/max, n=0)
  wcase-probe: line=200 raise=inject on=0 raised=100 hcore=none foreign=0 win=0
  wcase-irq[256B]:  0/0/0 cyc  (p50/max/max, n=0)
  wcase-probe: line=200 raise=inject on=0 raised=100 hcore=none foreign=0 win=0
  wcase-irq[1024B]: 0/0/0 cyc  (p50/max/max, n=0)
  e2e-settle: settled=2/2
  e2e-probe: line=201 closed=1000 dropped=0 tare=944/1267 ns  (min/avg, n=64)
  e2e-passes: asked=1000 raised=1000
  e2e-local: 8192/8192/38320 ns  (p50/p99/max, n=1000)
  throughput: 163085 ctx-sw/s  (6131 ns/sw avg over 40000 switches / 245 ms)
  switch-probe: fastpath-swaps=0  (swapped inside the trap, so not in the switch row)
  switch:    176/240/17924 cyc  (p50/p99/max, n=40002)
  lock-hold: 2560/2816/33563 cyc  (p50/p99/max, n=80239)
  lock-site: core=0 site=0xffffff8040007328 max=33563
  irq-probe: line=200 raise=inject on=0 raised=100 hcore=none foreign=0 win=0
  irq:       0/0/0 cyc  (p50/max/max, n=0)
  wcase-probe: line=200 raise=inject on=0 raised=100 hcore=none foreign=0 win=0
  wcase-irq[0B]:    0/0/0 cyc  (p50/max/max, n=0)
  wcase-probe: line=200 raise=inject on=0 raised=100 hcore=none foreign=0 win=0
  wcase-irq[64B]:   0/0/0 cyc  (p50/max/max, n=0)
  wcase-probe: line=200 raise=inject on=0 raised=100 hcore=none foreign=0 win=0
  wcase-irq[256B]:  0/0/0 cyc  (p50/max/max, n=0)
  wcase-probe: line=200 raise=inject on=0 raised=100 hcore=none foreign=0 win=0
  wcase-irq[1024B]: 0/0/0 cyc  (p50/max/max, n=0)
  e2e-settle: settled=2/2
  e2e-probe: line=201 closed=1000 dropped=0 tare=944/1267 ns  (min/avg, n=64)
  e2e-passes: asked=1000 raised=1000
  e2e-local: 8192/12288/43840 ns  (p50/p99/max, n=1000)
  xtask ping-pong: 13396 ns/switch  (40000 switches / 535 ms)
  xtask call/reply: 16 B  39425 ns/round-trip  (25364 round-trips/s over 20000 calls / 788 ms)
  spawn/exit: thread 28271 ns  (200 reps / 5 ms)
  spawn/exit: task 109462 ns  (200 reps / 21 ms)
bench: done
POLL_OK=1 POLL_MS=8000
