[2J[001;001H[=3h[2J[001;001H[2J[001;001H[8;042;160t[2J[001;001H[2J[001;001H[8;056;240t[2J[001;001HBdsDxe: loading Boot0002 "UEFI QEMU HARDDISK QM00001 " from PciRoot(0x0)/Pci(0x1F,0x2)/Sata(0x0,0xFFFF,0x0)
BdsDxe: starting Boot0002 "UEFI QEMU HARDDISK QM00001 " from PciRoot(0x0)/Pci(0x1F,0x2)/Sata(0x0,0xFFFF,0x0)

KICKOS-X1 8c41d7a2 x86_64/q35 uefi-handover entry
KICKOS-X1 8c41d7a2 x86_64/q35 uefi-handover handover if=1 paging=1 longmode=1 root=1 wp=1 nx=1 nxcap=1
KICKOS-X1 8c41d7a2 x86_64/q35 uefi-handover if_after_cli=0
KICKOS-X1 8c41d7a2 x86_64/q35 uefi-handover firmware=Debian distribution of EDK II
KICKOS-X1 8c41d7a2 x86_64/q35 uefi-handover revision=0x0000000000020046
KICKOS-X1 8c41d7a2 x86_64/q35 uefi-handover map descriptors=109 stride=48 version=1 conventional_pages=117655 arena=0x0000000001800000 arena_pages=107372
KICKOS-X1 8c41d7a2 x86_64/q35 uefi-handover fp found em=0 ts=0 mp=1 osfxsr=1 osxmmexcpt=1 osxsave=0
KICKOS-X1 8c41d7a2 x86_64/q35 uefi-handover fp trapped em=1 ts=1 mp=1 osfxsr=0 osxmmexcpt=0 osxsave=0
KICKOS-X1 8c41d7a2 x86_64/q35 uefi-handover boot services left
KICKOS-X1 8c41d7a2 x86_64/q35 uefi-handover if_after_exit=0
x86_64 app relocation: base=0x0000000000400000 load_delta=0x0000000000000000 app_words=0

  ==============================================
   KickOS 0.5.1  -  microkernel RTOS
  ==============================================
   board   qemu-x86_64
   arch    x86_64
   cpu     x86-64-v3
   mpu     off
   sched   tickless
   build   2026-09-30 09:45:56 +0200
   app     Sep 30 2026 09:45:57 +0200
   commit  628de9cb
   heap    none
   kstack  4096 B x 33 = 135168 B

microbenchmark: context-switch throughput (all arches) + per-switch cost
+ IRQ-entry latency where a cycle counter exists. Reporter woken by the
workload, not a timer. Telemetry OFF for clean numbers.
cycle counter: 1999342889 Hz (0 = no rate converts a reading; cycles only)

  lock-probe: hold+1 core=0 depth=0  (three nested, one outermost)
  call/reply: 8 B  8810 ns/round-trip  (113503 round-trips/s over 20000 calls / 176 ms)
  call/reply: 16 B  8614 ns/round-trip  (116082 round-trips/s over 20000 calls / 172 ms)
  call/reply: 32 B  8576 ns/round-trip  (116591 round-trips/s over 20000 calls / 171 ms)
  call/reply: 64 B  8568 ns/round-trip  (116711 round-trips/s over 20000 calls / 171 ms)
  call/reply: 128 B  8781 ns/round-trip  (113872 round-trips/s over 20000 calls / 175 ms)
  call/reply: 256 B  8646 ns/round-trip  (115659 round-trips/s over 20000 calls / 172 ms)
  call/reply: 8 B  8735 ns/round-trip  (114476 round-trips/s over 20000 calls / 174 ms) [generic path]
  call/reply: 16 B  8653 ns/round-trip  (115554 round-trips/s over 20000 calls / 173 ms) [generic path]
  call/reply: 32 B  8678 ns/round-trip  (115221 round-trips/s over 20000 calls / 173 ms) [generic path]
  call/reply: 64 B  8720 ns/round-trip  (114675 round-trips/s over 20000 calls / 174 ms) [generic path]
  call/reply: 128 B  8592 ns/round-trip  (116375 round-trips/s over 20000 calls / 171 ms) [generic path]
  call/reply: 256 B  8738 ns/round-trip  (114434 round-trips/s over 20000 calls / 174 ms) [generic path]
  call/reply: 32 B  8804 ns/round-trip  (113577 round-trips/s over 20000 calls / 176 ms) [caller outranks server, D1 donates]
  phase table (44 rows; cyc avg/max, min last and a floor; leaf -= NULL, composite -= NULL + k*(NEST-NULL)):
    NULL             15/4540  min=1  n=260000
    NEST             86/43780  min=60  n=260000
    NEST_LOCK        48/40560  min=40  n=260000
    CALL_TOTAL       16234/2693300  min=15540  n=259999
    CALL_VALIDATE    182/76240  min=160  n=260000
    CALL_LOCKED      15750/2692640  min=15080  n=259999
    CALL_RESOLVE     204/15860  min=180  n=260000
    CALL_PEEK        89/21800  min=80  n=260000
    CALL_PROBE       43/27900  min=20  n=259999
    CALL_POP         171/40860  min=140  n=259999
    CALL_COPY        1739/276160  min=1580  n=259999
    CALL_MINT        1400/600660  min=1320  n=259999
    CALL_MINT_CAP    222/97380  min=199  n=259999
    CALL_MINT_INFO   995/61120  min=940  n=259999
    CALL_DONATE      95/20460  min=80  n=19999
    CALL_PARK        385/61680  min=360  n=259999
    CALL_WAKE        10638/2687540  min=10200  n=259999
    CALL_RESUME      99/13340  min=80  n=260000
    CALL_SLOW_TOTAL  502740/502740  min=502740  n=1
    CALL_SLOW_LOCKED 485700/485700  min=485700  n=1
    CALL_SLOW_DONATE 0/0  min=0  n=0
    CALL_SLOW_PARK   357560/357560  min=357560  n=1
    RECV_LOCKED      11341/1280820  min=10840  n=259999
    RECV_RESOLVE     440/119080  min=400  n=260000
    RECV_SCAN        191/39500  min=160  n=259999
    RECV_PARK        10458/1080260  min=10000  n=259999
    REPLY_TOTAL      85960/739580  min=5800  n=13
    REPLY_VALIDATE   7812/40780  min=880  n=13
    REPLY_LOCKED     2779/409700  min=2600  n=260000
    REPLY_LOOKUP     351/247080  min=320  n=260000
    REPLY_COPY       1630/70220  min=1500  n=260000
    REPLY_FUNNEL     192/62020  min=140  n=260000
    REPLY_WAKE       280/30160  min=200  n=260000
    REPLY_RECV_TOTAL 16025/1672320  min=15360  n=260000
    REPLY_RECV_TAIL  265/98680  min=240  n=259999
    WAKE_UNPARK      111/26080  min=40  n=520012
    PICK_NEXT        51/14600  min=20  n=520064
    SWITCH_TO        18689/353902900  min=9420  n=520013
    SWITCH_BOOK      73/184599  min=59  n=520039
    MPU_APPLY        184/88500  min=140  n=520039
    MPU_COMMIT       0/0  min=0  n=0
    REENT_SEAT       0/0  min=0  n=0
    KTIME_REARM      118/11200  min=100  n=520039
    ARCH_SWITCH      17994/353814340  min=8700  n=520013
  ns-probe: cyc=4294967295 ns=2148189446 capped=0
  sat-probe: width=64 fits+1/0 wide+0/1 max=1000

  throughput: 465124 ctx-sw/s  (2149 ns/sw avg over 40000 switches / 85 ms)
  switch-probe: fastpath-swaps=0  (swapped inside the trap, so not in the switch row)
  switch:    60/80/160 cyc  30/40/80 ns  (p50/p99/max, n=40002)
  lock-hold: 1152/2048/41380 cyc  576/1024/20696 ns  (p50/p99/max, n=80244)
  lock-site: core=0 site=0x418288 max=41380
  irq-probe: line=6 raise=inject on=0 raised=100 hcore=none foreign=0 win=0
  irq:       0/0/0 cyc  0/0/0 ns  (p50/max/max, n=0)
  wcase-probe: line=6 raise=inject on=0 raised=100 hcore=none foreign=0 win=0
  wcase-irq[0B]:    0/0/0 cyc  0/0/0 ns  (p50/max/max, n=0)
  wcase-probe: line=6 raise=inject on=0 raised=100 hcore=none foreign=0 win=0
  wcase-irq[64B]:   0/0/0 cyc  0/0/0 ns  (p50/max/max, n=0)
  wcase-probe: line=6 raise=inject on=0 raised=100 hcore=none foreign=0 win=0
  wcase-irq[256B]:  0/0/0 cyc  0/0/0 ns  (p50/max/max, n=0)
  wcase-probe: line=6 raise=inject on=0 raised=100 hcore=none foreign=0 win=0
  wcase-irq[1024B]: 0/0/0 cyc  0/0/0 ns  (p50/max/max, n=0)
  e2e-settle: settled=2/2
  e2e-probe: line=7 closed=1000 dropped=0 tare=290/572 ns  (min/avg, n=64)
  e2e-passes: asked=1000 raised=1000
  e2e-local: 4096/4608/610240 ns  (p50/p99/max, n=1000)
  throughput: 474373 ctx-sw/s  (2108 ns/sw avg over 40000 switches / 84 ms)
  switch-probe: fastpath-swaps=0  (swapped inside the trap, so not in the switch row)
  switch:    60/80/1260 cyc  30/40/630 ns  (p50/p99/max, n=40002)
  lock-hold: 1024/1920/55460 cyc  512/960/27739 ns  (p50/p99/max, n=80249)
  lock-site: core=0 site=0x418288 max=55460
  irq-probe: line=6 raise=inject on=0 raised=100 hcore=none foreign=0 win=0
  irq:       0/0/0 cyc  0/0/0 ns  (p50/max/max, n=0)
  wcase-probe: line=6 raise=inject on=0 raised=100 hcore=none foreign=0 win=0
  wcase-irq[0B]:    0/0/0 cyc  0/0/0 ns  (p50/max/max, n=0)
  wcase-probe: line=6 raise=inject on=0 raised=100 hcore=none foreign=0 win=0
  wcase-irq[64B]:   0/0/0 cyc  0/0/0 ns  (p50/max/max, n=0)
  wcase-probe: line=6 raise=inject on=0 raised=100 hcore=none foreign=0 win=0
  wcase-irq[256B]:  0/0/0 cyc  0/0/0 ns  (p50/max/max, n=0)
  wcase-probe: line=6 raise=inject on=0 raised=100 hcore=none foreign=0 win=0
  wcase-irq[1024B]: 0/0/0 cyc  0/0/0 ns  (p50/max/max, n=0)
  e2e-settle: settled=2/2
  e2e-probe: line=7 closed=1000 dropped=0 tare=290/572 ns  (min/avg, n=64)
  e2e-passes: asked=1000 raised=1000
  e2e-local: 4096/4096/30620 ns  (p50/p99/max, n=1000)
  throughput: 464059 ctx-sw/s  (2154 ns/sw avg over 40000 switches / 86 ms)
  switch-probe: fastpath-swaps=0  (swapped inside the trap, so not in the switch row)
  switch:    60/96/220 cyc  30/48/110 ns  (p50/p99/max, n=40002)
  lock-hold: 1280/2816/32160 cyc  640/1408/16085 ns  (p50/p99/max, n=80248)
  lock-site: core=0 site=0x40ad27 max=32160
  irq-probe: line=6 raise=inject on=0 raised=100 hcore=none foreign=0 win=0
  irq:       0/0/0 cyc  0/0/0 ns  (p50/max/max, n=0)
  wcase-probe: line=6 raise=inject on=0 raised=100 hcore=none foreign=0 win=0
  wcase-irq[0B]:    0/0/0 cyc  0/0/0 ns  (p50/max/max, n=0)
  wcase-probe: line=6 raise=inject on=0 raised=100 hcore=none foreign=0 win=0
  wcase-irq[64B]:   0/0/0 cyc  0/0/0 ns  (p50/max/max, n=0)
  wcase-probe: line=6 raise=inject on=0 raised=100 hcore=none foreign=0 win=0
  wcase-irq[256B]:  0/0/0 cyc  0/0/0 ns  (p50/max/max, n=0)
  wcase-probe: line=6 raise=inject on=0 raised=100 hcore=none foreign=0 win=0
  wcase-irq[1024B]: 0/0/0 cyc  0/0/0 ns  (p50/max/max, n=0)
  e2e-settle: settled=2/2
  e2e-probe: line=7 closed=1000 dropped=0 tare=290/572 ns  (min/avg, n=64)
  e2e-passes: asked=1000 raised=1000
  e2e-local: 4096/6144/62991 ns  (p50/p99/max, n=1000)
  xtask ping-pong: 7895 ns/switch  (40000 switches / 315 ms)
  xtask call/reply: 16 B  25248 ns/round-trip  (39606 round-trips/s over 20000 calls / 504 ms)
  spawn/exit: thread 45408 ns  (200 reps / 9 ms)
  spawn/exit: task 89584 ns  (200 reps / 17 ms)
bench: done

KICKOS-EXIT status 0
POLL_OK=1 POLL_MS=4800
