[2J[001;001H[=3h[2J[001;001H[2J[001;001H[8;042;160t[2J[001;001H[2J[001;001H[8;056;240t[2J[001;001HBdsDxe: loading Boot0002 "UEFI QEMU HARDDISK QM00001 " from PciRoot(0x0)/Pci(0x1F,0x2)/Sata(0x0,0xFFFF,0x0)
BdsDxe: starting Boot0002 "UEFI QEMU HARDDISK QM00001 " from PciRoot(0x0)/Pci(0x1F,0x2)/Sata(0x0,0xFFFF,0x0)

KICKOS-X1 8c41d7a2 x86_64/q35 uefi-handover entry
KICKOS-X1 8c41d7a2 x86_64/q35 uefi-handover handover if=1 paging=1 longmode=1 root=1 wp=1 nx=1 nxcap=1
KICKOS-X1 8c41d7a2 x86_64/q35 uefi-handover if_after_cli=0
KICKOS-X1 8c41d7a2 x86_64/q35 uefi-handover firmware=Debian distribution of EDK II
KICKOS-X1 8c41d7a2 x86_64/q35 uefi-handover revision=0x0000000000020046
KICKOS-X1 8c41d7a2 x86_64/q35 uefi-handover map descriptors=109 stride=48 version=1 conventional_pages=117655 arena=0x0000000001800000 arena_pages=107372
KICKOS-X1 8c41d7a2 x86_64/q35 uefi-handover fp found em=0 ts=0 mp=1 osfxsr=1 osxmmexcpt=1 osxsave=0
KICKOS-X1 8c41d7a2 x86_64/q35 uefi-handover fp trapped em=1 ts=1 mp=1 osfxsr=0 osxmmexcpt=0 osxsave=0
KICKOS-X1 8c41d7a2 x86_64/q35 uefi-handover boot services left
KICKOS-X1 8c41d7a2 x86_64/q35 uefi-handover if_after_exit=0
x86_64 app relocation: base=0x0000000000400000 load_delta=0x0000000000000000 app_words=0

  ==============================================
   KickOS 0.5.1  -  microkernel RTOS
  ==============================================
   board   qemu-x86_64
   arch    x86_64
   cpu     x86-64-v3
   mpu     off
   sched   tickless
   build   2026-09-30 09:45:56 +0200
   app     Sep 30 2026 09:45:57 +0200
   commit  628de9cb
   heap    none
   kstack  4096 B x 33 = 135168 B

microbenchmark: context-switch throughput (all arches) + per-switch cost
+ IRQ-entry latency where a cycle counter exists. Reporter woken by the
workload, not a timer. Telemetry OFF for clean numbers.
cycle counter: 1999834480 Hz (0 = no rate converts a reading; cycles only)

  lock-probe: hold+1 core=0 depth=0  (three nested, one outermost)
  call/reply: 8 B  8729 ns/round-trip  (114560 round-trips/s over 20000 calls / 174 ms)
  call/reply: 16 B  8641 ns/round-trip  (115723 round-trips/s over 20000 calls / 172 ms)
  call/reply: 32 B  8600 ns/round-trip  (116277 round-trips/s over 20000 calls / 172 ms)
  call/reply: 64 B  8677 ns/round-trip  (115246 round-trips/s over 20000 calls / 173 ms)
  call/reply: 128 B  8661 ns/round-trip  (115455 round-trips/s over 20000 calls / 173 ms)
  call/reply: 256 B  8729 ns/round-trip  (114550 round-trips/s over 20000 calls / 174 ms)
  call/reply: 8 B  8582 ns/round-trip  (116510 round-trips/s over 20000 calls / 171 ms) [generic path]
  call/reply: 16 B  8569 ns/round-trip  (116691 round-trips/s over 20000 calls / 171 ms) [generic path]
  call/reply: 32 B  8609 ns/round-trip  (116153 round-trips/s over 20000 calls / 172 ms) [generic path]
  call/reply: 64 B  8692 ns/round-trip  (115041 round-trips/s over 20000 calls / 173 ms) [generic path]
  call/reply: 128 B  8733 ns/round-trip  (114497 round-trips/s over 20000 calls / 174 ms) [generic path]
  call/reply: 256 B  8727 ns/round-trip  (114585 round-trips/s over 20000 calls / 174 ms) [generic path]
  call/reply: 32 B  8816 ns/round-trip  (113422 round-trips/s over 20000 calls / 176 ms) [caller outranks server, D1 donates]
  phase table (44 rows; cyc avg/max, min last and a floor; leaf -= NULL, composite -= NULL + k*(NEST-NULL)):
    NULL             15/4680  min=1  n=260000
    NEST             86/25820  min=60  n=260000
    NEST_LOCK        47/41260  min=40  n=260000
    CALL_TOTAL       16191/2612380  min=15580  n=259999
    CALL_VALIDATE    180/35860  min=160  n=260000
    CALL_LOCKED      15711/2611800  min=15120  n=259999
    CALL_RESOLVE     206/16600  min=180  n=260000
    CALL_PEEK        93/22520  min=80  n=260000
    CALL_PROBE       43/28560  min=20  n=259999
    CALL_POP         171/45300  min=140  n=259999
    CALL_COPY        1699/96100  min=1560  n=259999
    CALL_MINT        1389/233800  min=1320  n=259999
    CALL_MINT_CAP    223/127860  min=200  n=259999
    CALL_MINT_INFO   984/57920  min=920  n=259999
    CALL_DONATE      94/23060  min=80  n=19999
    CALL_PARK        378/65680  min=360  n=259999
    CALL_WAKE        10642/2606700  min=10180  n=259999
    CALL_RESUME      93/17900  min=80  n=260000
    CALL_SLOW_TOTAL  434020/434020  min=434020  n=1
    CALL_SLOW_LOCKED 416920/416920  min=416920  n=1
    CALL_SLOW_DONATE 0/0  min=0  n=0
    CALL_SLOW_PARK   317640/317640  min=317640  n=1
    RECV_LOCKED      11274/1489720  min=10840  n=259999
    RECV_RESOLVE     450/120740  min=400  n=260000
    RECV_SCAN        189/84020  min=160  n=259999
    RECV_PARK        10384/1240660  min=9980  n=259999
    REPLY_TOTAL      91256/823080  min=9820  n=13
    REPLY_VALIDATE   7553/37780  min=2340  n=13
    REPLY_LOCKED     2787/469260  min=2600  n=260000
    REPLY_LOOKUP     357/220760  min=319  n=260000
    REPLY_COPY       1629/44680  min=1500  n=260000
    REPLY_FUNNEL     193/105720  min=140  n=260000
    REPLY_WAKE       275/46220  min=200  n=260000
    REPLY_RECV_TOTAL 15955/1884000  min=15360  n=260000
    REPLY_RECV_TAIL  276/122460  min=240  n=259999
    WAKE_UNPARK      108/28800  min=40  n=520012
    PICK_NEXT        48/14940  min=20  n=520064
    SWITCH_TO        18654/353373980  min=9360  n=520013
    SWITCH_BOOK      75/149180  min=40  n=520039
    MPU_APPLY        183/16660  min=140  n=520039
    MPU_COMMIT       0/0  min=0  n=0
    REENT_SEAT       0/0  min=0  n=0
    KTIME_REARM      116/13700  min=100  n=520039
    ARCH_SWITCH      17968/353371320  min=8660  n=520013
  ns-probe: cyc=4294967295 ns=2147661387 capped=0
  sat-probe: width=64 fits+1/0 wide+0/1 max=1000

  throughput: 466732 ctx-sw/s  (2142 ns/sw avg over 40000 switches / 85 ms)
  switch-probe: fastpath-swaps=0  (swapped inside the trap, so not in the switch row)
  switch:    60/80/220 cyc  30/40/110 ns  (p50/p99/max, n=40002)
  lock-hold: 1024/2048/34500 cyc  512/1024/17251 ns  (p50/p99/max, n=80245)
  lock-site: core=0 site=0x418288 max=34500
  irq-probe: line=6 raise=inject on=0 raised=100 hcore=none foreign=0 win=0
  irq:       0/0/0 cyc  0/0/0 ns  (p50/max/max, n=0)
  wcase-probe: line=6 raise=inject on=0 raised=100 hcore=none foreign=0 win=0
  wcase-irq[0B]:    0/0/0 cyc  0/0/0 ns  (p50/max/max, n=0)
  wcase-probe: line=6 raise=inject on=0 raised=100 hcore=none foreign=0 win=0
  wcase-irq[64B]:   0/0/0 cyc  0/0/0 ns  (p50/max/max, n=0)
  wcase-probe: line=6 raise=inject on=0 raised=100 hcore=none foreign=0 win=0
  wcase-irq[256B]:  0/0/0 cyc  0/0/0 ns  (p50/max/max, n=0)
  wcase-probe: line=6 raise=inject on=0 raised=100 hcore=none foreign=0 win=0
  wcase-irq[1024B]: 0/0/0 cyc  0/0/0 ns  (p50/max/max, n=0)
  e2e-settle: settled=2/2
  e2e-probe: line=7 closed=1000 dropped=0 tare=300/580 ns  (min/avg, n=64)
  e2e-passes: asked=1000 raised=1000
  e2e-local: 4096/4096/646824 ns  (p50/p99/max, n=1000)
  throughput: 470737 ctx-sw/s  (2124 ns/sw avg over 40000 switches / 84 ms)
  switch-probe: fastpath-swaps=0  (swapped inside the trap, so not in the switch row)
  switch:    60/80/220 cyc  30/40/110 ns  (p50/p99/max, n=40002)
  lock-hold: 1024/1920/33740 cyc  512/960/16871 ns  (p50/p99/max, n=80248)
  lock-site: core=0 site=0x418288 max=33740
  irq-probe: line=6 raise=inject on=0 raised=100 hcore=none foreign=0 win=0
  irq:       0/0/0 cyc  0/0/0 ns  (p50/max/max, n=0)
  wcase-probe: line=6 raise=inject on=0 raised=100 hcore=none foreign=0 win=0
  wcase-irq[0B]:    0/0/0 cyc  0/0/0 ns  (p50/max/max, n=0)
  wcase-probe: line=6 raise=inject on=0 raised=100 hcore=none foreign=0 win=0
  wcase-irq[64B]:   0/0/0 cyc  0/0/0 ns  (p50/max/max, n=0)
  wcase-probe: line=6 raise=inject on=0 raised=100 hcore=none foreign=0 win=0
  wcase-irq[256B]:  0/0/0 cyc  0/0/0 ns  (p50/max/max, n=0)
  wcase-probe: line=6 raise=inject on=0 raised=100 hcore=none foreign=0 win=0
  wcase-irq[1024B]: 0/0/0 cyc  0/0/0 ns  (p50/max/max, n=0)
  e2e-settle: settled=2/2
  e2e-probe: line=7 closed=1000 dropped=0 tare=300/580 ns  (min/avg, n=64)
  e2e-passes: asked=1000 raised=1000
  e2e-local: 4096/4608/46814 ns  (p50/p99/max, n=1000)
  throughput: 464692 ctx-sw/s  (2151 ns/sw avg over 40000 switches / 86 ms)
  switch-probe: fastpath-swaps=0  (swapped inside the trap, so not in the switch row)
  switch:    60/80/26200 cyc  30/40/13101 ns  (p50/p99/max, n=40002)
  lock-hold: 1024/2048/106760 cyc  512/1024/53384 ns  (p50/p99/max, n=80252)
  lock-site: core=0 site=0x418288 max=106760
  irq-probe: line=6 raise=inject on=0 raised=100 hcore=none foreign=0 win=0
  irq:       0/0/0 cyc  0/0/0 ns  (p50/max/max, n=0)
  wcase-probe: line=6 raise=inject on=0 raised=100 hcore=none foreign=0 win=0
  wcase-irq[0B]:    0/0/0 cyc  0/0/0 ns  (p50/max/max, n=0)
  wcase-probe: line=6 raise=inject on=0 raised=100 hcore=none foreign=0 win=0
  wcase-irq[64B]:   0/0/0 cyc  0/0/0 ns  (p50/max/max, n=0)
  wcase-probe: line=6 raise=inject on=0 raised=100 hcore=none foreign=0 win=0
  wcase-irq[256B]:  0/0/0 cyc  0/0/0 ns  (p50/max/max, n=0)
  wcase-probe: line=6 raise=inject on=0 raised=100 hcore=none foreign=0 win=0
  wcase-irq[1024B]: 0/0/0 cyc  0/0/0 ns  (p50/max/max, n=0)
  e2e-settle: settled=2/2
  e2e-probe: line=7 closed=1000 dropped=0 tare=300/580 ns  (min/avg, n=64)
  e2e-passes: asked=1000 raised=1000
  e2e-local: 4096/5632/18762 ns  (p50/p99/max, n=1000)
  xtask ping-pong: 7915 ns/switch  (40000 switches / 316 ms)
  xtask call/reply: 16 B  25045 ns/round-trip  (39928 round-trips/s over 20000 calls / 500 ms)
  spawn/exit: thread 45333 ns  (200 reps / 9 ms)
  spawn/exit: task 88755 ns  (200 reps / 17 ms)
bench: done

KICKOS-EXIT status 0
POLL_OK=1 POLL_MS=4800
