
  ==============================================
   KickOS 0.5.1  -  microkernel RTOS
  ==============================================
   board   qemu-riscv
   arch    rv32imac
   cpu     rv32imac_zicsr
   mpu     off
   sched   tickless
   build   2026-09-30 09:46:16 +0200
   app     Sep 30 2026 09:46:16 +0200
   commit  628de9cb
   heap    16 KiB available
   kstack  1184 B x 17 = 20128 B

microbenchmark: context-switch throughput (all arches) + per-switch cost
+ IRQ-entry latency where a cycle counter exists. Reporter woken by the
workload, not a timer. Telemetry OFF for clean numbers.
cycle counter: 0 Hz (0 = no rate converts a reading; cycles only)

  lock-probe: hold+1 core=0 depth=0  (three nested, one outermost)
  call/reply: 8 B  11135 ns/round-trip  (89805 round-trips/s over 20000 calls / 222 ms)
  call/reply: 16 B  11149 ns/round-trip  (89688 round-trips/s over 20000 calls / 222 ms)
  call/reply: 32 B  17722 ns/round-trip  (56424 round-trips/s over 20000 calls / 354 ms)
  call/reply: 64 B  17730 ns/round-trip  (56400 round-trips/s over 20000 calls / 354 ms)
  call/reply: 128 B  17664 ns/round-trip  (56609 round-trips/s over 20000 calls / 353 ms)
  call/reply: 256 B  17766 ns/round-trip  (56284 round-trips/s over 20000 calls / 355 ms)
  call/reply: 8 B  17584 ns/round-trip  (56868 round-trips/s over 20000 calls / 351 ms) [generic path]
  call/reply: 16 B  17650 ns/round-trip  (56655 round-trips/s over 20000 calls / 353 ms) [generic path]
  call/reply: 32 B  17622 ns/round-trip  (56744 round-trips/s over 20000 calls / 352 ms) [generic path]
  call/reply: 64 B  17717 ns/round-trip  (56441 round-trips/s over 20000 calls / 354 ms) [generic path]
  call/reply: 128 B  17788 ns/round-trip  (56214 round-trips/s over 20000 calls / 355 ms) [generic path]
  call/reply: 256 B  18031 ns/round-trip  (55457 round-trips/s over 20000 calls / 360 ms) [generic path]
  call/reply: 32 B  17984 ns/round-trip  (55603 round-trips/s over 20000 calls / 359 ms) [caller outranks server, D1 donates]
  phase table (44 rows; cyc avg/max, min last and a floor; leaf -= NULL, composite -= NULL + k*(NEST-NULL)):
    NULL             144/23120  min=120  n=220000
    NEST             592/34220  min=540  n=220000
    NEST_LOCK        396/50080  min=360  n=220000
    CALL_TOTAL       12889/657520  min=12440  n=219999
    CALL_VALIDATE    552/38340  min=480  n=220000
    CALL_LOCKED      11270/525260  min=10840  n=219999
    CALL_RESOLVE     459/36200  min=420  n=220000
    CALL_PEEK        225/17580  min=200  n=220000
    CALL_PROBE       275/29220  min=240  n=219999
    CALL_POP         284/29080  min=260  n=219999
    CALL_COPY        468/33620  min=340  n=219999
    CALL_MINT        1550/84980  min=1480  n=219999
    CALL_MINT_CAP    475/21400  min=440  n=219999
    CALL_MINT_INFO   316/25780  min=280  n=219999
    CALL_DONATE      169/20980  min=160  n=19999
    CALL_PARK        452/32740  min=420  n=219999
    CALL_WAKE        3743/85260  min=3480  n=219999
    CALL_RESUME      205/18520  min=180  n=220000
    CALL_SLOW_TOTAL  140380/140380  min=140380  n=1
    CALL_SLOW_LOCKED 122160/122160  min=122160  n=1
    CALL_SLOW_DONATE 0/0  min=0  n=0
    CALL_SLOW_PARK   36180/36180  min=36180  n=1
    RECV_LOCKED      5735/272440  min=5400  n=259999
    RECV_RESOLVE     687/113920  min=540  n=260000
    RECV_SCAN        283/43520  min=180  n=259999
    RECV_PARK        3855/87460  min=3580  n=259999
    REPLY_TOTAL      42693/172380  min=13600  n=13
    REPLY_VALIDATE   9312/34020  min=2320  n=13
    REPLY_LOCKED     2741/374300  min=2420  n=260000
    REPLY_LOOKUP     555/181100  min=500  n=260000
    REPLY_COPY       348/35480  min=200  n=260000
    REPLY_FUNNEL     281/61660  min=200  n=260000
    REPLY_WAKE       546/37540  min=480  n=260000
    REPLY_RECV_TOTAL 10905/679880  min=10200  n=260000
    REPLY_RECV_TAIL  1029/103060  min=780  n=259999
    WAKE_UNPARK      142/31420  min=100  n=520012
    PICK_NEXT        193/26960  min=160  n=480064
    SWITCH_TO        2621/184020  min=2360  n=480039
    SWITCH_BOOK      179/148600  min=160  n=520039
    MPU_APPLY        142/13020  min=60  n=520039
    MPU_COMMIT       0/0  min=0  n=0
    REENT_SEAT       222/27700  min=200  n=520039
    KTIME_REARM      251/31600  min=180  n=520039
    ARCH_SWITCH      659/80520  min=540  n=480039
  ns-probe: rate=0 (nothing converts, so no ns column is printed)
  sat-probe: width=32 (no delta this counter forms is too wide)

  throughput: 162127 ctx-sw/s  (6167 ns/sw avg over 40000 switches / 246 ms)
  switch-probe: fastpath-swaps=0  (swapped inside the trap, so not in the switch row)
  switch:    1408/1536/40320 cyc  (p50/p99/max, n=40001)
  lock-hold: 2048/4096/39360 cyc  (p50/p99/max, n=80241)
  lock-site: core=0 site=0x80001e50 max=39360
  irq-probe: line=6 raise=inject on=0 raised=100 hcore=0 foreign=0 win=235240
  irq:       1408/171480/171480 cyc  (p50/max/max, n=100)
  wcase-probe: line=6 raise=inject on=0 raised=100 hcore=0 foreign=0 win=26180
  wcase-irq[0B]:    1536/21180/21180 cyc  (p50/max/max, n=100)
  wcase-probe: line=6 raise=inject on=0 raised=100 hcore=0 foreign=0 win=15720
  wcase-irq[64B]:   1792/14940/14940 cyc  (p50/max/max, n=100)
  wcase-probe: line=6 raise=inject on=0 raised=100 hcore=0 foreign=0 win=3820
  wcase-irq[256B]:  2304/3220/3220 cyc  (p50/max/max, n=100)
  wcase-probe: line=6 raise=inject on=0 raised=100 hcore=0 foreign=0 win=6920
  wcase-irq[1024B]: 4608/6420/6420 cyc  (p50/max/max, n=100)
  e2e-settle: settled=2/2
  e2e-probe: line=7 closed=1000 dropped=0 tare=1400/1778 ns  (min/avg, n=64)
  e2e-passes: asked=1000 raised=1000
  e2e-local: 6656/8192/205100 ns  (p50/p99/max, n=1000)
  throughput: 160929 ctx-sw/s  (6213 ns/sw avg over 40000 switches / 248 ms)
  switch-probe: fastpath-swaps=0  (swapped inside the trap, so not in the switch row)
  switch:    1408/1536/8660 cyc  (p50/p99/max, n=40001)
  lock-hold: 2304/4096/37480 cyc  (p50/p99/max, n=80240)
  lock-site: core=0 site=0x80001e50 max=37480
  irq-probe: line=6 raise=inject on=0 raised=100 hcore=0 foreign=0 win=10080
  irq:       1280/7460/7460 cyc  (p50/max/max, n=100)
  wcase-probe: line=6 raise=inject on=0 raised=100 hcore=0 foreign=0 win=4520
  wcase-irq[0B]:    1408/3380/3380 cyc  (p50/max/max, n=100)
  wcase-probe: line=6 raise=inject on=0 raised=100 hcore=0 foreign=0 win=2900
  wcase-irq[64B]:   1664/2360/2360 cyc  (p50/max/max, n=100)
  wcase-probe: line=6 raise=inject on=0 raised=100 hcore=0 foreign=0 win=3040
  wcase-irq[256B]:  2304/2540/2540 cyc  (p50/max/max, n=100)
  wcase-probe: line=6 raise=inject on=0 raised=100 hcore=0 foreign=0 win=5500
  wcase-irq[1024B]: 4608/5000/5000 cyc  (p50/max/max, n=100)
  e2e-settle: settled=2/2
  e2e-probe: line=7 closed=1000 dropped=0 tare=1400/1778 ns  (min/avg, n=64)
  e2e-passes: asked=1000 raised=1000
  e2e-local: 6656/6656/15300 ns  (p50/p99/max, n=1000)
  throughput: 161412 ctx-sw/s  (6195 ns/sw avg over 40000 switches / 247 ms)
  switch-probe: fastpath-swaps=0  (swapped inside the trap, so not in the switch row)
  switch:    1408/1536/13580 cyc  (p50/p99/max, n=40001)
  lock-hold: 2560/4096/64100 cyc  (p50/p99/max, n=80241)
  lock-site: core=0 site=0x80001e50 max=64100
  irq-probe: line=6 raise=inject on=0 raised=100 hcore=0 foreign=0 win=16200
  irq:       1280/11480/11480 cyc  (p50/max/max, n=100)
  wcase-probe: line=6 raise=inject on=0 raised=100 hcore=0 foreign=0 win=4500
  wcase-irq[0B]:    1408/3200/3200 cyc  (p50/max/max, n=100)
  wcase-probe: line=6 raise=inject on=0 raised=100 hcore=0 foreign=0 win=3720
  wcase-irq[64B]:   1664/3200/3200 cyc  (p50/max/max, n=100)
  wcase-probe: line=6 raise=inject on=0 raised=100 hcore=0 foreign=0 win=3560
  wcase-irq[256B]:  2304/3080/3080 cyc  (p50/max/max, n=100)
  wcase-probe: line=6 raise=inject on=0 raised=100 hcore=0 foreign=0 win=5540
  wcase-irq[1024B]: 4608/5040/5040 cyc  (p50/max/max, n=100)
  e2e-settle: settled=2/2
  e2e-probe: line=7 closed=1000 dropped=0 tare=1400/1778 ns  (min/avg, n=64)
  e2e-passes: asked=1000 raised=1000
  e2e-local: 6656/6656/25000 ns  (p50/p99/max, n=1000)
  xtask ping-pong: 6163 ns/switch  (40000 switches / 246 ms)
  xtask call/reply: 16 B  11084 ns/round-trip  (90218 round-trips/s over 20000 calls / 221 ms)
  spawn/exit: thread 18450 ns  (200 reps / 3 ms)
  spawn/exit: task 22194 ns  (200 reps / 4 ms)
bench: done
POLL_OK=1 POLL_MS=5800
