[2J[001;001H[=3h[2J[001;001H[2J[001;001H[8;042;160t[2J[001;001H[2J[001;001H[8;056;240t[2J[001;001HBdsDxe: loading Boot0002 "UEFI QEMU HARDDISK QM00001 " from PciRoot(0x0)/Pci(0x1F,0x2)/Sata(0x0,0xFFFF,0x0)
BdsDxe: starting Boot0002 "UEFI QEMU HARDDISK QM00001 " from PciRoot(0x0)/Pci(0x1F,0x2)/Sata(0x0,0xFFFF,0x0)

KICKOS-X1 8c41d7a2 x86_64/q35 uefi-handover entry
KICKOS-X1 8c41d7a2 x86_64/q35 uefi-handover handover if=1 paging=1 longmode=1 root=1 wp=1 nx=1 nxcap=1
KICKOS-X1 8c41d7a2 x86_64/q35 uefi-handover if_after_cli=0
KICKOS-X1 8c41d7a2 x86_64/q35 uefi-handover firmware=Debian distribution of EDK II
KICKOS-X1 8c41d7a2 x86_64/q35 uefi-handover revision=0x0000000000020046
KICKOS-X1 8c41d7a2 x86_64/q35 uefi-handover map descriptors=109 stride=48 version=1 conventional_pages=117655 arena=0x0000000001800000 arena_pages=107372
KICKOS-X1 8c41d7a2 x86_64/q35 uefi-handover fp found em=0 ts=0 mp=1 osfxsr=1 osxmmexcpt=1 osxsave=0
KICKOS-X1 8c41d7a2 x86_64/q35 uefi-handover fp trapped em=1 ts=1 mp=1 osfxsr=0 osxmmexcpt=0 osxsave=0
KICKOS-X1 8c41d7a2 x86_64/q35 uefi-handover boot services left
KICKOS-X1 8c41d7a2 x86_64/q35 uefi-handover if_after_exit=0
x86_64 app relocation: base=0x0000000000400000 load_delta=0x0000000000000000 app_words=0

  ==============================================
   KickOS 0.5.1  -  microkernel RTOS
  ==============================================
   board   qemu-x86_64
   arch    x86_64
   cpu     x86-64-v3
   mpu     off
   sched   tickless
   build   2026-09-30 09:45:56 +0200
   app     Sep 30 2026 09:45:57 +0200
   commit  628de9cb
   heap    none
   kstack  4096 B x 33 = 135168 B

microbenchmark: context-switch throughput (all arches) + per-switch cost
+ IRQ-entry latency where a cycle counter exists. Reporter woken by the
workload, not a timer. Telemetry OFF for clean numbers.
cycle counter: 1999531412 Hz (0 = no rate converts a reading; cycles only)

  lock-probe: hold+1 core=0 depth=0  (three nested, one outermost)
  call/reply: 8 B  8854 ns/round-trip  (112930 round-trips/s over 20000 calls / 177 ms)
  call/reply: 16 B  8621 ns/round-trip  (115991 round-trips/s over 20000 calls / 172 ms)
  call/reply: 32 B  8637 ns/round-trip  (115779 round-trips/s over 20000 calls / 172 ms)
  call/reply: 64 B  8698 ns/round-trip  (114967 round-trips/s over 20000 calls / 173 ms)
  call/reply: 128 B  8706 ns/round-trip  (114854 round-trips/s over 20000 calls / 174 ms)
  call/reply: 256 B  8766 ns/round-trip  (114064 round-trips/s over 20000 calls / 175 ms)
  call/reply: 8 B  8684 ns/round-trip  (115154 round-trips/s over 20000 calls / 173 ms) [generic path]
  call/reply: 16 B  8670 ns/round-trip  (115327 round-trips/s over 20000 calls / 173 ms) [generic path]
  call/reply: 32 B  8617 ns/round-trip  (116041 round-trips/s over 20000 calls / 172 ms) [generic path]
  call/reply: 64 B  8632 ns/round-trip  (115847 round-trips/s over 20000 calls / 172 ms) [generic path]
  call/reply: 128 B  8699 ns/round-trip  (114953 round-trips/s over 20000 calls / 173 ms) [generic path]
  call/reply: 256 B  8760 ns/round-trip  (114154 round-trips/s over 20000 calls / 175 ms) [generic path]
  call/reply: 32 B  8850 ns/round-trip  (112989 round-trips/s over 20000 calls / 177 ms) [caller outranks server, D1 donates]
  phase table (44 rows; cyc avg/max, min last and a floor; leaf -= NULL, composite -= NULL + k*(NEST-NULL)):
    NULL             15/11159  min=1  n=260000
    NEST             86/25900  min=79  n=260000
    NEST_LOCK        47/44420  min=40  n=260000
    CALL_TOTAL       16263/2617100  min=15680  n=259999
    CALL_VALIDATE    184/15260  min=160  n=260000
    CALL_LOCKED      15779/2616520  min=15200  n=259999
    CALL_RESOLVE     205/27420  min=180  n=260000
    CALL_PEEK        94/22860  min=80  n=260000
    CALL_PROBE       46/625900  min=20  n=259999
    CALL_POP         175/44740  min=140  n=259999
    CALL_COPY        1709/61600  min=1580  n=259999
    CALL_MINT        1381/252140  min=1320  n=259999
    CALL_MINT_CAP    222/99140  min=200  n=259999
    CALL_MINT_INFO   979/111680  min=920  n=259999
    CALL_DONATE      92/21600  min=80  n=19999
    CALL_PARK        383/113800  min=360  n=259999
    CALL_WAKE        10717/2611460  min=10320  n=259999
    CALL_RESUME      100/44600  min=80  n=260000
    CALL_SLOW_TOTAL  456820/456820  min=456820  n=1
    CALL_SLOW_LOCKED 440060/440060  min=440060  n=1
    CALL_SLOW_DONATE 0/0  min=0  n=0
    CALL_SLOW_PARK   339220/339220  min=339220  n=1
    RECV_LOCKED      11346/1380980  min=10960  n=259999
    RECV_RESOLVE     443/121960  min=400  n=260000
    RECV_SCAN        191/41680  min=180  n=259999
    RECV_PARK        10467/1174420  min=10080  n=259999
    REPLY_TOTAL      80470/622180  min=13840  n=13
    REPLY_VALIDATE   10130/38740  min=4420  n=13
    REPLY_LOCKED     2765/416000  min=2600  n=260000
    REPLY_LOOKUP     351/213120  min=320  n=260000
    REPLY_COPY       1624/103460  min=1500  n=260000
    REPLY_FUNNEL     189/73940  min=140  n=260000
    REPLY_WAKE       277/44340  min=200  n=260000
    REPLY_RECV_TOTAL 16046/1786840  min=15500  n=260000
    REPLY_RECV_TAIL  267/99640  min=240  n=259999
    WAKE_UNPARK      110/25940  min=40  n=520012
    PICK_NEXT        57/17600  min=20  n=520064
    SWITCH_TO        18755/355751500  min=9460  n=520013
    SWITCH_BOOK      73/141140  min=40  n=520039
    MPU_APPLY        187/18660  min=140  n=520039
    MPU_COMMIT       0/0  min=0  n=0
    REENT_SEAT       0/0  min=0  n=0
    KTIME_REARM      113/32600  min=100  n=520039
    ARCH_SWITCH      18066/355659000  min=8760  n=520013
  ns-probe: cyc=4294967295 ns=2147986907 capped=0
  sat-probe: width=64 fits+1/0 wide+0/1 max=1000

  throughput: 456958 ctx-sw/s  (2188 ns/sw avg over 40000 switches / 87 ms)
  switch-probe: fastpath-swaps=0  (swapped inside the trap, so not in the switch row)
  switch:    80/96/3800 cyc  40/48/1900 ns  (p50/p99/max, n=40002)
  lock-hold: 1152/2048/71960 cyc  576/1024/35988 ns  (p50/p99/max, n=80247)
  lock-site: core=0 site=0x418288 max=71960
  irq-probe: line=6 raise=inject on=0 raised=100 hcore=none foreign=0 win=0
  irq:       0/0/0 cyc  0/0/0 ns  (p50/max/max, n=0)
  wcase-probe: line=6 raise=inject on=0 raised=100 hcore=none foreign=0 win=0
  wcase-irq[0B]:    0/0/0 cyc  0/0/0 ns  (p50/max/max, n=0)
  wcase-probe: line=6 raise=inject on=0 raised=100 hcore=none foreign=0 win=0
  wcase-irq[64B]:   0/0/0 cyc  0/0/0 ns  (p50/max/max, n=0)
  wcase-probe: line=6 raise=inject on=0 raised=100 hcore=none foreign=0 win=0
  wcase-irq[256B]:  0/0/0 cyc  0/0/0 ns  (p50/max/max, n=0)
  wcase-probe: line=6 raise=inject on=0 raised=100 hcore=none foreign=0 win=0
  wcase-irq[1024B]: 0/0/0 cyc  0/0/0 ns  (p50/max/max, n=0)
  e2e-settle: settled=2/2
  e2e-probe: line=7 closed=1000 dropped=0 tare=300/575 ns  (min/avg, n=64)
  e2e-passes: asked=1000 raised=1000
  e2e-local: 4096/4096/665476 ns  (p50/p99/max, n=1000)
  throughput: 465912 ctx-sw/s  (2146 ns/sw avg over 40000 switches / 85 ms)
  switch-probe: fastpath-swaps=0  (swapped inside the trap, so not in the switch row)
  switch:    80/96/260 cyc  40/48/130 ns  (p50/p99/max, n=40002)
  lock-hold: 1280/2048/34240 cyc  640/1024/17124 ns  (p50/p99/max, n=80248)
  lock-site: core=0 site=0x418288 max=34240
  irq-probe: line=6 raise=inject on=0 raised=100 hcore=none foreign=0 win=0
  irq:       0/0/0 cyc  0/0/0 ns  (p50/max/max, n=0)
  wcase-probe: line=6 raise=inject on=0 raised=100 hcore=none foreign=0 win=0
  wcase-irq[0B]:    0/0/0 cyc  0/0/0 ns  (p50/max/max, n=0)
  wcase-probe: line=6 raise=inject on=0 raised=100 hcore=none foreign=0 win=0
  wcase-irq[64B]:   0/0/0 cyc  0/0/0 ns  (p50/max/max, n=0)
  wcase-probe: line=6 raise=inject on=0 raised=100 hcore=none foreign=0 win=0
  wcase-irq[256B]:  0/0/0 cyc  0/0/0 ns  (p50/max/max, n=0)
  wcase-probe: line=6 raise=inject on=0 raised=100 hcore=none foreign=0 win=0
  wcase-irq[1024B]: 0/0/0 cyc  0/0/0 ns  (p50/max/max, n=0)
  e2e-settle: settled=2/2
  e2e-probe: line=7 closed=1000 dropped=0 tare=300/575 ns  (min/avg, n=64)
  e2e-passes: asked=1000 raised=1000
  e2e-local: 4096/4608/58504 ns  (p50/p99/max, n=1000)
  throughput: 467294 ctx-sw/s  (2139 ns/sw avg over 40000 switches / 85 ms)
  switch-probe: fastpath-swaps=0  (swapped inside the trap, so not in the switch row)
  switch:    80/96/400 cyc  40/48/200 ns  (p50/p99/max, n=40002)
  lock-hold: 1152/2048/18560 cyc  576/1024/9282 ns  (p50/p99/max, n=80248)
  lock-site: core=0 site=0x418288 max=18560
  irq-probe: line=6 raise=inject on=0 raised=100 hcore=none foreign=0 win=0
  irq:       0/0/0 cyc  0/0/0 ns  (p50/max/max, n=0)
  wcase-probe: line=6 raise=inject on=0 raised=100 hcore=none foreign=0 win=0
  wcase-irq[0B]:    0/0/0 cyc  0/0/0 ns  (p50/max/max, n=0)
  wcase-probe: line=6 raise=inject on=0 raised=100 hcore=none foreign=0 win=0
  wcase-irq[64B]:   0/0/0 cyc  0/0/0 ns  (p50/max/max, n=0)
  wcase-probe: line=6 raise=inject on=0 raised=100 hcore=none foreign=0 win=0
  wcase-irq[256B]:  0/0/0 cyc  0/0/0 ns  (p50/max/max, n=0)
  wcase-probe: line=6 raise=inject on=0 raised=100 hcore=none foreign=0 win=0
  wcase-irq[1024B]: 0/0/0 cyc  0/0/0 ns  (p50/max/max, n=0)
  e2e-settle: settled=2/2
  e2e-probe: line=7 closed=1000 dropped=0 tare=300/575 ns  (min/avg, n=64)
  e2e-passes: asked=1000 raised=1000
  e2e-local: 4096/5120/56163 ns  (p50/p99/max, n=1000)
  xtask ping-pong: 8056 ns/switch  (40000 switches / 322 ms)
  xtask call/reply: 16 B  25441 ns/round-trip  (39306 round-trips/s over 20000 calls / 508 ms)
  spawn/exit: thread 46357 ns  (200 reps / 9 ms)
  spawn/exit: task 91009 ns  (200 reps / 18 ms)
bench: done

KICKOS-EXIT status 0
POLL_OK=1 POLL_MS=4800
