
  ==============================================
   KickOS 0.5.1  -  microkernel RTOS
  ==============================================
   board   qemu-riscv64
   arch    rv64imac
   cpu     rv64imac_zicsr_zmmul_zaamo_zalrsc_zca
   mpu     off
   sched   tickless
   build   2026-09-30 09:46:09 +0200
   app     Sep 30 2026 09:46:10 +0200
   commit  628de9cb
   heap    64 KiB available
   kstack  4096 B x 17 = 69632 B

microbenchmark: context-switch throughput (all arches) + per-switch cost
+ IRQ-entry latency where a cycle counter exists. Reporter woken by the
workload, not a timer. Telemetry OFF for clean numbers.
cycle counter: 0 Hz (0 = no rate converts a reading; cycles only)

  lock-probe: hold+1 core=0 depth=0  (three nested, one outermost)
  call/reply: 8 B  21717 ns/round-trip  (46046 round-trips/s over 20000 calls / 434 ms)
  call/reply: 16 B  21508 ns/round-trip  (46493 round-trips/s over 20000 calls / 430 ms)
  call/reply: 32 B  21701 ns/round-trip  (46080 round-trips/s over 20000 calls / 434 ms)
  call/reply: 64 B  21702 ns/round-trip  (46076 round-trips/s over 20000 calls / 434 ms)
  call/reply: 128 B  21578 ns/round-trip  (46341 round-trips/s over 20000 calls / 431 ms)
  call/reply: 256 B  21591 ns/round-trip  (46314 round-trips/s over 20000 calls / 431 ms)
  call/reply: 8 B  21442 ns/round-trip  (46636 round-trips/s over 20000 calls / 428 ms) [generic path]
  call/reply: 16 B  21525 ns/round-trip  (46456 round-trips/s over 20000 calls / 430 ms) [generic path]
  call/reply: 32 B  21394 ns/round-trip  (46740 round-trips/s over 20000 calls / 427 ms) [generic path]
  call/reply: 64 B  21609 ns/round-trip  (46276 round-trips/s over 20000 calls / 432 ms) [generic path]
  call/reply: 128 B  21517 ns/round-trip  (46473 round-trips/s over 20000 calls / 430 ms) [generic path]
  call/reply: 256 B  21748 ns/round-trip  (45981 round-trips/s over 20000 calls / 434 ms) [generic path]
  call/reply: 32 B  22043 ns/round-trip  (45364 round-trips/s over 20000 calls / 440 ms) [caller outranks server, D1 donates]
  phase table (44 rows; cyc avg/max, min last and a floor; leaf -= NULL, composite -= NULL + k*(NEST-NULL)):
    NULL             182/7860  min=160  n=260000
    NEST             689/108040  min=600  n=260000
    NEST_LOCK        575/37680  min=520  n=260000
    CALL_TOTAL       39855/2314680  min=38520  n=259999
    CALL_VALIDATE    422/15300  min=380  n=260000
    CALL_LOCKED      38156/2312900  min=36920  n=259999
    CALL_RESOLVE     468/23620  min=420  n=260000
    CALL_PEEK        275/13400  min=240  n=260000
    CALL_PROBE       288/21340  min=260  n=259999
    CALL_POP         335/37820  min=300  n=259999
    CALL_COPY        2759/1139680  min=2540  n=259999
    CALL_MINT        2980/149820  min=2820  n=259999
    CALL_MINT_CAP    542/91300  min=500  n=259999
    CALL_MINT_INFO   1746/70120  min=1600  n=259999
    CALL_DONATE      297/13440  min=280  n=19999
    CALL_PARK        634/54900  min=580  n=259999
    CALL_WAKE        25817/2300760  min=24980  n=259999
    CALL_RESUME      303/14980  min=260  n=260000
    CALL_SLOW_TOTAL  353880/353880  min=353880  n=1
    CALL_SLOW_LOCKED 342480/342480  min=342480  n=1
    CALL_SLOW_DONATE 0/0  min=0  n=0
    CALL_SLOW_PARK   259500/259500  min=259500  n=1
    RECV_LOCKED      29551/1837600  min=28580  n=259999
    RECV_RESOLVE     863/106320  min=760  n=260000
    RECV_SCAN        350/36160  min=320  n=259999
    RECV_PARK        27346/1835200  min=26420  n=259999
    REPLY_TOTAL      114690/1048560  min=19620  n=13
    REPLY_VALIDATE   10313/24040  min=5800  n=13
    REPLY_LOCKED     6116/332040  min=5760  n=260000
    REPLY_LOOKUP     723/175440  min=620  n=260000
    REPLY_COPY       2706/89080  min=2480  n=260000
    REPLY_FUNNEL     397/65760  min=340  n=260000
    REPLY_WAKE       862/25560  min=760  n=260000
    REPLY_RECV_TOTAL 39374/1847620  min=38060  n=260000
    REPLY_RECV_TAIL  934/191460  min=880  n=259999
    WAKE_UNPARK      256/35200  min=180  n=520012
    PICK_NEXT        281/44000  min=240  n=520064
    SWITCH_TO        46687/881033580  min=23340  n=520013
    SWITCH_BOOK      239/151540  min=200  n=520039
    MPU_APPLY        335/15260  min=300  n=520039
    MPU_COMMIT       0/0  min=0  n=0
    REENT_SEAT       164/37840  min=100  n=520039
    KTIME_REARM      227/52340  min=200  n=520039
    ARCH_SWITCH      44399/881016660  min=21000  n=520013
  ns-probe: rate=0 (nothing converts, so no ns column is printed)
  sat-probe: width=64 fits+1/0 wide+0/1 max=1000

  throughput: 165776 ctx-sw/s  (6032 ns/sw avg over 40000 switches / 241 ms)
  switch-probe: fastpath-swaps=0  (swapped inside the trap, so not in the switch row)
  switch:    256/320/13500 cyc  (p50/p99/max, n=40002)
  lock-hold: 3328/5120/62460 cyc  (p50/p99/max, n=80236)
  lock-site: core=0 site=0xffffffff80002dd2 max=62460
  irq-probe: line=6 raise=inject on=0 raised=100 hcore=none foreign=0 win=0
  irq:       0/0/0 cyc  (p50/max/max, n=0)
  wcase-probe: line=6 raise=inject on=0 raised=100 hcore=none foreign=0 win=0
  wcase-irq[0B]:    0/0/0 cyc  (p50/max/max, n=0)
  wcase-probe: line=6 raise=inject on=0 raised=100 hcore=none foreign=0 win=0
  wcase-irq[64B]:   0/0/0 cyc  (p50/max/max, n=0)
  wcase-probe: line=6 raise=inject on=0 raised=100 hcore=none foreign=0 win=0
  wcase-irq[256B]:  0/0/0 cyc  (p50/max/max, n=0)
  wcase-probe: line=6 raise=inject on=0 raised=100 hcore=none foreign=0 win=0
  wcase-irq[1024B]: 0/0/0 cyc  (p50/max/max, n=0)
  e2e-settle: settled=2/2
  e2e-probe: line=7 closed=1000 dropped=0 tare=900/1232 ns  (min/avg, n=64)
  e2e-passes: asked=1000 raised=1000
  e2e-local: 5632/16384/248800 ns  (p50/p99/max, n=1000)
  throughput: 168368 ctx-sw/s  (5939 ns/sw avg over 40000 switches / 237 ms)
  switch-probe: fastpath-swaps=0  (swapped inside the trap, so not in the switch row)
  switch:    240/256/13340 cyc  (p50/p99/max, n=40002)
  lock-hold: 3328/5120/47820 cyc  (p50/p99/max, n=80239)
  lock-site: core=0 site=0xffffffff80002dd2 max=47820
  irq-probe: line=6 raise=inject on=0 raised=100 hcore=none foreign=0 win=0
  irq:       0/0/0 cyc  (p50/max/max, n=0)
  wcase-probe: line=6 raise=inject on=0 raised=100 hcore=none foreign=0 win=0
  wcase-irq[0B]:    0/0/0 cyc  (p50/max/max, n=0)
  wcase-probe: line=6 raise=inject on=0 raised=100 hcore=none foreign=0 win=0
  wcase-irq[64B]:   0/0/0 cyc  (p50/max/max, n=0)
  wcase-probe: line=6 raise=inject on=0 raised=100 hcore=none foreign=0 win=0
  wcase-irq[256B]:  0/0/0 cyc  (p50/max/max, n=0)
  wcase-probe: line=6 raise=inject on=0 raised=100 hcore=none foreign=0 win=0
  wcase-irq[1024B]: 0/0/0 cyc  (p50/max/max, n=0)
  e2e-settle: settled=2/2
  e2e-probe: line=7 closed=1000 dropped=0 tare=900/1232 ns  (min/avg, n=64)
  e2e-passes: asked=1000 raised=1000
  e2e-local: 5632/6144/33300 ns  (p50/p99/max, n=1000)
  throughput: 167655 ctx-sw/s  (5964 ns/sw avg over 40000 switches / 238 ms)
  switch-probe: fastpath-swaps=0  (swapped inside the trap, so not in the switch row)
  switch:    240/320/1080 cyc  (p50/p99/max, n=40002)
  lock-hold: 3328/5120/52220 cyc  (p50/p99/max, n=80238)
  lock-site: core=0 site=0xffffffff800014a2 max=52220
  irq-probe: line=6 raise=inject on=0 raised=100 hcore=none foreign=0 win=0
  irq:       0/0/0 cyc  (p50/max/max, n=0)
  wcase-probe: line=6 raise=inject on=0 raised=100 hcore=none foreign=0 win=0
  wcase-irq[0B]:    0/0/0 cyc  (p50/max/max, n=0)
  wcase-probe: line=6 raise=inject on=0 raised=100 hcore=none foreign=0 win=0
  wcase-irq[64B]:   0/0/0 cyc  (p50/max/max, n=0)
  wcase-probe: line=6 raise=inject on=0 raised=100 hcore=none foreign=0 win=0
  wcase-irq[256B]:  0/0/0 cyc  (p50/max/max, n=0)
  wcase-probe: line=6 raise=inject on=0 raised=100 hcore=none foreign=0 win=0
  wcase-irq[1024B]: 0/0/0 cyc  (p50/max/max, n=0)
  e2e-settle: settled=2/2
  e2e-probe: line=7 closed=1000 dropped=0 tare=900/1232 ns  (min/avg, n=64)
  e2e-passes: asked=1000 raised=1000
  e2e-local: 5632/7680/37400 ns  (p50/p99/max, n=1000)
  xtask ping-pong: 12800 ns/switch  (40000 switches / 512 ms)
  xtask call/reply: 16 B  39568 ns/round-trip  (25272 round-trips/s over 20000 calls / 791 ms)
  spawn/exit: thread 56598 ns  (200 reps / 11 ms)
  spawn/exit: task 132129 ns  (200 reps / 26 ms)
bench: done
POLL_OK=1 POLL_MS=8600
