
  ==============================================
   KickOS 0.5.1  -  microkernel RTOS
  ==============================================
   board   qemu-riscv64
   arch    rv64imac
   cpu     rv64imac_zicsr_zmmul_zaamo_zalrsc_zca
   mpu     off
   sched   tickless
   build   2026-09-30 09:46:09 +0200
   app     Sep 30 2026 09:46:10 +0200
   commit  628de9cb
   heap    64 KiB available
   kstack  4096 B x 17 = 69632 B

microbenchmark: context-switch throughput (all arches) + per-switch cost
+ IRQ-entry latency where a cycle counter exists. Reporter woken by the
workload, not a timer. Telemetry OFF for clean numbers.
cycle counter: 0 Hz (0 = no rate converts a reading; cycles only)

  lock-probe: hold+1 core=0 depth=0  (three nested, one outermost)
  call/reply: 8 B  21458 ns/round-trip  (46601 round-trips/s over 20000 calls / 429 ms)
  call/reply: 16 B  21462 ns/round-trip  (46593 round-trips/s over 20000 calls / 429 ms)
  call/reply: 32 B  21576 ns/round-trip  (46346 round-trips/s over 20000 calls / 431 ms)
  call/reply: 64 B  21531 ns/round-trip  (46444 round-trips/s over 20000 calls / 430 ms)
  call/reply: 128 B  21496 ns/round-trip  (46519 round-trips/s over 20000 calls / 429 ms)
  call/reply: 256 B  21506 ns/round-trip  (46496 round-trips/s over 20000 calls / 430 ms)
  call/reply: 8 B  21750 ns/round-trip  (45976 round-trips/s over 20000 calls / 435 ms) [generic path]
  call/reply: 16 B  21399 ns/round-trip  (46729 round-trips/s over 20000 calls / 427 ms) [generic path]
  call/reply: 32 B  21279 ns/round-trip  (46994 round-trips/s over 20000 calls / 425 ms) [generic path]
  call/reply: 64 B  21452 ns/round-trip  (46615 round-trips/s over 20000 calls / 429 ms) [generic path]
  call/reply: 128 B  21458 ns/round-trip  (46601 round-trips/s over 20000 calls / 429 ms) [generic path]
  call/reply: 256 B  21644 ns/round-trip  (46200 round-trips/s over 20000 calls / 432 ms) [generic path]
  call/reply: 32 B  21939 ns/round-trip  (45578 round-trips/s over 20000 calls / 438 ms) [caller outranks server, D1 donates]
  phase table (44 rows; cyc avg/max, min last and a floor; leaf -= NULL, composite -= NULL + k*(NEST-NULL)):
    NULL             182/18460  min=160  n=260000
    NEST             690/67060  min=600  n=260000
    NEST_LOCK        576/313560  min=520  n=260000
    CALL_TOTAL       39696/2688320  min=37440  n=259999
    CALL_VALIDATE    444/36700  min=360  n=260000
    CALL_LOCKED      37958/2544920  min=35800  n=259999
    CALL_RESOLVE     465/34720  min=420  n=260000
    CALL_PEEK        273/43060  min=240  n=260000
    CALL_PROBE       287/72840  min=260  n=259999
    CALL_POP         335/133780  min=300  n=259999
    CALL_COPY        2768/140100  min=2560  n=259999
    CALL_MINT        2983/514600  min=2800  n=259999
    CALL_MINT_CAP    539/332600  min=500  n=259999
    CALL_MINT_INFO   1751/111020  min=1620  n=259999
    CALL_DONATE      286/15460  min=260  n=19999
    CALL_PARK        599/169360  min=540  n=259999
    CALL_WAKE        25663/2234840  min=24220  n=259999
    CALL_RESUME      299/20200  min=260  n=260000
    CALL_SLOW_TOTAL  386620/386620  min=386620  n=1
    CALL_SLOW_LOCKED 374600/374600  min=374600  n=1
    CALL_SLOW_DONATE 0/0  min=0  n=0
    CALL_SLOW_PARK   279640/279640  min=279640  n=1
    RECV_LOCKED      29433/2380680  min=27800  n=259999
    RECV_RESOLVE     860/104100  min=760  n=260000
    RECV_SCAN        349/46140  min=320  n=259999
    RECV_PARK        27270/2201660  min=25720  n=259999
    REPLY_TOTAL      111980/1004700  min=22020  n=13
    REPLY_VALIDATE   11544/24860  min=6380  n=13
    REPLY_LOCKED     6096/338820  min=5740  n=260000
    REPLY_LOOKUP     722/181320  min=620  n=260000
    REPLY_COPY       2712/70240  min=2480  n=260000
    REPLY_FUNNEL     393/55940  min=340  n=260000
    REPLY_WAKE       866/37380  min=760  n=260000
    REPLY_RECV_TOTAL 39181/2692100  min=37040  n=260000
    REPLY_RECV_TAIL  939/84880  min=860  n=259999
    WAKE_UNPARK      255/31340  min=180  n=520012
    PICK_NEXT        281/29260  min=240  n=520064
    SWITCH_TO        46495/876856680  min=22660  n=520013
    SWITCH_BOOK      239/143760  min=200  n=520039
    MPU_APPLY        331/47040  min=300  n=520039
    MPU_COMMIT       0/0  min=0  n=0
    REENT_SEAT       164/24640  min=120  n=520039
    KTIME_REARM      224/39340  min=200  n=520039
    ARCH_SWITCH      44215/876839220  min=20460  n=520013
  ns-probe: rate=0 (nothing converts, so no ns column is printed)
  sat-probe: width=64 fits+1/0 wide+0/1 max=1000

  throughput: 168168 ctx-sw/s  (5946 ns/sw avg over 40000 switches / 237 ms)
  switch-probe: fastpath-swaps=0  (swapped inside the trap, so not in the switch row)
  switch:    240/256/12540 cyc  (p50/p99/max, n=40002)
  lock-hold: 3584/5120/41980 cyc  (p50/p99/max, n=80236)
  lock-site: core=0 site=0xffffffff800014a2 max=41980
  irq-probe: line=6 raise=inject on=0 raised=100 hcore=none foreign=0 win=0
  irq:       0/0/0 cyc  (p50/max/max, n=0)
  wcase-probe: line=6 raise=inject on=0 raised=100 hcore=none foreign=0 win=0
  wcase-irq[0B]:    0/0/0 cyc  (p50/max/max, n=0)
  wcase-probe: line=6 raise=inject on=0 raised=100 hcore=none foreign=0 win=0
  wcase-irq[64B]:   0/0/0 cyc  (p50/max/max, n=0)
  wcase-probe: line=6 raise=inject on=0 raised=100 hcore=none foreign=0 win=0
  wcase-irq[256B]:  0/0/0 cyc  (p50/max/max, n=0)
  wcase-probe: line=6 raise=inject on=0 raised=100 hcore=none foreign=0 win=0
  wcase-irq[1024B]: 0/0/0 cyc  (p50/max/max, n=0)
  e2e-settle: settled=2/2
  e2e-probe: line=7 closed=1000 dropped=0 tare=900/1220 ns  (min/avg, n=64)
  e2e-passes: asked=1000 raised=1000
  e2e-local: 6144/6144/254600 ns  (p50/p99/max, n=1000)
  throughput: 168428 ctx-sw/s  (5937 ns/sw avg over 40000 switches / 237 ms)
  switch-probe: fastpath-swaps=0  (swapped inside the trap, so not in the switch row)
  switch:    240/320/34660 cyc  (p50/p99/max, n=40002)
  lock-hold: 3328/5120/61400 cyc  (p50/p99/max, n=80239)
  lock-site: core=0 site=0xffffffff80002dd2 max=61400
  irq-probe: line=6 raise=inject on=0 raised=100 hcore=none foreign=0 win=0
  irq:       0/0/0 cyc  (p50/max/max, n=0)
  wcase-probe: line=6 raise=inject on=0 raised=100 hcore=none foreign=0 win=0
  wcase-irq[0B]:    0/0/0 cyc  (p50/max/max, n=0)
  wcase-probe: line=6 raise=inject on=0 raised=100 hcore=none foreign=0 win=0
  wcase-irq[64B]:   0/0/0 cyc  (p50/max/max, n=0)
  wcase-probe: line=6 raise=inject on=0 raised=100 hcore=none foreign=0 win=0
  wcase-irq[256B]:  0/0/0 cyc  (p50/max/max, n=0)
  wcase-probe: line=6 raise=inject on=0 raised=100 hcore=none foreign=0 win=0
  wcase-irq[1024B]: 0/0/0 cyc  (p50/max/max, n=0)
  e2e-settle: settled=2/2
  e2e-probe: line=7 closed=1000 dropped=0 tare=900/1220 ns  (min/avg, n=64)
  e2e-passes: asked=1000 raised=1000
  e2e-local: 5632/6144/35800 ns  (p50/p99/max, n=1000)
  throughput: 155320 ctx-sw/s  (6438 ns/sw avg over 40000 switches / 257 ms)
  switch-probe: fastpath-swaps=0  (swapped inside the trap, so not in the switch row)
  switch:    256/448/1760 cyc  (p50/p99/max, n=40002)
  lock-hold: 4608/8192/93680 cyc  (p50/p99/max, n=80238)
  lock-site: core=0 site=0xffffffff800014a2 max=93680
  irq-probe: line=6 raise=inject on=0 raised=100 hcore=none foreign=0 win=0
  irq:       0/0/0 cyc  (p50/max/max, n=0)
  wcase-probe: line=6 raise=inject on=0 raised=100 hcore=none foreign=0 win=0
  wcase-irq[0B]:    0/0/0 cyc  (p50/max/max, n=0)
  wcase-probe: line=6 raise=inject on=0 raised=100 hcore=none foreign=0 win=0
  wcase-irq[64B]:   0/0/0 cyc  (p50/max/max, n=0)
  wcase-probe: line=6 raise=inject on=0 raised=100 hcore=none foreign=0 win=0
  wcase-irq[256B]:  0/0/0 cyc  (p50/max/max, n=0)
  wcase-probe: line=6 raise=inject on=0 raised=100 hcore=none foreign=0 win=0
  wcase-irq[1024B]: 0/0/0 cyc  (p50/max/max, n=0)
  e2e-settle: settled=2/2
  e2e-probe: line=7 closed=1000 dropped=0 tare=900/1220 ns  (min/avg, n=64)
  e2e-passes: asked=1000 raised=1000
  e2e-local: 5632/6144/41900 ns  (p50/p99/max, n=1000)
  xtask ping-pong: 12894 ns/switch  (40000 switches / 515 ms)
  xtask call/reply: 16 B  39152 ns/round-trip  (25541 round-trips/s over 20000 calls / 783 ms)
  spawn/exit: thread 55784 ns  (200 reps / 11 ms)
  spawn/exit: task 131762 ns  (200 reps / 26 ms)
bench: done
POLL_OK=1 POLL_MS=8600
