
  ==============================================
   KickOS 0.5.1  -  microkernel RTOS
  ==============================================
   board   qemu-riscv
   arch    rv32imac
   cpu     rv32imac_zicsr
   mpu     off
   sched   tickless
   build   2026-09-30 09:46:16 +0200
   app     Sep 30 2026 09:46:16 +0200
   commit  628de9cb
   heap    16 KiB available
   kstack  1184 B x 17 = 20128 B

microbenchmark: context-switch throughput (all arches) + per-switch cost
+ IRQ-entry latency where a cycle counter exists. Reporter woken by the
workload, not a timer. Telemetry OFF for clean numbers.
cycle counter: 0 Hz (0 = no rate converts a reading; cycles only)

  lock-probe: hold+1 core=0 depth=0  (three nested, one outermost)
  call/reply: 8 B  17455 ns/round-trip  (57289 round-trips/s over 20000 calls / 349 ms)
  call/reply: 16 B  17610 ns/round-trip  (56783 round-trips/s over 20000 calls / 352 ms)
  call/reply: 32 B  26730 ns/round-trip  (37409 round-trips/s over 20000 calls / 534 ms)
  call/reply: 64 B  26242 ns/round-trip  (38106 round-trips/s over 20000 calls / 524 ms)
  call/reply: 128 B  26373 ns/round-trip  (37916 round-trips/s over 20000 calls / 527 ms)
  call/reply: 256 B  26519 ns/round-trip  (37707 round-trips/s over 20000 calls / 530 ms)
  call/reply: 8 B  26276 ns/round-trip  (38057 round-trips/s over 20000 calls / 525 ms) [generic path]
  call/reply: 16 B  26116 ns/round-trip  (38290 round-trips/s over 20000 calls / 522 ms) [generic path]
  call/reply: 32 B  26362 ns/round-trip  (37932 round-trips/s over 20000 calls / 527 ms) [generic path]
  call/reply: 64 B  26521 ns/round-trip  (37705 round-trips/s over 20000 calls / 530 ms) [generic path]
  call/reply: 128 B  26446 ns/round-trip  (37812 round-trips/s over 20000 calls / 528 ms) [generic path]
  call/reply: 256 B  26539 ns/round-trip  (37679 round-trips/s over 20000 calls / 530 ms) [generic path]
  call/reply: 32 B  26785 ns/round-trip  (37333 round-trips/s over 20000 calls / 535 ms) [caller outranks server, D1 donates]
  phase table (44 rows; cyc avg/max, min last and a floor; leaf -= NULL, composite -= NULL + k*(NEST-NULL)):
    NULL             149/10300  min=120  n=220000
    NEST             746/28860  min=680  n=220000
    NEST_LOCK        519/52200  min=440  n=220000
    CALL_TOTAL       19192/707960  min=18260  n=219999
    CALL_VALIDATE    768/35060  min=700  n=220000
    CALL_LOCKED      16935/610220  min=16060  n=219999
    CALL_RESOLVE     801/481960  min=740  n=220000
    CALL_PEEK        309/37200  min=280  n=220000
    CALL_PROBE       352/38480  min=300  n=219999
    CALL_POP         424/34080  min=380  n=219999
    CALL_COPY        600/26220  min=460  n=219999
    CALL_MINT        2211/89680  min=2080  n=219999
    CALL_MINT_CAP    719/22680  min=660  n=219999
    CALL_MINT_INFO   469/26980  min=420  n=219999
    CALL_DONATE      281/23020  min=240  n=19999
    CALL_PARK        799/35380  min=740  n=219999
    CALL_WAKE        6024/145700  min=5740  n=219999
    CALL_RESUME      307/34880  min=260  n=220000
    CALL_SLOW_TOTAL  160920/160920  min=160920  n=1
    CALL_SLOW_LOCKED 141200/141200  min=141200  n=1
    CALL_SLOW_DONATE 0/0  min=0  n=0
    CALL_SLOW_PARK   40760/40760  min=40760  n=1
    RECV_LOCKED      9262/272440  min=8720  n=259999
    RECV_RESOLVE     1273/113420  min=1120  n=260000
    RECV_SCAN        409/42940  min=300  n=259999
    RECV_PARK        6237/250900  min=5800  n=259999
    REPLY_TOTAL      51589/182360  min=20280  n=13
    REPLY_VALIDATE   12244/35020  min=4960  n=13
    REPLY_LOCKED     4431/376560  min=4000  n=260000
    REPLY_LOOKUP     931/181720  min=840  n=260000
    REPLY_COPY       481/128720  min=360  n=260000
    REPLY_FUNNEL     467/62000  min=380  n=260000
    REPLY_WAKE       949/65080  min=860  n=260000
    REPLY_RECV_TOTAL 17499/619980  min=16260  n=260000
    REPLY_RECV_TAIL  1381/101620  min=1180  n=259999
    WAKE_UNPARK      259/56180  min=220  n=520012
    PICK_NEXT        394/20940  min=360  n=480064
    SWITCH_TO        4066/247940  min=3720  n=480039
    SWITCH_BOOK      284/153880  min=260  n=520039
    MPU_APPLY        163/40120  min=80  n=520039
    MPU_COMMIT       0/0  min=0  n=0
    REENT_SEAT       403/56860  min=340  n=520039
    KTIME_REARM      400/34200  min=320  n=520039
    ARCH_SWITCH      863/138280  min=700  n=480039
  ns-probe: rate=0 (nothing converts, so no ns column is printed)
  sat-probe: width=32 (no delta this counter forms is too wide)

  throughput: 102411 ctx-sw/s  (9764 ns/sw avg over 40000 switches / 390 ms)
  switch-probe: fastpath-swaps=0  (swapped inside the trap, so not in the switch row)
  switch:    1792/2304/9060 cyc  (p50/p99/max, n=40001)
  lock-hold: 3840/7168/47060 cyc  (p50/p99/max, n=80240)
  lock-site: core=0 site=0x800048ce max=47060
  irq-probe: line=6 raise=inject on=0 raised=100 hcore=0 foreign=0 win=233900
  irq:       1920/170460/170460 cyc  (p50/max/max, n=100)
  wcase-probe: line=6 raise=inject on=0 raised=100 hcore=0 foreign=0 win=41000
  wcase-irq[0B]:    2048/33760/33760 cyc  (p50/max/max, n=100)
  wcase-probe: line=6 raise=inject on=0 raised=100 hcore=0 foreign=0 win=22160
  wcase-irq[64B]:   2304/20840/20840 cyc  (p50/max/max, n=100)
  wcase-probe: line=6 raise=inject on=0 raised=100 hcore=0 foreign=0 win=6320
  wcase-irq[256B]:  3072/5080/5080 cyc  (p50/max/max, n=100)
  wcase-probe: line=6 raise=inject on=0 raised=100 hcore=0 foreign=0 win=9780
  wcase-irq[1024B]: 5632/8640/8640 cyc  (p50/max/max, n=100)
  e2e-settle: settled=2/2
  e2e-probe: line=7 closed=1000 dropped=0 tare=2100/2456 ns  (min/avg, n=64)
  e2e-passes: asked=1000 raised=1000
  e2e-local: 9216/12288/211600 ns  (p50/p99/max, n=1000)
  throughput: 102710 ctx-sw/s  (9736 ns/sw avg over 40000 switches / 389 ms)
  switch-probe: fastpath-swaps=0  (swapped inside the trap, so not in the switch row)
  switch:    1792/1920/15960 cyc  (p50/p99/max, n=40001)
  lock-hold: 3840/6656/70420 cyc  (p50/p99/max, n=80241)
  lock-site: core=0 site=0x80001e50 max=70420
  irq-probe: line=6 raise=inject on=0 raised=100 hcore=0 foreign=0 win=21600
  irq:       1920/15080/15080 cyc  (p50/max/max, n=100)
  wcase-probe: line=6 raise=inject on=0 raised=100 hcore=0 foreign=0 win=6400
  wcase-irq[0B]:    2048/4780/4780 cyc  (p50/max/max, n=100)
  wcase-probe: line=6 raise=inject on=0 raised=100 hcore=0 foreign=0 win=5160
  wcase-irq[64B]:   2304/4240/4240 cyc  (p50/max/max, n=100)
  wcase-probe: line=6 raise=inject on=0 raised=100 hcore=0 foreign=0 win=4320
  wcase-irq[256B]:  2816/3500/3500 cyc  (p50/max/max, n=100)
  wcase-probe: line=6 raise=inject on=0 raised=100 hcore=0 foreign=0 win=6380
  wcase-irq[1024B]: 5120/5600/5600 cyc  (p50/max/max, n=100)
  e2e-settle: settled=2/2
  e2e-probe: line=7 closed=1000 dropped=0 tare=2100/2456 ns  (min/avg, n=64)
  e2e-passes: asked=1000 raised=1000
  e2e-local: 9216/13312/34300 ns  (p50/p99/max, n=1000)
  throughput: 102799 ctx-sw/s  (9727 ns/sw avg over 40000 switches / 389 ms)
  switch-probe: fastpath-swaps=0  (swapped inside the trap, so not in the switch row)
  switch:    1792/1920/38880 cyc  (p50/p99/max, n=40001)
  lock-hold: 3840/6656/41960 cyc  (p50/p99/max, n=80241)
  lock-site: core=0 site=0x80001e50 max=41960
  irq-probe: line=6 raise=inject on=0 raised=100 hcore=0 foreign=0 win=17680
  irq:       1920/12620/12620 cyc  (p50/max/max, n=100)
  wcase-probe: line=6 raise=inject on=0 raised=100 hcore=0 foreign=0 win=5320
  wcase-irq[0B]:    2048/4180/4180 cyc  (p50/max/max, n=100)
  wcase-probe: line=6 raise=inject on=0 raised=100 hcore=0 foreign=0 win=4100
  wcase-irq[64B]:   2304/3240/3240 cyc  (p50/max/max, n=100)
  wcase-probe: line=6 raise=inject on=0 raised=100 hcore=0 foreign=0 win=4000
  wcase-irq[256B]:  3072/3200/3200 cyc  (p50/max/max, n=100)
  wcase-probe: line=6 raise=inject on=0 raised=100 hcore=0 foreign=0 win=6420
  wcase-irq[1024B]: 5120/5660/5660 cyc  (p50/max/max, n=100)
  e2e-settle: settled=2/2
  e2e-probe: line=7 closed=1000 dropped=0 tare=2100/2456 ns  (min/avg, n=64)
  e2e-passes: asked=1000 raised=1000
  e2e-local: 9216/9216/31700 ns  (p50/p99/max, n=1000)
  xtask ping-pong: 9769 ns/switch  (40000 switches / 390 ms)
  xtask call/reply: 16 B  17813 ns/round-trip  (56136 round-trips/s over 20000 calls / 356 ms)
  spawn/exit: thread 27538 ns  (200 reps / 5 ms)
  spawn/exit: task 34039 ns  (200 reps / 6 ms)
bench: done
POLL_OK=1 POLL_MS=8600
