
  ==============================================
   KickOS 0.5.1  -  microkernel RTOS
  ==============================================
   board   qemu-arm64
   arch    armv8a
   cpu     cortex-a53
   mpu     off
   sched   tickless
   build   2026-09-30 09:46:03 +0200
   app     Sep 30 2026 09:46:03 +0200
   commit  628de9cb
   heap    64 KiB available
   kstack  4096 B x 17 = 69632 B

microbenchmark: context-switch throughput (all arches) + per-switch cost
+ IRQ-entry latency where a cycle counter exists. Reporter woken by the
workload, not a timer. Telemetry OFF for clean numbers.
cycle counter: 0 Hz (0 = no rate converts a reading; cycles only)

  lock-probe: hold+1 core=0 depth=0  (three nested, one outermost)
  call/reply: 8 B  20127 ns/round-trip  (49683 round-trips/s over 20000 calls / 402 ms)
  call/reply: 16 B  19194 ns/round-trip  (52097 round-trips/s over 20000 calls / 383 ms)
  call/reply: 32 B  19100 ns/round-trip  (52355 round-trips/s over 20000 calls / 382 ms)
  call/reply: 64 B  19412 ns/round-trip  (51514 round-trips/s over 20000 calls / 388 ms)
  call/reply: 128 B  19283 ns/round-trip  (51857 round-trips/s over 20000 calls / 385 ms)
  call/reply: 256 B  19210 ns/round-trip  (52054 round-trips/s over 20000 calls / 384 ms)
  call/reply: 8 B  19107 ns/round-trip  (52334 round-trips/s over 20000 calls / 382 ms) [generic path]
  call/reply: 16 B  19122 ns/round-trip  (52294 round-trips/s over 20000 calls / 382 ms) [generic path]
  call/reply: 32 B  18980 ns/round-trip  (52685 round-trips/s over 20000 calls / 379 ms) [generic path]
  call/reply: 64 B  19269 ns/round-trip  (51895 round-trips/s over 20000 calls / 385 ms) [generic path]
  call/reply: 128 B  19116 ns/round-trip  (52311 round-trips/s over 20000 calls / 382 ms) [generic path]
  call/reply: 256 B  19440 ns/round-trip  (51439 round-trips/s over 20000 calls / 388 ms) [generic path]
  call/reply: 32 B  19652 ns/round-trip  (50883 round-trips/s over 20000 calls / 393 ms) [caller outranks server, D1 donates]
  phase table (44 rows; cyc avg/max, min last and a floor; leaf -= NULL, composite -= NULL + k*(NEST-NULL)):
    NULL             109/4048  min=100  n=260000
    NEST             357/8696  min=330  n=260000
    NEST_LOCK        222/36329  min=200  n=260000
    CALL_TOTAL       17711/1123917  min=17032  n=259999
    CALL_VALIDATE    215/15449  min=190  n=260000
    CALL_LOCKED      16873/1123034  min=16211  n=259999
    CALL_RESOLVE     178/96582  min=150  n=260000
    CALL_PEEK        152/8015  min=130  n=260000
    CALL_PROBE       126/20088  min=110  n=259999
    CALL_POP         182/17943  min=170  n=259999
    CALL_COPY        615/25358  min=541  n=259999
    CALL_MINT        1013/72736  min=932  n=259999
    CALL_MINT_CAP    251/43802  min=230  n=259999
    CALL_MINT_INFO   378/23043  min=340  n=259999
    CALL_DONATE      153/10039  min=140  n=19999
    CALL_PARK        222/30637  min=210  n=259999
    CALL_WAKE        12069/1118326  min=11582  n=259999
    CALL_RESUME      153/10460  min=140  n=260000
    CALL_SLOW_TOTAL  210266/210266  min=210266  n=1
    CALL_SLOW_LOCKED 203363/203363  min=203363  n=1
    CALL_SLOW_DONATE 0/0  min=0  n=0
    CALL_SLOW_PARK   152617/152617  min=152617  n=1
    RECV_LOCKED      14205/526441  min=13635  n=259999
    RECV_RESOLVE     356/58090  min=311  n=260000
    RECV_SCAN        164/28604  min=140  n=259999
    RECV_PARK        13098/435961  min=12503  n=259999
    REPLY_TOTAL      50702/424660  min=10379  n=13
    REPLY_VALIDATE   6674/17823  min=3687  n=13
    REPLY_LOCKED     1943/169369  min=1803  n=260000
    REPLY_LOOKUP     251/91432  min=220  n=260000
    REPLY_COPY       476/26029  min=410  n=260000
    REPLY_FUNNEL     122/29114  min=100  n=260000
    REPLY_WAKE       434/55444  min=390  n=260000
    REPLY_RECV_TOTAL 17317/709406  min=16612  n=260000
    REPLY_RECV_TAIL  503/261913  min=460  n=259999
    WAKE_UNPARK      169/30167  min=110  n=520012
    PICK_NEXT        106/6543  min=80  n=520064
    SWITCH_TO        21510/403474835  min=10760  n=520013
    SWITCH_BOOK      102/54523  min=90  n=520039
    MPU_APPLY        135/16431  min=111  n=520039
    MPU_COMMIT       0/0  min=0  n=0
    REENT_SEAT       115/16562  min=80  n=520039
    KTIME_REARM      114/19667  min=90  n=520039
    ARCH_SWITCH      20244/403422646  min=9538  n=520013
  ns-probe: rate=0 (nothing converts, so no ns column is printed)
  sat-probe: width=64 fits+1/0 wide+0/1 max=1000

  throughput: 166099 ctx-sw/s  (6020 ns/sw avg over 40000 switches / 240 ms)
  switch-probe: fastpath-swaps=0  (swapped inside the trap, so not in the switch row)
  switch:    176/176/9157 cyc  (p50/p99/max, n=40002)
  lock-hold: 1152/2560/20659 cyc  (p50/p99/max, n=80235)
  lock-site: core=0 site=0xffffff804001a1dc max=20659
  irq-probe: line=200 raise=inject on=0 raised=100 hcore=none foreign=0 win=0
  irq:       0/0/0 cyc  (p50/max/max, n=0)
  wcase-probe: line=200 raise=inject on=0 raised=100 hcore=none foreign=0 win=0
  wcase-irq[0B]:    0/0/0 cyc  (p50/max/max, n=0)
  wcase-probe: line=200 raise=inject on=0 raised=100 hcore=none foreign=0 win=0
  wcase-irq[64B]:   0/0/0 cyc  (p50/max/max, n=0)
  wcase-probe: line=200 raise=inject on=0 raised=100 hcore=none foreign=0 win=0
  wcase-irq[256B]:  0/0/0 cyc  (p50/max/max, n=0)
  wcase-probe: line=200 raise=inject on=0 raised=100 hcore=none foreign=0 win=0
  wcase-irq[1024B]: 0/0/0 cyc  (p50/max/max, n=0)
  e2e-settle: settled=2/2
  e2e-probe: line=201 closed=1000 dropped=0 tare=944/1251 ns  (min/avg, n=64)
  e2e-passes: asked=1000 raised=1000
  e2e-local: 8192/8192/249120 ns  (p50/p99/max, n=1000)
  throughput: 166297 ctx-sw/s  (6013 ns/sw avg over 40000 switches / 240 ms)
  switch-probe: fastpath-swaps=0  (swapped inside the trap, so not in the switch row)
  switch:    176/176/2856 cyc  (p50/p99/max, n=40002)
  lock-hold: 1280/2560/22021 cyc  (p50/p99/max, n=80238)
  lock-site: core=0 site=0xffffff8040007328 max=22021
  irq-probe: line=200 raise=inject on=0 raised=100 hcore=none foreign=0 win=0
  irq:       0/0/0 cyc  (p50/max/max, n=0)
  wcase-probe: line=200 raise=inject on=0 raised=100 hcore=none foreign=0 win=0
  wcase-irq[0B]:    0/0/0 cyc  (p50/max/max, n=0)
  wcase-probe: line=200 raise=inject on=0 raised=100 hcore=none foreign=0 win=0
  wcase-irq[64B]:   0/0/0 cyc  (p50/max/max, n=0)
  wcase-probe: line=200 raise=inject on=0 raised=100 hcore=none foreign=0 win=0
  wcase-irq[256B]:  0/0/0 cyc  (p50/max/max, n=0)
  wcase-probe: line=200 raise=inject on=0 raised=100 hcore=none foreign=0 win=0
  wcase-irq[1024B]: 0/0/0 cyc  (p50/max/max, n=0)
  e2e-settle: settled=2/2
  e2e-probe: line=201 closed=1000 dropped=0 tare=944/1251 ns  (min/avg, n=64)
  e2e-passes: asked=1000 raised=1000
  e2e-local: 8192/8192/38320 ns  (p50/p99/max, n=1000)
  throughput: 166046 ctx-sw/s  (6022 ns/sw avg over 40000 switches / 240 ms)
  switch-probe: fastpath-swaps=0  (swapped inside the trap, so not in the switch row)
  switch:    176/176/400 cyc  (p50/p99/max, n=40002)
  lock-hold: 1280/2560/24606 cyc  (p50/p99/max, n=80237)
  lock-site: core=0 site=0xffffff804001a1dc max=24606
  irq-probe: line=200 raise=inject on=0 raised=100 hcore=none foreign=0 win=0
  irq:       0/0/0 cyc  (p50/max/max, n=0)
  wcase-probe: line=200 raise=inject on=0 raised=100 hcore=none foreign=0 win=0
  wcase-irq[0B]:    0/0/0 cyc  (p50/max/max, n=0)
  wcase-probe: line=200 raise=inject on=0 raised=100 hcore=none foreign=0 win=0
  wcase-irq[64B]:   0/0/0 cyc  (p50/max/max, n=0)
  wcase-probe: line=200 raise=inject on=0 raised=100 hcore=none foreign=0 win=0
  wcase-irq[256B]:  0/0/0 cyc  (p50/max/max, n=0)
  wcase-probe: line=200 raise=inject on=0 raised=100 hcore=none foreign=0 win=0
  wcase-irq[1024B]: 0/0/0 cyc  (p50/max/max, n=0)
  e2e-settle: settled=2/2
  e2e-probe: line=201 closed=1000 dropped=0 tare=944/1251 ns  (min/avg, n=64)
  e2e-passes: asked=1000 raised=1000
  e2e-local: 8192/8192/42544 ns  (p50/p99/max, n=1000)
  xtask ping-pong: 13329 ns/switch  (40000 switches / 533 ms)
  xtask call/reply: 16 B  39335 ns/round-trip  (25422 round-trips/s over 20000 calls / 786 ms)
  spawn/exit: thread 28118 ns  (200 reps / 5 ms)
  spawn/exit: task 107879 ns  (200 reps / 21 ms)
bench: done
POLL_OK=1 POLL_MS=8000
