
  ==============================================
   KickOS 0.5.1  -  microkernel RTOS
  ==============================================
   board   qemu-riscv64
   arch    rv64imac
   cpu     rv64imac_zicsr_zmmul_zaamo_zalrsc_zca
   mpu     off
   sched   tickless
   build   2026-09-30 09:46:09 +0200
   app     Sep 30 2026 09:46:10 +0200
   commit  628de9cb
   heap    64 KiB available
   kstack  4096 B x 17 = 69632 B

microbenchmark: context-switch throughput (all arches) + per-switch cost
+ IRQ-entry latency where a cycle counter exists. Reporter woken by the
workload, not a timer. Telemetry OFF for clean numbers.
cycle counter: 0 Hz (0 = no rate converts a reading; cycles only)

  lock-probe: hold+1 core=0 depth=0  (three nested, one outermost)
  call/reply: 8 B  21652 ns/round-trip  (46184 round-trips/s over 20000 calls / 433 ms)
  call/reply: 16 B  21478 ns/round-trip  (46558 round-trips/s over 20000 calls / 429 ms)
  call/reply: 32 B  22394 ns/round-trip  (44653 round-trips/s over 20000 calls / 447 ms)
  call/reply: 64 B  22777 ns/round-trip  (43902 round-trips/s over 20000 calls / 455 ms)
  call/reply: 128 B  21622 ns/round-trip  (46247 round-trips/s over 20000 calls / 432 ms)
  call/reply: 256 B  21440 ns/round-trip  (46641 round-trips/s over 20000 calls / 428 ms)
  call/reply: 8 B  21368 ns/round-trip  (46798 round-trips/s over 20000 calls / 427 ms) [generic path]
  call/reply: 16 B  21329 ns/round-trip  (46882 round-trips/s over 20000 calls / 426 ms) [generic path]
  call/reply: 32 B  21417 ns/round-trip  (46691 round-trips/s over 20000 calls / 428 ms) [generic path]
  call/reply: 64 B  21678 ns/round-trip  (46128 round-trips/s over 20000 calls / 433 ms) [generic path]
  call/reply: 128 B  21554 ns/round-trip  (46394 round-trips/s over 20000 calls / 431 ms) [generic path]
  call/reply: 256 B  21847 ns/round-trip  (45771 round-trips/s over 20000 calls / 436 ms) [generic path]
  call/reply: 32 B  21897 ns/round-trip  (45666 round-trips/s over 20000 calls / 437 ms) [caller outranks server, D1 donates]
  phase table (44 rows; cyc avg/max, min last and a floor; leaf -= NULL, composite -= NULL + k*(NEST-NULL)):
    NULL             180/42640  min=160  n=260000
    NEST             691/61380  min=640  n=260000
    NEST_LOCK        583/71580  min=540  n=260000
    CALL_TOTAL       40066/3663000  min=38320  n=259999
    CALL_VALIDATE    403/14360  min=360  n=260000
    CALL_LOCKED      38351/3657940  min=36640  n=259999
    CALL_RESOLVE     473/25220  min=420  n=260000
    CALL_PEEK        273/31620  min=240  n=260000
    CALL_PROBE       290/25400  min=260  n=259999
    CALL_POP         339/38140  min=300  n=259999
    CALL_COPY        2789/107260  min=2540  n=259999
    CALL_MINT        3015/151640  min=2820  n=259999
    CALL_MINT_CAP    546/92540  min=500  n=259999
    CALL_MINT_INFO   1768/81580  min=1620  n=259999
    CALL_DONATE      289/36160  min=260  n=19999
    CALL_PARK        609/54300  min=560  n=259999
    CALL_WAKE        25933/3619560  min=24760  n=259999
    CALL_RESUME      301/12200  min=260  n=260000
    CALL_SLOW_TOTAL  391480/391480  min=391480  n=1
    CALL_SLOW_LOCKED 379480/379480  min=379480  n=1
    CALL_SLOW_DONATE 0/0  min=0  n=0
    CALL_SLOW_PARK   285160/285160  min=285160  n=1
    RECV_LOCKED      29802/3617320  min=28540  n=259999
    RECV_RESOLVE     875/106840  min=760  n=260000
    RECV_SCAN        351/36580  min=320  n=259999
    RECV_PARK        27603/3610520  min=26380  n=259999
    REPLY_TOTAL      120552/1013280  min=22020  n=13
    REPLY_VALIDATE   13870/54840  min=6960  n=13
    REPLY_LOCKED     6126/337000  min=5700  n=260000
    REPLY_LOOKUP     727/179680  min=640  n=260000
    REPLY_COPY       2741/81060  min=2480  n=260000
    REPLY_FUNNEL     398/56320  min=340  n=260000
    REPLY_WAKE       859/50600  min=760  n=260000
    REPLY_RECV_TOTAL 39590/3648280  min=37960  n=260000
    REPLY_RECV_TAIL  919/82080  min=840  n=259999
    WAKE_UNPARK      259/86520  min=180  n=520012
    PICK_NEXT        286/38540  min=240  n=520064
    SWITCH_TO        46962/910003260  min=23100  n=520013
    SWITCH_BOOK      244/140780  min=200  n=520039
    MPU_APPLY        341/47460  min=300  n=520039
    MPU_COMMIT       0/0  min=0  n=0
    REENT_SEAT       164/3531240  min=100  n=520039
    KTIME_REARM      243/359080  min=200  n=520039
    ARCH_SWITCH      44634/909985080  min=20760  n=520013
  ns-probe: rate=0 (nothing converts, so no ns column is printed)
  sat-probe: width=64 fits+1/0 wide+0/1 max=1000

  throughput: 166727 ctx-sw/s  (5997 ns/sw avg over 40000 switches / 239 ms)
  switch-probe: fastpath-swaps=0  (swapped inside the trap, so not in the switch row)
  switch:    240/352/2740 cyc  (p50/p99/max, n=40002)
  lock-hold: 3584/5120/107820 cyc  (p50/p99/max, n=80235)
  lock-site: core=0 site=0xffffffff800014a2 max=107820
  irq-probe: line=6 raise=inject on=0 raised=100 hcore=none foreign=0 win=0
  irq:       0/0/0 cyc  (p50/max/max, n=0)
  wcase-probe: line=6 raise=inject on=0 raised=100 hcore=none foreign=0 win=0
  wcase-irq[0B]:    0/0/0 cyc  (p50/max/max, n=0)
  wcase-probe: line=6 raise=inject on=0 raised=100 hcore=none foreign=0 win=0
  wcase-irq[64B]:   0/0/0 cyc  (p50/max/max, n=0)
  wcase-probe: line=6 raise=inject on=0 raised=100 hcore=none foreign=0 win=0
  wcase-irq[256B]:  0/0/0 cyc  (p50/max/max, n=0)
  wcase-probe: line=6 raise=inject on=0 raised=100 hcore=none foreign=0 win=0
  wcase-irq[1024B]: 0/0/0 cyc  (p50/max/max, n=0)
  e2e-settle: settled=2/2
  e2e-probe: line=7 closed=1000 dropped=0 tare=900/1246 ns  (min/avg, n=64)
  e2e-passes: asked=1000 raised=1000
  e2e-local: 5632/6144/259000 ns  (p50/p99/max, n=1000)
  throughput: 165937 ctx-sw/s  (6026 ns/sw avg over 40000 switches / 241 ms)
  switch-probe: fastpath-swaps=0  (swapped inside the trap, so not in the switch row)
  switch:    256/352/5400 cyc  (p50/p99/max, n=40002)
  lock-hold: 3584/5120/118260 cyc  (p50/p99/max, n=80238)
  lock-site: core=0 site=0xffffffff800014a2 max=118260
  irq-probe: line=6 raise=inject on=0 raised=100 hcore=none foreign=0 win=0
  irq:       0/0/0 cyc  (p50/max/max, n=0)
  wcase-probe: line=6 raise=inject on=0 raised=100 hcore=none foreign=0 win=0
  wcase-irq[0B]:    0/0/0 cyc  (p50/max/max, n=0)
  wcase-probe: line=6 raise=inject on=0 raised=100 hcore=none foreign=0 win=0
  wcase-irq[64B]:   0/0/0 cyc  (p50/max/max, n=0)
  wcase-probe: line=6 raise=inject on=0 raised=100 hcore=none foreign=0 win=0
  wcase-irq[256B]:  0/0/0 cyc  (p50/max/max, n=0)
  wcase-probe: line=6 raise=inject on=0 raised=100 hcore=none foreign=0 win=0
  wcase-irq[1024B]: 0/0/0 cyc  (p50/max/max, n=0)
  e2e-settle: settled=2/2
  e2e-probe: line=7 closed=1000 dropped=0 tare=900/1246 ns  (min/avg, n=64)
  e2e-passes: asked=1000 raised=1000
  e2e-local: 5632/9216/50500 ns  (p50/p99/max, n=1000)
  throughput: 166196 ctx-sw/s  (6016 ns/sw avg over 40000 switches / 240 ms)
  switch-probe: fastpath-swaps=0  (swapped inside the trap, so not in the switch row)
  switch:    240/352/9840 cyc  (p50/p99/max, n=40002)
  lock-hold: 3328/6656/29480 cyc  (p50/p99/max, n=80238)
  lock-site: core=0 site=0xffffffff80002dd2 max=29480
  irq-probe: line=6 raise=inject on=0 raised=100 hcore=none foreign=0 win=0
  irq:       0/0/0 cyc  (p50/max/max, n=0)
  wcase-probe: line=6 raise=inject on=0 raised=100 hcore=none foreign=0 win=0
  wcase-irq[0B]:    0/0/0 cyc  (p50/max/max, n=0)
  wcase-probe: line=6 raise=inject on=0 raised=100 hcore=none foreign=0 win=0
  wcase-irq[64B]:   0/0/0 cyc  (p50/max/max, n=0)
  wcase-probe: line=6 raise=inject on=0 raised=100 hcore=none foreign=0 win=0
  wcase-irq[256B]:  0/0/0 cyc  (p50/max/max, n=0)
  wcase-probe: line=6 raise=inject on=0 raised=100 hcore=none foreign=0 win=0
  wcase-irq[1024B]: 0/0/0 cyc  (p50/max/max, n=0)
  e2e-settle: settled=2/2
  e2e-probe: line=7 closed=1000 dropped=0 tare=900/1246 ns  (min/avg, n=64)
  e2e-passes: asked=1000 raised=1000
  e2e-local: 5632/9216/43400 ns  (p50/p99/max, n=1000)
  xtask ping-pong: 12662 ns/switch  (40000 switches / 506 ms)
  xtask call/reply: 16 B  39066 ns/round-trip  (25597 round-trips/s over 20000 calls / 781 ms)
  spawn/exit: thread 56659 ns  (200 reps / 11 ms)
  spawn/exit: task 131111 ns  (200 reps / 26 ms)
bench: done
POLL_OK=1 POLL_MS=8600
