
  ==============================================
   KickOS 0.5.1  -  microkernel RTOS
  ==============================================
   board   qemu-arm64
   arch    armv8a
   cpu     cortex-a53
   mpu     off
   sched   tickless
   build   2026-09-30 09:46:03 +0200
   app     Sep 30 2026 09:46:03 +0200
   commit  628de9cb
   heap    64 KiB available
   kstack  4096 B x 17 = 69632 B

microbenchmark: context-switch throughput (all arches) + per-switch cost
+ IRQ-entry latency where a cycle counter exists. Reporter woken by the
workload, not a timer. Telemetry OFF for clean numbers.
cycle counter: 0 Hz (0 = no rate converts a reading; cycles only)

  lock-probe: hold+1 core=0 depth=0  (three nested, one outermost)
  call/reply: 8 B  19294 ns/round-trip  (51827 round-trips/s over 20000 calls / 385 ms)
  call/reply: 16 B  19176 ns/round-trip  (52145 round-trips/s over 20000 calls / 383 ms)
  call/reply: 32 B  19347 ns/round-trip  (51685 round-trips/s over 20000 calls / 386 ms)
  call/reply: 64 B  19153 ns/round-trip  (52210 round-trips/s over 20000 calls / 383 ms)
  call/reply: 128 B  19148 ns/round-trip  (52223 round-trips/s over 20000 calls / 382 ms)
  call/reply: 256 B  19554 ns/round-trip  (51138 round-trips/s over 20000 calls / 391 ms)
  call/reply: 8 B  19446 ns/round-trip  (51422 round-trips/s over 20000 calls / 388 ms) [generic path]
  call/reply: 16 B  19090 ns/round-trip  (52381 round-trips/s over 20000 calls / 381 ms) [generic path]
  call/reply: 32 B  19871 ns/round-trip  (50322 round-trips/s over 20000 calls / 397 ms) [generic path]
  call/reply: 64 B  19149 ns/round-trip  (52221 round-trips/s over 20000 calls / 382 ms) [generic path]
  call/reply: 128 B  19272 ns/round-trip  (51886 round-trips/s over 20000 calls / 385 ms) [generic path]
  call/reply: 256 B  19292 ns/round-trip  (51832 round-trips/s over 20000 calls / 385 ms) [generic path]
  call/reply: 32 B  19493 ns/round-trip  (51299 round-trips/s over 20000 calls / 389 ms) [caller outranks server, D1 donates]
  phase table (44 rows; cyc avg/max, min last and a floor; leaf -= NULL, composite -= NULL + k*(NEST-NULL)):
    NULL             109/20508  min=100  n=260000
    NEST             359/21540  min=330  n=260000
    NEST_LOCK        222/19276  min=190  n=260000
    CALL_TOTAL       17738/1164993  min=17032  n=259999
    CALL_VALIDATE    215/19427  min=190  n=260000
    CALL_LOCKED      16887/1164122  min=16221  n=259999
    CALL_RESOLVE     174/35016  min=150  n=260000
    CALL_PEEK        154/7955  min=130  n=260000
    CALL_PROBE       127/17974  min=100  n=259999
    CALL_POP         168/17904  min=150  n=259999
    CALL_COPY        612/16702  min=541  n=259999
    CALL_MINT        1021/72016  min=941  n=259999
    CALL_MINT_CAP    251/43842  min=230  n=259999
    CALL_MINT_INFO   375/31759  min=340  n=259999
    CALL_DONATE      153/9247  min=140  n=19999
    CALL_PARK        224/27081  min=200  n=259999
    CALL_WAKE        12066/1159433  min=11591  n=259999
    CALL_RESUME      157/5400  min=140  n=260000
    CALL_SLOW_TOTAL  211959/211959  min=211959  n=1
    CALL_SLOW_LOCKED 205256/205256  min=205256  n=1
    CALL_SLOW_DONATE 0/0  min=0  n=0
    CALL_SLOW_PARK   153779/153779  min=153779  n=1
    RECV_LOCKED      14232/522604  min=13655  n=259999
    RECV_RESOLVE     359/57278  min=330  n=260000
    RECV_SCAN        166/16851  min=150  n=259999
    RECV_PARK        13122/432754  min=12574  n=259999
    REPLY_TOTAL      52385/448123  min=10079  n=13
    REPLY_VALIDATE   6665/14317  min=2986  n=13
    REPLY_LOCKED     1928/168317  min=1793  n=260000
    REPLY_LOOKUP     252/90841  min=230  n=260000
    REPLY_COPY       473/31329  min=400  n=260000
    REPLY_FUNNEL     122/29094  min=100  n=260000
    REPLY_WAKE       426/17673  min=390  n=260000
    REPLY_RECV_TOTAL 17343/702803  min=16661  n=260000
    REPLY_RECV_TAIL  502/41759  min=461  n=259999
    WAKE_UNPARK      162/22493  min=130  n=520012
    PICK_NEXT        106/109376  min=80  n=520064
    SWITCH_TO        21533/397719404  min=10780  n=520013
    SWITCH_BOOK      112/74961  min=90  n=520039
    MPU_APPLY        135/6613  min=111  n=520039
    MPU_COMMIT       0/0  min=0  n=0
    REENT_SEAT       114/39675  min=90  n=520039
    KTIME_REARM      113/29306  min=90  n=520039
    ARCH_SWITCH      20263/397712792  min=9538  n=520013
  ns-probe: rate=0 (nothing converts, so no ns column is printed)
  sat-probe: width=64 fits+1/0 wide+0/1 max=1000

  throughput: 167648 ctx-sw/s  (5964 ns/sw avg over 40000 switches / 238 ms)
  switch-probe: fastpath-swaps=0  (swapped inside the trap, so not in the switch row)
  switch:    176/176/431 cyc  (p50/p99/max, n=40002)
  lock-hold: 1280/2560/26981 cyc  (p50/p99/max, n=80234)
  lock-site: core=0 site=0xffffff8040007328 max=26981
  irq-probe: line=200 raise=inject on=0 raised=100 hcore=none foreign=0 win=0
  irq:       0/0/0 cyc  (p50/max/max, n=0)
  wcase-probe: line=200 raise=inject on=0 raised=100 hcore=none foreign=0 win=0
  wcase-irq[0B]:    0/0/0 cyc  (p50/max/max, n=0)
  wcase-probe: line=200 raise=inject on=0 raised=100 hcore=none foreign=0 win=0
  wcase-irq[64B]:   0/0/0 cyc  (p50/max/max, n=0)
  wcase-probe: line=200 raise=inject on=0 raised=100 hcore=none foreign=0 win=0
  wcase-irq[256B]:  0/0/0 cyc  (p50/max/max, n=0)
  wcase-probe: line=200 raise=inject on=0 raised=100 hcore=none foreign=0 win=0
  wcase-irq[1024B]: 0/0/0 cyc  (p50/max/max, n=0)
  e2e-settle: settled=2/2
  e2e-probe: line=201 closed=1000 dropped=0 tare=960/1253 ns  (min/avg, n=64)
  e2e-passes: asked=1000 raised=1000
  e2e-local: 8192/8192/245152 ns  (p50/p99/max, n=1000)
  throughput: 168301 ctx-sw/s  (5941 ns/sw avg over 40000 switches / 237 ms)
  switch-probe: fastpath-swaps=0  (swapped inside the trap, so not in the switch row)
  switch:    176/176/3166 cyc  (p50/p99/max, n=40002)
  lock-hold: 1280/2560/12904 cyc  (p50/p99/max, n=80238)
  lock-site: core=0 site=0xffffff8040007328 max=12904
  irq-probe: line=200 raise=inject on=0 raised=100 hcore=none foreign=0 win=0
  irq:       0/0/0 cyc  (p50/max/max, n=0)
  wcase-probe: line=200 raise=inject on=0 raised=100 hcore=none foreign=0 win=0
  wcase-irq[0B]:    0/0/0 cyc  (p50/max/max, n=0)
  wcase-probe: line=200 raise=inject on=0 raised=100 hcore=none foreign=0 win=0
  wcase-irq[64B]:   0/0/0 cyc  (p50/max/max, n=0)
  wcase-probe: line=200 raise=inject on=0 raised=100 hcore=none foreign=0 win=0
  wcase-irq[256B]:  0/0/0 cyc  (p50/max/max, n=0)
  wcase-probe: line=200 raise=inject on=0 raised=100 hcore=none foreign=0 win=0
  wcase-irq[1024B]: 0/0/0 cyc  (p50/max/max, n=0)
  e2e-settle: settled=2/2
  e2e-probe: line=201 closed=1000 dropped=0 tare=960/1253 ns  (min/avg, n=64)
  e2e-passes: asked=1000 raised=1000
  e2e-local: 8192/11264/34688 ns  (p50/p99/max, n=1000)
  throughput: 167652 ctx-sw/s  (5964 ns/sw avg over 40000 switches / 238 ms)
  switch-probe: fastpath-swaps=0  (swapped inside the trap, so not in the switch row)
  switch:    176/176/2284 cyc  (p50/p99/max, n=40002)
  lock-hold: 1280/2560/289565 cyc  (p50/p99/max, n=80238)
  lock-site: core=0 site=0xffffff804001a1dc max=289565
  irq-probe: line=200 raise=inject on=0 raised=100 hcore=none foreign=0 win=0
  irq:       0/0/0 cyc  (p50/max/max, n=0)
  wcase-probe: line=200 raise=inject on=0 raised=100 hcore=none foreign=0 win=0
  wcase-irq[0B]:    0/0/0 cyc  (p50/max/max, n=0)
  wcase-probe: line=200 raise=inject on=0 raised=100 hcore=none foreign=0 win=0
  wcase-irq[64B]:   0/0/0 cyc  (p50/max/max, n=0)
  wcase-probe: line=200 raise=inject on=0 raised=100 hcore=none foreign=0 win=0
  wcase-irq[256B]:  0/0/0 cyc  (p50/max/max, n=0)
  wcase-probe: line=200 raise=inject on=0 raised=100 hcore=none foreign=0 win=0
  wcase-irq[1024B]: 0/0/0 cyc  (p50/max/max, n=0)
  e2e-settle: settled=2/2
  e2e-probe: line=201 closed=1000 dropped=0 tare=960/1253 ns  (min/avg, n=64)
  e2e-passes: asked=1000 raised=1000
  e2e-local: 8192/9216/34448 ns  (p50/p99/max, n=1000)
  xtask ping-pong: 13272 ns/switch  (40000 switches / 530 ms)
  xtask call/reply: 16 B  39246 ns/round-trip  (25480 round-trips/s over 20000 calls / 784 ms)
  spawn/exit: thread 28073 ns  (200 reps / 5 ms)
  spawn/exit: task 110633 ns  (200 reps / 22 ms)
bench: done
POLL_OK=1 POLL_MS=8000
