[2J[001;001H[=3h[2J[001;001H[2J[001;001H[8;042;160t[2J[001;001H[2J[001;001H[8;056;240t[2J[001;001HBdsDxe: loading Boot0002 "UEFI QEMU HARDDISK QM00001 " from PciRoot(0x0)/Pci(0x1F,0x2)/Sata(0x0,0xFFFF,0x0)
BdsDxe: starting Boot0002 "UEFI QEMU HARDDISK QM00001 " from PciRoot(0x0)/Pci(0x1F,0x2)/Sata(0x0,0xFFFF,0x0)

KICKOS-X1 8c41d7a2 x86_64/q35 uefi-handover entry
KICKOS-X1 8c41d7a2 x86_64/q35 uefi-handover handover if=1 paging=1 longmode=1 root=1 wp=1 nx=1 nxcap=1
KICKOS-X1 8c41d7a2 x86_64/q35 uefi-handover if_after_cli=0
KICKOS-X1 8c41d7a2 x86_64/q35 uefi-handover firmware=Debian distribution of EDK II
KICKOS-X1 8c41d7a2 x86_64/q35 uefi-handover revision=0x0000000000020046
KICKOS-X1 8c41d7a2 x86_64/q35 uefi-handover map descriptors=109 stride=48 version=1 conventional_pages=117655 arena=0x0000000001800000 arena_pages=107372
KICKOS-X1 8c41d7a2 x86_64/q35 uefi-handover fp found em=0 ts=0 mp=1 osfxsr=1 osxmmexcpt=1 osxsave=0
KICKOS-X1 8c41d7a2 x86_64/q35 uefi-handover fp trapped em=1 ts=1 mp=1 osfxsr=0 osxmmexcpt=0 osxsave=0
KICKOS-X1 8c41d7a2 x86_64/q35 uefi-handover boot services left
KICKOS-X1 8c41d7a2 x86_64/q35 uefi-handover if_after_exit=0
x86_64 app relocation: base=0x0000000000400000 load_delta=0x0000000000000000 app_words=0

  ==============================================
   KickOS 0.5.1  -  microkernel RTOS
  ==============================================
   board   qemu-x86_64
   arch    x86_64
   cpu     x86-64-v3
   mpu     off
   sched   tickless
   build   2026-09-30 09:45:56 +0200
   app     Sep 30 2026 09:45:57 +0200
   commit  628de9cb
   heap    none
   kstack  4096 B x 33 = 135168 B

microbenchmark: context-switch throughput (all arches) + per-switch cost
+ IRQ-entry latency where a cycle counter exists. Reporter woken by the
workload, not a timer. Telemetry OFF for clean numbers.
cycle counter: 1998264849 Hz (0 = no rate converts a reading; cycles only)

  lock-probe: hold+1 core=0 depth=0  (three nested, one outermost)
  call/reply: 8 B  8736 ns/round-trip  (114459 round-trips/s over 20000 calls / 174 ms)
  call/reply: 16 B  8944 ns/round-trip  (111804 round-trips/s over 20000 calls / 178 ms)
  call/reply: 32 B  8628 ns/round-trip  (115888 round-trips/s over 20000 calls / 172 ms)
  call/reply: 64 B  8618 ns/round-trip  (116033 round-trips/s over 20000 calls / 172 ms)
  call/reply: 128 B  8687 ns/round-trip  (115110 round-trips/s over 20000 calls / 173 ms)
  call/reply: 256 B  8759 ns/round-trip  (114161 round-trips/s over 20000 calls / 175 ms)
  call/reply: 8 B  8633 ns/round-trip  (115830 round-trips/s over 20000 calls / 172 ms) [generic path]
  call/reply: 16 B  8603 ns/round-trip  (116231 round-trips/s over 20000 calls / 172 ms) [generic path]
  call/reply: 32 B  8604 ns/round-trip  (116211 round-trips/s over 20000 calls / 172 ms) [generic path]
  call/reply: 64 B  8781 ns/round-trip  (113872 round-trips/s over 20000 calls / 175 ms) [generic path]
  call/reply: 128 B  8851 ns/round-trip  (112978 round-trips/s over 20000 calls / 177 ms) [generic path]
  call/reply: 256 B  8749 ns/round-trip  (114286 round-trips/s over 20000 calls / 174 ms) [generic path]
  call/reply: 32 B  8820 ns/round-trip  (113365 round-trips/s over 20000 calls / 176 ms) [caller outranks server, D1 donates]
  phase table (44 rows; cyc avg/max, min last and a floor; leaf -= NULL, composite -= NULL + k*(NEST-NULL)):
    NULL             15/4920  min=1  n=260000
    NEST             86/25980  min=79  n=260000
    NEST_LOCK        49/40280  min=40  n=260000
    CALL_TOTAL       16285/2562220  min=15680  n=259999
    CALL_VALIDATE    183/14220  min=160  n=260000
    CALL_LOCKED      15807/2561640  min=15219  n=259999
    CALL_RESOLVE     212/17980  min=180  n=260000
    CALL_PEEK        93/21740  min=80  n=260000
    CALL_PROBE       43/28520  min=20  n=259999
    CALL_POP         176/40940  min=140  n=259999
    CALL_COPY        1732/59480  min=1600  n=259999
    CALL_MINT        1376/190160  min=1300  n=259999
    CALL_MINT_CAP    219/97660  min=200  n=259999
    CALL_MINT_INFO   975/52140  min=900  n=259999
    CALL_DONATE      93/21500  min=80  n=19999
    CALL_PARK        398/61400  min=360  n=259999
    CALL_WAKE        10698/2556460  min=10260  n=259999
    CALL_RESUME      100/39980  min=80  n=260000
    CALL_SLOW_TOTAL  447580/447580  min=447580  n=1
    CALL_SLOW_LOCKED 430379/430379  min=430379  n=1
    CALL_SLOW_DONATE 0/0  min=0  n=0
    CALL_SLOW_PARK   327620/327620  min=327620  n=1
    RECV_LOCKED      11335/1294640  min=10880  n=259999
    RECV_RESOLVE     450/119420  min=400  n=260000
    RECV_SCAN        188/39760  min=160  n=259999
    RECV_PARK        10445/1092880  min=10020  n=259999
    REPLY_TOTAL      69343/512080  min=8520  n=13
    REPLY_VALIDATE   8393/34720  min=1180  n=13
    REPLY_LOCKED     2800/413100  min=2600  n=260000
    REPLY_LOOKUP     367/211400  min=320  n=260000
    REPLY_COPY       1634/53940  min=1500  n=260000
    REPLY_FUNNEL     189/63440  min=140  n=260000
    REPLY_WAKE       277/38220  min=200  n=260000
    REPLY_RECV_TOTAL 16054/1731340  min=15480  n=260000
    REPLY_RECV_TAIL  266/100700  min=240  n=259999
    WAKE_UNPARK      111/26220  min=40  n=520012
    PICK_NEXT        50/14780  min=20  n=520064
    SWITCH_TO        18741/357834740  min=9420  n=520013
    SWITCH_BOOK      75/110280  min=40  n=520039
    MPU_APPLY        184/45100  min=120  n=520039
    MPU_COMMIT       0/0  min=0  n=0
    REENT_SEAT       0/0  min=0  n=0
    KTIME_REARM      114/13080  min=100  n=520039
    ARCH_SWITCH      18057/357832440  min=8720  n=520013
  ns-probe: cyc=4294967295 ns=2149348369 capped=0
  sat-probe: width=64 fits+1/0 wide+0/1 max=1000

  throughput: 461150 ctx-sw/s  (2168 ns/sw avg over 40000 switches / 86 ms)
  switch-probe: fastpath-swaps=0  (swapped inside the trap, so not in the switch row)
  switch:    60/80/7140 cyc  30/40/3573 ns  (p50/p99/max, n=40002)
  lock-hold: 1280/2048/24440 cyc  640/1024/12230 ns  (p50/p99/max, n=80247)
  lock-site: core=0 site=0x418288 max=24440
  irq-probe: line=6 raise=inject on=0 raised=100 hcore=none foreign=0 win=0
  irq:       0/0/0 cyc  0/0/0 ns  (p50/max/max, n=0)
  wcase-probe: line=6 raise=inject on=0 raised=100 hcore=none foreign=0 win=0
  wcase-irq[0B]:    0/0/0 cyc  0/0/0 ns  (p50/max/max, n=0)
  wcase-probe: line=6 raise=inject on=0 raised=100 hcore=none foreign=0 win=0
  wcase-irq[64B]:   0/0/0 cyc  0/0/0 ns  (p50/max/max, n=0)
  wcase-probe: line=6 raise=inject on=0 raised=100 hcore=none foreign=0 win=0
  wcase-irq[256B]:  0/0/0 cyc  0/0/0 ns  (p50/max/max, n=0)
  wcase-probe: line=6 raise=inject on=0 raised=100 hcore=none foreign=0 win=0
  wcase-irq[1024B]: 0/0/0 cyc  0/0/0 ns  (p50/max/max, n=0)
  e2e-settle: settled=2/2
  e2e-probe: line=7 closed=1000 dropped=0 tare=290/576 ns  (min/avg, n=64)
  e2e-passes: asked=1000 raised=1000
  e2e-local: 4096/4608/650404 ns  (p50/p99/max, n=1000)
  throughput: 471085 ctx-sw/s  (2122 ns/sw avg over 40000 switches / 84 ms)
  switch-probe: fastpath-swaps=0  (swapped inside the trap, so not in the switch row)
  switch:    60/60/1300 cyc  30/30/650 ns  (p50/p99/max, n=40002)
  lock-hold: 1024/1920/39660 cyc  512/960/19847 ns  (p50/p99/max, n=80249)
  lock-site: core=0 site=0x418288 max=39660
  irq-probe: line=6 raise=inject on=0 raised=100 hcore=none foreign=0 win=0
  irq:       0/0/0 cyc  0/0/0 ns  (p50/max/max, n=0)
  wcase-probe: line=6 raise=inject on=0 raised=100 hcore=none foreign=0 win=0
  wcase-irq[0B]:    0/0/0 cyc  0/0/0 ns  (p50/max/max, n=0)
  wcase-probe: line=6 raise=inject on=0 raised=100 hcore=none foreign=0 win=0
  wcase-irq[64B]:   0/0/0 cyc  0/0/0 ns  (p50/max/max, n=0)
  wcase-probe: line=6 raise=inject on=0 raised=100 hcore=none foreign=0 win=0
  wcase-irq[256B]:  0/0/0 cyc  0/0/0 ns  (p50/max/max, n=0)
  wcase-probe: line=6 raise=inject on=0 raised=100 hcore=none foreign=0 win=0
  wcase-irq[1024B]: 0/0/0 cyc  0/0/0 ns  (p50/max/max, n=0)
  e2e-settle: settled=2/2
  e2e-probe: line=7 closed=1000 dropped=0 tare=290/576 ns  (min/avg, n=64)
  e2e-passes: asked=1000 raised=1000
  e2e-local: 4096/4096/24792 ns  (p50/p99/max, n=1000)
  throughput: 471137 ctx-sw/s  (2122 ns/sw avg over 40000 switches / 84 ms)
  switch-probe: fastpath-swaps=0  (swapped inside the trap, so not in the switch row)
  switch:    60/60/400 cyc  30/30/200 ns  (p50/p99/max, n=40002)
  lock-hold: 1024/1920/29900 cyc  512/960/14962 ns  (p50/p99/max, n=80248)
  lock-site: core=0 site=0x418288 max=29900
  irq-probe: line=6 raise=inject on=0 raised=100 hcore=none foreign=0 win=0
  irq:       0/0/0 cyc  0/0/0 ns  (p50/max/max, n=0)
  wcase-probe: line=6 raise=inject on=0 raised=100 hcore=none foreign=0 win=0
  wcase-irq[0B]:    0/0/0 cyc  0/0/0 ns  (p50/max/max, n=0)
  wcase-probe: line=6 raise=inject on=0 raised=100 hcore=none foreign=0 win=0
  wcase-irq[64B]:   0/0/0 cyc  0/0/0 ns  (p50/max/max, n=0)
  wcase-probe: line=6 raise=inject on=0 raised=100 hcore=none foreign=0 win=0
  wcase-irq[256B]:  0/0/0 cyc  0/0/0 ns  (p50/max/max, n=0)
  wcase-probe: line=6 raise=inject on=0 raised=100 hcore=none foreign=0 win=0
  wcase-irq[1024B]: 0/0/0 cyc  0/0/0 ns  (p50/max/max, n=0)
  e2e-settle: settled=2/2
  e2e-probe: line=7 closed=1000 dropped=0 tare=290/576 ns  (min/avg, n=64)
  e2e-passes: asked=1000 raised=1000
  e2e-local: 4096/5632/24782 ns  (p50/p99/max, n=1000)
  xtask ping-pong: 7847 ns/switch  (40000 switches / 313 ms)
  xtask call/reply: 16 B  25335 ns/round-trip  (39469 round-trips/s over 20000 calls / 506 ms)
  spawn/exit: thread 47828 ns  (200 reps / 9 ms)
  spawn/exit: task 90774 ns  (200 reps / 18 ms)
bench: done

KICKOS-EXIT status 0
POLL_OK=1 POLL_MS=4800
