[2J[001;001H[=3h[2J[001;001H[2J[001;001H[8;042;160t[2J[001;001H[2J[001;001H[8;056;240t[2J[001;001HBdsDxe: loading Boot0002 "UEFI QEMU HARDDISK QM00001 " from PciRoot(0x0)/Pci(0x1F,0x2)/Sata(0x0,0xFFFF,0x0)
BdsDxe: starting Boot0002 "UEFI QEMU HARDDISK QM00001 " from PciRoot(0x0)/Pci(0x1F,0x2)/Sata(0x0,0xFFFF,0x0)

KICKOS-X1 8c41d7a2 x86_64/q35 uefi-handover entry
KICKOS-X1 8c41d7a2 x86_64/q35 uefi-handover handover if=1 paging=1 longmode=1 root=1 wp=1 nx=1 nxcap=1
KICKOS-X1 8c41d7a2 x86_64/q35 uefi-handover if_after_cli=0
KICKOS-X1 8c41d7a2 x86_64/q35 uefi-handover firmware=Debian distribution of EDK II
KICKOS-X1 8c41d7a2 x86_64/q35 uefi-handover revision=0x0000000000020046
KICKOS-X1 8c41d7a2 x86_64/q35 uefi-handover map descriptors=109 stride=48 version=1 conventional_pages=117655 arena=0x0000000001800000 arena_pages=107372
KICKOS-X1 8c41d7a2 x86_64/q35 uefi-handover fp found em=0 ts=0 mp=1 osfxsr=1 osxmmexcpt=1 osxsave=0
KICKOS-X1 8c41d7a2 x86_64/q35 uefi-handover fp trapped em=1 ts=1 mp=1 osfxsr=0 osxmmexcpt=0 osxsave=0
KICKOS-X1 8c41d7a2 x86_64/q35 uefi-handover boot services left
KICKOS-X1 8c41d7a2 x86_64/q35 uefi-handover if_after_exit=0
x86_64 app relocation: base=0x0000000000400000 load_delta=0x0000000000000000 app_words=0

  ==============================================
   KickOS 0.5.1  -  microkernel RTOS
  ==============================================
   board   qemu-x86_64
   arch    x86_64
   cpu     x86-64-v3
   mpu     off
   sched   tickless
   build   2026-09-30 09:45:56 +0200
   app     Sep 30 2026 09:45:57 +0200
   commit  628de9cb
   heap    none
   kstack  4096 B x 33 = 135168 B

microbenchmark: context-switch throughput (all arches) + per-switch cost
+ IRQ-entry latency where a cycle counter exists. Reporter woken by the
workload, not a timer. Telemetry OFF for clean numbers.
cycle counter: 1998260673 Hz (0 = no rate converts a reading; cycles only)

  lock-probe: hold+1 core=0 depth=0  (three nested, one outermost)
  call/reply: 8 B  8592 ns/round-trip  (116380 round-trips/s over 20000 calls / 171 ms)
  call/reply: 16 B  8473 ns/round-trip  (118013 round-trips/s over 20000 calls / 169 ms)
  call/reply: 32 B  8506 ns/round-trip  (117558 round-trips/s over 20000 calls / 170 ms)
  call/reply: 64 B  8545 ns/round-trip  (117014 round-trips/s over 20000 calls / 170 ms)
  call/reply: 128 B  8559 ns/round-trip  (116824 round-trips/s over 20000 calls / 171 ms)
  call/reply: 256 B  8639 ns/round-trip  (115746 round-trips/s over 20000 calls / 172 ms)
  call/reply: 8 B  8450 ns/round-trip  (118331 round-trips/s over 20000 calls / 169 ms) [generic path]
  call/reply: 16 B  8474 ns/round-trip  (118004 round-trips/s over 20000 calls / 169 ms) [generic path]
  call/reply: 32 B  8990 ns/round-trip  (111223 round-trips/s over 20000 calls / 179 ms) [generic path]
  call/reply: 64 B  8491 ns/round-trip  (117762 round-trips/s over 20000 calls / 169 ms) [generic path]
  call/reply: 128 B  8570 ns/round-trip  (116683 round-trips/s over 20000 calls / 171 ms) [generic path]
  call/reply: 256 B  8615 ns/round-trip  (116075 round-trips/s over 20000 calls / 172 ms) [generic path]
  call/reply: 32 B  8674 ns/round-trip  (115279 round-trips/s over 20000 calls / 173 ms) [caller outranks server, D1 donates]
  phase table (44 rows; cyc avg/max, min last and a floor; leaf -= NULL, composite -= NULL + k*(NEST-NULL)):
    NULL             15/4660  min=1  n=260000
    NEST             84/35800  min=60  n=260000
    NEST_LOCK        46/40840  min=40  n=260000
    CALL_TOTAL       16013/2458200  min=15440  n=259999
    CALL_VALIDATE    181/15180  min=160  n=260000
    CALL_LOCKED      15536/2457660  min=14980  n=259999
    CALL_RESOLVE     198/19540  min=180  n=260000
    CALL_PEEK        93/21460  min=80  n=260000
    CALL_PROBE       43/28640  min=20  n=259999
    CALL_POP         169/42120  min=140  n=259999
    CALL_COPY        1711/60120  min=1580  n=259999
    CALL_MINT        1383/188800  min=1300  n=259999
    CALL_MINT_CAP    231/97280  min=200  n=259999
    CALL_MINT_INFO   972/51920  min=920  n=259999
    CALL_DONATE      92/22260  min=80  n=19999
    CALL_PARK        380/64020  min=340  n=259999
    CALL_WAKE        10501/2452580  min=10100  n=259999
    CALL_RESUME      98/13660  min=80  n=260000
    CALL_SLOW_TOTAL  429860/429860  min=429860  n=1
    CALL_SLOW_LOCKED 414320/414320  min=414320  n=1
    CALL_SLOW_DONATE 0/0  min=0  n=0
    CALL_SLOW_PARK   313760/313760  min=313760  n=1
    RECV_LOCKED      11179/1293960  min=10740  n=259999
    RECV_RESOLVE     434/121140  min=399  n=260000
    RECV_SCAN        186/39240  min=160  n=259999
    RECV_PARK        10312/1089700  min=9920  n=259999
    REPLY_TOTAL      57529/376300  min=6620  n=13
    REPLY_VALIDATE   9404/36240  min=1680  n=13
    REPLY_LOCKED     2740/406660  min=2580  n=260000
    REPLY_LOOKUP     343/206560  min=319  n=260000
    REPLY_COPY       1609/50700  min=1480  n=260000
    REPLY_FUNNEL     190/62800  min=140  n=260000
    REPLY_WAKE       275/29960  min=200  n=260000
    REPLY_RECV_TOTAL 15812/1686360  min=15260  n=260000
    REPLY_RECV_TAIL  263/98340  min=220  n=259999
    WAKE_UNPARK      112/26520  min=40  n=520012
    PICK_NEXT        47/17400  min=20  n=520064
    SWITCH_TO        18442/359717200  min=9320  n=520013
    SWITCH_BOOK      76/92800  min=40  n=520039
    MPU_APPLY        179/19260  min=140  n=520039
    MPU_COMMIT       0/0  min=0  n=0
    REENT_SEAT       0/0  min=0  n=0
    KTIME_REARM      112/34860  min=100  n=520039
    ARCH_SWITCH      17766/359714240  min=8620  n=520013
  ns-probe: cyc=4294967295 ns=2149352861 capped=0
  sat-probe: width=64 fits+1/0 wide+0/1 max=1000

  throughput: 476869 ctx-sw/s  (2097 ns/sw avg over 40000 switches / 83 ms)
  switch-probe: fastpath-swaps=0  (swapped inside the trap, so not in the switch row)
  switch:    60/60/460 cyc  30/30/230 ns  (p50/p99/max, n=40002)
  lock-hold: 960/2048/38760 cyc  480/1024/19396 ns  (p50/p99/max, n=80245)
  lock-site: core=0 site=0x40ad27 max=38760
  irq-probe: line=6 raise=inject on=0 raised=100 hcore=none foreign=0 win=0
  irq:       0/0/0 cyc  0/0/0 ns  (p50/max/max, n=0)
  wcase-probe: line=6 raise=inject on=0 raised=100 hcore=none foreign=0 win=0
  wcase-irq[0B]:    0/0/0 cyc  0/0/0 ns  (p50/max/max, n=0)
  wcase-probe: line=6 raise=inject on=0 raised=100 hcore=none foreign=0 win=0
  wcase-irq[64B]:   0/0/0 cyc  0/0/0 ns  (p50/max/max, n=0)
  wcase-probe: line=6 raise=inject on=0 raised=100 hcore=none foreign=0 win=0
  wcase-irq[256B]:  0/0/0 cyc  0/0/0 ns  (p50/max/max, n=0)
  wcase-probe: line=6 raise=inject on=0 raised=100 hcore=none foreign=0 win=0
  wcase-irq[1024B]: 0/0/0 cyc  0/0/0 ns  (p50/max/max, n=0)
  e2e-settle: settled=2/2
  e2e-probe: line=7 closed=1000 dropped=0 tare=290/562 ns  (min/avg, n=64)
  e2e-passes: asked=1000 raised=1000
  e2e-local: 4096/4096/640497 ns  (p50/p99/max, n=1000)
  throughput: 475201 ctx-sw/s  (2104 ns/sw avg over 40000 switches / 84 ms)
  switch-probe: fastpath-swaps=0  (swapped inside the trap, so not in the switch row)
  switch:    60/80/740 cyc  30/40/370 ns  (p50/p99/max, n=40002)
  lock-hold: 1792/2304/57500 cyc  896/1153/28775 ns  (p50/p99/max, n=80248)
  lock-site: core=0 site=0x418288 max=57500
  irq-probe: line=6 raise=inject on=0 raised=100 hcore=none foreign=0 win=0
  irq:       0/0/0 cyc  0/0/0 ns  (p50/max/max, n=0)
  wcase-probe: line=6 raise=inject on=0 raised=100 hcore=none foreign=0 win=0
  wcase-irq[0B]:    0/0/0 cyc  0/0/0 ns  (p50/max/max, n=0)
  wcase-probe: line=6 raise=inject on=0 raised=100 hcore=none foreign=0 win=0
  wcase-irq[64B]:   0/0/0 cyc  0/0/0 ns  (p50/max/max, n=0)
  wcase-probe: line=6 raise=inject on=0 raised=100 hcore=none foreign=0 win=0
  wcase-irq[256B]:  0/0/0 cyc  0/0/0 ns  (p50/max/max, n=0)
  wcase-probe: line=6 raise=inject on=0 raised=100 hcore=none foreign=0 win=0
  wcase-irq[1024B]: 0/0/0 cyc  0/0/0 ns  (p50/max/max, n=0)
  e2e-settle: settled=2/2
  e2e-probe: line=7 closed=1000 dropped=0 tare=290/562 ns  (min/avg, n=64)
  e2e-passes: asked=1000 raised=1000
  e2e-local: 4096/4608/75305 ns  (p50/p99/max, n=1000)
  throughput: 481494 ctx-sw/s  (2076 ns/sw avg over 40000 switches / 83 ms)
  switch-probe: fastpath-swaps=0  (swapped inside the trap, so not in the switch row)
  switch:    60/60/240 cyc  30/30/120 ns  (p50/p99/max, n=40002)
  lock-hold: 1024/1920/41160 cyc  512/960/20597 ns  (p50/p99/max, n=80248)
  lock-site: core=0 site=0x418288 max=41160
  irq-probe: line=6 raise=inject on=0 raised=100 hcore=none foreign=0 win=0
  irq:       0/0/0 cyc  0/0/0 ns  (p50/max/max, n=0)
  wcase-probe: line=6 raise=inject on=0 raised=100 hcore=none foreign=0 win=0
  wcase-irq[0B]:    0/0/0 cyc  0/0/0 ns  (p50/max/max, n=0)
  wcase-probe: line=6 raise=inject on=0 raised=100 hcore=none foreign=0 win=0
  wcase-irq[64B]:   0/0/0 cyc  0/0/0 ns  (p50/max/max, n=0)
  wcase-probe: line=6 raise=inject on=0 raised=100 hcore=none foreign=0 win=0
  wcase-irq[256B]:  0/0/0 cyc  0/0/0 ns  (p50/max/max, n=0)
  wcase-probe: line=6 raise=inject on=0 raised=100 hcore=none foreign=0 win=0
  wcase-irq[1024B]: 0/0/0 cyc  0/0/0 ns  (p50/max/max, n=0)
  e2e-settle: settled=2/2
  e2e-probe: line=7 closed=1000 dropped=0 tare=290/562 ns  (min/avg, n=64)
  e2e-passes: asked=1000 raised=1000
  e2e-local: 4096/4096/35932 ns  (p50/p99/max, n=1000)
  xtask ping-pong: 7883 ns/switch  (40000 switches / 315 ms)
  xtask call/reply: 16 B  25170 ns/round-trip  (39729 round-trips/s over 20000 calls / 503 ms)
  spawn/exit: thread 45087 ns  (200 reps / 9 ms)
  spawn/exit: task 87557 ns  (200 reps / 17 ms)
bench: done

KICKOS-EXIT status 0
POLL_OK=1 POLL_MS=4800
