[2J[001;001H[=3h[2J[001;001H[2J[001;001H[8;042;160t[2J[001;001H[2J[001;001H[8;056;240t[2J[001;001HBdsDxe: loading Boot0002 "UEFI QEMU HARDDISK QM00001 " from PciRoot(0x0)/Pci(0x1F,0x2)/Sata(0x0,0xFFFF,0x0)
BdsDxe: starting Boot0002 "UEFI QEMU HARDDISK QM00001 " from PciRoot(0x0)/Pci(0x1F,0x2)/Sata(0x0,0xFFFF,0x0)

KICKOS-X1 8c41d7a2 x86_64/q35 uefi-handover entry
KICKOS-X1 8c41d7a2 x86_64/q35 uefi-handover handover if=1 paging=1 longmode=1 root=1 wp=1 nx=1 nxcap=1
KICKOS-X1 8c41d7a2 x86_64/q35 uefi-handover if_after_cli=0
KICKOS-X1 8c41d7a2 x86_64/q35 uefi-handover firmware=Debian distribution of EDK II
KICKOS-X1 8c41d7a2 x86_64/q35 uefi-handover revision=0x0000000000020046
KICKOS-X1 8c41d7a2 x86_64/q35 uefi-handover map descriptors=109 stride=48 version=1 conventional_pages=117655 arena=0x0000000001800000 arena_pages=107372
KICKOS-X1 8c41d7a2 x86_64/q35 uefi-handover fp found em=0 ts=0 mp=1 osfxsr=1 osxmmexcpt=1 osxsave=0
KICKOS-X1 8c41d7a2 x86_64/q35 uefi-handover fp trapped em=1 ts=1 mp=1 osfxsr=0 osxmmexcpt=0 osxsave=0
KICKOS-X1 8c41d7a2 x86_64/q35 uefi-handover boot services left
KICKOS-X1 8c41d7a2 x86_64/q35 uefi-handover if_after_exit=0
x86_64 app relocation: base=0x0000000000400000 load_delta=0x0000000000000000 app_words=0

  ==============================================
   KickOS 0.5.1  -  microkernel RTOS
  ==============================================
   board   qemu-x86_64
   arch    x86_64
   cpu     x86-64-v3
   mpu     off
   sched   tickless
   build   2026-09-30 09:45:56 +0200
   app     Sep 30 2026 09:45:57 +0200
   commit  628de9cb
   heap    none
   kstack  4096 B x 33 = 135168 B

microbenchmark: context-switch throughput (all arches) + per-switch cost
+ IRQ-entry latency where a cycle counter exists. Reporter woken by the
workload, not a timer. Telemetry OFF for clean numbers.
cycle counter: 1998640105 Hz (0 = no rate converts a reading; cycles only)

  lock-probe: hold+1 core=0 depth=0  (three nested, one outermost)
  call/reply: 8 B  8747 ns/round-trip  (114317 round-trips/s over 20000 calls / 174 ms)
  call/reply: 16 B  8578 ns/round-trip  (116567 round-trips/s over 20000 calls / 171 ms)
  call/reply: 32 B  8606 ns/round-trip  (116197 round-trips/s over 20000 calls / 172 ms)
  call/reply: 64 B  8644 ns/round-trip  (115684 round-trips/s over 20000 calls / 172 ms)
  call/reply: 128 B  8727 ns/round-trip  (114580 round-trips/s over 20000 calls / 174 ms)
  call/reply: 256 B  8730 ns/round-trip  (114545 round-trips/s over 20000 calls / 174 ms)
  call/reply: 8 B  8608 ns/round-trip  (116166 round-trips/s over 20000 calls / 172 ms) [generic path]
  call/reply: 16 B  8680 ns/round-trip  (115198 round-trips/s over 20000 calls / 173 ms) [generic path]
  call/reply: 32 B  8599 ns/round-trip  (116292 round-trips/s over 20000 calls / 171 ms) [generic path]
  call/reply: 64 B  8638 ns/round-trip  (115755 round-trips/s over 20000 calls / 172 ms) [generic path]
  call/reply: 128 B  8648 ns/round-trip  (115621 round-trips/s over 20000 calls / 172 ms) [generic path]
  call/reply: 256 B  8808 ns/round-trip  (113520 round-trips/s over 20000 calls / 176 ms) [generic path]
  call/reply: 32 B  8969 ns/round-trip  (111492 round-trips/s over 20000 calls / 179 ms) [caller outranks server, D1 donates]
  phase table (44 rows; cyc avg/max, min last and a floor; leaf -= NULL, composite -= NULL + k*(NEST-NULL)):
    NULL             15/4940  min=1  n=260000
    NEST             85/25820  min=60  n=260000
    NEST_LOCK        47/42300  min=40  n=260000
    CALL_TOTAL       16217/2618000  min=15680  n=259999
    CALL_VALIDATE    181/13980  min=160  n=260000
    CALL_LOCKED      15739/2617400  min=15200  n=259999
    CALL_RESOLVE     199/16500  min=180  n=260000
    CALL_PEEK        94/21700  min=80  n=260000
    CALL_PROBE       43/28480  min=20  n=259999
    CALL_POP         172/41460  min=140  n=259999
    CALL_COPY        1721/58860  min=1580  n=259999
    CALL_MINT        1383/192020  min=1320  n=259999
    CALL_MINT_CAP    222/97420  min=200  n=259999
    CALL_MINT_INFO   979/52480  min=920  n=259999
    CALL_DONATE      95/21440  min=80  n=19999
    CALL_PARK        384/64140  min=360  n=259999
    CALL_WAKE        10663/2612400  min=10300  n=259999
    CALL_RESUME      99/38480  min=80  n=260000
    CALL_SLOW_TOTAL  426840/426840  min=426840  n=1
    CALL_SLOW_LOCKED 410280/410280  min=410280  n=1
    CALL_SLOW_DONATE 0/0  min=0  n=0
    CALL_SLOW_PARK   311140/311140  min=311140  n=1
    RECV_LOCKED      11335/1337860  min=10940  n=259999
    RECV_RESOLVE     442/121680  min=400  n=260000
    RECV_SCAN        191/38520  min=160  n=259999
    RECV_PARK        10455/1093480  min=10080  n=259999
    REPLY_TOTAL      74561/593120  min=7020  n=13
    REPLY_VALIDATE   7353/37780  min=1720  n=13
    REPLY_LOCKED     2771/1081860  min=2600  n=260000
    REPLY_LOOKUP     356/213860  min=320  n=260000
    REPLY_COPY       1612/1078960  min=1480  n=260000
    REPLY_FUNNEL     194/63580  min=140  n=260000
    REPLY_WAKE       275/30700  min=200  n=260000
    REPLY_RECV_TOTAL 16016/1732600  min=15480  n=260000
    REPLY_RECV_TAIL  264/142000  min=240  n=259999
    WAKE_UNPARK      111/27000  min=40  n=520012
    PICK_NEXT        50/14680  min=40  n=520064
    SWITCH_TO        18697/359034200  min=9460  n=520013
    SWITCH_BOOK      78/136820  min=40  n=520039
    MPU_APPLY        181/96520  min=140  n=520039
    MPU_COMMIT       0/0  min=0  n=0
    REENT_SEAT       0/0  min=0  n=0
    KTIME_REARM      118/23780  min=100  n=520039
    ARCH_SWITCH      18007/359031380  min=8740  n=520013
  ns-probe: cyc=4294967295 ns=2148944817 capped=0
  sat-probe: width=64 fits+1/0 wide+0/1 max=1000

  throughput: 466531 ctx-sw/s  (2143 ns/sw avg over 40000 switches / 85 ms)
  switch-probe: fastpath-swaps=0  (swapped inside the trap, so not in the switch row)
  switch:    60/80/300 cyc  30/40/150 ns  (p50/p99/max, n=40002)
  lock-hold: 1152/2048/33100 cyc  576/1024/16561 ns  (p50/p99/max, n=80245)
  lock-site: core=0 site=0x418288 max=33100
  irq-probe: line=6 raise=inject on=0 raised=100 hcore=none foreign=0 win=0
  irq:       0/0/0 cyc  0/0/0 ns  (p50/max/max, n=0)
  wcase-probe: line=6 raise=inject on=0 raised=100 hcore=none foreign=0 win=0
  wcase-irq[0B]:    0/0/0 cyc  0/0/0 ns  (p50/max/max, n=0)
  wcase-probe: line=6 raise=inject on=0 raised=100 hcore=none foreign=0 win=0
  wcase-irq[64B]:   0/0/0 cyc  0/0/0 ns  (p50/max/max, n=0)
  wcase-probe: line=6 raise=inject on=0 raised=100 hcore=none foreign=0 win=0
  wcase-irq[256B]:  0/0/0 cyc  0/0/0 ns  (p50/max/max, n=0)
  wcase-probe: line=6 raise=inject on=0 raised=100 hcore=none foreign=0 win=0
  wcase-irq[1024B]: 0/0/0 cyc  0/0/0 ns  (p50/max/max, n=0)
  e2e-settle: settled=2/2
  e2e-probe: line=7 closed=1000 dropped=0 tare=300/596 ns  (min/avg, n=64)
  e2e-passes: asked=1000 raised=1000
  e2e-local: 4096/5632/615378 ns  (p50/p99/max, n=1000)
  throughput: 463083 ctx-sw/s  (2159 ns/sw avg over 40000 switches / 86 ms)
  switch-probe: fastpath-swaps=0  (swapped inside the trap, so not in the switch row)
  switch:    60/80/260 cyc  30/40/130 ns  (p50/p99/max, n=40002)
  lock-hold: 1152/2048/35060 cyc  576/1024/17541 ns  (p50/p99/max, n=80248)
  lock-site: core=0 site=0x418288 max=35060
  irq-probe: line=6 raise=inject on=0 raised=100 hcore=none foreign=0 win=0
  irq:       0/0/0 cyc  0/0/0 ns  (p50/max/max, n=0)
  wcase-probe: line=6 raise=inject on=0 raised=100 hcore=none foreign=0 win=0
  wcase-irq[0B]:    0/0/0 cyc  0/0/0 ns  (p50/max/max, n=0)
  wcase-probe: line=6 raise=inject on=0 raised=100 hcore=none foreign=0 win=0
  wcase-irq[64B]:   0/0/0 cyc  0/0/0 ns  (p50/max/max, n=0)
  wcase-probe: line=6 raise=inject on=0 raised=100 hcore=none foreign=0 win=0
  wcase-irq[256B]:  0/0/0 cyc  0/0/0 ns  (p50/max/max, n=0)
  wcase-probe: line=6 raise=inject on=0 raised=100 hcore=none foreign=0 win=0
  wcase-irq[1024B]: 0/0/0 cyc  0/0/0 ns  (p50/max/max, n=0)
  e2e-settle: settled=2/2
  e2e-probe: line=7 closed=1000 dropped=0 tare=300/596 ns  (min/avg, n=64)
  e2e-passes: asked=1000 raised=1000
  e2e-local: 4096/5632/57590 ns  (p50/p99/max, n=1000)
  throughput: 466223 ctx-sw/s  (2144 ns/sw avg over 40000 switches / 85 ms)
  switch-probe: fastpath-swaps=0  (swapped inside the trap, so not in the switch row)
  switch:    60/80/220 cyc  30/40/110 ns  (p50/p99/max, n=40002)
  lock-hold: 1152/2048/32280 cyc  576/1024/16150 ns  (p50/p99/max, n=80248)
  lock-site: core=0 site=0x418288 max=32280
  irq-probe: line=6 raise=inject on=0 raised=100 hcore=none foreign=0 win=0
  irq:       0/0/0 cyc  0/0/0 ns  (p50/max/max, n=0)
  wcase-probe: line=6 raise=inject on=0 raised=100 hcore=none foreign=0 win=0
  wcase-irq[0B]:    0/0/0 cyc  0/0/0 ns  (p50/max/max, n=0)
  wcase-probe: line=6 raise=inject on=0 raised=100 hcore=none foreign=0 win=0
  wcase-irq[64B]:   0/0/0 cyc  0/0/0 ns  (p50/max/max, n=0)
  wcase-probe: line=6 raise=inject on=0 raised=100 hcore=none foreign=0 win=0
  wcase-irq[256B]:  0/0/0 cyc  0/0/0 ns  (p50/max/max, n=0)
  wcase-probe: line=6 raise=inject on=0 raised=100 hcore=none foreign=0 win=0
  wcase-irq[1024B]: 0/0/0 cyc  0/0/0 ns  (p50/max/max, n=0)
  e2e-settle: settled=2/2
  e2e-probe: line=7 closed=1000 dropped=0 tare=300/596 ns  (min/avg, n=64)
  e2e-passes: asked=1000 raised=1000
  e2e-local: 4096/5632/36375 ns  (p50/p99/max, n=1000)
  xtask ping-pong: 7942 ns/switch  (40000 switches / 317 ms)
  xtask call/reply: 16 B  25114 ns/round-trip  (39817 round-trips/s over 20000 calls / 502 ms)
  spawn/exit: thread 45461 ns  (200 reps / 9 ms)
  spawn/exit: task 93999 ns  (200 reps / 18 ms)
bench: done

KICKOS-EXIT status 0
POLL_OK=1 POLL_MS=4800
