
  ==============================================
   KickOS 0.5.1  -  microkernel RTOS
  ==============================================
   board   qemu-riscv64
   arch    rv64imac
   cpu     rv64imac_zicsr_zmmul_zaamo_zalrsc_zca
   mpu     off
   sched   tickless
   build   2026-09-30 09:46:09 +0200
   app     Sep 30 2026 09:46:10 +0200
   commit  628de9cb
   heap    64 KiB available
   kstack  4096 B x 17 = 69632 B

microbenchmark: context-switch throughput (all arches) + per-switch cost
+ IRQ-entry latency where a cycle counter exists. Reporter woken by the
workload, not a timer. Telemetry OFF for clean numbers.
cycle counter: 0 Hz (0 = no rate converts a reading; cycles only)

  lock-probe: hold+1 core=0 depth=0  (three nested, one outermost)
  call/reply: 8 B  21541 ns/round-trip  (46422 round-trips/s over 20000 calls / 430 ms)
  call/reply: 16 B  21550 ns/round-trip  (46403 round-trips/s over 20000 calls / 431 ms)
  call/reply: 32 B  21561 ns/round-trip  (46379 round-trips/s over 20000 calls / 431 ms)
  call/reply: 64 B  21465 ns/round-trip  (46586 round-trips/s over 20000 calls / 429 ms)
  call/reply: 128 B  21544 ns/round-trip  (46414 round-trips/s over 20000 calls / 430 ms)
  call/reply: 256 B  21743 ns/round-trip  (45990 round-trips/s over 20000 calls / 434 ms)
  call/reply: 8 B  21717 ns/round-trip  (46046 round-trips/s over 20000 calls / 434 ms) [generic path]
  call/reply: 16 B  21884 ns/round-trip  (45695 round-trips/s over 20000 calls / 437 ms) [generic path]
  call/reply: 32 B  21686 ns/round-trip  (46110 round-trips/s over 20000 calls / 433 ms) [generic path]
  call/reply: 64 B  21651 ns/round-trip  (46187 round-trips/s over 20000 calls / 433 ms) [generic path]
  call/reply: 128 B  21752 ns/round-trip  (45971 round-trips/s over 20000 calls / 435 ms) [generic path]
  call/reply: 256 B  21686 ns/round-trip  (46111 round-trips/s over 20000 calls / 433 ms) [generic path]
  call/reply: 32 B  21926 ns/round-trip  (45606 round-trips/s over 20000 calls / 438 ms) [caller outranks server, D1 donates]
  phase table (44 rows; cyc avg/max, min last and a floor; leaf -= NULL, composite -= NULL + k*(NEST-NULL)):
    NULL             183/46360  min=160  n=260000
    NEST             694/50660  min=600  n=260000
    NEST_LOCK        585/57520  min=540  n=260000
    CALL_TOTAL       39963/2120780  min=37980  n=259999
    CALL_VALIDATE    406/15260  min=360  n=260000
    CALL_LOCKED      38254/2119000  min=36360  n=259999
    CALL_RESOLVE     482/34520  min=400  n=260000
    CALL_PEEK        275/17080  min=240  n=260000
    CALL_PROBE       289/129400  min=260  n=259999
    CALL_POP         340/59220  min=300  n=259999
    CALL_COPY        2803/294640  min=2560  n=259999
    CALL_MINT        2991/611740  min=2820  n=259999
    CALL_MINT_CAP    542/88780  min=500  n=259999
    CALL_MINT_INFO   1757/608240  min=1600  n=259999
    CALL_DONATE      290/15820  min=260  n=19999
    CALL_PARK        606/53940  min=560  n=259999
    CALL_WAKE        25831/2106800  min=24580  n=259999
    CALL_RESUME      298/12380  min=260  n=260000
    CALL_SLOW_TOTAL  402620/402620  min=402620  n=1
    CALL_SLOW_LOCKED 390900/390900  min=390900  n=1
    CALL_SLOW_DONATE 0/0  min=0  n=0
    CALL_SLOW_PARK   290000/290000  min=290000  n=1
    RECV_LOCKED      29600/1152400  min=28160  n=259999
    RECV_RESOLVE     868/104140  min=760  n=260000
    RECV_SCAN        350/39340  min=320  n=259999
    RECV_PARK        27426/1150060  min=26060  n=259999
    REPLY_TOTAL      115215/1051320  min=24760  n=13
    REPLY_VALIDATE   11450/20660  min=9540  n=13
    REPLY_LOCKED     6144/327820  min=5760  n=260000
    REPLY_LOOKUP     714/173580  min=620  n=260000
    REPLY_COPY       2730/268880  min=2480  n=260000
    REPLY_FUNNEL     397/54960  min=340  n=260000
    REPLY_WAKE       871/36460  min=760  n=260000
    REPLY_RECV_TOTAL 39428/1346700  min=37480  n=260000
    REPLY_RECV_TAIL  947/78960  min=860  n=259999
    WAKE_UNPARK      259/35580  min=200  n=520012
    PICK_NEXT        278/56600  min=240  n=520064
    SWITCH_TO        46778/876390140  min=22960  n=520013
    SWITCH_BOOK      241/141180  min=200  n=520039
    MPU_APPLY        335/60500  min=300  n=520039
    MPU_COMMIT       0/0  min=0  n=0
    REENT_SEAT       163/25620  min=100  n=520039
    KTIME_REARM      228/12780  min=200  n=520039
    ARCH_SWITCH      44491/876373740  min=20660  n=520013
  ns-probe: rate=0 (nothing converts, so no ns column is printed)
  sat-probe: width=64 fits+1/0 wide+0/1 max=1000

  throughput: 164043 ctx-sw/s  (6095 ns/sw avg over 40000 switches / 243 ms)
  switch-probe: fastpath-swaps=0  (swapped inside the trap, so not in the switch row)
  switch:    256/352/9200 cyc  (p50/p99/max, n=40002)
  lock-hold: 4608/6656/88200 cyc  (p50/p99/max, n=80235)
  lock-site: core=0 site=0xffffffff800014a2 max=88200
  irq-probe: line=6 raise=inject on=0 raised=100 hcore=none foreign=0 win=0
  irq:       0/0/0 cyc  (p50/max/max, n=0)
  wcase-probe: line=6 raise=inject on=0 raised=100 hcore=none foreign=0 win=0
  wcase-irq[0B]:    0/0/0 cyc  (p50/max/max, n=0)
  wcase-probe: line=6 raise=inject on=0 raised=100 hcore=none foreign=0 win=0
  wcase-irq[64B]:   0/0/0 cyc  (p50/max/max, n=0)
  wcase-probe: line=6 raise=inject on=0 raised=100 hcore=none foreign=0 win=0
  wcase-irq[256B]:  0/0/0 cyc  (p50/max/max, n=0)
  wcase-probe: line=6 raise=inject on=0 raised=100 hcore=none foreign=0 win=0
  wcase-irq[1024B]: 0/0/0 cyc  (p50/max/max, n=0)
  e2e-settle: settled=2/2
  e2e-probe: line=7 closed=1000 dropped=0 tare=900/1234 ns  (min/avg, n=64)
  e2e-passes: asked=1000 raised=1000
  e2e-local: 5632/8192/235000 ns  (p50/p99/max, n=1000)
  throughput: 167168 ctx-sw/s  (5982 ns/sw avg over 40000 switches / 239 ms)
  switch-probe: fastpath-swaps=0  (swapped inside the trap, so not in the switch row)
  switch:    208/256/6980 cyc  (p50/p99/max, n=40002)
  lock-hold: 3072/5120/56420 cyc  (p50/p99/max, n=80238)
  lock-site: core=0 site=0xffffffff800014a2 max=56420
  irq-probe: line=6 raise=inject on=0 raised=100 hcore=none foreign=0 win=0
  irq:       0/0/0 cyc  (p50/max/max, n=0)
  wcase-probe: line=6 raise=inject on=0 raised=100 hcore=none foreign=0 win=0
  wcase-irq[0B]:    0/0/0 cyc  (p50/max/max, n=0)
  wcase-probe: line=6 raise=inject on=0 raised=100 hcore=none foreign=0 win=0
  wcase-irq[64B]:   0/0/0 cyc  (p50/max/max, n=0)
  wcase-probe: line=6 raise=inject on=0 raised=100 hcore=none foreign=0 win=0
  wcase-irq[256B]:  0/0/0 cyc  (p50/max/max, n=0)
  wcase-probe: line=6 raise=inject on=0 raised=100 hcore=none foreign=0 win=0
  wcase-irq[1024B]: 0/0/0 cyc  (p50/max/max, n=0)
  e2e-settle: settled=2/2
  e2e-probe: line=7 closed=1000 dropped=0 tare=900/1234 ns  (min/avg, n=64)
  e2e-passes: asked=1000 raised=1000
  e2e-local: 5632/6144/30800 ns  (p50/p99/max, n=1000)
  throughput: 167320 ctx-sw/s  (5976 ns/sw avg over 40000 switches / 239 ms)
  switch-probe: fastpath-swaps=0  (swapped inside the trap, so not in the switch row)
  switch:    256/288/5620 cyc  (p50/p99/max, n=40002)
  lock-hold: 3328/5120/30400 cyc  (p50/p99/max, n=80238)
  lock-site: core=0 site=0xffffffff800014a2 max=30400
  irq-probe: line=6 raise=inject on=0 raised=100 hcore=none foreign=0 win=0
  irq:       0/0/0 cyc  (p50/max/max, n=0)
  wcase-probe: line=6 raise=inject on=0 raised=100 hcore=none foreign=0 win=0
  wcase-irq[0B]:    0/0/0 cyc  (p50/max/max, n=0)
  wcase-probe: line=6 raise=inject on=0 raised=100 hcore=none foreign=0 win=0
  wcase-irq[64B]:   0/0/0 cyc  (p50/max/max, n=0)
  wcase-probe: line=6 raise=inject on=0 raised=100 hcore=none foreign=0 win=0
  wcase-irq[256B]:  0/0/0 cyc  (p50/max/max, n=0)
  wcase-probe: line=6 raise=inject on=0 raised=100 hcore=none foreign=0 win=0
  wcase-irq[1024B]: 0/0/0 cyc  (p50/max/max, n=0)
  e2e-settle: settled=2/2
  e2e-probe: line=7 closed=1000 dropped=0 tare=900/1234 ns  (min/avg, n=64)
  e2e-passes: asked=1000 raised=1000
  e2e-local: 5632/9216/28800 ns  (p50/p99/max, n=1000)
  xtask ping-pong: 12669 ns/switch  (40000 switches / 506 ms)
  xtask call/reply: 16 B  39177 ns/round-trip  (25525 round-trips/s over 20000 calls / 783 ms)
  spawn/exit: thread 56297 ns  (200 reps / 11 ms)
  spawn/exit: task 132101 ns  (200 reps / 26 ms)
bench: done
POLL_OK=1 POLL_MS=8600
