[2J[001;001H[=3h[2J[001;001H[2J[001;001H[8;042;160t[2J[001;001H[2J[001;001H[8;056;240t[2J[001;001HBdsDxe: loading Boot0002 "UEFI QEMU HARDDISK QM00001 " from PciRoot(0x0)/Pci(0x1F,0x2)/Sata(0x0,0xFFFF,0x0)
BdsDxe: starting Boot0002 "UEFI QEMU HARDDISK QM00001 " from PciRoot(0x0)/Pci(0x1F,0x2)/Sata(0x0,0xFFFF,0x0)

KICKOS-X1 8c41d7a2 x86_64/q35 uefi-handover entry
KICKOS-X1 8c41d7a2 x86_64/q35 uefi-handover handover if=1 paging=1 longmode=1 root=1 wp=1 nx=1 nxcap=1
KICKOS-X1 8c41d7a2 x86_64/q35 uefi-handover if_after_cli=0
KICKOS-X1 8c41d7a2 x86_64/q35 uefi-handover firmware=Debian distribution of EDK II
KICKOS-X1 8c41d7a2 x86_64/q35 uefi-handover revision=0x0000000000020046
KICKOS-X1 8c41d7a2 x86_64/q35 uefi-handover map descriptors=109 stride=48 version=1 conventional_pages=117655 arena=0x0000000001800000 arena_pages=107372
KICKOS-X1 8c41d7a2 x86_64/q35 uefi-handover fp found em=0 ts=0 mp=1 osfxsr=1 osxmmexcpt=1 osxsave=0
KICKOS-X1 8c41d7a2 x86_64/q35 uefi-handover fp trapped em=1 ts=1 mp=1 osfxsr=0 osxmmexcpt=0 osxsave=0
KICKOS-X1 8c41d7a2 x86_64/q35 uefi-handover boot services left
KICKOS-X1 8c41d7a2 x86_64/q35 uefi-handover if_after_exit=0
x86_64 app relocation: base=0x0000000000400000 load_delta=0x0000000000000000 app_words=0

  ==============================================
   KickOS 0.5.1  -  microkernel RTOS
  ==============================================
   board   qemu-x86_64
   arch    x86_64
   cpu     x86-64-v3
   mpu     off
   sched   tickless
   build   2026-09-30 09:45:56 +0200
   app     Sep 30 2026 09:45:57 +0200
   commit  628de9cb
   heap    none
   kstack  4096 B x 33 = 135168 B

microbenchmark: context-switch throughput (all arches) + per-switch cost
+ IRQ-entry latency where a cycle counter exists. Reporter woken by the
workload, not a timer. Telemetry OFF for clean numbers.
cycle counter: 1999116781 Hz (0 = no rate converts a reading; cycles only)

  lock-probe: hold+1 core=0 depth=0  (three nested, one outermost)
  call/reply: 8 B  8694 ns/round-trip  (115015 round-trips/s over 20000 calls / 173 ms)
  call/reply: 16 B  8620 ns/round-trip  (115999 round-trips/s over 20000 calls / 172 ms)
  call/reply: 32 B  8784 ns/round-trip  (113833 round-trips/s over 20000 calls / 175 ms)
  call/reply: 64 B  8635 ns/round-trip  (115802 round-trips/s over 20000 calls / 172 ms)
  call/reply: 128 B  8614 ns/round-trip  (116081 round-trips/s over 20000 calls / 172 ms)
  call/reply: 256 B  8795 ns/round-trip  (113699 round-trips/s over 20000 calls / 175 ms)
  call/reply: 8 B  8724 ns/round-trip  (114622 round-trips/s over 20000 calls / 174 ms) [generic path]
  call/reply: 16 B  8664 ns/round-trip  (115417 round-trips/s over 20000 calls / 173 ms) [generic path]
  call/reply: 32 B  8577 ns/round-trip  (116577 round-trips/s over 20000 calls / 171 ms) [generic path]
  call/reply: 64 B  8664 ns/round-trip  (115414 round-trips/s over 20000 calls / 173 ms) [generic path]
  call/reply: 128 B  8614 ns/round-trip  (116088 round-trips/s over 20000 calls / 172 ms) [generic path]
  call/reply: 256 B  8776 ns/round-trip  (113936 round-trips/s over 20000 calls / 175 ms) [generic path]
  call/reply: 32 B  8820 ns/round-trip  (113376 round-trips/s over 20000 calls / 176 ms) [caller outranks server, D1 donates]
  phase table (44 rows; cyc avg/max, min last and a floor; leaf -= NULL, composite -= NULL + k*(NEST-NULL)):
    NULL             15/5340  min=1  n=260000
    NEST             86/26060  min=79  n=260000
    NEST_LOCK        54/42140  min=40  n=260000
    CALL_TOTAL       16220/2612740  min=15560  n=259999
    CALL_VALIDATE    183/15020  min=160  n=260000
    CALL_LOCKED      15737/2612180  min=15080  n=259999
    CALL_RESOLVE     206/16220  min=180  n=260000
    CALL_PEEK        92/22360  min=80  n=260000
    CALL_PROBE       44/28220  min=20  n=259999
    CALL_POP         176/41440  min=140  n=259999
    CALL_COPY        1710/59860  min=1560  n=259999
    CALL_MINT        1378/193620  min=1300  n=259999
    CALL_MINT_CAP    222/98820  min=200  n=259999
    CALL_MINT_INFO   975/52640  min=920  n=259999
    CALL_DONATE      98/22740  min=80  n=19999
    CALL_PARK        388/193500  min=360  n=259999
    CALL_WAKE        10653/2607060  min=10180  n=259999
    CALL_RESUME      101/47540  min=80  n=260000
    CALL_SLOW_TOTAL  442280/442280  min=442280  n=1
    CALL_SLOW_LOCKED 424360/424360  min=424360  n=1
    CALL_SLOW_DONATE 0/0  min=0  n=0
    CALL_SLOW_PARK   317660/317660  min=317660  n=1
    RECV_LOCKED      11317/1294160  min=10840  n=259999
    RECV_RESOLVE     442/118760  min=400  n=260000
    RECV_SCAN        191/38340  min=160  n=259999
    RECV_PARK        10440/1095040  min=10000  n=259999
    REPLY_TOTAL      67341/497260  min=7380  n=13
    REPLY_VALIDATE   8284/38960  min=1340  n=13
    REPLY_LOCKED     2782/454320  min=2600  n=260000
    REPLY_LOOKUP     353/210000  min=320  n=260000
    REPLY_COPY       1627/55540  min=1500  n=260000
    REPLY_FUNNEL     193/104200  min=140  n=260000
    REPLY_WAKE       280/30200  min=220  n=260000
    REPLY_RECV_TOTAL 16006/1742900  min=15380  n=260000
    REPLY_RECV_TAIL  262/100260  min=220  n=259999
    WAKE_UNPARK      114/26380  min=40  n=520012
    PICK_NEXT        47/15460  min=20  n=520064
    SWITCH_TO        18694/353067480  min=9400  n=520013
    SWITCH_BOOK      74/123100  min=59  n=520039
    MPU_APPLY        184/35280  min=140  n=520039
    MPU_COMMIT       0/0  min=0  n=0
    REENT_SEAT       0/0  min=0  n=0
    KTIME_REARM      116/10120  min=100  n=520039
    ARCH_SWITCH      18007/353064820  min=8720  n=520013
  ns-probe: cyc=4294967295 ns=2148432415 capped=0
  sat-probe: width=64 fits+1/0 wide+0/1 max=1000

  throughput: 466330 ctx-sw/s  (2144 ns/sw avg over 40000 switches / 85 ms)
  switch-probe: fastpath-swaps=0  (swapped inside the trap, so not in the switch row)
  switch:    60/60/100 cyc  30/30/50 ns  (p50/p99/max, n=40002)
  lock-hold: 832/1920/33660 cyc  416/960/16837 ns  (p50/p99/max, n=80244)
  lock-site: core=0 site=0x418288 max=33660
  irq-probe: line=6 raise=inject on=0 raised=100 hcore=none foreign=0 win=0
  irq:       0/0/0 cyc  0/0/0 ns  (p50/max/max, n=0)
  wcase-probe: line=6 raise=inject on=0 raised=100 hcore=none foreign=0 win=0
  wcase-irq[0B]:    0/0/0 cyc  0/0/0 ns  (p50/max/max, n=0)
  wcase-probe: line=6 raise=inject on=0 raised=100 hcore=none foreign=0 win=0
  wcase-irq[64B]:   0/0/0 cyc  0/0/0 ns  (p50/max/max, n=0)
  wcase-probe: line=6 raise=inject on=0 raised=100 hcore=none foreign=0 win=0
  wcase-irq[256B]:  0/0/0 cyc  0/0/0 ns  (p50/max/max, n=0)
  wcase-probe: line=6 raise=inject on=0 raised=100 hcore=none foreign=0 win=0
  wcase-irq[1024B]: 0/0/0 cyc  0/0/0 ns  (p50/max/max, n=0)
  e2e-settle: settled=2/2
  e2e-probe: line=7 closed=1000 dropped=0 tare=300/575 ns  (min/avg, n=64)
  e2e-passes: asked=1000 raised=1000
  e2e-local: 4096/4096/621734 ns  (p50/p99/max, n=1000)
  throughput: 469464 ctx-sw/s  (2130 ns/sw avg over 40000 switches / 85 ms)
  switch-probe: fastpath-swaps=0  (swapped inside the trap, so not in the switch row)
  switch:    60/60/100 cyc  30/30/50 ns  (p50/p99/max, n=40002)
  lock-hold: 1024/1920/13340 cyc  512/960/6672 ns  (p50/p99/max, n=80247)
  lock-site: core=0 site=0x418288 max=13340
  irq-probe: line=6 raise=inject on=0 raised=100 hcore=none foreign=0 win=0
  irq:       0/0/0 cyc  0/0/0 ns  (p50/max/max, n=0)
  wcase-probe: line=6 raise=inject on=0 raised=100 hcore=none foreign=0 win=0
  wcase-irq[0B]:    0/0/0 cyc  0/0/0 ns  (p50/max/max, n=0)
  wcase-probe: line=6 raise=inject on=0 raised=100 hcore=none foreign=0 win=0
  wcase-irq[64B]:   0/0/0 cyc  0/0/0 ns  (p50/max/max, n=0)
  wcase-probe: line=6 raise=inject on=0 raised=100 hcore=none foreign=0 win=0
  wcase-irq[256B]:  0/0/0 cyc  0/0/0 ns  (p50/max/max, n=0)
  wcase-probe: line=6 raise=inject on=0 raised=100 hcore=none foreign=0 win=0
  wcase-irq[1024B]: 0/0/0 cyc  0/0/0 ns  (p50/max/max, n=0)
  e2e-settle: settled=2/2
  e2e-probe: line=7 closed=1000 dropped=0 tare=300/575 ns  (min/avg, n=64)
  e2e-passes: asked=1000 raised=1000
  e2e-local: 4096/4096/50872 ns  (p50/p99/max, n=1000)
  throughput: 467531 ctx-sw/s  (2138 ns/sw avg over 40000 switches / 85 ms)
  switch-probe: fastpath-swaps=0  (swapped inside the trap, so not in the switch row)
  switch:    60/60/520 cyc  30/30/260 ns  (p50/p99/max, n=40002)
  lock-hold: 832/1920/36100 cyc  416/960/18057 ns  (p50/p99/max, n=80248)
  lock-site: core=0 site=0x418288 max=36100
  irq-probe: line=6 raise=inject on=0 raised=100 hcore=none foreign=0 win=0
  irq:       0/0/0 cyc  0/0/0 ns  (p50/max/max, n=0)
  wcase-probe: line=6 raise=inject on=0 raised=100 hcore=none foreign=0 win=0
  wcase-irq[0B]:    0/0/0 cyc  0/0/0 ns  (p50/max/max, n=0)
  wcase-probe: line=6 raise=inject on=0 raised=100 hcore=none foreign=0 win=0
  wcase-irq[64B]:   0/0/0 cyc  0/0/0 ns  (p50/max/max, n=0)
  wcase-probe: line=6 raise=inject on=0 raised=100 hcore=none foreign=0 win=0
  wcase-irq[256B]:  0/0/0 cyc  0/0/0 ns  (p50/max/max, n=0)
  wcase-probe: line=6 raise=inject on=0 raised=100 hcore=none foreign=0 win=0
  wcase-irq[1024B]: 0/0/0 cyc  0/0/0 ns  (p50/max/max, n=0)
  e2e-settle: settled=2/2
  e2e-probe: line=7 closed=1000 dropped=0 tare=300/575 ns  (min/avg, n=64)
  e2e-passes: asked=1000 raised=1000
  e2e-local: 4096/4096/16628 ns  (p50/p99/max, n=1000)
  xtask ping-pong: 7916 ns/switch  (40000 switches / 316 ms)
  xtask call/reply: 16 B  25288 ns/round-trip  (39543 round-trips/s over 20000 calls / 505 ms)
  spawn/exit: thread 45326 ns  (200 reps / 9 ms)
  spawn/exit: task 89258 ns  (200 reps / 17 ms)
bench: done

KICKOS-EXIT status 0
POLL_OK=1 POLL_MS=4800
