[2J[001;001H[=3h[2J[001;001H[2J[001;001H[8;042;160t[2J[001;001H[2J[001;001H[8;056;240t[2J[001;001HBdsDxe: loading Boot0002 "UEFI QEMU HARDDISK QM00001 " from PciRoot(0x0)/Pci(0x1F,0x2)/Sata(0x0,0xFFFF,0x0)
BdsDxe: starting Boot0002 "UEFI QEMU HARDDISK QM00001 " from PciRoot(0x0)/Pci(0x1F,0x2)/Sata(0x0,0xFFFF,0x0)

KICKOS-X1 8c41d7a2 x86_64/q35 uefi-handover entry
KICKOS-X1 8c41d7a2 x86_64/q35 uefi-handover handover if=1 paging=1 longmode=1 root=1 wp=1 nx=1 nxcap=1
KICKOS-X1 8c41d7a2 x86_64/q35 uefi-handover if_after_cli=0
KICKOS-X1 8c41d7a2 x86_64/q35 uefi-handover firmware=Debian distribution of EDK II
KICKOS-X1 8c41d7a2 x86_64/q35 uefi-handover revision=0x0000000000020046
KICKOS-X1 8c41d7a2 x86_64/q35 uefi-handover map descriptors=109 stride=48 version=1 conventional_pages=117659 arena=0x0000000001800000 arena_pages=107372
KICKOS-X1 8c41d7a2 x86_64/q35 uefi-handover fp found em=0 ts=0 mp=1 osfxsr=1 osxmmexcpt=1 osxsave=0
KICKOS-X1 8c41d7a2 x86_64/q35 uefi-handover fp trapped em=1 ts=1 mp=1 osfxsr=0 osxmmexcpt=0 osxsave=0
KICKOS-X1 8c41d7a2 x86_64/q35 uefi-handover boot services left
KICKOS-X1 8c41d7a2 x86_64/q35 uefi-handover if_after_exit=0
x86_64 app relocation: base=0x0000000000400000 load_delta=0x0000000000000000 app_words=0

  ==============================================
   KickOS 0.5.1  -  microkernel RTOS
  ==============================================
   board   qemu-x86_64
   arch    x86_64
   cpu     x86-64
   mpu     off
   sched   tickless
   build   2026-09-30 10:52:07 +0200
   app     Sep 30 2026 10:49:58 +0200
   commit  0d899ff6
   heap    none
   kstack  4096 B x 33 = 135168 B

microbenchmark: context-switch throughput (all arches) + per-switch cost
+ IRQ-entry latency where a cycle counter exists. Reporter woken by the
workload, not a timer. Telemetry OFF for clean numbers.
cycle counter: 1999505162 Hz (0 = no rate converts a reading; cycles only)

  lock-probe: hold+1 core=0 depth=0  (three nested, one outermost)
  call/reply: 8 B  9294 ns/round-trip  (107594 round-trips/s over 20000 calls / 185 ms)
  call/reply: 16 B  9128 ns/round-trip  (109541 round-trips/s over 20000 calls / 182 ms)
  call/reply: 32 B  9174 ns/round-trip  (108994 round-trips/s over 20000 calls / 183 ms)
  call/reply: 64 B  9166 ns/round-trip  (109090 round-trips/s over 20000 calls / 183 ms)
  call/reply: 128 B  9252 ns/round-trip  (108075 round-trips/s over 20000 calls / 185 ms)
  call/reply: 256 B  9358 ns/round-trip  (106857 round-trips/s over 20000 calls / 187 ms)
  call/reply: 8 B  9207 ns/round-trip  (108605 round-trips/s over 20000 calls / 184 ms) [generic path]
  call/reply: 16 B  9309 ns/round-trip  (107421 round-trips/s over 20000 calls / 186 ms) [generic path]
  call/reply: 32 B  9178 ns/round-trip  (108948 round-trips/s over 20000 calls / 183 ms) [generic path]
  call/reply: 64 B  9171 ns/round-trip  (109028 round-trips/s over 20000 calls / 183 ms) [generic path]
  call/reply: 128 B  9155 ns/round-trip  (109223 round-trips/s over 20000 calls / 183 ms) [generic path]
  call/reply: 256 B  9363 ns/round-trip  (106798 round-trips/s over 20000 calls / 187 ms) [generic path]
  call/reply: 32 B  9563 ns/round-trip  (104561 round-trips/s over 20000 calls / 191 ms) [caller outranks server, D1 donates]
  phase table (44 rows; cyc avg/max, min last and a floor; leaf -= NULL, composite -= NULL + k*(NEST-NULL)):
    NULL             15/7619  min=1  n=260000
    NEST             130/25100  min=119  n=260000
    NEST_LOCK        48/40360  min=40  n=260000
    CALL_TOTAL       17592/3346840  min=16800  n=259999
    CALL_VALIDATE    140/41700  min=120  n=260000
    CALL_LOCKED      17100/3346220  min=16340  n=259999
    CALL_RESOLVE     211/18360  min=180  n=260000
    CALL_PEEK        84/21260  min=80  n=260000
    CALL_PROBE       43/27820  min=20  n=259999
    CALL_POP         173/559200  min=140  n=259999
    CALL_COPY        2179/65260  min=2000  n=259999
    CALL_MINT        1712/190240  min=1620  n=259999
    CALL_MINT_CAP    343/98000  min=300  n=259999
    CALL_MINT_INFO   1184/130360  min=1120  n=259999
    CALL_DONATE      90/21360  min=80  n=19999
    CALL_PARK        342/61480  min=300  n=259999
    CALL_WAKE        11236/3340460  min=10720  n=259999
    CALL_RESUME      42/14760  min=20  n=260000
    CALL_SLOW_TOTAL  440880/440880  min=440880  n=1
    CALL_SLOW_LOCKED 423180/423180  min=423180  n=1
    CALL_SLOW_DONATE 0/0  min=0  n=0
    CALL_SLOW_PARK   323320/323320  min=323320  n=1
    RECV_LOCKED      11501/1304160  min=10980  n=259999
    RECV_RESOLVE     503/119280  min=459  n=260000
    RECV_SCAN        176/48020  min=160  n=259999
    RECV_PARK        10573/1103140  min=10080  n=259999
    REPLY_TOTAL      52993/320680  min=8220  n=13
    REPLY_VALIDATE   7544/37740  min=1620  n=13
    REPLY_LOCKED     3376/630360  min=3140  n=260000
    REPLY_LOOKUP     310/271460  min=280  n=260000
    REPLY_COPY       2227/42560  min=2040  n=260000
    REPLY_FUNNEL     131/67580  min=100  n=260000
    REPLY_WAKE       285/627060  min=240  n=260000
    REPLY_RECV_TOTAL 17171/1703040  min=16380  n=260000
    REPLY_RECV_TAIL  254/100520  min=220  n=259999
    WAKE_UNPARK      68/26940  min=40  n=520012
    PICK_NEXT        91/52480  min=60  n=520064
    SWITCH_TO        19702/382761780  min=9640  n=520013
    SWITCH_BOOK      101/46940  min=40  n=520039
    MPU_APPLY        106/35900  min=80  n=520039
    MPU_COMMIT       0/0  min=0  n=0
    REENT_SEAT       0/0  min=0  n=0
    KTIME_REARM      114/43320  min=100  n=520039
    ARCH_SWITCH      19060/382758900  min=9060  n=520013
  ns-probe: cyc=4294967295 ns=2148015107 capped=0
  sat-probe: width=64 fits+1/0 wide+0/1 max=1000

  throughput: 497434 ctx-sw/s  (2010 ns/sw avg over 40000 switches / 80 ms)
  switch-probe: fastpath-swaps=0  (swapped inside the trap, so not in the switch row)
  switch:    60/60/640 cyc  30/30/320 ns  (p50/p99/max, n=40002)
  lock-hold: 1664/1792/43240 cyc  832/896/21625 ns  (p50/p99/max, n=80245)
  lock-site: core=0 site=0x40ad35 max=43240
  irq-probe: line=6 raise=inject on=0 raised=100 hcore=none foreign=0 win=0
  irq:       0/0/0 cyc  0/0/0 ns  (p50/max/max, n=0)
  wcase-probe: line=6 raise=inject on=0 raised=100 hcore=none foreign=0 win=0
  wcase-irq[0B]:    0/0/0 cyc  0/0/0 ns  (p50/max/max, n=0)
  wcase-probe: line=6 raise=inject on=0 raised=100 hcore=none foreign=0 win=0
  wcase-irq[64B]:   0/0/0 cyc  0/0/0 ns  (p50/max/max, n=0)
  wcase-probe: line=6 raise=inject on=0 raised=100 hcore=none foreign=0 win=0
  wcase-irq[256B]:  0/0/0 cyc  0/0/0 ns  (p50/max/max, n=0)
  wcase-probe: line=6 raise=inject on=0 raised=100 hcore=none foreign=0 win=0
  wcase-irq[1024B]: 0/0/0 cyc  0/0/0 ns  (p50/max/max, n=0)
  e2e-settle: settled=2/2
  e2e-probe: line=7 closed=1000 dropped=0 tare=350/712 ns  (min/avg, n=64)
  e2e-passes: asked=1000 raised=1000
  e2e-local: 4096/4096/640999 ns  (p50/p99/max, n=1000)
  throughput: 499729 ctx-sw/s  (2001 ns/sw avg over 40000 switches / 80 ms)
  switch-probe: fastpath-swaps=0  (swapped inside the trap, so not in the switch row)
  switch:    60/60/18780 cyc  30/30/9392 ns  (p50/p99/max, n=40002)
  lock-hold: 832/1792/33740 cyc  416/896/16874 ns  (p50/p99/max, n=80251)
  lock-site: core=0 site=0x4182c8 max=33740
  irq-probe: line=6 raise=inject on=0 raised=100 hcore=none foreign=0 win=0
  irq:       0/0/0 cyc  0/0/0 ns  (p50/max/max, n=0)
  wcase-probe: line=6 raise=inject on=0 raised=100 hcore=none foreign=0 win=0
  wcase-irq[0B]:    0/0/0 cyc  0/0/0 ns  (p50/max/max, n=0)
  wcase-probe: line=6 raise=inject on=0 raised=100 hcore=none foreign=0 win=0
  wcase-irq[64B]:   0/0/0 cyc  0/0/0 ns  (p50/max/max, n=0)
  wcase-probe: line=6 raise=inject on=0 raised=100 hcore=none foreign=0 win=0
  wcase-irq[256B]:  0/0/0 cyc  0/0/0 ns  (p50/max/max, n=0)
  wcase-probe: line=6 raise=inject on=0 raised=100 hcore=none foreign=0 win=0
  wcase-irq[1024B]: 0/0/0 cyc  0/0/0 ns  (p50/max/max, n=0)
  e2e-settle: settled=2/2
  e2e-probe: line=7 closed=1000 dropped=0 tare=350/712 ns  (min/avg, n=64)
  e2e-passes: asked=1000 raised=1000
  e2e-local: 4096/4096/30147 ns  (p50/p99/max, n=1000)
  throughput: 500344 ctx-sw/s  (1998 ns/sw avg over 40000 switches / 79 ms)
  switch-probe: fastpath-swaps=0  (swapped inside the trap, so not in the switch row)
  switch:    60/60/440 cyc  30/30/220 ns  (p50/p99/max, n=40002)
  lock-hold: 1024/1792/13320 cyc  512/896/6661 ns  (p50/p99/max, n=80248)
  lock-site: core=0 site=0x40ad35 max=13320
  irq-probe: line=6 raise=inject on=0 raised=100 hcore=none foreign=0 win=0
  irq:       0/0/0 cyc  0/0/0 ns  (p50/max/max, n=0)
  wcase-probe: line=6 raise=inject on=0 raised=100 hcore=none foreign=0 win=0
  wcase-irq[0B]:    0/0/0 cyc  0/0/0 ns  (p50/max/max, n=0)
  wcase-probe: line=6 raise=inject on=0 raised=100 hcore=none foreign=0 win=0
  wcase-irq[64B]:   0/0/0 cyc  0/0/0 ns  (p50/max/max, n=0)
  wcase-probe: line=6 raise=inject on=0 raised=100 hcore=none foreign=0 win=0
  wcase-irq[256B]:  0/0/0 cyc  0/0/0 ns  (p50/max/max, n=0)
  wcase-probe: line=6 raise=inject on=0 raised=100 hcore=none foreign=0 win=0
  wcase-irq[1024B]: 0/0/0 cyc  0/0/0 ns  (p50/max/max, n=0)
  e2e-settle: settled=2/2
  e2e-probe: line=7 closed=1000 dropped=0 tare=350/712 ns  (min/avg, n=64)
  e2e-passes: asked=1000 raised=1000
  e2e-local: 4096/5120/47502 ns  (p50/p99/max, n=1000)
  xtask ping-pong: 7697 ns/switch  (40000 switches / 307 ms)
  xtask call/reply: 16 B  25502 ns/round-trip  (39211 round-trips/s over 20000 calls / 510 ms)
  spawn/exit: thread 42041 ns  (200 reps / 8 ms)
  spawn/exit: task 89386 ns  (200 reps / 17 ms)
bench: done

KICKOS-EXIT status 0
POLL_OK=1 POLL_MS=5000
