[2J[001;001H[=3h[2J[001;001H[2J[001;001H[8;042;160t[2J[001;001H[2J[001;001H[8;056;240t[2J[001;001HBdsDxe: loading Boot0002 "UEFI QEMU HARDDISK QM00001 " from PciRoot(0x0)/Pci(0x1F,0x2)/Sata(0x0,0xFFFF,0x0)
BdsDxe: starting Boot0002 "UEFI QEMU HARDDISK QM00001 " from PciRoot(0x0)/Pci(0x1F,0x2)/Sata(0x0,0xFFFF,0x0)

KICKOS-X1 8c41d7a2 x86_64/q35 uefi-handover entry
KICKOS-X1 8c41d7a2 x86_64/q35 uefi-handover handover if=1 paging=1 longmode=1 root=1 wp=1 nx=1 nxcap=1
KICKOS-X1 8c41d7a2 x86_64/q35 uefi-handover if_after_cli=0
KICKOS-X1 8c41d7a2 x86_64/q35 uefi-handover firmware=Debian distribution of EDK II
KICKOS-X1 8c41d7a2 x86_64/q35 uefi-handover revision=0x0000000000020046
KICKOS-X1 8c41d7a2 x86_64/q35 uefi-handover map descriptors=109 stride=48 version=1 conventional_pages=117659 arena=0x0000000001800000 arena_pages=107372
KICKOS-X1 8c41d7a2 x86_64/q35 uefi-handover fp found em=0 ts=0 mp=1 osfxsr=1 osxmmexcpt=1 osxsave=0
KICKOS-X1 8c41d7a2 x86_64/q35 uefi-handover fp trapped em=1 ts=1 mp=1 osfxsr=0 osxmmexcpt=0 osxsave=0
KICKOS-X1 8c41d7a2 x86_64/q35 uefi-handover boot services left
KICKOS-X1 8c41d7a2 x86_64/q35 uefi-handover if_after_exit=0
x86_64 app relocation: base=0x0000000000400000 load_delta=0x0000000000000000 app_words=0

  ==============================================
   KickOS 0.5.1  -  microkernel RTOS
  ==============================================
   board   qemu-x86_64
   arch    x86_64
   cpu     x86-64
   mpu     off
   sched   tickless
   build   2026-09-30 10:52:07 +0200
   app     Sep 30 2026 10:49:58 +0200
   commit  0d899ff6
   heap    none
   kstack  4096 B x 33 = 135168 B

microbenchmark: context-switch throughput (all arches) + per-switch cost
+ IRQ-entry latency where a cycle counter exists. Reporter woken by the
workload, not a timer. Telemetry OFF for clean numbers.
cycle counter: 1999236100 Hz (0 = no rate converts a reading; cycles only)

  lock-probe: hold+1 core=0 depth=0  (three nested, one outermost)
  call/reply: 8 B  9215 ns/round-trip  (108510 round-trips/s over 20000 calls / 184 ms)
  call/reply: 16 B  9109 ns/round-trip  (109775 round-trips/s over 20000 calls / 182 ms)
  call/reply: 32 B  9070 ns/round-trip  (110243 round-trips/s over 20000 calls / 181 ms)
  call/reply: 64 B  9208 ns/round-trip  (108591 round-trips/s over 20000 calls / 184 ms)
  call/reply: 128 B  9188 ns/round-trip  (108831 round-trips/s over 20000 calls / 183 ms)
  call/reply: 256 B  9313 ns/round-trip  (107368 round-trips/s over 20000 calls / 186 ms)
  call/reply: 8 B  9203 ns/round-trip  (108648 round-trips/s over 20000 calls / 184 ms) [generic path]
  call/reply: 16 B  9132 ns/round-trip  (109495 round-trips/s over 20000 calls / 182 ms) [generic path]
  call/reply: 32 B  9221 ns/round-trip  (108437 round-trips/s over 20000 calls / 184 ms) [generic path]
  call/reply: 64 B  9156 ns/round-trip  (109211 round-trips/s over 20000 calls / 183 ms) [generic path]
  call/reply: 128 B  9147 ns/round-trip  (109323 round-trips/s over 20000 calls / 182 ms) [generic path]
  call/reply: 256 B  9255 ns/round-trip  (108048 round-trips/s over 20000 calls / 185 ms) [generic path]
  call/reply: 32 B  9382 ns/round-trip  (106581 round-trips/s over 20000 calls / 187 ms) [caller outranks server, D1 donates]
  phase table (44 rows; cyc avg/max, min last and a floor; leaf -= NULL, composite -= NULL + k*(NEST-NULL)):
    NULL             15/4340  min=1  n=260000
    NEST             130/25040  min=119  n=260000
    NEST_LOCK        48/39860  min=40  n=260000
    CALL_TOTAL       17486/2589160  min=16900  n=259999
    CALL_VALIDATE    138/13980  min=120  n=260000
    CALL_LOCKED      17001/2588560  min=16400  n=259999
    CALL_RESOLVE     209/17700  min=180  n=260000
    CALL_PEEK        83/47020  min=60  n=260000
    CALL_PROBE       43/29360  min=20  n=259999
    CALL_POP         178/44820  min=140  n=259999
    CALL_COPY        2162/555340  min=2000  n=259999
    CALL_MINT        1686/191880  min=1600  n=259999
    CALL_MINT_CAP    314/97920  min=280  n=259999
    CALL_MINT_INFO   1187/53560  min=1120  n=259999
    CALL_DONATE      92/19580  min=80  n=19999
    CALL_PARK        332/62200  min=300  n=259999
    CALL_WAKE        11195/2582780  min=10780  n=259999
    CALL_RESUME      41/14180  min=20  n=260000
    CALL_SLOW_TOTAL  439580/439580  min=439580  n=1
    CALL_SLOW_LOCKED 421860/421860  min=421860  n=1
    CALL_SLOW_DONATE 0/0  min=0  n=0
    CALL_SLOW_PARK   322400/322400  min=322400  n=1
    RECV_LOCKED      11448/1327080  min=11060  n=259999
    RECV_RESOLVE     491/609040  min=440  n=260000
    RECV_SCAN        177/537260  min=160  n=259999
    RECV_PARK        10513/1125620  min=10140  n=259999
    REPLY_TOTAL      70215/526880  min=11160  n=13
    REPLY_VALIDATE   7870/35080  min=1680  n=13
    REPLY_LOCKED     3349/632500  min=3160  n=260000
    REPLY_LOOKUP     304/204860  min=280  n=260000
    REPLY_COPY       2197/627960  min=2040  n=260000
    REPLY_FUNNEL     130/63180  min=100  n=260000
    REPLY_WAKE       283/29600  min=260  n=260000
    REPLY_RECV_TOTAL 17053/1727020  min=16460  n=260000
    REPLY_RECV_TAIL  262/99900  min=240  n=259999
    WAKE_UNPARK      67/27020  min=40  n=520012
    PICK_NEXT        92/22460  min=60  n=520064
    SWITCH_TO        19600/375590100  min=9720  n=520013
    SWITCH_BOOK      95/129120  min=40  n=520039
    MPU_APPLY        105/72880  min=80  n=520039
    MPU_COMMIT       0/0  min=0  n=0
    REENT_SEAT       0/0  min=0  n=0
    KTIME_REARM      114/12140  min=100  n=520039
    ARCH_SWITCH      18965/375587840  min=9100  n=520013
  ns-probe: cyc=4294967295 ns=2148304192 capped=0
  sat-probe: width=64 fits+1/0 wide+0/1 max=1000

  throughput: 493243 ctx-sw/s  (2027 ns/sw avg over 40000 switches / 81 ms)
  switch-probe: fastpath-swaps=0  (swapped inside the trap, so not in the switch row)
  switch:    60/80/280 cyc  30/40/140 ns  (p50/p99/max, n=40002)
  lock-hold: 1024/1792/25400 cyc  512/896/12704 ns  (p50/p99/max, n=80245)
  lock-site: core=0 site=0x4182c8 max=25400
  irq-probe: line=6 raise=inject on=0 raised=100 hcore=none foreign=0 win=0
  irq:       0/0/0 cyc  0/0/0 ns  (p50/max/max, n=0)
  wcase-probe: line=6 raise=inject on=0 raised=100 hcore=none foreign=0 win=0
  wcase-irq[0B]:    0/0/0 cyc  0/0/0 ns  (p50/max/max, n=0)
  wcase-probe: line=6 raise=inject on=0 raised=100 hcore=none foreign=0 win=0
  wcase-irq[64B]:   0/0/0 cyc  0/0/0 ns  (p50/max/max, n=0)
  wcase-probe: line=6 raise=inject on=0 raised=100 hcore=none foreign=0 win=0
  wcase-irq[256B]:  0/0/0 cyc  0/0/0 ns  (p50/max/max, n=0)
  wcase-probe: line=6 raise=inject on=0 raised=100 hcore=none foreign=0 win=0
  wcase-irq[1024B]: 0/0/0 cyc  0/0/0 ns  (p50/max/max, n=0)
  e2e-settle: settled=2/2
  e2e-probe: line=7 closed=1000 dropped=0 tare=270/586 ns  (min/avg, n=64)
  e2e-passes: asked=1000 raised=1000
  e2e-local: 4096/5120/634612 ns  (p50/p99/max, n=1000)
  throughput: 495040 ctx-sw/s  (2020 ns/sw avg over 40000 switches / 80 ms)
  switch-probe: fastpath-swaps=0  (swapped inside the trap, so not in the switch row)
  switch:    60/80/220 cyc  30/40/110 ns  (p50/p99/max, n=40002)
  lock-hold: 1024/1792/14180 cyc  512/896/7092 ns  (p50/p99/max, n=80248)
  lock-site: core=0 site=0x4182c8 max=14180
  irq-probe: line=6 raise=inject on=0 raised=100 hcore=none foreign=0 win=0
  irq:       0/0/0 cyc  0/0/0 ns  (p50/max/max, n=0)
  wcase-probe: line=6 raise=inject on=0 raised=100 hcore=none foreign=0 win=0
  wcase-irq[0B]:    0/0/0 cyc  0/0/0 ns  (p50/max/max, n=0)
  wcase-probe: line=6 raise=inject on=0 raised=100 hcore=none foreign=0 win=0
  wcase-irq[64B]:   0/0/0 cyc  0/0/0 ns  (p50/max/max, n=0)
  wcase-probe: line=6 raise=inject on=0 raised=100 hcore=none foreign=0 win=0
  wcase-irq[256B]:  0/0/0 cyc  0/0/0 ns  (p50/max/max, n=0)
  wcase-probe: line=6 raise=inject on=0 raised=100 hcore=none foreign=0 win=0
  wcase-irq[1024B]: 0/0/0 cyc  0/0/0 ns  (p50/max/max, n=0)
  e2e-settle: settled=2/2
  e2e-probe: line=7 closed=1000 dropped=0 tare=270/586 ns  (min/avg, n=64)
  e2e-passes: asked=1000 raised=1000
  e2e-local: 4096/6656/52350 ns  (p50/p99/max, n=1000)
  throughput: 498070 ctx-sw/s  (2007 ns/sw avg over 40000 switches / 80 ms)
  switch-probe: fastpath-swaps=0  (swapped inside the trap, so not in the switch row)
  switch:    60/80/10600 cyc  30/40/5302 ns  (p50/p99/max, n=40002)
  lock-hold: 1152/1792/18100 cyc  576/896/9053 ns  (p50/p99/max, n=80251)
  lock-site: core=0 site=0x4182c8 max=18100
  irq-probe: line=6 raise=inject on=0 raised=100 hcore=none foreign=0 win=0
  irq:       0/0/0 cyc  0/0/0 ns  (p50/max/max, n=0)
  wcase-probe: line=6 raise=inject on=0 raised=100 hcore=none foreign=0 win=0
  wcase-irq[0B]:    0/0/0 cyc  0/0/0 ns  (p50/max/max, n=0)
  wcase-probe: line=6 raise=inject on=0 raised=100 hcore=none foreign=0 win=0
  wcase-irq[64B]:   0/0/0 cyc  0/0/0 ns  (p50/max/max, n=0)
  wcase-probe: line=6 raise=inject on=0 raised=100 hcore=none foreign=0 win=0
  wcase-irq[256B]:  0/0/0 cyc  0/0/0 ns  (p50/max/max, n=0)
  wcase-probe: line=6 raise=inject on=0 raised=100 hcore=none foreign=0 win=0
  wcase-irq[1024B]: 0/0/0 cyc  0/0/0 ns  (p50/max/max, n=0)
  e2e-settle: settled=2/2
  e2e-probe: line=7 closed=1000 dropped=0 tare=270/586 ns  (min/avg, n=64)
  e2e-passes: asked=1000 raised=1000
  e2e-local: 4096/13312/93636 ns  (p50/p99/max, n=1000)
  xtask ping-pong: 7743 ns/switch  (40000 switches / 309 ms)
  xtask call/reply: 16 B  25545 ns/round-trip  (39145 round-trips/s over 20000 calls / 510 ms)
  spawn/exit: thread 42255 ns  (200 reps / 8 ms)
  spawn/exit: task 89027 ns  (200 reps / 17 ms)
bench: done

KICKOS-EXIT status 0
POLL_OK=1 POLL_MS=5000
