[2J[001;001H[=3h[2J[001;001H[2J[001;001H[8;042;160t[2J[001;001H[2J[001;001H[8;056;240t[2J[001;001HBdsDxe: loading Boot0002 "UEFI QEMU HARDDISK QM00001 " from PciRoot(0x0)/Pci(0x1F,0x2)/Sata(0x0,0xFFFF,0x0)
BdsDxe: starting Boot0002 "UEFI QEMU HARDDISK QM00001 " from PciRoot(0x0)/Pci(0x1F,0x2)/Sata(0x0,0xFFFF,0x0)

KICKOS-X1 8c41d7a2 x86_64/q35 uefi-handover entry
KICKOS-X1 8c41d7a2 x86_64/q35 uefi-handover handover if=1 paging=1 longmode=1 root=1 wp=1 nx=1 nxcap=1
KICKOS-X1 8c41d7a2 x86_64/q35 uefi-handover if_after_cli=0
KICKOS-X1 8c41d7a2 x86_64/q35 uefi-handover firmware=Debian distribution of EDK II
KICKOS-X1 8c41d7a2 x86_64/q35 uefi-handover revision=0x0000000000020046
KICKOS-X1 8c41d7a2 x86_64/q35 uefi-handover map descriptors=109 stride=48 version=1 conventional_pages=117655 arena=0x0000000001800000 arena_pages=107372
KICKOS-X1 8c41d7a2 x86_64/q35 uefi-handover fp found em=0 ts=0 mp=1 osfxsr=1 osxmmexcpt=1 osxsave=0
KICKOS-X1 8c41d7a2 x86_64/q35 uefi-handover fp trapped em=1 ts=1 mp=1 osfxsr=0 osxmmexcpt=0 osxsave=0
KICKOS-X1 8c41d7a2 x86_64/q35 uefi-handover boot services left
KICKOS-X1 8c41d7a2 x86_64/q35 uefi-handover if_after_exit=0
x86_64 app relocation: base=0x0000000000400000 load_delta=0x0000000000000000 app_words=0

  ==============================================
   KickOS 0.5.1  -  microkernel RTOS
  ==============================================
   board   qemu-x86_64
   arch    x86_64
   cpu     x86-64-v3
   mpu     off
   sched   tickless
   build   2026-09-30 09:45:56 +0200
   app     Sep 30 2026 09:45:57 +0200
   commit  628de9cb
   heap    none
   kstack  4096 B x 33 = 135168 B

microbenchmark: context-switch throughput (all arches) + per-switch cost
+ IRQ-entry latency where a cycle counter exists. Reporter woken by the
workload, not a timer. Telemetry OFF for clean numbers.
cycle counter: 1999476526 Hz (0 = no rate converts a reading; cycles only)

  lock-probe: hold+1 core=0 depth=0  (three nested, one outermost)
  call/reply: 8 B  8775 ns/round-trip  (113958 round-trips/s over 20000 calls / 175 ms)
  call/reply: 16 B  8603 ns/round-trip  (116231 round-trips/s over 20000 calls / 172 ms)
  call/reply: 32 B  8672 ns/round-trip  (115306 round-trips/s over 20000 calls / 173 ms)
  call/reply: 64 B  8752 ns/round-trip  (114247 round-trips/s over 20000 calls / 175 ms)
  call/reply: 128 B  8671 ns/round-trip  (115323 round-trips/s over 20000 calls / 173 ms)
  call/reply: 256 B  8760 ns/round-trip  (114145 round-trips/s over 20000 calls / 175 ms)
  call/reply: 8 B  8637 ns/round-trip  (115778 round-trips/s over 20000 calls / 172 ms) [generic path]
  call/reply: 16 B  8720 ns/round-trip  (114669 round-trips/s over 20000 calls / 174 ms) [generic path]
  call/reply: 32 B  8674 ns/round-trip  (115280 round-trips/s over 20000 calls / 173 ms) [generic path]
  call/reply: 64 B  8696 ns/round-trip  (114982 round-trips/s over 20000 calls / 173 ms) [generic path]
  call/reply: 128 B  8708 ns/round-trip  (114836 round-trips/s over 20000 calls / 174 ms) [generic path]
  call/reply: 256 B  8843 ns/round-trip  (113074 round-trips/s over 20000 calls / 176 ms) [generic path]
  call/reply: 32 B  8899 ns/round-trip  (112363 round-trips/s over 20000 calls / 177 ms) [caller outranks server, D1 donates]
  phase table (44 rows; cyc avg/max, min last and a floor; leaf -= NULL, composite -= NULL + k*(NEST-NULL)):
    NULL             15/9440  min=1  n=260000
    NEST             85/29720  min=79  n=260000
    NEST_LOCK        52/44440  min=40  n=260000
    CALL_TOTAL       16278/2599780  min=15540  n=259999
    CALL_VALIDATE    190/21160  min=160  n=260000
    CALL_LOCKED      15789/2599220  min=15040  n=259999
    CALL_RESOLVE     204/58120  min=180  n=260000
    CALL_PEEK        94/38140  min=80  n=260000
    CALL_PROBE       43/31180  min=20  n=259999
    CALL_POP         170/54960  min=140  n=259999
    CALL_COPY        1725/71980  min=1600  n=259999
    CALL_MINT        1388/271000  min=1300  n=259999
    CALL_MINT_CAP    225/149000  min=200  n=259999
    CALL_MINT_INFO   977/67420  min=920  n=259999
    CALL_DONATE      93/21500  min=80  n=19999
    CALL_PARK        385/71360  min=360  n=259999
    CALL_WAKE        10707/2594120  min=10160  n=259999
    CALL_RESUME      106/15600  min=80  n=260000
    CALL_SLOW_TOTAL  460180/460180  min=460180  n=1
    CALL_SLOW_LOCKED 442180/442180  min=442180  n=1
    CALL_SLOW_DONATE 0/0  min=0  n=0
    CALL_SLOW_PARK   338500/338500  min=338500  n=1
    RECV_LOCKED      11340/1627340  min=10860  n=259999
    RECV_RESOLVE     438/123620  min=400  n=260000
    RECV_SCAN        191/39600  min=160  n=259999
    RECV_PARK        10460/1420460  min=10000  n=259999
    REPLY_TOTAL      58356/410900  min=7040  n=13
    REPLY_VALIDATE   8058/40160  min=1740  n=13
    REPLY_LOCKED     2788/426080  min=2580  n=260000
    REPLY_LOOKUP     358/217840  min=320  n=260000
    REPLY_COPY       1635/76840  min=1500  n=260000
    REPLY_FUNNEL     189/66700  min=140  n=260000
    REPLY_WAKE       278/30860  min=200  n=260000
    REPLY_RECV_TOTAL 16067/2046140  min=15360  n=260000
    REPLY_RECV_TAIL  273/105060  min=240  n=259999
    WAKE_UNPARK      111/27620  min=40  n=520012
    PICK_NEXT        55/17460  min=20  n=520064
    SWITCH_TO        18760/356271640  min=9420  n=520013
    SWITCH_BOOK      75/76940  min=40  n=520039
    MPU_APPLY        183/52180  min=140  n=520039
    MPU_COMMIT       0/0  min=0  n=0
    REENT_SEAT       0/0  min=0  n=0
    KTIME_REARM      119/14900  min=100  n=520039
    ARCH_SWITCH      18072/356269340  min=8680  n=520013
  ns-probe: cyc=4294967295 ns=2148045870 capped=0
  sat-probe: width=64 fits+1/0 wide+0/1 max=1000

  throughput: 461041 ctx-sw/s  (2169 ns/sw avg over 40000 switches / 86 ms)
  switch-probe: fastpath-swaps=0  (swapped inside the trap, so not in the switch row)
  switch:    60/80/49100 cyc  30/40/24556 ns  (p50/p99/max, n=40002)
  lock-hold: 1920/2304/65420 cyc  960/1152/32718 ns  (p50/p99/max, n=80249)
  lock-site: core=0 site=0x418288 max=65420
  irq-probe: line=6 raise=inject on=0 raised=100 hcore=none foreign=0 win=0
  irq:       0/0/0 cyc  0/0/0 ns  (p50/max/max, n=0)
  wcase-probe: line=6 raise=inject on=0 raised=100 hcore=none foreign=0 win=0
  wcase-irq[0B]:    0/0/0 cyc  0/0/0 ns  (p50/max/max, n=0)
  wcase-probe: line=6 raise=inject on=0 raised=100 hcore=none foreign=0 win=0
  wcase-irq[64B]:   0/0/0 cyc  0/0/0 ns  (p50/max/max, n=0)
  wcase-probe: line=6 raise=inject on=0 raised=100 hcore=none foreign=0 win=0
  wcase-irq[256B]:  0/0/0 cyc  0/0/0 ns  (p50/max/max, n=0)
  wcase-probe: line=6 raise=inject on=0 raised=100 hcore=none foreign=0 win=0
  wcase-irq[1024B]: 0/0/0 cyc  0/0/0 ns  (p50/max/max, n=0)
  e2e-settle: settled=2/2
  e2e-probe: line=7 closed=1000 dropped=0 tare=320/594 ns  (min/avg, n=64)
  e2e-passes: asked=1000 raised=1000
  e2e-local: 4096/13312/682539 ns  (p50/p99/max, n=1000)
  throughput: 471034 ctx-sw/s  (2122 ns/sw avg over 40000 switches / 84 ms)
  switch-probe: fastpath-swaps=0  (swapped inside the trap, so not in the switch row)
  switch:    60/80/380 cyc  30/40/190 ns  (p50/p99/max, n=40002)
  lock-hold: 1152/1920/13160 cyc  576/960/6581 ns  (p50/p99/max, n=80248)
  lock-site: core=0 site=0x418288 max=13160
  irq-probe: line=6 raise=inject on=0 raised=100 hcore=none foreign=0 win=0
  irq:       0/0/0 cyc  0/0/0 ns  (p50/max/max, n=0)
  wcase-probe: line=6 raise=inject on=0 raised=100 hcore=none foreign=0 win=0
  wcase-irq[0B]:    0/0/0 cyc  0/0/0 ns  (p50/max/max, n=0)
  wcase-probe: line=6 raise=inject on=0 raised=100 hcore=none foreign=0 win=0
  wcase-irq[64B]:   0/0/0 cyc  0/0/0 ns  (p50/max/max, n=0)
  wcase-probe: line=6 raise=inject on=0 raised=100 hcore=none foreign=0 win=0
  wcase-irq[256B]:  0/0/0 cyc  0/0/0 ns  (p50/max/max, n=0)
  wcase-probe: line=6 raise=inject on=0 raised=100 hcore=none foreign=0 win=0
  wcase-irq[1024B]: 0/0/0 cyc  0/0/0 ns  (p50/max/max, n=0)
  e2e-settle: settled=2/2
  e2e-probe: line=7 closed=1000 dropped=0 tare=320/594 ns  (min/avg, n=64)
  e2e-passes: asked=1000 raised=1000
  e2e-local: 4096/5120/19805 ns  (p50/p99/max, n=1000)
  throughput: 472613 ctx-sw/s  (2115 ns/sw avg over 40000 switches / 84 ms)
  switch-probe: fastpath-swaps=0  (swapped inside the trap, so not in the switch row)
  switch:    60/80/220 cyc  30/40/110 ns  (p50/p99/max, n=40002)
  lock-hold: 1024/1920/33160 cyc  512/960/16584 ns  (p50/p99/max, n=80248)
  lock-site: core=0 site=0x418288 max=33160
  irq-probe: line=6 raise=inject on=0 raised=100 hcore=none foreign=0 win=0
  irq:       0/0/0 cyc  0/0/0 ns  (p50/max/max, n=0)
  wcase-probe: line=6 raise=inject on=0 raised=100 hcore=none foreign=0 win=0
  wcase-irq[0B]:    0/0/0 cyc  0/0/0 ns  (p50/max/max, n=0)
  wcase-probe: line=6 raise=inject on=0 raised=100 hcore=none foreign=0 win=0
  wcase-irq[64B]:   0/0/0 cyc  0/0/0 ns  (p50/max/max, n=0)
  wcase-probe: line=6 raise=inject on=0 raised=100 hcore=none foreign=0 win=0
  wcase-irq[256B]:  0/0/0 cyc  0/0/0 ns  (p50/max/max, n=0)
  wcase-probe: line=6 raise=inject on=0 raised=100 hcore=none foreign=0 win=0
  wcase-irq[1024B]: 0/0/0 cyc  0/0/0 ns  (p50/max/max, n=0)
  e2e-settle: settled=2/2
  e2e-probe: line=7 closed=1000 dropped=0 tare=320/594 ns  (min/avg, n=64)
  e2e-passes: asked=1000 raised=1000
  e2e-local: 4096/4096/33028 ns  (p50/p99/max, n=1000)
  xtask ping-pong: 8078 ns/switch  (40000 switches / 323 ms)
  xtask call/reply: 16 B  25498 ns/round-trip  (39218 round-trips/s over 20000 calls / 509 ms)
  spawn/exit: thread 45411 ns  (200 reps / 9 ms)
  spawn/exit: task 90230 ns  (200 reps / 18 ms)
bench: done

KICKOS-EXIT status 0
POLL_OK=1 POLL_MS=4800
