[2J[001;001H[=3h[2J[001;001H[2J[001;001H[8;042;160t[2J[001;001H[2J[001;001H[8;056;240t[2J[001;001HBdsDxe: loading Boot0002 "UEFI QEMU HARDDISK QM00001 " from PciRoot(0x0)/Pci(0x1F,0x2)/Sata(0x0,0xFFFF,0x0)
BdsDxe: starting Boot0002 "UEFI QEMU HARDDISK QM00001 " from PciRoot(0x0)/Pci(0x1F,0x2)/Sata(0x0,0xFFFF,0x0)

KICKOS-X1 8c41d7a2 x86_64/q35 uefi-handover entry
KICKOS-X1 8c41d7a2 x86_64/q35 uefi-handover handover if=1 paging=1 longmode=1 root=1 wp=1 nx=1 nxcap=1
KICKOS-X1 8c41d7a2 x86_64/q35 uefi-handover if_after_cli=0
KICKOS-X1 8c41d7a2 x86_64/q35 uefi-handover firmware=Debian distribution of EDK II
KICKOS-X1 8c41d7a2 x86_64/q35 uefi-handover revision=0x0000000000020046
KICKOS-X1 8c41d7a2 x86_64/q35 uefi-handover map descriptors=109 stride=48 version=1 conventional_pages=117679 arena=0x0000000001800000 arena_pages=107372
KICKOS-X1 8c41d7a2 x86_64/q35 uefi-handover fp found em=0 ts=0 mp=1 osfxsr=1 osxmmexcpt=1 osxsave=0
KICKOS-X1 8c41d7a2 x86_64/q35 uefi-handover fp trapped em=1 ts=1 mp=1 osfxsr=0 osxmmexcpt=0 osxsave=0
KICKOS-X1 8c41d7a2 x86_64/q35 uefi-handover boot services left
KICKOS-X1 8c41d7a2 x86_64/q35 uefi-handover if_after_exit=0
x86_64 app relocation: base=0x0000000000400000 load_delta=0x0000000000000000 app_words=0

  ==============================================
   KickOS 0.5.1  -  microkernel RTOS
  ==============================================
   board   qemu-x86_64
   arch    x86_64
   cpu     x86-64
   mpu     off
   sched   tickless
   build   2026-09-30 09:45:54 +0200
   app     Sep 30 2026 09:45:54 +0200
   commit  10deab0c
   heap    none
   kstack  4096 B x 33 = 135168 B

microbenchmark: context-switch throughput (all arches) + per-switch cost
+ IRQ-entry latency where a cycle counter exists. Reporter woken by the
workload, not a timer. Telemetry OFF for clean numbers.
cycle counter: 1999237293 Hz (0 = no rate converts a reading; cycles only)

  lock-probe: hold+1 core=0 depth=0  (three nested, one outermost)
  call/reply: 8 B  8085 ns/round-trip  (123685 round-trips/s over 20000 calls / 161 ms)
  call/reply: 16 B  7899 ns/round-trip  (126594 round-trips/s over 20000 calls / 157 ms)
  call/reply: 32 B  7887 ns/round-trip  (126778 round-trips/s over 20000 calls / 157 ms)
  call/reply: 64 B  7869 ns/round-trip  (127065 round-trips/s over 20000 calls / 157 ms)
  call/reply: 128 B  7928 ns/round-trip  (126134 round-trips/s over 20000 calls / 158 ms)
  call/reply: 256 B  7991 ns/round-trip  (125134 round-trips/s over 20000 calls / 159 ms)
  call/reply: 8 B  7813 ns/round-trip  (127991 round-trips/s over 20000 calls / 156 ms) [generic path]
  call/reply: 16 B  7835 ns/round-trip  (127626 round-trips/s over 20000 calls / 156 ms) [generic path]
  call/reply: 32 B  7802 ns/round-trip  (128168 round-trips/s over 20000 calls / 156 ms) [generic path]
  call/reply: 64 B  7844 ns/round-trip  (127483 round-trips/s over 20000 calls / 156 ms) [generic path]
  call/reply: 128 B  7881 ns/round-trip  (126874 round-trips/s over 20000 calls / 157 ms) [generic path]
  call/reply: 256 B  7928 ns/round-trip  (126130 round-trips/s over 20000 calls / 158 ms) [generic path]
  call/reply: 32 B  8098 ns/round-trip  (123477 round-trips/s over 20000 calls / 161 ms) [caller outranks server, D1 donates]
  phase table (44 rows; cyc avg/max, min last and a floor; leaf -= NULL, composite -= NULL + k*(NEST-NULL)):
    NULL             15/4360  min=1  n=260000
    NEST             84/26320  min=79  n=260000
    NEST_LOCK        48/40640  min=40  n=260000
    CALL_TOTAL       14748/2351740  min=14240  n=259999
    CALL_VALIDATE    166/26560  min=140  n=260000
    CALL_LOCKED      14230/2351120  min=13720  n=259999
    CALL_RESOLVE     211/15760  min=180  n=260000
    CALL_PEEK        50/21820  min=20  n=260000
    CALL_PROBE       82/28080  min=60  n=259999
    CALL_POP         124/37160  min=100  n=259999
    CALL_COPY        1434/76700  min=1340  n=259999
    CALL_MINT        1342/187800  min=1240  n=259999
    CALL_MINT_CAP    369/97860  min=320  n=259999
    CALL_MINT_INFO   834/143320  min=780  n=259999
    CALL_DONATE      118/20680  min=100  n=19999
    CALL_PARK        239/62040  min=220  n=259999
    CALL_WAKE        9758/2346140  min=9400  n=259999
    CALL_RESUME      154/52820  min=120  n=260000
    CALL_SLOW_TOTAL  459780/459780  min=459780  n=1
    CALL_SLOW_LOCKED 442400/442400  min=442400  n=1
    CALL_SLOW_DONATE 0/0  min=0  n=0
    CALL_SLOW_PARK   338540/338540  min=338540  n=1
    RECV_LOCKED      9947/1252040  min=9520  n=259999
    RECV_RESOLVE     245/87400  min=220  n=260000
    RECV_SCAN        131/39820  min=100  n=259999
    RECV_PARK        9302/1079520  min=8880  n=259999
    REPLY_TOTAL      85173/740060  min=8840  n=13
    REPLY_VALIDATE   8292/39040  min=3100  n=13
    REPLY_LOCKED     2472/441720  min=2320  n=260000
    REPLY_LOOKUP     321/199480  min=299  n=260000
    REPLY_COPY       1448/36280  min=1340  n=260000
    REPLY_FUNNEL     199/63620  min=160  n=260000
    REPLY_WAKE       221/29480  min=200  n=260000
    REPLY_RECV_TOTAL 14280/1625560  min=13760  n=260000
    REPLY_RECV_TAIL  425/98360  min=380  n=259999
    WAKE_UNPARK      68/27000  min=40  n=520012
    PICK_NEXT        48/41140  min=20  n=520064
    SWITCH_TO        17003/324831920  min=8420  n=520013
    SWITCH_BOOK      68/173000  min=40  n=520039
    MPU_APPLY        109/46680  min=80  n=520039
    MPU_COMMIT       0/0  min=0  n=0
    REENT_SEAT       0/0  min=0  n=0
    KTIME_REARM      61/9360  min=40  n=520039
    ARCH_SWITCH      16460/324742600  min=7900  n=520013
  ns-probe: cyc=4294967295 ns=2148302910 capped=0
  sat-probe: width=64 fits+1/0 wide+0/1 max=1000

  throughput: 510990 ctx-sw/s  (1956 ns/sw avg over 40000 switches / 78 ms)
  switch-probe: fastpath-swaps=0  (swapped inside the trap, so not in the switch row)
  switch:    80/80/220 cyc  40/40/110 ns  (p50/p99/max, n=40002)
  lock-hold: 704/1792/36120 cyc  352/896/18066 ns  (p50/p99/max, n=80245)
  lock-site: core=0 site=0x416918 max=36120
  irq-probe: line=6 raise=inject on=0 raised=100 hcore=none foreign=0 win=0
  irq:       0/0/0 cyc  0/0/0 ns  (p50/max/max, n=0)
  wcase-probe: line=6 raise=inject on=0 raised=100 hcore=none foreign=0 win=0
  wcase-irq[0B]:    0/0/0 cyc  0/0/0 ns  (p50/max/max, n=0)
  wcase-probe: line=6 raise=inject on=0 raised=100 hcore=none foreign=0 win=0
  wcase-irq[64B]:   0/0/0 cyc  0/0/0 ns  (p50/max/max, n=0)
  wcase-probe: line=6 raise=inject on=0 raised=100 hcore=none foreign=0 win=0
  wcase-irq[256B]:  0/0/0 cyc  0/0/0 ns  (p50/max/max, n=0)
  wcase-probe: line=6 raise=inject on=0 raised=100 hcore=none foreign=0 win=0
  wcase-irq[1024B]: 0/0/0 cyc  0/0/0 ns  (p50/max/max, n=0)
  e2e-settle: settled=2/2
  e2e-probe: line=7 closed=1000 dropped=0 tare=290/574 ns  (min/avg, n=64)
  e2e-passes: asked=1000 raised=1000
  e2e-local: 4096/4096/621777 ns  (p50/p99/max, n=1000)
  throughput: 509455 ctx-sw/s  (1962 ns/sw avg over 40000 switches / 78 ms)
  switch-probe: fastpath-swaps=0  (swapped inside the trap, so not in the switch row)
  switch:    80/96/29080 cyc  40/48/14545 ns  (p50/p99/max, n=40002)
  lock-hold: 704/1792/34500 cyc  352/896/17256 ns  (p50/p99/max, n=80252)
  lock-site: core=0 site=0x416918 max=34500
  irq-probe: line=6 raise=inject on=0 raised=100 hcore=none foreign=0 win=0
  irq:       0/0/0 cyc  0/0/0 ns  (p50/max/max, n=0)
  wcase-probe: line=6 raise=inject on=0 raised=100 hcore=none foreign=0 win=0
  wcase-irq[0B]:    0/0/0 cyc  0/0/0 ns  (p50/max/max, n=0)
  wcase-probe: line=6 raise=inject on=0 raised=100 hcore=none foreign=0 win=0
  wcase-irq[64B]:   0/0/0 cyc  0/0/0 ns  (p50/max/max, n=0)
  wcase-probe: line=6 raise=inject on=0 raised=100 hcore=none foreign=0 win=0
  wcase-irq[256B]:  0/0/0 cyc  0/0/0 ns  (p50/max/max, n=0)
  wcase-probe: line=6 raise=inject on=0 raised=100 hcore=none foreign=0 win=0
  wcase-irq[1024B]: 0/0/0 cyc  0/0/0 ns  (p50/max/max, n=0)
  e2e-settle: settled=2/2
  e2e-probe: line=7 closed=1000 dropped=0 tare=290/574 ns  (min/avg, n=64)
  e2e-passes: asked=1000 raised=1000
  e2e-local: 4096/4096/52150 ns  (p50/p99/max, n=1000)
  throughput: 508282 ctx-sw/s  (1967 ns/sw avg over 40000 switches / 78 ms)
  switch-probe: fastpath-swaps=0  (swapped inside the trap, so not in the switch row)
  switch:    80/96/5080 cyc  40/48/2540 ns  (p50/p99/max, n=40002)
  lock-hold: 960/1792/88160 cyc  480/896/44096 ns  (p50/p99/max, n=80250)
  lock-site: core=0 site=0x416918 max=88160
  irq-probe: line=6 raise=inject on=0 raised=100 hcore=none foreign=0 win=0
  irq:       0/0/0 cyc  0/0/0 ns  (p50/max/max, n=0)
  wcase-probe: line=6 raise=inject on=0 raised=100 hcore=none foreign=0 win=0
  wcase-irq[0B]:    0/0/0 cyc  0/0/0 ns  (p50/max/max, n=0)
  wcase-probe: line=6 raise=inject on=0 raised=100 hcore=none foreign=0 win=0
  wcase-irq[64B]:   0/0/0 cyc  0/0/0 ns  (p50/max/max, n=0)
  wcase-probe: line=6 raise=inject on=0 raised=100 hcore=none foreign=0 win=0
  wcase-irq[256B]:  0/0/0 cyc  0/0/0 ns  (p50/max/max, n=0)
  wcase-probe: line=6 raise=inject on=0 raised=100 hcore=none foreign=0 win=0
  wcase-irq[1024B]: 0/0/0 cyc  0/0/0 ns  (p50/max/max, n=0)
  e2e-settle: settled=2/2
  e2e-probe: line=7 closed=1000 dropped=0 tare=290/574 ns  (min/avg, n=64)
  e2e-passes: asked=1000 raised=1000
  e2e-local: 4096/5632/120556 ns  (p50/p99/max, n=1000)
  xtask ping-pong: 7460 ns/switch  (40000 switches / 298 ms)
  xtask call/reply: 16 B  24418 ns/round-trip  (40952 round-trips/s over 20000 calls / 488 ms)
  spawn/exit: thread 38531 ns  (200 reps / 7 ms)
  spawn/exit: task 85653 ns  (200 reps / 17 ms)
bench: done

KICKOS-EXIT status 0
POLL_OK=1 POLL_MS=4600
