[2J[001;001H[=3h[2J[001;001H[2J[001;001H[8;042;160t[2J[001;001H[2J[001;001H[8;056;240t[2J[001;001HBdsDxe: loading Boot0002 "UEFI QEMU HARDDISK QM00001 " from PciRoot(0x0)/Pci(0x1F,0x2)/Sata(0x0,0xFFFF,0x0)
BdsDxe: starting Boot0002 "UEFI QEMU HARDDISK QM00001 " from PciRoot(0x0)/Pci(0x1F,0x2)/Sata(0x0,0xFFFF,0x0)

KICKOS-X1 8c41d7a2 x86_64/q35 uefi-handover entry
KICKOS-X1 8c41d7a2 x86_64/q35 uefi-handover handover if=1 paging=1 longmode=1 root=1 wp=1 nx=1 nxcap=1
KICKOS-X1 8c41d7a2 x86_64/q35 uefi-handover if_after_cli=0
KICKOS-X1 8c41d7a2 x86_64/q35 uefi-handover firmware=Debian distribution of EDK II
KICKOS-X1 8c41d7a2 x86_64/q35 uefi-handover revision=0x0000000000020046
KICKOS-X1 8c41d7a2 x86_64/q35 uefi-handover map descriptors=109 stride=48 version=1 conventional_pages=117655 arena=0x0000000001800000 arena_pages=107372
KICKOS-X1 8c41d7a2 x86_64/q35 uefi-handover fp found em=0 ts=0 mp=1 osfxsr=1 osxmmexcpt=1 osxsave=0
KICKOS-X1 8c41d7a2 x86_64/q35 uefi-handover fp trapped em=1 ts=1 mp=1 osfxsr=0 osxmmexcpt=0 osxsave=0
KICKOS-X1 8c41d7a2 x86_64/q35 uefi-handover boot services left
KICKOS-X1 8c41d7a2 x86_64/q35 uefi-handover if_after_exit=0
x86_64 app relocation: base=0x0000000000400000 load_delta=0x0000000000000000 app_words=0

  ==============================================
   KickOS 0.5.1  -  microkernel RTOS
  ==============================================
   board   qemu-x86_64
   arch    x86_64
   cpu     x86-64-v3
   mpu     off
   sched   tickless
   build   2026-09-30 09:45:56 +0200
   app     Sep 30 2026 09:45:57 +0200
   commit  628de9cb
   heap    none
   kstack  4096 B x 33 = 135168 B

microbenchmark: context-switch throughput (all arches) + per-switch cost
+ IRQ-entry latency where a cycle counter exists. Reporter woken by the
workload, not a timer. Telemetry OFF for clean numbers.
cycle counter: 1999542151 Hz (0 = no rate converts a reading; cycles only)

  lock-probe: hold+1 core=0 depth=0  (three nested, one outermost)
  call/reply: 8 B  8931 ns/round-trip  (111966 round-trips/s over 20000 calls / 178 ms)
  call/reply: 16 B  8628 ns/round-trip  (115901 round-trips/s over 20000 calls / 172 ms)
  call/reply: 32 B  8590 ns/round-trip  (116409 round-trips/s over 20000 calls / 171 ms)
  call/reply: 64 B  8622 ns/round-trip  (115972 round-trips/s over 20000 calls / 172 ms)
  call/reply: 128 B  8657 ns/round-trip  (115506 round-trips/s over 20000 calls / 173 ms)
  call/reply: 256 B  8686 ns/round-trip  (115114 round-trips/s over 20000 calls / 173 ms)
  call/reply: 8 B  8703 ns/round-trip  (114897 round-trips/s over 20000 calls / 174 ms) [generic path]
  call/reply: 16 B  8670 ns/round-trip  (115336 round-trips/s over 20000 calls / 173 ms) [generic path]
  call/reply: 32 B  8574 ns/round-trip  (116620 round-trips/s over 20000 calls / 171 ms) [generic path]
  call/reply: 64 B  8639 ns/round-trip  (115744 round-trips/s over 20000 calls / 172 ms) [generic path]
  call/reply: 128 B  8665 ns/round-trip  (115396 round-trips/s over 20000 calls / 173 ms) [generic path]
  call/reply: 256 B  8736 ns/round-trip  (114458 round-trips/s over 20000 calls / 174 ms) [generic path]
  call/reply: 32 B  8801 ns/round-trip  (113619 round-trips/s over 20000 calls / 176 ms) [caller outranks server, D1 donates]
  phase table (44 rows; cyc avg/max, min last and a floor; leaf -= NULL, composite -= NULL + k*(NEST-NULL)):
    NULL             15/4660  min=1  n=260000
    NEST             86/25520  min=60  n=260000
    NEST_LOCK        49/40540  min=40  n=260000
    CALL_TOTAL       16219/2615240  min=15540  n=259999
    CALL_VALIDATE    181/42100  min=160  n=260000
    CALL_LOCKED      15743/2614700  min=15080  n=259999
    CALL_RESOLVE     211/15940  min=180  n=260000
    CALL_PEEK        93/21200  min=80  n=260000
    CALL_PROBE       43/28860  min=20  n=259999
    CALL_POP         173/572560  min=140  n=259999
    CALL_COPY        1724/63160  min=1600  n=259999
    CALL_MINT        1382/192840  min=1320  n=259999
    CALL_MINT_CAP    223/99440  min=200  n=259999
    CALL_MINT_INFO   976/52960  min=920  n=259999
    CALL_DONATE      93/21460  min=80  n=19999
    CALL_PARK        388/568620  min=360  n=259999
    CALL_WAKE        10653/2609600  min=10200  n=259999
    CALL_RESUME      100/13480  min=80  n=260000
    CALL_SLOW_TOTAL  444820/444820  min=444820  n=1
    CALL_SLOW_LOCKED 428580/428580  min=428580  n=1
    CALL_SLOW_DONATE 0/0  min=0  n=0
    CALL_SLOW_PARK   327700/327700  min=327700  n=1
    RECV_LOCKED      11320/1357320  min=10820  n=259999
    RECV_RESOLVE     448/548540  min=400  n=260000
    RECV_SCAN        191/603340  min=160  n=259999
    RECV_PARK        10431/1113640  min=9980  n=259999
    REPLY_TOTAL      61192/446540  min=8340  n=13
    REPLY_VALIDATE   6921/37320  min=1920  n=13
    REPLY_LOCKED     2782/447520  min=2620  n=260000
    REPLY_LOOKUP     351/209980  min=320  n=260000
    REPLY_COPY       1633/84860  min=1520  n=260000
    REPLY_FUNNEL     191/63260  min=140  n=260000
    REPLY_WAKE       279/38900  min=200  n=260000
    REPLY_RECV_TOTAL 16013/1752640  min=15340  n=260000
    REPLY_RECV_TAIL  267/99480  min=240  n=259999
    WAKE_UNPARK      111/26800  min=40  n=520012
    PICK_NEXT        53/14980  min=20  n=520064
    SWITCH_TO        18680/358803080  min=9380  n=520013
    SWITCH_BOOK      76/109820  min=40  n=520039
    MPU_APPLY        181/31260  min=140  n=520039
    MPU_COMMIT       0/0  min=0  n=0
    REENT_SEAT       0/0  min=0  n=0
    KTIME_REARM      117/13960  min=100  n=520039
    ARCH_SWITCH      17995/358711260  min=8680  n=520013
  ns-probe: cyc=4294967295 ns=2147975371 capped=0
  sat-probe: width=64 fits+1/0 wide+0/1 max=1000

  throughput: 473591 ctx-sw/s  (2111 ns/sw avg over 40000 switches / 84 ms)
  switch-probe: fastpath-swaps=0  (swapped inside the trap, so not in the switch row)
  switch:    60/80/7660 cyc  30/40/3830 ns  (p50/p99/max, n=40002)
  lock-hold: 1152/2048/40000 cyc  576/1024/20004 ns  (p50/p99/max, n=80247)
  lock-site: core=0 site=0x418288 max=40000
  irq-probe: line=6 raise=inject on=0 raised=100 hcore=none foreign=0 win=0
  irq:       0/0/0 cyc  0/0/0 ns  (p50/max/max, n=0)
  wcase-probe: line=6 raise=inject on=0 raised=100 hcore=none foreign=0 win=0
  wcase-irq[0B]:    0/0/0 cyc  0/0/0 ns  (p50/max/max, n=0)
  wcase-probe: line=6 raise=inject on=0 raised=100 hcore=none foreign=0 win=0
  wcase-irq[64B]:   0/0/0 cyc  0/0/0 ns  (p50/max/max, n=0)
  wcase-probe: line=6 raise=inject on=0 raised=100 hcore=none foreign=0 win=0
  wcase-irq[256B]:  0/0/0 cyc  0/0/0 ns  (p50/max/max, n=0)
  wcase-probe: line=6 raise=inject on=0 raised=100 hcore=none foreign=0 win=0
  wcase-irq[1024B]: 0/0/0 cyc  0/0/0 ns  (p50/max/max, n=0)
  e2e-settle: settled=2/2
  e2e-probe: line=7 closed=1000 dropped=0 tare=290/574 ns  (min/avg, n=64)
  e2e-passes: asked=1000 raised=1000
  e2e-local: 4096/4608/627834 ns  (p50/p99/max, n=1000)
  throughput: 474601 ctx-sw/s  (2107 ns/sw avg over 40000 switches / 84 ms)
  switch-probe: fastpath-swaps=0  (swapped inside the trap, so not in the switch row)
  switch:    60/80/280 cyc  30/40/140 ns  (p50/p99/max, n=40002)
  lock-hold: 1152/2048/24860 cyc  576/1024/12432 ns  (p50/p99/max, n=80248)
  lock-site: core=0 site=0x418288 max=24860
  irq-probe: line=6 raise=inject on=0 raised=100 hcore=none foreign=0 win=0
  irq:       0/0/0 cyc  0/0/0 ns  (p50/max/max, n=0)
  wcase-probe: line=6 raise=inject on=0 raised=100 hcore=none foreign=0 win=0
  wcase-irq[0B]:    0/0/0 cyc  0/0/0 ns  (p50/max/max, n=0)
  wcase-probe: line=6 raise=inject on=0 raised=100 hcore=none foreign=0 win=0
  wcase-irq[64B]:   0/0/0 cyc  0/0/0 ns  (p50/max/max, n=0)
  wcase-probe: line=6 raise=inject on=0 raised=100 hcore=none foreign=0 win=0
  wcase-irq[256B]:  0/0/0 cyc  0/0/0 ns  (p50/max/max, n=0)
  wcase-probe: line=6 raise=inject on=0 raised=100 hcore=none foreign=0 win=0
  wcase-irq[1024B]: 0/0/0 cyc  0/0/0 ns  (p50/max/max, n=0)
  e2e-settle: settled=2/2
  e2e-probe: line=7 closed=1000 dropped=0 tare=290/574 ns  (min/avg, n=64)
  e2e-passes: asked=1000 raised=1000
  e2e-local: 4096/4608/44901 ns  (p50/p99/max, n=1000)
  throughput: 473848 ctx-sw/s  (2110 ns/sw avg over 40000 switches / 84 ms)
  switch-probe: fastpath-swaps=0  (swapped inside the trap, so not in the switch row)
  switch:    60/80/240 cyc  30/40/120 ns  (p50/p99/max, n=40002)
  lock-hold: 1152/2048/35300 cyc  576/1024/17654 ns  (p50/p99/max, n=80248)
  lock-site: core=0 site=0x418288 max=35300
  irq-probe: line=6 raise=inject on=0 raised=100 hcore=none foreign=0 win=0
  irq:       0/0/0 cyc  0/0/0 ns  (p50/max/max, n=0)
  wcase-probe: line=6 raise=inject on=0 raised=100 hcore=none foreign=0 win=0
  wcase-irq[0B]:    0/0/0 cyc  0/0/0 ns  (p50/max/max, n=0)
  wcase-probe: line=6 raise=inject on=0 raised=100 hcore=none foreign=0 win=0
  wcase-irq[64B]:   0/0/0 cyc  0/0/0 ns  (p50/max/max, n=0)
  wcase-probe: line=6 raise=inject on=0 raised=100 hcore=none foreign=0 win=0
  wcase-irq[256B]:  0/0/0 cyc  0/0/0 ns  (p50/max/max, n=0)
  wcase-probe: line=6 raise=inject on=0 raised=100 hcore=none foreign=0 win=0
  wcase-irq[1024B]: 0/0/0 cyc  0/0/0 ns  (p50/max/max, n=0)
  e2e-settle: settled=2/2
  e2e-probe: line=7 closed=1000 dropped=0 tare=290/574 ns  (min/avg, n=64)
  e2e-passes: asked=1000 raised=1000
  e2e-local: 4096/4096/44391 ns  (p50/p99/max, n=1000)
  xtask ping-pong: 7881 ns/switch  (40000 switches / 315 ms)
  xtask call/reply: 16 B  25286 ns/round-trip  (39546 round-trips/s over 20000 calls / 505 ms)
  spawn/exit: thread 44157 ns  (200 reps / 8 ms)
  spawn/exit: task 88560 ns  (200 reps / 17 ms)
bench: done

KICKOS-EXIT status 0
POLL_OK=1 POLL_MS=4800
