[2J[001;001H[=3h[2J[001;001H[2J[001;001H[8;042;160t[2J[001;001H[2J[001;001H[8;056;240t[2J[001;001HBdsDxe: loading Boot0002 "UEFI QEMU HARDDISK QM00001 " from PciRoot(0x0)/Pci(0x1F,0x2)/Sata(0x0,0xFFFF,0x0)
BdsDxe: starting Boot0002 "UEFI QEMU HARDDISK QM00001 " from PciRoot(0x0)/Pci(0x1F,0x2)/Sata(0x0,0xFFFF,0x0)

KICKOS-X1 8c41d7a2 x86_64/q35 uefi-handover entry
KICKOS-X1 8c41d7a2 x86_64/q35 uefi-handover handover if=1 paging=1 longmode=1 root=1 wp=1 nx=1 nxcap=1
KICKOS-X1 8c41d7a2 x86_64/q35 uefi-handover if_after_cli=0
KICKOS-X1 8c41d7a2 x86_64/q35 uefi-handover firmware=Debian distribution of EDK II
KICKOS-X1 8c41d7a2 x86_64/q35 uefi-handover revision=0x0000000000020046
KICKOS-X1 8c41d7a2 x86_64/q35 uefi-handover map descriptors=109 stride=48 version=1 conventional_pages=117666 arena=0x0000000001800000 arena_pages=107372
KICKOS-X1 8c41d7a2 x86_64/q35 uefi-handover fp found em=0 ts=0 mp=1 osfxsr=1 osxmmexcpt=1 osxsave=0
KICKOS-X1 8c41d7a2 x86_64/q35 uefi-handover fp trapped em=1 ts=1 mp=1 osfxsr=0 osxmmexcpt=0 osxsave=0
KICKOS-X1 8c41d7a2 x86_64/q35 uefi-handover boot services left
KICKOS-X1 8c41d7a2 x86_64/q35 uefi-handover if_after_exit=0
x86_64 app relocation: base=0x0000000000400000 load_delta=0x0000000000000000 app_words=0

  ==============================================
   KickOS 0.5.1  -  microkernel RTOS
  ==============================================
   board   qemu-x86_64
   arch    x86_64
   cpu     x86-64
   mpu     off
   sched   tickless
   build   2026-09-30 10:52:05 +0200
   app     Sep 30 2026 10:49:57 +0200
   commit  af2c68d6
   heap    none
   kstack  4096 B x 33 = 135168 B

microbenchmark: context-switch throughput (all arches) + per-switch cost
+ IRQ-entry latency where a cycle counter exists. Reporter woken by the
workload, not a timer. Telemetry OFF for clean numbers.
cycle counter: 1999014168 Hz (0 = no rate converts a reading; cycles only)

  lock-probe: hold+1 core=0 depth=0  (three nested, one outermost)
  call/reply: 8 B  7809 ns/round-trip  (128053 round-trips/s over 20000 calls / 156 ms)
  call/reply: 16 B  7890 ns/round-trip  (126729 round-trips/s over 20000 calls / 157 ms)
  call/reply: 32 B  7762 ns/round-trip  (128816 round-trips/s over 20000 calls / 155 ms)
  call/reply: 64 B  7708 ns/round-trip  (129723 round-trips/s over 20000 calls / 154 ms)
  call/reply: 128 B  7690 ns/round-trip  (130033 round-trips/s over 20000 calls / 153 ms)
  call/reply: 256 B  7807 ns/round-trip  (128075 round-trips/s over 20000 calls / 156 ms)
  call/reply: 8 B  7609 ns/round-trip  (131406 round-trips/s over 20000 calls / 152 ms) [generic path]
  call/reply: 16 B  7649 ns/round-trip  (130730 round-trips/s over 20000 calls / 152 ms) [generic path]
  call/reply: 32 B  7613 ns/round-trip  (131346 round-trips/s over 20000 calls / 152 ms) [generic path]
  call/reply: 64 B  7648 ns/round-trip  (130743 round-trips/s over 20000 calls / 152 ms) [generic path]
  call/reply: 128 B  7740 ns/round-trip  (129183 round-trips/s over 20000 calls / 154 ms) [generic path]
  call/reply: 256 B  7869 ns/round-trip  (127072 round-trips/s over 20000 calls / 157 ms) [generic path]
  call/reply: 32 B  7827 ns/round-trip  (127752 round-trips/s over 20000 calls / 156 ms) [caller outranks server, D1 donates]
  phase table (44 rows; cyc avg/max, min last and a floor; leaf -= NULL, composite -= NULL + k*(NEST-NULL)):
    NULL             15/4560  min=1  n=260000
    NEST             83/25160  min=60  n=260000
    NEST_LOCK        104/41700  min=80  n=260000
    CALL_TOTAL       14582/2624500  min=13900  n=259999
    CALL_VALIDATE    133/15000  min=120  n=260000
    CALL_LOCKED      14210/2623580  min=13540  n=259999
    CALL_RESOLVE     169/23420  min=140  n=260000
    CALL_PEEK        82/21520  min=60  n=260000
    CALL_PROBE       84/28680  min=80  n=259999
    CALL_POP         71/37700  min=60  n=259999
    CALL_COPY        1391/57060  min=1260  n=259999
    CALL_MINT        1422/190940  min=1340  n=259999
    CALL_MINT_CAP    315/98560  min=280  n=259999
    CALL_MINT_INFO   957/130580  min=880  n=259999
    CALL_DONATE      96/21640  min=80  n=19999
    CALL_PARK        239/61940  min=200  n=259999
    CALL_WAKE        9762/2619220  min=9280  n=259999
    CALL_RESUME      88/14160  min=80  n=260000
    CALL_SLOW_TOTAL  437880/437880  min=437880  n=1
    CALL_SLOW_LOCKED 420940/420940  min=420940  n=1
    CALL_SLOW_DONATE 0/0  min=0  n=0
    CALL_SLOW_PARK   320780/320780  min=320780  n=1
    RECV_LOCKED      9611/1334760  min=9200  n=259999
    RECV_RESOLVE     380/117260  min=340  n=260000
    RECV_SCAN        105/36980  min=80  n=259999
    RECV_PARK        8831/1135440  min=8480  n=259999
    REPLY_TOTAL      46833/261880  min=5540  n=13
    REPLY_VALIDATE   6538/35600  min=760  n=13
    REPLY_LOCKED     2672/415920  min=2480  n=260000
    REPLY_LOOKUP     335/213440  min=300  n=260000
    REPLY_COPY       1547/46880  min=1420  n=260000
    REPLY_FUNNEL     138/64240  min=100  n=260000
    REPLY_WAKE       287/30340  min=260  n=260000
    REPLY_RECV_TOTAL 13968/1732280  min=13320  n=260000
    REPLY_RECV_TAIL  401/99160  min=360  n=259999
    WAKE_UNPARK      67/32300  min=40  n=520012
    PICK_NEXT        43/14580  min=20  n=520064
    SWITCH_TO        16625/315790860  min=8020  n=520013
    SWITCH_BOOK      114/37760  min=100  n=520039
    MPU_APPLY        105/31340  min=80  n=520039
    MPU_COMMIT       0/0  min=0  n=0
    REENT_SEAT       0/0  min=0  n=0
    KTIME_REARM      63/497920  min=40  n=520039
    ARCH_SWITCH      16004/315788440  min=7440  n=520013
  ns-probe: cyc=4294967295 ns=2148542698 capped=0
  sat-probe: width=64 fits+1/0 wide+0/1 max=1000

  throughput: 498585 ctx-sw/s  (2005 ns/sw avg over 40000 switches / 80 ms)
  switch-probe: fastpath-swaps=0  (swapped inside the trap, so not in the switch row)
  switch:    60/80/220 cyc  30/40/110 ns  (p50/p99/max, n=40002)
  lock-hold: 1152/1792/40600 cyc  576/896/20310 ns  (p50/p99/max, n=80245)
  lock-site: core=0 site=0x417d18 max=40600
  irq-probe: line=6 raise=inject on=0 raised=100 hcore=none foreign=0 win=0
  irq:       0/0/0 cyc  0/0/0 ns  (p50/max/max, n=0)
  wcase-probe: line=6 raise=inject on=0 raised=100 hcore=none foreign=0 win=0
  wcase-irq[0B]:    0/0/0 cyc  0/0/0 ns  (p50/max/max, n=0)
  wcase-probe: line=6 raise=inject on=0 raised=100 hcore=none foreign=0 win=0
  wcase-irq[64B]:   0/0/0 cyc  0/0/0 ns  (p50/max/max, n=0)
  wcase-probe: line=6 raise=inject on=0 raised=100 hcore=none foreign=0 win=0
  wcase-irq[256B]:  0/0/0 cyc  0/0/0 ns  (p50/max/max, n=0)
  wcase-probe: line=6 raise=inject on=0 raised=100 hcore=none foreign=0 win=0
  wcase-irq[1024B]: 0/0/0 cyc  0/0/0 ns  (p50/max/max, n=0)
  e2e-settle: settled=2/2
  e2e-probe: line=7 closed=1000 dropped=0 tare=270/552 ns  (min/avg, n=64)
  e2e-passes: asked=1000 raised=1000
  e2e-local: 4096/4096/616523 ns  (p50/p99/max, n=1000)
  throughput: 494629 ctx-sw/s  (2021 ns/sw avg over 40000 switches / 80 ms)
  switch-probe: fastpath-swaps=0  (swapped inside the trap, so not in the switch row)
  switch:    60/80/5360 cyc  30/40/2681 ns  (p50/p99/max, n=40002)
  lock-hold: 1152/2304/42700 cyc  576/1152/21360 ns  (p50/p99/max, n=80250)
  lock-site: core=0 site=0x417d18 max=42700
  irq-probe: line=6 raise=inject on=0 raised=100 hcore=none foreign=0 win=0
  irq:       0/0/0 cyc  0/0/0 ns  (p50/max/max, n=0)
  wcase-probe: line=6 raise=inject on=0 raised=100 hcore=none foreign=0 win=0
  wcase-irq[0B]:    0/0/0 cyc  0/0/0 ns  (p50/max/max, n=0)
  wcase-probe: line=6 raise=inject on=0 raised=100 hcore=none foreign=0 win=0
  wcase-irq[64B]:   0/0/0 cyc  0/0/0 ns  (p50/max/max, n=0)
  wcase-probe: line=6 raise=inject on=0 raised=100 hcore=none foreign=0 win=0
  wcase-irq[256B]:  0/0/0 cyc  0/0/0 ns  (p50/max/max, n=0)
  wcase-probe: line=6 raise=inject on=0 raised=100 hcore=none foreign=0 win=0
  wcase-irq[1024B]: 0/0/0 cyc  0/0/0 ns  (p50/max/max, n=0)
  e2e-settle: settled=2/2
  e2e-probe: line=7 closed=1000 dropped=0 tare=270/552 ns  (min/avg, n=64)
  e2e-passes: asked=1000 raised=1000
  e2e-local: 4096/4096/40019 ns  (p50/p99/max, n=1000)
  throughput: 499537 ctx-sw/s  (2001 ns/sw avg over 40000 switches / 80 ms)
  switch-probe: fastpath-swaps=0  (swapped inside the trap, so not in the switch row)
  switch:    60/80/2600 cyc  30/40/1300 ns  (p50/p99/max, n=40002)
  lock-hold: 1152/1792/33140 cyc  576/896/16578 ns  (p50/p99/max, n=80250)
  lock-site: core=0 site=0x417d18 max=33140
  irq-probe: line=6 raise=inject on=0 raised=100 hcore=none foreign=0 win=0
  irq:       0/0/0 cyc  0/0/0 ns  (p50/max/max, n=0)
  wcase-probe: line=6 raise=inject on=0 raised=100 hcore=none foreign=0 win=0
  wcase-irq[0B]:    0/0/0 cyc  0/0/0 ns  (p50/max/max, n=0)
  wcase-probe: line=6 raise=inject on=0 raised=100 hcore=none foreign=0 win=0
  wcase-irq[64B]:   0/0/0 cyc  0/0/0 ns  (p50/max/max, n=0)
  wcase-probe: line=6 raise=inject on=0 raised=100 hcore=none foreign=0 win=0
  wcase-irq[256B]:  0/0/0 cyc  0/0/0 ns  (p50/max/max, n=0)
  wcase-probe: line=6 raise=inject on=0 raised=100 hcore=none foreign=0 win=0
  wcase-irq[1024B]: 0/0/0 cyc  0/0/0 ns  (p50/max/max, n=0)
  e2e-settle: settled=2/2
  e2e-probe: line=7 closed=1000 dropped=0 tare=270/552 ns  (min/avg, n=64)
  e2e-passes: asked=1000 raised=1000
  e2e-local: 4096/4096/39700 ns  (p50/p99/max, n=1000)
  xtask ping-pong: 7503 ns/switch  (40000 switches / 300 ms)
  xtask call/reply: 16 B  24381 ns/round-trip  (41013 round-trips/s over 20000 calls / 487 ms)
  spawn/exit: thread 40233 ns  (200 reps / 8 ms)
  spawn/exit: task 89618 ns  (200 reps / 17 ms)
bench: done

KICKOS-EXIT status 0
POLL_OK=1 POLL_MS=4600
