[2J[001;001H[=3h[2J[001;001H[2J[001;001H[8;042;160t[2J[001;001H[2J[001;001H[8;056;240t[2J[001;001HBdsDxe: loading Boot0002 "UEFI QEMU HARDDISK QM00001 " from PciRoot(0x0)/Pci(0x1F,0x2)/Sata(0x0,0xFFFF,0x0)
BdsDxe: starting Boot0002 "UEFI QEMU HARDDISK QM00001 " from PciRoot(0x0)/Pci(0x1F,0x2)/Sata(0x0,0xFFFF,0x0)

KICKOS-X1 8c41d7a2 x86_64/q35 uefi-handover entry
KICKOS-X1 8c41d7a2 x86_64/q35 uefi-handover handover if=1 paging=1 longmode=1 root=1 wp=1 nx=1 nxcap=1
KICKOS-X1 8c41d7a2 x86_64/q35 uefi-handover if_after_cli=0
KICKOS-X1 8c41d7a2 x86_64/q35 uefi-handover firmware=Debian distribution of EDK II
KICKOS-X1 8c41d7a2 x86_64/q35 uefi-handover revision=0x0000000000020046
KICKOS-X1 8c41d7a2 x86_64/q35 uefi-handover map descriptors=109 stride=48 version=1 conventional_pages=117679 arena=0x0000000001800000 arena_pages=107372
KICKOS-X1 8c41d7a2 x86_64/q35 uefi-handover fp found em=0 ts=0 mp=1 osfxsr=1 osxmmexcpt=1 osxsave=0
KICKOS-X1 8c41d7a2 x86_64/q35 uefi-handover fp trapped em=1 ts=1 mp=1 osfxsr=0 osxmmexcpt=0 osxsave=0
KICKOS-X1 8c41d7a2 x86_64/q35 uefi-handover boot services left
KICKOS-X1 8c41d7a2 x86_64/q35 uefi-handover if_after_exit=0
x86_64 app relocation: base=0x0000000000400000 load_delta=0x0000000000000000 app_words=0

  ==============================================
   KickOS 0.5.1  -  microkernel RTOS
  ==============================================
   board   qemu-x86_64
   arch    x86_64
   cpu     x86-64
   mpu     off
   sched   tickless
   build   2026-09-30 09:45:54 +0200
   app     Sep 30 2026 09:45:54 +0200
   commit  10deab0c
   heap    none
   kstack  4096 B x 33 = 135168 B

microbenchmark: context-switch throughput (all arches) + per-switch cost
+ IRQ-entry latency where a cycle counter exists. Reporter woken by the
workload, not a timer. Telemetry OFF for clean numbers.
cycle counter: 1999549906 Hz (0 = no rate converts a reading; cycles only)

  lock-probe: hold+1 core=0 depth=0  (three nested, one outermost)
  call/reply: 8 B  8260 ns/round-trip  (121051 round-trips/s over 20000 calls / 165 ms)
  call/reply: 16 B  7984 ns/round-trip  (125240 round-trips/s over 20000 calls / 159 ms)
  call/reply: 32 B  8004 ns/round-trip  (124933 round-trips/s over 20000 calls / 160 ms)
  call/reply: 64 B  8030 ns/round-trip  (124521 round-trips/s over 20000 calls / 160 ms)
  call/reply: 128 B  8072 ns/round-trip  (123876 round-trips/s over 20000 calls / 161 ms)
  call/reply: 256 B  8120 ns/round-trip  (123138 round-trips/s over 20000 calls / 162 ms)
  call/reply: 8 B  7888 ns/round-trip  (126765 round-trips/s over 20000 calls / 157 ms) [generic path]
  call/reply: 16 B  7935 ns/round-trip  (126015 round-trips/s over 20000 calls / 158 ms) [generic path]
  call/reply: 32 B  7964 ns/round-trip  (125561 round-trips/s over 20000 calls / 159 ms) [generic path]
  call/reply: 64 B  8664 ns/round-trip  (115414 round-trips/s over 20000 calls / 173 ms) [generic path]
  call/reply: 128 B  7992 ns/round-trip  (125116 round-trips/s over 20000 calls / 159 ms) [generic path]
  call/reply: 256 B  8103 ns/round-trip  (123399 round-trips/s over 20000 calls / 162 ms) [generic path]
  call/reply: 32 B  8253 ns/round-trip  (121157 round-trips/s over 20000 calls / 165 ms) [caller outranks server, D1 donates]
  phase table (44 rows; cyc avg/max, min last and a floor; leaf -= NULL, composite -= NULL + k*(NEST-NULL)):
    NULL             15/4660  min=1  n=260000
    NEST             86/26600  min=79  n=260000
    NEST_LOCK        48/41660  min=40  n=260000
    CALL_TOTAL       15103/2216880  min=14360  n=259999
    CALL_VALIDATE    170/89400  min=140  n=260000
    CALL_LOCKED      14590/2179300  min=13859  n=259999
    CALL_RESOLVE     219/32360  min=200  n=260000
    CALL_PEEK        50/31000  min=20  n=260000
    CALL_PROBE       86/28440  min=60  n=259999
    CALL_POP         124/40780  min=100  n=259999
    CALL_COPY        1531/95480  min=1400  n=259999
    CALL_MINT        1418/195720  min=1280  n=259999
    CALL_MINT_CAP    376/100700  min=320  n=259999
    CALL_MINT_INFO   898/61800  min=820  n=259999
    CALL_DONATE      146/20740  min=100  n=19999
    CALL_PARK        251/64960  min=220  n=259999
    CALL_WAKE        9912/2174420  min=9380  n=259999
    CALL_RESUME      156/19760  min=120  n=260000
    CALL_SLOW_TOTAL  465840/465840  min=465840  n=1
    CALL_SLOW_LOCKED 448080/448080  min=448080  n=1
    CALL_SLOW_DONATE 0/0  min=0  n=0
    CALL_SLOW_PARK   339640/339640  min=339640  n=1
    RECV_LOCKED      10174/1293180  min=9620  n=259999
    RECV_RESOLVE     254/89620  min=220  n=260000
    RECV_SCAN        151/40540  min=100  n=259999
    RECV_PARK        9525/1116240  min=9000  n=259999
    REPLY_TOTAL      57684/402240  min=9620  n=13
    REPLY_VALIDATE   7001/31760  min=1820  n=13
    REPLY_LOCKED     2586/529300  min=2380  n=260000
    REPLY_LOOKUP     319/266920  min=280  n=260000
    REPLY_COPY       1552/68020  min=1400  n=260000
    REPLY_FUNNEL     198/100240  min=160  n=260000
    REPLY_WAKE       224/39400  min=200  n=260000
    REPLY_RECV_TOTAL 14676/1679140  min=13920  n=260000
    REPLY_RECV_TAIL  436/101060  min=380  n=259999
    WAKE_UNPARK      64/27320  min=40  n=520012
    PICK_NEXT        46/27020  min=20  n=520064
    SWITCH_TO        17373/346918220  min=8520  n=520013
    SWITCH_BOOK      68/73680  min=40  n=520039
    MPU_APPLY        108/15780  min=80  n=520039
    MPU_COMMIT       0/0  min=0  n=0
    REENT_SEAT       0/0  min=0  n=0
    KTIME_REARM      68/27080  min=40  n=520039
    ARCH_SWITCH      16822/346916000  min=7960  n=520013
  ns-probe: cyc=4294967295 ns=2147967041 capped=0
  sat-probe: width=64 fits+1/0 wide+0/1 max=1000

  throughput: 505241 ctx-sw/s  (1979 ns/sw avg over 40000 switches / 79 ms)
  switch-probe: fastpath-swaps=0  (swapped inside the trap, so not in the switch row)
  switch:    60/80/620 cyc  30/40/310 ns  (p50/p99/max, n=40002)
  lock-hold: 1024/1792/124440 cyc  512/896/62234 ns  (p50/p99/max, n=80245)
  lock-site: core=0 site=0x416918 max=124440
  irq-probe: line=6 raise=inject on=0 raised=100 hcore=none foreign=0 win=0
  irq:       0/0/0 cyc  0/0/0 ns  (p50/max/max, n=0)
  wcase-probe: line=6 raise=inject on=0 raised=100 hcore=none foreign=0 win=0
  wcase-irq[0B]:    0/0/0 cyc  0/0/0 ns  (p50/max/max, n=0)
  wcase-probe: line=6 raise=inject on=0 raised=100 hcore=none foreign=0 win=0
  wcase-irq[64B]:   0/0/0 cyc  0/0/0 ns  (p50/max/max, n=0)
  wcase-probe: line=6 raise=inject on=0 raised=100 hcore=none foreign=0 win=0
  wcase-irq[256B]:  0/0/0 cyc  0/0/0 ns  (p50/max/max, n=0)
  wcase-probe: line=6 raise=inject on=0 raised=100 hcore=none foreign=0 win=0
  wcase-irq[1024B]: 0/0/0 cyc  0/0/0 ns  (p50/max/max, n=0)
  e2e-settle: settled=2/2
  e2e-probe: line=7 closed=1000 dropped=0 tare=290/560 ns  (min/avg, n=64)
  e2e-passes: asked=1000 raised=1000
  e2e-local: 4096/4096/606086 ns  (p50/p99/max, n=1000)
  throughput: 507498 ctx-sw/s  (1970 ns/sw avg over 40000 switches / 78 ms)
  switch-probe: fastpath-swaps=0  (swapped inside the trap, so not in the switch row)
  switch:    60/80/380 cyc  30/40/190 ns  (p50/p99/max, n=40002)
  lock-hold: 1024/1792/15660 cyc  512/896/7831 ns  (p50/p99/max, n=80248)
  lock-site: core=0 site=0x409dac max=15660
  irq-probe: line=6 raise=inject on=0 raised=100 hcore=none foreign=0 win=0
  irq:       0/0/0 cyc  0/0/0 ns  (p50/max/max, n=0)
  wcase-probe: line=6 raise=inject on=0 raised=100 hcore=none foreign=0 win=0
  wcase-irq[0B]:    0/0/0 cyc  0/0/0 ns  (p50/max/max, n=0)
  wcase-probe: line=6 raise=inject on=0 raised=100 hcore=none foreign=0 win=0
  wcase-irq[64B]:   0/0/0 cyc  0/0/0 ns  (p50/max/max, n=0)
  wcase-probe: line=6 raise=inject on=0 raised=100 hcore=none foreign=0 win=0
  wcase-irq[256B]:  0/0/0 cyc  0/0/0 ns  (p50/max/max, n=0)
  wcase-probe: line=6 raise=inject on=0 raised=100 hcore=none foreign=0 win=0
  wcase-irq[1024B]: 0/0/0 cyc  0/0/0 ns  (p50/max/max, n=0)
  e2e-settle: settled=2/2
  e2e-probe: line=7 closed=1000 dropped=0 tare=290/560 ns  (min/avg, n=64)
  e2e-passes: asked=1000 raised=1000
  e2e-local: 4096/4608/53002 ns  (p50/p99/max, n=1000)
  throughput: 510039 ctx-sw/s  (1960 ns/sw avg over 40000 switches / 78 ms)
  switch-probe: fastpath-swaps=0  (swapped inside the trap, so not in the switch row)
  switch:    60/80/240 cyc  30/40/120 ns  (p50/p99/max, n=40002)
  lock-hold: 960/1792/12840 cyc  480/896/6421 ns  (p50/p99/max, n=80248)
  lock-site: core=0 site=0x409dac max=12840
  irq-probe: line=6 raise=inject on=0 raised=100 hcore=none foreign=0 win=0
  irq:       0/0/0 cyc  0/0/0 ns  (p50/max/max, n=0)
  wcase-probe: line=6 raise=inject on=0 raised=100 hcore=none foreign=0 win=0
  wcase-irq[0B]:    0/0/0 cyc  0/0/0 ns  (p50/max/max, n=0)
  wcase-probe: line=6 raise=inject on=0 raised=100 hcore=none foreign=0 win=0
  wcase-irq[64B]:   0/0/0 cyc  0/0/0 ns  (p50/max/max, n=0)
  wcase-probe: line=6 raise=inject on=0 raised=100 hcore=none foreign=0 win=0
  wcase-irq[256B]:  0/0/0 cyc  0/0/0 ns  (p50/max/max, n=0)
  wcase-probe: line=6 raise=inject on=0 raised=100 hcore=none foreign=0 win=0
  wcase-irq[1024B]: 0/0/0 cyc  0/0/0 ns  (p50/max/max, n=0)
  e2e-settle: settled=2/2
  e2e-probe: line=7 closed=1000 dropped=0 tare=290/560 ns  (min/avg, n=64)
  e2e-passes: asked=1000 raised=1000
  e2e-local: 4096/4096/49431 ns  (p50/p99/max, n=1000)
  xtask ping-pong: 7573 ns/switch  (40000 switches / 302 ms)
  xtask call/reply: 16 B  24688 ns/round-trip  (40504 round-trips/s over 20000 calls / 493 ms)
  spawn/exit: thread 39128 ns  (200 reps / 7 ms)
  spawn/exit: task 87687 ns  (200 reps / 17 ms)
bench: done

KICKOS-EXIT status 0
POLL_OK=1 POLL_MS=4600
