[2J[001;001H[=3h[2J[001;001H[2J[001;001H[8;042;160t[2J[001;001H[2J[001;001H[8;056;240t[2J[001;001HBdsDxe: loading Boot0002 "UEFI QEMU HARDDISK QM00001 " from PciRoot(0x0)/Pci(0x1F,0x2)/Sata(0x0,0xFFFF,0x0)
BdsDxe: starting Boot0002 "UEFI QEMU HARDDISK QM00001 " from PciRoot(0x0)/Pci(0x1F,0x2)/Sata(0x0,0xFFFF,0x0)

KICKOS-X1 8c41d7a2 x86_64/q35 uefi-handover entry
KICKOS-X1 8c41d7a2 x86_64/q35 uefi-handover handover if=1 paging=1 longmode=1 root=1 wp=1 nx=1 nxcap=1
KICKOS-X1 8c41d7a2 x86_64/q35 uefi-handover if_after_cli=0
KICKOS-X1 8c41d7a2 x86_64/q35 uefi-handover firmware=Debian distribution of EDK II
KICKOS-X1 8c41d7a2 x86_64/q35 uefi-handover revision=0x0000000000020046
KICKOS-X1 8c41d7a2 x86_64/q35 uefi-handover map descriptors=109 stride=48 version=1 conventional_pages=117666 arena=0x0000000001800000 arena_pages=107372
KICKOS-X1 8c41d7a2 x86_64/q35 uefi-handover fp found em=0 ts=0 mp=1 osfxsr=1 osxmmexcpt=1 osxsave=0
KICKOS-X1 8c41d7a2 x86_64/q35 uefi-handover fp trapped em=1 ts=1 mp=1 osfxsr=0 osxmmexcpt=0 osxsave=0
KICKOS-X1 8c41d7a2 x86_64/q35 uefi-handover boot services left
KICKOS-X1 8c41d7a2 x86_64/q35 uefi-handover if_after_exit=0
x86_64 app relocation: base=0x0000000000400000 load_delta=0x0000000000000000 app_words=0

  ==============================================
   KickOS 0.5.1  -  microkernel RTOS
  ==============================================
   board   qemu-x86_64
   arch    x86_64
   cpu     x86-64
   mpu     off
   sched   tickless
   build   2026-09-30 10:52:05 +0200
   app     Sep 30 2026 10:49:57 +0200
   commit  af2c68d6
   heap    none
   kstack  4096 B x 33 = 135168 B

microbenchmark: context-switch throughput (all arches) + per-switch cost
+ IRQ-entry latency where a cycle counter exists. Reporter woken by the
workload, not a timer. Telemetry OFF for clean numbers.
cycle counter: 1998520787 Hz (0 = no rate converts a reading; cycles only)

  lock-probe: hold+1 core=0 depth=0  (three nested, one outermost)
  call/reply: 8 B  7798 ns/round-trip  (128227 round-trips/s over 20000 calls / 155 ms)
  call/reply: 16 B  7760 ns/round-trip  (128859 round-trips/s over 20000 calls / 155 ms)
  call/reply: 32 B  7748 ns/round-trip  (129064 round-trips/s over 20000 calls / 154 ms)
  call/reply: 64 B  7768 ns/round-trip  (128727 round-trips/s over 20000 calls / 155 ms)
  call/reply: 128 B  7790 ns/round-trip  (128364 round-trips/s over 20000 calls / 155 ms)
  call/reply: 256 B  7834 ns/round-trip  (127646 round-trips/s over 20000 calls / 156 ms)
  call/reply: 8 B  7666 ns/round-trip  (130442 round-trips/s over 20000 calls / 153 ms) [generic path]
  call/reply: 16 B  7686 ns/round-trip  (130097 round-trips/s over 20000 calls / 153 ms) [generic path]
  call/reply: 32 B  7682 ns/round-trip  (130158 round-trips/s over 20000 calls / 153 ms) [generic path]
  call/reply: 64 B  7788 ns/round-trip  (128392 round-trips/s over 20000 calls / 155 ms) [generic path]
  call/reply: 128 B  7871 ns/round-trip  (127035 round-trips/s over 20000 calls / 157 ms) [generic path]
  call/reply: 256 B  7894 ns/round-trip  (126676 round-trips/s over 20000 calls / 157 ms) [generic path]
  call/reply: 32 B  7989 ns/round-trip  (125161 round-trips/s over 20000 calls / 159 ms) [caller outranks server, D1 donates]
  phase table (44 rows; cyc avg/max, min last and a floor; leaf -= NULL, composite -= NULL + k*(NEST-NULL)):
    NULL             15/4540  min=1  n=260000
    NEST             82/29480  min=60  n=260000
    NEST_LOCK        107/60240  min=100  n=260000
    CALL_TOTAL       14636/2541700  min=14100  n=259999
    CALL_VALIDATE    137/15120  min=120  n=260000
    CALL_LOCKED      14253/2540780  min=13720  n=259999
    CALL_RESOLVE     176/16100  min=140  n=260000
    CALL_PEEK        82/21480  min=60  n=260000
    CALL_PROBE       84/27440  min=80  n=259999
    CALL_POP         71/49680  min=60  n=259999
    CALL_COPY        1383/58140  min=1260  n=259999
    CALL_MINT        1437/228260  min=1360  n=259999
    CALL_MINT_CAP    329/135260  min=280  n=259999
    CALL_MINT_INFO   956/68020  min=900  n=259999
    CALL_DONATE      96/21000  min=80  n=19999
    CALL_PARK        242/61360  min=220  n=259999
    CALL_WAKE        9785/2536300  min=9400  n=259999
    CALL_RESUME      103/13780  min=40  n=260000
    CALL_SLOW_TOTAL  439480/439480  min=439480  n=1
    CALL_SLOW_LOCKED 422080/422080  min=422080  n=1
    CALL_SLOW_DONATE 0/0  min=0  n=0
    CALL_SLOW_PARK   322780/322780  min=322780  n=1
    RECV_LOCKED      9719/1339480  min=9320  n=259999
    RECV_RESOLVE     374/117920  min=340  n=260000
    RECV_SCAN        105/38000  min=80  n=259999
    RECV_PARK        8945/1140640  min=8560  n=259999
    REPLY_TOTAL      48495/328060  min=5320  n=13
    REPLY_VALIDATE   4523/31460  min=740  n=13
    REPLY_LOCKED     2636/409320  min=2460  n=260000
    REPLY_LOOKUP     335/209040  min=300  n=260000
    REPLY_COPY       1521/95200  min=1400  n=260000
    REPLY_FUNNEL     126/63560  min=100  n=260000
    REPLY_WAKE       285/41100  min=260  n=260000
    REPLY_RECV_TOTAL 14045/1733140  min=13480  n=260000
    REPLY_RECV_TAIL  408/98340  min=360  n=259999
    WAKE_UNPARK      71/26600  min=40  n=520012
    PICK_NEXT        43/19900  min=20  n=520064
    SWITCH_TO        16734/319642000  min=8100  n=520013
    SWITCH_BOOK      114/67600  min=100  n=520039
    MPU_APPLY        105/53160  min=80  n=520039
    MPU_COMMIT       0/0  min=0  n=0
    REENT_SEAT       0/0  min=0  n=0
    KTIME_REARM      62/109540  min=40  n=520039
    ARCH_SWITCH      16107/319639880  min=7500  n=520013
  ns-probe: cyc=4294967295 ns=2149073115 capped=0
  sat-probe: width=64 fits+1/0 wide+0/1 max=1000

  throughput: 487543 ctx-sw/s  (2051 ns/sw avg over 40000 switches / 82 ms)
  switch-probe: fastpath-swaps=0  (swapped inside the trap, so not in the switch row)
  switch:    60/160/820 cyc  30/80/410 ns  (p50/p99/max, n=40002)
  lock-hold: 1664/2048/69800 cyc  832/1024/34925 ns  (p50/p99/max, n=80246)
  lock-site: core=0 site=0x417d18 max=69800
  irq-probe: line=6 raise=inject on=0 raised=100 hcore=none foreign=0 win=0
  irq:       0/0/0 cyc  0/0/0 ns  (p50/max/max, n=0)
  wcase-probe: line=6 raise=inject on=0 raised=100 hcore=none foreign=0 win=0
  wcase-irq[0B]:    0/0/0 cyc  0/0/0 ns  (p50/max/max, n=0)
  wcase-probe: line=6 raise=inject on=0 raised=100 hcore=none foreign=0 win=0
  wcase-irq[64B]:   0/0/0 cyc  0/0/0 ns  (p50/max/max, n=0)
  wcase-probe: line=6 raise=inject on=0 raised=100 hcore=none foreign=0 win=0
  wcase-irq[256B]:  0/0/0 cyc  0/0/0 ns  (p50/max/max, n=0)
  wcase-probe: line=6 raise=inject on=0 raised=100 hcore=none foreign=0 win=0
  wcase-irq[1024B]: 0/0/0 cyc  0/0/0 ns  (p50/max/max, n=0)
  e2e-settle: settled=2/2
  e2e-probe: line=7 closed=1000 dropped=0 tare=280/562 ns  (min/avg, n=64)
  e2e-passes: asked=1000 raised=1000
  e2e-local: 4096/5120/618408 ns  (p50/p99/max, n=1000)
  throughput: 500856 ctx-sw/s  (1996 ns/sw avg over 40000 switches / 79 ms)
  switch-probe: fastpath-swaps=0  (swapped inside the trap, so not in the switch row)
  switch:    60/80/10160 cyc  30/40/5083 ns  (p50/p99/max, n=40002)
  lock-hold: 1152/1792/34580 cyc  576/896/17302 ns  (p50/p99/max, n=80251)
  lock-site: core=0 site=0x417d18 max=34580
  irq-probe: line=6 raise=inject on=0 raised=100 hcore=none foreign=0 win=0
  irq:       0/0/0 cyc  0/0/0 ns  (p50/max/max, n=0)
  wcase-probe: line=6 raise=inject on=0 raised=100 hcore=none foreign=0 win=0
  wcase-irq[0B]:    0/0/0 cyc  0/0/0 ns  (p50/max/max, n=0)
  wcase-probe: line=6 raise=inject on=0 raised=100 hcore=none foreign=0 win=0
  wcase-irq[64B]:   0/0/0 cyc  0/0/0 ns  (p50/max/max, n=0)
  wcase-probe: line=6 raise=inject on=0 raised=100 hcore=none foreign=0 win=0
  wcase-irq[256B]:  0/0/0 cyc  0/0/0 ns  (p50/max/max, n=0)
  wcase-probe: line=6 raise=inject on=0 raised=100 hcore=none foreign=0 win=0
  wcase-irq[1024B]: 0/0/0 cyc  0/0/0 ns  (p50/max/max, n=0)
  e2e-settle: settled=2/2
  e2e-probe: line=7 closed=1000 dropped=0 tare=280/562 ns  (min/avg, n=64)
  e2e-passes: asked=1000 raised=1000
  e2e-local: 4096/4096/49717 ns  (p50/p99/max, n=1000)
  throughput: 503020 ctx-sw/s  (1987 ns/sw avg over 40000 switches / 79 ms)
  switch-probe: fastpath-swaps=0  (swapped inside the trap, so not in the switch row)
  switch:    60/80/100 cyc  30/40/50 ns  (p50/p99/max, n=40002)
  lock-hold: 768/1792/15020 cyc  384/896/7515 ns  (p50/p99/max, n=80247)
  lock-site: core=0 site=0x417d18 max=15020
  irq-probe: line=6 raise=inject on=0 raised=100 hcore=none foreign=0 win=0
  irq:       0/0/0 cyc  0/0/0 ns  (p50/max/max, n=0)
  wcase-probe: line=6 raise=inject on=0 raised=100 hcore=none foreign=0 win=0
  wcase-irq[0B]:    0/0/0 cyc  0/0/0 ns  (p50/max/max, n=0)
  wcase-probe: line=6 raise=inject on=0 raised=100 hcore=none foreign=0 win=0
  wcase-irq[64B]:   0/0/0 cyc  0/0/0 ns  (p50/max/max, n=0)
  wcase-probe: line=6 raise=inject on=0 raised=100 hcore=none foreign=0 win=0
  wcase-irq[256B]:  0/0/0 cyc  0/0/0 ns  (p50/max/max, n=0)
  wcase-probe: line=6 raise=inject on=0 raised=100 hcore=none foreign=0 win=0
  wcase-irq[1024B]: 0/0/0 cyc  0/0/0 ns  (p50/max/max, n=0)
  e2e-settle: settled=2/2
  e2e-probe: line=7 closed=1000 dropped=0 tare=280/562 ns  (min/avg, n=64)
  e2e-passes: asked=1000 raised=1000
  e2e-local: 4096/4096/12700 ns  (p50/p99/max, n=1000)
  xtask ping-pong: 7541 ns/switch  (40000 switches / 301 ms)
  xtask call/reply: 16 B  24297 ns/round-trip  (41156 round-trips/s over 20000 calls / 485 ms)
  spawn/exit: thread 40754 ns  (200 reps / 8 ms)
  spawn/exit: task 88389 ns  (200 reps / 17 ms)
bench: done

KICKOS-EXIT status 0
POLL_OK=1 POLL_MS=4600
