[2J[001;001H[=3h[2J[001;001H[2J[001;001H[8;042;160t[2J[001;001H[2J[001;001H[8;056;240t[2J[001;001HBdsDxe: loading Boot0002 "UEFI QEMU HARDDISK QM00001 " from PciRoot(0x0)/Pci(0x1F,0x2)/Sata(0x0,0xFFFF,0x0)
BdsDxe: starting Boot0002 "UEFI QEMU HARDDISK QM00001 " from PciRoot(0x0)/Pci(0x1F,0x2)/Sata(0x0,0xFFFF,0x0)

KICKOS-X1 8c41d7a2 x86_64/q35 uefi-handover entry
KICKOS-X1 8c41d7a2 x86_64/q35 uefi-handover handover if=1 paging=1 longmode=1 root=1 wp=1 nx=1 nxcap=1
KICKOS-X1 8c41d7a2 x86_64/q35 uefi-handover if_after_cli=0
KICKOS-X1 8c41d7a2 x86_64/q35 uefi-handover firmware=Debian distribution of EDK II
KICKOS-X1 8c41d7a2 x86_64/q35 uefi-handover revision=0x0000000000020046
KICKOS-X1 8c41d7a2 x86_64/q35 uefi-handover map descriptors=109 stride=48 version=1 conventional_pages=117679 arena=0x0000000001800000 arena_pages=107372
KICKOS-X1 8c41d7a2 x86_64/q35 uefi-handover fp found em=0 ts=0 mp=1 osfxsr=1 osxmmexcpt=1 osxsave=0
KICKOS-X1 8c41d7a2 x86_64/q35 uefi-handover fp trapped em=1 ts=1 mp=1 osfxsr=0 osxmmexcpt=0 osxsave=0
KICKOS-X1 8c41d7a2 x86_64/q35 uefi-handover boot services left
KICKOS-X1 8c41d7a2 x86_64/q35 uefi-handover if_after_exit=0
x86_64 app relocation: base=0x0000000000400000 load_delta=0x0000000000000000 app_words=0

  ==============================================
   KickOS 0.5.1  -  microkernel RTOS
  ==============================================
   board   qemu-x86_64
   arch    x86_64
   cpu     x86-64
   mpu     off
   sched   tickless
   build   2026-09-30 09:45:54 +0200
   app     Sep 30 2026 09:45:54 +0200
   commit  10deab0c
   heap    none
   kstack  4096 B x 33 = 135168 B

microbenchmark: context-switch throughput (all arches) + per-switch cost
+ IRQ-entry latency where a cycle counter exists. Reporter woken by the
workload, not a timer. Telemetry OFF for clean numbers.
cycle counter: 1998451582 Hz (0 = no rate converts a reading; cycles only)

  lock-probe: hold+1 core=0 depth=0  (three nested, one outermost)
  call/reply: 8 B  8090 ns/round-trip  (123607 round-trips/s over 20000 calls / 161 ms)
  call/reply: 16 B  7881 ns/round-trip  (126876 round-trips/s over 20000 calls / 157 ms)
  call/reply: 32 B  7916 ns/round-trip  (126316 round-trips/s over 20000 calls / 158 ms)
  call/reply: 64 B  7931 ns/round-trip  (126075 round-trips/s over 20000 calls / 158 ms)
  call/reply: 128 B  8007 ns/round-trip  (124887 round-trips/s over 20000 calls / 160 ms)
  call/reply: 256 B  8094 ns/round-trip  (123544 round-trips/s over 20000 calls / 161 ms)
  call/reply: 8 B  7888 ns/round-trip  (126759 round-trips/s over 20000 calls / 157 ms) [generic path]
  call/reply: 16 B  7823 ns/round-trip  (127816 round-trips/s over 20000 calls / 156 ms) [generic path]
  call/reply: 32 B  7824 ns/round-trip  (127798 round-trips/s over 20000 calls / 156 ms) [generic path]
  call/reply: 64 B  7970 ns/round-trip  (125460 round-trips/s over 20000 calls / 159 ms) [generic path]
  call/reply: 128 B  7989 ns/round-trip  (125167 round-trips/s over 20000 calls / 159 ms) [generic path]
  call/reply: 256 B  7983 ns/round-trip  (125254 round-trips/s over 20000 calls / 159 ms) [generic path]
  call/reply: 32 B  8123 ns/round-trip  (123099 round-trips/s over 20000 calls / 162 ms) [caller outranks server, D1 donates]
  phase table (44 rows; cyc avg/max, min last and a floor; leaf -= NULL, composite -= NULL + k*(NEST-NULL)):
    NULL             15/4340  min=1  n=260000
    NEST             85/25240  min=79  n=260000
    NEST_LOCK        48/41560  min=40  n=260000
    CALL_TOTAL       14826/2399880  min=14160  n=259999
    CALL_VALIDATE    179/82620  min=140  n=260000
    CALL_LOCKED      14299/2399280  min=13660  n=259999
    CALL_RESOLVE     215/17140  min=180  n=260000
    CALL_PEEK        50/38380  min=20  n=260000
    CALL_PROBE       82/27760  min=60  n=259999
    CALL_POP         126/37860  min=100  n=259999
    CALL_COPY        1444/74660  min=1340  n=259999
    CALL_MINT        1373/188860  min=1260  n=259999
    CALL_MINT_CAP    385/109680  min=320  n=259999
    CALL_MINT_INFO   844/51920  min=760  n=259999
    CALL_DONATE      114/20500  min=80  n=19999
    CALL_PARK        240/64220  min=220  n=259999
    CALL_WAKE        9785/2394320  min=9320  n=259999
    CALL_RESUME      153/13620  min=120  n=260000
    CALL_SLOW_TOTAL  452880/452880  min=452880  n=1
    CALL_SLOW_LOCKED 435220/435220  min=435220  n=1
    CALL_SLOW_DONATE 0/0  min=0  n=0
    CALL_SLOW_PARK   332160/332160  min=332160  n=1
    RECV_LOCKED      10060/1357040  min=9580  n=259999
    RECV_RESOLVE     246/90740  min=220  n=260000
    RECV_SCAN        139/41420  min=100  n=259999
    RECV_PARK        9431/1178580  min=8960  n=259999
    REPLY_TOTAL      59272/381140  min=11360  n=13
    REPLY_VALIDATE   9238/41420  min=3760  n=13
    REPLY_LOCKED     2484/404600  min=2320  n=260000
    REPLY_LOOKUP     316/201600  min=280  n=260000
    REPLY_COPY       1461/58700  min=1340  n=260000
    REPLY_FUNNEL     200/65220  min=160  n=260000
    REPLY_WAKE       222/32040  min=200  n=260000
    REPLY_RECV_TOTAL 14418/1742100  min=13760  n=260000
    REPLY_RECV_TAIL  430/99580  min=380  n=259999
    WAKE_UNPARK      71/75720  min=40  n=520012
    PICK_NEXT        48/30040  min=20  n=520064
    SWITCH_TO        17105/325030600  min=8480  n=520013
    SWITCH_BOOK      67/75680  min=40  n=520039
    MPU_APPLY        108/47120  min=80  n=520039
    MPU_COMMIT       0/0  min=0  n=0
    REENT_SEAT       0/0  min=0  n=0
    KTIME_REARM      61/8620  min=40  n=520039
    ARCH_SWITCH      16563/325028460  min=7920  n=520013
  ns-probe: cyc=4294967295 ns=2149147536 capped=0
  sat-probe: width=64 fits+1/0 wide+0/1 max=1000

  throughput: 503183 ctx-sw/s  (1987 ns/sw avg over 40000 switches / 79 ms)
  switch-probe: fastpath-swaps=0  (swapped inside the trap, so not in the switch row)
  switch:    60/80/19760 cyc  30/40/9887 ns  (p50/p99/max, n=40002)
  lock-hold: 1024/2304/23280 cyc  512/1152/11649 ns  (p50/p99/max, n=80248)
  lock-site: core=0 site=0x416918 max=23280
  irq-probe: line=6 raise=inject on=0 raised=100 hcore=none foreign=0 win=0
  irq:       0/0/0 cyc  0/0/0 ns  (p50/max/max, n=0)
  wcase-probe: line=6 raise=inject on=0 raised=100 hcore=none foreign=0 win=0
  wcase-irq[0B]:    0/0/0 cyc  0/0/0 ns  (p50/max/max, n=0)
  wcase-probe: line=6 raise=inject on=0 raised=100 hcore=none foreign=0 win=0
  wcase-irq[64B]:   0/0/0 cyc  0/0/0 ns  (p50/max/max, n=0)
  wcase-probe: line=6 raise=inject on=0 raised=100 hcore=none foreign=0 win=0
  wcase-irq[256B]:  0/0/0 cyc  0/0/0 ns  (p50/max/max, n=0)
  wcase-probe: line=6 raise=inject on=0 raised=100 hcore=none foreign=0 win=0
  wcase-irq[1024B]: 0/0/0 cyc  0/0/0 ns  (p50/max/max, n=0)
  e2e-settle: settled=2/2
  e2e-probe: line=7 closed=1000 dropped=0 tare=290/556 ns  (min/avg, n=64)
  e2e-passes: asked=1000 raised=1000
  e2e-local: 4096/4096/603487 ns  (p50/p99/max, n=1000)
  throughput: 509518 ctx-sw/s  (1962 ns/sw avg over 40000 switches / 78 ms)
  switch-probe: fastpath-swaps=0  (swapped inside the trap, so not in the switch row)
  switch:    60/80/300 cyc  30/40/150 ns  (p50/p99/max, n=40002)
  lock-hold: 960/1920/37600 cyc  480/960/18814 ns  (p50/p99/max, n=80248)
  lock-site: core=0 site=0x416918 max=37600
  irq-probe: line=6 raise=inject on=0 raised=100 hcore=none foreign=0 win=0
  irq:       0/0/0 cyc  0/0/0 ns  (p50/max/max, n=0)
  wcase-probe: line=6 raise=inject on=0 raised=100 hcore=none foreign=0 win=0
  wcase-irq[0B]:    0/0/0 cyc  0/0/0 ns  (p50/max/max, n=0)
  wcase-probe: line=6 raise=inject on=0 raised=100 hcore=none foreign=0 win=0
  wcase-irq[64B]:   0/0/0 cyc  0/0/0 ns  (p50/max/max, n=0)
  wcase-probe: line=6 raise=inject on=0 raised=100 hcore=none foreign=0 win=0
  wcase-irq[256B]:  0/0/0 cyc  0/0/0 ns  (p50/max/max, n=0)
  wcase-probe: line=6 raise=inject on=0 raised=100 hcore=none foreign=0 win=0
  wcase-irq[1024B]: 0/0/0 cyc  0/0/0 ns  (p50/max/max, n=0)
  e2e-settle: settled=2/2
  e2e-probe: line=7 closed=1000 dropped=0 tare=290/556 ns  (min/avg, n=64)
  e2e-passes: asked=1000 raised=1000
  e2e-local: 4096/4096/48147 ns  (p50/p99/max, n=1000)
  throughput: 506297 ctx-sw/s  (1975 ns/sw avg over 40000 switches / 79 ms)
  switch-probe: fastpath-swaps=0  (swapped inside the trap, so not in the switch row)
  switch:    60/80/3860 cyc  30/40/1931 ns  (p50/p99/max, n=40002)
  lock-hold: 960/1920/43800 cyc  480/960/21916 ns  (p50/p99/max, n=80250)
  lock-site: core=0 site=0x416918 max=43800
  irq-probe: line=6 raise=inject on=0 raised=100 hcore=none foreign=0 win=0
  irq:       0/0/0 cyc  0/0/0 ns  (p50/max/max, n=0)
  wcase-probe: line=6 raise=inject on=0 raised=100 hcore=none foreign=0 win=0
  wcase-irq[0B]:    0/0/0 cyc  0/0/0 ns  (p50/max/max, n=0)
  wcase-probe: line=6 raise=inject on=0 raised=100 hcore=none foreign=0 win=0
  wcase-irq[64B]:   0/0/0 cyc  0/0/0 ns  (p50/max/max, n=0)
  wcase-probe: line=6 raise=inject on=0 raised=100 hcore=none foreign=0 win=0
  wcase-irq[256B]:  0/0/0 cyc  0/0/0 ns  (p50/max/max, n=0)
  wcase-probe: line=6 raise=inject on=0 raised=100 hcore=none foreign=0 win=0
  wcase-irq[1024B]: 0/0/0 cyc  0/0/0 ns  (p50/max/max, n=0)
  e2e-settle: settled=2/2
  e2e-probe: line=7 closed=1000 dropped=0 tare=290/556 ns  (min/avg, n=64)
  e2e-passes: asked=1000 raised=1000
  e2e-local: 4096/4096/30093 ns  (p50/p99/max, n=1000)
  xtask ping-pong: 7629 ns/switch  (40000 switches / 305 ms)
  xtask call/reply: 16 B  24751 ns/round-trip  (40401 round-trips/s over 20000 calls / 495 ms)
  spawn/exit: thread 38584 ns  (200 reps / 7 ms)
  spawn/exit: task 86318 ns  (200 reps / 17 ms)
bench: done

KICKOS-EXIT status 0
POLL_OK=1 POLL_MS=4600
