[2J[001;001H[=3h[2J[001;001H[2J[001;001H[8;042;160t[2J[001;001H[2J[001;001H[8;056;240t[2J[001;001HBdsDxe: loading Boot0002 "UEFI QEMU HARDDISK QM00001 " from PciRoot(0x0)/Pci(0x1F,0x2)/Sata(0x0,0xFFFF,0x0)
BdsDxe: starting Boot0002 "UEFI QEMU HARDDISK QM00001 " from PciRoot(0x0)/Pci(0x1F,0x2)/Sata(0x0,0xFFFF,0x0)

KICKOS-X1 8c41d7a2 x86_64/q35 uefi-handover entry
KICKOS-X1 8c41d7a2 x86_64/q35 uefi-handover handover if=1 paging=1 longmode=1 root=1 wp=1 nx=1 nxcap=1
KICKOS-X1 8c41d7a2 x86_64/q35 uefi-handover if_after_cli=0
KICKOS-X1 8c41d7a2 x86_64/q35 uefi-handover firmware=Debian distribution of EDK II
KICKOS-X1 8c41d7a2 x86_64/q35 uefi-handover revision=0x0000000000020046
KICKOS-X1 8c41d7a2 x86_64/q35 uefi-handover map descriptors=109 stride=48 version=1 conventional_pages=117655 arena=0x0000000001800000 arena_pages=107372
KICKOS-X1 8c41d7a2 x86_64/q35 uefi-handover fp found em=0 ts=0 mp=1 osfxsr=1 osxmmexcpt=1 osxsave=0
KICKOS-X1 8c41d7a2 x86_64/q35 uefi-handover fp trapped em=1 ts=1 mp=1 osfxsr=0 osxmmexcpt=0 osxsave=0
KICKOS-X1 8c41d7a2 x86_64/q35 uefi-handover boot services left
KICKOS-X1 8c41d7a2 x86_64/q35 uefi-handover if_after_exit=0
x86_64 app relocation: base=0x0000000000400000 load_delta=0x0000000000000000 app_words=0

  ==============================================
   KickOS 0.5.1  -  microkernel RTOS
  ==============================================
   board   qemu-x86_64
   arch    x86_64
   cpu     x86-64-v3
   mpu     off
   sched   tickless
   build   2026-09-30 09:45:56 +0200
   app     Sep 30 2026 09:45:57 +0200
   commit  628de9cb
   heap    none
   kstack  4096 B x 33 = 135168 B

microbenchmark: context-switch throughput (all arches) + per-switch cost
+ IRQ-entry latency where a cycle counter exists. Reporter woken by the
workload, not a timer. Telemetry OFF for clean numbers.
cycle counter: 1998274395 Hz (0 = no rate converts a reading; cycles only)

  lock-probe: hold+1 core=0 depth=0  (three nested, one outermost)
  call/reply: 8 B  8774 ns/round-trip  (113971 round-trips/s over 20000 calls / 175 ms)
  call/reply: 16 B  8643 ns/round-trip  (115693 round-trips/s over 20000 calls / 172 ms)
  call/reply: 32 B  8634 ns/round-trip  (115808 round-trips/s over 20000 calls / 172 ms)
  call/reply: 64 B  8630 ns/round-trip  (115863 round-trips/s over 20000 calls / 172 ms)
  call/reply: 128 B  8666 ns/round-trip  (115386 round-trips/s over 20000 calls / 173 ms)
  call/reply: 256 B  8764 ns/round-trip  (114096 round-trips/s over 20000 calls / 175 ms)
  call/reply: 8 B  8583 ns/round-trip  (116508 round-trips/s over 20000 calls / 171 ms) [generic path]
  call/reply: 16 B  8614 ns/round-trip  (116088 round-trips/s over 20000 calls / 172 ms) [generic path]
  call/reply: 32 B  8791 ns/round-trip  (113748 round-trips/s over 20000 calls / 175 ms) [generic path]
  call/reply: 64 B  8633 ns/round-trip  (115826 round-trips/s over 20000 calls / 172 ms) [generic path]
  call/reply: 128 B  8647 ns/round-trip  (115637 round-trips/s over 20000 calls / 172 ms) [generic path]
  call/reply: 256 B  8731 ns/round-trip  (114525 round-trips/s over 20000 calls / 174 ms) [generic path]
  call/reply: 32 B  8822 ns/round-trip  (113346 round-trips/s over 20000 calls / 176 ms) [caller outranks server, D1 donates]
  phase table (44 rows; cyc avg/max, min last and a floor; leaf -= NULL, composite -= NULL + k*(NEST-NULL)):
    NULL             15/4760  min=1  n=260000
    NEST             86/25500  min=60  n=260000
    NEST_LOCK        47/40680  min=40  n=260000
    CALL_TOTAL       16223/2556740  min=15580  n=259999
    CALL_VALIDATE    180/34600  min=160  n=260000
    CALL_LOCKED      15747/2556140  min=15100  n=259999
    CALL_RESOLVE     204/48200  min=180  n=260000
    CALL_PEEK        90/22080  min=80  n=260000
    CALL_PROBE       45/33000  min=20  n=259999
    CALL_POP         169/45040  min=140  n=259999
    CALL_COPY        1745/60220  min=1600  n=259999
    CALL_MINT        1381/190940  min=1300  n=259999
    CALL_MINT_CAP    221/98220  min=200  n=259999
    CALL_MINT_INFO   979/52840  min=900  n=259999
    CALL_DONATE      91/21360  min=80  n=19999
    CALL_PARK        383/63300  min=360  n=259999
    CALL_WAKE        10654/2551000  min=10220  n=259999
    CALL_RESUME      99/28540  min=80  n=260000
    CALL_SLOW_TOTAL  437940/437940  min=437940  n=1
    CALL_SLOW_LOCKED 421100/421100  min=421100  n=1
    CALL_SLOW_DONATE 0/0  min=0  n=0
    CALL_SLOW_PARK   320580/320580  min=320580  n=1
    RECV_LOCKED      11309/1316200  min=10840  n=259999
    RECV_RESOLVE     443/119260  min=400  n=260000
    RECV_SCAN        188/38920  min=160  n=259999
    RECV_PARK        10428/1115380  min=9980  n=259999
    REPLY_TOTAL      53272/355880  min=7560  n=13
    REPLY_VALIDATE   5741/37880  min=1240  n=13
    REPLY_LOCKED     2786/413460  min=2600  n=260000
    REPLY_LOOKUP     359/212440  min=320  n=260000
    REPLY_COPY       1632/114380  min=1520  n=260000
    REPLY_FUNNEL     188/64000  min=140  n=260000
    REPLY_WAKE       278/30020  min=200  n=260000
    REPLY_RECV_TOTAL 16007/1749020  min=15360  n=260000
    REPLY_RECV_TAIL  270/99420  min=240  n=259999
    WAKE_UNPARK      111/26600  min=40  n=520012
    PICK_NEXT        52/14620  min=20  n=520064
    SWITCH_TO        18679/352934280  min=9400  n=520013
    SWITCH_BOOK      77/52500  min=59  n=520039
    MPU_APPLY        184/11860  min=140  n=520039
    MPU_COMMIT       0/0  min=0  n=0
    REENT_SEAT       0/0  min=0  n=0
    KTIME_REARM      119/29000  min=100  n=520039
    ARCH_SWITCH      17987/352932080  min=8660  n=520013
  ns-probe: cyc=4294967295 ns=2149338101 capped=0
  sat-probe: width=64 fits+1/0 wide+0/1 max=1000

  throughput: 463778 ctx-sw/s  (2156 ns/sw avg over 40000 switches / 86 ms)
  switch-probe: fastpath-swaps=0  (swapped inside the trap, so not in the switch row)
  switch:    60/80/1300 cyc  30/40/650 ns  (p50/p99/max, n=40002)
  lock-hold: 1920/2304/76380 cyc  960/1152/38222 ns  (p50/p99/max, n=80246)
  lock-site: core=0 site=0x418288 max=76380
  irq-probe: line=6 raise=inject on=0 raised=100 hcore=none foreign=0 win=0
  irq:       0/0/0 cyc  0/0/0 ns  (p50/max/max, n=0)
  wcase-probe: line=6 raise=inject on=0 raised=100 hcore=none foreign=0 win=0
  wcase-irq[0B]:    0/0/0 cyc  0/0/0 ns  (p50/max/max, n=0)
  wcase-probe: line=6 raise=inject on=0 raised=100 hcore=none foreign=0 win=0
  wcase-irq[64B]:   0/0/0 cyc  0/0/0 ns  (p50/max/max, n=0)
  wcase-probe: line=6 raise=inject on=0 raised=100 hcore=none foreign=0 win=0
  wcase-irq[256B]:  0/0/0 cyc  0/0/0 ns  (p50/max/max, n=0)
  wcase-probe: line=6 raise=inject on=0 raised=100 hcore=none foreign=0 win=0
  wcase-irq[1024B]: 0/0/0 cyc  0/0/0 ns  (p50/max/max, n=0)
  e2e-settle: settled=2/2
  e2e-probe: line=7 closed=1000 dropped=0 tare=290/572 ns  (min/avg, n=64)
  e2e-passes: asked=1000 raised=1000
  e2e-local: 4096/4608/600779 ns  (p50/p99/max, n=1000)
  throughput: 470332 ctx-sw/s  (2126 ns/sw avg over 40000 switches / 85 ms)
  switch-probe: fastpath-swaps=0  (swapped inside the trap, so not in the switch row)
  switch:    60/80/6060 cyc  30/40/3032 ns  (p50/p99/max, n=40002)
  lock-hold: 1152/2048/14300 cyc  576/1024/7156 ns  (p50/p99/max, n=80250)
  lock-site: core=0 site=0x418288 max=14300
  irq-probe: line=6 raise=inject on=0 raised=100 hcore=none foreign=0 win=0
  irq:       0/0/0 cyc  0/0/0 ns  (p50/max/max, n=0)
  wcase-probe: line=6 raise=inject on=0 raised=100 hcore=none foreign=0 win=0
  wcase-irq[0B]:    0/0/0 cyc  0/0/0 ns  (p50/max/max, n=0)
  wcase-probe: line=6 raise=inject on=0 raised=100 hcore=none foreign=0 win=0
  wcase-irq[64B]:   0/0/0 cyc  0/0/0 ns  (p50/max/max, n=0)
  wcase-probe: line=6 raise=inject on=0 raised=100 hcore=none foreign=0 win=0
  wcase-irq[256B]:  0/0/0 cyc  0/0/0 ns  (p50/max/max, n=0)
  wcase-probe: line=6 raise=inject on=0 raised=100 hcore=none foreign=0 win=0
  wcase-irq[1024B]: 0/0/0 cyc  0/0/0 ns  (p50/max/max, n=0)
  e2e-settle: settled=2/2
  e2e-probe: line=7 closed=1000 dropped=0 tare=290/572 ns  (min/avg, n=64)
  e2e-passes: asked=1000 raised=1000
  e2e-local: 4096/5632/61193 ns  (p50/p99/max, n=1000)
  throughput: 469653 ctx-sw/s  (2129 ns/sw avg over 40000 switches / 85 ms)
  switch-probe: fastpath-swaps=0  (swapped inside the trap, so not in the switch row)
  switch:    60/80/3380 cyc  30/40/1691 ns  (p50/p99/max, n=40002)
  lock-hold: 1280/1920/33520 cyc  640/960/16774 ns  (p50/p99/max, n=80250)
  lock-site: core=0 site=0x418288 max=33520
  irq-probe: line=6 raise=inject on=0 raised=100 hcore=none foreign=0 win=0
  irq:       0/0/0 cyc  0/0/0 ns  (p50/max/max, n=0)
  wcase-probe: line=6 raise=inject on=0 raised=100 hcore=none foreign=0 win=0
  wcase-irq[0B]:    0/0/0 cyc  0/0/0 ns  (p50/max/max, n=0)
  wcase-probe: line=6 raise=inject on=0 raised=100 hcore=none foreign=0 win=0
  wcase-irq[64B]:   0/0/0 cyc  0/0/0 ns  (p50/max/max, n=0)
  wcase-probe: line=6 raise=inject on=0 raised=100 hcore=none foreign=0 win=0
  wcase-irq[256B]:  0/0/0 cyc  0/0/0 ns  (p50/max/max, n=0)
  wcase-probe: line=6 raise=inject on=0 raised=100 hcore=none foreign=0 win=0
  wcase-irq[1024B]: 0/0/0 cyc  0/0/0 ns  (p50/max/max, n=0)
  e2e-settle: settled=2/2
  e2e-probe: line=7 closed=1000 dropped=0 tare=290/572 ns  (min/avg, n=64)
  e2e-passes: asked=1000 raised=1000
  e2e-local: 4096/4096/47631 ns  (p50/p99/max, n=1000)
  xtask ping-pong: 7972 ns/switch  (40000 switches / 318 ms)
  xtask call/reply: 16 B  25299 ns/round-trip  (39527 round-trips/s over 20000 calls / 505 ms)
  spawn/exit: thread 45855 ns  (200 reps / 9 ms)
  spawn/exit: task 89545 ns  (200 reps / 17 ms)
bench: done

KICKOS-EXIT status 0
POLL_OK=1 POLL_MS=4800
