[2J[001;001H[=3h[2J[001;001H[2J[001;001H[8;042;160t[2J[001;001H[2J[001;001H[8;056;240t[2J[001;001HBdsDxe: loading Boot0002 "UEFI QEMU HARDDISK QM00001 " from PciRoot(0x0)/Pci(0x1F,0x2)/Sata(0x0,0xFFFF,0x0)
BdsDxe: starting Boot0002 "UEFI QEMU HARDDISK QM00001 " from PciRoot(0x0)/Pci(0x1F,0x2)/Sata(0x0,0xFFFF,0x0)

KICKOS-X1 8c41d7a2 x86_64/q35 uefi-handover entry
KICKOS-X1 8c41d7a2 x86_64/q35 uefi-handover handover if=1 paging=1 longmode=1 root=1 wp=1 nx=1 nxcap=1
KICKOS-X1 8c41d7a2 x86_64/q35 uefi-handover if_after_cli=0
KICKOS-X1 8c41d7a2 x86_64/q35 uefi-handover firmware=Debian distribution of EDK II
KICKOS-X1 8c41d7a2 x86_64/q35 uefi-handover revision=0x0000000000020046
KICKOS-X1 8c41d7a2 x86_64/q35 uefi-handover map descriptors=109 stride=48 version=1 conventional_pages=117655 arena=0x0000000001800000 arena_pages=107372
KICKOS-X1 8c41d7a2 x86_64/q35 uefi-handover fp found em=0 ts=0 mp=1 osfxsr=1 osxmmexcpt=1 osxsave=0
KICKOS-X1 8c41d7a2 x86_64/q35 uefi-handover fp trapped em=1 ts=1 mp=1 osfxsr=0 osxmmexcpt=0 osxsave=0
KICKOS-X1 8c41d7a2 x86_64/q35 uefi-handover boot services left
KICKOS-X1 8c41d7a2 x86_64/q35 uefi-handover if_after_exit=0
x86_64 app relocation: base=0x0000000000400000 load_delta=0x0000000000000000 app_words=0

  ==============================================
   KickOS 0.5.1  -  microkernel RTOS
  ==============================================
   board   qemu-x86_64
   arch    x86_64
   cpu     x86-64-v3
   mpu     off
   sched   tickless
   build   2026-09-30 09:45:56 +0200
   app     Sep 30 2026 09:45:57 +0200
   commit  628de9cb
   heap    none
   kstack  4096 B x 33 = 135168 B

microbenchmark: context-switch throughput (all arches) + per-switch cost
+ IRQ-entry latency where a cycle counter exists. Reporter woken by the
workload, not a timer. Telemetry OFF for clean numbers.
cycle counter: 1999044594 Hz (0 = no rate converts a reading; cycles only)

  lock-probe: hold+1 core=0 depth=0  (three nested, one outermost)
  call/reply: 8 B  8711 ns/round-trip  (114790 round-trips/s over 20000 calls / 174 ms)
  call/reply: 16 B  8514 ns/round-trip  (117450 round-trips/s over 20000 calls / 170 ms)
  call/reply: 32 B  8564 ns/round-trip  (116758 round-trips/s over 20000 calls / 171 ms)
  call/reply: 64 B  8529 ns/round-trip  (117238 round-trips/s over 20000 calls / 170 ms)
  call/reply: 128 B  8618 ns/round-trip  (116029 round-trips/s over 20000 calls / 172 ms)
  call/reply: 256 B  8635 ns/round-trip  (115802 round-trips/s over 20000 calls / 172 ms)
  call/reply: 8 B  8514 ns/round-trip  (117447 round-trips/s over 20000 calls / 170 ms) [generic path]
  call/reply: 16 B  8534 ns/round-trip  (117164 round-trips/s over 20000 calls / 170 ms) [generic path]
  call/reply: 32 B  8534 ns/round-trip  (117176 round-trips/s over 20000 calls / 170 ms) [generic path]
  call/reply: 64 B  8567 ns/round-trip  (116723 round-trips/s over 20000 calls / 171 ms) [generic path]
  call/reply: 128 B  8571 ns/round-trip  (116661 round-trips/s over 20000 calls / 171 ms) [generic path]
  call/reply: 256 B  8660 ns/round-trip  (115468 round-trips/s over 20000 calls / 173 ms) [generic path]
  call/reply: 32 B  8756 ns/round-trip  (114201 round-trips/s over 20000 calls / 175 ms) [caller outranks server, D1 donates]
  phase table (44 rows; cyc avg/max, min last and a floor; leaf -= NULL, composite -= NULL + k*(NEST-NULL)):
    NULL             15/8299  min=1  n=260000
    NEST             84/27300  min=79  n=260000
    NEST_LOCK        47/40500  min=40  n=260000
    CALL_TOTAL       16042/2564680  min=15640  n=259999
    CALL_VALIDATE    179/13960  min=160  n=260000
    CALL_LOCKED      15571/2564160  min=15160  n=259999
    CALL_RESOLVE     202/15900  min=180  n=260000
    CALL_PEEK        90/21640  min=80  n=260000
    CALL_PROBE       43/28640  min=20  n=259999
    CALL_POP         178/41700  min=140  n=259999
    CALL_COPY        1699/59200  min=1600  n=259999
    CALL_MINT        1359/191420  min=1320  n=259999
    CALL_MINT_CAP    219/99000  min=200  n=259999
    CALL_MINT_INFO   959/51920  min=920  n=259999
    CALL_DONATE      94/20680  min=80  n=19999
    CALL_PARK        383/61580  min=360  n=259999
    CALL_WAKE        10531/2558960  min=10220  n=259999
    CALL_RESUME      94/18440  min=80  n=260000
    CALL_SLOW_TOTAL  444800/444800  min=444800  n=1
    CALL_SLOW_LOCKED 426220/426220  min=426220  n=1
    CALL_SLOW_DONATE 0/0  min=0  n=0
    CALL_SLOW_PARK   326780/326780  min=326780  n=1
    RECV_LOCKED      11216/1334640  min=10880  n=259999
    RECV_RESOLVE     442/120960  min=400  n=260000
    RECV_SCAN        191/39780  min=160  n=259999
    RECV_PARK        10333/1131000  min=10040  n=259999
    REPLY_TOTAL      57209/382960  min=7740  n=13
    REPLY_VALIDATE   6069/37260  min=1780  n=13
    REPLY_LOCKED     2729/461300  min=2580  n=260000
    REPLY_LOOKUP     348/209960  min=320  n=260000
    REPLY_COPY       1596/115160  min=1480  n=260000
    REPLY_FUNNEL     187/113700  min=140  n=260000
    REPLY_WAKE       274/30180  min=200  n=260000
    REPLY_RECV_TOTAL 15831/1743700  min=15400  n=260000
    REPLY_RECV_TAIL  266/100180  min=240  n=259999
    WAKE_UNPARK      108/25820  min=40  n=520012
    PICK_NEXT        46/14860  min=20  n=520064
    SWITCH_TO        18490/350438180  min=9440  n=520013
    SWITCH_BOOK      78/76340  min=40  n=520039
    MPU_APPLY        184/30660  min=100  n=520039
    MPU_COMMIT       0/0  min=0  n=0
    REENT_SEAT       0/0  min=0  n=0
    KTIME_REARM      117/21560  min=100  n=520039
    ARCH_SWITCH      17799/350436080  min=8720  n=520013
  ns-probe: cyc=4294967295 ns=2148509997 capped=0
  sat-probe: width=64 fits+1/0 wide+0/1 max=1000

  throughput: 468232 ctx-sw/s  (2135 ns/sw avg over 40000 switches / 85 ms)
  switch-probe: fastpath-swaps=0  (swapped inside the trap, so not in the switch row)
  switch:    60/80/220 cyc  30/40/110 ns  (p50/p99/max, n=40002)
  lock-hold: 1152/2048/18040 cyc  576/1024/9024 ns  (p50/p99/max, n=80245)
  lock-site: core=0 site=0x418288 max=18040
  irq-probe: line=6 raise=inject on=0 raised=100 hcore=none foreign=0 win=0
  irq:       0/0/0 cyc  0/0/0 ns  (p50/max/max, n=0)
  wcase-probe: line=6 raise=inject on=0 raised=100 hcore=none foreign=0 win=0
  wcase-irq[0B]:    0/0/0 cyc  0/0/0 ns  (p50/max/max, n=0)
  wcase-probe: line=6 raise=inject on=0 raised=100 hcore=none foreign=0 win=0
  wcase-irq[64B]:   0/0/0 cyc  0/0/0 ns  (p50/max/max, n=0)
  wcase-probe: line=6 raise=inject on=0 raised=100 hcore=none foreign=0 win=0
  wcase-irq[256B]:  0/0/0 cyc  0/0/0 ns  (p50/max/max, n=0)
  wcase-probe: line=6 raise=inject on=0 raised=100 hcore=none foreign=0 win=0
  wcase-irq[1024B]: 0/0/0 cyc  0/0/0 ns  (p50/max/max, n=0)
  e2e-settle: settled=2/2
  e2e-probe: line=7 closed=1000 dropped=0 tare=290/563 ns  (min/avg, n=64)
  e2e-passes: asked=1000 raised=1000
  e2e-local: 4096/5632/657304 ns  (p50/p99/max, n=1000)
  throughput: 468512 ctx-sw/s  (2134 ns/sw avg over 40000 switches / 85 ms)
  switch-probe: fastpath-swaps=0  (swapped inside the trap, so not in the switch row)
  switch:    60/80/240 cyc  30/40/120 ns  (p50/p99/max, n=40002)
  lock-hold: 1280/2048/33600 cyc  640/1024/16808 ns  (p50/p99/max, n=80248)
  lock-site: core=0 site=0x418288 max=33600
  irq-probe: line=6 raise=inject on=0 raised=100 hcore=none foreign=0 win=0
  irq:       0/0/0 cyc  0/0/0 ns  (p50/max/max, n=0)
  wcase-probe: line=6 raise=inject on=0 raised=100 hcore=none foreign=0 win=0
  wcase-irq[0B]:    0/0/0 cyc  0/0/0 ns  (p50/max/max, n=0)
  wcase-probe: line=6 raise=inject on=0 raised=100 hcore=none foreign=0 win=0
  wcase-irq[64B]:   0/0/0 cyc  0/0/0 ns  (p50/max/max, n=0)
  wcase-probe: line=6 raise=inject on=0 raised=100 hcore=none foreign=0 win=0
  wcase-irq[256B]:  0/0/0 cyc  0/0/0 ns  (p50/max/max, n=0)
  wcase-probe: line=6 raise=inject on=0 raised=100 hcore=none foreign=0 win=0
  wcase-irq[1024B]: 0/0/0 cyc  0/0/0 ns  (p50/max/max, n=0)
  e2e-settle: settled=2/2
  e2e-probe: line=7 closed=1000 dropped=0 tare=290/563 ns  (min/avg, n=64)
  e2e-passes: asked=1000 raised=1000
  e2e-local: 4096/4608/77117 ns  (p50/p99/max, n=1000)
  throughput: 469779 ctx-sw/s  (2128 ns/sw avg over 40000 switches / 85 ms)
  switch-probe: fastpath-swaps=0  (swapped inside the trap, so not in the switch row)
  switch:    60/80/420 cyc  30/40/210 ns  (p50/p99/max, n=40002)
  lock-hold: 1152/1920/46100 cyc  576/960/23061 ns  (p50/p99/max, n=80248)
  lock-site: core=0 site=0x418288 max=46100
  irq-probe: line=6 raise=inject on=0 raised=100 hcore=none foreign=0 win=0
  irq:       0/0/0 cyc  0/0/0 ns  (p50/max/max, n=0)
  wcase-probe: line=6 raise=inject on=0 raised=100 hcore=none foreign=0 win=0
  wcase-irq[0B]:    0/0/0 cyc  0/0/0 ns  (p50/max/max, n=0)
  wcase-probe: line=6 raise=inject on=0 raised=100 hcore=none foreign=0 win=0
  wcase-irq[64B]:   0/0/0 cyc  0/0/0 ns  (p50/max/max, n=0)
  wcase-probe: line=6 raise=inject on=0 raised=100 hcore=none foreign=0 win=0
  wcase-irq[256B]:  0/0/0 cyc  0/0/0 ns  (p50/max/max, n=0)
  wcase-probe: line=6 raise=inject on=0 raised=100 hcore=none foreign=0 win=0
  wcase-irq[1024B]: 0/0/0 cyc  0/0/0 ns  (p50/max/max, n=0)
  e2e-settle: settled=2/2
  e2e-probe: line=7 closed=1000 dropped=0 tare=290/563 ns  (min/avg, n=64)
  e2e-passes: asked=1000 raised=1000
  e2e-local: 4096/4096/51334 ns  (p50/p99/max, n=1000)
  xtask ping-pong: 7920 ns/switch  (40000 switches / 316 ms)
  xtask call/reply: 16 B  25366 ns/round-trip  (39422 round-trips/s over 20000 calls / 507 ms)
  spawn/exit: thread 45590 ns  (200 reps / 9 ms)
  spawn/exit: task 90548 ns  (200 reps / 18 ms)
bench: done

KICKOS-EXIT status 0
POLL_OK=1 POLL_MS=4800
