[2J[001;001H[=3h[2J[001;001H[2J[001;001H[8;042;160t[2J[001;001H[2J[001;001H[8;056;240t[2J[001;001HBdsDxe: loading Boot0002 "UEFI QEMU HARDDISK QM00001 " from PciRoot(0x0)/Pci(0x1F,0x2)/Sata(0x0,0xFFFF,0x0)
BdsDxe: starting Boot0002 "UEFI QEMU HARDDISK QM00001 " from PciRoot(0x0)/Pci(0x1F,0x2)/Sata(0x0,0xFFFF,0x0)

KICKOS-X1 8c41d7a2 x86_64/q35 uefi-handover entry
KICKOS-X1 8c41d7a2 x86_64/q35 uefi-handover handover if=1 paging=1 longmode=1 root=1 wp=1 nx=1 nxcap=1
KICKOS-X1 8c41d7a2 x86_64/q35 uefi-handover if_after_cli=0
KICKOS-X1 8c41d7a2 x86_64/q35 uefi-handover firmware=Debian distribution of EDK II
KICKOS-X1 8c41d7a2 x86_64/q35 uefi-handover revision=0x0000000000020046
KICKOS-X1 8c41d7a2 x86_64/q35 uefi-handover map descriptors=109 stride=48 version=1 conventional_pages=117679 arena=0x0000000001800000 arena_pages=107372
KICKOS-X1 8c41d7a2 x86_64/q35 uefi-handover fp found em=0 ts=0 mp=1 osfxsr=1 osxmmexcpt=1 osxsave=0
KICKOS-X1 8c41d7a2 x86_64/q35 uefi-handover fp trapped em=1 ts=1 mp=1 osfxsr=0 osxmmexcpt=0 osxsave=0
KICKOS-X1 8c41d7a2 x86_64/q35 uefi-handover boot services left
KICKOS-X1 8c41d7a2 x86_64/q35 uefi-handover if_after_exit=0
x86_64 app relocation: base=0x0000000000400000 load_delta=0x0000000000000000 app_words=0

  ==============================================
   KickOS 0.5.1  -  microkernel RTOS
  ==============================================
   board   qemu-x86_64
   arch    x86_64
   cpu     x86-64
   mpu     off
   sched   tickless
   build   2026-09-30 09:45:54 +0200
   app     Sep 30 2026 09:45:54 +0200
   commit  10deab0c
   heap    none
   kstack  4096 B x 33 = 135168 B

microbenchmark: context-switch throughput (all arches) + per-switch cost
+ IRQ-entry latency where a cycle counter exists. Reporter woken by the
workload, not a timer. Telemetry OFF for clean numbers.
cycle counter: 1999809424 Hz (0 = no rate converts a reading; cycles only)

  lock-probe: hold+1 core=0 depth=0  (three nested, one outermost)
  call/reply: 8 B  7925 ns/round-trip  (126168 round-trips/s over 20000 calls / 158 ms)
  call/reply: 16 B  7836 ns/round-trip  (127615 round-trips/s over 20000 calls / 156 ms)
  call/reply: 32 B  7826 ns/round-trip  (127773 round-trips/s over 20000 calls / 156 ms)
  call/reply: 64 B  7842 ns/round-trip  (127516 round-trips/s over 20000 calls / 156 ms)
  call/reply: 128 B  7847 ns/round-trip  (127432 round-trips/s over 20000 calls / 156 ms)
  call/reply: 256 B  7909 ns/round-trip  (126431 round-trips/s over 20000 calls / 158 ms)
  call/reply: 8 B  7787 ns/round-trip  (128411 round-trips/s over 20000 calls / 155 ms) [generic path]
  call/reply: 16 B  7921 ns/round-trip  (126235 round-trips/s over 20000 calls / 158 ms) [generic path]
  call/reply: 32 B  7914 ns/round-trip  (126342 round-trips/s over 20000 calls / 158 ms) [generic path]
  call/reply: 64 B  7911 ns/round-trip  (126400 round-trips/s over 20000 calls / 158 ms) [generic path]
  call/reply: 128 B  7949 ns/round-trip  (125787 round-trips/s over 20000 calls / 158 ms) [generic path]
  call/reply: 256 B  7936 ns/round-trip  (125994 round-trips/s over 20000 calls / 158 ms) [generic path]
  call/reply: 32 B  8140 ns/round-trip  (122843 round-trips/s over 20000 calls / 162 ms) [caller outranks server, D1 donates]
  phase table (44 rows; cyc avg/max, min last and a floor; leaf -= NULL, composite -= NULL + k*(NEST-NULL)):
    NULL             15/29299  min=1  n=260000
    NEST             84/29580  min=60  n=260000
    NEST_LOCK        47/40880  min=40  n=260000
    CALL_TOTAL       14709/2331160  min=14120  n=259999
    CALL_VALIDATE    178/36560  min=140  n=260000
    CALL_LOCKED      14197/2330600  min=13620  n=259999
    CALL_RESOLVE     214/16280  min=180  n=260000
    CALL_PEEK        50/21540  min=20  n=260000
    CALL_PROBE       83/36100  min=60  n=259999
    CALL_POP         129/37020  min=100  n=259999
    CALL_COPY        1437/109280  min=1340  n=259999
    CALL_MINT        1369/188020  min=1260  n=259999
    CALL_MINT_CAP    375/97680  min=320  n=259999
    CALL_MINT_INFO   852/53060  min=780  n=259999
    CALL_DONATE      110/22860  min=80  n=19999
    CALL_PARK        237/65160  min=220  n=259999
    CALL_WAKE        9675/2325440  min=9280  n=259999
    CALL_RESUME      155/13480  min=120  n=260000
    CALL_SLOW_TOTAL  434200/434200  min=434200  n=1
    CALL_SLOW_LOCKED 411740/411740  min=411740  n=1
    CALL_SLOW_DONATE 0/0  min=0  n=0
    CALL_SLOW_PARK   314940/314940  min=314940  n=1
    RECV_LOCKED      9963/1257000  min=9540  n=259999
    RECV_RESOLVE     250/89380  min=220  n=260000
    RECV_SCAN        143/39700  min=120  n=259999
    RECV_PARK        9329/1083560  min=8940  n=259999
    REPLY_TOTAL      62447/489520  min=5780  n=13
    REPLY_VALIDATE   6207/37460  min=1180  n=13
    REPLY_LOCKED     2477/414480  min=2300  n=260000
    REPLY_LOOKUP     316/215040  min=280  n=260000
    REPLY_COPY       1448/36980  min=1320  n=260000
    REPLY_FUNNEL     196/64040  min=160  n=260000
    REPLY_WAKE       223/36360  min=200  n=260000
    REPLY_RECV_TOTAL 14315/1630140  min=13700  n=260000
    REPLY_RECV_TAIL  432/98320  min=380  n=259999
    WAKE_UNPARK      64/35540  min=40  n=520012
    PICK_NEXT        45/40660  min=20  n=520064
    SWITCH_TO        16971/325999800  min=8440  n=520013
    SWITCH_BOOK      66/113400  min=40  n=520039
    MPU_APPLY        108/16600  min=80  n=520039
    MPU_COMMIT       0/0  min=0  n=0
    REENT_SEAT       0/0  min=0  n=0
    KTIME_REARM      61/9380  min=40  n=520039
    ARCH_SWITCH      16433/325997440  min=7900  n=520013
  ns-probe: cyc=4294967295 ns=2147688296 capped=0
  sat-probe: width=64 fits+1/0 wide+0/1 max=1000

  throughput: 514132 ctx-sw/s  (1945 ns/sw avg over 40000 switches / 77 ms)
  switch-probe: fastpath-swaps=0  (swapped inside the trap, so not in the switch row)
  switch:    60/80/400 cyc  30/40/200 ns  (p50/p99/max, n=40002)
  lock-hold: 896/1792/32800 cyc  448/896/16401 ns  (p50/p99/max, n=80245)
  lock-site: core=0 site=0x416918 max=32800
  irq-probe: line=6 raise=inject on=0 raised=100 hcore=none foreign=0 win=0
  irq:       0/0/0 cyc  0/0/0 ns  (p50/max/max, n=0)
  wcase-probe: line=6 raise=inject on=0 raised=100 hcore=none foreign=0 win=0
  wcase-irq[0B]:    0/0/0 cyc  0/0/0 ns  (p50/max/max, n=0)
  wcase-probe: line=6 raise=inject on=0 raised=100 hcore=none foreign=0 win=0
  wcase-irq[64B]:   0/0/0 cyc  0/0/0 ns  (p50/max/max, n=0)
  wcase-probe: line=6 raise=inject on=0 raised=100 hcore=none foreign=0 win=0
  wcase-irq[256B]:  0/0/0 cyc  0/0/0 ns  (p50/max/max, n=0)
  wcase-probe: line=6 raise=inject on=0 raised=100 hcore=none foreign=0 win=0
  wcase-irq[1024B]: 0/0/0 cyc  0/0/0 ns  (p50/max/max, n=0)
  e2e-settle: settled=2/2
  e2e-probe: line=7 closed=1000 dropped=0 tare=290/562 ns  (min/avg, n=64)
  e2e-passes: asked=1000 raised=1000
  e2e-local: 4096/5120/596647 ns  (p50/p99/max, n=1000)
  throughput: 518196 ctx-sw/s  (1929 ns/sw avg over 40000 switches / 77 ms)
  switch-probe: fastpath-swaps=0  (swapped inside the trap, so not in the switch row)
  switch:    60/80/6960 cyc  30/40/3480 ns  (p50/p99/max, n=40002)
  lock-hold: 704/1792/31320 cyc  352/896/15661 ns  (p50/p99/max, n=80250)
  lock-site: core=0 site=0x416918 max=31320
  irq-probe: line=6 raise=inject on=0 raised=100 hcore=none foreign=0 win=0
  irq:       0/0/0 cyc  0/0/0 ns  (p50/max/max, n=0)
  wcase-probe: line=6 raise=inject on=0 raised=100 hcore=none foreign=0 win=0
  wcase-irq[0B]:    0/0/0 cyc  0/0/0 ns  (p50/max/max, n=0)
  wcase-probe: line=6 raise=inject on=0 raised=100 hcore=none foreign=0 win=0
  wcase-irq[64B]:   0/0/0 cyc  0/0/0 ns  (p50/max/max, n=0)
  wcase-probe: line=6 raise=inject on=0 raised=100 hcore=none foreign=0 win=0
  wcase-irq[256B]:  0/0/0 cyc  0/0/0 ns  (p50/max/max, n=0)
  wcase-probe: line=6 raise=inject on=0 raised=100 hcore=none foreign=0 win=0
  wcase-irq[1024B]: 0/0/0 cyc  0/0/0 ns  (p50/max/max, n=0)
  e2e-settle: settled=2/2
  e2e-probe: line=7 closed=1000 dropped=0 tare=290/562 ns  (min/avg, n=64)
  e2e-passes: asked=1000 raised=1000
  e2e-local: 4096/4096/47504 ns  (p50/p99/max, n=1000)
  throughput: 514962 ctx-sw/s  (1941 ns/sw avg over 40000 switches / 77 ms)
  switch-probe: fastpath-swaps=0  (swapped inside the trap, so not in the switch row)
  switch:    60/80/380 cyc  30/40/190 ns  (p50/p99/max, n=40002)
  lock-hold: 960/1792/31480 cyc  480/896/15741 ns  (p50/p99/max, n=80248)
  lock-site: core=0 site=0x416918 max=31480
  irq-probe: line=6 raise=inject on=0 raised=100 hcore=none foreign=0 win=0
  irq:       0/0/0 cyc  0/0/0 ns  (p50/max/max, n=0)
  wcase-probe: line=6 raise=inject on=0 raised=100 hcore=none foreign=0 win=0
  wcase-irq[0B]:    0/0/0 cyc  0/0/0 ns  (p50/max/max, n=0)
  wcase-probe: line=6 raise=inject on=0 raised=100 hcore=none foreign=0 win=0
  wcase-irq[64B]:   0/0/0 cyc  0/0/0 ns  (p50/max/max, n=0)
  wcase-probe: line=6 raise=inject on=0 raised=100 hcore=none foreign=0 win=0
  wcase-irq[256B]:  0/0/0 cyc  0/0/0 ns  (p50/max/max, n=0)
  wcase-probe: line=6 raise=inject on=0 raised=100 hcore=none foreign=0 win=0
  wcase-irq[1024B]: 0/0/0 cyc  0/0/0 ns  (p50/max/max, n=0)
  e2e-settle: settled=2/2
  e2e-probe: line=7 closed=1000 dropped=0 tare=290/562 ns  (min/avg, n=64)
  e2e-passes: asked=1000 raised=1000
  e2e-local: 4096/4096/31193 ns  (p50/p99/max, n=1000)
  xtask ping-pong: 7516 ns/switch  (40000 switches / 300 ms)
  xtask call/reply: 16 B  24328 ns/round-trip  (41104 round-trips/s over 20000 calls / 486 ms)
  spawn/exit: thread 38233 ns  (200 reps / 7 ms)
  spawn/exit: task 85629 ns  (200 reps / 17 ms)
bench: done

KICKOS-EXIT status 0
POLL_OK=1 POLL_MS=4600
