[2J[001;001H[=3h[2J[001;001H[2J[001;001H[8;042;160t[2J[001;001H[2J[001;001H[8;056;240t[2J[001;001HBdsDxe: loading Boot0002 "UEFI QEMU HARDDISK QM00001 " from PciRoot(0x0)/Pci(0x1F,0x2)/Sata(0x0,0xFFFF,0x0)
BdsDxe: starting Boot0002 "UEFI QEMU HARDDISK QM00001 " from PciRoot(0x0)/Pci(0x1F,0x2)/Sata(0x0,0xFFFF,0x0)

KICKOS-X1 8c41d7a2 x86_64/q35 uefi-handover entry
KICKOS-X1 8c41d7a2 x86_64/q35 uefi-handover handover if=1 paging=1 longmode=1 root=1 wp=1 nx=1 nxcap=1
KICKOS-X1 8c41d7a2 x86_64/q35 uefi-handover if_after_cli=0
KICKOS-X1 8c41d7a2 x86_64/q35 uefi-handover firmware=Debian distribution of EDK II
KICKOS-X1 8c41d7a2 x86_64/q35 uefi-handover revision=0x0000000000020046
KICKOS-X1 8c41d7a2 x86_64/q35 uefi-handover map descriptors=109 stride=48 version=1 conventional_pages=117655 arena=0x0000000001800000 arena_pages=107372
KICKOS-X1 8c41d7a2 x86_64/q35 uefi-handover fp found em=0 ts=0 mp=1 osfxsr=1 osxmmexcpt=1 osxsave=0
KICKOS-X1 8c41d7a2 x86_64/q35 uefi-handover fp trapped em=1 ts=1 mp=1 osfxsr=0 osxmmexcpt=0 osxsave=0
KICKOS-X1 8c41d7a2 x86_64/q35 uefi-handover boot services left
KICKOS-X1 8c41d7a2 x86_64/q35 uefi-handover if_after_exit=0
x86_64 app relocation: base=0x0000000000400000 load_delta=0x0000000000000000 app_words=0

  ==============================================
   KickOS 0.5.1  -  microkernel RTOS
  ==============================================
   board   qemu-x86_64
   arch    x86_64
   cpu     x86-64-v3
   mpu     off
   sched   tickless
   build   2026-09-30 09:45:56 +0200
   app     Sep 30 2026 09:45:57 +0200
   commit  628de9cb
   heap    none
   kstack  4096 B x 33 = 135168 B

microbenchmark: context-switch throughput (all arches) + per-switch cost
+ IRQ-entry latency where a cycle counter exists. Reporter woken by the
workload, not a timer. Telemetry OFF for clean numbers.
cycle counter: 1998375219 Hz (0 = no rate converts a reading; cycles only)

  lock-probe: hold+1 core=0 depth=0  (three nested, one outermost)
  call/reply: 8 B  8770 ns/round-trip  (114013 round-trips/s over 20000 calls / 175 ms)
  call/reply: 16 B  8799 ns/round-trip  (113644 round-trips/s over 20000 calls / 175 ms)
  call/reply: 32 B  8799 ns/round-trip  (113639 round-trips/s over 20000 calls / 175 ms)
  call/reply: 64 B  8955 ns/round-trip  (111657 round-trips/s over 20000 calls / 179 ms)
  call/reply: 128 B  8726 ns/round-trip  (114587 round-trips/s over 20000 calls / 174 ms)
  call/reply: 256 B  8838 ns/round-trip  (113140 round-trips/s over 20000 calls / 176 ms)
  call/reply: 8 B  8640 ns/round-trip  (115729 round-trips/s over 20000 calls / 172 ms) [generic path]
  call/reply: 16 B  8624 ns/round-trip  (115952 round-trips/s over 20000 calls / 172 ms) [generic path]
  call/reply: 32 B  8667 ns/round-trip  (115376 round-trips/s over 20000 calls / 173 ms) [generic path]
  call/reply: 64 B  8677 ns/round-trip  (115242 round-trips/s over 20000 calls / 173 ms) [generic path]
  call/reply: 128 B  8653 ns/round-trip  (115563 round-trips/s over 20000 calls / 173 ms) [generic path]
  call/reply: 256 B  8723 ns/round-trip  (114629 round-trips/s over 20000 calls / 174 ms) [generic path]
  call/reply: 32 B  8824 ns/round-trip  (113320 round-trips/s over 20000 calls / 176 ms) [caller outranks server, D1 donates]
  phase table (44 rows; cyc avg/max, min last and a floor; leaf -= NULL, composite -= NULL + k*(NEST-NULL)):
    NULL             15/4680  min=1  n=260000
    NEST             86/29340  min=60  n=260000
    NEST_LOCK        47/40840  min=40  n=260000
    CALL_TOTAL       16323/2636780  min=15580  n=259999
    CALL_VALIDATE    182/14680  min=160  n=260000
    CALL_LOCKED      15841/2636100  min=15100  n=259999
    CALL_RESOLVE     204/57260  min=180  n=260000
    CALL_PEEK        92/23280  min=80  n=260000
    CALL_PROBE       43/29220  min=20  n=259999
    CALL_POP         172/42400  min=140  n=259999
    CALL_COPY        1733/61540  min=1600  n=259999
    CALL_MINT        1387/193600  min=1320  n=259999
    CALL_MINT_CAP    222/99040  min=200  n=259999
    CALL_MINT_INFO   982/54120  min=920  n=259999
    CALL_DONATE      93/20920  min=80  n=19999
    CALL_PARK        385/62500  min=360  n=259999
    CALL_WAKE        10738/2631000  min=10220  n=259999
    CALL_RESUME      100/14040  min=80  n=260000
    CALL_SLOW_TOTAL  470020/470020  min=470020  n=1
    CALL_SLOW_LOCKED 452060/452060  min=452060  n=1
    CALL_SLOW_DONATE 0/0  min=0  n=0
    CALL_SLOW_PARK   350240/350240  min=350240  n=1
    RECV_LOCKED      11385/1394100  min=10880  n=259999
    RECV_RESOLVE     454/120940  min=400  n=260000
    RECV_SCAN        191/39540  min=180  n=259999
    RECV_PARK        10492/1190060  min=10020  n=259999
    REPLY_TOTAL      79086/593360  min=10160  n=13
    REPLY_VALIDATE   10744/41060  min=2880  n=13
    REPLY_LOCKED     2790/416620  min=2620  n=260000
    REPLY_LOOKUP     358/209860  min=320  n=260000
    REPLY_COPY       1633/62580  min=1500  n=260000
    REPLY_FUNNEL     190/62680  min=140  n=260000
    REPLY_WAKE       284/30220  min=220  n=260000
    REPLY_RECV_TOTAL 16115/1794840  min=15360  n=260000
    REPLY_RECV_TAIL  266/101720  min=240  n=259999
    WAKE_UNPARK      115/26820  min=40  n=520012
    PICK_NEXT        55/15400  min=20  n=520064
    SWITCH_TO        18810/358248140  min=9420  n=520013
    SWITCH_BOOK      75/126080  min=40  n=520039
    MPU_APPLY        196/44700  min=140  n=520039
    MPU_COMMIT       0/0  min=0  n=0
    REENT_SEAT       0/0  min=0  n=0
    KTIME_REARM      117/40960  min=100  n=520039
    ARCH_SWITCH      18114/358245700  min=8720  n=520013
  ns-probe: cyc=4294967295 ns=2149229661 capped=0
  sat-probe: width=64 fits+1/0 wide+0/1 max=1000

  throughput: 465475 ctx-sw/s  (2148 ns/sw avg over 40000 switches / 85 ms)
  switch-probe: fastpath-swaps=0  (swapped inside the trap, so not in the switch row)
  switch:    60/80/8860 cyc  30/40/4433 ns  (p50/p99/max, n=40002)
  lock-hold: 1152/2048/17960 cyc  576/1024/8987 ns  (p50/p99/max, n=80247)
  lock-site: core=0 site=0x40ad27 max=17960
  irq-probe: line=6 raise=inject on=0 raised=100 hcore=none foreign=0 win=0
  irq:       0/0/0 cyc  0/0/0 ns  (p50/max/max, n=0)
  wcase-probe: line=6 raise=inject on=0 raised=100 hcore=none foreign=0 win=0
  wcase-irq[0B]:    0/0/0 cyc  0/0/0 ns  (p50/max/max, n=0)
  wcase-probe: line=6 raise=inject on=0 raised=100 hcore=none foreign=0 win=0
  wcase-irq[64B]:   0/0/0 cyc  0/0/0 ns  (p50/max/max, n=0)
  wcase-probe: line=6 raise=inject on=0 raised=100 hcore=none foreign=0 win=0
  wcase-irq[256B]:  0/0/0 cyc  0/0/0 ns  (p50/max/max, n=0)
  wcase-probe: line=6 raise=inject on=0 raised=100 hcore=none foreign=0 win=0
  wcase-irq[1024B]: 0/0/0 cyc  0/0/0 ns  (p50/max/max, n=0)
  e2e-settle: settled=2/2
  e2e-probe: line=7 closed=1000 dropped=0 tare=310/603 ns  (min/avg, n=64)
  e2e-passes: asked=1000 raised=1000
  e2e-local: 4096/5120/649898 ns  (p50/p99/max, n=1000)
  throughput: 463251 ctx-sw/s  (2158 ns/sw avg over 40000 switches / 86 ms)
  switch-probe: fastpath-swaps=0  (swapped inside the trap, so not in the switch row)
  switch:    60/96/520 cyc  30/48/260 ns  (p50/p99/max, n=40002)
  lock-hold: 1280/2560/48060 cyc  640/1281/24049 ns  (p50/p99/max, n=80248)
  lock-site: core=0 site=0x418288 max=48060
  irq-probe: line=6 raise=inject on=0 raised=100 hcore=none foreign=0 win=0
  irq:       0/0/0 cyc  0/0/0 ns  (p50/max/max, n=0)
  wcase-probe: line=6 raise=inject on=0 raised=100 hcore=none foreign=0 win=0
  wcase-irq[0B]:    0/0/0 cyc  0/0/0 ns  (p50/max/max, n=0)
  wcase-probe: line=6 raise=inject on=0 raised=100 hcore=none foreign=0 win=0
  wcase-irq[64B]:   0/0/0 cyc  0/0/0 ns  (p50/max/max, n=0)
  wcase-probe: line=6 raise=inject on=0 raised=100 hcore=none foreign=0 win=0
  wcase-irq[256B]:  0/0/0 cyc  0/0/0 ns  (p50/max/max, n=0)
  wcase-probe: line=6 raise=inject on=0 raised=100 hcore=none foreign=0 win=0
  wcase-irq[1024B]: 0/0/0 cyc  0/0/0 ns  (p50/max/max, n=0)
  e2e-settle: settled=2/2
  e2e-probe: line=7 closed=1000 dropped=0 tare=310/603 ns  (min/avg, n=64)
  e2e-passes: asked=1000 raised=1000
  e2e-local: 4096/5632/67034 ns  (p50/p99/max, n=1000)
  throughput: 452168 ctx-sw/s  (2211 ns/sw avg over 40000 switches / 88 ms)
  switch-probe: fastpath-swaps=0  (swapped inside the trap, so not in the switch row)
  switch:    60/176/1460 cyc  30/88/730 ns  (p50/p99/max, n=40002)
  lock-hold: 1920/2816/50260 cyc  960/1409/25150 ns  (p50/p99/max, n=80250)
  lock-site: core=0 site=0x418288 max=50260
  irq-probe: line=6 raise=inject on=0 raised=100 hcore=none foreign=0 win=0
  irq:       0/0/0 cyc  0/0/0 ns  (p50/max/max, n=0)
  wcase-probe: line=6 raise=inject on=0 raised=100 hcore=none foreign=0 win=0
  wcase-irq[0B]:    0/0/0 cyc  0/0/0 ns  (p50/max/max, n=0)
  wcase-probe: line=6 raise=inject on=0 raised=100 hcore=none foreign=0 win=0
  wcase-irq[64B]:   0/0/0 cyc  0/0/0 ns  (p50/max/max, n=0)
  wcase-probe: line=6 raise=inject on=0 raised=100 hcore=none foreign=0 win=0
  wcase-irq[256B]:  0/0/0 cyc  0/0/0 ns  (p50/max/max, n=0)
  wcase-probe: line=6 raise=inject on=0 raised=100 hcore=none foreign=0 win=0
  wcase-irq[1024B]: 0/0/0 cyc  0/0/0 ns  (p50/max/max, n=0)
  e2e-settle: settled=2/2
  e2e-probe: line=7 closed=1000 dropped=0 tare=310/603 ns  (min/avg, n=64)
  e2e-passes: asked=1000 raised=1000
  e2e-local: 4096/4096/58607 ns  (p50/p99/max, n=1000)
  xtask ping-pong: 7941 ns/switch  (40000 switches / 317 ms)
  xtask call/reply: 16 B  25417 ns/round-trip  (39342 round-trips/s over 20000 calls / 508 ms)
  spawn/exit: thread 45824 ns  (200 reps / 9 ms)
  spawn/exit: task 90911 ns  (200 reps / 18 ms)
bench: done

KICKOS-EXIT status 0
POLL_OK=1 POLL_MS=4800
