[2J[001;001H[=3h[2J[001;001H[2J[001;001H[8;042;160t[2J[001;001H[2J[001;001H[8;056;240t[2J[001;001HBdsDxe: loading Boot0002 "UEFI QEMU HARDDISK QM00001 " from PciRoot(0x0)/Pci(0x1F,0x2)/Sata(0x0,0xFFFF,0x0)
BdsDxe: starting Boot0002 "UEFI QEMU HARDDISK QM00001 " from PciRoot(0x0)/Pci(0x1F,0x2)/Sata(0x0,0xFFFF,0x0)

KICKOS-X1 8c41d7a2 x86_64/q35 uefi-handover entry
KICKOS-X1 8c41d7a2 x86_64/q35 uefi-handover handover if=1 paging=1 longmode=1 root=1 wp=1 nx=1 nxcap=1
KICKOS-X1 8c41d7a2 x86_64/q35 uefi-handover if_after_cli=0
KICKOS-X1 8c41d7a2 x86_64/q35 uefi-handover firmware=Debian distribution of EDK II
KICKOS-X1 8c41d7a2 x86_64/q35 uefi-handover revision=0x0000000000020046
KICKOS-X1 8c41d7a2 x86_64/q35 uefi-handover map descriptors=109 stride=48 version=1 conventional_pages=117679 arena=0x0000000001800000 arena_pages=107372
KICKOS-X1 8c41d7a2 x86_64/q35 uefi-handover fp found em=0 ts=0 mp=1 osfxsr=1 osxmmexcpt=1 osxsave=0
KICKOS-X1 8c41d7a2 x86_64/q35 uefi-handover fp trapped em=1 ts=1 mp=1 osfxsr=0 osxmmexcpt=0 osxsave=0
KICKOS-X1 8c41d7a2 x86_64/q35 uefi-handover boot services left
KICKOS-X1 8c41d7a2 x86_64/q35 uefi-handover if_after_exit=0
x86_64 app relocation: base=0x0000000000400000 load_delta=0x0000000000000000 app_words=0

  ==============================================
   KickOS 0.5.1  -  microkernel RTOS
  ==============================================
   board   qemu-x86_64
   arch    x86_64
   cpu     x86-64
   mpu     off
   sched   tickless
   build   2026-09-30 09:45:54 +0200
   app     Sep 30 2026 09:45:54 +0200
   commit  10deab0c
   heap    none
   kstack  4096 B x 33 = 135168 B

microbenchmark: context-switch throughput (all arches) + per-switch cost
+ IRQ-entry latency where a cycle counter exists. Reporter woken by the
workload, not a timer. Telemetry OFF for clean numbers.
cycle counter: 1999587492 Hz (0 = no rate converts a reading; cycles only)

  lock-probe: hold+1 core=0 depth=0  (three nested, one outermost)
  call/reply: 8 B  7920 ns/round-trip  (126260 round-trips/s over 20000 calls / 158 ms)
  call/reply: 16 B  7832 ns/round-trip  (127680 round-trips/s over 20000 calls / 156 ms)
  call/reply: 32 B  7817 ns/round-trip  (127918 round-trips/s over 20000 calls / 156 ms)
  call/reply: 64 B  7901 ns/round-trip  (126566 round-trips/s over 20000 calls / 158 ms)
  call/reply: 128 B  7864 ns/round-trip  (127160 round-trips/s over 20000 calls / 157 ms)
  call/reply: 256 B  7919 ns/round-trip  (126266 round-trips/s over 20000 calls / 158 ms)
  call/reply: 8 B  7719 ns/round-trip  (129540 round-trips/s over 20000 calls / 154 ms) [generic path]
  call/reply: 16 B  7701 ns/round-trip  (129842 round-trips/s over 20000 calls / 154 ms) [generic path]
  call/reply: 32 B  7733 ns/round-trip  (129315 round-trips/s over 20000 calls / 154 ms) [generic path]
  call/reply: 64 B  7790 ns/round-trip  (128367 round-trips/s over 20000 calls / 155 ms) [generic path]
  call/reply: 128 B  7787 ns/round-trip  (128408 round-trips/s over 20000 calls / 155 ms) [generic path]
  call/reply: 256 B  7873 ns/round-trip  (127010 round-trips/s over 20000 calls / 157 ms) [generic path]
  call/reply: 32 B  8026 ns/round-trip  (124583 round-trips/s over 20000 calls / 160 ms) [caller outranks server, D1 donates]
  phase table (44 rows; cyc avg/max, min last and a floor; leaf -= NULL, composite -= NULL + k*(NEST-NULL)):
    NULL             15/4320  min=1  n=260000
    NEST             83/25860  min=79  n=260000
    NEST_LOCK        46/42700  min=40  n=260000
    CALL_TOTAL       14580/2175140  min=14080  n=259999
    CALL_VALIDATE    169/14500  min=140  n=260000
    CALL_LOCKED      14065/2174519  min=13560  n=259999
    CALL_RESOLVE     213/36640  min=180  n=260000
    CALL_PEEK        50/32240  min=20  n=260000
    CALL_PROBE       82/67740  min=60  n=259999
    CALL_POP         123/42400  min=100  n=259999
    CALL_COPY        1410/59220  min=1320  n=259999
    CALL_MINT        1358/567460  min=1240  n=259999
    CALL_MINT_CAP    370/563120  min=320  n=259999
    CALL_MINT_INFO   845/52040  min=780  n=259999
    CALL_DONATE      114/21600  min=100  n=19999
    CALL_PARK        235/63940  min=220  n=259999
    CALL_WAKE        9616/2169540  min=9260  n=259999
    CALL_RESUME      154/13960  min=120  n=260000
    CALL_SLOW_TOTAL  427500/427500  min=427500  n=1
    CALL_SLOW_LOCKED 410880/410880  min=410880  n=1
    CALL_SLOW_DONATE 0/0  min=0  n=0
    CALL_SLOW_PARK   311360/311360  min=311360  n=1
    RECV_LOCKED      9887/1343680  min=9500  n=259999
    RECV_RESOLVE     249/94300  min=220  n=260000
    RECV_SCAN        137/40540  min=100  n=259999
    RECV_PARK        9257/1161620  min=8900  n=259999
    REPLY_TOTAL      48426/337860  min=5660  n=13
    REPLY_VALIDATE   5490/33000  min=880  n=13
    REPLY_LOCKED     2460/411000  min=2300  n=260000
    REPLY_LOOKUP     315/204080  min=280  n=260000
    REPLY_COPY       1445/34360  min=1340  n=260000
    REPLY_FUNNEL     198/64640  min=160  n=260000
    REPLY_WAKE       220/29980  min=200  n=260000
    REPLY_RECV_TOTAL 14187/1752500  min=13660  n=260000
    REPLY_RECV_TAIL  432/101500  min=400  n=259999
    WAKE_UNPARK      63/27120  min=40  n=520012
    PICK_NEXT        44/14640  min=20  n=520064
    SWITCH_TO        16839/321304640  min=8440  n=520013
    SWITCH_BOOK      66/65059  min=40  n=520039
    MPU_APPLY        106/34180  min=80  n=520039
    MPU_COMMIT       0/0  min=0  n=0
    REENT_SEAT       0/0  min=0  n=0
    KTIME_REARM      60/8900  min=40  n=520039
    ARCH_SWITCH      16302/321302660  min=7880  n=520013
  ns-probe: cyc=4294967295 ns=2147926665 capped=0
  sat-probe: width=64 fits+1/0 wide+0/1 max=1000

  throughput: 507995 ctx-sw/s  (1968 ns/sw avg over 40000 switches / 78 ms)
  switch-probe: fastpath-swaps=0  (swapped inside the trap, so not in the switch row)
  switch:    60/96/580 cyc  30/48/290 ns  (p50/p99/max, n=40002)
  lock-hold: 1664/1920/47900 cyc  832/960/23954 ns  (p50/p99/max, n=80245)
  lock-site: core=0 site=0x416918 max=47900
  irq-probe: line=6 raise=inject on=0 raised=100 hcore=none foreign=0 win=0
  irq:       0/0/0 cyc  0/0/0 ns  (p50/max/max, n=0)
  wcase-probe: line=6 raise=inject on=0 raised=100 hcore=none foreign=0 win=0
  wcase-irq[0B]:    0/0/0 cyc  0/0/0 ns  (p50/max/max, n=0)
  wcase-probe: line=6 raise=inject on=0 raised=100 hcore=none foreign=0 win=0
  wcase-irq[64B]:   0/0/0 cyc  0/0/0 ns  (p50/max/max, n=0)
  wcase-probe: line=6 raise=inject on=0 raised=100 hcore=none foreign=0 win=0
  wcase-irq[256B]:  0/0/0 cyc  0/0/0 ns  (p50/max/max, n=0)
  wcase-probe: line=6 raise=inject on=0 raised=100 hcore=none foreign=0 win=0
  wcase-irq[1024B]: 0/0/0 cyc  0/0/0 ns  (p50/max/max, n=0)
  e2e-settle: settled=2/2
  e2e-probe: line=7 closed=1000 dropped=0 tare=290/650 ns  (min/avg, n=64)
  e2e-passes: asked=1000 raised=1000
  e2e-local: 4096/4096/582781 ns  (p50/p99/max, n=1000)
  throughput: 515754 ctx-sw/s  (1938 ns/sw avg over 40000 switches / 77 ms)
  switch-probe: fastpath-swaps=0  (swapped inside the trap, so not in the switch row)
  switch:    60/80/140 cyc  30/40/70 ns  (p50/p99/max, n=40002)
  lock-hold: 960/1792/20200 cyc  480/896/10102 ns  (p50/p99/max, n=80247)
  lock-site: core=0 site=0x416918 max=20200
  irq-probe: line=6 raise=inject on=0 raised=100 hcore=none foreign=0 win=0
  irq:       0/0/0 cyc  0/0/0 ns  (p50/max/max, n=0)
  wcase-probe: line=6 raise=inject on=0 raised=100 hcore=none foreign=0 win=0
  wcase-irq[0B]:    0/0/0 cyc  0/0/0 ns  (p50/max/max, n=0)
  wcase-probe: line=6 raise=inject on=0 raised=100 hcore=none foreign=0 win=0
  wcase-irq[64B]:   0/0/0 cyc  0/0/0 ns  (p50/max/max, n=0)
  wcase-probe: line=6 raise=inject on=0 raised=100 hcore=none foreign=0 win=0
  wcase-irq[256B]:  0/0/0 cyc  0/0/0 ns  (p50/max/max, n=0)
  wcase-probe: line=6 raise=inject on=0 raised=100 hcore=none foreign=0 win=0
  wcase-irq[1024B]: 0/0/0 cyc  0/0/0 ns  (p50/max/max, n=0)
  e2e-settle: settled=2/2
  e2e-probe: line=7 closed=1000 dropped=0 tare=290/650 ns  (min/avg, n=64)
  e2e-passes: asked=1000 raised=1000
  e2e-local: 4096/4096/63513 ns  (p50/p99/max, n=1000)
  throughput: 520848 ctx-sw/s  (1919 ns/sw avg over 40000 switches / 76 ms)
  switch-probe: fastpath-swaps=0  (swapped inside the trap, so not in the switch row)
  switch:    60/80/560 cyc  30/40/280 ns  (p50/p99/max, n=40002)
  lock-hold: 896/1792/42040 cyc  448/896/21024 ns  (p50/p99/max, n=80248)
  lock-site: core=0 site=0x416918 max=42040
  irq-probe: line=6 raise=inject on=0 raised=100 hcore=none foreign=0 win=0
  irq:       0/0/0 cyc  0/0/0 ns  (p50/max/max, n=0)
  wcase-probe: line=6 raise=inject on=0 raised=100 hcore=none foreign=0 win=0
  wcase-irq[0B]:    0/0/0 cyc  0/0/0 ns  (p50/max/max, n=0)
  wcase-probe: line=6 raise=inject on=0 raised=100 hcore=none foreign=0 win=0
  wcase-irq[64B]:   0/0/0 cyc  0/0/0 ns  (p50/max/max, n=0)
  wcase-probe: line=6 raise=inject on=0 raised=100 hcore=none foreign=0 win=0
  wcase-irq[256B]:  0/0/0 cyc  0/0/0 ns  (p50/max/max, n=0)
  wcase-probe: line=6 raise=inject on=0 raised=100 hcore=none foreign=0 win=0
  wcase-irq[1024B]: 0/0/0 cyc  0/0/0 ns  (p50/max/max, n=0)
  e2e-settle: settled=2/2
  e2e-probe: line=7 closed=1000 dropped=0 tare=290/650 ns  (min/avg, n=64)
  e2e-passes: asked=1000 raised=1000
  e2e-local: 4096/4096/34677 ns  (p50/p99/max, n=1000)
  xtask ping-pong: 7618 ns/switch  (40000 switches / 304 ms)
  xtask call/reply: 16 B  24792 ns/round-trip  (40334 round-trips/s over 20000 calls / 495 ms)
  spawn/exit: thread 38457 ns  (200 reps / 7 ms)
  spawn/exit: task 84788 ns  (200 reps / 16 ms)
bench: done

KICKOS-EXIT status 0
POLL_OK=1 POLL_MS=4600
