[2J[001;001H[=3h[2J[001;001H[2J[001;001H[8;042;160t[2J[001;001H[2J[001;001H[8;056;240t[2J[001;001HBdsDxe: loading Boot0002 "UEFI QEMU HARDDISK QM00001 " from PciRoot(0x0)/Pci(0x1F,0x2)/Sata(0x0,0xFFFF,0x0)
BdsDxe: starting Boot0002 "UEFI QEMU HARDDISK QM00001 " from PciRoot(0x0)/Pci(0x1F,0x2)/Sata(0x0,0xFFFF,0x0)

KICKOS-X1 8c41d7a2 x86_64/q35 uefi-handover entry
KICKOS-X1 8c41d7a2 x86_64/q35 uefi-handover handover if=1 paging=1 longmode=1 root=1 wp=1 nx=1 nxcap=1
KICKOS-X1 8c41d7a2 x86_64/q35 uefi-handover if_after_cli=0
KICKOS-X1 8c41d7a2 x86_64/q35 uefi-handover firmware=Debian distribution of EDK II
KICKOS-X1 8c41d7a2 x86_64/q35 uefi-handover revision=0x0000000000020046
KICKOS-X1 8c41d7a2 x86_64/q35 uefi-handover map descriptors=109 stride=48 version=1 conventional_pages=117655 arena=0x0000000001800000 arena_pages=107372
KICKOS-X1 8c41d7a2 x86_64/q35 uefi-handover fp found em=0 ts=0 mp=1 osfxsr=1 osxmmexcpt=1 osxsave=0
KICKOS-X1 8c41d7a2 x86_64/q35 uefi-handover fp trapped em=1 ts=1 mp=1 osfxsr=0 osxmmexcpt=0 osxsave=0
KICKOS-X1 8c41d7a2 x86_64/q35 uefi-handover boot services left
KICKOS-X1 8c41d7a2 x86_64/q35 uefi-handover if_after_exit=0
x86_64 app relocation: base=0x0000000000400000 load_delta=0x0000000000000000 app_words=0

  ==============================================
   KickOS 0.5.1  -  microkernel RTOS
  ==============================================
   board   qemu-x86_64
   arch    x86_64
   cpu     x86-64-v3
   mpu     off
   sched   tickless
   build   2026-09-30 09:45:56 +0200
   app     Sep 30 2026 09:45:57 +0200
   commit  628de9cb
   heap    none
   kstack  4096 B x 33 = 135168 B

microbenchmark: context-switch throughput (all arches) + per-switch cost
+ IRQ-entry latency where a cycle counter exists. Reporter woken by the
workload, not a timer. Telemetry OFF for clean numbers.
cycle counter: 1998627577 Hz (0 = no rate converts a reading; cycles only)

  lock-probe: hold+1 core=0 depth=0  (three nested, one outermost)
  call/reply: 8 B  8881 ns/round-trip  (112598 round-trips/s over 20000 calls / 177 ms)
  call/reply: 16 B  8643 ns/round-trip  (115698 round-trips/s over 20000 calls / 172 ms)
  call/reply: 32 B  8622 ns/round-trip  (115974 round-trips/s over 20000 calls / 172 ms)
  call/reply: 64 B  8645 ns/round-trip  (115671 round-trips/s over 20000 calls / 172 ms)
  call/reply: 128 B  8641 ns/round-trip  (115719 round-trips/s over 20000 calls / 172 ms)
  call/reply: 256 B  8743 ns/round-trip  (114368 round-trips/s over 20000 calls / 174 ms)
  call/reply: 8 B  8602 ns/round-trip  (116240 round-trips/s over 20000 calls / 172 ms) [generic path]
  call/reply: 16 B  8622 ns/round-trip  (115971 round-trips/s over 20000 calls / 172 ms) [generic path]
  call/reply: 32 B  8668 ns/round-trip  (115364 round-trips/s over 20000 calls / 173 ms) [generic path]
  call/reply: 64 B  8593 ns/round-trip  (116368 round-trips/s over 20000 calls / 171 ms) [generic path]
  call/reply: 128 B  8643 ns/round-trip  (115694 round-trips/s over 20000 calls / 172 ms) [generic path]
  call/reply: 256 B  8706 ns/round-trip  (114850 round-trips/s over 20000 calls / 174 ms) [generic path]
  call/reply: 32 B  8945 ns/round-trip  (111792 round-trips/s over 20000 calls / 178 ms) [caller outranks server, D1 donates]
  phase table (44 rows; cyc avg/max, min last and a floor; leaf -= NULL, composite -= NULL + k*(NEST-NULL)):
    NULL             15/4540  min=1  n=260000
    NEST             85/25120  min=60  n=260000
    NEST_LOCK        47/40200  min=40  n=260000
    CALL_TOTAL       16220/2554580  min=15540  n=259999
    CALL_VALIDATE    180/14620  min=160  n=260000
    CALL_LOCKED      15740/2553980  min=15060  n=259999
    CALL_RESOLVE     203/15780  min=180  n=260000
    CALL_PEEK        95/21420  min=80  n=260000
    CALL_PROBE       43/28100  min=20  n=259999
    CALL_POP         171/41500  min=140  n=259999
    CALL_COPY        1724/104480  min=1580  n=259999
    CALL_MINT        1390/189440  min=1300  n=259999
    CALL_MINT_CAP    221/98080  min=200  n=259999
    CALL_MINT_INFO   988/52100  min=920  n=259999
    CALL_DONATE      97/22120  min=80  n=19999
    CALL_PARK        397/76860  min=360  n=259999
    CALL_WAKE        10638/2548940  min=10200  n=259999
    CALL_RESUME      101/13700  min=80  n=260000
    CALL_SLOW_TOTAL  459440/459440  min=459440  n=1
    CALL_SLOW_LOCKED 441340/441340  min=441340  n=1
    CALL_SLOW_DONATE 0/0  min=0  n=0
    CALL_SLOW_PARK   339980/339980  min=339980  n=1
    RECV_LOCKED      11303/1333420  min=10820  n=259999
    RECV_RESOLVE     444/120180  min=400  n=260000
    RECV_SCAN        190/38340  min=160  n=259999
    RECV_PARK        10417/1132860  min=9960  n=259999
    REPLY_TOTAL      82420/727420  min=8200  n=13
    REPLY_VALIDATE   7186/35240  min=1340  n=13
    REPLY_LOCKED     2783/412600  min=2600  n=260000
    REPLY_LOOKUP     350/209920  min=320  n=260000
    REPLY_COPY       1627/37460  min=1500  n=260000
    REPLY_FUNNEL     197/62780  min=160  n=260000
    REPLY_WAKE       283/51300  min=200  n=260000
    REPLY_RECV_TOTAL 16000/1730820  min=15300  n=260000
    REPLY_RECV_TAIL  273/98100  min=240  n=259999
    WAKE_UNPARK      112/25720  min=40  n=520012
    PICK_NEXT        48/14660  min=40  n=520064
    SWITCH_TO        18678/358166980  min=9380  n=520013
    SWITCH_BOOK      77/179400  min=40  n=520039
    MPU_APPLY        180/49080  min=140  n=520039
    MPU_COMMIT       0/0  min=0  n=0
    REENT_SEAT       0/0  min=0  n=0
    KTIME_REARM      119/6560  min=100  n=520039
    ARCH_SWITCH      17990/358164480  min=8680  n=520013
  ns-probe: cyc=4294967295 ns=2148958287 capped=0
  sat-probe: width=64 fits+1/0 wide+0/1 max=1000

  throughput: 458750 ctx-sw/s  (2179 ns/sw avg over 40000 switches / 87 ms)
  switch-probe: fastpath-swaps=0  (swapped inside the trap, so not in the switch row)
  switch:    60/60/5940 cyc  30/30/2972 ns  (p50/p99/max, n=40002)
  lock-hold: 832/2048/23580 cyc  416/1024/11798 ns  (p50/p99/max, n=80247)
  lock-site: core=0 site=0x418288 max=23580
  irq-probe: line=6 raise=inject on=0 raised=100 hcore=none foreign=0 win=0
  irq:       0/0/0 cyc  0/0/0 ns  (p50/max/max, n=0)
  wcase-probe: line=6 raise=inject on=0 raised=100 hcore=none foreign=0 win=0
  wcase-irq[0B]:    0/0/0 cyc  0/0/0 ns  (p50/max/max, n=0)
  wcase-probe: line=6 raise=inject on=0 raised=100 hcore=none foreign=0 win=0
  wcase-irq[64B]:   0/0/0 cyc  0/0/0 ns  (p50/max/max, n=0)
  wcase-probe: line=6 raise=inject on=0 raised=100 hcore=none foreign=0 win=0
  wcase-irq[256B]:  0/0/0 cyc  0/0/0 ns  (p50/max/max, n=0)
  wcase-probe: line=6 raise=inject on=0 raised=100 hcore=none foreign=0 win=0
  wcase-irq[1024B]: 0/0/0 cyc  0/0/0 ns  (p50/max/max, n=0)
  e2e-settle: settled=2/2
  e2e-probe: line=7 closed=1000 dropped=0 tare=291/576 ns  (min/avg, n=64)
  e2e-passes: asked=1000 raised=1000
  e2e-local: 4096/5120/616173 ns  (p50/p99/max, n=1000)
  throughput: 465270 ctx-sw/s  (2149 ns/sw avg over 40000 switches / 85 ms)
  switch-probe: fastpath-swaps=0  (swapped inside the trap, so not in the switch row)
  switch:    60/80/4240 cyc  30/40/2121 ns  (p50/p99/max, n=40002)
  lock-hold: 1280/2048/35480 cyc  640/1024/17752 ns  (p50/p99/max, n=80250)
  lock-site: core=0 site=0x418288 max=35480
  irq-probe: line=6 raise=inject on=0 raised=100 hcore=none foreign=0 win=0
  irq:       0/0/0 cyc  0/0/0 ns  (p50/max/max, n=0)
  wcase-probe: line=6 raise=inject on=0 raised=100 hcore=none foreign=0 win=0
  wcase-irq[0B]:    0/0/0 cyc  0/0/0 ns  (p50/max/max, n=0)
  wcase-probe: line=6 raise=inject on=0 raised=100 hcore=none foreign=0 win=0
  wcase-irq[64B]:   0/0/0 cyc  0/0/0 ns  (p50/max/max, n=0)
  wcase-probe: line=6 raise=inject on=0 raised=100 hcore=none foreign=0 win=0
  wcase-irq[256B]:  0/0/0 cyc  0/0/0 ns  (p50/max/max, n=0)
  wcase-probe: line=6 raise=inject on=0 raised=100 hcore=none foreign=0 win=0
  wcase-irq[1024B]: 0/0/0 cyc  0/0/0 ns  (p50/max/max, n=0)
  e2e-settle: settled=2/2
  e2e-probe: line=7 closed=1000 dropped=0 tare=291/576 ns  (min/avg, n=64)
  e2e-passes: asked=1000 raised=1000
  e2e-local: 4096/4096/47723 ns  (p50/p99/max, n=1000)
  throughput: 468741 ctx-sw/s  (2133 ns/sw avg over 40000 switches / 85 ms)
  switch-probe: fastpath-swaps=0  (swapped inside the trap, so not in the switch row)
  switch:    60/60/140 cyc  30/30/70 ns  (p50/p99/max, n=40002)
  lock-hold: 832/1920/32020 cyc  416/960/16020 ns  (p50/p99/max, n=80247)
  lock-site: core=0 site=0x418288 max=32020
  irq-probe: line=6 raise=inject on=0 raised=100 hcore=none foreign=0 win=0
  irq:       0/0/0 cyc  0/0/0 ns  (p50/max/max, n=0)
  wcase-probe: line=6 raise=inject on=0 raised=100 hcore=none foreign=0 win=0
  wcase-irq[0B]:    0/0/0 cyc  0/0/0 ns  (p50/max/max, n=0)
  wcase-probe: line=6 raise=inject on=0 raised=100 hcore=none foreign=0 win=0
  wcase-irq[64B]:   0/0/0 cyc  0/0/0 ns  (p50/max/max, n=0)
  wcase-probe: line=6 raise=inject on=0 raised=100 hcore=none foreign=0 win=0
  wcase-irq[256B]:  0/0/0 cyc  0/0/0 ns  (p50/max/max, n=0)
  wcase-probe: line=6 raise=inject on=0 raised=100 hcore=none foreign=0 win=0
  wcase-irq[1024B]: 0/0/0 cyc  0/0/0 ns  (p50/max/max, n=0)
  e2e-settle: settled=2/2
  e2e-probe: line=7 closed=1000 dropped=0 tare=291/576 ns  (min/avg, n=64)
  e2e-passes: asked=1000 raised=1000
  e2e-local: 4096/4096/36525 ns  (p50/p99/max, n=1000)
  xtask ping-pong: 7902 ns/switch  (40000 switches / 316 ms)
  xtask call/reply: 16 B  25236 ns/round-trip  (39624 round-trips/s over 20000 calls / 504 ms)
  spawn/exit: thread 46197 ns  (200 reps / 9 ms)
  spawn/exit: task 89445 ns  (200 reps / 17 ms)
bench: done

KICKOS-EXIT status 0
POLL_OK=1 POLL_MS=4800
