[2J[001;001H[=3h[2J[001;001H[2J[001;001H[8;042;160t[2J[001;001H[2J[001;001H[8;056;240t[2J[001;001HBdsDxe: loading Boot0002 "UEFI QEMU HARDDISK QM00001 " from PciRoot(0x0)/Pci(0x1F,0x2)/Sata(0x0,0xFFFF,0x0)
BdsDxe: starting Boot0002 "UEFI QEMU HARDDISK QM00001 " from PciRoot(0x0)/Pci(0x1F,0x2)/Sata(0x0,0xFFFF,0x0)

KICKOS-X1 8c41d7a2 x86_64/q35 uefi-handover entry
KICKOS-X1 8c41d7a2 x86_64/q35 uefi-handover handover if=1 paging=1 longmode=1 root=1 wp=1 nx=1 nxcap=1
KICKOS-X1 8c41d7a2 x86_64/q35 uefi-handover if_after_cli=0
KICKOS-X1 8c41d7a2 x86_64/q35 uefi-handover firmware=Debian distribution of EDK II
KICKOS-X1 8c41d7a2 x86_64/q35 uefi-handover revision=0x0000000000020046
KICKOS-X1 8c41d7a2 x86_64/q35 uefi-handover map descriptors=109 stride=48 version=1 conventional_pages=117655 arena=0x0000000001800000 arena_pages=107372
KICKOS-X1 8c41d7a2 x86_64/q35 uefi-handover fp found em=0 ts=0 mp=1 osfxsr=1 osxmmexcpt=1 osxsave=0
KICKOS-X1 8c41d7a2 x86_64/q35 uefi-handover fp trapped em=1 ts=1 mp=1 osfxsr=0 osxmmexcpt=0 osxsave=0
KICKOS-X1 8c41d7a2 x86_64/q35 uefi-handover boot services left
KICKOS-X1 8c41d7a2 x86_64/q35 uefi-handover if_after_exit=0
x86_64 app relocation: base=0x0000000000400000 load_delta=0x0000000000000000 app_words=0

  ==============================================
   KickOS 0.5.1  -  microkernel RTOS
  ==============================================
   board   qemu-x86_64
   arch    x86_64
   cpu     x86-64-v3
   mpu     off
   sched   tickless
   build   2026-09-30 09:45:56 +0200
   app     Sep 30 2026 09:45:57 +0200
   commit  628de9cb
   heap    none
   kstack  4096 B x 33 = 135168 B

microbenchmark: context-switch throughput (all arches) + per-switch cost
+ IRQ-entry latency where a cycle counter exists. Reporter woken by the
workload, not a timer. Telemetry OFF for clean numbers.
cycle counter: 1998499906 Hz (0 = no rate converts a reading; cycles only)

  lock-probe: hold+1 core=0 depth=0  (three nested, one outermost)
  call/reply: 8 B  8722 ns/round-trip  (114650 round-trips/s over 20000 calls / 174 ms)
  call/reply: 16 B  8665 ns/round-trip  (115394 round-trips/s over 20000 calls / 173 ms)
  call/reply: 32 B  8532 ns/round-trip  (117203 round-trips/s over 20000 calls / 170 ms)
  call/reply: 64 B  8662 ns/round-trip  (115445 round-trips/s over 20000 calls / 173 ms)
  call/reply: 128 B  8627 ns/round-trip  (115909 round-trips/s over 20000 calls / 172 ms)
  call/reply: 256 B  8775 ns/round-trip  (113954 round-trips/s over 20000 calls / 175 ms)
  call/reply: 8 B  8601 ns/round-trip  (116263 round-trips/s over 20000 calls / 172 ms) [generic path]
  call/reply: 16 B  8686 ns/round-trip  (115125 round-trips/s over 20000 calls / 173 ms) [generic path]
  call/reply: 32 B  8543 ns/round-trip  (117048 round-trips/s over 20000 calls / 170 ms) [generic path]
  call/reply: 64 B  8566 ns/round-trip  (116737 round-trips/s over 20000 calls / 171 ms) [generic path]
  call/reply: 128 B  8653 ns/round-trip  (115554 round-trips/s over 20000 calls / 173 ms) [generic path]
  call/reply: 256 B  8681 ns/round-trip  (115181 round-trips/s over 20000 calls / 173 ms) [generic path]
  call/reply: 32 B  8879 ns/round-trip  (112615 round-trips/s over 20000 calls / 177 ms) [caller outranks server, D1 donates]
  phase table (44 rows; cyc avg/max, min last and a floor; leaf -= NULL, composite -= NULL + k*(NEST-NULL)):
    NULL             15/4700  min=1  n=260000
    NEST             85/25300  min=60  n=260000
    NEST_LOCK        47/40560  min=40  n=260000
    CALL_TOTAL       16172/2672840  min=15620  n=259999
    CALL_VALIDATE    180/14020  min=160  n=260000
    CALL_LOCKED      15691/2672240  min=15140  n=259999
    CALL_RESOLVE     207/16020  min=180  n=260000
    CALL_PEEK        94/21420  min=80  n=260000
    CALL_PROBE       43/28220  min=20  n=259999
    CALL_POP         171/42360  min=140  n=259999
    CALL_COPY        1709/59300  min=1600  n=259999
    CALL_MINT        1381/189560  min=1320  n=259999
    CALL_MINT_CAP    220/97260  min=200  n=259999
    CALL_MINT_INFO   978/52080  min=920  n=259999
    CALL_DONATE      96/20280  min=80  n=19999
    CALL_PARK        386/61400  min=360  n=259999
    CALL_WAKE        10620/2667080  min=10240  n=259999
    CALL_RESUME      105/13440  min=80  n=260000
    CALL_SLOW_TOTAL  449560/449560  min=449560  n=1
    CALL_SLOW_LOCKED 432340/432340  min=432340  n=1
    CALL_SLOW_DONATE 0/0  min=0  n=0
    CALL_SLOW_PARK   328000/328000  min=328000  n=1
    RECV_LOCKED      11270/1384220  min=10880  n=259999
    RECV_RESOLVE     443/123220  min=400  n=260000
    RECV_SCAN        191/48160  min=160  n=259999
    RECV_PARK        10387/1178980  min=10020  n=259999
    REPLY_TOTAL      74333/572020  min=6740  n=13
    REPLY_VALIDATE   8609/41760  min=960  n=13
    REPLY_LOCKED     2779/459600  min=2600  n=260000
    REPLY_LOOKUP     350/209160  min=320  n=260000
    REPLY_COPY       1629/75600  min=1500  n=260000
    REPLY_FUNNEL     191/111420  min=140  n=260000
    REPLY_WAKE       277/44380  min=200  n=260000
    REPLY_RECV_TOTAL 15965/1784640  min=15400  n=260000
    REPLY_RECV_TAIL  264/99700  min=240  n=259999
    WAKE_UNPARK      111/34880  min=40  n=520012
    PICK_NEXT        49/15060  min=20  n=520064
    SWITCH_TO        18618/355447980  min=9420  n=520013
    SWITCH_BOOK      75/124759  min=40  n=520039
    MPU_APPLY        184/53300  min=120  n=520039
    MPU_COMMIT       0/0  min=0  n=0
    REENT_SEAT       0/0  min=0  n=0
    KTIME_REARM      118/36020  min=100  n=520039
    ARCH_SWITCH      17928/355445760  min=8700  n=520013
  ns-probe: cyc=4294967295 ns=2149095570 capped=0
  sat-probe: width=64 fits+1/0 wide+0/1 max=1000

  throughput: 465750 ctx-sw/s  (2147 ns/sw avg over 40000 switches / 85 ms)
  switch-probe: fastpath-swaps=0  (swapped inside the trap, so not in the switch row)
  switch:    60/80/240 cyc  30/40/120 ns  (p50/p99/max, n=40002)
  lock-hold: 1024/2048/17760 cyc  512/1024/8886 ns  (p50/p99/max, n=80245)
  lock-site: core=0 site=0x40ad27 max=17760
  irq-probe: line=6 raise=inject on=0 raised=100 hcore=none foreign=0 win=0
  irq:       0/0/0 cyc  0/0/0 ns  (p50/max/max, n=0)
  wcase-probe: line=6 raise=inject on=0 raised=100 hcore=none foreign=0 win=0
  wcase-irq[0B]:    0/0/0 cyc  0/0/0 ns  (p50/max/max, n=0)
  wcase-probe: line=6 raise=inject on=0 raised=100 hcore=none foreign=0 win=0
  wcase-irq[64B]:   0/0/0 cyc  0/0/0 ns  (p50/max/max, n=0)
  wcase-probe: line=6 raise=inject on=0 raised=100 hcore=none foreign=0 win=0
  wcase-irq[256B]:  0/0/0 cyc  0/0/0 ns  (p50/max/max, n=0)
  wcase-probe: line=6 raise=inject on=0 raised=100 hcore=none foreign=0 win=0
  wcase-irq[1024B]: 0/0/0 cyc  0/0/0 ns  (p50/max/max, n=0)
  e2e-settle: settled=2/2
  e2e-probe: line=7 closed=1000 dropped=0 tare=290/573 ns  (min/avg, n=64)
  e2e-passes: asked=1000 raised=1000
  e2e-local: 4096/4096/614140 ns  (p50/p99/max, n=1000)
  throughput: 468324 ctx-sw/s  (2135 ns/sw avg over 40000 switches / 85 ms)
  switch-probe: fastpath-swaps=0  (swapped inside the trap, so not in the switch row)
  switch:    60/80/740 cyc  30/40/370 ns  (p50/p99/max, n=40002)
  lock-hold: 1920/1920/60240 cyc  960/960/30142 ns  (p50/p99/max, n=80248)
  lock-site: core=0 site=0x418288 max=60240
  irq-probe: line=6 raise=inject on=0 raised=100 hcore=none foreign=0 win=0
  irq:       0/0/0 cyc  0/0/0 ns  (p50/max/max, n=0)
  wcase-probe: line=6 raise=inject on=0 raised=100 hcore=none foreign=0 win=0
  wcase-irq[0B]:    0/0/0 cyc  0/0/0 ns  (p50/max/max, n=0)
  wcase-probe: line=6 raise=inject on=0 raised=100 hcore=none foreign=0 win=0
  wcase-irq[64B]:   0/0/0 cyc  0/0/0 ns  (p50/max/max, n=0)
  wcase-probe: line=6 raise=inject on=0 raised=100 hcore=none foreign=0 win=0
  wcase-irq[256B]:  0/0/0 cyc  0/0/0 ns  (p50/max/max, n=0)
  wcase-probe: line=6 raise=inject on=0 raised=100 hcore=none foreign=0 win=0
  wcase-irq[1024B]: 0/0/0 cyc  0/0/0 ns  (p50/max/max, n=0)
  e2e-settle: settled=2/2
  e2e-probe: line=7 closed=1000 dropped=0 tare=290/573 ns  (min/avg, n=64)
  e2e-passes: asked=1000 raised=1000
  e2e-local: 4096/4096/22277 ns  (p50/p99/max, n=1000)
  throughput: 474176 ctx-sw/s  (2108 ns/sw avg over 40000 switches / 84 ms)
  switch-probe: fastpath-swaps=0  (swapped inside the trap, so not in the switch row)
  switch:    60/80/200 cyc  30/40/100 ns  (p50/p99/max, n=40002)
  lock-hold: 1152/1920/37540 cyc  576/960/18784 ns  (p50/p99/max, n=80248)
  lock-site: core=0 site=0x418288 max=37540
  irq-probe: line=6 raise=inject on=0 raised=100 hcore=none foreign=0 win=0
  irq:       0/0/0 cyc  0/0/0 ns  (p50/max/max, n=0)
  wcase-probe: line=6 raise=inject on=0 raised=100 hcore=none foreign=0 win=0
  wcase-irq[0B]:    0/0/0 cyc  0/0/0 ns  (p50/max/max, n=0)
  wcase-probe: line=6 raise=inject on=0 raised=100 hcore=none foreign=0 win=0
  wcase-irq[64B]:   0/0/0 cyc  0/0/0 ns  (p50/max/max, n=0)
  wcase-probe: line=6 raise=inject on=0 raised=100 hcore=none foreign=0 win=0
  wcase-irq[256B]:  0/0/0 cyc  0/0/0 ns  (p50/max/max, n=0)
  wcase-probe: line=6 raise=inject on=0 raised=100 hcore=none foreign=0 win=0
  wcase-irq[1024B]: 0/0/0 cyc  0/0/0 ns  (p50/max/max, n=0)
  e2e-settle: settled=2/2
  e2e-probe: line=7 closed=1000 dropped=0 tare=290/573 ns  (min/avg, n=64)
  e2e-passes: asked=1000 raised=1000
  e2e-local: 4096/6144/55391 ns  (p50/p99/max, n=1000)
  xtask ping-pong: 7978 ns/switch  (40000 switches / 319 ms)
  xtask call/reply: 16 B  25148 ns/round-trip  (39763 round-trips/s over 20000 calls / 502 ms)
  spawn/exit: thread 45703 ns  (200 reps / 9 ms)
  spawn/exit: task 90952 ns  (200 reps / 18 ms)
bench: done

KICKOS-EXIT status 0
POLL_OK=1 POLL_MS=4800
