[2J[001;001H[=3h[2J[001;001H[2J[001;001H[8;042;160t[2J[001;001H[2J[001;001H[8;056;240t[2J[001;001HBdsDxe: loading Boot0002 "UEFI QEMU HARDDISK QM00001 " from PciRoot(0x0)/Pci(0x1F,0x2)/Sata(0x0,0xFFFF,0x0)
BdsDxe: starting Boot0002 "UEFI QEMU HARDDISK QM00001 " from PciRoot(0x0)/Pci(0x1F,0x2)/Sata(0x0,0xFFFF,0x0)

KICKOS-X1 8c41d7a2 x86_64/q35 uefi-handover entry
KICKOS-X1 8c41d7a2 x86_64/q35 uefi-handover handover if=1 paging=1 longmode=1 root=1 wp=1 nx=1 nxcap=1
KICKOS-X1 8c41d7a2 x86_64/q35 uefi-handover if_after_cli=0
KICKOS-X1 8c41d7a2 x86_64/q35 uefi-handover firmware=Debian distribution of EDK II
KICKOS-X1 8c41d7a2 x86_64/q35 uefi-handover revision=0x0000000000020046
KICKOS-X1 8c41d7a2 x86_64/q35 uefi-handover map descriptors=109 stride=48 version=1 conventional_pages=117655 arena=0x0000000001800000 arena_pages=107372
KICKOS-X1 8c41d7a2 x86_64/q35 uefi-handover fp found em=0 ts=0 mp=1 osfxsr=1 osxmmexcpt=1 osxsave=0
KICKOS-X1 8c41d7a2 x86_64/q35 uefi-handover fp trapped em=1 ts=1 mp=1 osfxsr=0 osxmmexcpt=0 osxsave=0
KICKOS-X1 8c41d7a2 x86_64/q35 uefi-handover boot services left
KICKOS-X1 8c41d7a2 x86_64/q35 uefi-handover if_after_exit=0
x86_64 app relocation: base=0x0000000000400000 load_delta=0x0000000000000000 app_words=0

  ==============================================
   KickOS 0.5.1  -  microkernel RTOS
  ==============================================
   board   qemu-x86_64
   arch    x86_64
   cpu     x86-64-v3
   mpu     off
   sched   tickless
   build   2026-09-30 09:45:56 +0200
   app     Sep 30 2026 09:45:57 +0200
   commit  628de9cb
   heap    none
   kstack  4096 B x 33 = 135168 B

microbenchmark: context-switch throughput (all arches) + per-switch cost
+ IRQ-entry latency where a cycle counter exists. Reporter woken by the
workload, not a timer. Telemetry OFF for clean numbers.
cycle counter: 1998623401 Hz (0 = no rate converts a reading; cycles only)

  lock-probe: hold+1 core=0 depth=0  (three nested, one outermost)
  call/reply: 8 B  8708 ns/round-trip  (114831 round-trips/s over 20000 calls / 174 ms)
  call/reply: 16 B  8679 ns/round-trip  (115216 round-trips/s over 20000 calls / 173 ms)
  call/reply: 32 B  8712 ns/round-trip  (114775 round-trips/s over 20000 calls / 174 ms)
  call/reply: 64 B  8686 ns/round-trip  (115116 round-trips/s over 20000 calls / 173 ms)
  call/reply: 128 B  8877 ns/round-trip  (112641 round-trips/s over 20000 calls / 177 ms)
  call/reply: 256 B  8819 ns/round-trip  (113386 round-trips/s over 20000 calls / 176 ms)
  call/reply: 8 B  8790 ns/round-trip  (113752 round-trips/s over 20000 calls / 175 ms) [generic path]
  call/reply: 16 B  8724 ns/round-trip  (114621 round-trips/s over 20000 calls / 174 ms) [generic path]
  call/reply: 32 B  8711 ns/round-trip  (114795 round-trips/s over 20000 calls / 174 ms) [generic path]
  call/reply: 64 B  8660 ns/round-trip  (115464 round-trips/s over 20000 calls / 173 ms) [generic path]
  call/reply: 128 B  9127 ns/round-trip  (109564 round-trips/s over 20000 calls / 182 ms) [generic path]
  call/reply: 256 B  8819 ns/round-trip  (113383 round-trips/s over 20000 calls / 176 ms) [generic path]
  call/reply: 32 B  8923 ns/round-trip  (112062 round-trips/s over 20000 calls / 178 ms) [caller outranks server, D1 donates]
  phase table (44 rows; cyc avg/max, min last and a floor; leaf -= NULL, composite -= NULL + k*(NEST-NULL)):
    NULL             15/4720  min=1  n=260000
    NEST             86/25620  min=79  n=260000
    NEST_LOCK        48/40980  min=40  n=260000
    CALL_TOTAL       16399/2657880  min=15720  n=259999
    CALL_VALIDATE    181/127540  min=160  n=260000
    CALL_LOCKED      15920/2657040  min=15260  n=259999
    CALL_RESOLVE     203/16220  min=180  n=260000
    CALL_PEEK        95/21800  min=80  n=260000
    CALL_PROBE       44/28580  min=20  n=259999
    CALL_POP         173/41640  min=140  n=259999
    CALL_COPY        1724/72740  min=1580  n=259999
    CALL_MINT        1397/192700  min=1320  n=259999
    CALL_MINT_CAP    220/99140  min=199  n=259999
    CALL_MINT_INFO   994/57780  min=920  n=259999
    CALL_DONATE      93/22280  min=80  n=19999
    CALL_PARK        386/62340  min=360  n=259999
    CALL_WAKE        10809/2651940  min=10300  n=259999
    CALL_RESUME      99/13500  min=80  n=260000
    CALL_SLOW_TOTAL  458640/458640  min=458640  n=1
    CALL_SLOW_LOCKED 441560/441560  min=441560  n=1
    CALL_SLOW_DONATE 0/0  min=0  n=0
    CALL_SLOW_PARK   339740/339740  min=339740  n=1
    RECV_LOCKED      11414/1311940  min=10900  n=259999
    RECV_RESOLVE     442/118840  min=400  n=260000
    RECV_SCAN        193/42440  min=160  n=259999
    RECV_PARK        10527/1111900  min=10020  n=259999
    REPLY_TOTAL      74440/616980  min=7180  n=13
    REPLY_VALIDATE   6776/40240  min=1300  n=13
    REPLY_LOCKED     2829/412780  min=2640  n=260000
    REPLY_LOOKUP     368/211260  min=320  n=260000
    REPLY_COPY       1649/108780  min=1500  n=260000
    REPLY_FUNNEL     197/63300  min=140  n=260000
    REPLY_WAKE       283/30240  min=200  n=260000
    REPLY_RECV_TOTAL 16175/1708960  min=15460  n=260000
    REPLY_RECV_TAIL  270/125780  min=240  n=259999
    WAKE_UNPARK      110/26960  min=40  n=520012
    PICK_NEXT        52/637820  min=20  n=520064
    SWITCH_TO        18908/365154740  min=9420  n=520013
    SWITCH_BOOK      77/136300  min=60  n=520039
    MPU_APPLY        185/46220  min=140  n=520039
    MPU_COMMIT       0/0  min=0  n=0
    REENT_SEAT       0/0  min=0  n=0
    KTIME_REARM      119/23720  min=100  n=520039
    ARCH_SWITCH      18210/365152860  min=8720  n=520013
  ns-probe: cyc=4294967295 ns=2148962777 capped=0
  sat-probe: width=64 fits+1/0 wide+0/1 max=1000

  throughput: 469911 ctx-sw/s  (2128 ns/sw avg over 40000 switches / 85 ms)
  switch-probe: fastpath-swaps=0  (swapped inside the trap, so not in the switch row)
  switch:    60/80/800 cyc  30/40/400 ns  (p50/p99/max, n=40002)
  lock-hold: 1024/2048/48960 cyc  512/1024/24496 ns  (p50/p99/max, n=80245)
  lock-site: core=0 site=0x418288 max=48960
  irq-probe: line=6 raise=inject on=0 raised=100 hcore=none foreign=0 win=0
  irq:       0/0/0 cyc  0/0/0 ns  (p50/max/max, n=0)
  wcase-probe: line=6 raise=inject on=0 raised=100 hcore=none foreign=0 win=0
  wcase-irq[0B]:    0/0/0 cyc  0/0/0 ns  (p50/max/max, n=0)
  wcase-probe: line=6 raise=inject on=0 raised=100 hcore=none foreign=0 win=0
  wcase-irq[64B]:   0/0/0 cyc  0/0/0 ns  (p50/max/max, n=0)
  wcase-probe: line=6 raise=inject on=0 raised=100 hcore=none foreign=0 win=0
  wcase-irq[256B]:  0/0/0 cyc  0/0/0 ns  (p50/max/max, n=0)
  wcase-probe: line=6 raise=inject on=0 raised=100 hcore=none foreign=0 win=0
  wcase-irq[1024B]: 0/0/0 cyc  0/0/0 ns  (p50/max/max, n=0)
  e2e-settle: settled=2/2
  e2e-probe: line=7 closed=1000 dropped=0 tare=300/590 ns  (min/avg, n=64)
  e2e-passes: asked=1000 raised=1000
  e2e-local: 4096/4096/614433 ns  (p50/p99/max, n=1000)
  throughput: 468728 ctx-sw/s  (2133 ns/sw avg over 40000 switches / 85 ms)
  switch-probe: fastpath-swaps=0  (swapped inside the trap, so not in the switch row)
  switch:    60/80/120 cyc  30/40/60 ns  (p50/p99/max, n=40002)
  lock-hold: 1152/1920/51800 cyc  576/960/25917 ns  (p50/p99/max, n=80247)
  lock-site: core=0 site=0x418288 max=51800
  irq-probe: line=6 raise=inject on=0 raised=100 hcore=none foreign=0 win=0
  irq:       0/0/0 cyc  0/0/0 ns  (p50/max/max, n=0)
  wcase-probe: line=6 raise=inject on=0 raised=100 hcore=none foreign=0 win=0
  wcase-irq[0B]:    0/0/0 cyc  0/0/0 ns  (p50/max/max, n=0)
  wcase-probe: line=6 raise=inject on=0 raised=100 hcore=none foreign=0 win=0
  wcase-irq[64B]:   0/0/0 cyc  0/0/0 ns  (p50/max/max, n=0)
  wcase-probe: line=6 raise=inject on=0 raised=100 hcore=none foreign=0 win=0
  wcase-irq[256B]:  0/0/0 cyc  0/0/0 ns  (p50/max/max, n=0)
  wcase-probe: line=6 raise=inject on=0 raised=100 hcore=none foreign=0 win=0
  wcase-irq[1024B]: 0/0/0 cyc  0/0/0 ns  (p50/max/max, n=0)
  e2e-settle: settled=2/2
  e2e-probe: line=7 closed=1000 dropped=0 tare=300/590 ns  (min/avg, n=64)
  e2e-passes: asked=1000 raised=1000
  e2e-local: 4096/5632/37907 ns  (p50/p99/max, n=1000)
  throughput: 465832 ctx-sw/s  (2146 ns/sw avg over 40000 switches / 85 ms)
  switch-probe: fastpath-swaps=0  (swapped inside the trap, so not in the switch row)
  switch:    60/80/240 cyc  30/40/120 ns  (p50/p99/max, n=40002)
  lock-hold: 1280/2560/46580 cyc  640/1280/23306 ns  (p50/p99/max, n=80248)
  lock-site: core=0 site=0x40ad27 max=46580
  irq-probe: line=6 raise=inject on=0 raised=100 hcore=none foreign=0 win=0
  irq:       0/0/0 cyc  0/0/0 ns  (p50/max/max, n=0)
  wcase-probe: line=6 raise=inject on=0 raised=100 hcore=none foreign=0 win=0
  wcase-irq[0B]:    0/0/0 cyc  0/0/0 ns  (p50/max/max, n=0)
  wcase-probe: line=6 raise=inject on=0 raised=100 hcore=none foreign=0 win=0
  wcase-irq[64B]:   0/0/0 cyc  0/0/0 ns  (p50/max/max, n=0)
  wcase-probe: line=6 raise=inject on=0 raised=100 hcore=none foreign=0 win=0
  wcase-irq[256B]:  0/0/0 cyc  0/0/0 ns  (p50/max/max, n=0)
  wcase-probe: line=6 raise=inject on=0 raised=100 hcore=none foreign=0 win=0
  wcase-irq[1024B]: 0/0/0 cyc  0/0/0 ns  (p50/max/max, n=0)
  e2e-settle: settled=2/2
  e2e-probe: line=7 closed=1000 dropped=0 tare=300/590 ns  (min/avg, n=64)
  e2e-passes: asked=1000 raised=1000
  e2e-local: 4096/4096/30701 ns  (p50/p99/max, n=1000)
  xtask ping-pong: 7950 ns/switch  (40000 switches / 318 ms)
  xtask call/reply: 16 B  25367 ns/round-trip  (39421 round-trips/s over 20000 calls / 507 ms)
  spawn/exit: thread 45637 ns  (200 reps / 9 ms)
  spawn/exit: task 90091 ns  (200 reps / 18 ms)
bench: done

KICKOS-EXIT status 0
POLL_OK=1 POLL_MS=4800
