[2J[001;001H[=3h[2J[001;001H[2J[001;001H[8;042;160t[2J[001;001H[2J[001;001H[8;056;240t[2J[001;001HBdsDxe: loading Boot0002 "UEFI QEMU HARDDISK QM00001 " from PciRoot(0x0)/Pci(0x1F,0x2)/Sata(0x0,0xFFFF,0x0)
BdsDxe: starting Boot0002 "UEFI QEMU HARDDISK QM00001 " from PciRoot(0x0)/Pci(0x1F,0x2)/Sata(0x0,0xFFFF,0x0)

KICKOS-X1 8c41d7a2 x86_64/q35 uefi-handover entry
KICKOS-X1 8c41d7a2 x86_64/q35 uefi-handover handover if=1 paging=1 longmode=1 root=1 wp=1 nx=1 nxcap=1
KICKOS-X1 8c41d7a2 x86_64/q35 uefi-handover if_after_cli=0
KICKOS-X1 8c41d7a2 x86_64/q35 uefi-handover firmware=Debian distribution of EDK II
KICKOS-X1 8c41d7a2 x86_64/q35 uefi-handover revision=0x0000000000020046
KICKOS-X1 8c41d7a2 x86_64/q35 uefi-handover map descriptors=109 stride=48 version=1 conventional_pages=117666 arena=0x0000000001800000 arena_pages=107372
KICKOS-X1 8c41d7a2 x86_64/q35 uefi-handover fp found em=0 ts=0 mp=1 osfxsr=1 osxmmexcpt=1 osxsave=0
KICKOS-X1 8c41d7a2 x86_64/q35 uefi-handover fp trapped em=1 ts=1 mp=1 osfxsr=0 osxmmexcpt=0 osxsave=0
KICKOS-X1 8c41d7a2 x86_64/q35 uefi-handover boot services left
KICKOS-X1 8c41d7a2 x86_64/q35 uefi-handover if_after_exit=0
x86_64 app relocation: base=0x0000000000400000 load_delta=0x0000000000000000 app_words=0

  ==============================================
   KickOS 0.5.1  -  microkernel RTOS
  ==============================================
   board   qemu-x86_64
   arch    x86_64
   cpu     x86-64
   mpu     off
   sched   tickless
   build   2026-09-30 10:52:05 +0200
   app     Sep 30 2026 10:49:57 +0200
   commit  af2c68d6
   heap    none
   kstack  4096 B x 33 = 135168 B

microbenchmark: context-switch throughput (all arches) + per-switch cost
+ IRQ-entry latency where a cycle counter exists. Reporter woken by the
workload, not a timer. Telemetry OFF for clean numbers.
cycle counter: 1998333457 Hz (0 = no rate converts a reading; cycles only)

  lock-probe: hold+1 core=0 depth=0  (three nested, one outermost)
  call/reply: 8 B  7797 ns/round-trip  (128246 round-trips/s over 20000 calls / 155 ms)
  call/reply: 16 B  7645 ns/round-trip  (130797 round-trips/s over 20000 calls / 152 ms)
  call/reply: 32 B  7769 ns/round-trip  (128712 round-trips/s over 20000 calls / 155 ms)
  call/reply: 64 B  7708 ns/round-trip  (129725 round-trips/s over 20000 calls / 154 ms)
  call/reply: 128 B  7737 ns/round-trip  (129233 round-trips/s over 20000 calls / 154 ms)
  call/reply: 256 B  7802 ns/round-trip  (128169 round-trips/s over 20000 calls / 156 ms)
  call/reply: 8 B  7669 ns/round-trip  (130386 round-trips/s over 20000 calls / 153 ms) [generic path]
  call/reply: 16 B  7658 ns/round-trip  (130572 round-trips/s over 20000 calls / 153 ms) [generic path]
  call/reply: 32 B  7773 ns/round-trip  (128642 round-trips/s over 20000 calls / 155 ms) [generic path]
  call/reply: 64 B  7687 ns/round-trip  (130089 round-trips/s over 20000 calls / 153 ms) [generic path]
  call/reply: 128 B  7827 ns/round-trip  (127750 round-trips/s over 20000 calls / 156 ms) [generic path]
  call/reply: 256 B  7763 ns/round-trip  (128804 round-trips/s over 20000 calls / 155 ms) [generic path]
  call/reply: 32 B  7894 ns/round-trip  (126675 round-trips/s over 20000 calls / 157 ms) [caller outranks server, D1 donates]
  phase table (44 rows; cyc avg/max, min last and a floor; leaf -= NULL, composite -= NULL + k*(NEST-NULL)):
    NULL             15/4920  min=1  n=260000
    NEST             82/28340  min=60  n=260000
    NEST_LOCK        120/42160  min=100  n=260000
    CALL_TOTAL       14582/2625880  min=14060  n=259999
    CALL_VALIDATE    134/30600  min=120  n=260000
    CALL_LOCKED      14201/2624940  min=13660  n=259999
    CALL_RESOLVE     171/15920  min=140  n=260000
    CALL_PEEK        82/21820  min=60  n=260000
    CALL_PROBE       84/27400  min=80  n=259999
    CALL_POP         72/44800  min=60  n=259999
    CALL_COPY        1381/58180  min=1260  n=259999
    CALL_MINT        1419/188540  min=1340  n=259999
    CALL_MINT_CAP    318/97400  min=280  n=259999
    CALL_MINT_INFO   951/52320  min=900  n=259999
    CALL_DONATE      95/22480  min=80  n=19999
    CALL_PARK        280/62440  min=240  n=259999
    CALL_WAKE        9720/2620460  min=9320  n=259999
    CALL_RESUME      90/36000  min=80  n=260000
    CALL_SLOW_TOTAL  442400/442400  min=442400  n=1
    CALL_SLOW_LOCKED 424140/424140  min=424140  n=1
    CALL_SLOW_DONATE 0/0  min=0  n=0
    CALL_SLOW_PARK   321960/321960  min=321960  n=1
    RECV_LOCKED      9647/1290060  min=9340  n=259999
    RECV_RESOLVE     362/119920  min=339  n=260000
    RECV_SCAN        104/37100  min=80  n=259999
    RECV_PARK        8887/1090020  min=8600  n=259999
    REPLY_TOTAL      58393/402600  min=5640  n=13
    REPLY_VALIDATE   6161/31300  min=800  n=13
    REPLY_LOCKED     2612/409520  min=2460  n=260000
    REPLY_LOOKUP     331/208700  min=300  n=260000
    REPLY_COPY       1522/72100  min=1400  n=260000
    REPLY_FUNNEL     121/63580  min=80  n=260000
    REPLY_WAKE       282/38740  min=260  n=260000
    REPLY_RECV_TOTAL 13937/1752000  min=13440  n=260000
    REPLY_RECV_TAIL  413/98540  min=360  n=259999
    WAKE_UNPARK      64/39880  min=40  n=520012
    PICK_NEXT        44/14400  min=20  n=520064
    SWITCH_TO        16637/315849660  min=8160  n=520013
    SWITCH_BOOK      123/90120  min=99  n=520039
    MPU_APPLY        104/11300  min=80  n=520039
    MPU_COMMIT       0/0  min=0  n=0
    REENT_SEAT       0/0  min=0  n=0
    KTIME_REARM      60/30520  min=40  n=520039
    ARCH_SWITCH      16009/315847780  min=7560  n=520013
  ns-probe: cyc=4294967295 ns=2149274576 capped=0
  sat-probe: width=64 fits+1/0 wide+0/1 max=1000

  throughput: 506544 ctx-sw/s  (1974 ns/sw avg over 40000 switches / 78 ms)
  switch-probe: fastpath-swaps=0  (swapped inside the trap, so not in the switch row)
  switch:    60/80/140 cyc  30/40/70 ns  (p50/p99/max, n=40002)
  lock-hold: 768/1792/10540 cyc  384/896/5274 ns  (p50/p99/max, n=80244)
  lock-site: core=0 site=0x417d18 max=10540
  irq-probe: line=6 raise=inject on=0 raised=100 hcore=none foreign=0 win=0
  irq:       0/0/0 cyc  0/0/0 ns  (p50/max/max, n=0)
  wcase-probe: line=6 raise=inject on=0 raised=100 hcore=none foreign=0 win=0
  wcase-irq[0B]:    0/0/0 cyc  0/0/0 ns  (p50/max/max, n=0)
  wcase-probe: line=6 raise=inject on=0 raised=100 hcore=none foreign=0 win=0
  wcase-irq[64B]:   0/0/0 cyc  0/0/0 ns  (p50/max/max, n=0)
  wcase-probe: line=6 raise=inject on=0 raised=100 hcore=none foreign=0 win=0
  wcase-irq[256B]:  0/0/0 cyc  0/0/0 ns  (p50/max/max, n=0)
  wcase-probe: line=6 raise=inject on=0 raised=100 hcore=none foreign=0 win=0
  wcase-irq[1024B]: 0/0/0 cyc  0/0/0 ns  (p50/max/max, n=0)
  e2e-settle: settled=2/2
  e2e-probe: line=7 closed=1000 dropped=0 tare=280/557 ns  (min/avg, n=64)
  e2e-passes: asked=1000 raised=1000
  e2e-local: 4096/4096/612530 ns  (p50/p99/max, n=1000)
  throughput: 496073 ctx-sw/s  (2015 ns/sw avg over 40000 switches / 80 ms)
  switch-probe: fastpath-swaps=0  (swapped inside the trap, so not in the switch row)
  switch:    60/160/4780 cyc  30/80/2391 ns  (p50/p99/max, n=40002)
  lock-hold: 1664/2048/38640 cyc  832/1024/19336 ns  (p50/p99/max, n=80251)
  lock-site: core=0 site=0x417d18 max=38640
  irq-probe: line=6 raise=inject on=0 raised=100 hcore=none foreign=0 win=0
  irq:       0/0/0 cyc  0/0/0 ns  (p50/max/max, n=0)
  wcase-probe: line=6 raise=inject on=0 raised=100 hcore=none foreign=0 win=0
  wcase-irq[0B]:    0/0/0 cyc  0/0/0 ns  (p50/max/max, n=0)
  wcase-probe: line=6 raise=inject on=0 raised=100 hcore=none foreign=0 win=0
  wcase-irq[64B]:   0/0/0 cyc  0/0/0 ns  (p50/max/max, n=0)
  wcase-probe: line=6 raise=inject on=0 raised=100 hcore=none foreign=0 win=0
  wcase-irq[256B]:  0/0/0 cyc  0/0/0 ns  (p50/max/max, n=0)
  wcase-probe: line=6 raise=inject on=0 raised=100 hcore=none foreign=0 win=0
  wcase-irq[1024B]: 0/0/0 cyc  0/0/0 ns  (p50/max/max, n=0)
  e2e-settle: settled=2/2
  e2e-probe: line=7 closed=1000 dropped=0 tare=280/557 ns  (min/avg, n=64)
  e2e-passes: asked=1000 raised=1000
  e2e-local: 4096/5120/61581 ns  (p50/p99/max, n=1000)
  throughput: 507470 ctx-sw/s  (1970 ns/sw avg over 40000 switches / 78 ms)
  switch-probe: fastpath-swaps=0  (swapped inside the trap, so not in the switch row)
  switch:    60/80/240 cyc  30/40/120 ns  (p50/p99/max, n=40002)
  lock-hold: 1024/1792/16780 cyc  512/896/8396 ns  (p50/p99/max, n=80248)
  lock-site: core=0 site=0x417d18 max=16780
  irq-probe: line=6 raise=inject on=0 raised=100 hcore=none foreign=0 win=0
  irq:       0/0/0 cyc  0/0/0 ns  (p50/max/max, n=0)
  wcase-probe: line=6 raise=inject on=0 raised=100 hcore=none foreign=0 win=0
  wcase-irq[0B]:    0/0/0 cyc  0/0/0 ns  (p50/max/max, n=0)
  wcase-probe: line=6 raise=inject on=0 raised=100 hcore=none foreign=0 win=0
  wcase-irq[64B]:   0/0/0 cyc  0/0/0 ns  (p50/max/max, n=0)
  wcase-probe: line=6 raise=inject on=0 raised=100 hcore=none foreign=0 win=0
  wcase-irq[256B]:  0/0/0 cyc  0/0/0 ns  (p50/max/max, n=0)
  wcase-probe: line=6 raise=inject on=0 raised=100 hcore=none foreign=0 win=0
  wcase-irq[1024B]: 0/0/0 cyc  0/0/0 ns  (p50/max/max, n=0)
  e2e-settle: settled=2/2
  e2e-probe: line=7 closed=1000 dropped=0 tare=280/557 ns  (min/avg, n=64)
  e2e-passes: asked=1000 raised=1000
  e2e-local: 4096/4096/53564 ns  (p50/p99/max, n=1000)
  xtask ping-pong: 7491 ns/switch  (40000 switches / 299 ms)
  xtask call/reply: 16 B  24258 ns/round-trip  (41222 round-trips/s over 20000 calls / 485 ms)
  spawn/exit: thread 39700 ns  (200 reps / 7 ms)
  spawn/exit: task 88290 ns  (200 reps / 17 ms)
bench: done

KICKOS-EXIT status 0
POLL_OK=1 POLL_MS=4600
