[2J[001;001H[=3h[2J[001;001H[2J[001;001H[8;042;160t[2J[001;001H[2J[001;001H[8;056;240t[2J[001;001HBdsDxe: loading Boot0002 "UEFI QEMU HARDDISK QM00001 " from PciRoot(0x0)/Pci(0x1F,0x2)/Sata(0x0,0xFFFF,0x0)
BdsDxe: starting Boot0002 "UEFI QEMU HARDDISK QM00001 " from PciRoot(0x0)/Pci(0x1F,0x2)/Sata(0x0,0xFFFF,0x0)

KICKOS-X1 8c41d7a2 x86_64/q35 uefi-handover entry
KICKOS-X1 8c41d7a2 x86_64/q35 uefi-handover handover if=1 paging=1 longmode=1 root=1 wp=1 nx=1 nxcap=1
KICKOS-X1 8c41d7a2 x86_64/q35 uefi-handover if_after_cli=0
KICKOS-X1 8c41d7a2 x86_64/q35 uefi-handover firmware=Debian distribution of EDK II
KICKOS-X1 8c41d7a2 x86_64/q35 uefi-handover revision=0x0000000000020046
KICKOS-X1 8c41d7a2 x86_64/q35 uefi-handover map descriptors=109 stride=48 version=1 conventional_pages=117666 arena=0x0000000001800000 arena_pages=107372
KICKOS-X1 8c41d7a2 x86_64/q35 uefi-handover fp found em=0 ts=0 mp=1 osfxsr=1 osxmmexcpt=1 osxsave=0
KICKOS-X1 8c41d7a2 x86_64/q35 uefi-handover fp trapped em=1 ts=1 mp=1 osfxsr=0 osxmmexcpt=0 osxsave=0
KICKOS-X1 8c41d7a2 x86_64/q35 uefi-handover boot services left
KICKOS-X1 8c41d7a2 x86_64/q35 uefi-handover if_after_exit=0
x86_64 app relocation: base=0x0000000000400000 load_delta=0x0000000000000000 app_words=0

  ==============================================
   KickOS 0.5.1  -  microkernel RTOS
  ==============================================
   board   qemu-x86_64
   arch    x86_64
   cpu     x86-64
   mpu     off
   sched   tickless
   build   2026-09-30 10:52:05 +0200
   app     Sep 30 2026 10:49:57 +0200
   commit  af2c68d6
   heap    none
   kstack  4096 B x 33 = 135168 B

microbenchmark: context-switch throughput (all arches) + per-switch cost
+ IRQ-entry latency where a cycle counter exists. Reporter woken by the
workload, not a timer. Telemetry OFF for clean numbers.
cycle counter: 1999486668 Hz (0 = no rate converts a reading; cycles only)

  lock-probe: hold+1 core=0 depth=0  (three nested, one outermost)
  call/reply: 8 B  8364 ns/round-trip  (119552 round-trips/s over 20000 calls / 167 ms)
  call/reply: 16 B  7663 ns/round-trip  (130495 round-trips/s over 20000 calls / 153 ms)
  call/reply: 32 B  7708 ns/round-trip  (129720 round-trips/s over 20000 calls / 154 ms)
  call/reply: 64 B  7758 ns/round-trip  (128883 round-trips/s over 20000 calls / 155 ms)
  call/reply: 128 B  7728 ns/round-trip  (129397 round-trips/s over 20000 calls / 154 ms)
  call/reply: 256 B  7802 ns/round-trip  (128167 round-trips/s over 20000 calls / 156 ms)
  call/reply: 8 B  7673 ns/round-trip  (130316 round-trips/s over 20000 calls / 153 ms) [generic path]
  call/reply: 16 B  7678 ns/round-trip  (130238 round-trips/s over 20000 calls / 153 ms) [generic path]
  call/reply: 32 B  7706 ns/round-trip  (129764 round-trips/s over 20000 calls / 154 ms) [generic path]
  call/reply: 64 B  7840 ns/round-trip  (127547 round-trips/s over 20000 calls / 156 ms) [generic path]
  call/reply: 128 B  7893 ns/round-trip  (126693 round-trips/s over 20000 calls / 157 ms) [generic path]
  call/reply: 256 B  8065 ns/round-trip  (123984 round-trips/s over 20000 calls / 161 ms) [generic path]
  call/reply: 32 B  8120 ns/round-trip  (123141 round-trips/s over 20000 calls / 162 ms) [caller outranks server, D1 donates]
  phase table (44 rows; cyc avg/max, min last and a floor; leaf -= NULL, composite -= NULL + k*(NEST-NULL)):
    NULL             15/12220  min=1  n=260000
    NEST             84/25040  min=60  n=260000
    NEST_LOCK        110/114340  min=80  n=260000
    CALL_TOTAL       14747/2650140  min=13940  n=259999
    CALL_VALIDATE    135/32640  min=120  n=260000
    CALL_LOCKED      14366/2648660  min=13599  n=259999
    CALL_RESOLVE     173/59120  min=140  n=260000
    CALL_PEEK        83/21320  min=60  n=260000
    CALL_PROBE       85/28180  min=80  n=259999
    CALL_POP         72/36980  min=60  n=259999
    CALL_COPY        1385/57420  min=1260  n=259999
    CALL_MINT        1440/189180  min=1340  n=259999
    CALL_MINT_CAP    326/96760  min=280  n=259999
    CALL_MINT_INFO   963/52560  min=900  n=259999
    CALL_DONATE      96/19640  min=80  n=19999
    CALL_PARK        240/86660  min=220  n=259999
    CALL_WAKE        9852/2644220  min=9280  n=259999
    CALL_RESUME      87/14380  min=80  n=260000
    CALL_SLOW_TOTAL  463980/463980  min=463980  n=1
    CALL_SLOW_LOCKED 447260/447260  min=447260  n=1
    CALL_SLOW_DONATE 0/0  min=0  n=0
    CALL_SLOW_PARK   346300/346300  min=346300  n=1
    RECV_LOCKED      9786/1380920  min=9300  n=259999
    RECV_RESOLVE     378/123760  min=340  n=260000
    RECV_SCAN        106/39940  min=80  n=259999
    RECV_PARK        9004/1173260  min=8540  n=259999
    REPLY_TOTAL      77290/653900  min=6400  n=13
    REPLY_VALIDATE   7387/37140  min=1160  n=13
    REPLY_LOCKED     2646/451300  min=2420  n=260000
    REPLY_LOOKUP     342/209480  min=300  n=260000
    REPLY_COPY       1522/115280  min=1380  n=260000
    REPLY_FUNNEL     123/105260  min=100  n=260000
    REPLY_WAKE       289/78800  min=260  n=260000
    REPLY_RECV_TOTAL 14137/1777800  min=13400  n=260000
    REPLY_RECV_TAIL  404/99140  min=360  n=259999
    WAKE_UNPARK      66/78260  min=40  n=520012
    PICK_NEXT        47/15680  min=20  n=520064
    SWITCH_TO        16856/336207500  min=8100  n=520013
    SWITCH_BOOK      118/165960  min=100  n=520039
    MPU_APPLY        106/11360  min=80  n=520039
    MPU_COMMIT       0/0  min=0  n=0
    REENT_SEAT       0/0  min=0  n=0
    KTIME_REARM      62/23920  min=40  n=520039
    ARCH_SWITCH      16219/336113580  min=7500  n=520013
  ns-probe: cyc=4294967295 ns=2148034975 capped=0
  sat-probe: width=64 fits+1/0 wide+0/1 max=1000

  throughput: 494840 ctx-sw/s  (2020 ns/sw avg over 40000 switches / 80 ms)
  switch-probe: fastpath-swaps=0  (swapped inside the trap, so not in the switch row)
  switch:    60/80/420 cyc  30/40/210 ns  (p50/p99/max, n=40002)
  lock-hold: 1024/1792/37520 cyc  512/896/18764 ns  (p50/p99/max, n=80245)
  lock-site: core=0 site=0x417d18 max=37520
  irq-probe: line=6 raise=inject on=0 raised=100 hcore=none foreign=0 win=0
  irq:       0/0/0 cyc  0/0/0 ns  (p50/max/max, n=0)
  wcase-probe: line=6 raise=inject on=0 raised=100 hcore=none foreign=0 win=0
  wcase-irq[0B]:    0/0/0 cyc  0/0/0 ns  (p50/max/max, n=0)
  wcase-probe: line=6 raise=inject on=0 raised=100 hcore=none foreign=0 win=0
  wcase-irq[64B]:   0/0/0 cyc  0/0/0 ns  (p50/max/max, n=0)
  wcase-probe: line=6 raise=inject on=0 raised=100 hcore=none foreign=0 win=0
  wcase-irq[256B]:  0/0/0 cyc  0/0/0 ns  (p50/max/max, n=0)
  wcase-probe: line=6 raise=inject on=0 raised=100 hcore=none foreign=0 win=0
  wcase-irq[1024B]: 0/0/0 cyc  0/0/0 ns  (p50/max/max, n=0)
  e2e-settle: settled=2/2
  e2e-probe: line=7 closed=1000 dropped=0 tare=280/555 ns  (min/avg, n=64)
  e2e-passes: asked=1000 raised=1000
  e2e-local: 4096/5120/621339 ns  (p50/p99/max, n=1000)
  throughput: 496898 ctx-sw/s  (2012 ns/sw avg over 40000 switches / 80 ms)
  switch-probe: fastpath-swaps=0  (swapped inside the trap, so not in the switch row)
  switch:    60/96/520 cyc  30/48/260 ns  (p50/p99/max, n=40002)
  lock-hold: 1664/2560/60580 cyc  832/1280/30297 ns  (p50/p99/max, n=80248)
  lock-site: core=0 site=0x417d18 max=60580
  irq-probe: line=6 raise=inject on=0 raised=100 hcore=none foreign=0 win=0
  irq:       0/0/0 cyc  0/0/0 ns  (p50/max/max, n=0)
  wcase-probe: line=6 raise=inject on=0 raised=100 hcore=none foreign=0 win=0
  wcase-irq[0B]:    0/0/0 cyc  0/0/0 ns  (p50/max/max, n=0)
  wcase-probe: line=6 raise=inject on=0 raised=100 hcore=none foreign=0 win=0
  wcase-irq[64B]:   0/0/0 cyc  0/0/0 ns  (p50/max/max, n=0)
  wcase-probe: line=6 raise=inject on=0 raised=100 hcore=none foreign=0 win=0
  wcase-irq[256B]:  0/0/0 cyc  0/0/0 ns  (p50/max/max, n=0)
  wcase-probe: line=6 raise=inject on=0 raised=100 hcore=none foreign=0 win=0
  wcase-irq[1024B]: 0/0/0 cyc  0/0/0 ns  (p50/max/max, n=0)
  e2e-settle: settled=2/2
  e2e-probe: line=7 closed=1000 dropped=0 tare=280/555 ns  (min/avg, n=64)
  e2e-passes: asked=1000 raised=1000
  e2e-local: 4096/5120/64076 ns  (p50/p99/max, n=1000)
  throughput: 507709 ctx-sw/s  (1969 ns/sw avg over 40000 switches / 78 ms)
  switch-probe: fastpath-swaps=0  (swapped inside the trap, so not in the switch row)
  switch:    60/80/400 cyc  30/40/200 ns  (p50/p99/max, n=40002)
  lock-hold: 1024/1792/10400 cyc  512/896/5201 ns  (p50/p99/max, n=80248)
  lock-site: core=0 site=0x417d18 max=10400
  irq-probe: line=6 raise=inject on=0 raised=100 hcore=none foreign=0 win=0
  irq:       0/0/0 cyc  0/0/0 ns  (p50/max/max, n=0)
  wcase-probe: line=6 raise=inject on=0 raised=100 hcore=none foreign=0 win=0
  wcase-irq[0B]:    0/0/0 cyc  0/0/0 ns  (p50/max/max, n=0)
  wcase-probe: line=6 raise=inject on=0 raised=100 hcore=none foreign=0 win=0
  wcase-irq[64B]:   0/0/0 cyc  0/0/0 ns  (p50/max/max, n=0)
  wcase-probe: line=6 raise=inject on=0 raised=100 hcore=none foreign=0 win=0
  wcase-irq[256B]:  0/0/0 cyc  0/0/0 ns  (p50/max/max, n=0)
  wcase-probe: line=6 raise=inject on=0 raised=100 hcore=none foreign=0 win=0
  wcase-irq[1024B]: 0/0/0 cyc  0/0/0 ns  (p50/max/max, n=0)
  e2e-settle: settled=2/2
  e2e-probe: line=7 closed=1000 dropped=0 tare=280/555 ns  (min/avg, n=64)
  e2e-passes: asked=1000 raised=1000
  e2e-local: 4096/4096/44422 ns  (p50/p99/max, n=1000)
  xtask ping-pong: 7470 ns/switch  (40000 switches / 298 ms)
  xtask call/reply: 16 B  24584 ns/round-trip  (40676 round-trips/s over 20000 calls / 491 ms)
  spawn/exit: thread 40101 ns  (200 reps / 8 ms)
  spawn/exit: task 88388 ns  (200 reps / 17 ms)
bench: done

KICKOS-EXIT status 0
POLL_OK=1 POLL_MS=4600
