[2J[001;001H[=3h[2J[001;001H[2J[001;001H[8;042;160t[2J[001;001H[2J[001;001H[8;056;240t[2J[001;001HBdsDxe: loading Boot0002 "UEFI QEMU HARDDISK QM00001 " from PciRoot(0x0)/Pci(0x1F,0x2)/Sata(0x0,0xFFFF,0x0)
BdsDxe: starting Boot0002 "UEFI QEMU HARDDISK QM00001 " from PciRoot(0x0)/Pci(0x1F,0x2)/Sata(0x0,0xFFFF,0x0)

KICKOS-X1 8c41d7a2 x86_64/q35 uefi-handover entry
KICKOS-X1 8c41d7a2 x86_64/q35 uefi-handover handover if=1 paging=1 longmode=1 root=1 wp=1 nx=1 nxcap=1
KICKOS-X1 8c41d7a2 x86_64/q35 uefi-handover if_after_cli=0
KICKOS-X1 8c41d7a2 x86_64/q35 uefi-handover firmware=Debian distribution of EDK II
KICKOS-X1 8c41d7a2 x86_64/q35 uefi-handover revision=0x0000000000020046
KICKOS-X1 8c41d7a2 x86_64/q35 uefi-handover map descriptors=109 stride=48 version=1 conventional_pages=117666 arena=0x0000000001800000 arena_pages=107372
KICKOS-X1 8c41d7a2 x86_64/q35 uefi-handover fp found em=0 ts=0 mp=1 osfxsr=1 osxmmexcpt=1 osxsave=0
KICKOS-X1 8c41d7a2 x86_64/q35 uefi-handover fp trapped em=1 ts=1 mp=1 osfxsr=0 osxmmexcpt=0 osxsave=0
KICKOS-X1 8c41d7a2 x86_64/q35 uefi-handover boot services left
KICKOS-X1 8c41d7a2 x86_64/q35 uefi-handover if_after_exit=0
x86_64 app relocation: base=0x0000000000400000 load_delta=0x0000000000000000 app_words=0

  ==============================================
   KickOS 0.5.1  -  microkernel RTOS
  ==============================================
   board   qemu-x86_64
   arch    x86_64
   cpu     x86-64
   mpu     off
   sched   tickless
   build   2026-09-30 10:52:05 +0200
   app     Sep 30 2026 10:49:57 +0200
   commit  af2c68d6
   heap    none
   kstack  4096 B x 33 = 135168 B

microbenchmark: context-switch throughput (all arches) + per-switch cost
+ IRQ-entry latency where a cycle counter exists. Reporter woken by the
workload, not a timer. Telemetry OFF for clean numbers.
cycle counter: 1998583429 Hz (0 = no rate converts a reading; cycles only)

  lock-probe: hold+1 core=0 depth=0  (three nested, one outermost)
  call/reply: 8 B  7790 ns/round-trip  (128363 round-trips/s over 20000 calls / 155 ms)
  call/reply: 16 B  7639 ns/round-trip  (130895 round-trips/s over 20000 calls / 152 ms)
  call/reply: 32 B  7690 ns/round-trip  (130023 round-trips/s over 20000 calls / 153 ms)
  call/reply: 64 B  7672 ns/round-trip  (130328 round-trips/s over 20000 calls / 153 ms)
  call/reply: 128 B  7717 ns/round-trip  (129574 round-trips/s over 20000 calls / 154 ms)
  call/reply: 256 B  7858 ns/round-trip  (127258 round-trips/s over 20000 calls / 157 ms)
  call/reply: 8 B  7809 ns/round-trip  (128046 round-trips/s over 20000 calls / 156 ms) [generic path]
  call/reply: 16 B  7678 ns/round-trip  (130229 round-trips/s over 20000 calls / 153 ms) [generic path]
  call/reply: 32 B  7710 ns/round-trip  (129689 round-trips/s over 20000 calls / 154 ms) [generic path]
  call/reply: 64 B  7859 ns/round-trip  (127227 round-trips/s over 20000 calls / 157 ms) [generic path]
  call/reply: 128 B  7719 ns/round-trip  (129543 round-trips/s over 20000 calls / 154 ms) [generic path]
  call/reply: 256 B  7882 ns/round-trip  (126856 round-trips/s over 20000 calls / 157 ms) [generic path]
  call/reply: 32 B  7960 ns/round-trip  (125624 round-trips/s over 20000 calls / 159 ms) [caller outranks server, D1 donates]
  phase table (44 rows; cyc avg/max, min last and a floor; leaf -= NULL, composite -= NULL + k*(NEST-NULL)):
    NULL             15/4720  min=1  n=260000
    NEST             84/25180  min=79  n=260000
    NEST_LOCK        112/46260  min=80  n=260000
    CALL_TOTAL       14611/2578140  min=13960  n=259999
    CALL_VALIDATE    134/16360  min=120  n=260000
    CALL_LOCKED      14233/2577600  min=13560  n=259999
    CALL_RESOLVE     175/16620  min=140  n=260000
    CALL_PEEK        86/22760  min=60  n=260000
    CALL_PROBE       84/29460  min=80  n=259999
    CALL_POP         70/37600  min=60  n=259999
    CALL_COPY        1379/59520  min=1260  n=259999
    CALL_MINT        1440/193220  min=1360  n=259999
    CALL_MINT_CAP    318/100000  min=280  n=259999
    CALL_MINT_INFO   969/81500  min=900  n=259999
    CALL_DONATE      95/20360  min=80  n=19999
    CALL_PARK        238/62680  min=220  n=259999
    CALL_WAKE        9753/2573140  min=9280  n=259999
    CALL_RESUME      93/14560  min=80  n=260000
    CALL_SLOW_TOTAL  437000/437000  min=437000  n=1
    CALL_SLOW_LOCKED 419640/419640  min=419640  n=1
    CALL_SLOW_DONATE 0/0  min=0  n=0
    CALL_SLOW_PARK   324960/324960  min=324960  n=1
    RECV_LOCKED      9705/1397320  min=9280  n=259999
    RECV_RESOLVE     376/121060  min=340  n=260000
    RECV_SCAN        105/38520  min=80  n=259999
    RECV_PARK        8926/1193800  min=8540  n=259999
    REPLY_TOTAL      60398/447060  min=7640  n=13
    REPLY_VALIDATE   5990/32080  min=1360  n=13
    REPLY_LOCKED     2636/416880  min=2460  n=260000
    REPLY_LOOKUP     344/211980  min=300  n=260000
    REPLY_COPY       1523/122540  min=1400  n=260000
    REPLY_FUNNEL     119/64420  min=100  n=260000
    REPLY_WAKE       290/31760  min=260  n=260000
    REPLY_RECV_TOTAL 14029/1805860  min=13380  n=260000
    REPLY_RECV_TAIL  404/99420  min=360  n=259999
    WAKE_UNPARK      65/27880  min=40  n=520012
    PICK_NEXT        50/15260  min=20  n=520064
    SWITCH_TO        16685/318569840  min=8100  n=520013
    SWITCH_BOOK      116/95360  min=100  n=520039
    MPU_APPLY        104/12000  min=80  n=520039
    MPU_COMMIT       0/0  min=0  n=0
    REENT_SEAT       0/0  min=0  n=0
    KTIME_REARM      60/25900  min=40  n=520039
    ARCH_SWITCH      16061/318567700  min=7480  n=520013
  ns-probe: cyc=4294967295 ns=2149005757 capped=0
  sat-probe: width=64 fits+1/0 wide+0/1 max=1000

  throughput: 496623 ctx-sw/s  (2013 ns/sw avg over 40000 switches / 80 ms)
  switch-probe: fastpath-swaps=0  (swapped inside the trap, so not in the switch row)
  switch:    60/80/440 cyc  30/40/220 ns  (p50/p99/max, n=40002)
  lock-hold: 768/1792/16200 cyc  384/896/8105 ns  (p50/p99/max, n=80245)
  lock-site: core=0 site=0x40ab88 max=16200
  irq-probe: line=6 raise=inject on=0 raised=100 hcore=none foreign=0 win=0
  irq:       0/0/0 cyc  0/0/0 ns  (p50/max/max, n=0)
  wcase-probe: line=6 raise=inject on=0 raised=100 hcore=none foreign=0 win=0
  wcase-irq[0B]:    0/0/0 cyc  0/0/0 ns  (p50/max/max, n=0)
  wcase-probe: line=6 raise=inject on=0 raised=100 hcore=none foreign=0 win=0
  wcase-irq[64B]:   0/0/0 cyc  0/0/0 ns  (p50/max/max, n=0)
  wcase-probe: line=6 raise=inject on=0 raised=100 hcore=none foreign=0 win=0
  wcase-irq[256B]:  0/0/0 cyc  0/0/0 ns  (p50/max/max, n=0)
  wcase-probe: line=6 raise=inject on=0 raised=100 hcore=none foreign=0 win=0
  wcase-irq[1024B]: 0/0/0 cyc  0/0/0 ns  (p50/max/max, n=0)
  e2e-settle: settled=2/2
  e2e-probe: line=7 closed=1000 dropped=0 tare=280/556 ns  (min/avg, n=64)
  e2e-passes: asked=1000 raised=1000
  e2e-local: 4096/4096/603868 ns  (p50/p99/max, n=1000)
  throughput: 500229 ctx-sw/s  (1999 ns/sw avg over 40000 switches / 79 ms)
  switch-probe: fastpath-swaps=0  (swapped inside the trap, so not in the switch row)
  switch:    60/80/120 cyc  30/40/60 ns  (p50/p99/max, n=40002)
  lock-hold: 768/1792/73840 cyc  384/896/36946 ns  (p50/p99/max, n=80247)
  lock-site: core=0 site=0x417d18 max=73840
  irq-probe: line=6 raise=inject on=0 raised=100 hcore=none foreign=0 win=0
  irq:       0/0/0 cyc  0/0/0 ns  (p50/max/max, n=0)
  wcase-probe: line=6 raise=inject on=0 raised=100 hcore=none foreign=0 win=0
  wcase-irq[0B]:    0/0/0 cyc  0/0/0 ns  (p50/max/max, n=0)
  wcase-probe: line=6 raise=inject on=0 raised=100 hcore=none foreign=0 win=0
  wcase-irq[64B]:   0/0/0 cyc  0/0/0 ns  (p50/max/max, n=0)
  wcase-probe: line=6 raise=inject on=0 raised=100 hcore=none foreign=0 win=0
  wcase-irq[256B]:  0/0/0 cyc  0/0/0 ns  (p50/max/max, n=0)
  wcase-probe: line=6 raise=inject on=0 raised=100 hcore=none foreign=0 win=0
  wcase-irq[1024B]: 0/0/0 cyc  0/0/0 ns  (p50/max/max, n=0)
  e2e-settle: settled=2/2
  e2e-probe: line=7 closed=1000 dropped=0 tare=280/556 ns  (min/avg, n=64)
  e2e-passes: asked=1000 raised=1000
  e2e-local: 4096/4096/29872 ns  (p50/p99/max, n=1000)
  throughput: 496886 ctx-sw/s  (2012 ns/sw avg over 40000 switches / 80 ms)
  switch-probe: fastpath-swaps=0  (swapped inside the trap, so not in the switch row)
  switch:    60/80/240 cyc  30/40/120 ns  (p50/p99/max, n=40002)
  lock-hold: 1024/1792/27940 cyc  512/896/13979 ns  (p50/p99/max, n=80248)
  lock-site: core=0 site=0x417d18 max=27940
  irq-probe: line=6 raise=inject on=0 raised=100 hcore=none foreign=0 win=0
  irq:       0/0/0 cyc  0/0/0 ns  (p50/max/max, n=0)
  wcase-probe: line=6 raise=inject on=0 raised=100 hcore=none foreign=0 win=0
  wcase-irq[0B]:    0/0/0 cyc  0/0/0 ns  (p50/max/max, n=0)
  wcase-probe: line=6 raise=inject on=0 raised=100 hcore=none foreign=0 win=0
  wcase-irq[64B]:   0/0/0 cyc  0/0/0 ns  (p50/max/max, n=0)
  wcase-probe: line=6 raise=inject on=0 raised=100 hcore=none foreign=0 win=0
  wcase-irq[256B]:  0/0/0 cyc  0/0/0 ns  (p50/max/max, n=0)
  wcase-probe: line=6 raise=inject on=0 raised=100 hcore=none foreign=0 win=0
  wcase-irq[1024B]: 0/0/0 cyc  0/0/0 ns  (p50/max/max, n=0)
  e2e-settle: settled=2/2
  e2e-probe: line=7 closed=1000 dropped=0 tare=280/556 ns  (min/avg, n=64)
  e2e-passes: asked=1000 raised=1000
  e2e-local: 4096/4096/53477 ns  (p50/p99/max, n=1000)
  xtask ping-pong: 7575 ns/switch  (40000 switches / 303 ms)
  xtask call/reply: 16 B  24343 ns/round-trip  (41078 round-trips/s over 20000 calls / 486 ms)
  spawn/exit: thread 40179 ns  (200 reps / 8 ms)
  spawn/exit: task 88660 ns  (200 reps / 17 ms)
bench: done

KICKOS-EXIT status 0
POLL_OK=1 POLL_MS=4600
