[2J[001;001H[=3h[2J[001;001H[2J[001;001H[8;042;160t[2J[001;001H[2J[001;001H[8;056;240t[2J[001;001HBdsDxe: loading Boot0002 "UEFI QEMU HARDDISK QM00001 " from PciRoot(0x0)/Pci(0x1F,0x2)/Sata(0x0,0xFFFF,0x0)
BdsDxe: starting Boot0002 "UEFI QEMU HARDDISK QM00001 " from PciRoot(0x0)/Pci(0x1F,0x2)/Sata(0x0,0xFFFF,0x0)

KICKOS-X1 8c41d7a2 x86_64/q35 uefi-handover entry
KICKOS-X1 8c41d7a2 x86_64/q35 uefi-handover handover if=1 paging=1 longmode=1 root=1 wp=1 nx=1 nxcap=1
KICKOS-X1 8c41d7a2 x86_64/q35 uefi-handover if_after_cli=0
KICKOS-X1 8c41d7a2 x86_64/q35 uefi-handover firmware=Debian distribution of EDK II
KICKOS-X1 8c41d7a2 x86_64/q35 uefi-handover revision=0x0000000000020046
KICKOS-X1 8c41d7a2 x86_64/q35 uefi-handover map descriptors=109 stride=48 version=1 conventional_pages=117659 arena=0x0000000001800000 arena_pages=107372
KICKOS-X1 8c41d7a2 x86_64/q35 uefi-handover fp found em=0 ts=0 mp=1 osfxsr=1 osxmmexcpt=1 osxsave=0
KICKOS-X1 8c41d7a2 x86_64/q35 uefi-handover fp trapped em=1 ts=1 mp=1 osfxsr=0 osxmmexcpt=0 osxsave=0
KICKOS-X1 8c41d7a2 x86_64/q35 uefi-handover boot services left
KICKOS-X1 8c41d7a2 x86_64/q35 uefi-handover if_after_exit=0
x86_64 app relocation: base=0x0000000000400000 load_delta=0x0000000000000000 app_words=0

  ==============================================
   KickOS 0.5.1  -  microkernel RTOS
  ==============================================
   board   qemu-x86_64
   arch    x86_64
   cpu     x86-64
   mpu     off
   sched   tickless
   build   2026-09-30 10:52:07 +0200
   app     Sep 30 2026 10:49:58 +0200
   commit  0d899ff6
   heap    none
   kstack  4096 B x 33 = 135168 B

microbenchmark: context-switch throughput (all arches) + per-switch cost
+ IRQ-entry latency where a cycle counter exists. Reporter woken by the
workload, not a timer. Telemetry OFF for clean numbers.
cycle counter: 1998385957 Hz (0 = no rate converts a reading; cycles only)

  lock-probe: hold+1 core=0 depth=0  (three nested, one outermost)
  call/reply: 8 B  9402 ns/round-trip  (106354 round-trips/s over 20000 calls / 188 ms)
  call/reply: 16 B  9145 ns/round-trip  (109347 round-trips/s over 20000 calls / 182 ms)
  call/reply: 32 B  9162 ns/round-trip  (109142 round-trips/s over 20000 calls / 183 ms)
  call/reply: 64 B  9216 ns/round-trip  (108504 round-trips/s over 20000 calls / 184 ms)
  call/reply: 128 B  9290 ns/round-trip  (107633 round-trips/s over 20000 calls / 185 ms)
  call/reply: 256 B  9251 ns/round-trip  (108089 round-trips/s over 20000 calls / 185 ms)
  call/reply: 8 B  9133 ns/round-trip  (109491 round-trips/s over 20000 calls / 182 ms) [generic path]
  call/reply: 16 B  9158 ns/round-trip  (109188 round-trips/s over 20000 calls / 183 ms) [generic path]
  call/reply: 32 B  9189 ns/round-trip  (108825 round-trips/s over 20000 calls / 183 ms) [generic path]
  call/reply: 64 B  9216 ns/round-trip  (108499 round-trips/s over 20000 calls / 184 ms) [generic path]
  call/reply: 128 B  9253 ns/round-trip  (108067 round-trips/s over 20000 calls / 185 ms) [generic path]
  call/reply: 256 B  9330 ns/round-trip  (107179 round-trips/s over 20000 calls / 186 ms) [generic path]
  call/reply: 32 B  9556 ns/round-trip  (104636 round-trips/s over 20000 calls / 191 ms) [caller outranks server, D1 donates]
  phase table (44 rows; cyc avg/max, min last and a floor; leaf -= NULL, composite -= NULL + k*(NEST-NULL)):
    NULL             15/12500  min=1  n=260000
    NEST             130/25140  min=120  n=260000
    NEST_LOCK        47/40860  min=40  n=260000
    CALL_TOTAL       17578/2600140  min=17020  n=259999
    CALL_VALIDATE    137/43900  min=120  n=260000
    CALL_LOCKED      17087/2599520  min=16539  n=259999
    CALL_RESOLVE     210/20680  min=180  n=260000
    CALL_PEEK        83/21480  min=80  n=260000
    CALL_PROBE       44/40540  min=20  n=259999
    CALL_POP         166/45460  min=140  n=259999
    CALL_COPY        2188/75660  min=2040  n=259999
    CALL_MINT        1728/192120  min=1640  n=259999
    CALL_MINT_CAP    328/98500  min=280  n=259999
    CALL_MINT_INFO   1212/52060  min=1140  n=259999
    CALL_DONATE      94/19480  min=80  n=19999
    CALL_PARK        340/62740  min=300  n=259999
    CALL_WAKE        11211/2593680  min=10780  n=259999
    CALL_RESUME      43/15260  min=20  n=260000
    CALL_SLOW_TOTAL  447580/447580  min=447580  n=1
    CALL_SLOW_LOCKED 429780/429780  min=429780  n=1
    CALL_SLOW_DONATE 0/0  min=0  n=0
    CALL_SLOW_PARK   326960/326960  min=326960  n=1
    RECV_LOCKED      11526/1310580  min=11120  n=259999
    RECV_RESOLVE     496/119380  min=459  n=260000
    RECV_SCAN        178/38060  min=160  n=259999
    RECV_PARK        10601/1108040  min=10220  n=259999
    REPLY_TOTAL      54727/358180  min=8820  n=13
    REPLY_VALIDATE   5727/33480  min=1180  n=13
    REPLY_LOCKED     3361/450280  min=3140  n=260000
    REPLY_LOOKUP     310/206240  min=280  n=260000
    REPLY_COPY       2219/37320  min=2060  n=260000
    REPLY_FUNNEL     127/62620  min=100  n=260000
    REPLY_WAKE       281/29480  min=260  n=260000
    REPLY_RECV_TOTAL 17161/1772840  min=16560  n=260000
    REPLY_RECV_TAIL  258/100780  min=240  n=259999
    WAKE_UNPARK      68/26380  min=40  n=520012
    PICK_NEXT        90/14280  min=60  n=520064
    SWITCH_TO        19705/382301620  min=9780  n=520013
    SWITCH_BOOK      96/63380  min=59  n=520039
    MPU_APPLY        105/39300  min=80  n=520039
    MPU_COMMIT       0/0  min=0  n=0
    REENT_SEAT       0/0  min=0  n=0
    KTIME_REARM      120/9940  min=100  n=520039
    ARCH_SWITCH      19063/382299600  min=9200  n=520013
  ns-probe: cyc=4294967295 ns=2149218112 capped=0
  sat-probe: width=64 fits+1/0 wide+0/1 max=1000

  throughput: 485608 ctx-sw/s  (2059 ns/sw avg over 40000 switches / 82 ms)
  switch-probe: fastpath-swaps=0  (swapped inside the trap, so not in the switch row)
  switch:    60/80/240 cyc  30/40/120 ns  (p50/p99/max, n=40002)
  lock-hold: 1152/2560/14700 cyc  576/1281/7355 ns  (p50/p99/max, n=80245)
  lock-site: core=0 site=0x40ad35 max=14700
  irq-probe: line=6 raise=inject on=0 raised=100 hcore=none foreign=0 win=0
  irq:       0/0/0 cyc  0/0/0 ns  (p50/max/max, n=0)
  wcase-probe: line=6 raise=inject on=0 raised=100 hcore=none foreign=0 win=0
  wcase-irq[0B]:    0/0/0 cyc  0/0/0 ns  (p50/max/max, n=0)
  wcase-probe: line=6 raise=inject on=0 raised=100 hcore=none foreign=0 win=0
  wcase-irq[64B]:   0/0/0 cyc  0/0/0 ns  (p50/max/max, n=0)
  wcase-probe: line=6 raise=inject on=0 raised=100 hcore=none foreign=0 win=0
  wcase-irq[256B]:  0/0/0 cyc  0/0/0 ns  (p50/max/max, n=0)
  wcase-probe: line=6 raise=inject on=0 raised=100 hcore=none foreign=0 win=0
  wcase-irq[1024B]: 0/0/0 cyc  0/0/0 ns  (p50/max/max, n=0)
  e2e-settle: settled=2/2
  e2e-probe: line=7 closed=1000 dropped=0 tare=270/558 ns  (min/avg, n=64)
  e2e-passes: asked=1000 raised=1000
  e2e-local: 4096/5632/668840 ns  (p50/p99/max, n=1000)
  throughput: 491883 ctx-sw/s  (2032 ns/sw avg over 40000 switches / 81 ms)
  switch-probe: fastpath-swaps=0  (swapped inside the trap, so not in the switch row)
  switch:    60/60/120 cyc  30/30/60 ns  (p50/p99/max, n=40002)
  lock-hold: 1152/1792/112600 cyc  576/896/56345 ns  (p50/p99/max, n=80247)
  lock-site: core=0 site=0x4182c8 max=112600
  irq-probe: line=6 raise=inject on=0 raised=100 hcore=none foreign=0 win=0
  irq:       0/0/0 cyc  0/0/0 ns  (p50/max/max, n=0)
  wcase-probe: line=6 raise=inject on=0 raised=100 hcore=none foreign=0 win=0
  wcase-irq[0B]:    0/0/0 cyc  0/0/0 ns  (p50/max/max, n=0)
  wcase-probe: line=6 raise=inject on=0 raised=100 hcore=none foreign=0 win=0
  wcase-irq[64B]:   0/0/0 cyc  0/0/0 ns  (p50/max/max, n=0)
  wcase-probe: line=6 raise=inject on=0 raised=100 hcore=none foreign=0 win=0
  wcase-irq[256B]:  0/0/0 cyc  0/0/0 ns  (p50/max/max, n=0)
  wcase-probe: line=6 raise=inject on=0 raised=100 hcore=none foreign=0 win=0
  wcase-irq[1024B]: 0/0/0 cyc  0/0/0 ns  (p50/max/max, n=0)
  e2e-settle: settled=2/2
  e2e-probe: line=7 closed=1000 dropped=0 tare=270/558 ns  (min/avg, n=64)
  e2e-passes: asked=1000 raised=1000
  e2e-local: 4096/5632/60248 ns  (p50/p99/max, n=1000)
  throughput: 482444 ctx-sw/s  (2072 ns/sw avg over 40000 switches / 82 ms)
  switch-probe: fastpath-swaps=0  (swapped inside the trap, so not in the switch row)
  switch:    60/128/620 cyc  30/64/310 ns  (p50/p99/max, n=40002)
  lock-hold: 1664/2560/52960 cyc  832/1281/26501 ns  (p50/p99/max, n=80249)
  lock-site: core=0 site=0x4182c8 max=52960
  irq-probe: line=6 raise=inject on=0 raised=100 hcore=none foreign=0 win=0
  irq:       0/0/0 cyc  0/0/0 ns  (p50/max/max, n=0)
  wcase-probe: line=6 raise=inject on=0 raised=100 hcore=none foreign=0 win=0
  wcase-irq[0B]:    0/0/0 cyc  0/0/0 ns  (p50/max/max, n=0)
  wcase-probe: line=6 raise=inject on=0 raised=100 hcore=none foreign=0 win=0
  wcase-irq[64B]:   0/0/0 cyc  0/0/0 ns  (p50/max/max, n=0)
  wcase-probe: line=6 raise=inject on=0 raised=100 hcore=none foreign=0 win=0
  wcase-irq[256B]:  0/0/0 cyc  0/0/0 ns  (p50/max/max, n=0)
  wcase-probe: line=6 raise=inject on=0 raised=100 hcore=none foreign=0 win=0
  wcase-irq[1024B]: 0/0/0 cyc  0/0/0 ns  (p50/max/max, n=0)
  e2e-settle: settled=2/2
  e2e-probe: line=7 closed=1000 dropped=0 tare=270/558 ns  (min/avg, n=64)
  e2e-passes: asked=1000 raised=1000
  e2e-local: 4096/5632/63051 ns  (p50/p99/max, n=1000)
  xtask ping-pong: 7818 ns/switch  (40000 switches / 312 ms)
  xtask call/reply: 16 B  25714 ns/round-trip  (38889 round-trips/s over 20000 calls / 514 ms)
  spawn/exit: thread 42465 ns  (200 reps / 8 ms)
  spawn/exit: task 90388 ns  (200 reps / 18 ms)
bench: done

KICKOS-EXIT status 0
POLL_OK=1 POLL_MS=5000
