[2J[001;001H[=3h[2J[001;001H[2J[001;001H[8;042;160t[2J[001;001H[2J[001;001H[8;056;240t[2J[001;001HBdsDxe: loading Boot0002 "UEFI QEMU HARDDISK QM00001 " from PciRoot(0x0)/Pci(0x1F,0x2)/Sata(0x0,0xFFFF,0x0)
BdsDxe: starting Boot0002 "UEFI QEMU HARDDISK QM00001 " from PciRoot(0x0)/Pci(0x1F,0x2)/Sata(0x0,0xFFFF,0x0)

KICKOS-X1 8c41d7a2 x86_64/q35 uefi-handover entry
KICKOS-X1 8c41d7a2 x86_64/q35 uefi-handover handover if=1 paging=1 longmode=1 root=1 wp=1 nx=1 nxcap=1
KICKOS-X1 8c41d7a2 x86_64/q35 uefi-handover if_after_cli=0
KICKOS-X1 8c41d7a2 x86_64/q35 uefi-handover firmware=Debian distribution of EDK II
KICKOS-X1 8c41d7a2 x86_64/q35 uefi-handover revision=0x0000000000020046
KICKOS-X1 8c41d7a2 x86_64/q35 uefi-handover map descriptors=109 stride=48 version=1 conventional_pages=117679 arena=0x0000000001800000 arena_pages=107372
KICKOS-X1 8c41d7a2 x86_64/q35 uefi-handover fp found em=0 ts=0 mp=1 osfxsr=1 osxmmexcpt=1 osxsave=0
KICKOS-X1 8c41d7a2 x86_64/q35 uefi-handover fp trapped em=1 ts=1 mp=1 osfxsr=0 osxmmexcpt=0 osxsave=0
KICKOS-X1 8c41d7a2 x86_64/q35 uefi-handover boot services left
KICKOS-X1 8c41d7a2 x86_64/q35 uefi-handover if_after_exit=0
x86_64 app relocation: base=0x0000000000400000 load_delta=0x0000000000000000 app_words=0

  ==============================================
   KickOS 0.5.1  -  microkernel RTOS
  ==============================================
   board   qemu-x86_64
   arch    x86_64
   cpu     x86-64
   mpu     off
   sched   tickless
   build   2026-09-30 09:45:54 +0200
   app     Sep 30 2026 09:45:54 +0200
   commit  10deab0c
   heap    none
   kstack  4096 B x 33 = 135168 B

microbenchmark: context-switch throughput (all arches) + per-switch cost
+ IRQ-entry latency where a cycle counter exists. Reporter woken by the
workload, not a timer. Telemetry OFF for clean numbers.
cycle counter: 1998602520 Hz (0 = no rate converts a reading; cycles only)

  lock-probe: hold+1 core=0 depth=0  (three nested, one outermost)
  call/reply: 8 B  8012 ns/round-trip  (124811 round-trips/s over 20000 calls / 160 ms)
  call/reply: 16 B  7912 ns/round-trip  (126389 round-trips/s over 20000 calls / 158 ms)
  call/reply: 32 B  7865 ns/round-trip  (127144 round-trips/s over 20000 calls / 157 ms)
  call/reply: 64 B  7870 ns/round-trip  (127057 round-trips/s over 20000 calls / 157 ms)
  call/reply: 128 B  7933 ns/round-trip  (126043 round-trips/s over 20000 calls / 158 ms)
  call/reply: 256 B  7979 ns/round-trip  (125314 round-trips/s over 20000 calls / 159 ms)
  call/reply: 8 B  7802 ns/round-trip  (128165 round-trips/s over 20000 calls / 156 ms) [generic path]
  call/reply: 16 B  8007 ns/round-trip  (124878 round-trips/s over 20000 calls / 160 ms) [generic path]
  call/reply: 32 B  7854 ns/round-trip  (127311 round-trips/s over 20000 calls / 157 ms) [generic path]
  call/reply: 64 B  7800 ns/round-trip  (128200 round-trips/s over 20000 calls / 156 ms) [generic path]
  call/reply: 128 B  7805 ns/round-trip  (128107 round-trips/s over 20000 calls / 156 ms) [generic path]
  call/reply: 256 B  7869 ns/round-trip  (127075 round-trips/s over 20000 calls / 157 ms) [generic path]
  call/reply: 32 B  8039 ns/round-trip  (124383 round-trips/s over 20000 calls / 160 ms) [caller outranks server, D1 donates]
  phase table (44 rows; cyc avg/max, min last and a floor; leaf -= NULL, composite -= NULL + k*(NEST-NULL)):
    NULL             15/4420  min=1  n=260000
    NEST             86/26380  min=79  n=260000
    NEST_LOCK        47/41940  min=20  n=260000
    CALL_TOTAL       14709/2349480  min=14180  n=259999
    CALL_VALIDATE    175/14360  min=140  n=260000
    CALL_LOCKED      14198/2348840  min=13680  n=259999
    CALL_RESOLVE     215/21600  min=180  n=260000
    CALL_PEEK        50/22300  min=20  n=260000
    CALL_PROBE       82/28620  min=60  n=259999
    CALL_POP         123/38640  min=100  n=259999
    CALL_COPY        1444/58620  min=1340  n=259999
    CALL_MINT        1363/206520  min=1260  n=259999
    CALL_MINT_CAP    381/101400  min=320  n=259999
    CALL_MINT_INFO   844/64540  min=760  n=259999
    CALL_DONATE      117/21720  min=100  n=19999
    CALL_PARK        244/63160  min=220  n=259999
    CALL_WAKE        9685/2343860  min=9320  n=259999
    CALL_RESUME      153/14000  min=120  n=260000
    CALL_SLOW_TOTAL  437120/437120  min=437120  n=1
    CALL_SLOW_LOCKED 420360/420360  min=420360  n=1
    CALL_SLOW_DONATE 0/0  min=0  n=0
    CALL_SLOW_PARK   318060/318060  min=318060  n=1
    RECV_LOCKED      9974/1354200  min=9600  n=259999
    RECV_RESOLVE     252/107720  min=220  n=260000
    RECV_SCAN        138/40920  min=100  n=259999
    RECV_PARK        9341/1156720  min=8960  n=259999
    REPLY_TOTAL      54835/346240  min=7060  n=13
    REPLY_VALIDATE   7681/35260  min=1200  n=13
    REPLY_LOCKED     2477/627060  min=2320  n=260000
    REPLY_LOOKUP     318/206400  min=280  n=260000
    REPLY_COPY       1454/55080  min=1340  n=260000
    REPLY_FUNNEL     198/65620  min=160  n=260000
    REPLY_WAKE       226/623900  min=200  n=260000
    REPLY_RECV_TOTAL 14301/2276480  min=13760  n=260000
    REPLY_RECV_TAIL  430/101400  min=400  n=259999
    WAKE_UNPARK      69/27720  min=40  n=520012
    PICK_NEXT        45/17300  min=20  n=520064
    SWITCH_TO        16976/322385720  min=8500  n=520013
    SWITCH_BOOK      67/118780  min=40  n=520039
    MPU_APPLY        109/11960  min=80  n=520039
    MPU_COMMIT       0/0  min=0  n=0
    REENT_SEAT       0/0  min=0  n=0
    KTIME_REARM      61/4740  min=40  n=520039
    ARCH_SWITCH      16436/322294380  min=7940  n=520013
  ns-probe: cyc=4294967295 ns=2148985229 capped=0
  sat-probe: width=64 fits+1/0 wide+0/1 max=1000

  throughput: 505627 ctx-sw/s  (1977 ns/sw avg over 40000 switches / 79 ms)
  switch-probe: fastpath-swaps=0  (swapped inside the trap, so not in the switch row)
  switch:    60/80/440 cyc  30/40/220 ns  (p50/p99/max, n=40002)
  lock-hold: 704/1792/38420 cyc  352/896/19223 ns  (p50/p99/max, n=80245)
  lock-site: core=0 site=0x416918 max=38420
  irq-probe: line=6 raise=inject on=0 raised=100 hcore=none foreign=0 win=0
  irq:       0/0/0 cyc  0/0/0 ns  (p50/max/max, n=0)
  wcase-probe: line=6 raise=inject on=0 raised=100 hcore=none foreign=0 win=0
  wcase-irq[0B]:    0/0/0 cyc  0/0/0 ns  (p50/max/max, n=0)
  wcase-probe: line=6 raise=inject on=0 raised=100 hcore=none foreign=0 win=0
  wcase-irq[64B]:   0/0/0 cyc  0/0/0 ns  (p50/max/max, n=0)
  wcase-probe: line=6 raise=inject on=0 raised=100 hcore=none foreign=0 win=0
  wcase-irq[256B]:  0/0/0 cyc  0/0/0 ns  (p50/max/max, n=0)
  wcase-probe: line=6 raise=inject on=0 raised=100 hcore=none foreign=0 win=0
  wcase-irq[1024B]: 0/0/0 cyc  0/0/0 ns  (p50/max/max, n=0)
  e2e-settle: settled=2/2
  e2e-probe: line=7 closed=1000 dropped=0 tare=290/567 ns  (min/avg, n=64)
  e2e-passes: asked=1000 raised=1000
  e2e-local: 4096/4096/622795 ns  (p50/p99/max, n=1000)
  throughput: 512214 ctx-sw/s  (1952 ns/sw avg over 40000 switches / 78 ms)
  switch-probe: fastpath-swaps=0  (swapped inside the trap, so not in the switch row)
  switch:    60/80/280 cyc  30/40/140 ns  (p50/p99/max, n=40002)
  lock-hold: 960/1792/13780 cyc  480/896/6894 ns  (p50/p99/max, n=80248)
  lock-site: core=0 site=0x416918 max=13780
  irq-probe: line=6 raise=inject on=0 raised=100 hcore=none foreign=0 win=0
  irq:       0/0/0 cyc  0/0/0 ns  (p50/max/max, n=0)
  wcase-probe: line=6 raise=inject on=0 raised=100 hcore=none foreign=0 win=0
  wcase-irq[0B]:    0/0/0 cyc  0/0/0 ns  (p50/max/max, n=0)
  wcase-probe: line=6 raise=inject on=0 raised=100 hcore=none foreign=0 win=0
  wcase-irq[64B]:   0/0/0 cyc  0/0/0 ns  (p50/max/max, n=0)
  wcase-probe: line=6 raise=inject on=0 raised=100 hcore=none foreign=0 win=0
  wcase-irq[256B]:  0/0/0 cyc  0/0/0 ns  (p50/max/max, n=0)
  wcase-probe: line=6 raise=inject on=0 raised=100 hcore=none foreign=0 win=0
  wcase-irq[1024B]: 0/0/0 cyc  0/0/0 ns  (p50/max/max, n=0)
  e2e-settle: settled=2/2
  e2e-probe: line=7 closed=1000 dropped=0 tare=290/567 ns  (min/avg, n=64)
  e2e-passes: asked=1000 raised=1000
  e2e-local: 4096/5632/53987 ns  (p50/p99/max, n=1000)
  throughput: 504700 ctx-sw/s  (1981 ns/sw avg over 40000 switches / 79 ms)
  switch-probe: fastpath-swaps=0  (swapped inside the trap, so not in the switch row)
  switch:    60/96/620 cyc  30/48/310 ns  (p50/p99/max, n=40002)
  lock-hold: 1664/2304/35340 cyc  832/1152/17682 ns  (p50/p99/max, n=80248)
  lock-site: core=0 site=0x416918 max=35340
  irq-probe: line=6 raise=inject on=0 raised=100 hcore=none foreign=0 win=0
  irq:       0/0/0 cyc  0/0/0 ns  (p50/max/max, n=0)
  wcase-probe: line=6 raise=inject on=0 raised=100 hcore=none foreign=0 win=0
  wcase-irq[0B]:    0/0/0 cyc  0/0/0 ns  (p50/max/max, n=0)
  wcase-probe: line=6 raise=inject on=0 raised=100 hcore=none foreign=0 win=0
  wcase-irq[64B]:   0/0/0 cyc  0/0/0 ns  (p50/max/max, n=0)
  wcase-probe: line=6 raise=inject on=0 raised=100 hcore=none foreign=0 win=0
  wcase-irq[256B]:  0/0/0 cyc  0/0/0 ns  (p50/max/max, n=0)
  wcase-probe: line=6 raise=inject on=0 raised=100 hcore=none foreign=0 win=0
  wcase-irq[1024B]: 0/0/0 cyc  0/0/0 ns  (p50/max/max, n=0)
  e2e-settle: settled=2/2
  e2e-probe: line=7 closed=1000 dropped=0 tare=290/567 ns  (min/avg, n=64)
  e2e-passes: asked=1000 raised=1000
  e2e-local: 4096/5632/20754 ns  (p50/p99/max, n=1000)
  xtask ping-pong: 7563 ns/switch  (40000 switches / 302 ms)
  xtask call/reply: 16 B  24463 ns/round-trip  (40876 round-trips/s over 20000 calls / 489 ms)
  spawn/exit: thread 38716 ns  (200 reps / 7 ms)
  spawn/exit: task 85214 ns  (200 reps / 17 ms)
bench: done

KICKOS-EXIT status 0
POLL_OK=1 POLL_MS=4600
