[2J[001;001H[=3h[2J[001;001H[2J[001;001H[8;042;160t[2J[001;001H[2J[001;001H[8;056;240t[2J[001;001HBdsDxe: loading Boot0002 "UEFI QEMU HARDDISK QM00001 " from PciRoot(0x0)/Pci(0x1F,0x2)/Sata(0x0,0xFFFF,0x0)
BdsDxe: starting Boot0002 "UEFI QEMU HARDDISK QM00001 " from PciRoot(0x0)/Pci(0x1F,0x2)/Sata(0x0,0xFFFF,0x0)

KICKOS-X1 8c41d7a2 x86_64/q35 uefi-handover entry
KICKOS-X1 8c41d7a2 x86_64/q35 uefi-handover handover if=1 paging=1 longmode=1 root=1 wp=1 nx=1 nxcap=1
KICKOS-X1 8c41d7a2 x86_64/q35 uefi-handover if_after_cli=0
KICKOS-X1 8c41d7a2 x86_64/q35 uefi-handover firmware=Debian distribution of EDK II
KICKOS-X1 8c41d7a2 x86_64/q35 uefi-handover revision=0x0000000000020046
KICKOS-X1 8c41d7a2 x86_64/q35 uefi-handover map descriptors=109 stride=48 version=1 conventional_pages=117666 arena=0x0000000001800000 arena_pages=107372
KICKOS-X1 8c41d7a2 x86_64/q35 uefi-handover fp found em=0 ts=0 mp=1 osfxsr=1 osxmmexcpt=1 osxsave=0
KICKOS-X1 8c41d7a2 x86_64/q35 uefi-handover fp trapped em=1 ts=1 mp=1 osfxsr=0 osxmmexcpt=0 osxsave=0
KICKOS-X1 8c41d7a2 x86_64/q35 uefi-handover boot services left
KICKOS-X1 8c41d7a2 x86_64/q35 uefi-handover if_after_exit=0
x86_64 app relocation: base=0x0000000000400000 load_delta=0x0000000000000000 app_words=0

  ==============================================
   KickOS 0.5.1  -  microkernel RTOS
  ==============================================
   board   qemu-x86_64
   arch    x86_64
   cpu     x86-64
   mpu     off
   sched   tickless
   build   2026-09-30 10:52:05 +0200
   app     Sep 30 2026 10:49:57 +0200
   commit  af2c68d6
   heap    none
   kstack  4096 B x 33 = 135168 B

microbenchmark: context-switch throughput (all arches) + per-switch cost
+ IRQ-entry latency where a cycle counter exists. Reporter woken by the
workload, not a timer. Telemetry OFF for clean numbers.
cycle counter: 1999305304 Hz (0 = no rate converts a reading; cycles only)

  lock-probe: hold+1 core=0 depth=0  (three nested, one outermost)
  call/reply: 8 B  7819 ns/round-trip  (127892 round-trips/s over 20000 calls / 156 ms)
  call/reply: 16 B  7734 ns/round-trip  (129293 round-trips/s over 20000 calls / 154 ms)
  call/reply: 32 B  7715 ns/round-trip  (129607 round-trips/s over 20000 calls / 154 ms)
  call/reply: 64 B  7758 ns/round-trip  (128891 round-trips/s over 20000 calls / 155 ms)
  call/reply: 128 B  7846 ns/round-trip  (127449 round-trips/s over 20000 calls / 156 ms)
  call/reply: 256 B  7807 ns/round-trip  (128083 round-trips/s over 20000 calls / 156 ms)
  call/reply: 8 B  7711 ns/round-trip  (129673 round-trips/s over 20000 calls / 154 ms) [generic path]
  call/reply: 16 B  7727 ns/round-trip  (129410 round-trips/s over 20000 calls / 154 ms) [generic path]
  call/reply: 32 B  7728 ns/round-trip  (129384 round-trips/s over 20000 calls / 154 ms) [generic path]
  call/reply: 64 B  7815 ns/round-trip  (127948 round-trips/s over 20000 calls / 156 ms) [generic path]
  call/reply: 128 B  7772 ns/round-trip  (128665 round-trips/s over 20000 calls / 155 ms) [generic path]
  call/reply: 256 B  7889 ns/round-trip  (126743 round-trips/s over 20000 calls / 157 ms) [generic path]
  call/reply: 32 B  8005 ns/round-trip  (124921 round-trips/s over 20000 calls / 160 ms) [caller outranks server, D1 donates]
  phase table (44 rows; cyc avg/max, min last and a floor; leaf -= NULL, composite -= NULL + k*(NEST-NULL)):
    NULL             15/13160  min=1  n=260000
    NEST             82/51100  min=60  n=260000
    NEST_LOCK        107/47820  min=80  n=260000
    CALL_TOTAL       14679/2590920  min=14100  n=259999
    CALL_VALIDATE    134/19840  min=120  n=260000
    CALL_LOCKED      14297/2590020  min=13719  n=259999
    CALL_RESOLVE     172/45000  min=140  n=260000
    CALL_PEEK        83/22200  min=60  n=260000
    CALL_PROBE       86/31800  min=80  n=259999
    CALL_POP         72/38700  min=60  n=259999
    CALL_COPY        1366/130160  min=1260  n=259999
    CALL_MINT        1440/229160  min=1360  n=259999
    CALL_MINT_CAP    333/103480  min=280  n=259999
    CALL_MINT_INFO   956/52600  min=900  n=259999
    CALL_DONATE      99/21600  min=80  n=19999
    CALL_PARK        244/70580  min=200  n=259999
    CALL_WAKE        9826/2585560  min=9380  n=259999
    CALL_RESUME      90/20300  min=60  n=260000
    CALL_SLOW_TOTAL  441160/441160  min=441160  n=1
    CALL_SLOW_LOCKED 423840/423840  min=423840  n=1
    CALL_SLOW_DONATE 0/0  min=0  n=0
    CALL_SLOW_PARK   320260/320260  min=320260  n=1
    RECV_LOCKED      9739/1463720  min=9360  n=259999
    RECV_RESOLVE     377/117420  min=340  n=260000
    RECV_SCAN        108/39180  min=80  n=259999
    RECV_PARK        8955/1261400  min=8600  n=259999
    REPLY_TOTAL      50453/326440  min=7400  n=13
    REPLY_VALIDATE   5833/36080  min=1220  n=13
    REPLY_LOCKED     2633/421660  min=2440  n=260000
    REPLY_LOOKUP     335/216340  min=300  n=260000
    REPLY_COPY       1509/71340  min=1400  n=260000
    REPLY_FUNNEL     124/64880  min=100  n=260000
    REPLY_WAKE       284/30540  min=260  n=260000
    REPLY_RECV_TOTAL 14067/1856720  min=13520  n=260000
    REPLY_RECV_TAIL  409/101540  min=380  n=259999
    WAKE_UNPARK      64/28080  min=40  n=520012
    PICK_NEXT        48/14500  min=20  n=520064
    SWITCH_TO        16765/320380520  min=8160  n=520013
    SWITCH_BOOK      120/66720  min=100  n=520039
    MPU_APPLY        109/33940  min=80  n=520039
    MPU_COMMIT       0/0  min=0  n=0
    REENT_SEAT       0/0  min=0  n=0
    KTIME_REARM      62/12620  min=40  n=520039
    ARCH_SWITCH      16122/320378200  min=7540  n=520013
  ns-probe: cyc=4294967295 ns=2148229830 capped=0
  sat-probe: width=64 fits+1/0 wide+0/1 max=1000

  throughput: 497152 ctx-sw/s  (2011 ns/sw avg over 40000 switches / 80 ms)
  switch-probe: fastpath-swaps=0  (swapped inside the trap, so not in the switch row)
  switch:    60/80/340 cyc  30/40/170 ns  (p50/p99/max, n=40002)
  lock-hold: 1152/1792/44780 cyc  576/896/22397 ns  (p50/p99/max, n=80245)
  lock-site: core=0 site=0x417d18 max=44780
  irq-probe: line=6 raise=inject on=0 raised=100 hcore=none foreign=0 win=0
  irq:       0/0/0 cyc  0/0/0 ns  (p50/max/max, n=0)
  wcase-probe: line=6 raise=inject on=0 raised=100 hcore=none foreign=0 win=0
  wcase-irq[0B]:    0/0/0 cyc  0/0/0 ns  (p50/max/max, n=0)
  wcase-probe: line=6 raise=inject on=0 raised=100 hcore=none foreign=0 win=0
  wcase-irq[64B]:   0/0/0 cyc  0/0/0 ns  (p50/max/max, n=0)
  wcase-probe: line=6 raise=inject on=0 raised=100 hcore=none foreign=0 win=0
  wcase-irq[256B]:  0/0/0 cyc  0/0/0 ns  (p50/max/max, n=0)
  wcase-probe: line=6 raise=inject on=0 raised=100 hcore=none foreign=0 win=0
  wcase-irq[1024B]: 0/0/0 cyc  0/0/0 ns  (p50/max/max, n=0)
  e2e-settle: settled=2/2
  e2e-probe: line=7 closed=1000 dropped=0 tare=300/591 ns  (min/avg, n=64)
  e2e-passes: asked=1000 raised=1000
  e2e-local: 4096/5120/624247 ns  (p50/p99/max, n=1000)
  throughput: 499860 ctx-sw/s  (2000 ns/sw avg over 40000 switches / 80 ms)
  switch-probe: fastpath-swaps=0  (swapped inside the trap, so not in the switch row)
  switch:    60/80/3800 cyc  30/40/1900 ns  (p50/p99/max, n=40002)
  lock-hold: 768/1792/46980 cyc  384/896/23498 ns  (p50/p99/max, n=80250)
  lock-site: core=0 site=0x417d18 max=46980
  irq-probe: line=6 raise=inject on=0 raised=100 hcore=none foreign=0 win=0
  irq:       0/0/0 cyc  0/0/0 ns  (p50/max/max, n=0)
  wcase-probe: line=6 raise=inject on=0 raised=100 hcore=none foreign=0 win=0
  wcase-irq[0B]:    0/0/0 cyc  0/0/0 ns  (p50/max/max, n=0)
  wcase-probe: line=6 raise=inject on=0 raised=100 hcore=none foreign=0 win=0
  wcase-irq[64B]:   0/0/0 cyc  0/0/0 ns  (p50/max/max, n=0)
  wcase-probe: line=6 raise=inject on=0 raised=100 hcore=none foreign=0 win=0
  wcase-irq[256B]:  0/0/0 cyc  0/0/0 ns  (p50/max/max, n=0)
  wcase-probe: line=6 raise=inject on=0 raised=100 hcore=none foreign=0 win=0
  wcase-irq[1024B]: 0/0/0 cyc  0/0/0 ns  (p50/max/max, n=0)
  e2e-settle: settled=2/2
  e2e-probe: line=7 closed=1000 dropped=0 tare=300/591 ns  (min/avg, n=64)
  e2e-passes: asked=1000 raised=1000
  e2e-local: 4096/4096/26269 ns  (p50/p99/max, n=1000)
  throughput: 501336 ctx-sw/s  (1994 ns/sw avg over 40000 switches / 79 ms)
  switch-probe: fastpath-swaps=0  (swapped inside the trap, so not in the switch row)
  switch:    60/80/220 cyc  30/40/110 ns  (p50/p99/max, n=40002)
  lock-hold: 832/1792/17240 cyc  416/896/8622 ns  (p50/p99/max, n=80248)
  lock-site: core=0 site=0x417d18 max=17240
  irq-probe: line=6 raise=inject on=0 raised=100 hcore=none foreign=0 win=0
  irq:       0/0/0 cyc  0/0/0 ns  (p50/max/max, n=0)
  wcase-probe: line=6 raise=inject on=0 raised=100 hcore=none foreign=0 win=0
  wcase-irq[0B]:    0/0/0 cyc  0/0/0 ns  (p50/max/max, n=0)
  wcase-probe: line=6 raise=inject on=0 raised=100 hcore=none foreign=0 win=0
  wcase-irq[64B]:   0/0/0 cyc  0/0/0 ns  (p50/max/max, n=0)
  wcase-probe: line=6 raise=inject on=0 raised=100 hcore=none foreign=0 win=0
  wcase-irq[256B]:  0/0/0 cyc  0/0/0 ns  (p50/max/max, n=0)
  wcase-probe: line=6 raise=inject on=0 raised=100 hcore=none foreign=0 win=0
  wcase-irq[1024B]: 0/0/0 cyc  0/0/0 ns  (p50/max/max, n=0)
  e2e-settle: settled=2/2
  e2e-probe: line=7 closed=1000 dropped=0 tare=300/591 ns  (min/avg, n=64)
  e2e-passes: asked=1000 raised=1000
  e2e-local: 4096/5120/21088 ns  (p50/p99/max, n=1000)
  xtask ping-pong: 7642 ns/switch  (40000 switches / 305 ms)
  xtask call/reply: 16 B  24892 ns/round-trip  (40172 round-trips/s over 20000 calls / 497 ms)
  spawn/exit: thread 40283 ns  (200 reps / 8 ms)
  spawn/exit: task 88426 ns  (200 reps / 17 ms)
bench: done

KICKOS-EXIT status 0
POLL_OK=1 POLL_MS=4600
