[2J[001;001H[=3h[2J[001;001H[2J[001;001H[8;042;160t[2J[001;001H[2J[001;001H[8;056;240t[2J[001;001HBdsDxe: loading Boot0002 "UEFI QEMU HARDDISK QM00001 " from PciRoot(0x0)/Pci(0x1F,0x2)/Sata(0x0,0xFFFF,0x0)
BdsDxe: starting Boot0002 "UEFI QEMU HARDDISK QM00001 " from PciRoot(0x0)/Pci(0x1F,0x2)/Sata(0x0,0xFFFF,0x0)

KICKOS-X1 8c41d7a2 x86_64/q35 uefi-handover entry
KICKOS-X1 8c41d7a2 x86_64/q35 uefi-handover handover if=1 paging=1 longmode=1 root=1 wp=1 nx=1 nxcap=1
KICKOS-X1 8c41d7a2 x86_64/q35 uefi-handover if_after_cli=0
KICKOS-X1 8c41d7a2 x86_64/q35 uefi-handover firmware=Debian distribution of EDK II
KICKOS-X1 8c41d7a2 x86_64/q35 uefi-handover revision=0x0000000000020046
KICKOS-X1 8c41d7a2 x86_64/q35 uefi-handover map descriptors=109 stride=48 version=1 conventional_pages=117666 arena=0x0000000001800000 arena_pages=107372
KICKOS-X1 8c41d7a2 x86_64/q35 uefi-handover fp found em=0 ts=0 mp=1 osfxsr=1 osxmmexcpt=1 osxsave=0
KICKOS-X1 8c41d7a2 x86_64/q35 uefi-handover fp trapped em=1 ts=1 mp=1 osfxsr=0 osxmmexcpt=0 osxsave=0
KICKOS-X1 8c41d7a2 x86_64/q35 uefi-handover boot services left
KICKOS-X1 8c41d7a2 x86_64/q35 uefi-handover if_after_exit=0
x86_64 app relocation: base=0x0000000000400000 load_delta=0x0000000000000000 app_words=0

  ==============================================
   KickOS 0.5.1  -  microkernel RTOS
  ==============================================
   board   qemu-x86_64
   arch    x86_64
   cpu     x86-64
   mpu     off
   sched   tickless
   build   2026-09-30 10:52:05 +0200
   app     Sep 30 2026 10:49:57 +0200
   commit  af2c68d6
   heap    none
   kstack  4096 B x 33 = 135168 B

microbenchmark: context-switch throughput (all arches) + per-switch cost
+ IRQ-entry latency where a cycle counter exists. Reporter woken by the
workload, not a timer. Telemetry OFF for clean numbers.
cycle counter: 1999280844 Hz (0 = no rate converts a reading; cycles only)

  lock-probe: hold+1 core=0 depth=0  (three nested, one outermost)
  call/reply: 8 B  7793 ns/round-trip  (128317 round-trips/s over 20000 calls / 155 ms)
  call/reply: 16 B  7626 ns/round-trip  (131120 round-trips/s over 20000 calls / 152 ms)
  call/reply: 32 B  7673 ns/round-trip  (130320 round-trips/s over 20000 calls / 153 ms)
  call/reply: 64 B  7684 ns/round-trip  (130128 round-trips/s over 20000 calls / 153 ms)
  call/reply: 128 B  7682 ns/round-trip  (130172 round-trips/s over 20000 calls / 153 ms)
  call/reply: 256 B  7751 ns/round-trip  (129005 round-trips/s over 20000 calls / 155 ms)
  call/reply: 8 B  7650 ns/round-trip  (130712 round-trips/s over 20000 calls / 153 ms) [generic path]
  call/reply: 16 B  7632 ns/round-trip  (131011 round-trips/s over 20000 calls / 152 ms) [generic path]
  call/reply: 32 B  7639 ns/round-trip  (130898 round-trips/s over 20000 calls / 152 ms) [generic path]
  call/reply: 64 B  7719 ns/round-trip  (129538 round-trips/s over 20000 calls / 154 ms) [generic path]
  call/reply: 128 B  7735 ns/round-trip  (129278 round-trips/s over 20000 calls / 154 ms) [generic path]
  call/reply: 256 B  7805 ns/round-trip  (128119 round-trips/s over 20000 calls / 156 ms) [generic path]
  call/reply: 32 B  7856 ns/round-trip  (127282 round-trips/s over 20000 calls / 157 ms) [caller outranks server, D1 donates]
  phase table (44 rows; cyc avg/max, min last and a floor; leaf -= NULL, composite -= NULL + k*(NEST-NULL)):
    NULL             15/7519  min=1  n=260000
    NEST             83/24920  min=79  n=260000
    NEST_LOCK        106/41820  min=80  n=260000
    CALL_TOTAL       14508/2590240  min=14020  n=259999
    CALL_VALIDATE    135/16020  min=120  n=260000
    CALL_LOCKED      14129/2589120  min=13640  n=259999
    CALL_RESOLVE     170/15760  min=140  n=260000
    CALL_PEEK        82/21560  min=80  n=260000
    CALL_PROBE       85/31220  min=80  n=259999
    CALL_POP         71/36640  min=60  n=259999
    CALL_COPY        1356/110500  min=1260  n=259999
    CALL_MINT        1412/547040  min=1340  n=259999
    CALL_MINT_CAP    323/98360  min=280  n=259999
    CALL_MINT_INFO   938/51320  min=880  n=259999
    CALL_DONATE      94/19900  min=80  n=19999
    CALL_PARK        237/63940  min=220  n=259999
    CALL_WAKE        9717/2584800  min=9380  n=259999
    CALL_RESUME      86/13840  min=80  n=260000
    CALL_SLOW_TOTAL  453480/453480  min=453480  n=1
    CALL_SLOW_LOCKED 434560/434560  min=434560  n=1
    CALL_SLOW_DONATE 0/0  min=0  n=0
    CALL_SLOW_PARK   331940/331940  min=331940  n=1
    RECV_LOCKED      9598/1339100  min=9300  n=259999
    RECV_RESOLVE     372/119960  min=340  n=260000
    RECV_SCAN        108/36440  min=80  n=259999
    RECV_PARK        8821/1138240  min=8520  n=259999
    REPLY_TOTAL      59101/385300  min=10040  n=13
    REPLY_VALIDATE   6641/34880  min=1240  n=13
    REPLY_LOCKED     2611/409320  min=2460  n=260000
    REPLY_LOOKUP     333/208900  min=300  n=260000
    REPLY_COPY       1508/34400  min=1400  n=260000
    REPLY_FUNNEL     124/63360  min=100  n=260000
    REPLY_WAKE       283/30420  min=260  n=260000
    REPLY_RECV_TOTAL 13891/1726600  min=13440  n=260000
    REPLY_RECV_TAIL  405/615440  min=360  n=259999
    WAKE_UNPARK      64/26380  min=40  n=520012
    PICK_NEXT        46/33800  min=20  n=520064
    SWITCH_TO        16570/314498600  min=8080  n=520013
    SWITCH_BOOK      114/74960  min=100  n=520039
    MPU_APPLY        105/20500  min=80  n=520039
    MPU_COMMIT       0/0  min=0  n=0
    REENT_SEAT       0/0  min=0  n=0
    KTIME_REARM      61/38300  min=40  n=520039
    ARCH_SWITCH      15945/314496460  min=7500  n=520013
  ns-probe: cyc=4294967295 ns=2148256113 capped=0
  sat-probe: width=64 fits+1/0 wide+0/1 max=1000

  throughput: 505242 ctx-sw/s  (1979 ns/sw avg over 40000 switches / 79 ms)
  switch-probe: fastpath-swaps=0  (swapped inside the trap, so not in the switch row)
  switch:    60/80/420 cyc  30/40/210 ns  (p50/p99/max, n=40002)
  lock-hold: 960/1792/25720 cyc  480/896/12864 ns  (p50/p99/max, n=80245)
  lock-site: core=0 site=0x417d18 max=25720
  irq-probe: line=6 raise=inject on=0 raised=100 hcore=none foreign=0 win=0
  irq:       0/0/0 cyc  0/0/0 ns  (p50/max/max, n=0)
  wcase-probe: line=6 raise=inject on=0 raised=100 hcore=none foreign=0 win=0
  wcase-irq[0B]:    0/0/0 cyc  0/0/0 ns  (p50/max/max, n=0)
  wcase-probe: line=6 raise=inject on=0 raised=100 hcore=none foreign=0 win=0
  wcase-irq[64B]:   0/0/0 cyc  0/0/0 ns  (p50/max/max, n=0)
  wcase-probe: line=6 raise=inject on=0 raised=100 hcore=none foreign=0 win=0
  wcase-irq[256B]:  0/0/0 cyc  0/0/0 ns  (p50/max/max, n=0)
  wcase-probe: line=6 raise=inject on=0 raised=100 hcore=none foreign=0 win=0
  wcase-irq[1024B]: 0/0/0 cyc  0/0/0 ns  (p50/max/max, n=0)
  e2e-settle: settled=2/2
  e2e-probe: line=7 closed=1000 dropped=0 tare=291/570 ns  (min/avg, n=64)
  e2e-passes: asked=1000 raised=1000
  e2e-local: 4096/5632/602907 ns  (p50/p99/max, n=1000)
  throughput: 498609 ctx-sw/s  (2005 ns/sw avg over 40000 switches / 80 ms)
  switch-probe: fastpath-swaps=0  (swapped inside the trap, so not in the switch row)
  switch:    60/80/880 cyc  30/40/440 ns  (p50/p99/max, n=40002)
  lock-hold: 1664/1792/60760 cyc  832/896/30390 ns  (p50/p99/max, n=80248)
  lock-site: core=0 site=0x417d18 max=60760
  irq-probe: line=6 raise=inject on=0 raised=100 hcore=none foreign=0 win=0
  irq:       0/0/0 cyc  0/0/0 ns  (p50/max/max, n=0)
  wcase-probe: line=6 raise=inject on=0 raised=100 hcore=none foreign=0 win=0
  wcase-irq[0B]:    0/0/0 cyc  0/0/0 ns  (p50/max/max, n=0)
  wcase-probe: line=6 raise=inject on=0 raised=100 hcore=none foreign=0 win=0
  wcase-irq[64B]:   0/0/0 cyc  0/0/0 ns  (p50/max/max, n=0)
  wcase-probe: line=6 raise=inject on=0 raised=100 hcore=none foreign=0 win=0
  wcase-irq[256B]:  0/0/0 cyc  0/0/0 ns  (p50/max/max, n=0)
  wcase-probe: line=6 raise=inject on=0 raised=100 hcore=none foreign=0 win=0
  wcase-irq[1024B]: 0/0/0 cyc  0/0/0 ns  (p50/max/max, n=0)
  e2e-settle: settled=2/2
  e2e-probe: line=7 closed=1000 dropped=0 tare=291/570 ns  (min/avg, n=64)
  e2e-passes: asked=1000 raised=1000
  e2e-local: 4096/4096/36403 ns  (p50/p99/max, n=1000)
  throughput: 501232 ctx-sw/s  (1995 ns/sw avg over 40000 switches / 79 ms)
  switch-probe: fastpath-swaps=0  (swapped inside the trap, so not in the switch row)
  switch:    60/80/1480 cyc  30/40/740 ns  (p50/p99/max, n=40002)
  lock-hold: 1024/1792/20720 cyc  512/896/10363 ns  (p50/p99/max, n=80249)
  lock-site: core=0 site=0x417d18 max=20720
  irq-probe: line=6 raise=inject on=0 raised=100 hcore=none foreign=0 win=0
  irq:       0/0/0 cyc  0/0/0 ns  (p50/max/max, n=0)
  wcase-probe: line=6 raise=inject on=0 raised=100 hcore=none foreign=0 win=0
  wcase-irq[0B]:    0/0/0 cyc  0/0/0 ns  (p50/max/max, n=0)
  wcase-probe: line=6 raise=inject on=0 raised=100 hcore=none foreign=0 win=0
  wcase-irq[64B]:   0/0/0 cyc  0/0/0 ns  (p50/max/max, n=0)
  wcase-probe: line=6 raise=inject on=0 raised=100 hcore=none foreign=0 win=0
  wcase-irq[256B]:  0/0/0 cyc  0/0/0 ns  (p50/max/max, n=0)
  wcase-probe: line=6 raise=inject on=0 raised=100 hcore=none foreign=0 win=0
  wcase-irq[1024B]: 0/0/0 cyc  0/0/0 ns  (p50/max/max, n=0)
  e2e-settle: settled=2/2
  e2e-probe: line=7 closed=1000 dropped=0 tare=291/570 ns  (min/avg, n=64)
  e2e-passes: asked=1000 raised=1000
  e2e-local: 4096/4096/40464 ns  (p50/p99/max, n=1000)
  xtask ping-pong: 7556 ns/switch  (40000 switches / 302 ms)
  xtask call/reply: 16 B  24384 ns/round-trip  (41009 round-trips/s over 20000 calls / 487 ms)
  spawn/exit: thread 40735 ns  (200 reps / 8 ms)
  spawn/exit: task 87982 ns  (200 reps / 17 ms)
bench: done

KICKOS-EXIT status 0
POLL_OK=1 POLL_MS=4600
