[2J[001;001H[=3h[2J[001;001H[2J[001;001H[8;042;160t[2J[001;001H[2J[001;001H[8;056;240t[2J[001;001HBdsDxe: loading Boot0002 "UEFI QEMU HARDDISK QM00001 " from PciRoot(0x0)/Pci(0x1F,0x2)/Sata(0x0,0xFFFF,0x0)
BdsDxe: starting Boot0002 "UEFI QEMU HARDDISK QM00001 " from PciRoot(0x0)/Pci(0x1F,0x2)/Sata(0x0,0xFFFF,0x0)

KICKOS-X1 8c41d7a2 x86_64/q35 uefi-handover entry
KICKOS-X1 8c41d7a2 x86_64/q35 uefi-handover handover if=1 paging=1 longmode=1 root=1 wp=1 nx=1 nxcap=1
KICKOS-X1 8c41d7a2 x86_64/q35 uefi-handover if_after_cli=0
KICKOS-X1 8c41d7a2 x86_64/q35 uefi-handover firmware=Debian distribution of EDK II
KICKOS-X1 8c41d7a2 x86_64/q35 uefi-handover revision=0x0000000000020046
KICKOS-X1 8c41d7a2 x86_64/q35 uefi-handover map descriptors=109 stride=48 version=1 conventional_pages=117666 arena=0x0000000001800000 arena_pages=107372
KICKOS-X1 8c41d7a2 x86_64/q35 uefi-handover fp found em=0 ts=0 mp=1 osfxsr=1 osxmmexcpt=1 osxsave=0
KICKOS-X1 8c41d7a2 x86_64/q35 uefi-handover fp trapped em=1 ts=1 mp=1 osfxsr=0 osxmmexcpt=0 osxsave=0
KICKOS-X1 8c41d7a2 x86_64/q35 uefi-handover boot services left
KICKOS-X1 8c41d7a2 x86_64/q35 uefi-handover if_after_exit=0
x86_64 app relocation: base=0x0000000000400000 load_delta=0x0000000000000000 app_words=0

  ==============================================
   KickOS 0.5.1  -  microkernel RTOS
  ==============================================
   board   qemu-x86_64
   arch    x86_64
   cpu     x86-64
   mpu     off
   sched   tickless
   build   2026-09-30 10:52:05 +0200
   app     Sep 30 2026 10:49:57 +0200
   commit  af2c68d6
   heap    none
   kstack  4096 B x 33 = 135168 B

microbenchmark: context-switch throughput (all arches) + per-switch cost
+ IRQ-entry latency where a cycle counter exists. Reporter woken by the
workload, not a timer. Telemetry OFF for clean numbers.
cycle counter: 1998794622 Hz (0 = no rate converts a reading; cycles only)

  lock-probe: hold+1 core=0 depth=0  (three nested, one outermost)
  call/reply: 8 B  7813 ns/round-trip  (127986 round-trips/s over 20000 calls / 156 ms)
  call/reply: 16 B  7688 ns/round-trip  (130072 round-trips/s over 20000 calls / 153 ms)
  call/reply: 32 B  7688 ns/round-trip  (130072 round-trips/s over 20000 calls / 153 ms)
  call/reply: 64 B  7701 ns/round-trip  (129852 round-trips/s over 20000 calls / 154 ms)
  call/reply: 128 B  7724 ns/round-trip  (129463 round-trips/s over 20000 calls / 154 ms)
  call/reply: 256 B  7905 ns/round-trip  (126501 round-trips/s over 20000 calls / 158 ms)
  call/reply: 8 B  7660 ns/round-trip  (130542 round-trips/s over 20000 calls / 153 ms) [generic path]
  call/reply: 16 B  7673 ns/round-trip  (130310 round-trips/s over 20000 calls / 153 ms) [generic path]
  call/reply: 32 B  7653 ns/round-trip  (130655 round-trips/s over 20000 calls / 153 ms) [generic path]
  call/reply: 64 B  7708 ns/round-trip  (129727 round-trips/s over 20000 calls / 154 ms) [generic path]
  call/reply: 128 B  7810 ns/round-trip  (128029 round-trips/s over 20000 calls / 156 ms) [generic path]
  call/reply: 256 B  7846 ns/round-trip  (127441 round-trips/s over 20000 calls / 156 ms) [generic path]
  call/reply: 32 B  7885 ns/round-trip  (126811 round-trips/s over 20000 calls / 157 ms) [caller outranks server, D1 donates]
  phase table (44 rows; cyc avg/max, min last and a floor; leaf -= NULL, composite -= NULL + k*(NEST-NULL)):
    NULL             15/4560  min=1  n=260000
    NEST             82/25020  min=60  n=260000
    NEST_LOCK        104/42080  min=80  n=260000
    CALL_TOTAL       14583/2553640  min=14140  n=259999
    CALL_VALIDATE    146/25760  min=120  n=260000
    CALL_LOCKED      14177/2552580  min=13740  n=259999
    CALL_RESOLVE     175/17320  min=140  n=260000
    CALL_PEEK        82/21880  min=60  n=260000
    CALL_PROBE       85/28500  min=80  n=259999
    CALL_POP         71/38400  min=60  n=259999
    CALL_COPY        1376/125720  min=1260  n=259999
    CALL_MINT        1440/192180  min=1340  n=259999
    CALL_MINT_CAP    336/98140  min=280  n=259999
    CALL_MINT_INFO   957/54440  min=880  n=259999
    CALL_DONATE      95/20360  min=80  n=19999
    CALL_PARK        245/62440  min=220  n=259999
    CALL_WAKE        9707/2548040  min=9360  n=259999
    CALL_RESUME      89/27900  min=80  n=260000
    CALL_SLOW_TOTAL  449160/449160  min=449160  n=1
    CALL_SLOW_LOCKED 431400/431400  min=431400  n=1
    CALL_SLOW_DONATE 0/0  min=0  n=0
    CALL_SLOW_PARK   327360/327360  min=327360  n=1
    RECV_LOCKED      9685/1290400  min=9360  n=259999
    RECV_RESOLVE     374/120660  min=340  n=260000
    RECV_SCAN        105/37200  min=80  n=259999
    RECV_PARK        8909/1090200  min=8600  n=259999
    REPLY_TOTAL      58066/394960  min=6140  n=13
    REPLY_VALIDATE   7096/32220  min=1100  n=13
    REPLY_LOCKED     2590/653040  min=2440  n=260000
    REPLY_LOOKUP     334/210800  min=300  n=260000
    REPLY_COPY       1492/649260  min=1380  n=260000
    REPLY_FUNNEL     121/65480  min=100  n=260000
    REPLY_WAKE       284/30220  min=260  n=260000
    REPLY_RECV_TOTAL 13986/1720000  min=13520  n=260000
    REPLY_RECV_TAIL  414/99380  min=380  n=259999
    WAKE_UNPARK      63/26600  min=40  n=520012
    PICK_NEXT        44/14440  min=20  n=520064
    SWITCH_TO        16648/316345140  min=8160  n=520013
    SWITCH_BOOK      111/64399  min=99  n=520039
    MPU_APPLY        105/11360  min=80  n=520039
    MPU_COMMIT       0/0  min=0  n=0
    REENT_SEAT       0/0  min=0  n=0
    KTIME_REARM      60/12260  min=40  n=520039
    ARCH_SWITCH      16019/316343420  min=7540  n=520013
  ns-probe: cyc=4294967295 ns=2148778692 capped=0
  sat-probe: width=64 fits+1/0 wide+0/1 max=1000

  throughput: 504195 ctx-sw/s  (1983 ns/sw avg over 40000 switches / 79 ms)
  switch-probe: fastpath-swaps=0  (swapped inside the trap, so not in the switch row)
  switch:    60/80/220 cyc  30/40/110 ns  (p50/p99/max, n=40002)
  lock-hold: 1024/1792/35380 cyc  512/896/17700 ns  (p50/p99/max, n=80245)
  lock-site: core=0 site=0x417d18 max=35380
  irq-probe: line=6 raise=inject on=0 raised=100 hcore=none foreign=0 win=0
  irq:       0/0/0 cyc  0/0/0 ns  (p50/max/max, n=0)
  wcase-probe: line=6 raise=inject on=0 raised=100 hcore=none foreign=0 win=0
  wcase-irq[0B]:    0/0/0 cyc  0/0/0 ns  (p50/max/max, n=0)
  wcase-probe: line=6 raise=inject on=0 raised=100 hcore=none foreign=0 win=0
  wcase-irq[64B]:   0/0/0 cyc  0/0/0 ns  (p50/max/max, n=0)
  wcase-probe: line=6 raise=inject on=0 raised=100 hcore=none foreign=0 win=0
  wcase-irq[256B]:  0/0/0 cyc  0/0/0 ns  (p50/max/max, n=0)
  wcase-probe: line=6 raise=inject on=0 raised=100 hcore=none foreign=0 win=0
  wcase-irq[1024B]: 0/0/0 cyc  0/0/0 ns  (p50/max/max, n=0)
  e2e-settle: settled=2/2
  e2e-probe: line=7 closed=1000 dropped=0 tare=280/564 ns  (min/avg, n=64)
  e2e-passes: asked=1000 raised=1000
  e2e-local: 4096/4096/599662 ns  (p50/p99/max, n=1000)
  throughput: 500465 ctx-sw/s  (1998 ns/sw avg over 40000 switches / 79 ms)
  switch-probe: fastpath-swaps=0  (swapped inside the trap, so not in the switch row)
  switch:    60/80/7180 cyc  30/40/3592 ns  (p50/p99/max, n=40002)
  lock-hold: 1024/1792/30500 cyc  512/896/15259 ns  (p50/p99/max, n=80250)
  lock-site: core=0 site=0x417d18 max=30500
  irq-probe: line=6 raise=inject on=0 raised=100 hcore=none foreign=0 win=0
  irq:       0/0/0 cyc  0/0/0 ns  (p50/max/max, n=0)
  wcase-probe: line=6 raise=inject on=0 raised=100 hcore=none foreign=0 win=0
  wcase-irq[0B]:    0/0/0 cyc  0/0/0 ns  (p50/max/max, n=0)
  wcase-probe: line=6 raise=inject on=0 raised=100 hcore=none foreign=0 win=0
  wcase-irq[64B]:   0/0/0 cyc  0/0/0 ns  (p50/max/max, n=0)
  wcase-probe: line=6 raise=inject on=0 raised=100 hcore=none foreign=0 win=0
  wcase-irq[256B]:  0/0/0 cyc  0/0/0 ns  (p50/max/max, n=0)
  wcase-probe: line=6 raise=inject on=0 raised=100 hcore=none foreign=0 win=0
  wcase-irq[1024B]: 0/0/0 cyc  0/0/0 ns  (p50/max/max, n=0)
  e2e-settle: settled=2/2
  e2e-probe: line=7 closed=1000 dropped=0 tare=280/564 ns  (min/avg, n=64)
  e2e-passes: asked=1000 raised=1000
  e2e-local: 4096/5120/33060 ns  (p50/p99/max, n=1000)
  throughput: 503471 ctx-sw/s  (1986 ns/sw avg over 40000 switches / 79 ms)
  switch-probe: fastpath-swaps=0  (swapped inside the trap, so not in the switch row)
  switch:    60/80/420 cyc  30/40/210 ns  (p50/p99/max, n=40002)
  lock-hold: 960/1792/15280 cyc  480/896/7644 ns  (p50/p99/max, n=80248)
  lock-site: core=0 site=0x417d18 max=15280
  irq-probe: line=6 raise=inject on=0 raised=100 hcore=none foreign=0 win=0
  irq:       0/0/0 cyc  0/0/0 ns  (p50/max/max, n=0)
  wcase-probe: line=6 raise=inject on=0 raised=100 hcore=none foreign=0 win=0
  wcase-irq[0B]:    0/0/0 cyc  0/0/0 ns  (p50/max/max, n=0)
  wcase-probe: line=6 raise=inject on=0 raised=100 hcore=none foreign=0 win=0
  wcase-irq[64B]:   0/0/0 cyc  0/0/0 ns  (p50/max/max, n=0)
  wcase-probe: line=6 raise=inject on=0 raised=100 hcore=none foreign=0 win=0
  wcase-irq[256B]:  0/0/0 cyc  0/0/0 ns  (p50/max/max, n=0)
  wcase-probe: line=6 raise=inject on=0 raised=100 hcore=none foreign=0 win=0
  wcase-irq[1024B]: 0/0/0 cyc  0/0/0 ns  (p50/max/max, n=0)
  e2e-settle: settled=2/2
  e2e-probe: line=7 closed=1000 dropped=0 tare=280/564 ns  (min/avg, n=64)
  e2e-passes: asked=1000 raised=1000
  e2e-local: 4096/4096/37783 ns  (p50/p99/max, n=1000)
  xtask ping-pong: 7510 ns/switch  (40000 switches / 300 ms)
  xtask call/reply: 16 B  24321 ns/round-trip  (41115 round-trips/s over 20000 calls / 486 ms)
  spawn/exit: thread 40689 ns  (200 reps / 8 ms)
  spawn/exit: task 87543 ns  (200 reps / 17 ms)
bench: done

KICKOS-EXIT status 0
POLL_OK=1 POLL_MS=4600
