[2J[001;001H[=3h[2J[001;001H[2J[001;001H[8;042;160t[2J[001;001H[2J[001;001H[8;056;240t[2J[001;001HBdsDxe: loading Boot0002 "UEFI QEMU HARDDISK QM00001 " from PciRoot(0x0)/Pci(0x1F,0x2)/Sata(0x0,0xFFFF,0x0)
BdsDxe: starting Boot0002 "UEFI QEMU HARDDISK QM00001 " from PciRoot(0x0)/Pci(0x1F,0x2)/Sata(0x0,0xFFFF,0x0)

KICKOS-X1 8c41d7a2 x86_64/q35 uefi-handover entry
KICKOS-X1 8c41d7a2 x86_64/q35 uefi-handover handover if=1 paging=1 longmode=1 root=1 wp=1 nx=1 nxcap=1
KICKOS-X1 8c41d7a2 x86_64/q35 uefi-handover if_after_cli=0
KICKOS-X1 8c41d7a2 x86_64/q35 uefi-handover firmware=Debian distribution of EDK II
KICKOS-X1 8c41d7a2 x86_64/q35 uefi-handover revision=0x0000000000020046
KICKOS-X1 8c41d7a2 x86_64/q35 uefi-handover map descriptors=109 stride=48 version=1 conventional_pages=117666 arena=0x0000000001800000 arena_pages=107372
KICKOS-X1 8c41d7a2 x86_64/q35 uefi-handover fp found em=0 ts=0 mp=1 osfxsr=1 osxmmexcpt=1 osxsave=0
KICKOS-X1 8c41d7a2 x86_64/q35 uefi-handover fp trapped em=1 ts=1 mp=1 osfxsr=0 osxmmexcpt=0 osxsave=0
KICKOS-X1 8c41d7a2 x86_64/q35 uefi-handover boot services left
KICKOS-X1 8c41d7a2 x86_64/q35 uefi-handover if_after_exit=0
x86_64 app relocation: base=0x0000000000400000 load_delta=0x0000000000000000 app_words=0

  ==============================================
   KickOS 0.5.1  -  microkernel RTOS
  ==============================================
   board   qemu-x86_64
   arch    x86_64
   cpu     x86-64
   mpu     off
   sched   tickless
   build   2026-09-30 10:52:05 +0200
   app     Sep 30 2026 10:49:57 +0200
   commit  af2c68d6
   heap    none
   kstack  4096 B x 33 = 135168 B

microbenchmark: context-switch throughput (all arches) + per-switch cost
+ IRQ-entry latency where a cycle counter exists. Reporter woken by the
workload, not a timer. Telemetry OFF for clean numbers.
cycle counter: 2000516384 Hz (0 = no rate converts a reading; cycles only)

  lock-probe: hold+1 core=0 depth=0  (three nested, one outermost)
  call/reply: 8 B  7755 ns/round-trip  (128937 round-trips/s over 20000 calls / 155 ms)
  call/reply: 16 B  7651 ns/round-trip  (130698 round-trips/s over 20000 calls / 153 ms)
  call/reply: 32 B  7663 ns/round-trip  (130483 round-trips/s over 20000 calls / 153 ms)
  call/reply: 64 B  7725 ns/round-trip  (129435 round-trips/s over 20000 calls / 154 ms)
  call/reply: 128 B  7717 ns/round-trip  (129570 round-trips/s over 20000 calls / 154 ms)
  call/reply: 256 B  7758 ns/round-trip  (128885 round-trips/s over 20000 calls / 155 ms)
  call/reply: 8 B  7647 ns/round-trip  (130754 round-trips/s over 20000 calls / 152 ms) [generic path]
  call/reply: 16 B  7635 ns/round-trip  (130972 round-trips/s over 20000 calls / 152 ms) [generic path]
  call/reply: 32 B  7639 ns/round-trip  (130900 round-trips/s over 20000 calls / 152 ms) [generic path]
  call/reply: 64 B  7666 ns/round-trip  (130432 round-trips/s over 20000 calls / 153 ms) [generic path]
  call/reply: 128 B  7687 ns/round-trip  (130083 round-trips/s over 20000 calls / 153 ms) [generic path]
  call/reply: 256 B  7774 ns/round-trip  (128632 round-trips/s over 20000 calls / 155 ms) [generic path]
  call/reply: 32 B  7907 ns/round-trip  (126460 round-trips/s over 20000 calls / 158 ms) [caller outranks server, D1 donates]
  phase table (44 rows; cyc avg/max, min last and a floor; leaf -= NULL, composite -= NULL + k*(NEST-NULL)):
    NULL             15/6260  min=1  n=260000
    NEST             82/32599  min=79  n=260000
    NEST_LOCK        106/41840  min=100  n=260000
    CALL_TOTAL       14521/2530140  min=14100  n=259999
    CALL_VALIDATE    135/14980  min=120  n=260000
    CALL_LOCKED      14135/2529220  min=13720  n=259999
    CALL_RESOLVE     171/30540  min=140  n=260000
    CALL_PEEK        82/35620  min=80  n=260000
    CALL_PROBE       85/27440  min=80  n=259999
    CALL_POP         72/36640  min=60  n=259999
    CALL_COPY        1361/57400  min=1260  n=259999
    CALL_MINT        1430/189340  min=1360  n=259999
    CALL_MINT_CAP    319/97200  min=280  n=259999
    CALL_MINT_INFO   957/52580  min=900  n=259999
    CALL_DONATE      96/21080  min=80  n=19999
    CALL_PARK        241/61340  min=220  n=259999
    CALL_WAKE        9696/2524800  min=9360  n=259999
    CALL_RESUME      90/13840  min=80  n=260000
    CALL_SLOW_TOTAL  432980/432980  min=432980  n=1
    CALL_SLOW_LOCKED 415720/415720  min=415720  n=1
    CALL_SLOW_DONATE 0/0  min=0  n=0
    CALL_SLOW_PARK   317040/317040  min=317040  n=1
    RECV_LOCKED      9661/1283220  min=9360  n=259999
    RECV_RESOLVE     375/119900  min=340  n=260000
    RECV_SCAN        106/38020  min=80  n=259999
    RECV_PARK        8887/1081260  min=8600  n=259999
    REPLY_TOTAL      63964/495560  min=6840  n=13
    REPLY_VALIDATE   6209/33080  min=1080  n=13
    REPLY_LOCKED     2600/438740  min=2460  n=260000
    REPLY_LOOKUP     332/208460  min=300  n=260000
    REPLY_COPY       1501/47380  min=1400  n=260000
    REPLY_FUNNEL     123/65800  min=100  n=260000
    REPLY_WAKE       283/30560  min=260  n=260000
    REPLY_RECV_TOTAL 13932/1722120  min=13500  n=260000
    REPLY_RECV_TAIL  403/98820  min=360  n=259999
    WAKE_UNPARK      64/27460  min=40  n=520012
    PICK_NEXT        44/14640  min=20  n=520064
    SWITCH_TO        16591/316803120  min=8140  n=520013
    SWITCH_BOOK      111/116840  min=100  n=520039
    MPU_APPLY        105/31080  min=80  n=520039
    MPU_COMMIT       0/0  min=0  n=0
    REENT_SEAT       0/0  min=0  n=0
    KTIME_REARM      61/7640  min=40  n=520039
    ARCH_SWITCH      15967/316801200  min=7540  n=520013
  ns-probe: cyc=4294967295 ns=2146929327 capped=0
  sat-probe: width=64 fits+1/0 wide+0/1 max=1000

  throughput: 503466 ctx-sw/s  (1986 ns/sw avg over 40000 switches / 79 ms)
  switch-probe: fastpath-swaps=0  (swapped inside the trap, so not in the switch row)
  switch:    60/60/8020 cyc  29/29/4008 ns  (p50/p99/max, n=40002)
  lock-hold: 1024/1792/13100 cyc  511/895/6548 ns  (p50/p99/max, n=80247)
  lock-site: core=0 site=0x417d18 max=13100
  irq-probe: line=6 raise=inject on=0 raised=100 hcore=none foreign=0 win=0
  irq:       0/0/0 cyc  0/0/0 ns  (p50/max/max, n=0)
  wcase-probe: line=6 raise=inject on=0 raised=100 hcore=none foreign=0 win=0
  wcase-irq[0B]:    0/0/0 cyc  0/0/0 ns  (p50/max/max, n=0)
  wcase-probe: line=6 raise=inject on=0 raised=100 hcore=none foreign=0 win=0
  wcase-irq[64B]:   0/0/0 cyc  0/0/0 ns  (p50/max/max, n=0)
  wcase-probe: line=6 raise=inject on=0 raised=100 hcore=none foreign=0 win=0
  wcase-irq[256B]:  0/0/0 cyc  0/0/0 ns  (p50/max/max, n=0)
  wcase-probe: line=6 raise=inject on=0 raised=100 hcore=none foreign=0 win=0
  wcase-irq[1024B]: 0/0/0 cyc  0/0/0 ns  (p50/max/max, n=0)
  e2e-settle: settled=2/2
  e2e-probe: line=7 closed=1000 dropped=0 tare=280/559 ns  (min/avg, n=64)
  e2e-passes: asked=1000 raised=1000
  e2e-local: 4096/4608/666788 ns  (p50/p99/max, n=1000)
  throughput: 499956 ctx-sw/s  (2000 ns/sw avg over 40000 switches / 80 ms)
  switch-probe: fastpath-swaps=0  (swapped inside the trap, so not in the switch row)
  switch:    80/96/260 cyc  39/47/129 ns  (p50/p99/max, n=40002)
  lock-hold: 768/1792/33940 cyc  383/895/16965 ns  (p50/p99/max, n=80248)
  lock-site: core=0 site=0x417d18 max=33940
  irq-probe: line=6 raise=inject on=0 raised=100 hcore=none foreign=0 win=0
  irq:       0/0/0 cyc  0/0/0 ns  (p50/max/max, n=0)
  wcase-probe: line=6 raise=inject on=0 raised=100 hcore=none foreign=0 win=0
  wcase-irq[0B]:    0/0/0 cyc  0/0/0 ns  (p50/max/max, n=0)
  wcase-probe: line=6 raise=inject on=0 raised=100 hcore=none foreign=0 win=0
  wcase-irq[64B]:   0/0/0 cyc  0/0/0 ns  (p50/max/max, n=0)
  wcase-probe: line=6 raise=inject on=0 raised=100 hcore=none foreign=0 win=0
  wcase-irq[256B]:  0/0/0 cyc  0/0/0 ns  (p50/max/max, n=0)
  wcase-probe: line=6 raise=inject on=0 raised=100 hcore=none foreign=0 win=0
  wcase-irq[1024B]: 0/0/0 cyc  0/0/0 ns  (p50/max/max, n=0)
  e2e-settle: settled=2/2
  e2e-probe: line=7 closed=1000 dropped=0 tare=280/559 ns  (min/avg, n=64)
  e2e-passes: asked=1000 raised=1000
  e2e-local: 4096/4096/47798 ns  (p50/p99/max, n=1000)
  throughput: 496539 ctx-sw/s  (2013 ns/sw avg over 40000 switches / 80 ms)
  switch-probe: fastpath-swaps=0  (swapped inside the trap, so not in the switch row)
  switch:    80/96/3940 cyc  39/47/1969 ns  (p50/p99/max, n=40002)
  lock-hold: 1024/1792/42240 cyc  511/895/21114 ns  (p50/p99/max, n=80250)
  lock-site: core=0 site=0x417d18 max=42240
  irq-probe: line=6 raise=inject on=0 raised=100 hcore=none foreign=0 win=0
  irq:       0/0/0 cyc  0/0/0 ns  (p50/max/max, n=0)
  wcase-probe: line=6 raise=inject on=0 raised=100 hcore=none foreign=0 win=0
  wcase-irq[0B]:    0/0/0 cyc  0/0/0 ns  (p50/max/max, n=0)
  wcase-probe: line=6 raise=inject on=0 raised=100 hcore=none foreign=0 win=0
  wcase-irq[64B]:   0/0/0 cyc  0/0/0 ns  (p50/max/max, n=0)
  wcase-probe: line=6 raise=inject on=0 raised=100 hcore=none foreign=0 win=0
  wcase-irq[256B]:  0/0/0 cyc  0/0/0 ns  (p50/max/max, n=0)
  wcase-probe: line=6 raise=inject on=0 raised=100 hcore=none foreign=0 win=0
  wcase-irq[1024B]: 0/0/0 cyc  0/0/0 ns  (p50/max/max, n=0)
  e2e-settle: settled=2/2
  e2e-probe: line=7 closed=1000 dropped=0 tare=280/559 ns  (min/avg, n=64)
  e2e-passes: asked=1000 raised=1000
  e2e-local: 4096/4096/26264 ns  (p50/p99/max, n=1000)
  xtask ping-pong: 7498 ns/switch  (40000 switches / 299 ms)
  xtask call/reply: 16 B  24188 ns/round-trip  (41342 round-trips/s over 20000 calls / 483 ms)
  spawn/exit: thread 41383 ns  (200 reps / 8 ms)
  spawn/exit: task 87741 ns  (200 reps / 17 ms)
bench: done

KICKOS-EXIT status 0
POLL_OK=1 POLL_MS=4600
