[2J[001;001H[=3h[2J[001;001H[2J[001;001H[8;042;160t[2J[001;001H[2J[001;001H[8;056;240t[2J[001;001HBdsDxe: loading Boot0002 "UEFI QEMU HARDDISK QM00001 " from PciRoot(0x0)/Pci(0x1F,0x2)/Sata(0x0,0xFFFF,0x0)
BdsDxe: starting Boot0002 "UEFI QEMU HARDDISK QM00001 " from PciRoot(0x0)/Pci(0x1F,0x2)/Sata(0x0,0xFFFF,0x0)

KICKOS-X1 8c41d7a2 x86_64/q35 uefi-handover entry
KICKOS-X1 8c41d7a2 x86_64/q35 uefi-handover handover if=1 paging=1 longmode=1 root=1 wp=1 nx=1 nxcap=1
KICKOS-X1 8c41d7a2 x86_64/q35 uefi-handover if_after_cli=0
KICKOS-X1 8c41d7a2 x86_64/q35 uefi-handover firmware=Debian distribution of EDK II
KICKOS-X1 8c41d7a2 x86_64/q35 uefi-handover revision=0x0000000000020046
KICKOS-X1 8c41d7a2 x86_64/q35 uefi-handover map descriptors=109 stride=48 version=1 conventional_pages=117679 arena=0x0000000001800000 arena_pages=107372
KICKOS-X1 8c41d7a2 x86_64/q35 uefi-handover fp found em=0 ts=0 mp=1 osfxsr=1 osxmmexcpt=1 osxsave=0
KICKOS-X1 8c41d7a2 x86_64/q35 uefi-handover fp trapped em=1 ts=1 mp=1 osfxsr=0 osxmmexcpt=0 osxsave=0
KICKOS-X1 8c41d7a2 x86_64/q35 uefi-handover boot services left
KICKOS-X1 8c41d7a2 x86_64/q35 uefi-handover if_after_exit=0
x86_64 app relocation: base=0x0000000000400000 load_delta=0x0000000000000000 app_words=0

  ==============================================
   KickOS 0.5.1  -  microkernel RTOS
  ==============================================
   board   qemu-x86_64
   arch    x86_64
   cpu     x86-64
   mpu     off
   sched   tickless
   build   2026-09-30 09:45:54 +0200
   app     Sep 30 2026 09:45:54 +0200
   commit  10deab0c
   heap    none
   kstack  4096 B x 33 = 135168 B

microbenchmark: context-switch throughput (all arches) + per-switch cost
+ IRQ-entry latency where a cycle counter exists. Reporter woken by the
workload, not a timer. Telemetry OFF for clean numbers.
cycle counter: 1999447889 Hz (0 = no rate converts a reading; cycles only)

  lock-probe: hold+1 core=0 depth=0  (three nested, one outermost)
  call/reply: 8 B  7940 ns/round-trip  (125943 round-trips/s over 20000 calls / 158 ms)
  call/reply: 16 B  7862 ns/round-trip  (127182 round-trips/s over 20000 calls / 157 ms)
  call/reply: 32 B  7907 ns/round-trip  (126463 round-trips/s over 20000 calls / 158 ms)
  call/reply: 64 B  7890 ns/round-trip  (126729 round-trips/s over 20000 calls / 157 ms)
  call/reply: 128 B  7879 ns/round-trip  (126903 round-trips/s over 20000 calls / 157 ms)
  call/reply: 256 B  8028 ns/round-trip  (124549 round-trips/s over 20000 calls / 160 ms)
  call/reply: 8 B  7796 ns/round-trip  (128269 round-trips/s over 20000 calls / 155 ms) [generic path]
  call/reply: 16 B  7824 ns/round-trip  (127803 round-trips/s over 20000 calls / 156 ms) [generic path]
  call/reply: 32 B  7904 ns/round-trip  (126503 round-trips/s over 20000 calls / 158 ms) [generic path]
  call/reply: 64 B  7911 ns/round-trip  (126394 round-trips/s over 20000 calls / 158 ms) [generic path]
  call/reply: 128 B  7872 ns/round-trip  (127020 round-trips/s over 20000 calls / 157 ms) [generic path]
  call/reply: 256 B  7950 ns/round-trip  (125777 round-trips/s over 20000 calls / 159 ms) [generic path]
  call/reply: 32 B  8052 ns/round-trip  (124183 round-trips/s over 20000 calls / 161 ms) [caller outranks server, D1 donates]
  phase table (44 rows; cyc avg/max, min last and a floor; leaf -= NULL, composite -= NULL + k*(NEST-NULL)):
    NULL             15/4260  min=1  n=260000
    NEST             85/29700  min=79  n=260000
    NEST_LOCK        47/40420  min=40  n=260000
    CALL_TOTAL       14720/2324640  min=14120  n=259999
    CALL_VALIDATE    176/14200  min=160  n=260000
    CALL_LOCKED      14212/2324059  min=13620  n=259999
    CALL_RESOLVE     218/19980  min=180  n=260000
    CALL_PEEK        50/21980  min=20  n=260000
    CALL_PROBE       88/27860  min=60  n=259999
    CALL_POP         130/37560  min=100  n=259999
    CALL_COPY        1432/58340  min=1340  n=259999
    CALL_MINT        1348/189980  min=1240  n=259999
    CALL_MINT_CAP    374/99300  min=320  n=259999
    CALL_MINT_INFO   830/51640  min=780  n=259999
    CALL_DONATE      115/21340  min=100  n=19999
    CALL_PARK        240/61540  min=220  n=259999
    CALL_WAKE        9725/2319180  min=9340  n=259999
    CALL_RESUME      156/30280  min=120  n=260000
    CALL_SLOW_TOTAL  440120/440120  min=440120  n=1
    CALL_SLOW_LOCKED 423840/423840  min=423840  n=1
    CALL_SLOW_DONATE 0/0  min=0  n=0
    CALL_SLOW_PARK   321980/321980  min=321980  n=1
    RECV_LOCKED      9920/1328400  min=9460  n=259999
    RECV_RESOLVE     243/148120  min=220  n=260000
    RECV_SCAN        139/39980  min=100  n=259999
    RECV_PARK        9299/1095480  min=8880  n=259999
    REPLY_TOTAL      55310/390480  min=6060  n=13
    REPLY_VALIDATE   6100/33920  min=1300  n=13
    REPLY_LOCKED     2479/608880  min=2320  n=260000
    REPLY_LOOKUP     318/601840  min=280  n=260000
    REPLY_COPY       1454/36100  min=1340  n=260000
    REPLY_FUNNEL     196/64340  min=160  n=260000
    REPLY_WAKE       227/98380  min=200  n=260000
    REPLY_RECV_TOTAL 14258/1715360  min=13640  n=260000
    REPLY_RECV_TAIL  453/99480  min=400  n=259999
    WAKE_UNPARK      63/29480  min=40  n=520012
    PICK_NEXT        46/15240  min=20  n=520064
    SWITCH_TO        16983/322357740  min=8420  n=520013
    SWITCH_BOOK      67/88540  min=40  n=520039
    MPU_APPLY        110/107680  min=80  n=520039
    MPU_COMMIT       0/0  min=0  n=0
    REENT_SEAT       0/0  min=0  n=0
    KTIME_REARM      62/7560  min=40  n=520039
    ARCH_SWITCH      16443/322355480  min=7860  n=520013
  ns-probe: cyc=4294967295 ns=2148076635 capped=0
  sat-probe: width=64 fits+1/0 wide+0/1 max=1000

  throughput: 512664 ctx-sw/s  (1950 ns/sw avg over 40000 switches / 78 ms)
  switch-probe: fastpath-swaps=0  (swapped inside the trap, so not in the switch row)
  switch:    60/80/120 cyc  30/40/60 ns  (p50/p99/max, n=40002)
  lock-hold: 704/1920/22000 cyc  352/960/11003 ns  (p50/p99/max, n=80244)
  lock-site: core=0 site=0x416918 max=22000
  irq-probe: line=6 raise=inject on=0 raised=100 hcore=none foreign=0 win=0
  irq:       0/0/0 cyc  0/0/0 ns  (p50/max/max, n=0)
  wcase-probe: line=6 raise=inject on=0 raised=100 hcore=none foreign=0 win=0
  wcase-irq[0B]:    0/0/0 cyc  0/0/0 ns  (p50/max/max, n=0)
  wcase-probe: line=6 raise=inject on=0 raised=100 hcore=none foreign=0 win=0
  wcase-irq[64B]:   0/0/0 cyc  0/0/0 ns  (p50/max/max, n=0)
  wcase-probe: line=6 raise=inject on=0 raised=100 hcore=none foreign=0 win=0
  wcase-irq[256B]:  0/0/0 cyc  0/0/0 ns  (p50/max/max, n=0)
  wcase-probe: line=6 raise=inject on=0 raised=100 hcore=none foreign=0 win=0
  wcase-irq[1024B]: 0/0/0 cyc  0/0/0 ns  (p50/max/max, n=0)
  e2e-settle: settled=2/2
  e2e-probe: line=7 closed=1000 dropped=0 tare=290/570 ns  (min/avg, n=64)
  e2e-passes: asked=1000 raised=1000
  e2e-local: 4096/4096/599495 ns  (p50/p99/max, n=1000)
  throughput: 510765 ctx-sw/s  (1957 ns/sw avg over 40000 switches / 78 ms)
  switch-probe: fastpath-swaps=0  (swapped inside the trap, so not in the switch row)
  switch:    60/80/220 cyc  30/40/110 ns  (p50/p99/max, n=40002)
  lock-hold: 1024/1792/22080 cyc  512/896/11043 ns  (p50/p99/max, n=80248)
  lock-site: core=0 site=0x416918 max=22080
  irq-probe: line=6 raise=inject on=0 raised=100 hcore=none foreign=0 win=0
  irq:       0/0/0 cyc  0/0/0 ns  (p50/max/max, n=0)
  wcase-probe: line=6 raise=inject on=0 raised=100 hcore=none foreign=0 win=0
  wcase-irq[0B]:    0/0/0 cyc  0/0/0 ns  (p50/max/max, n=0)
  wcase-probe: line=6 raise=inject on=0 raised=100 hcore=none foreign=0 win=0
  wcase-irq[64B]:   0/0/0 cyc  0/0/0 ns  (p50/max/max, n=0)
  wcase-probe: line=6 raise=inject on=0 raised=100 hcore=none foreign=0 win=0
  wcase-irq[256B]:  0/0/0 cyc  0/0/0 ns  (p50/max/max, n=0)
  wcase-probe: line=6 raise=inject on=0 raised=100 hcore=none foreign=0 win=0
  wcase-irq[1024B]: 0/0/0 cyc  0/0/0 ns  (p50/max/max, n=0)
  e2e-settle: settled=2/2
  e2e-probe: line=7 closed=1000 dropped=0 tare=290/570 ns  (min/avg, n=64)
  e2e-passes: asked=1000 raised=1000
  e2e-local: 4096/5632/31448 ns  (p50/p99/max, n=1000)
  throughput: 509250 ctx-sw/s  (1963 ns/sw avg over 40000 switches / 78 ms)
  switch-probe: fastpath-swaps=0  (swapped inside the trap, so not in the switch row)
  switch:    60/80/120 cyc  30/40/60 ns  (p50/p99/max, n=40002)
  lock-hold: 960/1792/101180 cyc  480/896/50603 ns  (p50/p99/max, n=80247)
  lock-site: core=0 site=0x416918 max=101180
  irq-probe: line=6 raise=inject on=0 raised=100 hcore=none foreign=0 win=0
  irq:       0/0/0 cyc  0/0/0 ns  (p50/max/max, n=0)
  wcase-probe: line=6 raise=inject on=0 raised=100 hcore=none foreign=0 win=0
  wcase-irq[0B]:    0/0/0 cyc  0/0/0 ns  (p50/max/max, n=0)
  wcase-probe: line=6 raise=inject on=0 raised=100 hcore=none foreign=0 win=0
  wcase-irq[64B]:   0/0/0 cyc  0/0/0 ns  (p50/max/max, n=0)
  wcase-probe: line=6 raise=inject on=0 raised=100 hcore=none foreign=0 win=0
  wcase-irq[256B]:  0/0/0 cyc  0/0/0 ns  (p50/max/max, n=0)
  wcase-probe: line=6 raise=inject on=0 raised=100 hcore=none foreign=0 win=0
  wcase-irq[1024B]: 0/0/0 cyc  0/0/0 ns  (p50/max/max, n=0)
  e2e-settle: settled=2/2
  e2e-probe: line=7 closed=1000 dropped=0 tare=290/570 ns  (min/avg, n=64)
  e2e-passes: asked=1000 raised=1000
  e2e-local: 4096/4096/23927 ns  (p50/p99/max, n=1000)
  xtask ping-pong: 7499 ns/switch  (40000 switches / 299 ms)
  xtask call/reply: 16 B  24356 ns/round-trip  (41057 round-trips/s over 20000 calls / 487 ms)
  spawn/exit: thread 38764 ns  (200 reps / 7 ms)
  spawn/exit: task 85293 ns  (200 reps / 17 ms)
bench: done

KICKOS-EXIT status 0
POLL_OK=1 POLL_MS=4600
