[2J[001;001H[=3h[2J[001;001H[2J[001;001H[8;042;160t[2J[001;001H[2J[001;001H[8;056;240t[2J[001;001HBdsDxe: loading Boot0002 "UEFI QEMU HARDDISK QM00001 " from PciRoot(0x0)/Pci(0x1F,0x2)/Sata(0x0,0xFFFF,0x0)
BdsDxe: starting Boot0002 "UEFI QEMU HARDDISK QM00001 " from PciRoot(0x0)/Pci(0x1F,0x2)/Sata(0x0,0xFFFF,0x0)

KICKOS-X1 8c41d7a2 x86_64/q35 uefi-handover entry
KICKOS-X1 8c41d7a2 x86_64/q35 uefi-handover handover if=1 paging=1 longmode=1 root=1 wp=1 nx=1 nxcap=1
KICKOS-X1 8c41d7a2 x86_64/q35 uefi-handover if_after_cli=0
KICKOS-X1 8c41d7a2 x86_64/q35 uefi-handover firmware=Debian distribution of EDK II
KICKOS-X1 8c41d7a2 x86_64/q35 uefi-handover revision=0x0000000000020046
KICKOS-X1 8c41d7a2 x86_64/q35 uefi-handover map descriptors=109 stride=48 version=1 conventional_pages=117659 arena=0x0000000001800000 arena_pages=107372
KICKOS-X1 8c41d7a2 x86_64/q35 uefi-handover fp found em=0 ts=0 mp=1 osfxsr=1 osxmmexcpt=1 osxsave=0
KICKOS-X1 8c41d7a2 x86_64/q35 uefi-handover fp trapped em=1 ts=1 mp=1 osfxsr=0 osxmmexcpt=0 osxsave=0
KICKOS-X1 8c41d7a2 x86_64/q35 uefi-handover boot services left
KICKOS-X1 8c41d7a2 x86_64/q35 uefi-handover if_after_exit=0
x86_64 app relocation: base=0x0000000000400000 load_delta=0x0000000000000000 app_words=0

  ==============================================
   KickOS 0.5.1  -  microkernel RTOS
  ==============================================
   board   qemu-x86_64
   arch    x86_64
   cpu     x86-64
   mpu     off
   sched   tickless
   build   2026-09-30 10:52:07 +0200
   app     Sep 30 2026 10:49:58 +0200
   commit  0d899ff6
   heap    none
   kstack  4096 B x 33 = 135168 B

microbenchmark: context-switch throughput (all arches) + per-switch cost
+ IRQ-entry latency where a cycle counter exists. Reporter woken by the
workload, not a timer. Telemetry OFF for clean numbers.
cycle counter: 1998196838 Hz (0 = no rate converts a reading; cycles only)

  lock-probe: hold+1 core=0 depth=0  (three nested, one outermost)
  call/reply: 8 B  9352 ns/round-trip  (106928 round-trips/s over 20000 calls / 187 ms)
  call/reply: 16 B  9119 ns/round-trip  (109655 round-trips/s over 20000 calls / 182 ms)
  call/reply: 32 B  9258 ns/round-trip  (108006 round-trips/s over 20000 calls / 185 ms)
  call/reply: 64 B  9273 ns/round-trip  (107839 round-trips/s over 20000 calls / 185 ms)
  call/reply: 128 B  9314 ns/round-trip  (107363 round-trips/s over 20000 calls / 186 ms)
  call/reply: 256 B  9497 ns/round-trip  (105289 round-trips/s over 20000 calls / 189 ms)
  call/reply: 8 B  10224 ns/round-trip  (97801 round-trips/s over 20000 calls / 204 ms) [generic path]
  call/reply: 16 B  9328 ns/round-trip  (107193 round-trips/s over 20000 calls / 186 ms) [generic path]
  call/reply: 32 B  9296 ns/round-trip  (107569 round-trips/s over 20000 calls / 185 ms) [generic path]
  call/reply: 64 B  9297 ns/round-trip  (107560 round-trips/s over 20000 calls / 185 ms) [generic path]
  call/reply: 128 B  9272 ns/round-trip  (107849 round-trips/s over 20000 calls / 185 ms) [generic path]
  call/reply: 256 B  9358 ns/round-trip  (106855 round-trips/s over 20000 calls / 187 ms) [generic path]
  call/reply: 32 B  9435 ns/round-trip  (105984 round-trips/s over 20000 calls / 188 ms) [caller outranks server, D1 donates]
  phase table (44 rows; cyc avg/max, min last and a floor; leaf -= NULL, composite -= NULL + k*(NEST-NULL)):
    NULL             15/6700  min=1  n=260000
    NEST             131/34279  min=119  n=260000
    NEST_LOCK        48/43040  min=40  n=260000
    CALL_TOTAL       17808/2669160  min=16580  n=259999
    CALL_VALIDATE    139/36640  min=120  n=260000
    CALL_LOCKED      17308/2668500  min=16099  n=259999
    CALL_RESOLVE     220/15700  min=180  n=260000
    CALL_PEEK        84/21180  min=60  n=260000
    CALL_PROBE       45/28060  min=20  n=259999
    CALL_POP         169/44580  min=140  n=259999
    CALL_COPY        2190/84880  min=1980  n=259999
    CALL_MINT        1724/193460  min=1620  n=259999
    CALL_MINT_CAP    318/98820  min=280  n=259999
    CALL_MINT_INFO   1200/54260  min=1120  n=259999
    CALL_DONATE      92/19520  min=80  n=19999
    CALL_PARK        340/62720  min=300  n=259999
    CALL_WAKE        11390/2657320  min=10580  n=259999
    CALL_RESUME      43/14000  min=20  n=260000
    CALL_SLOW_TOTAL  463900/463900  min=463900  n=1
    CALL_SLOW_LOCKED 446680/446680  min=446680  n=1
    CALL_SLOW_DONATE 0/0  min=0  n=0
    CALL_SLOW_PARK   343440/343440  min=343440  n=1
    RECV_LOCKED      11685/1375960  min=10800  n=259999
    RECV_RESOLVE     497/121340  min=459  n=260000
    RECV_SCAN        177/39700  min=160  n=259999
    RECV_PARK        10750/1171440  min=9940  n=259999
    REPLY_TOTAL      68103/510460  min=6940  n=13
    REPLY_VALIDATE   6655/35260  min=1020  n=13
    REPLY_LOCKED     3392/408120  min=3100  n=260000
    REPLY_LOOKUP     310/206360  min=279  n=260000
    REPLY_COPY       2220/150180  min=2020  n=260000
    REPLY_FUNNEL     134/64580  min=100  n=260000
    REPLY_WAKE       287/38700  min=260  n=260000
    REPLY_RECV_TOTAL 17390/1778920  min=16140  n=260000
    REPLY_RECV_TAIL  265/99540  min=240  n=259999
    WAKE_UNPARK      68/27160  min=40  n=520012
    PICK_NEXT        94/14440  min=80  n=520064
    SWITCH_TO        19983/409019860  min=9520  n=520013
    SWITCH_BOOK      98/100340  min=40  n=520039
    MPU_APPLY        106/47440  min=80  n=520039
    MPU_COMMIT       0/0  min=0  n=0
    REENT_SEAT       0/0  min=0  n=0
    KTIME_REARM      122/9520  min=100  n=520039
    ARCH_SWITCH      19323/409017160  min=8960  n=520013
  ns-probe: cyc=4294967295 ns=2149421525 capped=0
  sat-probe: width=64 fits+1/0 wide+0/1 max=1000

  throughput: 485861 ctx-sw/s  (2058 ns/sw avg over 40000 switches / 82 ms)
  switch-probe: fastpath-swaps=0  (swapped inside the trap, so not in the switch row)
  switch:    60/80/280 cyc  30/40/140 ns  (p50/p99/max, n=40002)
  lock-hold: 1280/2304/81160 cyc  640/1153/40616 ns  (p50/p99/max, n=80245)
  lock-site: core=0 site=0x40ad35 max=81160
  irq-probe: line=6 raise=inject on=0 raised=100 hcore=none foreign=0 win=0
  irq:       0/0/0 cyc  0/0/0 ns  (p50/max/max, n=0)
  wcase-probe: line=6 raise=inject on=0 raised=100 hcore=none foreign=0 win=0
  wcase-irq[0B]:    0/0/0 cyc  0/0/0 ns  (p50/max/max, n=0)
  wcase-probe: line=6 raise=inject on=0 raised=100 hcore=none foreign=0 win=0
  wcase-irq[64B]:   0/0/0 cyc  0/0/0 ns  (p50/max/max, n=0)
  wcase-probe: line=6 raise=inject on=0 raised=100 hcore=none foreign=0 win=0
  wcase-irq[256B]:  0/0/0 cyc  0/0/0 ns  (p50/max/max, n=0)
  wcase-probe: line=6 raise=inject on=0 raised=100 hcore=none foreign=0 win=0
  wcase-irq[1024B]: 0/0/0 cyc  0/0/0 ns  (p50/max/max, n=0)
  e2e-settle: settled=2/2
  e2e-probe: line=7 closed=1000 dropped=0 tare=270/547 ns  (min/avg, n=64)
  e2e-passes: asked=1000 raised=1000
  e2e-local: 4096/4608/647303 ns  (p50/p99/max, n=1000)
  throughput: 492438 ctx-sw/s  (2030 ns/sw avg over 40000 switches / 81 ms)
  switch-probe: fastpath-swaps=0  (swapped inside the trap, so not in the switch row)
  switch:    60/80/640 cyc  30/40/320 ns  (p50/p99/max, n=40002)
  lock-hold: 1024/1792/17460 cyc  512/896/8737 ns  (p50/p99/max, n=80248)
  lock-site: core=0 site=0x4182c8 max=17460
  irq-probe: line=6 raise=inject on=0 raised=100 hcore=none foreign=0 win=0
  irq:       0/0/0 cyc  0/0/0 ns  (p50/max/max, n=0)
  wcase-probe: line=6 raise=inject on=0 raised=100 hcore=none foreign=0 win=0
  wcase-irq[0B]:    0/0/0 cyc  0/0/0 ns  (p50/max/max, n=0)
  wcase-probe: line=6 raise=inject on=0 raised=100 hcore=none foreign=0 win=0
  wcase-irq[64B]:   0/0/0 cyc  0/0/0 ns  (p50/max/max, n=0)
  wcase-probe: line=6 raise=inject on=0 raised=100 hcore=none foreign=0 win=0
  wcase-irq[256B]:  0/0/0 cyc  0/0/0 ns  (p50/max/max, n=0)
  wcase-probe: line=6 raise=inject on=0 raised=100 hcore=none foreign=0 win=0
  wcase-irq[1024B]: 0/0/0 cyc  0/0/0 ns  (p50/max/max, n=0)
  e2e-settle: settled=2/2
  e2e-probe: line=7 closed=1000 dropped=0 tare=270/547 ns  (min/avg, n=64)
  e2e-passes: asked=1000 raised=1000
  e2e-local: 4096/6144/34412 ns  (p50/p99/max, n=1000)
  throughput: 478045 ctx-sw/s  (2091 ns/sw avg over 40000 switches / 83 ms)
  switch-probe: fastpath-swaps=0  (swapped inside the trap, so not in the switch row)
  switch:    60/80/1580 cyc  30/40/790 ns  (p50/p99/max, n=40002)
  lock-hold: 1664/2304/35680 cyc  832/1153/17856 ns  (p50/p99/max, n=80249)
  lock-site: core=0 site=0x4182c8 max=35680
  irq-probe: line=6 raise=inject on=0 raised=100 hcore=none foreign=0 win=0
  irq:       0/0/0 cyc  0/0/0 ns  (p50/max/max, n=0)
  wcase-probe: line=6 raise=inject on=0 raised=100 hcore=none foreign=0 win=0
  wcase-irq[0B]:    0/0/0 cyc  0/0/0 ns  (p50/max/max, n=0)
  wcase-probe: line=6 raise=inject on=0 raised=100 hcore=none foreign=0 win=0
  wcase-irq[64B]:   0/0/0 cyc  0/0/0 ns  (p50/max/max, n=0)
  wcase-probe: line=6 raise=inject on=0 raised=100 hcore=none foreign=0 win=0
  wcase-irq[256B]:  0/0/0 cyc  0/0/0 ns  (p50/max/max, n=0)
  wcase-probe: line=6 raise=inject on=0 raised=100 hcore=none foreign=0 win=0
  wcase-irq[1024B]: 0/0/0 cyc  0/0/0 ns  (p50/max/max, n=0)
  e2e-settle: settled=2/2
  e2e-probe: line=7 closed=1000 dropped=0 tare=270/547 ns  (min/avg, n=64)
  e2e-passes: asked=1000 raised=1000
  e2e-local: 4096/13312/94695 ns  (p50/p99/max, n=1000)
  xtask ping-pong: 7918 ns/switch  (40000 switches / 316 ms)
  xtask call/reply: 16 B  25978 ns/round-trip  (38493 round-trips/s over 20000 calls / 519 ms)
  spawn/exit: thread 42154 ns  (200 reps / 8 ms)
  spawn/exit: task 90870 ns  (200 reps / 18 ms)
bench: done

KICKOS-EXIT status 0
POLL_OK=1 POLL_MS=5000
