[2J[001;001H[=3h[2J[001;001H[2J[001;001H[8;042;160t[2J[001;001H[2J[001;001H[8;056;240t[2J[001;001HBdsDxe: loading Boot0002 "UEFI QEMU HARDDISK QM00001 " from PciRoot(0x0)/Pci(0x1F,0x2)/Sata(0x0,0xFFFF,0x0)
BdsDxe: starting Boot0002 "UEFI QEMU HARDDISK QM00001 " from PciRoot(0x0)/Pci(0x1F,0x2)/Sata(0x0,0xFFFF,0x0)

KICKOS-X1 8c41d7a2 x86_64/q35 uefi-handover entry
KICKOS-X1 8c41d7a2 x86_64/q35 uefi-handover handover if=1 paging=1 longmode=1 root=1 wp=1 nx=1 nxcap=1
KICKOS-X1 8c41d7a2 x86_64/q35 uefi-handover if_after_cli=0
KICKOS-X1 8c41d7a2 x86_64/q35 uefi-handover firmware=Debian distribution of EDK II
KICKOS-X1 8c41d7a2 x86_64/q35 uefi-handover revision=0x0000000000020046
KICKOS-X1 8c41d7a2 x86_64/q35 uefi-handover map descriptors=109 stride=48 version=1 conventional_pages=117666 arena=0x0000000001800000 arena_pages=107372
KICKOS-X1 8c41d7a2 x86_64/q35 uefi-handover fp found em=0 ts=0 mp=1 osfxsr=1 osxmmexcpt=1 osxsave=0
KICKOS-X1 8c41d7a2 x86_64/q35 uefi-handover fp trapped em=1 ts=1 mp=1 osfxsr=0 osxmmexcpt=0 osxsave=0
KICKOS-X1 8c41d7a2 x86_64/q35 uefi-handover boot services left
KICKOS-X1 8c41d7a2 x86_64/q35 uefi-handover if_after_exit=0
x86_64 app relocation: base=0x0000000000400000 load_delta=0x0000000000000000 app_words=0

  ==============================================
   KickOS 0.5.1  -  microkernel RTOS
  ==============================================
   board   qemu-x86_64
   arch    x86_64
   cpu     x86-64
   mpu     off
   sched   tickless
   build   2026-09-30 10:52:05 +0200
   app     Sep 30 2026 10:49:57 +0200
   commit  af2c68d6
   heap    none
   kstack  4096 B x 33 = 135168 B

microbenchmark: context-switch throughput (all arches) + per-switch cost
+ IRQ-entry latency where a cycle counter exists. Reporter woken by the
workload, not a timer. Telemetry OFF for clean numbers.
cycle counter: 1999353628 Hz (0 = no rate converts a reading; cycles only)

  lock-probe: hold+1 core=0 depth=0  (three nested, one outermost)
  call/reply: 8 B  7837 ns/round-trip  (127598 round-trips/s over 20000 calls / 156 ms)
  call/reply: 16 B  7693 ns/round-trip  (129977 round-trips/s over 20000 calls / 153 ms)
  call/reply: 32 B  7675 ns/round-trip  (130284 round-trips/s over 20000 calls / 153 ms)
  call/reply: 64 B  7739 ns/round-trip  (129209 round-trips/s over 20000 calls / 154 ms)
  call/reply: 128 B  7705 ns/round-trip  (129784 round-trips/s over 20000 calls / 154 ms)
  call/reply: 256 B  7776 ns/round-trip  (128593 round-trips/s over 20000 calls / 155 ms)
  call/reply: 8 B  7649 ns/round-trip  (130735 round-trips/s over 20000 calls / 152 ms) [generic path]
  call/reply: 16 B  7678 ns/round-trip  (130235 round-trips/s over 20000 calls / 153 ms) [generic path]
  call/reply: 32 B  7704 ns/round-trip  (129799 round-trips/s over 20000 calls / 154 ms) [generic path]
  call/reply: 64 B  7730 ns/round-trip  (129359 round-trips/s over 20000 calls / 154 ms) [generic path]
  call/reply: 128 B  7750 ns/round-trip  (129029 round-trips/s over 20000 calls / 155 ms) [generic path]
  call/reply: 256 B  7847 ns/round-trip  (127427 round-trips/s over 20000 calls / 156 ms) [generic path]
  call/reply: 32 B  7996 ns/round-trip  (125059 round-trips/s over 20000 calls / 159 ms) [caller outranks server, D1 donates]
  phase table (44 rows; cyc avg/max, min last and a floor; leaf -= NULL, composite -= NULL + k*(NEST-NULL)):
    NULL             15/4540  min=1  n=260000
    NEST             82/35060  min=60  n=260000
    NEST_LOCK        107/41460  min=100  n=260000
    CALL_TOTAL       14583/2600500  min=14040  n=259999
    CALL_VALIDATE    135/15080  min=120  n=260000
    CALL_LOCKED      14200/2599940  min=13680  n=259999
    CALL_RESOLVE     171/15600  min=140  n=260000
    CALL_PEEK        83/21620  min=60  n=260000
    CALL_PROBE       84/62860  min=80  n=259999
    CALL_POP         71/36960  min=60  n=259999
    CALL_COPY        1359/57500  min=1260  n=259999
    CALL_MINT        1422/189820  min=1340  n=259999
    CALL_MINT_CAP    320/98020  min=280  n=259999
    CALL_MINT_INFO   949/52360  min=900  n=259999
    CALL_DONATE      96/20100  min=80  n=19999
    CALL_PARK        257/61520  min=220  n=259999
    CALL_WAKE        9756/2595560  min=9360  n=259999
    CALL_RESUME      94/15740  min=80  n=260000
    CALL_SLOW_TOTAL  443480/443480  min=443480  n=1
    CALL_SLOW_LOCKED 425700/425700  min=425700  n=1
    CALL_SLOW_DONATE 0/0  min=0  n=0
    CALL_SLOW_PARK   323020/323020  min=323020  n=1
    RECV_LOCKED      9656/1332060  min=9320  n=259999
    RECV_RESOLVE     375/119720  min=340  n=260000
    RECV_SCAN        105/37460  min=80  n=259999
    RECV_PARK        8879/1131520  min=8540  n=259999
    REPLY_TOTAL      75609/615840  min=7660  n=13
    REPLY_VALIDATE   7735/35900  min=1500  n=13
    REPLY_LOCKED     2623/411440  min=2440  n=260000
    REPLY_LOOKUP     337/211880  min=300  n=260000
    REPLY_COPY       1516/37360  min=1400  n=260000
    REPLY_FUNNEL     122/63520  min=100  n=260000
    REPLY_WAKE       288/30020  min=260  n=260000
    REPLY_RECV_TOTAL 13958/1725740  min=13460  n=260000
    REPLY_RECV_TAIL  425/98720  min=380  n=259999
    WAKE_UNPARK      65/27540  min=40  n=520012
    PICK_NEXT        47/15340  min=20  n=520064
    SWITCH_TO        16656/320232960  min=8120  n=520013
    SWITCH_BOOK      116/168840  min=100  n=520039
    MPU_APPLY        104/11500  min=80  n=520039
    MPU_COMMIT       0/0  min=0  n=0
    REENT_SEAT       0/0  min=0  n=0
    KTIME_REARM      60/5440  min=40  n=520039
    ARCH_SWITCH      16026/320230440  min=7520  n=520013
  ns-probe: cyc=4294967295 ns=2148177908 capped=0
  sat-probe: width=64 fits+1/0 wide+0/1 max=1000

  throughput: 499708 ctx-sw/s  (2001 ns/sw avg over 40000 switches / 80 ms)
  switch-probe: fastpath-swaps=0  (swapped inside the trap, so not in the switch row)
  switch:    60/80/1040 cyc  30/40/520 ns  (p50/p99/max, n=40002)
  lock-hold: 1024/2304/108600 cyc  512/1152/54317 ns  (p50/p99/max, n=80246)
  lock-site: core=0 site=0x417d18 max=108600
  irq-probe: line=6 raise=inject on=0 raised=100 hcore=none foreign=0 win=0
  irq:       0/0/0 cyc  0/0/0 ns  (p50/max/max, n=0)
  wcase-probe: line=6 raise=inject on=0 raised=100 hcore=none foreign=0 win=0
  wcase-irq[0B]:    0/0/0 cyc  0/0/0 ns  (p50/max/max, n=0)
  wcase-probe: line=6 raise=inject on=0 raised=100 hcore=none foreign=0 win=0
  wcase-irq[64B]:   0/0/0 cyc  0/0/0 ns  (p50/max/max, n=0)
  wcase-probe: line=6 raise=inject on=0 raised=100 hcore=none foreign=0 win=0
  wcase-irq[256B]:  0/0/0 cyc  0/0/0 ns  (p50/max/max, n=0)
  wcase-probe: line=6 raise=inject on=0 raised=100 hcore=none foreign=0 win=0
  wcase-irq[1024B]: 0/0/0 cyc  0/0/0 ns  (p50/max/max, n=0)
  e2e-settle: settled=2/2
  e2e-probe: line=7 closed=1000 dropped=0 tare=290/569 ns  (min/avg, n=64)
  e2e-passes: asked=1000 raised=1000
  e2e-local: 4096/5632/631784 ns  (p50/p99/max, n=1000)
  throughput: 490360 ctx-sw/s  (2039 ns/sw avg over 40000 switches / 81 ms)
  switch-probe: fastpath-swaps=0  (swapped inside the trap, so not in the switch row)
  switch:    60/80/500 cyc  30/40/250 ns  (p50/p99/max, n=40002)
  lock-hold: 1152/2304/41200 cyc  576/1152/20606 ns  (p50/p99/max, n=80248)
  lock-site: core=0 site=0x417d18 max=41200
  irq-probe: line=6 raise=inject on=0 raised=100 hcore=none foreign=0 win=0
  irq:       0/0/0 cyc  0/0/0 ns  (p50/max/max, n=0)
  wcase-probe: line=6 raise=inject on=0 raised=100 hcore=none foreign=0 win=0
  wcase-irq[0B]:    0/0/0 cyc  0/0/0 ns  (p50/max/max, n=0)
  wcase-probe: line=6 raise=inject on=0 raised=100 hcore=none foreign=0 win=0
  wcase-irq[64B]:   0/0/0 cyc  0/0/0 ns  (p50/max/max, n=0)
  wcase-probe: line=6 raise=inject on=0 raised=100 hcore=none foreign=0 win=0
  wcase-irq[256B]:  0/0/0 cyc  0/0/0 ns  (p50/max/max, n=0)
  wcase-probe: line=6 raise=inject on=0 raised=100 hcore=none foreign=0 win=0
  wcase-irq[1024B]: 0/0/0 cyc  0/0/0 ns  (p50/max/max, n=0)
  e2e-settle: settled=2/2
  e2e-probe: line=7 closed=1000 dropped=0 tare=290/569 ns  (min/avg, n=64)
  e2e-passes: asked=1000 raised=1000
  e2e-local: 4096/13312/76065 ns  (p50/p99/max, n=1000)
  throughput: 503342 ctx-sw/s  (1986 ns/sw avg over 40000 switches / 79 ms)
  switch-probe: fastpath-swaps=0  (swapped inside the trap, so not in the switch row)
  switch:    60/80/440 cyc  30/40/220 ns  (p50/p99/max, n=40002)
  lock-hold: 960/1792/11160 cyc  480/896/5581 ns  (p50/p99/max, n=80248)
  lock-site: core=0 site=0x417d18 max=11160
  irq-probe: line=6 raise=inject on=0 raised=100 hcore=none foreign=0 win=0
  irq:       0/0/0 cyc  0/0/0 ns  (p50/max/max, n=0)
  wcase-probe: line=6 raise=inject on=0 raised=100 hcore=none foreign=0 win=0
  wcase-irq[0B]:    0/0/0 cyc  0/0/0 ns  (p50/max/max, n=0)
  wcase-probe: line=6 raise=inject on=0 raised=100 hcore=none foreign=0 win=0
  wcase-irq[64B]:   0/0/0 cyc  0/0/0 ns  (p50/max/max, n=0)
  wcase-probe: line=6 raise=inject on=0 raised=100 hcore=none foreign=0 win=0
  wcase-irq[256B]:  0/0/0 cyc  0/0/0 ns  (p50/max/max, n=0)
  wcase-probe: line=6 raise=inject on=0 raised=100 hcore=none foreign=0 win=0
  wcase-irq[1024B]: 0/0/0 cyc  0/0/0 ns  (p50/max/max, n=0)
  e2e-settle: settled=2/2
  e2e-probe: line=7 closed=1000 dropped=0 tare=290/569 ns  (min/avg, n=64)
  e2e-passes: asked=1000 raised=1000
  e2e-local: 4096/4096/35321 ns  (p50/p99/max, n=1000)
  xtask ping-pong: 7598 ns/switch  (40000 switches / 303 ms)
  xtask call/reply: 16 B  24593 ns/round-trip  (40661 round-trips/s over 20000 calls / 491 ms)
  spawn/exit: thread 40449 ns  (200 reps / 8 ms)
  spawn/exit: task 88175 ns  (200 reps / 17 ms)
bench: done

KICKOS-EXIT status 0
POLL_OK=1 POLL_MS=4600
