[2J[001;001H[=3h[2J[001;001H[2J[001;001H[8;042;160t[2J[001;001H[2J[001;001H[8;056;240t[2J[001;001HBdsDxe: loading Boot0002 "UEFI QEMU HARDDISK QM00001 " from PciRoot(0x0)/Pci(0x1F,0x2)/Sata(0x0,0xFFFF,0x0)
BdsDxe: starting Boot0002 "UEFI QEMU HARDDISK QM00001 " from PciRoot(0x0)/Pci(0x1F,0x2)/Sata(0x0,0xFFFF,0x0)

KICKOS-X1 8c41d7a2 x86_64/q35 uefi-handover entry
KICKOS-X1 8c41d7a2 x86_64/q35 uefi-handover handover if=1 paging=1 longmode=1 root=1 wp=1 nx=1 nxcap=1
KICKOS-X1 8c41d7a2 x86_64/q35 uefi-handover if_after_cli=0
KICKOS-X1 8c41d7a2 x86_64/q35 uefi-handover firmware=Debian distribution of EDK II
KICKOS-X1 8c41d7a2 x86_64/q35 uefi-handover revision=0x0000000000020046
KICKOS-X1 8c41d7a2 x86_64/q35 uefi-handover map descriptors=109 stride=48 version=1 conventional_pages=117679 arena=0x0000000001800000 arena_pages=107372
KICKOS-X1 8c41d7a2 x86_64/q35 uefi-handover fp found em=0 ts=0 mp=1 osfxsr=1 osxmmexcpt=1 osxsave=0
KICKOS-X1 8c41d7a2 x86_64/q35 uefi-handover fp trapped em=1 ts=1 mp=1 osfxsr=0 osxmmexcpt=0 osxsave=0
KICKOS-X1 8c41d7a2 x86_64/q35 uefi-handover boot services left
KICKOS-X1 8c41d7a2 x86_64/q35 uefi-handover if_after_exit=0
x86_64 app relocation: base=0x0000000000400000 load_delta=0x0000000000000000 app_words=0

  ==============================================
   KickOS 0.5.1  -  microkernel RTOS
  ==============================================
   board   qemu-x86_64
   arch    x86_64
   cpu     x86-64
   mpu     off
   sched   tickless
   build   2026-09-30 09:45:54 +0200
   app     Sep 30 2026 09:45:54 +0200
   commit  10deab0c
   heap    none
   kstack  4096 B x 33 = 135168 B

microbenchmark: context-switch throughput (all arches) + per-switch cost
+ IRQ-entry latency where a cycle counter exists. Reporter woken by the
workload, not a timer. Telemetry OFF for clean numbers.
cycle counter: 1999613742 Hz (0 = no rate converts a reading; cycles only)

  lock-probe: hold+1 core=0 depth=0  (three nested, one outermost)
  call/reply: 8 B  8072 ns/round-trip  (123882 round-trips/s over 20000 calls / 161 ms)
  call/reply: 16 B  7964 ns/round-trip  (125554 round-trips/s over 20000 calls / 159 ms)
  call/reply: 32 B  7976 ns/round-trip  (125362 round-trips/s over 20000 calls / 159 ms)
  call/reply: 64 B  7969 ns/round-trip  (125484 round-trips/s over 20000 calls / 159 ms)
  call/reply: 128 B  8012 ns/round-trip  (124810 round-trips/s over 20000 calls / 160 ms)
  call/reply: 256 B  8049 ns/round-trip  (124226 round-trips/s over 20000 calls / 160 ms)
  call/reply: 8 B  7931 ns/round-trip  (126076 round-trips/s over 20000 calls / 158 ms) [generic path]
  call/reply: 16 B  7906 ns/round-trip  (126470 round-trips/s over 20000 calls / 158 ms) [generic path]
  call/reply: 32 B  7950 ns/round-trip  (125780 round-trips/s over 20000 calls / 159 ms) [generic path]
  call/reply: 64 B  7930 ns/round-trip  (126100 round-trips/s over 20000 calls / 158 ms) [generic path]
  call/reply: 128 B  7941 ns/round-trip  (125920 round-trips/s over 20000 calls / 158 ms) [generic path]
  call/reply: 256 B  8018 ns/round-trip  (124712 round-trips/s over 20000 calls / 160 ms) [generic path]
  call/reply: 32 B  8204 ns/round-trip  (121884 round-trips/s over 20000 calls / 164 ms) [caller outranks server, D1 donates]
  phase table (44 rows; cyc avg/max, min last and a floor; leaf -= NULL, composite -= NULL + k*(NEST-NULL)):
    NULL             15/4240  min=1  n=260000
    NEST             85/26000  min=60  n=260000
    NEST_LOCK        47/41920  min=40  n=260000
    CALL_TOTAL       14898/2375520  min=14300  n=259999
    CALL_VALIDATE    172/44820  min=140  n=260000
    CALL_LOCKED      14387/2374920  min=13800  n=259999
    CALL_RESOLVE     213/18940  min=180  n=260000
    CALL_PEEK        50/21700  min=20  n=260000
    CALL_PROBE       82/28580  min=60  n=259999
    CALL_POP         122/37500  min=100  n=259999
    CALL_COPY        1508/58900  min=1400  n=259999
    CALL_MINT        1414/193220  min=1300  n=259999
    CALL_MINT_CAP    385/113580  min=320  n=259999
    CALL_MINT_INFO   887/123820  min=820  n=259999
    CALL_DONATE      112/20600  min=80  n=19999
    CALL_PARK        243/63960  min=220  n=259999
    CALL_WAKE        9767/2369840  min=9380  n=259999
    CALL_RESUME      154/13820  min=120  n=260000
    CALL_SLOW_TOTAL  441460/441460  min=441460  n=1
    CALL_SLOW_LOCKED 425240/425240  min=425240  n=1
    CALL_SLOW_DONATE 0/0  min=0  n=0
    CALL_SLOW_PARK   323900/323900  min=323900  n=1
    RECV_LOCKED      10063/1371840  min=9640  n=259999
    RECV_RESOLVE     253/93180  min=220  n=260000
    RECV_SCAN        141/41340  min=100  n=259999
    RECV_PARK        9422/1190280  min=9000  n=259999
    REPLY_TOTAL      65506/516700  min=6620  n=13
    REPLY_VALIDATE   5772/37840  min=1040  n=13
    REPLY_LOCKED     2545/406980  min=2380  n=260000
    REPLY_LOOKUP     320/203420  min=280  n=260000
    REPLY_COPY       1522/86920  min=1400  n=260000
    REPLY_FUNNEL     197/65420  min=160  n=260000
    REPLY_WAKE       224/38340  min=200  n=260000
    REPLY_RECV_TOTAL 14495/1774740  min=13860  n=260000
    REPLY_RECV_TAIL  440/98940  min=400  n=259999
    WAKE_UNPARK      68/34440  min=40  n=520012
    PICK_NEXT        48/25120  min=20  n=520064
    SWITCH_TO        17150/328540300  min=8560  n=520013
    SWITCH_BOOK      68/141480  min=40  n=520039
    MPU_APPLY        109/31980  min=80  n=520039
    MPU_COMMIT       0/0  min=0  n=0
    REENT_SEAT       0/0  min=0  n=0
    KTIME_REARM      61/40780  min=40  n=520039
    ARCH_SWITCH      16608/328538180  min=8000  n=520013
  ns-probe: cyc=4294967295 ns=2147898468 capped=0
  sat-probe: width=64 fits+1/0 wide+0/1 max=1000

  throughput: 519708 ctx-sw/s  (1924 ns/sw avg over 40000 switches / 76 ms)
  switch-probe: fastpath-swaps=0  (swapped inside the trap, so not in the switch row)
  switch:    60/80/380 cyc  30/40/190 ns  (p50/p99/max, n=40002)
  lock-hold: 960/1792/31080 cyc  480/896/15543 ns  (p50/p99/max, n=80245)
  lock-site: core=0 site=0x416918 max=31080
  irq-probe: line=6 raise=inject on=0 raised=100 hcore=none foreign=0 win=0
  irq:       0/0/0 cyc  0/0/0 ns  (p50/max/max, n=0)
  wcase-probe: line=6 raise=inject on=0 raised=100 hcore=none foreign=0 win=0
  wcase-irq[0B]:    0/0/0 cyc  0/0/0 ns  (p50/max/max, n=0)
  wcase-probe: line=6 raise=inject on=0 raised=100 hcore=none foreign=0 win=0
  wcase-irq[64B]:   0/0/0 cyc  0/0/0 ns  (p50/max/max, n=0)
  wcase-probe: line=6 raise=inject on=0 raised=100 hcore=none foreign=0 win=0
  wcase-irq[256B]:  0/0/0 cyc  0/0/0 ns  (p50/max/max, n=0)
  wcase-probe: line=6 raise=inject on=0 raised=100 hcore=none foreign=0 win=0
  wcase-irq[1024B]: 0/0/0 cyc  0/0/0 ns  (p50/max/max, n=0)
  e2e-settle: settled=2/2
  e2e-probe: line=7 closed=1000 dropped=0 tare=300/585 ns  (min/avg, n=64)
  e2e-passes: asked=1000 raised=1000
  e2e-local: 4096/4608/614759 ns  (p50/p99/max, n=1000)
  throughput: 519938 ctx-sw/s  (1923 ns/sw avg over 40000 switches / 76 ms)
  switch-probe: fastpath-swaps=0  (swapped inside the trap, so not in the switch row)
  switch:    60/80/400 cyc  30/40/200 ns  (p50/p99/max, n=40002)
  lock-hold: 960/1792/17580 cyc  480/896/8791 ns  (p50/p99/max, n=80248)
  lock-site: core=0 site=0x416918 max=17580
  irq-probe: line=6 raise=inject on=0 raised=100 hcore=none foreign=0 win=0
  irq:       0/0/0 cyc  0/0/0 ns  (p50/max/max, n=0)
  wcase-probe: line=6 raise=inject on=0 raised=100 hcore=none foreign=0 win=0
  wcase-irq[0B]:    0/0/0 cyc  0/0/0 ns  (p50/max/max, n=0)
  wcase-probe: line=6 raise=inject on=0 raised=100 hcore=none foreign=0 win=0
  wcase-irq[64B]:   0/0/0 cyc  0/0/0 ns  (p50/max/max, n=0)
  wcase-probe: line=6 raise=inject on=0 raised=100 hcore=none foreign=0 win=0
  wcase-irq[256B]:  0/0/0 cyc  0/0/0 ns  (p50/max/max, n=0)
  wcase-probe: line=6 raise=inject on=0 raised=100 hcore=none foreign=0 win=0
  wcase-irq[1024B]: 0/0/0 cyc  0/0/0 ns  (p50/max/max, n=0)
  e2e-settle: settled=2/2
  e2e-probe: line=7 closed=1000 dropped=0 tare=300/585 ns  (min/avg, n=64)
  e2e-passes: asked=1000 raised=1000
  e2e-local: 4096/4096/46789 ns  (p50/p99/max, n=1000)
  throughput: 520590 ctx-sw/s  (1920 ns/sw avg over 40000 switches / 76 ms)
  switch-probe: fastpath-swaps=0  (swapped inside the trap, so not in the switch row)
  switch:    60/80/240 cyc  30/40/120 ns  (p50/p99/max, n=40002)
  lock-hold: 896/1792/39260 cyc  448/896/19633 ns  (p50/p99/max, n=80248)
  lock-site: core=0 site=0x416918 max=39260
  irq-probe: line=6 raise=inject on=0 raised=100 hcore=none foreign=0 win=0
  irq:       0/0/0 cyc  0/0/0 ns  (p50/max/max, n=0)
  wcase-probe: line=6 raise=inject on=0 raised=100 hcore=none foreign=0 win=0
  wcase-irq[0B]:    0/0/0 cyc  0/0/0 ns  (p50/max/max, n=0)
  wcase-probe: line=6 raise=inject on=0 raised=100 hcore=none foreign=0 win=0
  wcase-irq[64B]:   0/0/0 cyc  0/0/0 ns  (p50/max/max, n=0)
  wcase-probe: line=6 raise=inject on=0 raised=100 hcore=none foreign=0 win=0
  wcase-irq[256B]:  0/0/0 cyc  0/0/0 ns  (p50/max/max, n=0)
  wcase-probe: line=6 raise=inject on=0 raised=100 hcore=none foreign=0 win=0
  wcase-irq[1024B]: 0/0/0 cyc  0/0/0 ns  (p50/max/max, n=0)
  e2e-settle: settled=2/2
  e2e-probe: line=7 closed=1000 dropped=0 tare=300/585 ns  (min/avg, n=64)
  e2e-passes: asked=1000 raised=1000
  e2e-local: 4096/5120/40728 ns  (p50/p99/max, n=1000)
  xtask ping-pong: 7492 ns/switch  (40000 switches / 299 ms)
  xtask call/reply: 16 B  24371 ns/round-trip  (41032 round-trips/s over 20000 calls / 487 ms)
  spawn/exit: thread 38676 ns  (200 reps / 7 ms)
  spawn/exit: task 86356 ns  (200 reps / 17 ms)
bench: done

KICKOS-EXIT status 0
POLL_OK=1 POLL_MS=4600
