[2J[001;001H[=3h[2J[001;001H[2J[001;001H[8;042;160t[2J[001;001H[2J[001;001H[8;056;240t[2J[001;001HBdsDxe: loading Boot0002 "UEFI QEMU HARDDISK QM00001 " from PciRoot(0x0)/Pci(0x1F,0x2)/Sata(0x0,0xFFFF,0x0)
BdsDxe: starting Boot0002 "UEFI QEMU HARDDISK QM00001 " from PciRoot(0x0)/Pci(0x1F,0x2)/Sata(0x0,0xFFFF,0x0)

KICKOS-X1 8c41d7a2 x86_64/q35 uefi-handover entry
KICKOS-X1 8c41d7a2 x86_64/q35 uefi-handover handover if=1 paging=1 longmode=1 root=1 wp=1 nx=1 nxcap=1
KICKOS-X1 8c41d7a2 x86_64/q35 uefi-handover if_after_cli=0
KICKOS-X1 8c41d7a2 x86_64/q35 uefi-handover firmware=Debian distribution of EDK II
KICKOS-X1 8c41d7a2 x86_64/q35 uefi-handover revision=0x0000000000020046
KICKOS-X1 8c41d7a2 x86_64/q35 uefi-handover map descriptors=109 stride=48 version=1 conventional_pages=117679 arena=0x0000000001800000 arena_pages=107372
KICKOS-X1 8c41d7a2 x86_64/q35 uefi-handover fp found em=0 ts=0 mp=1 osfxsr=1 osxmmexcpt=1 osxsave=0
KICKOS-X1 8c41d7a2 x86_64/q35 uefi-handover fp trapped em=1 ts=1 mp=1 osfxsr=0 osxmmexcpt=0 osxsave=0
KICKOS-X1 8c41d7a2 x86_64/q35 uefi-handover boot services left
KICKOS-X1 8c41d7a2 x86_64/q35 uefi-handover if_after_exit=0
x86_64 app relocation: base=0x0000000000400000 load_delta=0x0000000000000000 app_words=0

  ==============================================
   KickOS 0.5.1  -  microkernel RTOS
  ==============================================
   board   qemu-x86_64
   arch    x86_64
   cpu     x86-64
   mpu     off
   sched   tickless
   build   2026-09-30 09:45:54 +0200
   app     Sep 30 2026 09:45:54 +0200
   commit  10deab0c
   heap    none
   kstack  4096 B x 33 = 135168 B

microbenchmark: context-switch throughput (all arches) + per-switch cost
+ IRQ-entry latency where a cycle counter exists. Reporter woken by the
workload, not a timer. Telemetry OFF for clean numbers.
cycle counter: 2000512208 Hz (0 = no rate converts a reading; cycles only)

  lock-probe: hold+1 core=0 depth=0  (three nested, one outermost)
  call/reply: 8 B  8607 ns/round-trip  (116180 round-trips/s over 20000 calls / 172 ms)
  call/reply: 16 B  7860 ns/round-trip  (127219 round-trips/s over 20000 calls / 157 ms)
  call/reply: 32 B  7863 ns/round-trip  (127172 round-trips/s over 20000 calls / 157 ms)
  call/reply: 64 B  7920 ns/round-trip  (126250 round-trips/s over 20000 calls / 158 ms)
  call/reply: 128 B  7941 ns/round-trip  (125921 round-trips/s over 20000 calls / 158 ms)
  call/reply: 256 B  8060 ns/round-trip  (124059 round-trips/s over 20000 calls / 161 ms)
  call/reply: 8 B  7850 ns/round-trip  (127380 round-trips/s over 20000 calls / 157 ms) [generic path]
  call/reply: 16 B  7819 ns/round-trip  (127877 round-trips/s over 20000 calls / 156 ms) [generic path]
  call/reply: 32 B  7820 ns/round-trip  (127874 round-trips/s over 20000 calls / 156 ms) [generic path]
  call/reply: 64 B  7891 ns/round-trip  (126720 round-trips/s over 20000 calls / 157 ms) [generic path]
  call/reply: 128 B  7935 ns/round-trip  (126020 round-trips/s over 20000 calls / 158 ms) [generic path]
  call/reply: 256 B  8027 ns/round-trip  (124566 round-trips/s over 20000 calls / 160 ms) [generic path]
  call/reply: 32 B  8239 ns/round-trip  (121362 round-trips/s over 20000 calls / 164 ms) [caller outranks server, D1 donates]
  phase table (44 rows; cyc avg/max, min last and a floor; leaf -= NULL, composite -= NULL + k*(NEST-NULL)):
    NULL             15/28180  min=1  n=260000
    NEST             86/28480  min=60  n=260000
    NEST_LOCK        48/40480  min=40  n=260000
    CALL_TOTAL       14878/2366520  min=14100  n=259999
    CALL_VALIDATE    173/14140  min=140  n=260000
    CALL_LOCKED      14347/2365940  min=13580  n=259999
    CALL_RESOLVE     216/15760  min=180  n=260000
    CALL_PEEK        50/21920  min=20  n=260000
    CALL_PROBE       84/28220  min=60  n=259999
    CALL_POP         127/37440  min=100  n=259999
    CALL_COPY        1437/63840  min=1320  n=259999
    CALL_MINT        1372/190760  min=1260  n=259999
    CALL_MINT_CAP    385/98780  min=320  n=259999
    CALL_MINT_INFO   835/52580  min=760  n=259999
    CALL_DONATE      118/24180  min=80  n=19999
    CALL_PARK        251/105360  min=220  n=259999
    CALL_WAKE        9809/2360580  min=9280  n=259999
    CALL_RESUME      155/46240  min=120  n=260000
    CALL_SLOW_TOTAL  518660/518660  min=518660  n=1
    CALL_SLOW_LOCKED 492360/492360  min=492360  n=1
    CALL_SLOW_DONATE 0/0  min=0  n=0
    CALL_SLOW_PARK   389340/389340  min=389340  n=1
    RECV_LOCKED      10088/1273420  min=9600  n=259999
    RECV_RESOLVE     249/91120  min=220  n=260000
    RECV_SCAN        126/39560  min=100  n=259999
    RECV_PARK        9421/1098660  min=8960  n=259999
    REPLY_TOTAL      66127/475220  min=11240  n=13
    REPLY_VALIDATE   8855/39640  min=3440  n=13
    REPLY_LOCKED     2510/402720  min=2300  n=260000
    REPLY_LOOKUP     327/200800  min=299  n=260000
    REPLY_COPY       1459/93160  min=1320  n=260000
    REPLY_FUNNEL     203/108620  min=160  n=260000
    REPLY_WAKE       227/31140  min=200  n=260000
    REPLY_RECV_TOTAL 14473/1691140  min=13740  n=260000
    REPLY_RECV_TAIL  440/138180  min=400  n=259999
    WAKE_UNPARK      62/26900  min=40  n=520012
    PICK_NEXT        46/14700  min=20  n=520064
    SWITCH_TO        17164/345982440  min=8480  n=520013
    SWITCH_BOOK      66/101139  min=40  n=520039
    MPU_APPLY        112/13680  min=80  n=520039
    MPU_COMMIT       0/0  min=0  n=0
    REENT_SEAT       0/0  min=0  n=0
    KTIME_REARM      61/82580  min=40  n=520039
    ARCH_SWITCH      16618/345893100  min=7940  n=520013
  ns-probe: cyc=4294967295 ns=2146933809 capped=0
  sat-probe: width=64 fits+1/0 wide+0/1 max=1000

  throughput: 516543 ctx-sw/s  (1935 ns/sw avg over 40000 switches / 77 ms)
  switch-probe: fastpath-swaps=0  (swapped inside the trap, so not in the switch row)
  switch:    60/80/3640 cyc  29/39/1819 ns  (p50/p99/max, n=40002)
  lock-hold: 960/1792/32500 cyc  479/895/16245 ns  (p50/p99/max, n=80247)
  lock-site: core=0 site=0x409dac max=32500
  irq-probe: line=6 raise=inject on=0 raised=100 hcore=none foreign=0 win=0
  irq:       0/0/0 cyc  0/0/0 ns  (p50/max/max, n=0)
  wcase-probe: line=6 raise=inject on=0 raised=100 hcore=none foreign=0 win=0
  wcase-irq[0B]:    0/0/0 cyc  0/0/0 ns  (p50/max/max, n=0)
  wcase-probe: line=6 raise=inject on=0 raised=100 hcore=none foreign=0 win=0
  wcase-irq[64B]:   0/0/0 cyc  0/0/0 ns  (p50/max/max, n=0)
  wcase-probe: line=6 raise=inject on=0 raised=100 hcore=none foreign=0 win=0
  wcase-irq[256B]:  0/0/0 cyc  0/0/0 ns  (p50/max/max, n=0)
  wcase-probe: line=6 raise=inject on=0 raised=100 hcore=none foreign=0 win=0
  wcase-irq[1024B]: 0/0/0 cyc  0/0/0 ns  (p50/max/max, n=0)
  e2e-settle: settled=2/2
  e2e-probe: line=7 closed=1000 dropped=0 tare=290/586 ns  (min/avg, n=64)
  e2e-passes: asked=1000 raised=1000
  e2e-local: 4096/4096/614013 ns  (p50/p99/max, n=1000)
  throughput: 514649 ctx-sw/s  (1943 ns/sw avg over 40000 switches / 77 ms)
  switch-probe: fastpath-swaps=0  (swapped inside the trap, so not in the switch row)
  switch:    60/80/220 cyc  29/39/109 ns  (p50/p99/max, n=40002)
  lock-hold: 960/1792/25960 cyc  479/895/12976 ns  (p50/p99/max, n=80248)
  lock-site: core=0 site=0x409dac max=25960
  irq-probe: line=6 raise=inject on=0 raised=100 hcore=none foreign=0 win=0
  irq:       0/0/0 cyc  0/0/0 ns  (p50/max/max, n=0)
  wcase-probe: line=6 raise=inject on=0 raised=100 hcore=none foreign=0 win=0
  wcase-irq[0B]:    0/0/0 cyc  0/0/0 ns  (p50/max/max, n=0)
  wcase-probe: line=6 raise=inject on=0 raised=100 hcore=none foreign=0 win=0
  wcase-irq[64B]:   0/0/0 cyc  0/0/0 ns  (p50/max/max, n=0)
  wcase-probe: line=6 raise=inject on=0 raised=100 hcore=none foreign=0 win=0
  wcase-irq[256B]:  0/0/0 cyc  0/0/0 ns  (p50/max/max, n=0)
  wcase-probe: line=6 raise=inject on=0 raised=100 hcore=none foreign=0 win=0
  wcase-irq[1024B]: 0/0/0 cyc  0/0/0 ns  (p50/max/max, n=0)
  e2e-settle: settled=2/2
  e2e-probe: line=7 closed=1000 dropped=0 tare=290/586 ns  (min/avg, n=64)
  e2e-passes: asked=1000 raised=1000
  e2e-local: 4096/4096/49957 ns  (p50/p99/max, n=1000)
  throughput: 509930 ctx-sw/s  (1961 ns/sw avg over 40000 switches / 78 ms)
  switch-probe: fastpath-swaps=0  (swapped inside the trap, so not in the switch row)
  switch:    60/80/400 cyc  29/39/199 ns  (p50/p99/max, n=40002)
  lock-hold: 960/1792/38800 cyc  479/895/19395 ns  (p50/p99/max, n=80248)
  lock-site: core=0 site=0x416918 max=38800
  irq-probe: line=6 raise=inject on=0 raised=100 hcore=none foreign=0 win=0
  irq:       0/0/0 cyc  0/0/0 ns  (p50/max/max, n=0)
  wcase-probe: line=6 raise=inject on=0 raised=100 hcore=none foreign=0 win=0
  wcase-irq[0B]:    0/0/0 cyc  0/0/0 ns  (p50/max/max, n=0)
  wcase-probe: line=6 raise=inject on=0 raised=100 hcore=none foreign=0 win=0
  wcase-irq[64B]:   0/0/0 cyc  0/0/0 ns  (p50/max/max, n=0)
  wcase-probe: line=6 raise=inject on=0 raised=100 hcore=none foreign=0 win=0
  wcase-irq[256B]:  0/0/0 cyc  0/0/0 ns  (p50/max/max, n=0)
  wcase-probe: line=6 raise=inject on=0 raised=100 hcore=none foreign=0 win=0
  wcase-irq[1024B]: 0/0/0 cyc  0/0/0 ns  (p50/max/max, n=0)
  e2e-settle: settled=2/2
  e2e-probe: line=7 closed=1000 dropped=0 tare=290/586 ns  (min/avg, n=64)
  e2e-passes: asked=1000 raised=1000
  e2e-local: 4096/4096/67443 ns  (p50/p99/max, n=1000)
  xtask ping-pong: 7555 ns/switch  (40000 switches / 302 ms)
  xtask call/reply: 16 B  24430 ns/round-trip  (40933 round-trips/s over 20000 calls / 488 ms)
  spawn/exit: thread 38604 ns  (200 reps / 7 ms)
  spawn/exit: task 85600 ns  (200 reps / 17 ms)
bench: done

KICKOS-EXIT status 0
POLL_OK=1 POLL_MS=4600
