[2J[001;001H[=3h[2J[001;001H[2J[001;001H[8;042;160t[2J[001;001H[2J[001;001H[8;056;240t[2J[001;001HBdsDxe: loading Boot0002 "UEFI QEMU HARDDISK QM00001 " from PciRoot(0x0)/Pci(0x1F,0x2)/Sata(0x0,0xFFFF,0x0)
BdsDxe: starting Boot0002 "UEFI QEMU HARDDISK QM00001 " from PciRoot(0x0)/Pci(0x1F,0x2)/Sata(0x0,0xFFFF,0x0)

KICKOS-X1 8c41d7a2 x86_64/q35 uefi-handover entry
KICKOS-X1 8c41d7a2 x86_64/q35 uefi-handover handover if=1 paging=1 longmode=1 root=1 wp=1 nx=1 nxcap=1
KICKOS-X1 8c41d7a2 x86_64/q35 uefi-handover if_after_cli=0
KICKOS-X1 8c41d7a2 x86_64/q35 uefi-handover firmware=Debian distribution of EDK II
KICKOS-X1 8c41d7a2 x86_64/q35 uefi-handover revision=0x0000000000020046
KICKOS-X1 8c41d7a2 x86_64/q35 uefi-handover map descriptors=109 stride=48 version=1 conventional_pages=117659 arena=0x0000000001800000 arena_pages=107372
KICKOS-X1 8c41d7a2 x86_64/q35 uefi-handover fp found em=0 ts=0 mp=1 osfxsr=1 osxmmexcpt=1 osxsave=0
KICKOS-X1 8c41d7a2 x86_64/q35 uefi-handover fp trapped em=1 ts=1 mp=1 osfxsr=0 osxmmexcpt=0 osxsave=0
KICKOS-X1 8c41d7a2 x86_64/q35 uefi-handover boot services left
KICKOS-X1 8c41d7a2 x86_64/q35 uefi-handover if_after_exit=0
x86_64 app relocation: base=0x0000000000400000 load_delta=0x0000000000000000 app_words=0

  ==============================================
   KickOS 0.5.1  -  microkernel RTOS
  ==============================================
   board   qemu-x86_64
   arch    x86_64
   cpu     x86-64
   mpu     off
   sched   tickless
   build   2026-09-30 10:52:07 +0200
   app     Sep 30 2026 10:49:58 +0200
   commit  0d899ff6
   heap    none
   kstack  4096 B x 33 = 135168 B

microbenchmark: context-switch throughput (all arches) + per-switch cost
+ IRQ-entry latency where a cycle counter exists. Reporter woken by the
workload, not a timer. Telemetry OFF for clean numbers.
cycle counter: 1999496810 Hz (0 = no rate converts a reading; cycles only)

  lock-probe: hold+1 core=0 depth=0  (three nested, one outermost)
  call/reply: 8 B  9319 ns/round-trip  (107306 round-trips/s over 20000 calls / 186 ms)
  call/reply: 16 B  9146 ns/round-trip  (109327 round-trips/s over 20000 calls / 182 ms)
  call/reply: 32 B  9155 ns/round-trip  (109219 round-trips/s over 20000 calls / 183 ms)
  call/reply: 64 B  9155 ns/round-trip  (109222 round-trips/s over 20000 calls / 183 ms)
  call/reply: 128 B  9214 ns/round-trip  (108520 round-trips/s over 20000 calls / 184 ms)
  call/reply: 256 B  9298 ns/round-trip  (107539 round-trips/s over 20000 calls / 185 ms)
  call/reply: 8 B  9142 ns/round-trip  (109378 round-trips/s over 20000 calls / 182 ms) [generic path]
  call/reply: 16 B  9127 ns/round-trip  (109560 round-trips/s over 20000 calls / 182 ms) [generic path]
  call/reply: 32 B  9146 ns/round-trip  (109328 round-trips/s over 20000 calls / 182 ms) [generic path]
  call/reply: 64 B  9137 ns/round-trip  (109434 round-trips/s over 20000 calls / 182 ms) [generic path]
  call/reply: 128 B  9136 ns/round-trip  (109453 round-trips/s over 20000 calls / 182 ms) [generic path]
  call/reply: 256 B  9258 ns/round-trip  (108014 round-trips/s over 20000 calls / 185 ms) [generic path]
  call/reply: 32 B  9450 ns/round-trip  (105818 round-trips/s over 20000 calls / 189 ms) [caller outranks server, D1 donates]
  phase table (44 rows; cyc avg/max, min last and a floor; leaf -= NULL, composite -= NULL + k*(NEST-NULL)):
    NULL             15/9200  min=1  n=260000
    NEST             130/31340  min=119  n=260000
    NEST_LOCK        48/42100  min=40  n=260000
    CALL_TOTAL       17508/2614540  min=16680  n=259999
    CALL_VALIDATE    139/113400  min=120  n=260000
    CALL_LOCKED      17012/2613920  min=16200  n=259999
    CALL_RESOLVE     206/110200  min=180  n=260000
    CALL_PEEK        83/21300  min=60  n=260000
    CALL_PROBE       43/29020  min=20  n=259999
    CALL_POP         164/110540  min=140  n=259999
    CALL_COPY        2183/119320  min=2020  n=259999
    CALL_MINT        1687/194860  min=1600  n=259999
    CALL_MINT_CAP    314/100700  min=280  n=259999
    CALL_MINT_INFO   1185/132160  min=1120  n=259999
    CALL_DONATE      94/18520  min=80  n=19999
    CALL_PARK        337/76560  min=300  n=259999
    CALL_WAKE        11191/2608180  min=10620  n=259999
    CALL_RESUME      43/13900  min=20  n=260000
    CALL_SLOW_TOTAL  419620/419620  min=419620  n=1
    CALL_SLOW_LOCKED 402120/402120  min=402120  n=1
    CALL_SLOW_DONATE 0/0  min=0  n=0
    CALL_SLOW_PARK   312660/312660  min=312660  n=1
    RECV_LOCKED      11491/1402540  min=10960  n=259999
    RECV_RESOLVE     491/129380  min=459  n=260000
    RECV_SCAN        176/39200  min=160  n=259999
    RECV_PARK        10574/1187340  min=10060  n=259999
    REPLY_TOTAL      89369/739680  min=11420  n=13
    REPLY_VALIDATE   10666/36800  min=3160  n=13
    REPLY_LOCKED     3322/456360  min=3100  n=260000
    REPLY_LOOKUP     306/208900  min=280  n=260000
    REPLY_COPY       2178/46020  min=2020  n=260000
    REPLY_FUNNEL     129/108180  min=100  n=260000
    REPLY_WAKE       283/71700  min=260  n=260000
    REPLY_RECV_TOTAL 17074/1905940  min=16260  n=260000
    REPLY_RECV_TAIL  258/115880  min=240  n=259999
    WAKE_UNPARK      68/39680  min=40  n=520012
    PICK_NEXT        90/91780  min=80  n=520064
    SWITCH_TO        19633/378619560  min=9620  n=520013
    SWITCH_BOOK      94/170460  min=40  n=520039
    MPU_APPLY        105/14320  min=80  n=520039
    MPU_COMMIT       0/0  min=0  n=0
    REENT_SEAT       0/0  min=0  n=0
    KTIME_REARM      117/39980  min=100  n=520039
    ARCH_SWITCH      18998/378615760  min=9060  n=520013
  ns-probe: cyc=4294967295 ns=2148024079 capped=0
  sat-probe: width=64 fits+1/0 wide+0/1 max=1000

  throughput: 496113 ctx-sw/s  (2015 ns/sw avg over 40000 switches / 80 ms)
  switch-probe: fastpath-swaps=0  (swapped inside the trap, so not in the switch row)
  switch:    60/80/180 cyc  30/40/90 ns  (p50/p99/max, n=40002)
  lock-hold: 1152/1920/52640 cyc  576/960/26326 ns  (p50/p99/max, n=80244)
  lock-site: core=0 site=0x40ad35 max=52640
  irq-probe: line=6 raise=inject on=0 raised=100 hcore=none foreign=0 win=0
  irq:       0/0/0 cyc  0/0/0 ns  (p50/max/max, n=0)
  wcase-probe: line=6 raise=inject on=0 raised=100 hcore=none foreign=0 win=0
  wcase-irq[0B]:    0/0/0 cyc  0/0/0 ns  (p50/max/max, n=0)
  wcase-probe: line=6 raise=inject on=0 raised=100 hcore=none foreign=0 win=0
  wcase-irq[64B]:   0/0/0 cyc  0/0/0 ns  (p50/max/max, n=0)
  wcase-probe: line=6 raise=inject on=0 raised=100 hcore=none foreign=0 win=0
  wcase-irq[256B]:  0/0/0 cyc  0/0/0 ns  (p50/max/max, n=0)
  wcase-probe: line=6 raise=inject on=0 raised=100 hcore=none foreign=0 win=0
  wcase-irq[1024B]: 0/0/0 cyc  0/0/0 ns  (p50/max/max, n=0)
  e2e-settle: settled=2/2
  e2e-probe: line=7 closed=1000 dropped=0 tare=280/568 ns  (min/avg, n=64)
  e2e-passes: asked=1000 raised=1000
  e2e-local: 4096/4096/661907 ns  (p50/p99/max, n=1000)
  throughput: 497384 ctx-sw/s  (2010 ns/sw avg over 40000 switches / 80 ms)
  switch-probe: fastpath-swaps=0  (swapped inside the trap, so not in the switch row)
  switch:    60/80/120 cyc  30/40/60 ns  (p50/p99/max, n=40002)
  lock-hold: 1024/1792/41840 cyc  512/896/20925 ns  (p50/p99/max, n=80247)
  lock-site: core=0 site=0x4182c8 max=41840
  irq-probe: line=6 raise=inject on=0 raised=100 hcore=none foreign=0 win=0
  irq:       0/0/0 cyc  0/0/0 ns  (p50/max/max, n=0)
  wcase-probe: line=6 raise=inject on=0 raised=100 hcore=none foreign=0 win=0
  wcase-irq[0B]:    0/0/0 cyc  0/0/0 ns  (p50/max/max, n=0)
  wcase-probe: line=6 raise=inject on=0 raised=100 hcore=none foreign=0 win=0
  wcase-irq[64B]:   0/0/0 cyc  0/0/0 ns  (p50/max/max, n=0)
  wcase-probe: line=6 raise=inject on=0 raised=100 hcore=none foreign=0 win=0
  wcase-irq[256B]:  0/0/0 cyc  0/0/0 ns  (p50/max/max, n=0)
  wcase-probe: line=6 raise=inject on=0 raised=100 hcore=none foreign=0 win=0
  wcase-irq[1024B]: 0/0/0 cyc  0/0/0 ns  (p50/max/max, n=0)
  e2e-settle: settled=2/2
  e2e-probe: line=7 closed=1000 dropped=0 tare=280/568 ns  (min/avg, n=64)
  e2e-passes: asked=1000 raised=1000
  e2e-local: 4096/4096/56054 ns  (p50/p99/max, n=1000)
  throughput: 498379 ctx-sw/s  (2006 ns/sw avg over 40000 switches / 80 ms)
  switch-probe: fastpath-swaps=0  (swapped inside the trap, so not in the switch row)
  switch:    60/80/220 cyc  30/40/110 ns  (p50/p99/max, n=40002)
  lock-hold: 1024/1792/39680 cyc  512/896/19844 ns  (p50/p99/max, n=80248)
  lock-site: core=0 site=0x4182c8 max=39680
  irq-probe: line=6 raise=inject on=0 raised=100 hcore=none foreign=0 win=0
  irq:       0/0/0 cyc  0/0/0 ns  (p50/max/max, n=0)
  wcase-probe: line=6 raise=inject on=0 raised=100 hcore=none foreign=0 win=0
  wcase-irq[0B]:    0/0/0 cyc  0/0/0 ns  (p50/max/max, n=0)
  wcase-probe: line=6 raise=inject on=0 raised=100 hcore=none foreign=0 win=0
  wcase-irq[64B]:   0/0/0 cyc  0/0/0 ns  (p50/max/max, n=0)
  wcase-probe: line=6 raise=inject on=0 raised=100 hcore=none foreign=0 win=0
  wcase-irq[256B]:  0/0/0 cyc  0/0/0 ns  (p50/max/max, n=0)
  wcase-probe: line=6 raise=inject on=0 raised=100 hcore=none foreign=0 win=0
  wcase-irq[1024B]: 0/0/0 cyc  0/0/0 ns  (p50/max/max, n=0)
  e2e-settle: settled=2/2
  e2e-probe: line=7 closed=1000 dropped=0 tare=280/568 ns  (min/avg, n=64)
  e2e-passes: asked=1000 raised=1000
  e2e-local: 4096/4096/54404 ns  (p50/p99/max, n=1000)
  xtask ping-pong: 7911 ns/switch  (40000 switches / 316 ms)
  xtask call/reply: 16 B  25606 ns/round-trip  (39052 round-trips/s over 20000 calls / 512 ms)
  spawn/exit: thread 42095 ns  (200 reps / 8 ms)
  spawn/exit: task 89003 ns  (200 reps / 17 ms)
bench: done

KICKOS-EXIT status 0
POLL_OK=1 POLL_MS=5000
