[2J[001;001H[=3h[2J[001;001H[2J[001;001H[8;042;160t[2J[001;001H[2J[001;001H[8;056;240t[2J[001;001HBdsDxe: loading Boot0002 "UEFI QEMU HARDDISK QM00001 " from PciRoot(0x0)/Pci(0x1F,0x2)/Sata(0x0,0xFFFF,0x0)
BdsDxe: starting Boot0002 "UEFI QEMU HARDDISK QM00001 " from PciRoot(0x0)/Pci(0x1F,0x2)/Sata(0x0,0xFFFF,0x0)

KICKOS-X1 8c41d7a2 x86_64/q35 uefi-handover entry
KICKOS-X1 8c41d7a2 x86_64/q35 uefi-handover handover if=1 paging=1 longmode=1 root=1 wp=1 nx=1 nxcap=1
KICKOS-X1 8c41d7a2 x86_64/q35 uefi-handover if_after_cli=0
KICKOS-X1 8c41d7a2 x86_64/q35 uefi-handover firmware=Debian distribution of EDK II
KICKOS-X1 8c41d7a2 x86_64/q35 uefi-handover revision=0x0000000000020046
KICKOS-X1 8c41d7a2 x86_64/q35 uefi-handover map descriptors=109 stride=48 version=1 conventional_pages=117659 arena=0x0000000001800000 arena_pages=107372
KICKOS-X1 8c41d7a2 x86_64/q35 uefi-handover fp found em=0 ts=0 mp=1 osfxsr=1 osxmmexcpt=1 osxsave=0
KICKOS-X1 8c41d7a2 x86_64/q35 uefi-handover fp trapped em=1 ts=1 mp=1 osfxsr=0 osxmmexcpt=0 osxsave=0
KICKOS-X1 8c41d7a2 x86_64/q35 uefi-handover boot services left
KICKOS-X1 8c41d7a2 x86_64/q35 uefi-handover if_after_exit=0
x86_64 app relocation: base=0x0000000000400000 load_delta=0x0000000000000000 app_words=0

  ==============================================
   KickOS 0.5.1  -  microkernel RTOS
  ==============================================
   board   qemu-x86_64
   arch    x86_64
   cpu     x86-64
   mpu     off
   sched   tickless
   build   2026-09-30 10:52:07 +0200
   app     Sep 30 2026 10:49:58 +0200
   commit  0d899ff6
   heap    none
   kstack  4096 B x 33 = 135168 B

microbenchmark: context-switch throughput (all arches) + per-switch cost
+ IRQ-entry latency where a cycle counter exists. Reporter woken by the
workload, not a timer. Telemetry OFF for clean numbers.
cycle counter: 1998137179 Hz (0 = no rate converts a reading; cycles only)

  lock-probe: hold+1 core=0 depth=0  (three nested, one outermost)
  call/reply: 8 B  9347 ns/round-trip  (106976 round-trips/s over 20000 calls / 186 ms)
  call/reply: 16 B  9162 ns/round-trip  (109144 round-trips/s over 20000 calls / 183 ms)
  call/reply: 32 B  9170 ns/round-trip  (109039 round-trips/s over 20000 calls / 183 ms)
  call/reply: 64 B  9291 ns/round-trip  (107623 round-trips/s over 20000 calls / 185 ms)
  call/reply: 128 B  9257 ns/round-trip  (108017 round-trips/s over 20000 calls / 185 ms)
  call/reply: 256 B  9340 ns/round-trip  (107066 round-trips/s over 20000 calls / 186 ms)
  call/reply: 8 B  9217 ns/round-trip  (108493 round-trips/s over 20000 calls / 184 ms) [generic path]
  call/reply: 16 B  9168 ns/round-trip  (109068 round-trips/s over 20000 calls / 183 ms) [generic path]
  call/reply: 32 B  9184 ns/round-trip  (108883 round-trips/s over 20000 calls / 183 ms) [generic path]
  call/reply: 64 B  9207 ns/round-trip  (108612 round-trips/s over 20000 calls / 184 ms) [generic path]
  call/reply: 128 B  9254 ns/round-trip  (108059 round-trips/s over 20000 calls / 185 ms) [generic path]
  call/reply: 256 B  9361 ns/round-trip  (106823 round-trips/s over 20000 calls / 187 ms) [generic path]
  call/reply: 32 B  9417 ns/round-trip  (106183 round-trips/s over 20000 calls / 188 ms) [caller outranks server, D1 donates]
  phase table (44 rows; cyc avg/max, min last and a floor; leaf -= NULL, composite -= NULL + k*(NEST-NULL)):
    NULL             15/5960  min=1  n=260000
    NEST             129/25240  min=119  n=260000
    NEST_LOCK        49/40000  min=40  n=260000
    CALL_TOTAL       17594/2586500  min=17000  n=259999
    CALL_VALIDATE    139/14260  min=120  n=260000
    CALL_LOCKED      17108/2585880  min=16499  n=259999
    CALL_RESOLVE     215/47860  min=180  n=260000
    CALL_PEEK        83/21180  min=60  n=260000
    CALL_PROBE       43/27860  min=20  n=259999
    CALL_POP         162/44420  min=140  n=259999
    CALL_COPY        2195/116380  min=2020  n=259999
    CALL_MINT        1689/190140  min=1600  n=259999
    CALL_MINT_CAP    316/98420  min=280  n=259999
    CALL_MINT_INFO   1189/62420  min=1120  n=259999
    CALL_DONATE      93/20560  min=80  n=19999
    CALL_PARK        357/62900  min=320  n=259999
    CALL_WAKE        11249/2580040  min=10860  n=259999
    CALL_RESUME      42/39740  min=20  n=260000
    CALL_SLOW_TOTAL  461520/461520  min=461520  n=1
    CALL_SLOW_LOCKED 443380/443380  min=443380  n=1
    CALL_SLOW_DONATE 0/0  min=0  n=0
    CALL_SLOW_PARK   341940/341940  min=341940  n=1
    RECV_LOCKED      11576/1291360  min=11180  n=259999
    RECV_RESOLVE     505/122040  min=459  n=260000
    RECV_SCAN        175/37700  min=160  n=259999
    RECV_PARK        10649/1088360  min=10280  n=259999
    REPLY_TOTAL      52612/300100  min=11360  n=13
    REPLY_VALIDATE   7126/33720  min=1520  n=13
    REPLY_LOCKED     3343/454700  min=3140  n=260000
    REPLY_LOOKUP     312/253520  min=280  n=260000
    REPLY_COPY       2191/112360  min=2040  n=260000
    REPLY_FUNNEL     134/127640  min=100  n=260000
    REPLY_WAKE       285/29640  min=260  n=260000
    REPLY_RECV_TOTAL 17178/1687300  min=16580  n=260000
    REPLY_RECV_TAIL  257/99680  min=240  n=259999
    WAKE_UNPARK      68/26600  min=40  n=520012
    PICK_NEXT        91/14380  min=40  n=520064
    SWITCH_TO        19742/376653960  min=9820  n=520013
    SWITCH_BOOK      98/49760  min=40  n=520039
    MPU_APPLY        104/11740  min=80  n=520039
    MPU_COMMIT       0/0  min=0  n=0
    REENT_SEAT       0/0  min=0  n=0
    KTIME_REARM      115/14840  min=100  n=520039
    ARCH_SWITCH      19107/376651580  min=9240  n=520013
  ns-probe: cyc=4294967295 ns=2149485701 capped=0
  sat-probe: width=64 fits+1/0 wide+0/1 max=1000

  throughput: 478625 ctx-sw/s  (2089 ns/sw avg over 40000 switches / 83 ms)
  switch-probe: fastpath-swaps=0  (swapped inside the trap, so not in the switch row)
  switch:    60/80/200 cyc  30/40/100 ns  (p50/p99/max, n=40002)
  lock-hold: 1152/1920/21980 cyc  576/960/11000 ns  (p50/p99/max, n=80245)
  lock-site: core=0 site=0x40ad35 max=21980
  irq-probe: line=6 raise=inject on=0 raised=100 hcore=none foreign=0 win=0
  irq:       0/0/0 cyc  0/0/0 ns  (p50/max/max, n=0)
  wcase-probe: line=6 raise=inject on=0 raised=100 hcore=none foreign=0 win=0
  wcase-irq[0B]:    0/0/0 cyc  0/0/0 ns  (p50/max/max, n=0)
  wcase-probe: line=6 raise=inject on=0 raised=100 hcore=none foreign=0 win=0
  wcase-irq[64B]:   0/0/0 cyc  0/0/0 ns  (p50/max/max, n=0)
  wcase-probe: line=6 raise=inject on=0 raised=100 hcore=none foreign=0 win=0
  wcase-irq[256B]:  0/0/0 cyc  0/0/0 ns  (p50/max/max, n=0)
  wcase-probe: line=6 raise=inject on=0 raised=100 hcore=none foreign=0 win=0
  wcase-irq[1024B]: 0/0/0 cyc  0/0/0 ns  (p50/max/max, n=0)
  e2e-settle: settled=2/2
  e2e-probe: line=7 closed=1000 dropped=0 tare=270/546 ns  (min/avg, n=64)
  e2e-passes: asked=1000 raised=1000
  e2e-local: 4096/4096/642008 ns  (p50/p99/max, n=1000)
  throughput: 483989 ctx-sw/s  (2066 ns/sw avg over 40000 switches / 82 ms)
  switch-probe: fastpath-swaps=0  (swapped inside the trap, so not in the switch row)
  switch:    60/80/260 cyc  30/40/130 ns  (p50/p99/max, n=40002)
  lock-hold: 832/1920/14160 cyc  416/960/7086 ns  (p50/p99/max, n=80248)
  lock-site: core=0 site=0x4182c8 max=14160
  irq-probe: line=6 raise=inject on=0 raised=100 hcore=none foreign=0 win=0
  irq:       0/0/0 cyc  0/0/0 ns  (p50/max/max, n=0)
  wcase-probe: line=6 raise=inject on=0 raised=100 hcore=none foreign=0 win=0
  wcase-irq[0B]:    0/0/0 cyc  0/0/0 ns  (p50/max/max, n=0)
  wcase-probe: line=6 raise=inject on=0 raised=100 hcore=none foreign=0 win=0
  wcase-irq[64B]:   0/0/0 cyc  0/0/0 ns  (p50/max/max, n=0)
  wcase-probe: line=6 raise=inject on=0 raised=100 hcore=none foreign=0 win=0
  wcase-irq[256B]:  0/0/0 cyc  0/0/0 ns  (p50/max/max, n=0)
  wcase-probe: line=6 raise=inject on=0 raised=100 hcore=none foreign=0 win=0
  wcase-irq[1024B]: 0/0/0 cyc  0/0/0 ns  (p50/max/max, n=0)
  e2e-settle: settled=2/2
  e2e-probe: line=7 closed=1000 dropped=0 tare=270/546 ns  (min/avg, n=64)
  e2e-passes: asked=1000 raised=1000
  e2e-local: 4096/4096/26124 ns  (p50/p99/max, n=1000)
  throughput: 485512 ctx-sw/s  (2059 ns/sw avg over 40000 switches / 82 ms)
  switch-probe: fastpath-swaps=0  (swapped inside the trap, so not in the switch row)
  switch:    60/80/240 cyc  30/40/120 ns  (p50/p99/max, n=40002)
  lock-hold: 1024/1920/32000 cyc  512/960/16014 ns  (p50/p99/max, n=80248)
  lock-site: core=0 site=0x4182c8 max=32000
  irq-probe: line=6 raise=inject on=0 raised=100 hcore=none foreign=0 win=0
  irq:       0/0/0 cyc  0/0/0 ns  (p50/max/max, n=0)
  wcase-probe: line=6 raise=inject on=0 raised=100 hcore=none foreign=0 win=0
  wcase-irq[0B]:    0/0/0 cyc  0/0/0 ns  (p50/max/max, n=0)
  wcase-probe: line=6 raise=inject on=0 raised=100 hcore=none foreign=0 win=0
  wcase-irq[64B]:   0/0/0 cyc  0/0/0 ns  (p50/max/max, n=0)
  wcase-probe: line=6 raise=inject on=0 raised=100 hcore=none foreign=0 win=0
  wcase-irq[256B]:  0/0/0 cyc  0/0/0 ns  (p50/max/max, n=0)
  wcase-probe: line=6 raise=inject on=0 raised=100 hcore=none foreign=0 win=0
  wcase-irq[1024B]: 0/0/0 cyc  0/0/0 ns  (p50/max/max, n=0)
  e2e-settle: settled=2/2
  e2e-probe: line=7 closed=1000 dropped=0 tare=270/546 ns  (min/avg, n=64)
  e2e-passes: asked=1000 raised=1000
  e2e-local: 4096/4096/25944 ns  (p50/p99/max, n=1000)
  xtask ping-pong: 7754 ns/switch  (40000 switches / 310 ms)
  xtask call/reply: 16 B  25851 ns/round-trip  (38681 round-trips/s over 20000 calls / 517 ms)
  spawn/exit: thread 42364 ns  (200 reps / 8 ms)
  spawn/exit: task 89963 ns  (200 reps / 17 ms)
bench: done

KICKOS-EXIT status 0
POLL_OK=1 POLL_MS=5000
