[2J[001;001H[=3h[2J[001;001H[2J[001;001H[8;042;160t[2J[001;001H[2J[001;001H[8;056;240t[2J[001;001HBdsDxe: loading Boot0002 "UEFI QEMU HARDDISK QM00001 " from PciRoot(0x0)/Pci(0x1F,0x2)/Sata(0x0,0xFFFF,0x0)
BdsDxe: starting Boot0002 "UEFI QEMU HARDDISK QM00001 " from PciRoot(0x0)/Pci(0x1F,0x2)/Sata(0x0,0xFFFF,0x0)

KICKOS-X1 8c41d7a2 x86_64/q35 uefi-handover entry
KICKOS-X1 8c41d7a2 x86_64/q35 uefi-handover handover if=1 paging=1 longmode=1 root=1 wp=1 nx=1 nxcap=1
KICKOS-X1 8c41d7a2 x86_64/q35 uefi-handover if_after_cli=0
KICKOS-X1 8c41d7a2 x86_64/q35 uefi-handover firmware=Debian distribution of EDK II
KICKOS-X1 8c41d7a2 x86_64/q35 uefi-handover revision=0x0000000000020046
KICKOS-X1 8c41d7a2 x86_64/q35 uefi-handover map descriptors=109 stride=48 version=1 conventional_pages=117679 arena=0x0000000001800000 arena_pages=107372
KICKOS-X1 8c41d7a2 x86_64/q35 uefi-handover fp found em=0 ts=0 mp=1 osfxsr=1 osxmmexcpt=1 osxsave=0
KICKOS-X1 8c41d7a2 x86_64/q35 uefi-handover fp trapped em=1 ts=1 mp=1 osfxsr=0 osxmmexcpt=0 osxsave=0
KICKOS-X1 8c41d7a2 x86_64/q35 uefi-handover boot services left
KICKOS-X1 8c41d7a2 x86_64/q35 uefi-handover if_after_exit=0
x86_64 app relocation: base=0x0000000000400000 load_delta=0x0000000000000000 app_words=0

  ==============================================
   KickOS 0.5.1  -  microkernel RTOS
  ==============================================
   board   qemu-x86_64
   arch    x86_64
   cpu     x86-64
   mpu     off
   sched   tickless
   build   2026-09-30 09:45:54 +0200
   app     Sep 30 2026 09:45:54 +0200
   commit  10deab0c
   heap    none
   kstack  4096 B x 33 = 135168 B

microbenchmark: context-switch throughput (all arches) + per-switch cost
+ IRQ-entry latency where a cycle counter exists. Reporter woken by the
workload, not a timer. Telemetry OFF for clean numbers.
cycle counter: 1999696668 Hz (0 = no rate converts a reading; cycles only)

  lock-probe: hold+1 core=0 depth=0  (three nested, one outermost)
  call/reply: 8 B  8060 ns/round-trip  (124065 round-trips/s over 20000 calls / 161 ms)
  call/reply: 16 B  7967 ns/round-trip  (125513 round-trips/s over 20000 calls / 159 ms)
  call/reply: 32 B  7988 ns/round-trip  (125181 round-trips/s over 20000 calls / 159 ms)
  call/reply: 64 B  7884 ns/round-trip  (126827 round-trips/s over 20000 calls / 157 ms)
  call/reply: 128 B  7924 ns/round-trip  (126187 round-trips/s over 20000 calls / 158 ms)
  call/reply: 256 B  8013 ns/round-trip  (124787 round-trips/s over 20000 calls / 160 ms)
  call/reply: 8 B  7893 ns/round-trip  (126694 round-trips/s over 20000 calls / 157 ms) [generic path]
  call/reply: 16 B  7808 ns/round-trip  (128062 round-trips/s over 20000 calls / 156 ms) [generic path]
  call/reply: 32 B  7851 ns/round-trip  (127357 round-trips/s over 20000 calls / 157 ms) [generic path]
  call/reply: 64 B  7870 ns/round-trip  (127052 round-trips/s over 20000 calls / 157 ms) [generic path]
  call/reply: 128 B  7893 ns/round-trip  (126684 round-trips/s over 20000 calls / 157 ms) [generic path]
  call/reply: 256 B  7920 ns/round-trip  (126249 round-trips/s over 20000 calls / 158 ms) [generic path]
  call/reply: 32 B  8135 ns/round-trip  (122923 round-trips/s over 20000 calls / 162 ms) [caller outranks server, D1 donates]
  phase table (44 rows; cyc avg/max, min last and a floor; leaf -= NULL, composite -= NULL + k*(NEST-NULL)):
    NULL             15/4220  min=1  n=260000
    NEST             86/25440  min=79  n=260000
    NEST_LOCK        47/40480  min=40  n=260000
    CALL_TOTAL       14793/2473000  min=14120  n=259999
    CALL_VALIDATE    172/14960  min=140  n=260000
    CALL_LOCKED      14285/2472320  min=13620  n=259999
    CALL_RESOLVE     216/16060  min=180  n=260000
    CALL_PEEK        49/22420  min=20  n=260000
    CALL_PROBE       82/28160  min=60  n=259999
    CALL_POP         125/37260  min=100  n=259999
    CALL_COPY        1453/123200  min=1320  n=259999
    CALL_MINT        1382/189980  min=1280  n=259999
    CALL_MINT_CAP    373/99120  min=319  n=259999
    CALL_MINT_INFO   866/83500  min=800  n=259999
    CALL_DONATE      123/20200  min=80  n=19999
    CALL_PARK        241/62540  min=220  n=259999
    CALL_WAKE        9741/2467140  min=9300  n=259999
    CALL_RESUME      152/14020  min=120  n=260000
    CALL_SLOW_TOTAL  438020/438020  min=438020  n=1
    CALL_SLOW_LOCKED 420700/420700  min=420700  n=1
    CALL_SLOW_DONATE 0/0  min=0  n=0
    CALL_SLOW_PARK   319380/319380  min=319380  n=1
    RECV_LOCKED      9995/1307640  min=9520  n=259999
    RECV_RESOLVE     249/90840  min=220  n=260000
    RECV_SCAN        142/54660  min=100  n=259999
    RECV_PARK        9360/1133020  min=8900  n=259999
    REPLY_TOTAL      60633/481380  min=5600  n=13
    REPLY_VALIDATE   5310/41340  min=1120  n=13
    REPLY_LOCKED     2507/403020  min=2340  n=260000
    REPLY_LOOKUP     328/200420  min=280  n=260000
    REPLY_COPY       1469/65840  min=1340  n=260000
    REPLY_FUNNEL     201/63960  min=160  n=260000
    REPLY_WAKE       222/31180  min=200  n=260000
    REPLY_RECV_TOTAL 14375/1696980  min=13720  n=260000
    REPLY_RECV_TAIL  434/100240  min=400  n=259999
    WAKE_UNPARK      63/27040  min=40  n=520012
    PICK_NEXT        45/15940  min=20  n=520064
    SWITCH_TO        17058/325798400  min=8460  n=520013
    SWITCH_BOOK      74/86899  min=59  n=520039
    MPU_APPLY        112/31680  min=80  n=520039
    MPU_COMMIT       0/0  min=0  n=0
    REENT_SEAT       0/0  min=0  n=0
    KTIME_REARM      61/25800  min=40  n=520039
    ARCH_SWITCH      16509/325796080  min=7900  n=520013
  ns-probe: cyc=4294967295 ns=2147809397 capped=0
  sat-probe: width=64 fits+1/0 wide+0/1 max=1000

  throughput: 512540 ctx-sw/s  (1951 ns/sw avg over 40000 switches / 78 ms)
  switch-probe: fastpath-swaps=0  (swapped inside the trap, so not in the switch row)
  switch:    60/80/100 cyc  30/40/50 ns  (p50/p99/max, n=40002)
  lock-hold: 704/1792/13360 cyc  352/896/6681 ns  (p50/p99/max, n=80244)
  lock-site: core=0 site=0x416918 max=13360
  irq-probe: line=6 raise=inject on=0 raised=100 hcore=none foreign=0 win=0
  irq:       0/0/0 cyc  0/0/0 ns  (p50/max/max, n=0)
  wcase-probe: line=6 raise=inject on=0 raised=100 hcore=none foreign=0 win=0
  wcase-irq[0B]:    0/0/0 cyc  0/0/0 ns  (p50/max/max, n=0)
  wcase-probe: line=6 raise=inject on=0 raised=100 hcore=none foreign=0 win=0
  wcase-irq[64B]:   0/0/0 cyc  0/0/0 ns  (p50/max/max, n=0)
  wcase-probe: line=6 raise=inject on=0 raised=100 hcore=none foreign=0 win=0
  wcase-irq[256B]:  0/0/0 cyc  0/0/0 ns  (p50/max/max, n=0)
  wcase-probe: line=6 raise=inject on=0 raised=100 hcore=none foreign=0 win=0
  wcase-irq[1024B]: 0/0/0 cyc  0/0/0 ns  (p50/max/max, n=0)
  e2e-settle: settled=2/2
  e2e-probe: line=7 closed=1000 dropped=0 tare=290/568 ns  (min/avg, n=64)
  e2e-passes: asked=1000 raised=1000
  e2e-local: 4096/4096/609013 ns  (p50/p99/max, n=1000)
  throughput: 501167 ctx-sw/s  (1995 ns/sw avg over 40000 switches / 79 ms)
  switch-probe: fastpath-swaps=0  (swapped inside the trap, so not in the switch row)
  switch:    60/80/120 cyc  30/40/60 ns  (p50/p99/max, n=40002)
  lock-hold: 704/1920/12760 cyc  352/960/6380 ns  (p50/p99/max, n=80247)
  lock-site: core=0 site=0x416918 max=12760
  irq-probe: line=6 raise=inject on=0 raised=100 hcore=none foreign=0 win=0
  irq:       0/0/0 cyc  0/0/0 ns  (p50/max/max, n=0)
  wcase-probe: line=6 raise=inject on=0 raised=100 hcore=none foreign=0 win=0
  wcase-irq[0B]:    0/0/0 cyc  0/0/0 ns  (p50/max/max, n=0)
  wcase-probe: line=6 raise=inject on=0 raised=100 hcore=none foreign=0 win=0
  wcase-irq[64B]:   0/0/0 cyc  0/0/0 ns  (p50/max/max, n=0)
  wcase-probe: line=6 raise=inject on=0 raised=100 hcore=none foreign=0 win=0
  wcase-irq[256B]:  0/0/0 cyc  0/0/0 ns  (p50/max/max, n=0)
  wcase-probe: line=6 raise=inject on=0 raised=100 hcore=none foreign=0 win=0
  wcase-irq[1024B]: 0/0/0 cyc  0/0/0 ns  (p50/max/max, n=0)
  e2e-settle: settled=2/2
  e2e-probe: line=7 closed=1000 dropped=0 tare=290/568 ns  (min/avg, n=64)
  e2e-passes: asked=1000 raised=1000
  e2e-local: 4096/4096/51698 ns  (p50/p99/max, n=1000)
  throughput: 514439 ctx-sw/s  (1943 ns/sw avg over 40000 switches / 77 ms)
  switch-probe: fastpath-swaps=0  (swapped inside the trap, so not in the switch row)
  switch:    60/80/200 cyc  30/40/100 ns  (p50/p99/max, n=40002)
  lock-hold: 1024/1792/12600 cyc  512/896/6300 ns  (p50/p99/max, n=80248)
  lock-site: core=0 site=0x416918 max=12600
  irq-probe: line=6 raise=inject on=0 raised=100 hcore=none foreign=0 win=0
  irq:       0/0/0 cyc  0/0/0 ns  (p50/max/max, n=0)
  wcase-probe: line=6 raise=inject on=0 raised=100 hcore=none foreign=0 win=0
  wcase-irq[0B]:    0/0/0 cyc  0/0/0 ns  (p50/max/max, n=0)
  wcase-probe: line=6 raise=inject on=0 raised=100 hcore=none foreign=0 win=0
  wcase-irq[64B]:   0/0/0 cyc  0/0/0 ns  (p50/max/max, n=0)
  wcase-probe: line=6 raise=inject on=0 raised=100 hcore=none foreign=0 win=0
  wcase-irq[256B]:  0/0/0 cyc  0/0/0 ns  (p50/max/max, n=0)
  wcase-probe: line=6 raise=inject on=0 raised=100 hcore=none foreign=0 win=0
  wcase-irq[1024B]: 0/0/0 cyc  0/0/0 ns  (p50/max/max, n=0)
  e2e-settle: settled=2/2
  e2e-probe: line=7 closed=1000 dropped=0 tare=290/568 ns  (min/avg, n=64)
  e2e-passes: asked=1000 raised=1000
  e2e-local: 4096/4096/46167 ns  (p50/p99/max, n=1000)
  xtask ping-pong: 7580 ns/switch  (40000 switches / 303 ms)
  xtask call/reply: 16 B  24814 ns/round-trip  (40298 round-trips/s over 20000 calls / 496 ms)
  spawn/exit: thread 38822 ns  (200 reps / 7 ms)
  spawn/exit: task 85777 ns  (200 reps / 17 ms)
bench: done

KICKOS-EXIT status 0
POLL_OK=1 POLL_MS=4600
