[2J[001;001H[=3h[2J[001;001H[2J[001;001H[8;042;160t[2J[001;001H[2J[001;001H[8;056;240t[2J[001;001HBdsDxe: loading Boot0002 "UEFI QEMU HARDDISK QM00001 " from PciRoot(0x0)/Pci(0x1F,0x2)/Sata(0x0,0xFFFF,0x0)
BdsDxe: starting Boot0002 "UEFI QEMU HARDDISK QM00001 " from PciRoot(0x0)/Pci(0x1F,0x2)/Sata(0x0,0xFFFF,0x0)

KICKOS-X1 8c41d7a2 x86_64/q35 uefi-handover entry
KICKOS-X1 8c41d7a2 x86_64/q35 uefi-handover handover if=1 paging=1 longmode=1 root=1 wp=1 nx=1 nxcap=1
KICKOS-X1 8c41d7a2 x86_64/q35 uefi-handover if_after_cli=0
KICKOS-X1 8c41d7a2 x86_64/q35 uefi-handover firmware=Debian distribution of EDK II
KICKOS-X1 8c41d7a2 x86_64/q35 uefi-handover revision=0x0000000000020046
KICKOS-X1 8c41d7a2 x86_64/q35 uefi-handover map descriptors=109 stride=48 version=1 conventional_pages=117655 arena=0x0000000001800000 arena_pages=107372
KICKOS-X1 8c41d7a2 x86_64/q35 uefi-handover fp found em=0 ts=0 mp=1 osfxsr=1 osxmmexcpt=1 osxsave=0
KICKOS-X1 8c41d7a2 x86_64/q35 uefi-handover fp trapped em=1 ts=1 mp=1 osfxsr=0 osxmmexcpt=0 osxsave=0
KICKOS-X1 8c41d7a2 x86_64/q35 uefi-handover boot services left
KICKOS-X1 8c41d7a2 x86_64/q35 uefi-handover if_after_exit=0
x86_64 app relocation: base=0x0000000000400000 load_delta=0x0000000000000000 app_words=0

  ==============================================
   KickOS 0.5.1  -  microkernel RTOS
  ==============================================
   board   qemu-x86_64
   arch    x86_64
   cpu     x86-64-v3
   mpu     off
   sched   tickless
   build   2026-09-30 09:45:56 +0200
   app     Sep 30 2026 09:45:57 +0200
   commit  628de9cb
   heap    none
   kstack  4096 B x 33 = 135168 B

microbenchmark: context-switch throughput (all arches) + per-switch cost
+ IRQ-entry latency where a cycle counter exists. Reporter woken by the
workload, not a timer. Telemetry OFF for clean numbers.
cycle counter: 1998214736 Hz (0 = no rate converts a reading; cycles only)

  lock-probe: hold+1 core=0 depth=0  (three nested, one outermost)
  call/reply: 8 B  8734 ns/round-trip  (114488 round-trips/s over 20000 calls / 174 ms)
  call/reply: 16 B  8805 ns/round-trip  (113564 round-trips/s over 20000 calls / 176 ms)
  call/reply: 32 B  8669 ns/round-trip  (115341 round-trips/s over 20000 calls / 173 ms)
  call/reply: 64 B  8669 ns/round-trip  (115345 round-trips/s over 20000 calls / 173 ms)
  call/reply: 128 B  8696 ns/round-trip  (114991 round-trips/s over 20000 calls / 173 ms)
  call/reply: 256 B  8799 ns/round-trip  (113640 round-trips/s over 20000 calls / 175 ms)
  call/reply: 8 B  8610 ns/round-trip  (116137 round-trips/s over 20000 calls / 172 ms) [generic path]
  call/reply: 16 B  8730 ns/round-trip  (114542 round-trips/s over 20000 calls / 174 ms) [generic path]
  call/reply: 32 B  8689 ns/round-trip  (115080 round-trips/s over 20000 calls / 173 ms) [generic path]
  call/reply: 64 B  8748 ns/round-trip  (114302 round-trips/s over 20000 calls / 174 ms) [generic path]
  call/reply: 128 B  8645 ns/round-trip  (115668 round-trips/s over 20000 calls / 172 ms) [generic path]
  call/reply: 256 B  8780 ns/round-trip  (113882 round-trips/s over 20000 calls / 175 ms) [generic path]
  call/reply: 32 B  8881 ns/round-trip  (112589 round-trips/s over 20000 calls / 177 ms) [caller outranks server, D1 donates]
  phase table (44 rows; cyc avg/max, min last and a floor; leaf -= NULL, composite -= NULL + k*(NEST-NULL)):
    NULL             15/5420  min=1  n=260000
    NEST             85/27600  min=79  n=260000
    NEST_LOCK        47/41440  min=40  n=260000
    CALL_TOTAL       16263/2555620  min=15600  n=259999
    CALL_VALIDATE    179/14740  min=160  n=260000
    CALL_LOCKED      15786/2554979  min=15100  n=259999
    CALL_RESOLVE     205/20900  min=180  n=260000
    CALL_PEEK        93/32220  min=80  n=260000
    CALL_PROBE       43/28780  min=20  n=259999
    CALL_POP         174/42320  min=140  n=259999
    CALL_COPY        1727/59500  min=1600  n=259999
    CALL_MINT        1375/192340  min=1320  n=259999
    CALL_MINT_CAP    220/99280  min=200  n=259999
    CALL_MINT_INFO   976/52340  min=920  n=259999
    CALL_DONATE      95/21000  min=80  n=19999
    CALL_PARK        393/71480  min=360  n=259999
    CALL_WAKE        10695/2549880  min=10200  n=259999
    CALL_RESUME      93/13660  min=80  n=260000
    CALL_SLOW_TOTAL  460960/460960  min=460960  n=1
    CALL_SLOW_LOCKED 441940/441940  min=441940  n=1
    CALL_SLOW_DONATE 0/0  min=0  n=0
    CALL_SLOW_PARK   340920/340920  min=340920  n=1
    RECV_LOCKED      11344/1659680  min=10860  n=259999
    RECV_RESOLVE     458/192700  min=400  n=260000
    RECV_SCAN        187/40520  min=160  n=259999
    RECV_PARK        10448/1384580  min=10000  n=259999
    REPLY_TOTAL      67706/550040  min=6380  n=13
    REPLY_VALIDATE   6683/36700  min=1740  n=13
    REPLY_LOCKED     2788/412560  min=2640  n=260000
    REPLY_LOOKUP     350/210460  min=320  n=260000
    REPLY_COPY       1632/77020  min=1500  n=260000
    REPLY_FUNNEL     192/62980  min=140  n=260000
    REPLY_WAKE       279/30420  min=200  n=260000
    REPLY_RECV_TOTAL 16051/2061620  min=15420  n=260000
    REPLY_RECV_TAIL  262/100000  min=240  n=259999
    WAKE_UNPARK      111/51960  min=40  n=520012
    PICK_NEXT        48/14980  min=20  n=520064
    SWITCH_TO        18758/355418160  min=9420  n=520013
    SWITCH_BOOK      77/136840  min=40  n=520039
    MPU_APPLY        181/30020  min=100  n=520039
    MPU_COMMIT       0/0  min=0  n=0
    REENT_SEAT       0/0  min=0  n=0
    KTIME_REARM      117/34120  min=100  n=520039
    ARCH_SWITCH      18069/355415660  min=8700  n=520013
  ns-probe: cyc=4294967295 ns=2149402272 capped=0
  sat-probe: width=64 fits+1/0 wide+0/1 max=1000

  throughput: 465747 ctx-sw/s  (2147 ns/sw avg over 40000 switches / 85 ms)
  switch-probe: fastpath-swaps=0  (swapped inside the trap, so not in the switch row)
  switch:    60/80/18800 cyc  30/40/9408 ns  (p50/p99/max, n=40002)
  lock-hold: 1024/2048/44760 cyc  512/1024/22399 ns  (p50/p99/max, n=80248)
  lock-site: core=0 site=0x418288 max=44760
  irq-probe: line=6 raise=inject on=0 raised=100 hcore=none foreign=0 win=0
  irq:       0/0/0 cyc  0/0/0 ns  (p50/max/max, n=0)
  wcase-probe: line=6 raise=inject on=0 raised=100 hcore=none foreign=0 win=0
  wcase-irq[0B]:    0/0/0 cyc  0/0/0 ns  (p50/max/max, n=0)
  wcase-probe: line=6 raise=inject on=0 raised=100 hcore=none foreign=0 win=0
  wcase-irq[64B]:   0/0/0 cyc  0/0/0 ns  (p50/max/max, n=0)
  wcase-probe: line=6 raise=inject on=0 raised=100 hcore=none foreign=0 win=0
  wcase-irq[256B]:  0/0/0 cyc  0/0/0 ns  (p50/max/max, n=0)
  wcase-probe: line=6 raise=inject on=0 raised=100 hcore=none foreign=0 win=0
  wcase-irq[1024B]: 0/0/0 cyc  0/0/0 ns  (p50/max/max, n=0)
  e2e-settle: settled=2/2
  e2e-probe: line=7 closed=1000 dropped=0 tare=300/575 ns  (min/avg, n=64)
  e2e-passes: asked=1000 raised=1000
  e2e-local: 4096/4608/622456 ns  (p50/p99/max, n=1000)
  throughput: 464532 ctx-sw/s  (2152 ns/sw avg over 40000 switches / 86 ms)
  switch-probe: fastpath-swaps=0  (swapped inside the trap, so not in the switch row)
  switch:    60/80/28020 cyc  30/40/14022 ns  (p50/p99/max, n=40002)
  lock-hold: 1024/2048/38680 cyc  512/1024/19357 ns  (p50/p99/max, n=80252)
  lock-site: core=0 site=0x418288 max=38680
  irq-probe: line=6 raise=inject on=0 raised=100 hcore=none foreign=0 win=0
  irq:       0/0/0 cyc  0/0/0 ns  (p50/max/max, n=0)
  wcase-probe: line=6 raise=inject on=0 raised=100 hcore=none foreign=0 win=0
  wcase-irq[0B]:    0/0/0 cyc  0/0/0 ns  (p50/max/max, n=0)
  wcase-probe: line=6 raise=inject on=0 raised=100 hcore=none foreign=0 win=0
  wcase-irq[64B]:   0/0/0 cyc  0/0/0 ns  (p50/max/max, n=0)
  wcase-probe: line=6 raise=inject on=0 raised=100 hcore=none foreign=0 win=0
  wcase-irq[256B]:  0/0/0 cyc  0/0/0 ns  (p50/max/max, n=0)
  wcase-probe: line=6 raise=inject on=0 raised=100 hcore=none foreign=0 win=0
  wcase-irq[1024B]: 0/0/0 cyc  0/0/0 ns  (p50/max/max, n=0)
  e2e-settle: settled=2/2
  e2e-probe: line=7 closed=1000 dropped=0 tare=300/575 ns  (min/avg, n=64)
  e2e-passes: asked=1000 raised=1000
  e2e-local: 4096/4096/35012 ns  (p50/p99/max, n=1000)
  throughput: 465127 ctx-sw/s  (2149 ns/sw avg over 40000 switches / 85 ms)
  switch-probe: fastpath-swaps=0  (swapped inside the trap, so not in the switch row)
  switch:    60/80/440 cyc  30/40/220 ns  (p50/p99/max, n=40002)
  lock-hold: 1280/2048/22840 cyc  640/1024/11430 ns  (p50/p99/max, n=80248)
  lock-site: core=0 site=0x418288 max=22840
  irq-probe: line=6 raise=inject on=0 raised=100 hcore=none foreign=0 win=0
  irq:       0/0/0 cyc  0/0/0 ns  (p50/max/max, n=0)
  wcase-probe: line=6 raise=inject on=0 raised=100 hcore=none foreign=0 win=0
  wcase-irq[0B]:    0/0/0 cyc  0/0/0 ns  (p50/max/max, n=0)
  wcase-probe: line=6 raise=inject on=0 raised=100 hcore=none foreign=0 win=0
  wcase-irq[64B]:   0/0/0 cyc  0/0/0 ns  (p50/max/max, n=0)
  wcase-probe: line=6 raise=inject on=0 raised=100 hcore=none foreign=0 win=0
  wcase-irq[256B]:  0/0/0 cyc  0/0/0 ns  (p50/max/max, n=0)
  wcase-probe: line=6 raise=inject on=0 raised=100 hcore=none foreign=0 win=0
  wcase-irq[1024B]: 0/0/0 cyc  0/0/0 ns  (p50/max/max, n=0)
  e2e-settle: settled=2/2
  e2e-probe: line=7 closed=1000 dropped=0 tare=300/575 ns  (min/avg, n=64)
  e2e-passes: asked=1000 raised=1000
  e2e-local: 4096/4096/33109 ns  (p50/p99/max, n=1000)
  xtask ping-pong: 7902 ns/switch  (40000 switches / 316 ms)
  xtask call/reply: 16 B  25600 ns/round-trip  (39061 round-trips/s over 20000 calls / 512 ms)
  spawn/exit: thread 46475 ns  (200 reps / 9 ms)
  spawn/exit: task 90366 ns  (200 reps / 18 ms)
bench: done

KICKOS-EXIT status 0
POLL_OK=1 POLL_MS=4800
